# Logfile created on Thu Dec 11 14:41:27 -0800 2008 by /
  [4;36;1mSQL (0.3ms)[0m   [0;1mselect sqlite_version(*)[0m
  [4;35;1mSQL (0.2ms)[0m   [0m SELECT name
 FROM sqlite_master
 WHERE type = 'table' AND NOT name = 'sqlite_sequence'
[0m
  [4;36;1mSQL (0.4ms)[0m   [0;1mCREATE TABLE "addresses" ("id" INTEGER PRIMARY KEY AUTOINCREMENT NOT NULL, "name" varchar(255), "addressable_id" integer, "addressable_type" varchar(255)) [0m
  [4;35;1mSQL (0.2ms)[0m   [0m SELECT name
 FROM sqlite_master
 WHERE type = 'table' AND NOT name = 'sqlite_sequence'
[0m
  [4;36;1mSQL (0.2ms)[0m   [0;1mCREATE TABLE "users" ("id" INTEGER PRIMARY KEY AUTOINCREMENT NOT NULL, "name" varchar(255)) [0m
  [4;35;1mSQL (0.2ms)[0m   [0m SELECT name
 FROM sqlite_master
 WHERE type = 'table' AND NOT name = 'sqlite_sequence'
[0m
  [4;36;1mSQL (0.2ms)[0m   [0;1mCREATE TABLE "roles_users" ("user_id" integer, "role_id" integer) [0m
  [4;35;1mSQL (0.3ms)[0m   [0m SELECT name
 FROM sqlite_master
 WHERE type = 'table' AND NOT name = 'sqlite_sequence'
[0m
  [4;36;1mSQL (0.2ms)[0m   [0;1mCREATE TABLE "services" ("id" INTEGER PRIMARY KEY AUTOINCREMENT NOT NULL, "name" varchar(255)) [0m
  [4;35;1mSQL (0.3ms)[0m   [0m SELECT name
 FROM sqlite_master
 WHERE type = 'table' AND NOT name = 'sqlite_sequence'
[0m
  [4;36;1mSQL (0.2ms)[0m   [0;1mCREATE TABLE "subscriptions" ("id" INTEGER PRIMARY KEY AUTOINCREMENT NOT NULL, "name" varchar(255), "service_id" integer, "user_id" integer) [0m
  [4;35;1mSQL (0.4ms)[0m   [0m SELECT name
 FROM sqlite_master
 WHERE type = 'table' AND NOT name = 'sqlite_sequence'
[0m
  [4;36;1mSQL (0.2ms)[0m   [0;1mCREATE TABLE "roles" ("id" INTEGER PRIMARY KEY AUTOINCREMENT NOT NULL, "name" varchar(255)) [0m
  [4;35;1mSQL (0.5ms)[0m   [0m SELECT name
 FROM sqlite_master
 WHERE type = 'table' AND NOT name = 'sqlite_sequence'
[0m
  [4;36;1mSQL (0.2ms)[0m   [0;1mCREATE TABLE "schema_migrations" ("version" varchar(255) NOT NULL) [0m
  [4;35;1mSQL (0.2ms)[0m   [0mCREATE UNIQUE INDEX "unique_schema_migrations" ON "schema_migrations" ("version")[0m
  [4;36;1mSQL (0.6ms)[0m   [0;1m SELECT name
 FROM sqlite_master
 WHERE type = 'table' AND NOT name = 'sqlite_sequence'
[0m
  [4;35;1mSQL (0.1ms)[0m   [0mSELECT version FROM "schema_migrations"[0m
  [4;36;1mSQL (0.1ms)[0m   [0;1mINSERT INTO "schema_migrations" (version) VALUES ('1')[0m
Unable to load roles_user, underlying cause no such file to load -- roles_user.rb 

 /usr/lib/ruby/gems/1.8/gems/activesupport-2.2.2/lib/active_support/dependencies.rb:382:in `load_without_new_constant_marking'
/usr/lib/ruby/gems/1.8/gems/activesupport-2.2.2/lib/active_support/dependencies.rb:382:in `load_file'
/usr/lib/ruby/gems/1.8/gems/activesupport-2.2.2/lib/active_support/dependencies.rb:521:in `new_constants_in'
/usr/lib/ruby/gems/1.8/gems/activesupport-2.2.2/lib/active_support/dependencies.rb:381:in `load_file'
/usr/lib/ruby/gems/1.8/gems/activesupport-2.2.2/lib/active_support/dependencies.rb:256:in `require_or_load'
/usr/lib/ruby/gems/1.8/gems/activesupport-2.2.2/lib/active_support/dependencies.rb:221:in `depend_on'
/usr/lib/ruby/gems/1.8/gems/activesupport-2.2.2/lib/active_support/dependencies.rb:133:in `require_dependency'
/usr/lib/ruby/gems/1.8/gems/activerecord-2.2.2/lib/active_record/fixtures.rb:856:in `try_to_load_dependency'
/usr/lib/ruby/gems/1.8/gems/activerecord-2.2.2/lib/active_record/fixtures.rb:871:in `require_fixture_classes'
/usr/lib/ruby/gems/1.8/gems/activerecord-2.2.2/lib/active_record/fixtures.rb:868:in `each'
/usr/lib/ruby/gems/1.8/gems/activerecord-2.2.2/lib/active_record/fixtures.rb:868:in `require_fixture_classes'
/usr/lib/ruby/gems/1.8/gems/activerecord-2.2.2/lib/active_record/fixtures.rb:851:in `fixtures'
./test/unit/../test_helper.rb:31
./test/unit/nested_assignment_test.rb:1:in `require'
./test/unit/nested_assignment_test.rb:1
/usr/lib/ruby/gems/1.8/gems/rake-0.8.3/lib/rake/rake_test_loader.rb:5:in `load'
/usr/lib/ruby/gems/1.8/gems/rake-0.8.3/lib/rake/rake_test_loader.rb:5
/usr/lib/ruby/gems/1.8/gems/rake-0.8.3/lib/rake/rake_test_loader.rb:5:in `each'
/usr/lib/ruby/gems/1.8/gems/rake-0.8.3/lib/rake/rake_test_loader.rb:5
Unable to load service, underlying cause no such file to load -- service.rb 

 /usr/lib/ruby/gems/1.8/gems/activesupport-2.2.2/lib/active_support/dependencies.rb:382:in `load_without_new_constant_marking'
/usr/lib/ruby/gems/1.8/gems/activesupport-2.2.2/lib/active_support/dependencies.rb:382:in `load_file'
/usr/lib/ruby/gems/1.8/gems/activesupport-2.2.2/lib/active_support/dependencies.rb:521:in `new_constants_in'
/usr/lib/ruby/gems/1.8/gems/activesupport-2.2.2/lib/active_support/dependencies.rb:381:in `load_file'
/usr/lib/ruby/gems/1.8/gems/activesupport-2.2.2/lib/active_support/dependencies.rb:256:in `require_or_load'
/usr/lib/ruby/gems/1.8/gems/activesupport-2.2.2/lib/active_support/dependencies.rb:221:in `depend_on'
/usr/lib/ruby/gems/1.8/gems/activesupport-2.2.2/lib/active_support/dependencies.rb:133:in `require_dependency'
/usr/lib/ruby/gems/1.8/gems/activerecord-2.2.2/lib/active_record/fixtures.rb:856:in `try_to_load_dependency'
/usr/lib/ruby/gems/1.8/gems/activerecord-2.2.2/lib/active_record/fixtures.rb:871:in `require_fixture_classes'
/usr/lib/ruby/gems/1.8/gems/activerecord-2.2.2/lib/active_record/fixtures.rb:868:in `each'
/usr/lib/ruby/gems/1.8/gems/activerecord-2.2.2/lib/active_record/fixtures.rb:868:in `require_fixture_classes'
/usr/lib/ruby/gems/1.8/gems/activerecord-2.2.2/lib/active_record/fixtures.rb:851:in `fixtures'
./test/unit/../test_helper.rb:31
./test/unit/nested_assignment_test.rb:1:in `require'
./test/unit/nested_assignment_test.rb:1
/usr/lib/ruby/gems/1.8/gems/rake-0.8.3/lib/rake/rake_test_loader.rb:5:in `load'
/usr/lib/ruby/gems/1.8/gems/rake-0.8.3/lib/rake/rake_test_loader.rb:5
/usr/lib/ruby/gems/1.8/gems/rake-0.8.3/lib/rake/rake_test_loader.rb:5:in `each'
/usr/lib/ruby/gems/1.8/gems/rake-0.8.3/lib/rake/rake_test_loader.rb:5
Unable to load subscription, underlying cause no such file to load -- subscription.rb 

 /usr/lib/ruby/gems/1.8/gems/activesupport-2.2.2/lib/active_support/dependencies.rb:382:in `load_without_new_constant_marking'
/usr/lib/ruby/gems/1.8/gems/activesupport-2.2.2/lib/active_support/dependencies.rb:382:in `load_file'
/usr/lib/ruby/gems/1.8/gems/activesupport-2.2.2/lib/active_support/dependencies.rb:521:in `new_constants_in'
/usr/lib/ruby/gems/1.8/gems/activesupport-2.2.2/lib/active_support/dependencies.rb:381:in `load_file'
/usr/lib/ruby/gems/1.8/gems/activesupport-2.2.2/lib/active_support/dependencies.rb:256:in `require_or_load'
/usr/lib/ruby/gems/1.8/gems/activesupport-2.2.2/lib/active_support/dependencies.rb:221:in `depend_on'
/usr/lib/ruby/gems/1.8/gems/activesupport-2.2.2/lib/active_support/dependencies.rb:133:in `require_dependency'
/usr/lib/ruby/gems/1.8/gems/activerecord-2.2.2/lib/active_record/fixtures.rb:856:in `try_to_load_dependency'
/usr/lib/ruby/gems/1.8/gems/activerecord-2.2.2/lib/active_record/fixtures.rb:871:in `require_fixture_classes'
/usr/lib/ruby/gems/1.8/gems/activerecord-2.2.2/lib/active_record/fixtures.rb:868:in `each'
/usr/lib/ruby/gems/1.8/gems/activerecord-2.2.2/lib/active_record/fixtures.rb:868:in `require_fixture_classes'
/usr/lib/ruby/gems/1.8/gems/activerecord-2.2.2/lib/active_record/fixtures.rb:851:in `fixtures'
./test/unit/../test_helper.rb:31
./test/unit/nested_assignment_test.rb:1:in `require'
./test/unit/nested_assignment_test.rb:1
/usr/lib/ruby/gems/1.8/gems/rake-0.8.3/lib/rake/rake_test_loader.rb:5:in `load'
/usr/lib/ruby/gems/1.8/gems/rake-0.8.3/lib/rake/rake_test_loader.rb:5
/usr/lib/ruby/gems/1.8/gems/rake-0.8.3/lib/rake/rake_test_loader.rb:5:in `each'
/usr/lib/ruby/gems/1.8/gems/rake-0.8.3/lib/rake/rake_test_loader.rb:5
Unable to load address, underlying cause no such file to load -- address.rb 

 /usr/lib/ruby/gems/1.8/gems/activesupport-2.2.2/lib/active_support/dependencies.rb:382:in `load_without_new_constant_marking'
/usr/lib/ruby/gems/1.8/gems/activesupport-2.2.2/lib/active_support/dependencies.rb:382:in `load_file'
/usr/lib/ruby/gems/1.8/gems/activesupport-2.2.2/lib/active_support/dependencies.rb:521:in `new_constants_in'
/usr/lib/ruby/gems/1.8/gems/activesupport-2.2.2/lib/active_support/dependencies.rb:381:in `load_file'
/usr/lib/ruby/gems/1.8/gems/activesupport-2.2.2/lib/active_support/dependencies.rb:256:in `require_or_load'
/usr/lib/ruby/gems/1.8/gems/activesupport-2.2.2/lib/active_support/dependencies.rb:221:in `depend_on'
/usr/lib/ruby/gems/1.8/gems/activesupport-2.2.2/lib/active_support/dependencies.rb:133:in `require_dependency'
/usr/lib/ruby/gems/1.8/gems/activerecord-2.2.2/lib/active_record/fixtures.rb:856:in `try_to_load_dependency'
/usr/lib/ruby/gems/1.8/gems/activerecord-2.2.2/lib/active_record/fixtures.rb:871:in `require_fixture_classes'
/usr/lib/ruby/gems/1.8/gems/activerecord-2.2.2/lib/active_record/fixtures.rb:868:in `each'
/usr/lib/ruby/gems/1.8/gems/activerecord-2.2.2/lib/active_record/fixtures.rb:868:in `require_fixture_classes'
/usr/lib/ruby/gems/1.8/gems/activerecord-2.2.2/lib/active_record/fixtures.rb:851:in `fixtures'
./test/unit/../test_helper.rb:31
./test/unit/nested_assignment_test.rb:1:in `require'
./test/unit/nested_assignment_test.rb:1
/usr/lib/ruby/gems/1.8/gems/rake-0.8.3/lib/rake/rake_test_loader.rb:5:in `load'
/usr/lib/ruby/gems/1.8/gems/rake-0.8.3/lib/rake/rake_test_loader.rb:5
/usr/lib/ruby/gems/1.8/gems/rake-0.8.3/lib/rake/rake_test_loader.rb:5:in `each'
/usr/lib/ruby/gems/1.8/gems/rake-0.8.3/lib/rake/rake_test_loader.rb:5
Unable to load user, underlying cause no such file to load -- user.rb 

 /usr/lib/ruby/gems/1.8/gems/activesupport-2.2.2/lib/active_support/dependencies.rb:382:in `load_without_new_constant_marking'
/usr/lib/ruby/gems/1.8/gems/activesupport-2.2.2/lib/active_support/dependencies.rb:382:in `load_file'
/usr/lib/ruby/gems/1.8/gems/activesupport-2.2.2/lib/active_support/dependencies.rb:521:in `new_constants_in'
/usr/lib/ruby/gems/1.8/gems/activesupport-2.2.2/lib/active_support/dependencies.rb:381:in `load_file'
/usr/lib/ruby/gems/1.8/gems/activesupport-2.2.2/lib/active_support/dependencies.rb:256:in `require_or_load'
/usr/lib/ruby/gems/1.8/gems/activesupport-2.2.2/lib/active_support/dependencies.rb:221:in `depend_on'
/usr/lib/ruby/gems/1.8/gems/activesupport-2.2.2/lib/active_support/dependencies.rb:133:in `require_dependency'
/usr/lib/ruby/gems/1.8/gems/activerecord-2.2.2/lib/active_record/fixtures.rb:856:in `try_to_load_dependency'
/usr/lib/ruby/gems/1.8/gems/activerecord-2.2.2/lib/active_record/fixtures.rb:871:in `require_fixture_classes'
/usr/lib/ruby/gems/1.8/gems/activerecord-2.2.2/lib/active_record/fixtures.rb:868:in `each'
/usr/lib/ruby/gems/1.8/gems/activerecord-2.2.2/lib/active_record/fixtures.rb:868:in `require_fixture_classes'
/usr/lib/ruby/gems/1.8/gems/activerecord-2.2.2/lib/active_record/fixtures.rb:851:in `fixtures'
./test/unit/../test_helper.rb:31
./test/unit/nested_assignment_test.rb:1:in `require'
./test/unit/nested_assignment_test.rb:1
/usr/lib/ruby/gems/1.8/gems/rake-0.8.3/lib/rake/rake_test_loader.rb:5:in `load'
/usr/lib/ruby/gems/1.8/gems/rake-0.8.3/lib/rake/rake_test_loader.rb:5
/usr/lib/ruby/gems/1.8/gems/rake-0.8.3/lib/rake/rake_test_loader.rb:5:in `each'
/usr/lib/ruby/gems/1.8/gems/rake-0.8.3/lib/rake/rake_test_loader.rb:5
Unable to load role, underlying cause no such file to load -- role.rb 

 /usr/lib/ruby/gems/1.8/gems/activesupport-2.2.2/lib/active_support/dependencies.rb:382:in `load_without_new_constant_marking'
/usr/lib/ruby/gems/1.8/gems/activesupport-2.2.2/lib/active_support/dependencies.rb:382:in `load_file'
/usr/lib/ruby/gems/1.8/gems/activesupport-2.2.2/lib/active_support/dependencies.rb:521:in `new_constants_in'
/usr/lib/ruby/gems/1.8/gems/activesupport-2.2.2/lib/active_support/dependencies.rb:381:in `load_file'
/usr/lib/ruby/gems/1.8/gems/activesupport-2.2.2/lib/active_support/dependencies.rb:256:in `require_or_load'
/usr/lib/ruby/gems/1.8/gems/activesupport-2.2.2/lib/active_support/dependencies.rb:221:in `depend_on'
/usr/lib/ruby/gems/1.8/gems/activesupport-2.2.2/lib/active_support/dependencies.rb:133:in `require_dependency'
/usr/lib/ruby/gems/1.8/gems/activerecord-2.2.2/lib/active_record/fixtures.rb:856:in `try_to_load_dependency'
/usr/lib/ruby/gems/1.8/gems/activerecord-2.2.2/lib/active_record/fixtures.rb:871:in `require_fixture_classes'
/usr/lib/ruby/gems/1.8/gems/activerecord-2.2.2/lib/active_record/fixtures.rb:868:in `each'
/usr/lib/ruby/gems/1.8/gems/activerecord-2.2.2/lib/active_record/fixtures.rb:868:in `require_fixture_classes'
/usr/lib/ruby/gems/1.8/gems/activerecord-2.2.2/lib/active_record/fixtures.rb:851:in `fixtures'
./test/unit/../test_helper.rb:31
./test/unit/nested_assignment_test.rb:1:in `require'
./test/unit/nested_assignment_test.rb:1
/usr/lib/ruby/gems/1.8/gems/rake-0.8.3/lib/rake/rake_test_loader.rb:5:in `load'
/usr/lib/ruby/gems/1.8/gems/rake-0.8.3/lib/rake/rake_test_loader.rb:5
/usr/lib/ruby/gems/1.8/gems/rake-0.8.3/lib/rake/rake_test_loader.rb:5:in `each'
/usr/lib/ruby/gems/1.8/gems/rake-0.8.3/lib/rake/rake_test_loader.rb:5
  [4;36;1mSQL (0.3ms)[0m   [0;1mselect sqlite_version(*)[0m
  [4;35;1mSQL (0.2ms)[0m   [0m SELECT name
 FROM sqlite_master
 WHERE type = 'table' AND NOT name = 'sqlite_sequence'
[0m
  [4;36;1mSQL (0.4ms)[0m   [0;1mCREATE TABLE "addresses" ("id" INTEGER PRIMARY KEY AUTOINCREMENT NOT NULL, "name" varchar(255), "addressable_id" integer, "addressable_type" varchar(255)) [0m
  [4;35;1mSQL (0.2ms)[0m   [0m SELECT name
 FROM sqlite_master
 WHERE type = 'table' AND NOT name = 'sqlite_sequence'
[0m
  [4;36;1mSQL (0.2ms)[0m   [0;1mCREATE TABLE "users" ("id" INTEGER PRIMARY KEY AUTOINCREMENT NOT NULL, "name" varchar(255)) [0m
  [4;35;1mSQL (0.2ms)[0m   [0m SELECT name
 FROM sqlite_master
 WHERE type = 'table' AND NOT name = 'sqlite_sequence'
[0m
  [4;36;1mSQL (0.2ms)[0m   [0;1mCREATE TABLE "roles_users" ("user_id" integer, "role_id" integer) [0m
  [4;35;1mSQL (0.3ms)[0m   [0m SELECT name
 FROM sqlite_master
 WHERE type = 'table' AND NOT name = 'sqlite_sequence'
[0m
  [4;36;1mSQL (0.2ms)[0m   [0;1mCREATE TABLE "services" ("id" INTEGER PRIMARY KEY AUTOINCREMENT NOT NULL, "name" varchar(255)) [0m
  [4;35;1mSQL (0.4ms)[0m   [0m SELECT name
 FROM sqlite_master
 WHERE type = 'table' AND NOT name = 'sqlite_sequence'
[0m
  [4;36;1mSQL (0.2ms)[0m   [0;1mCREATE TABLE "subscriptions" ("id" INTEGER PRIMARY KEY AUTOINCREMENT NOT NULL, "name" varchar(255), "service_id" integer, "user_id" integer) [0m
  [4;35;1mSQL (0.4ms)[0m   [0m SELECT name
 FROM sqlite_master
 WHERE type = 'table' AND NOT name = 'sqlite_sequence'
[0m
  [4;36;1mSQL (0.2ms)[0m   [0;1mCREATE TABLE "roles" ("id" INTEGER PRIMARY KEY AUTOINCREMENT NOT NULL, "name" varchar(255)) [0m
  [4;35;1mSQL (0.5ms)[0m   [0m SELECT name
 FROM sqlite_master
 WHERE type = 'table' AND NOT name = 'sqlite_sequence'
[0m
  [4;36;1mSQL (0.2ms)[0m   [0;1mCREATE TABLE "schema_migrations" ("version" varchar(255) NOT NULL) [0m
  [4;35;1mSQL (0.2ms)[0m   [0mCREATE UNIQUE INDEX "unique_schema_migrations" ON "schema_migrations" ("version")[0m
  [4;36;1mSQL (0.5ms)[0m   [0;1m SELECT name
 FROM sqlite_master
 WHERE type = 'table' AND NOT name = 'sqlite_sequence'
[0m
  [4;35;1mSQL (0.1ms)[0m   [0mSELECT version FROM "schema_migrations"[0m
  [4;36;1mSQL (0.1ms)[0m   [0;1mINSERT INTO "schema_migrations" (version) VALUES ('1')[0m
Unable to load roles_user, underlying cause no such file to load -- roles_user.rb 

 /usr/lib/ruby/gems/1.8/gems/activesupport-2.2.2/lib/active_support/dependencies.rb:382:in `load_without_new_constant_marking'
/usr/lib/ruby/gems/1.8/gems/activesupport-2.2.2/lib/active_support/dependencies.rb:382:in `load_file'
/usr/lib/ruby/gems/1.8/gems/activesupport-2.2.2/lib/active_support/dependencies.rb:521:in `new_constants_in'
/usr/lib/ruby/gems/1.8/gems/activesupport-2.2.2/lib/active_support/dependencies.rb:381:in `load_file'
/usr/lib/ruby/gems/1.8/gems/activesupport-2.2.2/lib/active_support/dependencies.rb:256:in `require_or_load'
/usr/lib/ruby/gems/1.8/gems/activesupport-2.2.2/lib/active_support/dependencies.rb:221:in `depend_on'
/usr/lib/ruby/gems/1.8/gems/activesupport-2.2.2/lib/active_support/dependencies.rb:133:in `require_dependency'
/usr/lib/ruby/gems/1.8/gems/activerecord-2.2.2/lib/active_record/fixtures.rb:856:in `try_to_load_dependency'
/usr/lib/ruby/gems/1.8/gems/activerecord-2.2.2/lib/active_record/fixtures.rb:871:in `require_fixture_classes'
/usr/lib/ruby/gems/1.8/gems/activerecord-2.2.2/lib/active_record/fixtures.rb:868:in `each'
/usr/lib/ruby/gems/1.8/gems/activerecord-2.2.2/lib/active_record/fixtures.rb:868:in `require_fixture_classes'
/usr/lib/ruby/gems/1.8/gems/activerecord-2.2.2/lib/active_record/fixtures.rb:851:in `fixtures'
./test/unit/../test_helper.rb:31
./test/unit/nested_assignment_test.rb:1:in `require'
./test/unit/nested_assignment_test.rb:1
/usr/lib/ruby/gems/1.8/gems/rake-0.8.3/lib/rake/rake_test_loader.rb:5:in `load'
/usr/lib/ruby/gems/1.8/gems/rake-0.8.3/lib/rake/rake_test_loader.rb:5
/usr/lib/ruby/gems/1.8/gems/rake-0.8.3/lib/rake/rake_test_loader.rb:5:in `each'
/usr/lib/ruby/gems/1.8/gems/rake-0.8.3/lib/rake/rake_test_loader.rb:5
Unable to load service, underlying cause no such file to load -- service.rb 

 /usr/lib/ruby/gems/1.8/gems/activesupport-2.2.2/lib/active_support/dependencies.rb:382:in `load_without_new_constant_marking'
/usr/lib/ruby/gems/1.8/gems/activesupport-2.2.2/lib/active_support/dependencies.rb:382:in `load_file'
/usr/lib/ruby/gems/1.8/gems/activesupport-2.2.2/lib/active_support/dependencies.rb:521:in `new_constants_in'
/usr/lib/ruby/gems/1.8/gems/activesupport-2.2.2/lib/active_support/dependencies.rb:381:in `load_file'
/usr/lib/ruby/gems/1.8/gems/activesupport-2.2.2/lib/active_support/dependencies.rb:256:in `require_or_load'
/usr/lib/ruby/gems/1.8/gems/activesupport-2.2.2/lib/active_support/dependencies.rb:221:in `depend_on'
/usr/lib/ruby/gems/1.8/gems/activesupport-2.2.2/lib/active_support/dependencies.rb:133:in `require_dependency'
/usr/lib/ruby/gems/1.8/gems/activerecord-2.2.2/lib/active_record/fixtures.rb:856:in `try_to_load_dependency'
/usr/lib/ruby/gems/1.8/gems/activerecord-2.2.2/lib/active_record/fixtures.rb:871:in `require_fixture_classes'
/usr/lib/ruby/gems/1.8/gems/activerecord-2.2.2/lib/active_record/fixtures.rb:868:in `each'
/usr/lib/ruby/gems/1.8/gems/activerecord-2.2.2/lib/active_record/fixtures.rb:868:in `require_fixture_classes'
/usr/lib/ruby/gems/1.8/gems/activerecord-2.2.2/lib/active_record/fixtures.rb:851:in `fixtures'
./test/unit/../test_helper.rb:31
./test/unit/nested_assignment_test.rb:1:in `require'
./test/unit/nested_assignment_test.rb:1
/usr/lib/ruby/gems/1.8/gems/rake-0.8.3/lib/rake/rake_test_loader.rb:5:in `load'
/usr/lib/ruby/gems/1.8/gems/rake-0.8.3/lib/rake/rake_test_loader.rb:5
/usr/lib/ruby/gems/1.8/gems/rake-0.8.3/lib/rake/rake_test_loader.rb:5:in `each'
/usr/lib/ruby/gems/1.8/gems/rake-0.8.3/lib/rake/rake_test_loader.rb:5
Unable to load subscription, underlying cause no such file to load -- subscription.rb 

 /usr/lib/ruby/gems/1.8/gems/activesupport-2.2.2/lib/active_support/dependencies.rb:382:in `load_without_new_constant_marking'
/usr/lib/ruby/gems/1.8/gems/activesupport-2.2.2/lib/active_support/dependencies.rb:382:in `load_file'
/usr/lib/ruby/gems/1.8/gems/activesupport-2.2.2/lib/active_support/dependencies.rb:521:in `new_constants_in'
/usr/lib/ruby/gems/1.8/gems/activesupport-2.2.2/lib/active_support/dependencies.rb:381:in `load_file'
/usr/lib/ruby/gems/1.8/gems/activesupport-2.2.2/lib/active_support/dependencies.rb:256:in `require_or_load'
/usr/lib/ruby/gems/1.8/gems/activesupport-2.2.2/lib/active_support/dependencies.rb:221:in `depend_on'
/usr/lib/ruby/gems/1.8/gems/activesupport-2.2.2/lib/active_support/dependencies.rb:133:in `require_dependency'
/usr/lib/ruby/gems/1.8/gems/activerecord-2.2.2/lib/active_record/fixtures.rb:856:in `try_to_load_dependency'
/usr/lib/ruby/gems/1.8/gems/activerecord-2.2.2/lib/active_record/fixtures.rb:871:in `require_fixture_classes'
/usr/lib/ruby/gems/1.8/gems/activerecord-2.2.2/lib/active_record/fixtures.rb:868:in `each'
/usr/lib/ruby/gems/1.8/gems/activerecord-2.2.2/lib/active_record/fixtures.rb:868:in `require_fixture_classes'
/usr/lib/ruby/gems/1.8/gems/activerecord-2.2.2/lib/active_record/fixtures.rb:851:in `fixtures'
./test/unit/../test_helper.rb:31
./test/unit/nested_assignment_test.rb:1:in `require'
./test/unit/nested_assignment_test.rb:1
/usr/lib/ruby/gems/1.8/gems/rake-0.8.3/lib/rake/rake_test_loader.rb:5:in `load'
/usr/lib/ruby/gems/1.8/gems/rake-0.8.3/lib/rake/rake_test_loader.rb:5
/usr/lib/ruby/gems/1.8/gems/rake-0.8.3/lib/rake/rake_test_loader.rb:5:in `each'
/usr/lib/ruby/gems/1.8/gems/rake-0.8.3/lib/rake/rake_test_loader.rb:5
Unable to load address, underlying cause no such file to load -- address.rb 

 /usr/lib/ruby/gems/1.8/gems/activesupport-2.2.2/lib/active_support/dependencies.rb:382:in `load_without_new_constant_marking'
/usr/lib/ruby/gems/1.8/gems/activesupport-2.2.2/lib/active_support/dependencies.rb:382:in `load_file'
/usr/lib/ruby/gems/1.8/gems/activesupport-2.2.2/lib/active_support/dependencies.rb:521:in `new_constants_in'
/usr/lib/ruby/gems/1.8/gems/activesupport-2.2.2/lib/active_support/dependencies.rb:381:in `load_file'
/usr/lib/ruby/gems/1.8/gems/activesupport-2.2.2/lib/active_support/dependencies.rb:256:in `require_or_load'
/usr/lib/ruby/gems/1.8/gems/activesupport-2.2.2/lib/active_support/dependencies.rb:221:in `depend_on'
/usr/lib/ruby/gems/1.8/gems/activesupport-2.2.2/lib/active_support/dependencies.rb:133:in `require_dependency'
/usr/lib/ruby/gems/1.8/gems/activerecord-2.2.2/lib/active_record/fixtures.rb:856:in `try_to_load_dependency'
/usr/lib/ruby/gems/1.8/gems/activerecord-2.2.2/lib/active_record/fixtures.rb:871:in `require_fixture_classes'
/usr/lib/ruby/gems/1.8/gems/activerecord-2.2.2/lib/active_record/fixtures.rb:868:in `each'
/usr/lib/ruby/gems/1.8/gems/activerecord-2.2.2/lib/active_record/fixtures.rb:868:in `require_fixture_classes'
/usr/lib/ruby/gems/1.8/gems/activerecord-2.2.2/lib/active_record/fixtures.rb:851:in `fixtures'
./test/unit/../test_helper.rb:31
./test/unit/nested_assignment_test.rb:1:in `require'
./test/unit/nested_assignment_test.rb:1
/usr/lib/ruby/gems/1.8/gems/rake-0.8.3/lib/rake/rake_test_loader.rb:5:in `load'
/usr/lib/ruby/gems/1.8/gems/rake-0.8.3/lib/rake/rake_test_loader.rb:5
/usr/lib/ruby/gems/1.8/gems/rake-0.8.3/lib/rake/rake_test_loader.rb:5:in `each'
/usr/lib/ruby/gems/1.8/gems/rake-0.8.3/lib/rake/rake_test_loader.rb:5
Unable to load user, underlying cause no such file to load -- user.rb 

 /usr/lib/ruby/gems/1.8/gems/activesupport-2.2.2/lib/active_support/dependencies.rb:382:in `load_without_new_constant_marking'
/usr/lib/ruby/gems/1.8/gems/activesupport-2.2.2/lib/active_support/dependencies.rb:382:in `load_file'
/usr/lib/ruby/gems/1.8/gems/activesupport-2.2.2/lib/active_support/dependencies.rb:521:in `new_constants_in'
/usr/lib/ruby/gems/1.8/gems/activesupport-2.2.2/lib/active_support/dependencies.rb:381:in `load_file'
/usr/lib/ruby/gems/1.8/gems/activesupport-2.2.2/lib/active_support/dependencies.rb:256:in `require_or_load'
/usr/lib/ruby/gems/1.8/gems/activesupport-2.2.2/lib/active_support/dependencies.rb:221:in `depend_on'
/usr/lib/ruby/gems/1.8/gems/activesupport-2.2.2/lib/active_support/dependencies.rb:133:in `require_dependency'
/usr/lib/ruby/gems/1.8/gems/activerecord-2.2.2/lib/active_record/fixtures.rb:856:in `try_to_load_dependency'
/usr/lib/ruby/gems/1.8/gems/activerecord-2.2.2/lib/active_record/fixtures.rb:871:in `require_fixture_classes'
/usr/lib/ruby/gems/1.8/gems/activerecord-2.2.2/lib/active_record/fixtures.rb:868:in `each'
/usr/lib/ruby/gems/1.8/gems/activerecord-2.2.2/lib/active_record/fixtures.rb:868:in `require_fixture_classes'
/usr/lib/ruby/gems/1.8/gems/activerecord-2.2.2/lib/active_record/fixtures.rb:851:in `fixtures'
./test/unit/../test_helper.rb:31
./test/unit/nested_assignment_test.rb:1:in `require'
./test/unit/nested_assignment_test.rb:1
/usr/lib/ruby/gems/1.8/gems/rake-0.8.3/lib/rake/rake_test_loader.rb:5:in `load'
/usr/lib/ruby/gems/1.8/gems/rake-0.8.3/lib/rake/rake_test_loader.rb:5
/usr/lib/ruby/gems/1.8/gems/rake-0.8.3/lib/rake/rake_test_loader.rb:5:in `each'
/usr/lib/ruby/gems/1.8/gems/rake-0.8.3/lib/rake/rake_test_loader.rb:5
Unable to load role, underlying cause no such file to load -- role.rb 

 /usr/lib/ruby/gems/1.8/gems/activesupport-2.2.2/lib/active_support/dependencies.rb:382:in `load_without_new_constant_marking'
/usr/lib/ruby/gems/1.8/gems/activesupport-2.2.2/lib/active_support/dependencies.rb:382:in `load_file'
/usr/lib/ruby/gems/1.8/gems/activesupport-2.2.2/lib/active_support/dependencies.rb:521:in `new_constants_in'
/usr/lib/ruby/gems/1.8/gems/activesupport-2.2.2/lib/active_support/dependencies.rb:381:in `load_file'
/usr/lib/ruby/gems/1.8/gems/activesupport-2.2.2/lib/active_support/dependencies.rb:256:in `require_or_load'
/usr/lib/ruby/gems/1.8/gems/activesupport-2.2.2/lib/active_support/dependencies.rb:221:in `depend_on'
/usr/lib/ruby/gems/1.8/gems/activesupport-2.2.2/lib/active_support/dependencies.rb:133:in `require_dependency'
/usr/lib/ruby/gems/1.8/gems/activerecord-2.2.2/lib/active_record/fixtures.rb:856:in `try_to_load_dependency'
/usr/lib/ruby/gems/1.8/gems/activerecord-2.2.2/lib/active_record/fixtures.rb:871:in `require_fixture_classes'
/usr/lib/ruby/gems/1.8/gems/activerecord-2.2.2/lib/active_record/fixtures.rb:868:in `each'
/usr/lib/ruby/gems/1.8/gems/activerecord-2.2.2/lib/active_record/fixtures.rb:868:in `require_fixture_classes'
/usr/lib/ruby/gems/1.8/gems/activerecord-2.2.2/lib/active_record/fixtures.rb:851:in `fixtures'
./test/unit/../test_helper.rb:31
./test/unit/nested_assignment_test.rb:1:in `require'
./test/unit/nested_assignment_test.rb:1
/usr/lib/ruby/gems/1.8/gems/rake-0.8.3/lib/rake/rake_test_loader.rb:5:in `load'
/usr/lib/ruby/gems/1.8/gems/rake-0.8.3/lib/rake/rake_test_loader.rb:5
/usr/lib/ruby/gems/1.8/gems/rake-0.8.3/lib/rake/rake_test_loader.rb:5:in `each'
/usr/lib/ruby/gems/1.8/gems/rake-0.8.3/lib/rake/rake_test_loader.rb:5
  [4;36;1mSQL (0.3ms)[0m   [0;1mselect sqlite_version(*)[0m
  [4;35;1mSQL (0.2ms)[0m   [0m SELECT name
 FROM sqlite_master
 WHERE type = 'table' AND NOT name = 'sqlite_sequence'
[0m
  [4;36;1mSQL (0.3ms)[0m   [0;1mCREATE TABLE "addresses" ("id" INTEGER PRIMARY KEY AUTOINCREMENT NOT NULL, "name" varchar(255), "addressable_id" integer, "addressable_type" varchar(255)) [0m
  [4;35;1mSQL (0.1ms)[0m   [0m SELECT name
 FROM sqlite_master
 WHERE type = 'table' AND NOT name = 'sqlite_sequence'
[0m
  [4;36;1mSQL (0.1ms)[0m   [0;1mCREATE TABLE "users" ("id" INTEGER PRIMARY KEY AUTOINCREMENT NOT NULL, "name" varchar(255)) [0m
  [4;35;1mSQL (0.2ms)[0m   [0m SELECT name
 FROM sqlite_master
 WHERE type = 'table' AND NOT name = 'sqlite_sequence'
[0m
  [4;36;1mSQL (0.1ms)[0m   [0;1mCREATE TABLE "roles_users" ("user_id" integer, "role_id" integer) [0m
  [4;35;1mSQL (0.2ms)[0m   [0m SELECT name
 FROM sqlite_master
 WHERE type = 'table' AND NOT name = 'sqlite_sequence'
[0m
  [4;36;1mSQL (0.1ms)[0m   [0;1mCREATE TABLE "services" ("id" INTEGER PRIMARY KEY AUTOINCREMENT NOT NULL, "name" varchar(255)) [0m
  [4;35;1mSQL (0.2ms)[0m   [0m SELECT name
 FROM sqlite_master
 WHERE type = 'table' AND NOT name = 'sqlite_sequence'
[0m
  [4;36;1mSQL (0.1ms)[0m   [0;1mCREATE TABLE "subscriptions" ("id" INTEGER PRIMARY KEY AUTOINCREMENT NOT NULL, "name" varchar(255), "service_id" integer, "user_id" integer) [0m
  [4;35;1mSQL (0.3ms)[0m   [0m SELECT name
 FROM sqlite_master
 WHERE type = 'table' AND NOT name = 'sqlite_sequence'
[0m
  [4;36;1mSQL (0.1ms)[0m   [0;1mCREATE TABLE "roles" ("id" INTEGER PRIMARY KEY AUTOINCREMENT NOT NULL, "name" varchar(255)) [0m
  [4;35;1mSQL (0.3ms)[0m   [0m SELECT name
 FROM sqlite_master
 WHERE type = 'table' AND NOT name = 'sqlite_sequence'
[0m
  [4;36;1mSQL (0.1ms)[0m   [0;1mCREATE TABLE "schema_migrations" ("version" varchar(255) NOT NULL) [0m
  [4;35;1mSQL (0.1ms)[0m   [0mCREATE UNIQUE INDEX "unique_schema_migrations" ON "schema_migrations" ("version")[0m
  [4;36;1mSQL (0.3ms)[0m   [0;1m SELECT name
 FROM sqlite_master
 WHERE type = 'table' AND NOT name = 'sqlite_sequence'
[0m
  [4;35;1mSQL (0.1ms)[0m   [0mSELECT version FROM "schema_migrations"[0m
  [4;36;1mSQL (0.1ms)[0m   [0;1mINSERT INTO "schema_migrations" (version) VALUES ('1')[0m
Unable to load roles_user, underlying cause no such file to load -- roles_user.rb 

 /usr/lib/ruby/gems/1.8/gems/activesupport-2.2.2/lib/active_support/dependencies.rb:382:in `load_without_new_constant_marking'
/usr/lib/ruby/gems/1.8/gems/activesupport-2.2.2/lib/active_support/dependencies.rb:382:in `load_file'
/usr/lib/ruby/gems/1.8/gems/activesupport-2.2.2/lib/active_support/dependencies.rb:521:in `new_constants_in'
/usr/lib/ruby/gems/1.8/gems/activesupport-2.2.2/lib/active_support/dependencies.rb:381:in `load_file'
/usr/lib/ruby/gems/1.8/gems/activesupport-2.2.2/lib/active_support/dependencies.rb:256:in `require_or_load'
/usr/lib/ruby/gems/1.8/gems/activesupport-2.2.2/lib/active_support/dependencies.rb:221:in `depend_on'
/usr/lib/ruby/gems/1.8/gems/activesupport-2.2.2/lib/active_support/dependencies.rb:133:in `require_dependency'
/usr/lib/ruby/gems/1.8/gems/activerecord-2.2.2/lib/active_record/fixtures.rb:856:in `try_to_load_dependency'
/usr/lib/ruby/gems/1.8/gems/activerecord-2.2.2/lib/active_record/fixtures.rb:871:in `require_fixture_classes'
/usr/lib/ruby/gems/1.8/gems/activerecord-2.2.2/lib/active_record/fixtures.rb:868:in `each'
/usr/lib/ruby/gems/1.8/gems/activerecord-2.2.2/lib/active_record/fixtures.rb:868:in `require_fixture_classes'
/usr/lib/ruby/gems/1.8/gems/activerecord-2.2.2/lib/active_record/fixtures.rb:851:in `fixtures'
./test/unit/../test_helper.rb:31
./test/unit/nested_assignment_test.rb:1:in `require'
./test/unit/nested_assignment_test.rb:1
/usr/lib/ruby/gems/1.8/gems/rake-0.8.3/lib/rake/rake_test_loader.rb:5:in `load'
/usr/lib/ruby/gems/1.8/gems/rake-0.8.3/lib/rake/rake_test_loader.rb:5
/usr/lib/ruby/gems/1.8/gems/rake-0.8.3/lib/rake/rake_test_loader.rb:5:in `each'
/usr/lib/ruby/gems/1.8/gems/rake-0.8.3/lib/rake/rake_test_loader.rb:5
Unable to load service, underlying cause no such file to load -- service.rb 

 /usr/lib/ruby/gems/1.8/gems/activesupport-2.2.2/lib/active_support/dependencies.rb:382:in `load_without_new_constant_marking'
/usr/lib/ruby/gems/1.8/gems/activesupport-2.2.2/lib/active_support/dependencies.rb:382:in `load_file'
/usr/lib/ruby/gems/1.8/gems/activesupport-2.2.2/lib/active_support/dependencies.rb:521:in `new_constants_in'
/usr/lib/ruby/gems/1.8/gems/activesupport-2.2.2/lib/active_support/dependencies.rb:381:in `load_file'
/usr/lib/ruby/gems/1.8/gems/activesupport-2.2.2/lib/active_support/dependencies.rb:256:in `require_or_load'
/usr/lib/ruby/gems/1.8/gems/activesupport-2.2.2/lib/active_support/dependencies.rb:221:in `depend_on'
/usr/lib/ruby/gems/1.8/gems/activesupport-2.2.2/lib/active_support/dependencies.rb:133:in `require_dependency'
/usr/lib/ruby/gems/1.8/gems/activerecord-2.2.2/lib/active_record/fixtures.rb:856:in `try_to_load_dependency'
/usr/lib/ruby/gems/1.8/gems/activerecord-2.2.2/lib/active_record/fixtures.rb:871:in `require_fixture_classes'
/usr/lib/ruby/gems/1.8/gems/activerecord-2.2.2/lib/active_record/fixtures.rb:868:in `each'
/usr/lib/ruby/gems/1.8/gems/activerecord-2.2.2/lib/active_record/fixtures.rb:868:in `require_fixture_classes'
/usr/lib/ruby/gems/1.8/gems/activerecord-2.2.2/lib/active_record/fixtures.rb:851:in `fixtures'
./test/unit/../test_helper.rb:31
./test/unit/nested_assignment_test.rb:1:in `require'
./test/unit/nested_assignment_test.rb:1
/usr/lib/ruby/gems/1.8/gems/rake-0.8.3/lib/rake/rake_test_loader.rb:5:in `load'
/usr/lib/ruby/gems/1.8/gems/rake-0.8.3/lib/rake/rake_test_loader.rb:5
/usr/lib/ruby/gems/1.8/gems/rake-0.8.3/lib/rake/rake_test_loader.rb:5:in `each'
/usr/lib/ruby/gems/1.8/gems/rake-0.8.3/lib/rake/rake_test_loader.rb:5
Unable to load subscription, underlying cause no such file to load -- subscription.rb 

 /usr/lib/ruby/gems/1.8/gems/activesupport-2.2.2/lib/active_support/dependencies.rb:382:in `load_without_new_constant_marking'
/usr/lib/ruby/gems/1.8/gems/activesupport-2.2.2/lib/active_support/dependencies.rb:382:in `load_file'
/usr/lib/ruby/gems/1.8/gems/activesupport-2.2.2/lib/active_support/dependencies.rb:521:in `new_constants_in'
/usr/lib/ruby/gems/1.8/gems/activesupport-2.2.2/lib/active_support/dependencies.rb:381:in `load_file'
/usr/lib/ruby/gems/1.8/gems/activesupport-2.2.2/lib/active_support/dependencies.rb:256:in `require_or_load'
/usr/lib/ruby/gems/1.8/gems/activesupport-2.2.2/lib/active_support/dependencies.rb:221:in `depend_on'
/usr/lib/ruby/gems/1.8/gems/activesupport-2.2.2/lib/active_support/dependencies.rb:133:in `require_dependency'
/usr/lib/ruby/gems/1.8/gems/activerecord-2.2.2/lib/active_record/fixtures.rb:856:in `try_to_load_dependency'
/usr/lib/ruby/gems/1.8/gems/activerecord-2.2.2/lib/active_record/fixtures.rb:871:in `require_fixture_classes'
/usr/lib/ruby/gems/1.8/gems/activerecord-2.2.2/lib/active_record/fixtures.rb:868:in `each'
/usr/lib/ruby/gems/1.8/gems/activerecord-2.2.2/lib/active_record/fixtures.rb:868:in `require_fixture_classes'
/usr/lib/ruby/gems/1.8/gems/activerecord-2.2.2/lib/active_record/fixtures.rb:851:in `fixtures'
./test/unit/../test_helper.rb:31
./test/unit/nested_assignment_test.rb:1:in `require'
./test/unit/nested_assignment_test.rb:1
/usr/lib/ruby/gems/1.8/gems/rake-0.8.3/lib/rake/rake_test_loader.rb:5:in `load'
/usr/lib/ruby/gems/1.8/gems/rake-0.8.3/lib/rake/rake_test_loader.rb:5
/usr/lib/ruby/gems/1.8/gems/rake-0.8.3/lib/rake/rake_test_loader.rb:5:in `each'
/usr/lib/ruby/gems/1.8/gems/rake-0.8.3/lib/rake/rake_test_loader.rb:5
Unable to load address, underlying cause no such file to load -- address.rb 

 /usr/lib/ruby/gems/1.8/gems/activesupport-2.2.2/lib/active_support/dependencies.rb:382:in `load_without_new_constant_marking'
/usr/lib/ruby/gems/1.8/gems/activesupport-2.2.2/lib/active_support/dependencies.rb:382:in `load_file'
/usr/lib/ruby/gems/1.8/gems/activesupport-2.2.2/lib/active_support/dependencies.rb:521:in `new_constants_in'
/usr/lib/ruby/gems/1.8/gems/activesupport-2.2.2/lib/active_support/dependencies.rb:381:in `load_file'
/usr/lib/ruby/gems/1.8/gems/activesupport-2.2.2/lib/active_support/dependencies.rb:256:in `require_or_load'
/usr/lib/ruby/gems/1.8/gems/activesupport-2.2.2/lib/active_support/dependencies.rb:221:in `depend_on'
/usr/lib/ruby/gems/1.8/gems/activesupport-2.2.2/lib/active_support/dependencies.rb:133:in `require_dependency'
/usr/lib/ruby/gems/1.8/gems/activerecord-2.2.2/lib/active_record/fixtures.rb:856:in `try_to_load_dependency'
/usr/lib/ruby/gems/1.8/gems/activerecord-2.2.2/lib/active_record/fixtures.rb:871:in `require_fixture_classes'
/usr/lib/ruby/gems/1.8/gems/activerecord-2.2.2/lib/active_record/fixtures.rb:868:in `each'
/usr/lib/ruby/gems/1.8/gems/activerecord-2.2.2/lib/active_record/fixtures.rb:868:in `require_fixture_classes'
/usr/lib/ruby/gems/1.8/gems/activerecord-2.2.2/lib/active_record/fixtures.rb:851:in `fixtures'
./test/unit/../test_helper.rb:31
./test/unit/nested_assignment_test.rb:1:in `require'
./test/unit/nested_assignment_test.rb:1
/usr/lib/ruby/gems/1.8/gems/rake-0.8.3/lib/rake/rake_test_loader.rb:5:in `load'
/usr/lib/ruby/gems/1.8/gems/rake-0.8.3/lib/rake/rake_test_loader.rb:5
/usr/lib/ruby/gems/1.8/gems/rake-0.8.3/lib/rake/rake_test_loader.rb:5:in `each'
/usr/lib/ruby/gems/1.8/gems/rake-0.8.3/lib/rake/rake_test_loader.rb:5
Unable to load user, underlying cause no such file to load -- user.rb 

 /usr/lib/ruby/gems/1.8/gems/activesupport-2.2.2/lib/active_support/dependencies.rb:382:in `load_without_new_constant_marking'
/usr/lib/ruby/gems/1.8/gems/activesupport-2.2.2/lib/active_support/dependencies.rb:382:in `load_file'
/usr/lib/ruby/gems/1.8/gems/activesupport-2.2.2/lib/active_support/dependencies.rb:521:in `new_constants_in'
/usr/lib/ruby/gems/1.8/gems/activesupport-2.2.2/lib/active_support/dependencies.rb:381:in `load_file'
/usr/lib/ruby/gems/1.8/gems/activesupport-2.2.2/lib/active_support/dependencies.rb:256:in `require_or_load'
/usr/lib/ruby/gems/1.8/gems/activesupport-2.2.2/lib/active_support/dependencies.rb:221:in `depend_on'
/usr/lib/ruby/gems/1.8/gems/activesupport-2.2.2/lib/active_support/dependencies.rb:133:in `require_dependency'
/usr/lib/ruby/gems/1.8/gems/activerecord-2.2.2/lib/active_record/fixtures.rb:856:in `try_to_load_dependency'
/usr/lib/ruby/gems/1.8/gems/activerecord-2.2.2/lib/active_record/fixtures.rb:871:in `require_fixture_classes'
/usr/lib/ruby/gems/1.8/gems/activerecord-2.2.2/lib/active_record/fixtures.rb:868:in `each'
/usr/lib/ruby/gems/1.8/gems/activerecord-2.2.2/lib/active_record/fixtures.rb:868:in `require_fixture_classes'
/usr/lib/ruby/gems/1.8/gems/activerecord-2.2.2/lib/active_record/fixtures.rb:851:in `fixtures'
./test/unit/../test_helper.rb:31
./test/unit/nested_assignment_test.rb:1:in `require'
./test/unit/nested_assignment_test.rb:1
/usr/lib/ruby/gems/1.8/gems/rake-0.8.3/lib/rake/rake_test_loader.rb:5:in `load'
/usr/lib/ruby/gems/1.8/gems/rake-0.8.3/lib/rake/rake_test_loader.rb:5
/usr/lib/ruby/gems/1.8/gems/rake-0.8.3/lib/rake/rake_test_loader.rb:5:in `each'
/usr/lib/ruby/gems/1.8/gems/rake-0.8.3/lib/rake/rake_test_loader.rb:5
Unable to load role, underlying cause no such file to load -- role.rb 

 /usr/lib/ruby/gems/1.8/gems/activesupport-2.2.2/lib/active_support/dependencies.rb:382:in `load_without_new_constant_marking'
/usr/lib/ruby/gems/1.8/gems/activesupport-2.2.2/lib/active_support/dependencies.rb:382:in `load_file'
/usr/lib/ruby/gems/1.8/gems/activesupport-2.2.2/lib/active_support/dependencies.rb:521:in `new_constants_in'
/usr/lib/ruby/gems/1.8/gems/activesupport-2.2.2/lib/active_support/dependencies.rb:381:in `load_file'
/usr/lib/ruby/gems/1.8/gems/activesupport-2.2.2/lib/active_support/dependencies.rb:256:in `require_or_load'
/usr/lib/ruby/gems/1.8/gems/activesupport-2.2.2/lib/active_support/dependencies.rb:221:in `depend_on'
/usr/lib/ruby/gems/1.8/gems/activesupport-2.2.2/lib/active_support/dependencies.rb:133:in `require_dependency'
/usr/lib/ruby/gems/1.8/gems/activerecord-2.2.2/lib/active_record/fixtures.rb:856:in `try_to_load_dependency'
/usr/lib/ruby/gems/1.8/gems/activerecord-2.2.2/lib/active_record/fixtures.rb:871:in `require_fixture_classes'
/usr/lib/ruby/gems/1.8/gems/activerecord-2.2.2/lib/active_record/fixtures.rb:868:in `each'
/usr/lib/ruby/gems/1.8/gems/activerecord-2.2.2/lib/active_record/fixtures.rb:868:in `require_fixture_classes'
/usr/lib/ruby/gems/1.8/gems/activerecord-2.2.2/lib/active_record/fixtures.rb:851:in `fixtures'
./test/unit/../test_helper.rb:31
./test/unit/nested_assignment_test.rb:1:in `require'
./test/unit/nested_assignment_test.rb:1
/usr/lib/ruby/gems/1.8/gems/rake-0.8.3/lib/rake/rake_test_loader.rb:5:in `load'
/usr/lib/ruby/gems/1.8/gems/rake-0.8.3/lib/rake/rake_test_loader.rb:5
/usr/lib/ruby/gems/1.8/gems/rake-0.8.3/lib/rake/rake_test_loader.rb:5:in `each'
/usr/lib/ruby/gems/1.8/gems/rake-0.8.3/lib/rake/rake_test_loader.rb:5
  [4;35;1mPluginTestModels::User Load (0.2ms)[0m   [0mSELECT * FROM "users" [0m
  [4;36;1mSQL (0.3ms)[0m   [0;1mselect sqlite_version(*)[0m
  [4;35;1mSQL (0.2ms)[0m   [0m SELECT name
 FROM sqlite_master
 WHERE type = 'table' AND NOT name = 'sqlite_sequence'
[0m
  [4;36;1mSQL (0.4ms)[0m   [0;1mCREATE TABLE "addresses" ("id" INTEGER PRIMARY KEY AUTOINCREMENT NOT NULL, "name" varchar(255), "addressable_id" integer, "addressable_type" varchar(255)) [0m
  [4;35;1mSQL (0.2ms)[0m   [0m SELECT name
 FROM sqlite_master
 WHERE type = 'table' AND NOT name = 'sqlite_sequence'
[0m
  [4;36;1mSQL (0.2ms)[0m   [0;1mCREATE TABLE "users" ("id" INTEGER PRIMARY KEY AUTOINCREMENT NOT NULL, "name" varchar(255)) [0m
  [4;35;1mSQL (0.2ms)[0m   [0m SELECT name
 FROM sqlite_master
 WHERE type = 'table' AND NOT name = 'sqlite_sequence'
[0m
  [4;36;1mSQL (0.2ms)[0m   [0;1mCREATE TABLE "roles_users" ("user_id" integer, "role_id" integer) [0m
  [4;35;1mSQL (0.3ms)[0m   [0m SELECT name
 FROM sqlite_master
 WHERE type = 'table' AND NOT name = 'sqlite_sequence'
[0m
  [4;36;1mSQL (0.2ms)[0m   [0;1mCREATE TABLE "services" ("id" INTEGER PRIMARY KEY AUTOINCREMENT NOT NULL, "name" varchar(255)) [0m
  [4;35;1mSQL (0.4ms)[0m   [0m SELECT name
 FROM sqlite_master
 WHERE type = 'table' AND NOT name = 'sqlite_sequence'
[0m
  [4;36;1mSQL (0.2ms)[0m   [0;1mCREATE TABLE "subscriptions" ("id" INTEGER PRIMARY KEY AUTOINCREMENT NOT NULL, "name" varchar(255), "service_id" integer, "user_id" integer) [0m
  [4;35;1mSQL (0.4ms)[0m   [0m SELECT name
 FROM sqlite_master
 WHERE type = 'table' AND NOT name = 'sqlite_sequence'
[0m
  [4;36;1mSQL (0.2ms)[0m   [0;1mCREATE TABLE "roles" ("id" INTEGER PRIMARY KEY AUTOINCREMENT NOT NULL, "name" varchar(255)) [0m
  [4;35;1mSQL (0.5ms)[0m   [0m SELECT name
 FROM sqlite_master
 WHERE type = 'table' AND NOT name = 'sqlite_sequence'
[0m
  [4;36;1mSQL (0.2ms)[0m   [0;1mCREATE TABLE "schema_migrations" ("version" varchar(255) NOT NULL) [0m
  [4;35;1mSQL (0.2ms)[0m   [0mCREATE UNIQUE INDEX "unique_schema_migrations" ON "schema_migrations" ("version")[0m
  [4;36;1mSQL (0.5ms)[0m   [0;1m SELECT name
 FROM sqlite_master
 WHERE type = 'table' AND NOT name = 'sqlite_sequence'
[0m
  [4;35;1mSQL (0.1ms)[0m   [0mSELECT version FROM "schema_migrations"[0m
  [4;36;1mSQL (0.1ms)[0m   [0;1mINSERT INTO "schema_migrations" (version) VALUES ('1')[0m
Unable to load roles_user, underlying cause no such file to load -- roles_user.rb 

 /usr/lib/ruby/gems/1.8/gems/activesupport-2.2.2/lib/active_support/dependencies.rb:382:in `load_without_new_constant_marking'
/usr/lib/ruby/gems/1.8/gems/activesupport-2.2.2/lib/active_support/dependencies.rb:382:in `load_file'
/usr/lib/ruby/gems/1.8/gems/activesupport-2.2.2/lib/active_support/dependencies.rb:521:in `new_constants_in'
/usr/lib/ruby/gems/1.8/gems/activesupport-2.2.2/lib/active_support/dependencies.rb:381:in `load_file'
/usr/lib/ruby/gems/1.8/gems/activesupport-2.2.2/lib/active_support/dependencies.rb:256:in `require_or_load'
/usr/lib/ruby/gems/1.8/gems/activesupport-2.2.2/lib/active_support/dependencies.rb:221:in `depend_on'
/usr/lib/ruby/gems/1.8/gems/activesupport-2.2.2/lib/active_support/dependencies.rb:133:in `require_dependency'
/usr/lib/ruby/gems/1.8/gems/activerecord-2.2.2/lib/active_record/fixtures.rb:856:in `try_to_load_dependency'
/usr/lib/ruby/gems/1.8/gems/activerecord-2.2.2/lib/active_record/fixtures.rb:871:in `require_fixture_classes'
/usr/lib/ruby/gems/1.8/gems/activerecord-2.2.2/lib/active_record/fixtures.rb:868:in `each'
/usr/lib/ruby/gems/1.8/gems/activerecord-2.2.2/lib/active_record/fixtures.rb:868:in `require_fixture_classes'
/usr/lib/ruby/gems/1.8/gems/activerecord-2.2.2/lib/active_record/fixtures.rb:851:in `fixtures'
./test/unit/../test_helper.rb:31
./test/unit/nested_assignment_test.rb:1:in `require'
./test/unit/nested_assignment_test.rb:1
/usr/lib/ruby/gems/1.8/gems/rake-0.8.3/lib/rake/rake_test_loader.rb:5:in `load'
/usr/lib/ruby/gems/1.8/gems/rake-0.8.3/lib/rake/rake_test_loader.rb:5
/usr/lib/ruby/gems/1.8/gems/rake-0.8.3/lib/rake/rake_test_loader.rb:5:in `each'
/usr/lib/ruby/gems/1.8/gems/rake-0.8.3/lib/rake/rake_test_loader.rb:5
Unable to load service, underlying cause no such file to load -- service.rb 

 /usr/lib/ruby/gems/1.8/gems/activesupport-2.2.2/lib/active_support/dependencies.rb:382:in `load_without_new_constant_marking'
/usr/lib/ruby/gems/1.8/gems/activesupport-2.2.2/lib/active_support/dependencies.rb:382:in `load_file'
/usr/lib/ruby/gems/1.8/gems/activesupport-2.2.2/lib/active_support/dependencies.rb:521:in `new_constants_in'
/usr/lib/ruby/gems/1.8/gems/activesupport-2.2.2/lib/active_support/dependencies.rb:381:in `load_file'
/usr/lib/ruby/gems/1.8/gems/activesupport-2.2.2/lib/active_support/dependencies.rb:256:in `require_or_load'
/usr/lib/ruby/gems/1.8/gems/activesupport-2.2.2/lib/active_support/dependencies.rb:221:in `depend_on'
/usr/lib/ruby/gems/1.8/gems/activesupport-2.2.2/lib/active_support/dependencies.rb:133:in `require_dependency'
/usr/lib/ruby/gems/1.8/gems/activerecord-2.2.2/lib/active_record/fixtures.rb:856:in `try_to_load_dependency'
/usr/lib/ruby/gems/1.8/gems/activerecord-2.2.2/lib/active_record/fixtures.rb:871:in `require_fixture_classes'
/usr/lib/ruby/gems/1.8/gems/activerecord-2.2.2/lib/active_record/fixtures.rb:868:in `each'
/usr/lib/ruby/gems/1.8/gems/activerecord-2.2.2/lib/active_record/fixtures.rb:868:in `require_fixture_classes'
/usr/lib/ruby/gems/1.8/gems/activerecord-2.2.2/lib/active_record/fixtures.rb:851:in `fixtures'
./test/unit/../test_helper.rb:31
./test/unit/nested_assignment_test.rb:1:in `require'
./test/unit/nested_assignment_test.rb:1
/usr/lib/ruby/gems/1.8/gems/rake-0.8.3/lib/rake/rake_test_loader.rb:5:in `load'
/usr/lib/ruby/gems/1.8/gems/rake-0.8.3/lib/rake/rake_test_loader.rb:5
/usr/lib/ruby/gems/1.8/gems/rake-0.8.3/lib/rake/rake_test_loader.rb:5:in `each'
/usr/lib/ruby/gems/1.8/gems/rake-0.8.3/lib/rake/rake_test_loader.rb:5
Unable to load subscription, underlying cause no such file to load -- subscription.rb 

 /usr/lib/ruby/gems/1.8/gems/activesupport-2.2.2/lib/active_support/dependencies.rb:382:in `load_without_new_constant_marking'
/usr/lib/ruby/gems/1.8/gems/activesupport-2.2.2/lib/active_support/dependencies.rb:382:in `load_file'
/usr/lib/ruby/gems/1.8/gems/activesupport-2.2.2/lib/active_support/dependencies.rb:521:in `new_constants_in'
/usr/lib/ruby/gems/1.8/gems/activesupport-2.2.2/lib/active_support/dependencies.rb:381:in `load_file'
/usr/lib/ruby/gems/1.8/gems/activesupport-2.2.2/lib/active_support/dependencies.rb:256:in `require_or_load'
/usr/lib/ruby/gems/1.8/gems/activesupport-2.2.2/lib/active_support/dependencies.rb:221:in `depend_on'
/usr/lib/ruby/gems/1.8/gems/activesupport-2.2.2/lib/active_support/dependencies.rb:133:in `require_dependency'
/usr/lib/ruby/gems/1.8/gems/activerecord-2.2.2/lib/active_record/fixtures.rb:856:in `try_to_load_dependency'
/usr/lib/ruby/gems/1.8/gems/activerecord-2.2.2/lib/active_record/fixtures.rb:871:in `require_fixture_classes'
/usr/lib/ruby/gems/1.8/gems/activerecord-2.2.2/lib/active_record/fixtures.rb:868:in `each'
/usr/lib/ruby/gems/1.8/gems/activerecord-2.2.2/lib/active_record/fixtures.rb:868:in `require_fixture_classes'
/usr/lib/ruby/gems/1.8/gems/activerecord-2.2.2/lib/active_record/fixtures.rb:851:in `fixtures'
./test/unit/../test_helper.rb:31
./test/unit/nested_assignment_test.rb:1:in `require'
./test/unit/nested_assignment_test.rb:1
/usr/lib/ruby/gems/1.8/gems/rake-0.8.3/lib/rake/rake_test_loader.rb:5:in `load'
/usr/lib/ruby/gems/1.8/gems/rake-0.8.3/lib/rake/rake_test_loader.rb:5
/usr/lib/ruby/gems/1.8/gems/rake-0.8.3/lib/rake/rake_test_loader.rb:5:in `each'
/usr/lib/ruby/gems/1.8/gems/rake-0.8.3/lib/rake/rake_test_loader.rb:5
Unable to load address, underlying cause no such file to load -- address.rb 

 /usr/lib/ruby/gems/1.8/gems/activesupport-2.2.2/lib/active_support/dependencies.rb:382:in `load_without_new_constant_marking'
/usr/lib/ruby/gems/1.8/gems/activesupport-2.2.2/lib/active_support/dependencies.rb:382:in `load_file'
/usr/lib/ruby/gems/1.8/gems/activesupport-2.2.2/lib/active_support/dependencies.rb:521:in `new_constants_in'
/usr/lib/ruby/gems/1.8/gems/activesupport-2.2.2/lib/active_support/dependencies.rb:381:in `load_file'
/usr/lib/ruby/gems/1.8/gems/activesupport-2.2.2/lib/active_support/dependencies.rb:256:in `require_or_load'
/usr/lib/ruby/gems/1.8/gems/activesupport-2.2.2/lib/active_support/dependencies.rb:221:in `depend_on'
/usr/lib/ruby/gems/1.8/gems/activesupport-2.2.2/lib/active_support/dependencies.rb:133:in `require_dependency'
/usr/lib/ruby/gems/1.8/gems/activerecord-2.2.2/lib/active_record/fixtures.rb:856:in `try_to_load_dependency'
/usr/lib/ruby/gems/1.8/gems/activerecord-2.2.2/lib/active_record/fixtures.rb:871:in `require_fixture_classes'
/usr/lib/ruby/gems/1.8/gems/activerecord-2.2.2/lib/active_record/fixtures.rb:868:in `each'
/usr/lib/ruby/gems/1.8/gems/activerecord-2.2.2/lib/active_record/fixtures.rb:868:in `require_fixture_classes'
/usr/lib/ruby/gems/1.8/gems/activerecord-2.2.2/lib/active_record/fixtures.rb:851:in `fixtures'
./test/unit/../test_helper.rb:31
./test/unit/nested_assignment_test.rb:1:in `require'
./test/unit/nested_assignment_test.rb:1
/usr/lib/ruby/gems/1.8/gems/rake-0.8.3/lib/rake/rake_test_loader.rb:5:in `load'
/usr/lib/ruby/gems/1.8/gems/rake-0.8.3/lib/rake/rake_test_loader.rb:5
/usr/lib/ruby/gems/1.8/gems/rake-0.8.3/lib/rake/rake_test_loader.rb:5:in `each'
/usr/lib/ruby/gems/1.8/gems/rake-0.8.3/lib/rake/rake_test_loader.rb:5
Unable to load user, underlying cause no such file to load -- user.rb 

 /usr/lib/ruby/gems/1.8/gems/activesupport-2.2.2/lib/active_support/dependencies.rb:382:in `load_without_new_constant_marking'
/usr/lib/ruby/gems/1.8/gems/activesupport-2.2.2/lib/active_support/dependencies.rb:382:in `load_file'
/usr/lib/ruby/gems/1.8/gems/activesupport-2.2.2/lib/active_support/dependencies.rb:521:in `new_constants_in'
/usr/lib/ruby/gems/1.8/gems/activesupport-2.2.2/lib/active_support/dependencies.rb:381:in `load_file'
/usr/lib/ruby/gems/1.8/gems/activesupport-2.2.2/lib/active_support/dependencies.rb:256:in `require_or_load'
/usr/lib/ruby/gems/1.8/gems/activesupport-2.2.2/lib/active_support/dependencies.rb:221:in `depend_on'
/usr/lib/ruby/gems/1.8/gems/activesupport-2.2.2/lib/active_support/dependencies.rb:133:in `require_dependency'
/usr/lib/ruby/gems/1.8/gems/activerecord-2.2.2/lib/active_record/fixtures.rb:856:in `try_to_load_dependency'
/usr/lib/ruby/gems/1.8/gems/activerecord-2.2.2/lib/active_record/fixtures.rb:871:in `require_fixture_classes'
/usr/lib/ruby/gems/1.8/gems/activerecord-2.2.2/lib/active_record/fixtures.rb:868:in `each'
/usr/lib/ruby/gems/1.8/gems/activerecord-2.2.2/lib/active_record/fixtures.rb:868:in `require_fixture_classes'
/usr/lib/ruby/gems/1.8/gems/activerecord-2.2.2/lib/active_record/fixtures.rb:851:in `fixtures'
./test/unit/../test_helper.rb:31
./test/unit/nested_assignment_test.rb:1:in `require'
./test/unit/nested_assignment_test.rb:1
/usr/lib/ruby/gems/1.8/gems/rake-0.8.3/lib/rake/rake_test_loader.rb:5:in `load'
/usr/lib/ruby/gems/1.8/gems/rake-0.8.3/lib/rake/rake_test_loader.rb:5
/usr/lib/ruby/gems/1.8/gems/rake-0.8.3/lib/rake/rake_test_loader.rb:5:in `each'
/usr/lib/ruby/gems/1.8/gems/rake-0.8.3/lib/rake/rake_test_loader.rb:5
Unable to load role, underlying cause no such file to load -- role.rb 

 /usr/lib/ruby/gems/1.8/gems/activesupport-2.2.2/lib/active_support/dependencies.rb:382:in `load_without_new_constant_marking'
/usr/lib/ruby/gems/1.8/gems/activesupport-2.2.2/lib/active_support/dependencies.rb:382:in `load_file'
/usr/lib/ruby/gems/1.8/gems/activesupport-2.2.2/lib/active_support/dependencies.rb:521:in `new_constants_in'
/usr/lib/ruby/gems/1.8/gems/activesupport-2.2.2/lib/active_support/dependencies.rb:381:in `load_file'
/usr/lib/ruby/gems/1.8/gems/activesupport-2.2.2/lib/active_support/dependencies.rb:256:in `require_or_load'
/usr/lib/ruby/gems/1.8/gems/activesupport-2.2.2/lib/active_support/dependencies.rb:221:in `depend_on'
/usr/lib/ruby/gems/1.8/gems/activesupport-2.2.2/lib/active_support/dependencies.rb:133:in `require_dependency'
/usr/lib/ruby/gems/1.8/gems/activerecord-2.2.2/lib/active_record/fixtures.rb:856:in `try_to_load_dependency'
/usr/lib/ruby/gems/1.8/gems/activerecord-2.2.2/lib/active_record/fixtures.rb:871:in `require_fixture_classes'
/usr/lib/ruby/gems/1.8/gems/activerecord-2.2.2/lib/active_record/fixtures.rb:868:in `each'
/usr/lib/ruby/gems/1.8/gems/activerecord-2.2.2/lib/active_record/fixtures.rb:868:in `require_fixture_classes'
/usr/lib/ruby/gems/1.8/gems/activerecord-2.2.2/lib/active_record/fixtures.rb:851:in `fixtures'
./test/unit/../test_helper.rb:31
./test/unit/nested_assignment_test.rb:1:in `require'
./test/unit/nested_assignment_test.rb:1
/usr/lib/ruby/gems/1.8/gems/rake-0.8.3/lib/rake/rake_test_loader.rb:5:in `load'
/usr/lib/ruby/gems/1.8/gems/rake-0.8.3/lib/rake/rake_test_loader.rb:5
/usr/lib/ruby/gems/1.8/gems/rake-0.8.3/lib/rake/rake_test_loader.rb:5:in `each'
/usr/lib/ruby/gems/1.8/gems/rake-0.8.3/lib/rake/rake_test_loader.rb:5
  [4;35;1mPluginTestModels::User Load (0.3ms)[0m   [0mSELECT * FROM "users" [0m
  [4;36;1mSQL (0.2ms)[0m   [0;1mselect sqlite_version(*)[0m
  [4;35;1mSQL (0.1ms)[0m   [0m SELECT name
 FROM sqlite_master
 WHERE type = 'table' AND NOT name = 'sqlite_sequence'
[0m
  [4;36;1mSQL (0.2ms)[0m   [0;1mCREATE TABLE "addresses" ("id" INTEGER PRIMARY KEY AUTOINCREMENT NOT NULL, "name" varchar(255), "addressable_id" integer, "addressable_type" varchar(255)) [0m
  [4;35;1mSQL (0.1ms)[0m   [0m SELECT name
 FROM sqlite_master
 WHERE type = 'table' AND NOT name = 'sqlite_sequence'
[0m
  [4;36;1mSQL (0.1ms)[0m   [0;1mCREATE TABLE "users" ("id" INTEGER PRIMARY KEY AUTOINCREMENT NOT NULL, "name" varchar(255)) [0m
  [4;35;1mSQL (0.2ms)[0m   [0m SELECT name
 FROM sqlite_master
 WHERE type = 'table' AND NOT name = 'sqlite_sequence'
[0m
  [4;36;1mSQL (0.1ms)[0m   [0;1mCREATE TABLE "roles_users" ("user_id" integer, "role_id" integer) [0m
  [4;35;1mSQL (0.2ms)[0m   [0m SELECT name
 FROM sqlite_master
 WHERE type = 'table' AND NOT name = 'sqlite_sequence'
[0m
  [4;36;1mSQL (0.1ms)[0m   [0;1mCREATE TABLE "services" ("id" INTEGER PRIMARY KEY AUTOINCREMENT NOT NULL, "name" varchar(255)) [0m
  [4;35;1mSQL (0.2ms)[0m   [0m SELECT name
 FROM sqlite_master
 WHERE type = 'table' AND NOT name = 'sqlite_sequence'
[0m
  [4;36;1mSQL (0.1ms)[0m   [0;1mCREATE TABLE "subscriptions" ("id" INTEGER PRIMARY KEY AUTOINCREMENT NOT NULL, "name" varchar(255), "service_id" integer, "user_id" integer) [0m
  [4;35;1mSQL (0.3ms)[0m   [0m SELECT name
 FROM sqlite_master
 WHERE type = 'table' AND NOT name = 'sqlite_sequence'
[0m
  [4;36;1mSQL (0.1ms)[0m   [0;1mCREATE TABLE "roles" ("id" INTEGER PRIMARY KEY AUTOINCREMENT NOT NULL, "name" varchar(255)) [0m
  [4;35;1mSQL (0.3ms)[0m   [0m SELECT name
 FROM sqlite_master
 WHERE type = 'table' AND NOT name = 'sqlite_sequence'
[0m
  [4;36;1mSQL (0.1ms)[0m   [0;1mCREATE TABLE "schema_migrations" ("version" varchar(255) NOT NULL) [0m
  [4;35;1mSQL (0.1ms)[0m   [0mCREATE UNIQUE INDEX "unique_schema_migrations" ON "schema_migrations" ("version")[0m
  [4;36;1mSQL (0.3ms)[0m   [0;1m SELECT name
 FROM sqlite_master
 WHERE type = 'table' AND NOT name = 'sqlite_sequence'
[0m
  [4;35;1mSQL (0.1ms)[0m   [0mSELECT version FROM "schema_migrations"[0m
  [4;36;1mSQL (0.1ms)[0m   [0;1mINSERT INTO "schema_migrations" (version) VALUES ('1')[0m
Unable to load roles_user, underlying cause no such file to load -- roles_user.rb 

 /usr/lib/ruby/gems/1.8/gems/activesupport-2.2.2/lib/active_support/dependencies.rb:382:in `load_without_new_constant_marking'
/usr/lib/ruby/gems/1.8/gems/activesupport-2.2.2/lib/active_support/dependencies.rb:382:in `load_file'
/usr/lib/ruby/gems/1.8/gems/activesupport-2.2.2/lib/active_support/dependencies.rb:521:in `new_constants_in'
/usr/lib/ruby/gems/1.8/gems/activesupport-2.2.2/lib/active_support/dependencies.rb:381:in `load_file'
/usr/lib/ruby/gems/1.8/gems/activesupport-2.2.2/lib/active_support/dependencies.rb:256:in `require_or_load'
/usr/lib/ruby/gems/1.8/gems/activesupport-2.2.2/lib/active_support/dependencies.rb:221:in `depend_on'
/usr/lib/ruby/gems/1.8/gems/activesupport-2.2.2/lib/active_support/dependencies.rb:133:in `require_dependency'
/usr/lib/ruby/gems/1.8/gems/activerecord-2.2.2/lib/active_record/fixtures.rb:856:in `try_to_load_dependency'
/usr/lib/ruby/gems/1.8/gems/activerecord-2.2.2/lib/active_record/fixtures.rb:871:in `require_fixture_classes'
/usr/lib/ruby/gems/1.8/gems/activerecord-2.2.2/lib/active_record/fixtures.rb:868:in `each'
/usr/lib/ruby/gems/1.8/gems/activerecord-2.2.2/lib/active_record/fixtures.rb:868:in `require_fixture_classes'
/usr/lib/ruby/gems/1.8/gems/activerecord-2.2.2/lib/active_record/fixtures.rb:851:in `fixtures'
./test/unit/../test_helper.rb:31
./test/unit/nested_assignment_test.rb:1:in `require'
./test/unit/nested_assignment_test.rb:1
/usr/lib/ruby/gems/1.8/gems/rake-0.8.3/lib/rake/rake_test_loader.rb:5:in `load'
/usr/lib/ruby/gems/1.8/gems/rake-0.8.3/lib/rake/rake_test_loader.rb:5
/usr/lib/ruby/gems/1.8/gems/rake-0.8.3/lib/rake/rake_test_loader.rb:5:in `each'
/usr/lib/ruby/gems/1.8/gems/rake-0.8.3/lib/rake/rake_test_loader.rb:5
Unable to load service, underlying cause no such file to load -- service.rb 

 /usr/lib/ruby/gems/1.8/gems/activesupport-2.2.2/lib/active_support/dependencies.rb:382:in `load_without_new_constant_marking'
/usr/lib/ruby/gems/1.8/gems/activesupport-2.2.2/lib/active_support/dependencies.rb:382:in `load_file'
/usr/lib/ruby/gems/1.8/gems/activesupport-2.2.2/lib/active_support/dependencies.rb:521:in `new_constants_in'
/usr/lib/ruby/gems/1.8/gems/activesupport-2.2.2/lib/active_support/dependencies.rb:381:in `load_file'
/usr/lib/ruby/gems/1.8/gems/activesupport-2.2.2/lib/active_support/dependencies.rb:256:in `require_or_load'
/usr/lib/ruby/gems/1.8/gems/activesupport-2.2.2/lib/active_support/dependencies.rb:221:in `depend_on'
/usr/lib/ruby/gems/1.8/gems/activesupport-2.2.2/lib/active_support/dependencies.rb:133:in `require_dependency'
/usr/lib/ruby/gems/1.8/gems/activerecord-2.2.2/lib/active_record/fixtures.rb:856:in `try_to_load_dependency'
/usr/lib/ruby/gems/1.8/gems/activerecord-2.2.2/lib/active_record/fixtures.rb:871:in `require_fixture_classes'
/usr/lib/ruby/gems/1.8/gems/activerecord-2.2.2/lib/active_record/fixtures.rb:868:in `each'
/usr/lib/ruby/gems/1.8/gems/activerecord-2.2.2/lib/active_record/fixtures.rb:868:in `require_fixture_classes'
/usr/lib/ruby/gems/1.8/gems/activerecord-2.2.2/lib/active_record/fixtures.rb:851:in `fixtures'
./test/unit/../test_helper.rb:31
./test/unit/nested_assignment_test.rb:1:in `require'
./test/unit/nested_assignment_test.rb:1
/usr/lib/ruby/gems/1.8/gems/rake-0.8.3/lib/rake/rake_test_loader.rb:5:in `load'
/usr/lib/ruby/gems/1.8/gems/rake-0.8.3/lib/rake/rake_test_loader.rb:5
/usr/lib/ruby/gems/1.8/gems/rake-0.8.3/lib/rake/rake_test_loader.rb:5:in `each'
/usr/lib/ruby/gems/1.8/gems/rake-0.8.3/lib/rake/rake_test_loader.rb:5
Unable to load subscription, underlying cause no such file to load -- subscription.rb 

 /usr/lib/ruby/gems/1.8/gems/activesupport-2.2.2/lib/active_support/dependencies.rb:382:in `load_without_new_constant_marking'
/usr/lib/ruby/gems/1.8/gems/activesupport-2.2.2/lib/active_support/dependencies.rb:382:in `load_file'
/usr/lib/ruby/gems/1.8/gems/activesupport-2.2.2/lib/active_support/dependencies.rb:521:in `new_constants_in'
/usr/lib/ruby/gems/1.8/gems/activesupport-2.2.2/lib/active_support/dependencies.rb:381:in `load_file'
/usr/lib/ruby/gems/1.8/gems/activesupport-2.2.2/lib/active_support/dependencies.rb:256:in `require_or_load'
/usr/lib/ruby/gems/1.8/gems/activesupport-2.2.2/lib/active_support/dependencies.rb:221:in `depend_on'
/usr/lib/ruby/gems/1.8/gems/activesupport-2.2.2/lib/active_support/dependencies.rb:133:in `require_dependency'
/usr/lib/ruby/gems/1.8/gems/activerecord-2.2.2/lib/active_record/fixtures.rb:856:in `try_to_load_dependency'
/usr/lib/ruby/gems/1.8/gems/activerecord-2.2.2/lib/active_record/fixtures.rb:871:in `require_fixture_classes'
/usr/lib/ruby/gems/1.8/gems/activerecord-2.2.2/lib/active_record/fixtures.rb:868:in `each'
/usr/lib/ruby/gems/1.8/gems/activerecord-2.2.2/lib/active_record/fixtures.rb:868:in `require_fixture_classes'
/usr/lib/ruby/gems/1.8/gems/activerecord-2.2.2/lib/active_record/fixtures.rb:851:in `fixtures'
./test/unit/../test_helper.rb:31
./test/unit/nested_assignment_test.rb:1:in `require'
./test/unit/nested_assignment_test.rb:1
/usr/lib/ruby/gems/1.8/gems/rake-0.8.3/lib/rake/rake_test_loader.rb:5:in `load'
/usr/lib/ruby/gems/1.8/gems/rake-0.8.3/lib/rake/rake_test_loader.rb:5
/usr/lib/ruby/gems/1.8/gems/rake-0.8.3/lib/rake/rake_test_loader.rb:5:in `each'
/usr/lib/ruby/gems/1.8/gems/rake-0.8.3/lib/rake/rake_test_loader.rb:5
Unable to load address, underlying cause no such file to load -- address.rb 

 /usr/lib/ruby/gems/1.8/gems/activesupport-2.2.2/lib/active_support/dependencies.rb:382:in `load_without_new_constant_marking'
/usr/lib/ruby/gems/1.8/gems/activesupport-2.2.2/lib/active_support/dependencies.rb:382:in `load_file'
/usr/lib/ruby/gems/1.8/gems/activesupport-2.2.2/lib/active_support/dependencies.rb:521:in `new_constants_in'
/usr/lib/ruby/gems/1.8/gems/activesupport-2.2.2/lib/active_support/dependencies.rb:381:in `load_file'
/usr/lib/ruby/gems/1.8/gems/activesupport-2.2.2/lib/active_support/dependencies.rb:256:in `require_or_load'
/usr/lib/ruby/gems/1.8/gems/activesupport-2.2.2/lib/active_support/dependencies.rb:221:in `depend_on'
/usr/lib/ruby/gems/1.8/gems/activesupport-2.2.2/lib/active_support/dependencies.rb:133:in `require_dependency'
/usr/lib/ruby/gems/1.8/gems/activerecord-2.2.2/lib/active_record/fixtures.rb:856:in `try_to_load_dependency'
/usr/lib/ruby/gems/1.8/gems/activerecord-2.2.2/lib/active_record/fixtures.rb:871:in `require_fixture_classes'
/usr/lib/ruby/gems/1.8/gems/activerecord-2.2.2/lib/active_record/fixtures.rb:868:in `each'
/usr/lib/ruby/gems/1.8/gems/activerecord-2.2.2/lib/active_record/fixtures.rb:868:in `require_fixture_classes'
/usr/lib/ruby/gems/1.8/gems/activerecord-2.2.2/lib/active_record/fixtures.rb:851:in `fixtures'
./test/unit/../test_helper.rb:31
./test/unit/nested_assignment_test.rb:1:in `require'
./test/unit/nested_assignment_test.rb:1
/usr/lib/ruby/gems/1.8/gems/rake-0.8.3/lib/rake/rake_test_loader.rb:5:in `load'
/usr/lib/ruby/gems/1.8/gems/rake-0.8.3/lib/rake/rake_test_loader.rb:5
/usr/lib/ruby/gems/1.8/gems/rake-0.8.3/lib/rake/rake_test_loader.rb:5:in `each'
/usr/lib/ruby/gems/1.8/gems/rake-0.8.3/lib/rake/rake_test_loader.rb:5
Unable to load user, underlying cause no such file to load -- user.rb 

 /usr/lib/ruby/gems/1.8/gems/activesupport-2.2.2/lib/active_support/dependencies.rb:382:in `load_without_new_constant_marking'
/usr/lib/ruby/gems/1.8/gems/activesupport-2.2.2/lib/active_support/dependencies.rb:382:in `load_file'
/usr/lib/ruby/gems/1.8/gems/activesupport-2.2.2/lib/active_support/dependencies.rb:521:in `new_constants_in'
/usr/lib/ruby/gems/1.8/gems/activesupport-2.2.2/lib/active_support/dependencies.rb:381:in `load_file'
/usr/lib/ruby/gems/1.8/gems/activesupport-2.2.2/lib/active_support/dependencies.rb:256:in `require_or_load'
/usr/lib/ruby/gems/1.8/gems/activesupport-2.2.2/lib/active_support/dependencies.rb:221:in `depend_on'
/usr/lib/ruby/gems/1.8/gems/activesupport-2.2.2/lib/active_support/dependencies.rb:133:in `require_dependency'
/usr/lib/ruby/gems/1.8/gems/activerecord-2.2.2/lib/active_record/fixtures.rb:856:in `try_to_load_dependency'
/usr/lib/ruby/gems/1.8/gems/activerecord-2.2.2/lib/active_record/fixtures.rb:871:in `require_fixture_classes'
/usr/lib/ruby/gems/1.8/gems/activerecord-2.2.2/lib/active_record/fixtures.rb:868:in `each'
/usr/lib/ruby/gems/1.8/gems/activerecord-2.2.2/lib/active_record/fixtures.rb:868:in `require_fixture_classes'
/usr/lib/ruby/gems/1.8/gems/activerecord-2.2.2/lib/active_record/fixtures.rb:851:in `fixtures'
./test/unit/../test_helper.rb:31
./test/unit/nested_assignment_test.rb:1:in `require'
./test/unit/nested_assignment_test.rb:1
/usr/lib/ruby/gems/1.8/gems/rake-0.8.3/lib/rake/rake_test_loader.rb:5:in `load'
/usr/lib/ruby/gems/1.8/gems/rake-0.8.3/lib/rake/rake_test_loader.rb:5
/usr/lib/ruby/gems/1.8/gems/rake-0.8.3/lib/rake/rake_test_loader.rb:5:in `each'
/usr/lib/ruby/gems/1.8/gems/rake-0.8.3/lib/rake/rake_test_loader.rb:5
Unable to load role, underlying cause no such file to load -- role.rb 

 /usr/lib/ruby/gems/1.8/gems/activesupport-2.2.2/lib/active_support/dependencies.rb:382:in `load_without_new_constant_marking'
/usr/lib/ruby/gems/1.8/gems/activesupport-2.2.2/lib/active_support/dependencies.rb:382:in `load_file'
/usr/lib/ruby/gems/1.8/gems/activesupport-2.2.2/lib/active_support/dependencies.rb:521:in `new_constants_in'
/usr/lib/ruby/gems/1.8/gems/activesupport-2.2.2/lib/active_support/dependencies.rb:381:in `load_file'
/usr/lib/ruby/gems/1.8/gems/activesupport-2.2.2/lib/active_support/dependencies.rb:256:in `require_or_load'
/usr/lib/ruby/gems/1.8/gems/activesupport-2.2.2/lib/active_support/dependencies.rb:221:in `depend_on'
/usr/lib/ruby/gems/1.8/gems/activesupport-2.2.2/lib/active_support/dependencies.rb:133:in `require_dependency'
/usr/lib/ruby/gems/1.8/gems/activerecord-2.2.2/lib/active_record/fixtures.rb:856:in `try_to_load_dependency'
/usr/lib/ruby/gems/1.8/gems/activerecord-2.2.2/lib/active_record/fixtures.rb:871:in `require_fixture_classes'
/usr/lib/ruby/gems/1.8/gems/activerecord-2.2.2/lib/active_record/fixtures.rb:868:in `each'
/usr/lib/ruby/gems/1.8/gems/activerecord-2.2.2/lib/active_record/fixtures.rb:868:in `require_fixture_classes'
/usr/lib/ruby/gems/1.8/gems/activerecord-2.2.2/lib/active_record/fixtures.rb:851:in `fixtures'
./test/unit/../test_helper.rb:31
./test/unit/nested_assignment_test.rb:1:in `require'
./test/unit/nested_assignment_test.rb:1
/usr/lib/ruby/gems/1.8/gems/rake-0.8.3/lib/rake/rake_test_loader.rb:5:in `load'
/usr/lib/ruby/gems/1.8/gems/rake-0.8.3/lib/rake/rake_test_loader.rb:5
/usr/lib/ruby/gems/1.8/gems/rake-0.8.3/lib/rake/rake_test_loader.rb:5:in `each'
/usr/lib/ruby/gems/1.8/gems/rake-0.8.3/lib/rake/rake_test_loader.rb:5
  [4;35;1mSQL (0.4ms)[0m   [0m SELECT name
 FROM sqlite_master
 WHERE type = 'table' AND NOT name = 'sqlite_sequence'
[0m
  [4;36;1mSQL (0.2ms)[0m   [0;1mselect sqlite_version(*)[0m
  [4;35;1mSQL (0.1ms)[0m   [0m SELECT name
 FROM sqlite_master
 WHERE type = 'table' AND NOT name = 'sqlite_sequence'
[0m
  [4;36;1mSQL (0.2ms)[0m   [0;1mCREATE TABLE "addresses" ("id" INTEGER PRIMARY KEY AUTOINCREMENT NOT NULL, "name" varchar(255), "addressable_id" integer, "addressable_type" varchar(255)) [0m
  [4;35;1mSQL (0.1ms)[0m   [0m SELECT name
 FROM sqlite_master
 WHERE type = 'table' AND NOT name = 'sqlite_sequence'
[0m
  [4;36;1mSQL (0.1ms)[0m   [0;1mCREATE TABLE "users" ("id" INTEGER PRIMARY KEY AUTOINCREMENT NOT NULL, "name" varchar(255)) [0m
  [4;35;1mSQL (0.2ms)[0m   [0m SELECT name
 FROM sqlite_master
 WHERE type = 'table' AND NOT name = 'sqlite_sequence'
[0m
  [4;36;1mSQL (0.1ms)[0m   [0;1mCREATE TABLE "roles_users" ("user_id" integer, "role_id" integer) [0m
  [4;35;1mSQL (0.2ms)[0m   [0m SELECT name
 FROM sqlite_master
 WHERE type = 'table' AND NOT name = 'sqlite_sequence'
[0m
  [4;36;1mSQL (0.1ms)[0m   [0;1mCREATE TABLE "services" ("id" INTEGER PRIMARY KEY AUTOINCREMENT NOT NULL, "name" varchar(255)) [0m
  [4;35;1mSQL (0.2ms)[0m   [0m SELECT name
 FROM sqlite_master
 WHERE type = 'table' AND NOT name = 'sqlite_sequence'
[0m
  [4;36;1mSQL (0.1ms)[0m   [0;1mCREATE TABLE "subscriptions" ("id" INTEGER PRIMARY KEY AUTOINCREMENT NOT NULL, "name" varchar(255), "service_id" integer, "user_id" integer) [0m
  [4;35;1mSQL (0.3ms)[0m   [0m SELECT name
 FROM sqlite_master
 WHERE type = 'table' AND NOT name = 'sqlite_sequence'
[0m
  [4;36;1mSQL (0.1ms)[0m   [0;1mCREATE TABLE "roles" ("id" INTEGER PRIMARY KEY AUTOINCREMENT NOT NULL, "name" varchar(255)) [0m
  [4;35;1mSQL (0.3ms)[0m   [0m SELECT name
 FROM sqlite_master
 WHERE type = 'table' AND NOT name = 'sqlite_sequence'
[0m
  [4;36;1mSQL (0.1ms)[0m   [0;1mCREATE TABLE "schema_migrations" ("version" varchar(255) NOT NULL) [0m
  [4;35;1mSQL (0.1ms)[0m   [0mCREATE UNIQUE INDEX "unique_schema_migrations" ON "schema_migrations" ("version")[0m
  [4;36;1mSQL (0.3ms)[0m   [0;1m SELECT name
 FROM sqlite_master
 WHERE type = 'table' AND NOT name = 'sqlite_sequence'
[0m
  [4;35;1mSQL (0.1ms)[0m   [0mSELECT version FROM "schema_migrations"[0m
  [4;36;1mSQL (0.1ms)[0m   [0;1mINSERT INTO "schema_migrations" (version) VALUES ('1')[0m
Unable to load roles_user, underlying cause no such file to load -- roles_user.rb 

 /usr/lib/ruby/gems/1.8/gems/activesupport-2.2.2/lib/active_support/dependencies.rb:382:in `load_without_new_constant_marking'
/usr/lib/ruby/gems/1.8/gems/activesupport-2.2.2/lib/active_support/dependencies.rb:382:in `load_file'
/usr/lib/ruby/gems/1.8/gems/activesupport-2.2.2/lib/active_support/dependencies.rb:521:in `new_constants_in'
/usr/lib/ruby/gems/1.8/gems/activesupport-2.2.2/lib/active_support/dependencies.rb:381:in `load_file'
/usr/lib/ruby/gems/1.8/gems/activesupport-2.2.2/lib/active_support/dependencies.rb:256:in `require_or_load'
/usr/lib/ruby/gems/1.8/gems/activesupport-2.2.2/lib/active_support/dependencies.rb:221:in `depend_on'
/usr/lib/ruby/gems/1.8/gems/activesupport-2.2.2/lib/active_support/dependencies.rb:133:in `require_dependency'
/usr/lib/ruby/gems/1.8/gems/activerecord-2.2.2/lib/active_record/fixtures.rb:856:in `try_to_load_dependency'
/usr/lib/ruby/gems/1.8/gems/activerecord-2.2.2/lib/active_record/fixtures.rb:871:in `require_fixture_classes'
/usr/lib/ruby/gems/1.8/gems/activerecord-2.2.2/lib/active_record/fixtures.rb:868:in `each'
/usr/lib/ruby/gems/1.8/gems/activerecord-2.2.2/lib/active_record/fixtures.rb:868:in `require_fixture_classes'
/usr/lib/ruby/gems/1.8/gems/activerecord-2.2.2/lib/active_record/fixtures.rb:851:in `fixtures'
./test/unit/../test_helper.rb:31
./test/unit/nested_assignment_test.rb:1:in `require'
./test/unit/nested_assignment_test.rb:1
/usr/lib/ruby/gems/1.8/gems/rake-0.8.3/lib/rake/rake_test_loader.rb:5:in `load'
/usr/lib/ruby/gems/1.8/gems/rake-0.8.3/lib/rake/rake_test_loader.rb:5
/usr/lib/ruby/gems/1.8/gems/rake-0.8.3/lib/rake/rake_test_loader.rb:5:in `each'
/usr/lib/ruby/gems/1.8/gems/rake-0.8.3/lib/rake/rake_test_loader.rb:5
Unable to load service, underlying cause no such file to load -- service.rb 

 /usr/lib/ruby/gems/1.8/gems/activesupport-2.2.2/lib/active_support/dependencies.rb:382:in `load_without_new_constant_marking'
/usr/lib/ruby/gems/1.8/gems/activesupport-2.2.2/lib/active_support/dependencies.rb:382:in `load_file'
/usr/lib/ruby/gems/1.8/gems/activesupport-2.2.2/lib/active_support/dependencies.rb:521:in `new_constants_in'
/usr/lib/ruby/gems/1.8/gems/activesupport-2.2.2/lib/active_support/dependencies.rb:381:in `load_file'
/usr/lib/ruby/gems/1.8/gems/activesupport-2.2.2/lib/active_support/dependencies.rb:256:in `require_or_load'
/usr/lib/ruby/gems/1.8/gems/activesupport-2.2.2/lib/active_support/dependencies.rb:221:in `depend_on'
/usr/lib/ruby/gems/1.8/gems/activesupport-2.2.2/lib/active_support/dependencies.rb:133:in `require_dependency'
/usr/lib/ruby/gems/1.8/gems/activerecord-2.2.2/lib/active_record/fixtures.rb:856:in `try_to_load_dependency'
/usr/lib/ruby/gems/1.8/gems/activerecord-2.2.2/lib/active_record/fixtures.rb:871:in `require_fixture_classes'
/usr/lib/ruby/gems/1.8/gems/activerecord-2.2.2/lib/active_record/fixtures.rb:868:in `each'
/usr/lib/ruby/gems/1.8/gems/activerecord-2.2.2/lib/active_record/fixtures.rb:868:in `require_fixture_classes'
/usr/lib/ruby/gems/1.8/gems/activerecord-2.2.2/lib/active_record/fixtures.rb:851:in `fixtures'
./test/unit/../test_helper.rb:31
./test/unit/nested_assignment_test.rb:1:in `require'
./test/unit/nested_assignment_test.rb:1
/usr/lib/ruby/gems/1.8/gems/rake-0.8.3/lib/rake/rake_test_loader.rb:5:in `load'
/usr/lib/ruby/gems/1.8/gems/rake-0.8.3/lib/rake/rake_test_loader.rb:5
/usr/lib/ruby/gems/1.8/gems/rake-0.8.3/lib/rake/rake_test_loader.rb:5:in `each'
/usr/lib/ruby/gems/1.8/gems/rake-0.8.3/lib/rake/rake_test_loader.rb:5
Unable to load subscription, underlying cause no such file to load -- subscription.rb 

 /usr/lib/ruby/gems/1.8/gems/activesupport-2.2.2/lib/active_support/dependencies.rb:382:in `load_without_new_constant_marking'
/usr/lib/ruby/gems/1.8/gems/activesupport-2.2.2/lib/active_support/dependencies.rb:382:in `load_file'
/usr/lib/ruby/gems/1.8/gems/activesupport-2.2.2/lib/active_support/dependencies.rb:521:in `new_constants_in'
/usr/lib/ruby/gems/1.8/gems/activesupport-2.2.2/lib/active_support/dependencies.rb:381:in `load_file'
/usr/lib/ruby/gems/1.8/gems/activesupport-2.2.2/lib/active_support/dependencies.rb:256:in `require_or_load'
/usr/lib/ruby/gems/1.8/gems/activesupport-2.2.2/lib/active_support/dependencies.rb:221:in `depend_on'
/usr/lib/ruby/gems/1.8/gems/activesupport-2.2.2/lib/active_support/dependencies.rb:133:in `require_dependency'
/usr/lib/ruby/gems/1.8/gems/activerecord-2.2.2/lib/active_record/fixtures.rb:856:in `try_to_load_dependency'
/usr/lib/ruby/gems/1.8/gems/activerecord-2.2.2/lib/active_record/fixtures.rb:871:in `require_fixture_classes'
/usr/lib/ruby/gems/1.8/gems/activerecord-2.2.2/lib/active_record/fixtures.rb:868:in `each'
/usr/lib/ruby/gems/1.8/gems/activerecord-2.2.2/lib/active_record/fixtures.rb:868:in `require_fixture_classes'
/usr/lib/ruby/gems/1.8/gems/activerecord-2.2.2/lib/active_record/fixtures.rb:851:in `fixtures'
./test/unit/../test_helper.rb:31
./test/unit/nested_assignment_test.rb:1:in `require'
./test/unit/nested_assignment_test.rb:1
/usr/lib/ruby/gems/1.8/gems/rake-0.8.3/lib/rake/rake_test_loader.rb:5:in `load'
/usr/lib/ruby/gems/1.8/gems/rake-0.8.3/lib/rake/rake_test_loader.rb:5
/usr/lib/ruby/gems/1.8/gems/rake-0.8.3/lib/rake/rake_test_loader.rb:5:in `each'
/usr/lib/ruby/gems/1.8/gems/rake-0.8.3/lib/rake/rake_test_loader.rb:5
Unable to load address, underlying cause no such file to load -- address.rb 

 /usr/lib/ruby/gems/1.8/gems/activesupport-2.2.2/lib/active_support/dependencies.rb:382:in `load_without_new_constant_marking'
/usr/lib/ruby/gems/1.8/gems/activesupport-2.2.2/lib/active_support/dependencies.rb:382:in `load_file'
/usr/lib/ruby/gems/1.8/gems/activesupport-2.2.2/lib/active_support/dependencies.rb:521:in `new_constants_in'
/usr/lib/ruby/gems/1.8/gems/activesupport-2.2.2/lib/active_support/dependencies.rb:381:in `load_file'
/usr/lib/ruby/gems/1.8/gems/activesupport-2.2.2/lib/active_support/dependencies.rb:256:in `require_or_load'
/usr/lib/ruby/gems/1.8/gems/activesupport-2.2.2/lib/active_support/dependencies.rb:221:in `depend_on'
/usr/lib/ruby/gems/1.8/gems/activesupport-2.2.2/lib/active_support/dependencies.rb:133:in `require_dependency'
/usr/lib/ruby/gems/1.8/gems/activerecord-2.2.2/lib/active_record/fixtures.rb:856:in `try_to_load_dependency'
/usr/lib/ruby/gems/1.8/gems/activerecord-2.2.2/lib/active_record/fixtures.rb:871:in `require_fixture_classes'
/usr/lib/ruby/gems/1.8/gems/activerecord-2.2.2/lib/active_record/fixtures.rb:868:in `each'
/usr/lib/ruby/gems/1.8/gems/activerecord-2.2.2/lib/active_record/fixtures.rb:868:in `require_fixture_classes'
/usr/lib/ruby/gems/1.8/gems/activerecord-2.2.2/lib/active_record/fixtures.rb:851:in `fixtures'
./test/unit/../test_helper.rb:31
./test/unit/nested_assignment_test.rb:1:in `require'
./test/unit/nested_assignment_test.rb:1
/usr/lib/ruby/gems/1.8/gems/rake-0.8.3/lib/rake/rake_test_loader.rb:5:in `load'
/usr/lib/ruby/gems/1.8/gems/rake-0.8.3/lib/rake/rake_test_loader.rb:5
/usr/lib/ruby/gems/1.8/gems/rake-0.8.3/lib/rake/rake_test_loader.rb:5:in `each'
/usr/lib/ruby/gems/1.8/gems/rake-0.8.3/lib/rake/rake_test_loader.rb:5
Unable to load user, underlying cause no such file to load -- user.rb 

 /usr/lib/ruby/gems/1.8/gems/activesupport-2.2.2/lib/active_support/dependencies.rb:382:in `load_without_new_constant_marking'
/usr/lib/ruby/gems/1.8/gems/activesupport-2.2.2/lib/active_support/dependencies.rb:382:in `load_file'
/usr/lib/ruby/gems/1.8/gems/activesupport-2.2.2/lib/active_support/dependencies.rb:521:in `new_constants_in'
/usr/lib/ruby/gems/1.8/gems/activesupport-2.2.2/lib/active_support/dependencies.rb:381:in `load_file'
/usr/lib/ruby/gems/1.8/gems/activesupport-2.2.2/lib/active_support/dependencies.rb:256:in `require_or_load'
/usr/lib/ruby/gems/1.8/gems/activesupport-2.2.2/lib/active_support/dependencies.rb:221:in `depend_on'
/usr/lib/ruby/gems/1.8/gems/activesupport-2.2.2/lib/active_support/dependencies.rb:133:in `require_dependency'
/usr/lib/ruby/gems/1.8/gems/activerecord-2.2.2/lib/active_record/fixtures.rb:856:in `try_to_load_dependency'
/usr/lib/ruby/gems/1.8/gems/activerecord-2.2.2/lib/active_record/fixtures.rb:871:in `require_fixture_classes'
/usr/lib/ruby/gems/1.8/gems/activerecord-2.2.2/lib/active_record/fixtures.rb:868:in `each'
/usr/lib/ruby/gems/1.8/gems/activerecord-2.2.2/lib/active_record/fixtures.rb:868:in `require_fixture_classes'
/usr/lib/ruby/gems/1.8/gems/activerecord-2.2.2/lib/active_record/fixtures.rb:851:in `fixtures'
./test/unit/../test_helper.rb:31
./test/unit/nested_assignment_test.rb:1:in `require'
./test/unit/nested_assignment_test.rb:1
/usr/lib/ruby/gems/1.8/gems/rake-0.8.3/lib/rake/rake_test_loader.rb:5:in `load'
/usr/lib/ruby/gems/1.8/gems/rake-0.8.3/lib/rake/rake_test_loader.rb:5
/usr/lib/ruby/gems/1.8/gems/rake-0.8.3/lib/rake/rake_test_loader.rb:5:in `each'
/usr/lib/ruby/gems/1.8/gems/rake-0.8.3/lib/rake/rake_test_loader.rb:5
Unable to load role, underlying cause no such file to load -- role.rb 

 /usr/lib/ruby/gems/1.8/gems/activesupport-2.2.2/lib/active_support/dependencies.rb:382:in `load_without_new_constant_marking'
/usr/lib/ruby/gems/1.8/gems/activesupport-2.2.2/lib/active_support/dependencies.rb:382:in `load_file'
/usr/lib/ruby/gems/1.8/gems/activesupport-2.2.2/lib/active_support/dependencies.rb:521:in `new_constants_in'
/usr/lib/ruby/gems/1.8/gems/activesupport-2.2.2/lib/active_support/dependencies.rb:381:in `load_file'
/usr/lib/ruby/gems/1.8/gems/activesupport-2.2.2/lib/active_support/dependencies.rb:256:in `require_or_load'
/usr/lib/ruby/gems/1.8/gems/activesupport-2.2.2/lib/active_support/dependencies.rb:221:in `depend_on'
/usr/lib/ruby/gems/1.8/gems/activesupport-2.2.2/lib/active_support/dependencies.rb:133:in `require_dependency'
/usr/lib/ruby/gems/1.8/gems/activerecord-2.2.2/lib/active_record/fixtures.rb:856:in `try_to_load_dependency'
/usr/lib/ruby/gems/1.8/gems/activerecord-2.2.2/lib/active_record/fixtures.rb:871:in `require_fixture_classes'
/usr/lib/ruby/gems/1.8/gems/activerecord-2.2.2/lib/active_record/fixtures.rb:868:in `each'
/usr/lib/ruby/gems/1.8/gems/activerecord-2.2.2/lib/active_record/fixtures.rb:868:in `require_fixture_classes'
/usr/lib/ruby/gems/1.8/gems/activerecord-2.2.2/lib/active_record/fixtures.rb:851:in `fixtures'
./test/unit/../test_helper.rb:31
./test/unit/nested_assignment_test.rb:1:in `require'
./test/unit/nested_assignment_test.rb:1
/usr/lib/ruby/gems/1.8/gems/rake-0.8.3/lib/rake/rake_test_loader.rb:5:in `load'
/usr/lib/ruby/gems/1.8/gems/rake-0.8.3/lib/rake/rake_test_loader.rb:5
/usr/lib/ruby/gems/1.8/gems/rake-0.8.3/lib/rake/rake_test_loader.rb:5:in `each'
/usr/lib/ruby/gems/1.8/gems/rake-0.8.3/lib/rake/rake_test_loader.rb:5
  [4;35;1mSQL (0.4ms)[0m   [0m SELECT name
 FROM sqlite_master
 WHERE type = 'table' AND NOT name = 'sqlite_sequence'
[0m
  [4;36;1mSQL (0.2ms)[0m   [0;1mselect sqlite_version(*)[0m
  [4;35;1mSQL (0.1ms)[0m   [0m SELECT name
 FROM sqlite_master
 WHERE type = 'table' AND NOT name = 'sqlite_sequence'
[0m
  [4;36;1mSQL (0.2ms)[0m   [0;1mCREATE TABLE "addresses" ("id" INTEGER PRIMARY KEY AUTOINCREMENT NOT NULL, "name" varchar(255), "addressable_id" integer, "addressable_type" varchar(255)) [0m
  [4;35;1mSQL (0.1ms)[0m   [0m SELECT name
 FROM sqlite_master
 WHERE type = 'table' AND NOT name = 'sqlite_sequence'
[0m
  [4;36;1mSQL (0.1ms)[0m   [0;1mCREATE TABLE "users" ("id" INTEGER PRIMARY KEY AUTOINCREMENT NOT NULL, "name" varchar(255)) [0m
  [4;35;1mSQL (0.2ms)[0m   [0m SELECT name
 FROM sqlite_master
 WHERE type = 'table' AND NOT name = 'sqlite_sequence'
[0m
  [4;36;1mSQL (0.1ms)[0m   [0;1mCREATE TABLE "roles_users" ("user_id" integer, "role_id" integer) [0m
  [4;35;1mSQL (0.2ms)[0m   [0m SELECT name
 FROM sqlite_master
 WHERE type = 'table' AND NOT name = 'sqlite_sequence'
[0m
  [4;36;1mSQL (0.1ms)[0m   [0;1mCREATE TABLE "services" ("id" INTEGER PRIMARY KEY AUTOINCREMENT NOT NULL, "name" varchar(255)) [0m
  [4;35;1mSQL (0.2ms)[0m   [0m SELECT name
 FROM sqlite_master
 WHERE type = 'table' AND NOT name = 'sqlite_sequence'
[0m
  [4;36;1mSQL (0.1ms)[0m   [0;1mCREATE TABLE "subscriptions" ("id" INTEGER PRIMARY KEY AUTOINCREMENT NOT NULL, "name" varchar(255), "service_id" integer, "user_id" integer) [0m
  [4;35;1mSQL (0.3ms)[0m   [0m SELECT name
 FROM sqlite_master
 WHERE type = 'table' AND NOT name = 'sqlite_sequence'
[0m
  [4;36;1mSQL (0.1ms)[0m   [0;1mCREATE TABLE "roles" ("id" INTEGER PRIMARY KEY AUTOINCREMENT NOT NULL, "name" varchar(255)) [0m
  [4;35;1mSQL (0.3ms)[0m   [0m SELECT name
 FROM sqlite_master
 WHERE type = 'table' AND NOT name = 'sqlite_sequence'
[0m
  [4;36;1mSQL (0.1ms)[0m   [0;1mCREATE TABLE "schema_migrations" ("version" varchar(255) NOT NULL) [0m
  [4;35;1mSQL (0.1ms)[0m   [0mCREATE UNIQUE INDEX "unique_schema_migrations" ON "schema_migrations" ("version")[0m
  [4;36;1mSQL (0.4ms)[0m   [0;1m SELECT name
 FROM sqlite_master
 WHERE type = 'table' AND NOT name = 'sqlite_sequence'
[0m
  [4;35;1mSQL (0.1ms)[0m   [0mSELECT version FROM "schema_migrations"[0m
  [4;36;1mSQL (0.1ms)[0m   [0;1mINSERT INTO "schema_migrations" (version) VALUES ('1')[0m
Unable to load roles_user, underlying cause no such file to load -- roles_user.rb 

 /usr/lib/ruby/gems/1.8/gems/activesupport-2.2.2/lib/active_support/dependencies.rb:382:in `load_without_new_constant_marking'
/usr/lib/ruby/gems/1.8/gems/activesupport-2.2.2/lib/active_support/dependencies.rb:382:in `load_file'
/usr/lib/ruby/gems/1.8/gems/activesupport-2.2.2/lib/active_support/dependencies.rb:521:in `new_constants_in'
/usr/lib/ruby/gems/1.8/gems/activesupport-2.2.2/lib/active_support/dependencies.rb:381:in `load_file'
/usr/lib/ruby/gems/1.8/gems/activesupport-2.2.2/lib/active_support/dependencies.rb:256:in `require_or_load'
/usr/lib/ruby/gems/1.8/gems/activesupport-2.2.2/lib/active_support/dependencies.rb:221:in `depend_on'
/usr/lib/ruby/gems/1.8/gems/activesupport-2.2.2/lib/active_support/dependencies.rb:133:in `require_dependency'
/usr/lib/ruby/gems/1.8/gems/activerecord-2.2.2/lib/active_record/fixtures.rb:856:in `try_to_load_dependency'
/usr/lib/ruby/gems/1.8/gems/activerecord-2.2.2/lib/active_record/fixtures.rb:871:in `require_fixture_classes'
/usr/lib/ruby/gems/1.8/gems/activerecord-2.2.2/lib/active_record/fixtures.rb:868:in `each'
/usr/lib/ruby/gems/1.8/gems/activerecord-2.2.2/lib/active_record/fixtures.rb:868:in `require_fixture_classes'
/usr/lib/ruby/gems/1.8/gems/activerecord-2.2.2/lib/active_record/fixtures.rb:851:in `fixtures'
./test/unit/../test_helper.rb:31
./test/unit/nested_assignment_test.rb:1:in `require'
./test/unit/nested_assignment_test.rb:1
/usr/lib/ruby/gems/1.8/gems/rake-0.8.3/lib/rake/rake_test_loader.rb:5:in `load'
/usr/lib/ruby/gems/1.8/gems/rake-0.8.3/lib/rake/rake_test_loader.rb:5
/usr/lib/ruby/gems/1.8/gems/rake-0.8.3/lib/rake/rake_test_loader.rb:5:in `each'
/usr/lib/ruby/gems/1.8/gems/rake-0.8.3/lib/rake/rake_test_loader.rb:5
Unable to load service, underlying cause no such file to load -- service.rb 

 /usr/lib/ruby/gems/1.8/gems/activesupport-2.2.2/lib/active_support/dependencies.rb:382:in `load_without_new_constant_marking'
/usr/lib/ruby/gems/1.8/gems/activesupport-2.2.2/lib/active_support/dependencies.rb:382:in `load_file'
/usr/lib/ruby/gems/1.8/gems/activesupport-2.2.2/lib/active_support/dependencies.rb:521:in `new_constants_in'
/usr/lib/ruby/gems/1.8/gems/activesupport-2.2.2/lib/active_support/dependencies.rb:381:in `load_file'
/usr/lib/ruby/gems/1.8/gems/activesupport-2.2.2/lib/active_support/dependencies.rb:256:in `require_or_load'
/usr/lib/ruby/gems/1.8/gems/activesupport-2.2.2/lib/active_support/dependencies.rb:221:in `depend_on'
/usr/lib/ruby/gems/1.8/gems/activesupport-2.2.2/lib/active_support/dependencies.rb:133:in `require_dependency'
/usr/lib/ruby/gems/1.8/gems/activerecord-2.2.2/lib/active_record/fixtures.rb:856:in `try_to_load_dependency'
/usr/lib/ruby/gems/1.8/gems/activerecord-2.2.2/lib/active_record/fixtures.rb:871:in `require_fixture_classes'
/usr/lib/ruby/gems/1.8/gems/activerecord-2.2.2/lib/active_record/fixtures.rb:868:in `each'
/usr/lib/ruby/gems/1.8/gems/activerecord-2.2.2/lib/active_record/fixtures.rb:868:in `require_fixture_classes'
/usr/lib/ruby/gems/1.8/gems/activerecord-2.2.2/lib/active_record/fixtures.rb:851:in `fixtures'
./test/unit/../test_helper.rb:31
./test/unit/nested_assignment_test.rb:1:in `require'
./test/unit/nested_assignment_test.rb:1
/usr/lib/ruby/gems/1.8/gems/rake-0.8.3/lib/rake/rake_test_loader.rb:5:in `load'
/usr/lib/ruby/gems/1.8/gems/rake-0.8.3/lib/rake/rake_test_loader.rb:5
/usr/lib/ruby/gems/1.8/gems/rake-0.8.3/lib/rake/rake_test_loader.rb:5:in `each'
/usr/lib/ruby/gems/1.8/gems/rake-0.8.3/lib/rake/rake_test_loader.rb:5
Unable to load subscription, underlying cause no such file to load -- subscription.rb 

 /usr/lib/ruby/gems/1.8/gems/activesupport-2.2.2/lib/active_support/dependencies.rb:382:in `load_without_new_constant_marking'
/usr/lib/ruby/gems/1.8/gems/activesupport-2.2.2/lib/active_support/dependencies.rb:382:in `load_file'
/usr/lib/ruby/gems/1.8/gems/activesupport-2.2.2/lib/active_support/dependencies.rb:521:in `new_constants_in'
/usr/lib/ruby/gems/1.8/gems/activesupport-2.2.2/lib/active_support/dependencies.rb:381:in `load_file'
/usr/lib/ruby/gems/1.8/gems/activesupport-2.2.2/lib/active_support/dependencies.rb:256:in `require_or_load'
/usr/lib/ruby/gems/1.8/gems/activesupport-2.2.2/lib/active_support/dependencies.rb:221:in `depend_on'
/usr/lib/ruby/gems/1.8/gems/activesupport-2.2.2/lib/active_support/dependencies.rb:133:in `require_dependency'
/usr/lib/ruby/gems/1.8/gems/activerecord-2.2.2/lib/active_record/fixtures.rb:856:in `try_to_load_dependency'
/usr/lib/ruby/gems/1.8/gems/activerecord-2.2.2/lib/active_record/fixtures.rb:871:in `require_fixture_classes'
/usr/lib/ruby/gems/1.8/gems/activerecord-2.2.2/lib/active_record/fixtures.rb:868:in `each'
/usr/lib/ruby/gems/1.8/gems/activerecord-2.2.2/lib/active_record/fixtures.rb:868:in `require_fixture_classes'
/usr/lib/ruby/gems/1.8/gems/activerecord-2.2.2/lib/active_record/fixtures.rb:851:in `fixtures'
./test/unit/../test_helper.rb:31
./test/unit/nested_assignment_test.rb:1:in `require'
./test/unit/nested_assignment_test.rb:1
/usr/lib/ruby/gems/1.8/gems/rake-0.8.3/lib/rake/rake_test_loader.rb:5:in `load'
/usr/lib/ruby/gems/1.8/gems/rake-0.8.3/lib/rake/rake_test_loader.rb:5
/usr/lib/ruby/gems/1.8/gems/rake-0.8.3/lib/rake/rake_test_loader.rb:5:in `each'
/usr/lib/ruby/gems/1.8/gems/rake-0.8.3/lib/rake/rake_test_loader.rb:5
Unable to load address, underlying cause no such file to load -- address.rb 

 /usr/lib/ruby/gems/1.8/gems/activesupport-2.2.2/lib/active_support/dependencies.rb:382:in `load_without_new_constant_marking'
/usr/lib/ruby/gems/1.8/gems/activesupport-2.2.2/lib/active_support/dependencies.rb:382:in `load_file'
/usr/lib/ruby/gems/1.8/gems/activesupport-2.2.2/lib/active_support/dependencies.rb:521:in `new_constants_in'
/usr/lib/ruby/gems/1.8/gems/activesupport-2.2.2/lib/active_support/dependencies.rb:381:in `load_file'
/usr/lib/ruby/gems/1.8/gems/activesupport-2.2.2/lib/active_support/dependencies.rb:256:in `require_or_load'
/usr/lib/ruby/gems/1.8/gems/activesupport-2.2.2/lib/active_support/dependencies.rb:221:in `depend_on'
/usr/lib/ruby/gems/1.8/gems/activesupport-2.2.2/lib/active_support/dependencies.rb:133:in `require_dependency'
/usr/lib/ruby/gems/1.8/gems/activerecord-2.2.2/lib/active_record/fixtures.rb:856:in `try_to_load_dependency'
/usr/lib/ruby/gems/1.8/gems/activerecord-2.2.2/lib/active_record/fixtures.rb:871:in `require_fixture_classes'
/usr/lib/ruby/gems/1.8/gems/activerecord-2.2.2/lib/active_record/fixtures.rb:868:in `each'
/usr/lib/ruby/gems/1.8/gems/activerecord-2.2.2/lib/active_record/fixtures.rb:868:in `require_fixture_classes'
/usr/lib/ruby/gems/1.8/gems/activerecord-2.2.2/lib/active_record/fixtures.rb:851:in `fixtures'
./test/unit/../test_helper.rb:31
./test/unit/nested_assignment_test.rb:1:in `require'
./test/unit/nested_assignment_test.rb:1
/usr/lib/ruby/gems/1.8/gems/rake-0.8.3/lib/rake/rake_test_loader.rb:5:in `load'
/usr/lib/ruby/gems/1.8/gems/rake-0.8.3/lib/rake/rake_test_loader.rb:5
/usr/lib/ruby/gems/1.8/gems/rake-0.8.3/lib/rake/rake_test_loader.rb:5:in `each'
/usr/lib/ruby/gems/1.8/gems/rake-0.8.3/lib/rake/rake_test_loader.rb:5
Unable to load user, underlying cause no such file to load -- user.rb 

 /usr/lib/ruby/gems/1.8/gems/activesupport-2.2.2/lib/active_support/dependencies.rb:382:in `load_without_new_constant_marking'
/usr/lib/ruby/gems/1.8/gems/activesupport-2.2.2/lib/active_support/dependencies.rb:382:in `load_file'
/usr/lib/ruby/gems/1.8/gems/activesupport-2.2.2/lib/active_support/dependencies.rb:521:in `new_constants_in'
/usr/lib/ruby/gems/1.8/gems/activesupport-2.2.2/lib/active_support/dependencies.rb:381:in `load_file'
/usr/lib/ruby/gems/1.8/gems/activesupport-2.2.2/lib/active_support/dependencies.rb:256:in `require_or_load'
/usr/lib/ruby/gems/1.8/gems/activesupport-2.2.2/lib/active_support/dependencies.rb:221:in `depend_on'
/usr/lib/ruby/gems/1.8/gems/activesupport-2.2.2/lib/active_support/dependencies.rb:133:in `require_dependency'
/usr/lib/ruby/gems/1.8/gems/activerecord-2.2.2/lib/active_record/fixtures.rb:856:in `try_to_load_dependency'
/usr/lib/ruby/gems/1.8/gems/activerecord-2.2.2/lib/active_record/fixtures.rb:871:in `require_fixture_classes'
/usr/lib/ruby/gems/1.8/gems/activerecord-2.2.2/lib/active_record/fixtures.rb:868:in `each'
/usr/lib/ruby/gems/1.8/gems/activerecord-2.2.2/lib/active_record/fixtures.rb:868:in `require_fixture_classes'
/usr/lib/ruby/gems/1.8/gems/activerecord-2.2.2/lib/active_record/fixtures.rb:851:in `fixtures'
./test/unit/../test_helper.rb:31
./test/unit/nested_assignment_test.rb:1:in `require'
./test/unit/nested_assignment_test.rb:1
/usr/lib/ruby/gems/1.8/gems/rake-0.8.3/lib/rake/rake_test_loader.rb:5:in `load'
/usr/lib/ruby/gems/1.8/gems/rake-0.8.3/lib/rake/rake_test_loader.rb:5
/usr/lib/ruby/gems/1.8/gems/rake-0.8.3/lib/rake/rake_test_loader.rb:5:in `each'
/usr/lib/ruby/gems/1.8/gems/rake-0.8.3/lib/rake/rake_test_loader.rb:5
Unable to load role, underlying cause no such file to load -- role.rb 

 /usr/lib/ruby/gems/1.8/gems/activesupport-2.2.2/lib/active_support/dependencies.rb:382:in `load_without_new_constant_marking'
/usr/lib/ruby/gems/1.8/gems/activesupport-2.2.2/lib/active_support/dependencies.rb:382:in `load_file'
/usr/lib/ruby/gems/1.8/gems/activesupport-2.2.2/lib/active_support/dependencies.rb:521:in `new_constants_in'
/usr/lib/ruby/gems/1.8/gems/activesupport-2.2.2/lib/active_support/dependencies.rb:381:in `load_file'
/usr/lib/ruby/gems/1.8/gems/activesupport-2.2.2/lib/active_support/dependencies.rb:256:in `require_or_load'
/usr/lib/ruby/gems/1.8/gems/activesupport-2.2.2/lib/active_support/dependencies.rb:221:in `depend_on'
/usr/lib/ruby/gems/1.8/gems/activesupport-2.2.2/lib/active_support/dependencies.rb:133:in `require_dependency'
/usr/lib/ruby/gems/1.8/gems/activerecord-2.2.2/lib/active_record/fixtures.rb:856:in `try_to_load_dependency'
/usr/lib/ruby/gems/1.8/gems/activerecord-2.2.2/lib/active_record/fixtures.rb:871:in `require_fixture_classes'
/usr/lib/ruby/gems/1.8/gems/activerecord-2.2.2/lib/active_record/fixtures.rb:868:in `each'
/usr/lib/ruby/gems/1.8/gems/activerecord-2.2.2/lib/active_record/fixtures.rb:868:in `require_fixture_classes'
/usr/lib/ruby/gems/1.8/gems/activerecord-2.2.2/lib/active_record/fixtures.rb:851:in `fixtures'
./test/unit/../test_helper.rb:31
./test/unit/nested_assignment_test.rb:1:in `require'
./test/unit/nested_assignment_test.rb:1
/usr/lib/ruby/gems/1.8/gems/rake-0.8.3/lib/rake/rake_test_loader.rb:5:in `load'
/usr/lib/ruby/gems/1.8/gems/rake-0.8.3/lib/rake/rake_test_loader.rb:5
/usr/lib/ruby/gems/1.8/gems/rake-0.8.3/lib/rake/rake_test_loader.rb:5:in `each'
/usr/lib/ruby/gems/1.8/gems/rake-0.8.3/lib/rake/rake_test_loader.rb:5
  [4;36;1mSQL (0.2ms)[0m   [0;1mselect sqlite_version(*)[0m
  [4;35;1mSQL (0.1ms)[0m   [0m SELECT name
 FROM sqlite_master
 WHERE type = 'table' AND NOT name = 'sqlite_sequence'
[0m
  [4;36;1mSQL (0.2ms)[0m   [0;1mCREATE TABLE "addresses" ("id" INTEGER PRIMARY KEY AUTOINCREMENT NOT NULL, "name" varchar(255), "addressable_id" integer, "addressable_type" varchar(255)) [0m
  [4;35;1mSQL (0.1ms)[0m   [0m SELECT name
 FROM sqlite_master
 WHERE type = 'table' AND NOT name = 'sqlite_sequence'
[0m
  [4;36;1mSQL (0.1ms)[0m   [0;1mCREATE TABLE "users" ("id" INTEGER PRIMARY KEY AUTOINCREMENT NOT NULL, "name" varchar(255)) [0m
  [4;35;1mSQL (0.2ms)[0m   [0m SELECT name
 FROM sqlite_master
 WHERE type = 'table' AND NOT name = 'sqlite_sequence'
[0m
  [4;36;1mSQL (0.1ms)[0m   [0;1mCREATE TABLE "roles_users" ("user_id" integer, "role_id" integer) [0m
  [4;35;1mSQL (0.2ms)[0m   [0m SELECT name
 FROM sqlite_master
 WHERE type = 'table' AND NOT name = 'sqlite_sequence'
[0m
  [4;36;1mSQL (0.1ms)[0m   [0;1mCREATE TABLE "services" ("id" INTEGER PRIMARY KEY AUTOINCREMENT NOT NULL, "name" varchar(255)) [0m
  [4;35;1mSQL (0.2ms)[0m   [0m SELECT name
 FROM sqlite_master
 WHERE type = 'table' AND NOT name = 'sqlite_sequence'
[0m
  [4;36;1mSQL (0.1ms)[0m   [0;1mCREATE TABLE "subscriptions" ("id" INTEGER PRIMARY KEY AUTOINCREMENT NOT NULL, "name" varchar(255), "service_id" integer, "user_id" integer) [0m
  [4;35;1mSQL (0.3ms)[0m   [0m SELECT name
 FROM sqlite_master
 WHERE type = 'table' AND NOT name = 'sqlite_sequence'
[0m
  [4;36;1mSQL (0.1ms)[0m   [0;1mCREATE TABLE "roles" ("id" INTEGER PRIMARY KEY AUTOINCREMENT NOT NULL, "name" varchar(255)) [0m
  [4;35;1mSQL (0.3ms)[0m   [0m SELECT name
 FROM sqlite_master
 WHERE type = 'table' AND NOT name = 'sqlite_sequence'
[0m
  [4;36;1mSQL (0.1ms)[0m   [0;1mCREATE TABLE "schema_migrations" ("version" varchar(255) NOT NULL) [0m
  [4;35;1mSQL (0.1ms)[0m   [0mCREATE UNIQUE INDEX "unique_schema_migrations" ON "schema_migrations" ("version")[0m
  [4;36;1mSQL (0.4ms)[0m   [0;1m SELECT name
 FROM sqlite_master
 WHERE type = 'table' AND NOT name = 'sqlite_sequence'
[0m
  [4;35;1mSQL (0.1ms)[0m   [0mSELECT version FROM "schema_migrations"[0m
  [4;36;1mSQL (0.1ms)[0m   [0;1mINSERT INTO "schema_migrations" (version) VALUES ('1')[0m
Unable to load roles_user, underlying cause no such file to load -- roles_user.rb 

 /usr/lib/ruby/gems/1.8/gems/activesupport-2.2.2/lib/active_support/dependencies.rb:382:in `load_without_new_constant_marking'
/usr/lib/ruby/gems/1.8/gems/activesupport-2.2.2/lib/active_support/dependencies.rb:382:in `load_file'
/usr/lib/ruby/gems/1.8/gems/activesupport-2.2.2/lib/active_support/dependencies.rb:521:in `new_constants_in'
/usr/lib/ruby/gems/1.8/gems/activesupport-2.2.2/lib/active_support/dependencies.rb:381:in `load_file'
/usr/lib/ruby/gems/1.8/gems/activesupport-2.2.2/lib/active_support/dependencies.rb:256:in `require_or_load'
/usr/lib/ruby/gems/1.8/gems/activesupport-2.2.2/lib/active_support/dependencies.rb:221:in `depend_on'
/usr/lib/ruby/gems/1.8/gems/activesupport-2.2.2/lib/active_support/dependencies.rb:133:in `require_dependency'
/usr/lib/ruby/gems/1.8/gems/activerecord-2.2.2/lib/active_record/fixtures.rb:856:in `try_to_load_dependency'
/usr/lib/ruby/gems/1.8/gems/activerecord-2.2.2/lib/active_record/fixtures.rb:871:in `require_fixture_classes'
/usr/lib/ruby/gems/1.8/gems/activerecord-2.2.2/lib/active_record/fixtures.rb:868:in `each'
/usr/lib/ruby/gems/1.8/gems/activerecord-2.2.2/lib/active_record/fixtures.rb:868:in `require_fixture_classes'
/usr/lib/ruby/gems/1.8/gems/activerecord-2.2.2/lib/active_record/fixtures.rb:851:in `fixtures'
./test/unit/../test_helper.rb:31
./test/unit/nested_assignment_test.rb:1:in `require'
./test/unit/nested_assignment_test.rb:1
/usr/lib/ruby/gems/1.8/gems/rake-0.8.3/lib/rake/rake_test_loader.rb:5:in `load'
/usr/lib/ruby/gems/1.8/gems/rake-0.8.3/lib/rake/rake_test_loader.rb:5
/usr/lib/ruby/gems/1.8/gems/rake-0.8.3/lib/rake/rake_test_loader.rb:5:in `each'
/usr/lib/ruby/gems/1.8/gems/rake-0.8.3/lib/rake/rake_test_loader.rb:5
Unable to load service, underlying cause no such file to load -- service.rb 

 /usr/lib/ruby/gems/1.8/gems/activesupport-2.2.2/lib/active_support/dependencies.rb:382:in `load_without_new_constant_marking'
/usr/lib/ruby/gems/1.8/gems/activesupport-2.2.2/lib/active_support/dependencies.rb:382:in `load_file'
/usr/lib/ruby/gems/1.8/gems/activesupport-2.2.2/lib/active_support/dependencies.rb:521:in `new_constants_in'
/usr/lib/ruby/gems/1.8/gems/activesupport-2.2.2/lib/active_support/dependencies.rb:381:in `load_file'
/usr/lib/ruby/gems/1.8/gems/activesupport-2.2.2/lib/active_support/dependencies.rb:256:in `require_or_load'
/usr/lib/ruby/gems/1.8/gems/activesupport-2.2.2/lib/active_support/dependencies.rb:221:in `depend_on'
/usr/lib/ruby/gems/1.8/gems/activesupport-2.2.2/lib/active_support/dependencies.rb:133:in `require_dependency'
/usr/lib/ruby/gems/1.8/gems/activerecord-2.2.2/lib/active_record/fixtures.rb:856:in `try_to_load_dependency'
/usr/lib/ruby/gems/1.8/gems/activerecord-2.2.2/lib/active_record/fixtures.rb:871:in `require_fixture_classes'
/usr/lib/ruby/gems/1.8/gems/activerecord-2.2.2/lib/active_record/fixtures.rb:868:in `each'
/usr/lib/ruby/gems/1.8/gems/activerecord-2.2.2/lib/active_record/fixtures.rb:868:in `require_fixture_classes'
/usr/lib/ruby/gems/1.8/gems/activerecord-2.2.2/lib/active_record/fixtures.rb:851:in `fixtures'
./test/unit/../test_helper.rb:31
./test/unit/nested_assignment_test.rb:1:in `require'
./test/unit/nested_assignment_test.rb:1
/usr/lib/ruby/gems/1.8/gems/rake-0.8.3/lib/rake/rake_test_loader.rb:5:in `load'
/usr/lib/ruby/gems/1.8/gems/rake-0.8.3/lib/rake/rake_test_loader.rb:5
/usr/lib/ruby/gems/1.8/gems/rake-0.8.3/lib/rake/rake_test_loader.rb:5:in `each'
/usr/lib/ruby/gems/1.8/gems/rake-0.8.3/lib/rake/rake_test_loader.rb:5
Unable to load subscription, underlying cause no such file to load -- subscription.rb 

 /usr/lib/ruby/gems/1.8/gems/activesupport-2.2.2/lib/active_support/dependencies.rb:382:in `load_without_new_constant_marking'
/usr/lib/ruby/gems/1.8/gems/activesupport-2.2.2/lib/active_support/dependencies.rb:382:in `load_file'
/usr/lib/ruby/gems/1.8/gems/activesupport-2.2.2/lib/active_support/dependencies.rb:521:in `new_constants_in'
/usr/lib/ruby/gems/1.8/gems/activesupport-2.2.2/lib/active_support/dependencies.rb:381:in `load_file'
/usr/lib/ruby/gems/1.8/gems/activesupport-2.2.2/lib/active_support/dependencies.rb:256:in `require_or_load'
/usr/lib/ruby/gems/1.8/gems/activesupport-2.2.2/lib/active_support/dependencies.rb:221:in `depend_on'
/usr/lib/ruby/gems/1.8/gems/activesupport-2.2.2/lib/active_support/dependencies.rb:133:in `require_dependency'
/usr/lib/ruby/gems/1.8/gems/activerecord-2.2.2/lib/active_record/fixtures.rb:856:in `try_to_load_dependency'
/usr/lib/ruby/gems/1.8/gems/activerecord-2.2.2/lib/active_record/fixtures.rb:871:in `require_fixture_classes'
/usr/lib/ruby/gems/1.8/gems/activerecord-2.2.2/lib/active_record/fixtures.rb:868:in `each'
/usr/lib/ruby/gems/1.8/gems/activerecord-2.2.2/lib/active_record/fixtures.rb:868:in `require_fixture_classes'
/usr/lib/ruby/gems/1.8/gems/activerecord-2.2.2/lib/active_record/fixtures.rb:851:in `fixtures'
./test/unit/../test_helper.rb:31
./test/unit/nested_assignment_test.rb:1:in `require'
./test/unit/nested_assignment_test.rb:1
/usr/lib/ruby/gems/1.8/gems/rake-0.8.3/lib/rake/rake_test_loader.rb:5:in `load'
/usr/lib/ruby/gems/1.8/gems/rake-0.8.3/lib/rake/rake_test_loader.rb:5
/usr/lib/ruby/gems/1.8/gems/rake-0.8.3/lib/rake/rake_test_loader.rb:5:in `each'
/usr/lib/ruby/gems/1.8/gems/rake-0.8.3/lib/rake/rake_test_loader.rb:5
Unable to load address, underlying cause no such file to load -- address.rb 

 /usr/lib/ruby/gems/1.8/gems/activesupport-2.2.2/lib/active_support/dependencies.rb:382:in `load_without_new_constant_marking'
/usr/lib/ruby/gems/1.8/gems/activesupport-2.2.2/lib/active_support/dependencies.rb:382:in `load_file'
/usr/lib/ruby/gems/1.8/gems/activesupport-2.2.2/lib/active_support/dependencies.rb:521:in `new_constants_in'
/usr/lib/ruby/gems/1.8/gems/activesupport-2.2.2/lib/active_support/dependencies.rb:381:in `load_file'
/usr/lib/ruby/gems/1.8/gems/activesupport-2.2.2/lib/active_support/dependencies.rb:256:in `require_or_load'
/usr/lib/ruby/gems/1.8/gems/activesupport-2.2.2/lib/active_support/dependencies.rb:221:in `depend_on'
/usr/lib/ruby/gems/1.8/gems/activesupport-2.2.2/lib/active_support/dependencies.rb:133:in `require_dependency'
/usr/lib/ruby/gems/1.8/gems/activerecord-2.2.2/lib/active_record/fixtures.rb:856:in `try_to_load_dependency'
/usr/lib/ruby/gems/1.8/gems/activerecord-2.2.2/lib/active_record/fixtures.rb:871:in `require_fixture_classes'
/usr/lib/ruby/gems/1.8/gems/activerecord-2.2.2/lib/active_record/fixtures.rb:868:in `each'
/usr/lib/ruby/gems/1.8/gems/activerecord-2.2.2/lib/active_record/fixtures.rb:868:in `require_fixture_classes'
/usr/lib/ruby/gems/1.8/gems/activerecord-2.2.2/lib/active_record/fixtures.rb:851:in `fixtures'
./test/unit/../test_helper.rb:31
./test/unit/nested_assignment_test.rb:1:in `require'
./test/unit/nested_assignment_test.rb:1
/usr/lib/ruby/gems/1.8/gems/rake-0.8.3/lib/rake/rake_test_loader.rb:5:in `load'
/usr/lib/ruby/gems/1.8/gems/rake-0.8.3/lib/rake/rake_test_loader.rb:5
/usr/lib/ruby/gems/1.8/gems/rake-0.8.3/lib/rake/rake_test_loader.rb:5:in `each'
/usr/lib/ruby/gems/1.8/gems/rake-0.8.3/lib/rake/rake_test_loader.rb:5
Unable to load user, underlying cause no such file to load -- user.rb 

 /usr/lib/ruby/gems/1.8/gems/activesupport-2.2.2/lib/active_support/dependencies.rb:382:in `load_without_new_constant_marking'
/usr/lib/ruby/gems/1.8/gems/activesupport-2.2.2/lib/active_support/dependencies.rb:382:in `load_file'
/usr/lib/ruby/gems/1.8/gems/activesupport-2.2.2/lib/active_support/dependencies.rb:521:in `new_constants_in'
/usr/lib/ruby/gems/1.8/gems/activesupport-2.2.2/lib/active_support/dependencies.rb:381:in `load_file'
/usr/lib/ruby/gems/1.8/gems/activesupport-2.2.2/lib/active_support/dependencies.rb:256:in `require_or_load'
/usr/lib/ruby/gems/1.8/gems/activesupport-2.2.2/lib/active_support/dependencies.rb:221:in `depend_on'
/usr/lib/ruby/gems/1.8/gems/activesupport-2.2.2/lib/active_support/dependencies.rb:133:in `require_dependency'
/usr/lib/ruby/gems/1.8/gems/activerecord-2.2.2/lib/active_record/fixtures.rb:856:in `try_to_load_dependency'
/usr/lib/ruby/gems/1.8/gems/activerecord-2.2.2/lib/active_record/fixtures.rb:871:in `require_fixture_classes'
/usr/lib/ruby/gems/1.8/gems/activerecord-2.2.2/lib/active_record/fixtures.rb:868:in `each'
/usr/lib/ruby/gems/1.8/gems/activerecord-2.2.2/lib/active_record/fixtures.rb:868:in `require_fixture_classes'
/usr/lib/ruby/gems/1.8/gems/activerecord-2.2.2/lib/active_record/fixtures.rb:851:in `fixtures'
./test/unit/../test_helper.rb:31
./test/unit/nested_assignment_test.rb:1:in `require'
./test/unit/nested_assignment_test.rb:1
/usr/lib/ruby/gems/1.8/gems/rake-0.8.3/lib/rake/rake_test_loader.rb:5:in `load'
/usr/lib/ruby/gems/1.8/gems/rake-0.8.3/lib/rake/rake_test_loader.rb:5
/usr/lib/ruby/gems/1.8/gems/rake-0.8.3/lib/rake/rake_test_loader.rb:5:in `each'
/usr/lib/ruby/gems/1.8/gems/rake-0.8.3/lib/rake/rake_test_loader.rb:5
Unable to load role, underlying cause no such file to load -- role.rb 

 /usr/lib/ruby/gems/1.8/gems/activesupport-2.2.2/lib/active_support/dependencies.rb:382:in `load_without_new_constant_marking'
/usr/lib/ruby/gems/1.8/gems/activesupport-2.2.2/lib/active_support/dependencies.rb:382:in `load_file'
/usr/lib/ruby/gems/1.8/gems/activesupport-2.2.2/lib/active_support/dependencies.rb:521:in `new_constants_in'
/usr/lib/ruby/gems/1.8/gems/activesupport-2.2.2/lib/active_support/dependencies.rb:381:in `load_file'
/usr/lib/ruby/gems/1.8/gems/activesupport-2.2.2/lib/active_support/dependencies.rb:256:in `require_or_load'
/usr/lib/ruby/gems/1.8/gems/activesupport-2.2.2/lib/active_support/dependencies.rb:221:in `depend_on'
/usr/lib/ruby/gems/1.8/gems/activesupport-2.2.2/lib/active_support/dependencies.rb:133:in `require_dependency'
/usr/lib/ruby/gems/1.8/gems/activerecord-2.2.2/lib/active_record/fixtures.rb:856:in `try_to_load_dependency'
/usr/lib/ruby/gems/1.8/gems/activerecord-2.2.2/lib/active_record/fixtures.rb:871:in `require_fixture_classes'
/usr/lib/ruby/gems/1.8/gems/activerecord-2.2.2/lib/active_record/fixtures.rb:868:in `each'
/usr/lib/ruby/gems/1.8/gems/activerecord-2.2.2/lib/active_record/fixtures.rb:868:in `require_fixture_classes'
/usr/lib/ruby/gems/1.8/gems/activerecord-2.2.2/lib/active_record/fixtures.rb:851:in `fixtures'
./test/unit/../test_helper.rb:31
./test/unit/nested_assignment_test.rb:1:in `require'
./test/unit/nested_assignment_test.rb:1
/usr/lib/ruby/gems/1.8/gems/rake-0.8.3/lib/rake/rake_test_loader.rb:5:in `load'
/usr/lib/ruby/gems/1.8/gems/rake-0.8.3/lib/rake/rake_test_loader.rb:5
/usr/lib/ruby/gems/1.8/gems/rake-0.8.3/lib/rake/rake_test_loader.rb:5:in `each'
/usr/lib/ruby/gems/1.8/gems/rake-0.8.3/lib/rake/rake_test_loader.rb:5
  [4;35;1mPluginTestModels::User Load (0.1ms)[0m   [0mSELECT * FROM "users" WHERE ("users"."id" = 1) [0m
  [4;36;1mPluginTestModels::User Load (0.1ms)[0m   [0;1mSELECT * FROM "users" WHERE ("users"."id" = 1) [0m
  [4;35;1mSQL (0.4ms)[0m   [0m SELECT name
 FROM sqlite_master
 WHERE type = 'table' AND NOT name = 'sqlite_sequence'
[0m
  [4;36;1mSQL (0.3ms)[0m   [0;1mselect sqlite_version(*)[0m
  [4;35;1mSQL (0.2ms)[0m   [0m SELECT name
 FROM sqlite_master
 WHERE type = 'table' AND NOT name = 'sqlite_sequence'
[0m
  [4;36;1mSQL (0.4ms)[0m   [0;1mCREATE TABLE "addresses" ("id" INTEGER PRIMARY KEY AUTOINCREMENT NOT NULL, "name" varchar(255), "addressable_id" integer, "addressable_type" varchar(255)) [0m
  [4;35;1mSQL (0.2ms)[0m   [0m SELECT name
 FROM sqlite_master
 WHERE type = 'table' AND NOT name = 'sqlite_sequence'
[0m
  [4;36;1mSQL (0.2ms)[0m   [0;1mCREATE TABLE "users" ("id" INTEGER PRIMARY KEY AUTOINCREMENT NOT NULL, "name" varchar(255)) [0m
  [4;35;1mSQL (0.2ms)[0m   [0m SELECT name
 FROM sqlite_master
 WHERE type = 'table' AND NOT name = 'sqlite_sequence'
[0m
  [4;36;1mSQL (0.2ms)[0m   [0;1mCREATE TABLE "roles_users" ("user_id" integer, "role_id" integer) [0m
  [4;35;1mSQL (0.3ms)[0m   [0m SELECT name
 FROM sqlite_master
 WHERE type = 'table' AND NOT name = 'sqlite_sequence'
[0m
  [4;36;1mSQL (0.2ms)[0m   [0;1mCREATE TABLE "services" ("id" INTEGER PRIMARY KEY AUTOINCREMENT NOT NULL, "name" varchar(255)) [0m
  [4;35;1mSQL (0.3ms)[0m   [0m SELECT name
 FROM sqlite_master
 WHERE type = 'table' AND NOT name = 'sqlite_sequence'
[0m
  [4;36;1mSQL (0.2ms)[0m   [0;1mCREATE TABLE "subscriptions" ("id" INTEGER PRIMARY KEY AUTOINCREMENT NOT NULL, "name" varchar(255), "service_id" integer, "user_id" integer) [0m
  [4;35;1mSQL (0.4ms)[0m   [0m SELECT name
 FROM sqlite_master
 WHERE type = 'table' AND NOT name = 'sqlite_sequence'
[0m
  [4;36;1mSQL (0.2ms)[0m   [0;1mCREATE TABLE "roles" ("id" INTEGER PRIMARY KEY AUTOINCREMENT NOT NULL, "name" varchar(255)) [0m
  [4;35;1mSQL (0.5ms)[0m   [0m SELECT name
 FROM sqlite_master
 WHERE type = 'table' AND NOT name = 'sqlite_sequence'
[0m
  [4;36;1mSQL (0.2ms)[0m   [0;1mCREATE TABLE "schema_migrations" ("version" varchar(255) NOT NULL) [0m
  [4;35;1mSQL (0.2ms)[0m   [0mCREATE UNIQUE INDEX "unique_schema_migrations" ON "schema_migrations" ("version")[0m
  [4;36;1mSQL (0.5ms)[0m   [0;1m SELECT name
 FROM sqlite_master
 WHERE type = 'table' AND NOT name = 'sqlite_sequence'
[0m
  [4;35;1mSQL (0.1ms)[0m   [0mSELECT version FROM "schema_migrations"[0m
  [4;36;1mSQL (0.1ms)[0m   [0;1mINSERT INTO "schema_migrations" (version) VALUES ('1')[0m
Unable to load roles_user, underlying cause no such file to load -- roles_user.rb 

 /usr/lib/ruby/gems/1.8/gems/activesupport-2.2.2/lib/active_support/dependencies.rb:382:in `load_without_new_constant_marking'
/usr/lib/ruby/gems/1.8/gems/activesupport-2.2.2/lib/active_support/dependencies.rb:382:in `load_file'
/usr/lib/ruby/gems/1.8/gems/activesupport-2.2.2/lib/active_support/dependencies.rb:521:in `new_constants_in'
/usr/lib/ruby/gems/1.8/gems/activesupport-2.2.2/lib/active_support/dependencies.rb:381:in `load_file'
/usr/lib/ruby/gems/1.8/gems/activesupport-2.2.2/lib/active_support/dependencies.rb:256:in `require_or_load'
/usr/lib/ruby/gems/1.8/gems/activesupport-2.2.2/lib/active_support/dependencies.rb:221:in `depend_on'
/usr/lib/ruby/gems/1.8/gems/activesupport-2.2.2/lib/active_support/dependencies.rb:133:in `require_dependency'
/usr/lib/ruby/gems/1.8/gems/activerecord-2.2.2/lib/active_record/fixtures.rb:856:in `try_to_load_dependency'
/usr/lib/ruby/gems/1.8/gems/activerecord-2.2.2/lib/active_record/fixtures.rb:871:in `require_fixture_classes'
/usr/lib/ruby/gems/1.8/gems/activerecord-2.2.2/lib/active_record/fixtures.rb:868:in `each'
/usr/lib/ruby/gems/1.8/gems/activerecord-2.2.2/lib/active_record/fixtures.rb:868:in `require_fixture_classes'
/usr/lib/ruby/gems/1.8/gems/activerecord-2.2.2/lib/active_record/fixtures.rb:851:in `fixtures'
./test/unit/../test_helper.rb:31
./test/unit/nested_assignment_test.rb:1:in `require'
./test/unit/nested_assignment_test.rb:1
/usr/lib/ruby/gems/1.8/gems/rake-0.8.3/lib/rake/rake_test_loader.rb:5:in `load'
/usr/lib/ruby/gems/1.8/gems/rake-0.8.3/lib/rake/rake_test_loader.rb:5
/usr/lib/ruby/gems/1.8/gems/rake-0.8.3/lib/rake/rake_test_loader.rb:5:in `each'
/usr/lib/ruby/gems/1.8/gems/rake-0.8.3/lib/rake/rake_test_loader.rb:5
Unable to load service, underlying cause no such file to load -- service.rb 

 /usr/lib/ruby/gems/1.8/gems/activesupport-2.2.2/lib/active_support/dependencies.rb:382:in `load_without_new_constant_marking'
/usr/lib/ruby/gems/1.8/gems/activesupport-2.2.2/lib/active_support/dependencies.rb:382:in `load_file'
/usr/lib/ruby/gems/1.8/gems/activesupport-2.2.2/lib/active_support/dependencies.rb:521:in `new_constants_in'
/usr/lib/ruby/gems/1.8/gems/activesupport-2.2.2/lib/active_support/dependencies.rb:381:in `load_file'
/usr/lib/ruby/gems/1.8/gems/activesupport-2.2.2/lib/active_support/dependencies.rb:256:in `require_or_load'
/usr/lib/ruby/gems/1.8/gems/activesupport-2.2.2/lib/active_support/dependencies.rb:221:in `depend_on'
/usr/lib/ruby/gems/1.8/gems/activesupport-2.2.2/lib/active_support/dependencies.rb:133:in `require_dependency'
/usr/lib/ruby/gems/1.8/gems/activerecord-2.2.2/lib/active_record/fixtures.rb:856:in `try_to_load_dependency'
/usr/lib/ruby/gems/1.8/gems/activerecord-2.2.2/lib/active_record/fixtures.rb:871:in `require_fixture_classes'
/usr/lib/ruby/gems/1.8/gems/activerecord-2.2.2/lib/active_record/fixtures.rb:868:in `each'
/usr/lib/ruby/gems/1.8/gems/activerecord-2.2.2/lib/active_record/fixtures.rb:868:in `require_fixture_classes'
/usr/lib/ruby/gems/1.8/gems/activerecord-2.2.2/lib/active_record/fixtures.rb:851:in `fixtures'
./test/unit/../test_helper.rb:31
./test/unit/nested_assignment_test.rb:1:in `require'
./test/unit/nested_assignment_test.rb:1
/usr/lib/ruby/gems/1.8/gems/rake-0.8.3/lib/rake/rake_test_loader.rb:5:in `load'
/usr/lib/ruby/gems/1.8/gems/rake-0.8.3/lib/rake/rake_test_loader.rb:5
/usr/lib/ruby/gems/1.8/gems/rake-0.8.3/lib/rake/rake_test_loader.rb:5:in `each'
/usr/lib/ruby/gems/1.8/gems/rake-0.8.3/lib/rake/rake_test_loader.rb:5
Unable to load subscription, underlying cause no such file to load -- subscription.rb 

 /usr/lib/ruby/gems/1.8/gems/activesupport-2.2.2/lib/active_support/dependencies.rb:382:in `load_without_new_constant_marking'
/usr/lib/ruby/gems/1.8/gems/activesupport-2.2.2/lib/active_support/dependencies.rb:382:in `load_file'
/usr/lib/ruby/gems/1.8/gems/activesupport-2.2.2/lib/active_support/dependencies.rb:521:in `new_constants_in'
/usr/lib/ruby/gems/1.8/gems/activesupport-2.2.2/lib/active_support/dependencies.rb:381:in `load_file'
/usr/lib/ruby/gems/1.8/gems/activesupport-2.2.2/lib/active_support/dependencies.rb:256:in `require_or_load'
/usr/lib/ruby/gems/1.8/gems/activesupport-2.2.2/lib/active_support/dependencies.rb:221:in `depend_on'
/usr/lib/ruby/gems/1.8/gems/activesupport-2.2.2/lib/active_support/dependencies.rb:133:in `require_dependency'
/usr/lib/ruby/gems/1.8/gems/activerecord-2.2.2/lib/active_record/fixtures.rb:856:in `try_to_load_dependency'
/usr/lib/ruby/gems/1.8/gems/activerecord-2.2.2/lib/active_record/fixtures.rb:871:in `require_fixture_classes'
/usr/lib/ruby/gems/1.8/gems/activerecord-2.2.2/lib/active_record/fixtures.rb:868:in `each'
/usr/lib/ruby/gems/1.8/gems/activerecord-2.2.2/lib/active_record/fixtures.rb:868:in `require_fixture_classes'
/usr/lib/ruby/gems/1.8/gems/activerecord-2.2.2/lib/active_record/fixtures.rb:851:in `fixtures'
./test/unit/../test_helper.rb:31
./test/unit/nested_assignment_test.rb:1:in `require'
./test/unit/nested_assignment_test.rb:1
/usr/lib/ruby/gems/1.8/gems/rake-0.8.3/lib/rake/rake_test_loader.rb:5:in `load'
/usr/lib/ruby/gems/1.8/gems/rake-0.8.3/lib/rake/rake_test_loader.rb:5
/usr/lib/ruby/gems/1.8/gems/rake-0.8.3/lib/rake/rake_test_loader.rb:5:in `each'
/usr/lib/ruby/gems/1.8/gems/rake-0.8.3/lib/rake/rake_test_loader.rb:5
Unable to load address, underlying cause no such file to load -- address.rb 

 /usr/lib/ruby/gems/1.8/gems/activesupport-2.2.2/lib/active_support/dependencies.rb:382:in `load_without_new_constant_marking'
/usr/lib/ruby/gems/1.8/gems/activesupport-2.2.2/lib/active_support/dependencies.rb:382:in `load_file'
/usr/lib/ruby/gems/1.8/gems/activesupport-2.2.2/lib/active_support/dependencies.rb:521:in `new_constants_in'
/usr/lib/ruby/gems/1.8/gems/activesupport-2.2.2/lib/active_support/dependencies.rb:381:in `load_file'
/usr/lib/ruby/gems/1.8/gems/activesupport-2.2.2/lib/active_support/dependencies.rb:256:in `require_or_load'
/usr/lib/ruby/gems/1.8/gems/activesupport-2.2.2/lib/active_support/dependencies.rb:221:in `depend_on'
/usr/lib/ruby/gems/1.8/gems/activesupport-2.2.2/lib/active_support/dependencies.rb:133:in `require_dependency'
/usr/lib/ruby/gems/1.8/gems/activerecord-2.2.2/lib/active_record/fixtures.rb:856:in `try_to_load_dependency'
/usr/lib/ruby/gems/1.8/gems/activerecord-2.2.2/lib/active_record/fixtures.rb:871:in `require_fixture_classes'
/usr/lib/ruby/gems/1.8/gems/activerecord-2.2.2/lib/active_record/fixtures.rb:868:in `each'
/usr/lib/ruby/gems/1.8/gems/activerecord-2.2.2/lib/active_record/fixtures.rb:868:in `require_fixture_classes'
/usr/lib/ruby/gems/1.8/gems/activerecord-2.2.2/lib/active_record/fixtures.rb:851:in `fixtures'
./test/unit/../test_helper.rb:31
./test/unit/nested_assignment_test.rb:1:in `require'
./test/unit/nested_assignment_test.rb:1
/usr/lib/ruby/gems/1.8/gems/rake-0.8.3/lib/rake/rake_test_loader.rb:5:in `load'
/usr/lib/ruby/gems/1.8/gems/rake-0.8.3/lib/rake/rake_test_loader.rb:5
/usr/lib/ruby/gems/1.8/gems/rake-0.8.3/lib/rake/rake_test_loader.rb:5:in `each'
/usr/lib/ruby/gems/1.8/gems/rake-0.8.3/lib/rake/rake_test_loader.rb:5
Unable to load user, underlying cause no such file to load -- user.rb 

 /usr/lib/ruby/gems/1.8/gems/activesupport-2.2.2/lib/active_support/dependencies.rb:382:in `load_without_new_constant_marking'
/usr/lib/ruby/gems/1.8/gems/activesupport-2.2.2/lib/active_support/dependencies.rb:382:in `load_file'
/usr/lib/ruby/gems/1.8/gems/activesupport-2.2.2/lib/active_support/dependencies.rb:521:in `new_constants_in'
/usr/lib/ruby/gems/1.8/gems/activesupport-2.2.2/lib/active_support/dependencies.rb:381:in `load_file'
/usr/lib/ruby/gems/1.8/gems/activesupport-2.2.2/lib/active_support/dependencies.rb:256:in `require_or_load'
/usr/lib/ruby/gems/1.8/gems/activesupport-2.2.2/lib/active_support/dependencies.rb:221:in `depend_on'
/usr/lib/ruby/gems/1.8/gems/activesupport-2.2.2/lib/active_support/dependencies.rb:133:in `require_dependency'
/usr/lib/ruby/gems/1.8/gems/activerecord-2.2.2/lib/active_record/fixtures.rb:856:in `try_to_load_dependency'
/usr/lib/ruby/gems/1.8/gems/activerecord-2.2.2/lib/active_record/fixtures.rb:871:in `require_fixture_classes'
/usr/lib/ruby/gems/1.8/gems/activerecord-2.2.2/lib/active_record/fixtures.rb:868:in `each'
/usr/lib/ruby/gems/1.8/gems/activerecord-2.2.2/lib/active_record/fixtures.rb:868:in `require_fixture_classes'
/usr/lib/ruby/gems/1.8/gems/activerecord-2.2.2/lib/active_record/fixtures.rb:851:in `fixtures'
./test/unit/../test_helper.rb:31
./test/unit/nested_assignment_test.rb:1:in `require'
./test/unit/nested_assignment_test.rb:1
/usr/lib/ruby/gems/1.8/gems/rake-0.8.3/lib/rake/rake_test_loader.rb:5:in `load'
/usr/lib/ruby/gems/1.8/gems/rake-0.8.3/lib/rake/rake_test_loader.rb:5
/usr/lib/ruby/gems/1.8/gems/rake-0.8.3/lib/rake/rake_test_loader.rb:5:in `each'
/usr/lib/ruby/gems/1.8/gems/rake-0.8.3/lib/rake/rake_test_loader.rb:5
Unable to load role, underlying cause no such file to load -- role.rb 

 /usr/lib/ruby/gems/1.8/gems/activesupport-2.2.2/lib/active_support/dependencies.rb:382:in `load_without_new_constant_marking'
/usr/lib/ruby/gems/1.8/gems/activesupport-2.2.2/lib/active_support/dependencies.rb:382:in `load_file'
/usr/lib/ruby/gems/1.8/gems/activesupport-2.2.2/lib/active_support/dependencies.rb:521:in `new_constants_in'
/usr/lib/ruby/gems/1.8/gems/activesupport-2.2.2/lib/active_support/dependencies.rb:381:in `load_file'
/usr/lib/ruby/gems/1.8/gems/activesupport-2.2.2/lib/active_support/dependencies.rb:256:in `require_or_load'
/usr/lib/ruby/gems/1.8/gems/activesupport-2.2.2/lib/active_support/dependencies.rb:221:in `depend_on'
/usr/lib/ruby/gems/1.8/gems/activesupport-2.2.2/lib/active_support/dependencies.rb:133:in `require_dependency'
/usr/lib/ruby/gems/1.8/gems/activerecord-2.2.2/lib/active_record/fixtures.rb:856:in `try_to_load_dependency'
/usr/lib/ruby/gems/1.8/gems/activerecord-2.2.2/lib/active_record/fixtures.rb:871:in `require_fixture_classes'
/usr/lib/ruby/gems/1.8/gems/activerecord-2.2.2/lib/active_record/fixtures.rb:868:in `each'
/usr/lib/ruby/gems/1.8/gems/activerecord-2.2.2/lib/active_record/fixtures.rb:868:in `require_fixture_classes'
/usr/lib/ruby/gems/1.8/gems/activerecord-2.2.2/lib/active_record/fixtures.rb:851:in `fixtures'
./test/unit/../test_helper.rb:31
./test/unit/nested_assignment_test.rb:1:in `require'
./test/unit/nested_assignment_test.rb:1
/usr/lib/ruby/gems/1.8/gems/rake-0.8.3/lib/rake/rake_test_loader.rb:5:in `load'
/usr/lib/ruby/gems/1.8/gems/rake-0.8.3/lib/rake/rake_test_loader.rb:5
/usr/lib/ruby/gems/1.8/gems/rake-0.8.3/lib/rake/rake_test_loader.rb:5:in `each'
/usr/lib/ruby/gems/1.8/gems/rake-0.8.3/lib/rake/rake_test_loader.rb:5
  [4;35;1mPluginTestModels::User Load (0.2ms)[0m   [0mSELECT * FROM "users" WHERE ("users"."id" = 1) [0m
  [4;36;1mPluginTestModels::User Load (0.2ms)[0m   [0;1mSELECT * FROM "users" WHERE ("users"."id" = 1) [0m
  [4;35;1mSQL (0.6ms)[0m   [0m SELECT name
 FROM sqlite_master
 WHERE type = 'table' AND NOT name = 'sqlite_sequence'
[0m
  [4;36;1mSQL (0.3ms)[0m   [0;1mselect sqlite_version(*)[0m
  [4;35;1mSQL (0.2ms)[0m   [0m SELECT name
 FROM sqlite_master
 WHERE type = 'table' AND NOT name = 'sqlite_sequence'
[0m
  [4;36;1mSQL (0.4ms)[0m   [0;1mCREATE TABLE "addresses" ("id" INTEGER PRIMARY KEY AUTOINCREMENT NOT NULL, "name" varchar(255), "addressable_id" integer, "addressable_type" varchar(255)) [0m
  [4;35;1mSQL (0.2ms)[0m   [0m SELECT name
 FROM sqlite_master
 WHERE type = 'table' AND NOT name = 'sqlite_sequence'
[0m
  [4;36;1mSQL (0.2ms)[0m   [0;1mCREATE TABLE "users" ("id" INTEGER PRIMARY KEY AUTOINCREMENT NOT NULL, "name" varchar(255)) [0m
  [4;35;1mSQL (0.2ms)[0m   [0m SELECT name
 FROM sqlite_master
 WHERE type = 'table' AND NOT name = 'sqlite_sequence'
[0m
  [4;36;1mSQL (0.2ms)[0m   [0;1mCREATE TABLE "roles_users" ("user_id" integer, "role_id" integer) [0m
  [4;35;1mSQL (0.3ms)[0m   [0m SELECT name
 FROM sqlite_master
 WHERE type = 'table' AND NOT name = 'sqlite_sequence'
[0m
  [4;36;1mSQL (0.2ms)[0m   [0;1mCREATE TABLE "services" ("id" INTEGER PRIMARY KEY AUTOINCREMENT NOT NULL, "name" varchar(255)) [0m
  [4;35;1mSQL (0.3ms)[0m   [0m SELECT name
 FROM sqlite_master
 WHERE type = 'table' AND NOT name = 'sqlite_sequence'
[0m
  [4;36;1mSQL (0.2ms)[0m   [0;1mCREATE TABLE "subscriptions" ("id" INTEGER PRIMARY KEY AUTOINCREMENT NOT NULL, "name" varchar(255), "service_id" integer, "user_id" integer) [0m
  [4;35;1mSQL (0.4ms)[0m   [0m SELECT name
 FROM sqlite_master
 WHERE type = 'table' AND NOT name = 'sqlite_sequence'
[0m
  [4;36;1mSQL (0.2ms)[0m   [0;1mCREATE TABLE "roles" ("id" INTEGER PRIMARY KEY AUTOINCREMENT NOT NULL, "name" varchar(255)) [0m
  [4;35;1mSQL (0.5ms)[0m   [0m SELECT name
 FROM sqlite_master
 WHERE type = 'table' AND NOT name = 'sqlite_sequence'
[0m
  [4;36;1mSQL (0.2ms)[0m   [0;1mCREATE TABLE "schema_migrations" ("version" varchar(255) NOT NULL) [0m
  [4;35;1mSQL (0.2ms)[0m   [0mCREATE UNIQUE INDEX "unique_schema_migrations" ON "schema_migrations" ("version")[0m
  [4;36;1mSQL (0.5ms)[0m   [0;1m SELECT name
 FROM sqlite_master
 WHERE type = 'table' AND NOT name = 'sqlite_sequence'
[0m
  [4;35;1mSQL (0.1ms)[0m   [0mSELECT version FROM "schema_migrations"[0m
  [4;36;1mSQL (0.1ms)[0m   [0;1mINSERT INTO "schema_migrations" (version) VALUES ('1')[0m
Unable to load roles_user, underlying cause no such file to load -- roles_user.rb 

 /usr/lib/ruby/gems/1.8/gems/activesupport-2.2.2/lib/active_support/dependencies.rb:382:in `load_without_new_constant_marking'
/usr/lib/ruby/gems/1.8/gems/activesupport-2.2.2/lib/active_support/dependencies.rb:382:in `load_file'
/usr/lib/ruby/gems/1.8/gems/activesupport-2.2.2/lib/active_support/dependencies.rb:521:in `new_constants_in'
/usr/lib/ruby/gems/1.8/gems/activesupport-2.2.2/lib/active_support/dependencies.rb:381:in `load_file'
/usr/lib/ruby/gems/1.8/gems/activesupport-2.2.2/lib/active_support/dependencies.rb:256:in `require_or_load'
/usr/lib/ruby/gems/1.8/gems/activesupport-2.2.2/lib/active_support/dependencies.rb:221:in `depend_on'
/usr/lib/ruby/gems/1.8/gems/activesupport-2.2.2/lib/active_support/dependencies.rb:133:in `require_dependency'
/usr/lib/ruby/gems/1.8/gems/activerecord-2.2.2/lib/active_record/fixtures.rb:856:in `try_to_load_dependency'
/usr/lib/ruby/gems/1.8/gems/activerecord-2.2.2/lib/active_record/fixtures.rb:871:in `require_fixture_classes'
/usr/lib/ruby/gems/1.8/gems/activerecord-2.2.2/lib/active_record/fixtures.rb:868:in `each'
/usr/lib/ruby/gems/1.8/gems/activerecord-2.2.2/lib/active_record/fixtures.rb:868:in `require_fixture_classes'
/usr/lib/ruby/gems/1.8/gems/activerecord-2.2.2/lib/active_record/fixtures.rb:851:in `fixtures'
./test/unit/../test_helper.rb:31
./test/unit/nested_assignment_test.rb:1:in `require'
./test/unit/nested_assignment_test.rb:1
/usr/lib/ruby/gems/1.8/gems/rake-0.8.3/lib/rake/rake_test_loader.rb:5:in `load'
/usr/lib/ruby/gems/1.8/gems/rake-0.8.3/lib/rake/rake_test_loader.rb:5
/usr/lib/ruby/gems/1.8/gems/rake-0.8.3/lib/rake/rake_test_loader.rb:5:in `each'
/usr/lib/ruby/gems/1.8/gems/rake-0.8.3/lib/rake/rake_test_loader.rb:5
Unable to load service, underlying cause no such file to load -- service.rb 

 /usr/lib/ruby/gems/1.8/gems/activesupport-2.2.2/lib/active_support/dependencies.rb:382:in `load_without_new_constant_marking'
/usr/lib/ruby/gems/1.8/gems/activesupport-2.2.2/lib/active_support/dependencies.rb:382:in `load_file'
/usr/lib/ruby/gems/1.8/gems/activesupport-2.2.2/lib/active_support/dependencies.rb:521:in `new_constants_in'
/usr/lib/ruby/gems/1.8/gems/activesupport-2.2.2/lib/active_support/dependencies.rb:381:in `load_file'
/usr/lib/ruby/gems/1.8/gems/activesupport-2.2.2/lib/active_support/dependencies.rb:256:in `require_or_load'
/usr/lib/ruby/gems/1.8/gems/activesupport-2.2.2/lib/active_support/dependencies.rb:221:in `depend_on'
/usr/lib/ruby/gems/1.8/gems/activesupport-2.2.2/lib/active_support/dependencies.rb:133:in `require_dependency'
/usr/lib/ruby/gems/1.8/gems/activerecord-2.2.2/lib/active_record/fixtures.rb:856:in `try_to_load_dependency'
/usr/lib/ruby/gems/1.8/gems/activerecord-2.2.2/lib/active_record/fixtures.rb:871:in `require_fixture_classes'
/usr/lib/ruby/gems/1.8/gems/activerecord-2.2.2/lib/active_record/fixtures.rb:868:in `each'
/usr/lib/ruby/gems/1.8/gems/activerecord-2.2.2/lib/active_record/fixtures.rb:868:in `require_fixture_classes'
/usr/lib/ruby/gems/1.8/gems/activerecord-2.2.2/lib/active_record/fixtures.rb:851:in `fixtures'
./test/unit/../test_helper.rb:31
./test/unit/nested_assignment_test.rb:1:in `require'
./test/unit/nested_assignment_test.rb:1
/usr/lib/ruby/gems/1.8/gems/rake-0.8.3/lib/rake/rake_test_loader.rb:5:in `load'
/usr/lib/ruby/gems/1.8/gems/rake-0.8.3/lib/rake/rake_test_loader.rb:5
/usr/lib/ruby/gems/1.8/gems/rake-0.8.3/lib/rake/rake_test_loader.rb:5:in `each'
/usr/lib/ruby/gems/1.8/gems/rake-0.8.3/lib/rake/rake_test_loader.rb:5
Unable to load subscription, underlying cause no such file to load -- subscription.rb 

 /usr/lib/ruby/gems/1.8/gems/activesupport-2.2.2/lib/active_support/dependencies.rb:382:in `load_without_new_constant_marking'
/usr/lib/ruby/gems/1.8/gems/activesupport-2.2.2/lib/active_support/dependencies.rb:382:in `load_file'
/usr/lib/ruby/gems/1.8/gems/activesupport-2.2.2/lib/active_support/dependencies.rb:521:in `new_constants_in'
/usr/lib/ruby/gems/1.8/gems/activesupport-2.2.2/lib/active_support/dependencies.rb:381:in `load_file'
/usr/lib/ruby/gems/1.8/gems/activesupport-2.2.2/lib/active_support/dependencies.rb:256:in `require_or_load'
/usr/lib/ruby/gems/1.8/gems/activesupport-2.2.2/lib/active_support/dependencies.rb:221:in `depend_on'
/usr/lib/ruby/gems/1.8/gems/activesupport-2.2.2/lib/active_support/dependencies.rb:133:in `require_dependency'
/usr/lib/ruby/gems/1.8/gems/activerecord-2.2.2/lib/active_record/fixtures.rb:856:in `try_to_load_dependency'
/usr/lib/ruby/gems/1.8/gems/activerecord-2.2.2/lib/active_record/fixtures.rb:871:in `require_fixture_classes'
/usr/lib/ruby/gems/1.8/gems/activerecord-2.2.2/lib/active_record/fixtures.rb:868:in `each'
/usr/lib/ruby/gems/1.8/gems/activerecord-2.2.2/lib/active_record/fixtures.rb:868:in `require_fixture_classes'
/usr/lib/ruby/gems/1.8/gems/activerecord-2.2.2/lib/active_record/fixtures.rb:851:in `fixtures'
./test/unit/../test_helper.rb:31
./test/unit/nested_assignment_test.rb:1:in `require'
./test/unit/nested_assignment_test.rb:1
/usr/lib/ruby/gems/1.8/gems/rake-0.8.3/lib/rake/rake_test_loader.rb:5:in `load'
/usr/lib/ruby/gems/1.8/gems/rake-0.8.3/lib/rake/rake_test_loader.rb:5
/usr/lib/ruby/gems/1.8/gems/rake-0.8.3/lib/rake/rake_test_loader.rb:5:in `each'
/usr/lib/ruby/gems/1.8/gems/rake-0.8.3/lib/rake/rake_test_loader.rb:5
Unable to load address, underlying cause no such file to load -- address.rb 

 /usr/lib/ruby/gems/1.8/gems/activesupport-2.2.2/lib/active_support/dependencies.rb:382:in `load_without_new_constant_marking'
/usr/lib/ruby/gems/1.8/gems/activesupport-2.2.2/lib/active_support/dependencies.rb:382:in `load_file'
/usr/lib/ruby/gems/1.8/gems/activesupport-2.2.2/lib/active_support/dependencies.rb:521:in `new_constants_in'
/usr/lib/ruby/gems/1.8/gems/activesupport-2.2.2/lib/active_support/dependencies.rb:381:in `load_file'
/usr/lib/ruby/gems/1.8/gems/activesupport-2.2.2/lib/active_support/dependencies.rb:256:in `require_or_load'
/usr/lib/ruby/gems/1.8/gems/activesupport-2.2.2/lib/active_support/dependencies.rb:221:in `depend_on'
/usr/lib/ruby/gems/1.8/gems/activesupport-2.2.2/lib/active_support/dependencies.rb:133:in `require_dependency'
/usr/lib/ruby/gems/1.8/gems/activerecord-2.2.2/lib/active_record/fixtures.rb:856:in `try_to_load_dependency'
/usr/lib/ruby/gems/1.8/gems/activerecord-2.2.2/lib/active_record/fixtures.rb:871:in `require_fixture_classes'
/usr/lib/ruby/gems/1.8/gems/activerecord-2.2.2/lib/active_record/fixtures.rb:868:in `each'
/usr/lib/ruby/gems/1.8/gems/activerecord-2.2.2/lib/active_record/fixtures.rb:868:in `require_fixture_classes'
/usr/lib/ruby/gems/1.8/gems/activerecord-2.2.2/lib/active_record/fixtures.rb:851:in `fixtures'
./test/unit/../test_helper.rb:31
./test/unit/nested_assignment_test.rb:1:in `require'
./test/unit/nested_assignment_test.rb:1
/usr/lib/ruby/gems/1.8/gems/rake-0.8.3/lib/rake/rake_test_loader.rb:5:in `load'
/usr/lib/ruby/gems/1.8/gems/rake-0.8.3/lib/rake/rake_test_loader.rb:5
/usr/lib/ruby/gems/1.8/gems/rake-0.8.3/lib/rake/rake_test_loader.rb:5:in `each'
/usr/lib/ruby/gems/1.8/gems/rake-0.8.3/lib/rake/rake_test_loader.rb:5
Unable to load user, underlying cause no such file to load -- user.rb 

 /usr/lib/ruby/gems/1.8/gems/activesupport-2.2.2/lib/active_support/dependencies.rb:382:in `load_without_new_constant_marking'
/usr/lib/ruby/gems/1.8/gems/activesupport-2.2.2/lib/active_support/dependencies.rb:382:in `load_file'
/usr/lib/ruby/gems/1.8/gems/activesupport-2.2.2/lib/active_support/dependencies.rb:521:in `new_constants_in'
/usr/lib/ruby/gems/1.8/gems/activesupport-2.2.2/lib/active_support/dependencies.rb:381:in `load_file'
/usr/lib/ruby/gems/1.8/gems/activesupport-2.2.2/lib/active_support/dependencies.rb:256:in `require_or_load'
/usr/lib/ruby/gems/1.8/gems/activesupport-2.2.2/lib/active_support/dependencies.rb:221:in `depend_on'
/usr/lib/ruby/gems/1.8/gems/activesupport-2.2.2/lib/active_support/dependencies.rb:133:in `require_dependency'
/usr/lib/ruby/gems/1.8/gems/activerecord-2.2.2/lib/active_record/fixtures.rb:856:in `try_to_load_dependency'
/usr/lib/ruby/gems/1.8/gems/activerecord-2.2.2/lib/active_record/fixtures.rb:871:in `require_fixture_classes'
/usr/lib/ruby/gems/1.8/gems/activerecord-2.2.2/lib/active_record/fixtures.rb:868:in `each'
/usr/lib/ruby/gems/1.8/gems/activerecord-2.2.2/lib/active_record/fixtures.rb:868:in `require_fixture_classes'
/usr/lib/ruby/gems/1.8/gems/activerecord-2.2.2/lib/active_record/fixtures.rb:851:in `fixtures'
./test/unit/../test_helper.rb:31
./test/unit/nested_assignment_test.rb:1:in `require'
./test/unit/nested_assignment_test.rb:1
/usr/lib/ruby/gems/1.8/gems/rake-0.8.3/lib/rake/rake_test_loader.rb:5:in `load'
/usr/lib/ruby/gems/1.8/gems/rake-0.8.3/lib/rake/rake_test_loader.rb:5
/usr/lib/ruby/gems/1.8/gems/rake-0.8.3/lib/rake/rake_test_loader.rb:5:in `each'
/usr/lib/ruby/gems/1.8/gems/rake-0.8.3/lib/rake/rake_test_loader.rb:5
Unable to load role, underlying cause no such file to load -- role.rb 

 /usr/lib/ruby/gems/1.8/gems/activesupport-2.2.2/lib/active_support/dependencies.rb:382:in `load_without_new_constant_marking'
/usr/lib/ruby/gems/1.8/gems/activesupport-2.2.2/lib/active_support/dependencies.rb:382:in `load_file'
/usr/lib/ruby/gems/1.8/gems/activesupport-2.2.2/lib/active_support/dependencies.rb:521:in `new_constants_in'
/usr/lib/ruby/gems/1.8/gems/activesupport-2.2.2/lib/active_support/dependencies.rb:381:in `load_file'
/usr/lib/ruby/gems/1.8/gems/activesupport-2.2.2/lib/active_support/dependencies.rb:256:in `require_or_load'
/usr/lib/ruby/gems/1.8/gems/activesupport-2.2.2/lib/active_support/dependencies.rb:221:in `depend_on'
/usr/lib/ruby/gems/1.8/gems/activesupport-2.2.2/lib/active_support/dependencies.rb:133:in `require_dependency'
/usr/lib/ruby/gems/1.8/gems/activerecord-2.2.2/lib/active_record/fixtures.rb:856:in `try_to_load_dependency'
/usr/lib/ruby/gems/1.8/gems/activerecord-2.2.2/lib/active_record/fixtures.rb:871:in `require_fixture_classes'
/usr/lib/ruby/gems/1.8/gems/activerecord-2.2.2/lib/active_record/fixtures.rb:868:in `each'
/usr/lib/ruby/gems/1.8/gems/activerecord-2.2.2/lib/active_record/fixtures.rb:868:in `require_fixture_classes'
/usr/lib/ruby/gems/1.8/gems/activerecord-2.2.2/lib/active_record/fixtures.rb:851:in `fixtures'
./test/unit/../test_helper.rb:31
./test/unit/nested_assignment_test.rb:1:in `require'
./test/unit/nested_assignment_test.rb:1
/usr/lib/ruby/gems/1.8/gems/rake-0.8.3/lib/rake/rake_test_loader.rb:5:in `load'
/usr/lib/ruby/gems/1.8/gems/rake-0.8.3/lib/rake/rake_test_loader.rb:5
/usr/lib/ruby/gems/1.8/gems/rake-0.8.3/lib/rake/rake_test_loader.rb:5:in `each'
/usr/lib/ruby/gems/1.8/gems/rake-0.8.3/lib/rake/rake_test_loader.rb:5
  [4;35;1mPluginTestModels::User Load (0.2ms)[0m   [0mSELECT * FROM "users" WHERE ("users"."id" = 1) [0m
  [4;36;1mPluginTestModels::User Load (0.2ms)[0m   [0;1mSELECT * FROM "users" WHERE ("users"."id" = 1) [0m
  [4;35;1mSQL (0.5ms)[0m   [0m SELECT name
 FROM sqlite_master
 WHERE type = 'table' AND NOT name = 'sqlite_sequence'
[0m
  [4;36;1mSQL (0.2ms)[0m   [0;1mselect sqlite_version(*)[0m
  [4;35;1mSQL (0.1ms)[0m   [0m SELECT name
 FROM sqlite_master
 WHERE type = 'table' AND NOT name = 'sqlite_sequence'
[0m
  [4;36;1mSQL (0.3ms)[0m   [0;1mCREATE TABLE "addresses" ("id" INTEGER PRIMARY KEY AUTOINCREMENT NOT NULL, "name" varchar(255), "addressable_id" integer, "addressable_type" varchar(255)) [0m
  [4;35;1mSQL (0.1ms)[0m   [0m SELECT name
 FROM sqlite_master
 WHERE type = 'table' AND NOT name = 'sqlite_sequence'
[0m
  [4;36;1mSQL (0.1ms)[0m   [0;1mCREATE TABLE "users" ("id" INTEGER PRIMARY KEY AUTOINCREMENT NOT NULL, "name" varchar(255)) [0m
  [4;35;1mSQL (0.2ms)[0m   [0m SELECT name
 FROM sqlite_master
 WHERE type = 'table' AND NOT name = 'sqlite_sequence'
[0m
  [4;36;1mSQL (0.1ms)[0m   [0;1mCREATE TABLE "roles_users" ("user_id" integer, "role_id" integer) [0m
  [4;35;1mSQL (0.2ms)[0m   [0m SELECT name
 FROM sqlite_master
 WHERE type = 'table' AND NOT name = 'sqlite_sequence'
[0m
  [4;36;1mSQL (0.1ms)[0m   [0;1mCREATE TABLE "services" ("id" INTEGER PRIMARY KEY AUTOINCREMENT NOT NULL, "name" varchar(255)) [0m
  [4;35;1mSQL (0.2ms)[0m   [0m SELECT name
 FROM sqlite_master
 WHERE type = 'table' AND NOT name = 'sqlite_sequence'
[0m
  [4;36;1mSQL (0.1ms)[0m   [0;1mCREATE TABLE "subscriptions" ("id" INTEGER PRIMARY KEY AUTOINCREMENT NOT NULL, "name" varchar(255), "service_id" integer, "user_id" integer) [0m
  [4;35;1mSQL (0.3ms)[0m   [0m SELECT name
 FROM sqlite_master
 WHERE type = 'table' AND NOT name = 'sqlite_sequence'
[0m
  [4;36;1mSQL (0.1ms)[0m   [0;1mCREATE TABLE "roles" ("id" INTEGER PRIMARY KEY AUTOINCREMENT NOT NULL, "name" varchar(255)) [0m
  [4;35;1mSQL (0.3ms)[0m   [0m SELECT name
 FROM sqlite_master
 WHERE type = 'table' AND NOT name = 'sqlite_sequence'
[0m
  [4;36;1mSQL (0.1ms)[0m   [0;1mCREATE TABLE "schema_migrations" ("version" varchar(255) NOT NULL) [0m
  [4;35;1mSQL (0.1ms)[0m   [0mCREATE UNIQUE INDEX "unique_schema_migrations" ON "schema_migrations" ("version")[0m
  [4;36;1mSQL (0.3ms)[0m   [0;1m SELECT name
 FROM sqlite_master
 WHERE type = 'table' AND NOT name = 'sqlite_sequence'
[0m
  [4;35;1mSQL (0.1ms)[0m   [0mSELECT version FROM "schema_migrations"[0m
  [4;36;1mSQL (0.1ms)[0m   [0;1mINSERT INTO "schema_migrations" (version) VALUES ('1')[0m
Unable to load roles_user, underlying cause no such file to load -- roles_user.rb 

 /usr/lib/ruby/gems/1.8/gems/activesupport-2.2.2/lib/active_support/dependencies.rb:382:in `load_without_new_constant_marking'
/usr/lib/ruby/gems/1.8/gems/activesupport-2.2.2/lib/active_support/dependencies.rb:382:in `load_file'
/usr/lib/ruby/gems/1.8/gems/activesupport-2.2.2/lib/active_support/dependencies.rb:521:in `new_constants_in'
/usr/lib/ruby/gems/1.8/gems/activesupport-2.2.2/lib/active_support/dependencies.rb:381:in `load_file'
/usr/lib/ruby/gems/1.8/gems/activesupport-2.2.2/lib/active_support/dependencies.rb:256:in `require_or_load'
/usr/lib/ruby/gems/1.8/gems/activesupport-2.2.2/lib/active_support/dependencies.rb:221:in `depend_on'
/usr/lib/ruby/gems/1.8/gems/activesupport-2.2.2/lib/active_support/dependencies.rb:133:in `require_dependency'
/usr/lib/ruby/gems/1.8/gems/activerecord-2.2.2/lib/active_record/fixtures.rb:856:in `try_to_load_dependency'
/usr/lib/ruby/gems/1.8/gems/activerecord-2.2.2/lib/active_record/fixtures.rb:871:in `require_fixture_classes'
/usr/lib/ruby/gems/1.8/gems/activerecord-2.2.2/lib/active_record/fixtures.rb:868:in `each'
/usr/lib/ruby/gems/1.8/gems/activerecord-2.2.2/lib/active_record/fixtures.rb:868:in `require_fixture_classes'
/usr/lib/ruby/gems/1.8/gems/activerecord-2.2.2/lib/active_record/fixtures.rb:851:in `fixtures'
./test/unit/../test_helper.rb:31
./test/unit/nested_assignment_test.rb:1:in `require'
./test/unit/nested_assignment_test.rb:1
/usr/lib/ruby/gems/1.8/gems/rake-0.8.3/lib/rake/rake_test_loader.rb:5:in `load'
/usr/lib/ruby/gems/1.8/gems/rake-0.8.3/lib/rake/rake_test_loader.rb:5
/usr/lib/ruby/gems/1.8/gems/rake-0.8.3/lib/rake/rake_test_loader.rb:5:in `each'
/usr/lib/ruby/gems/1.8/gems/rake-0.8.3/lib/rake/rake_test_loader.rb:5
Unable to load service, underlying cause no such file to load -- service.rb 

 /usr/lib/ruby/gems/1.8/gems/activesupport-2.2.2/lib/active_support/dependencies.rb:382:in `load_without_new_constant_marking'
/usr/lib/ruby/gems/1.8/gems/activesupport-2.2.2/lib/active_support/dependencies.rb:382:in `load_file'
/usr/lib/ruby/gems/1.8/gems/activesupport-2.2.2/lib/active_support/dependencies.rb:521:in `new_constants_in'
/usr/lib/ruby/gems/1.8/gems/activesupport-2.2.2/lib/active_support/dependencies.rb:381:in `load_file'
/usr/lib/ruby/gems/1.8/gems/activesupport-2.2.2/lib/active_support/dependencies.rb:256:in `require_or_load'
/usr/lib/ruby/gems/1.8/gems/activesupport-2.2.2/lib/active_support/dependencies.rb:221:in `depend_on'
/usr/lib/ruby/gems/1.8/gems/activesupport-2.2.2/lib/active_support/dependencies.rb:133:in `require_dependency'
/usr/lib/ruby/gems/1.8/gems/activerecord-2.2.2/lib/active_record/fixtures.rb:856:in `try_to_load_dependency'
/usr/lib/ruby/gems/1.8/gems/activerecord-2.2.2/lib/active_record/fixtures.rb:871:in `require_fixture_classes'
/usr/lib/ruby/gems/1.8/gems/activerecord-2.2.2/lib/active_record/fixtures.rb:868:in `each'
/usr/lib/ruby/gems/1.8/gems/activerecord-2.2.2/lib/active_record/fixtures.rb:868:in `require_fixture_classes'
/usr/lib/ruby/gems/1.8/gems/activerecord-2.2.2/lib/active_record/fixtures.rb:851:in `fixtures'
./test/unit/../test_helper.rb:31
./test/unit/nested_assignment_test.rb:1:in `require'
./test/unit/nested_assignment_test.rb:1
/usr/lib/ruby/gems/1.8/gems/rake-0.8.3/lib/rake/rake_test_loader.rb:5:in `load'
/usr/lib/ruby/gems/1.8/gems/rake-0.8.3/lib/rake/rake_test_loader.rb:5
/usr/lib/ruby/gems/1.8/gems/rake-0.8.3/lib/rake/rake_test_loader.rb:5:in `each'
/usr/lib/ruby/gems/1.8/gems/rake-0.8.3/lib/rake/rake_test_loader.rb:5
Unable to load subscription, underlying cause no such file to load -- subscription.rb 

 /usr/lib/ruby/gems/1.8/gems/activesupport-2.2.2/lib/active_support/dependencies.rb:382:in `load_without_new_constant_marking'
/usr/lib/ruby/gems/1.8/gems/activesupport-2.2.2/lib/active_support/dependencies.rb:382:in `load_file'
/usr/lib/ruby/gems/1.8/gems/activesupport-2.2.2/lib/active_support/dependencies.rb:521:in `new_constants_in'
/usr/lib/ruby/gems/1.8/gems/activesupport-2.2.2/lib/active_support/dependencies.rb:381:in `load_file'
/usr/lib/ruby/gems/1.8/gems/activesupport-2.2.2/lib/active_support/dependencies.rb:256:in `require_or_load'
/usr/lib/ruby/gems/1.8/gems/activesupport-2.2.2/lib/active_support/dependencies.rb:221:in `depend_on'
/usr/lib/ruby/gems/1.8/gems/activesupport-2.2.2/lib/active_support/dependencies.rb:133:in `require_dependency'
/usr/lib/ruby/gems/1.8/gems/activerecord-2.2.2/lib/active_record/fixtures.rb:856:in `try_to_load_dependency'
/usr/lib/ruby/gems/1.8/gems/activerecord-2.2.2/lib/active_record/fixtures.rb:871:in `require_fixture_classes'
/usr/lib/ruby/gems/1.8/gems/activerecord-2.2.2/lib/active_record/fixtures.rb:868:in `each'
/usr/lib/ruby/gems/1.8/gems/activerecord-2.2.2/lib/active_record/fixtures.rb:868:in `require_fixture_classes'
/usr/lib/ruby/gems/1.8/gems/activerecord-2.2.2/lib/active_record/fixtures.rb:851:in `fixtures'
./test/unit/../test_helper.rb:31
./test/unit/nested_assignment_test.rb:1:in `require'
./test/unit/nested_assignment_test.rb:1
/usr/lib/ruby/gems/1.8/gems/rake-0.8.3/lib/rake/rake_test_loader.rb:5:in `load'
/usr/lib/ruby/gems/1.8/gems/rake-0.8.3/lib/rake/rake_test_loader.rb:5
/usr/lib/ruby/gems/1.8/gems/rake-0.8.3/lib/rake/rake_test_loader.rb:5:in `each'
/usr/lib/ruby/gems/1.8/gems/rake-0.8.3/lib/rake/rake_test_loader.rb:5
Unable to load address, underlying cause no such file to load -- address.rb 

 /usr/lib/ruby/gems/1.8/gems/activesupport-2.2.2/lib/active_support/dependencies.rb:382:in `load_without_new_constant_marking'
/usr/lib/ruby/gems/1.8/gems/activesupport-2.2.2/lib/active_support/dependencies.rb:382:in `load_file'
/usr/lib/ruby/gems/1.8/gems/activesupport-2.2.2/lib/active_support/dependencies.rb:521:in `new_constants_in'
/usr/lib/ruby/gems/1.8/gems/activesupport-2.2.2/lib/active_support/dependencies.rb:381:in `load_file'
/usr/lib/ruby/gems/1.8/gems/activesupport-2.2.2/lib/active_support/dependencies.rb:256:in `require_or_load'
/usr/lib/ruby/gems/1.8/gems/activesupport-2.2.2/lib/active_support/dependencies.rb:221:in `depend_on'
/usr/lib/ruby/gems/1.8/gems/activesupport-2.2.2/lib/active_support/dependencies.rb:133:in `require_dependency'
/usr/lib/ruby/gems/1.8/gems/activerecord-2.2.2/lib/active_record/fixtures.rb:856:in `try_to_load_dependency'
/usr/lib/ruby/gems/1.8/gems/activerecord-2.2.2/lib/active_record/fixtures.rb:871:in `require_fixture_classes'
/usr/lib/ruby/gems/1.8/gems/activerecord-2.2.2/lib/active_record/fixtures.rb:868:in `each'
/usr/lib/ruby/gems/1.8/gems/activerecord-2.2.2/lib/active_record/fixtures.rb:868:in `require_fixture_classes'
/usr/lib/ruby/gems/1.8/gems/activerecord-2.2.2/lib/active_record/fixtures.rb:851:in `fixtures'
./test/unit/../test_helper.rb:31
./test/unit/nested_assignment_test.rb:1:in `require'
./test/unit/nested_assignment_test.rb:1
/usr/lib/ruby/gems/1.8/gems/rake-0.8.3/lib/rake/rake_test_loader.rb:5:in `load'
/usr/lib/ruby/gems/1.8/gems/rake-0.8.3/lib/rake/rake_test_loader.rb:5
/usr/lib/ruby/gems/1.8/gems/rake-0.8.3/lib/rake/rake_test_loader.rb:5:in `each'
/usr/lib/ruby/gems/1.8/gems/rake-0.8.3/lib/rake/rake_test_loader.rb:5
Unable to load user, underlying cause no such file to load -- user.rb 

 /usr/lib/ruby/gems/1.8/gems/activesupport-2.2.2/lib/active_support/dependencies.rb:382:in `load_without_new_constant_marking'
/usr/lib/ruby/gems/1.8/gems/activesupport-2.2.2/lib/active_support/dependencies.rb:382:in `load_file'
/usr/lib/ruby/gems/1.8/gems/activesupport-2.2.2/lib/active_support/dependencies.rb:521:in `new_constants_in'
/usr/lib/ruby/gems/1.8/gems/activesupport-2.2.2/lib/active_support/dependencies.rb:381:in `load_file'
/usr/lib/ruby/gems/1.8/gems/activesupport-2.2.2/lib/active_support/dependencies.rb:256:in `require_or_load'
/usr/lib/ruby/gems/1.8/gems/activesupport-2.2.2/lib/active_support/dependencies.rb:221:in `depend_on'
/usr/lib/ruby/gems/1.8/gems/activesupport-2.2.2/lib/active_support/dependencies.rb:133:in `require_dependency'
/usr/lib/ruby/gems/1.8/gems/activerecord-2.2.2/lib/active_record/fixtures.rb:856:in `try_to_load_dependency'
/usr/lib/ruby/gems/1.8/gems/activerecord-2.2.2/lib/active_record/fixtures.rb:871:in `require_fixture_classes'
/usr/lib/ruby/gems/1.8/gems/activerecord-2.2.2/lib/active_record/fixtures.rb:868:in `each'
/usr/lib/ruby/gems/1.8/gems/activerecord-2.2.2/lib/active_record/fixtures.rb:868:in `require_fixture_classes'
/usr/lib/ruby/gems/1.8/gems/activerecord-2.2.2/lib/active_record/fixtures.rb:851:in `fixtures'
./test/unit/../test_helper.rb:31
./test/unit/nested_assignment_test.rb:1:in `require'
./test/unit/nested_assignment_test.rb:1
/usr/lib/ruby/gems/1.8/gems/rake-0.8.3/lib/rake/rake_test_loader.rb:5:in `load'
/usr/lib/ruby/gems/1.8/gems/rake-0.8.3/lib/rake/rake_test_loader.rb:5
/usr/lib/ruby/gems/1.8/gems/rake-0.8.3/lib/rake/rake_test_loader.rb:5:in `each'
/usr/lib/ruby/gems/1.8/gems/rake-0.8.3/lib/rake/rake_test_loader.rb:5
Unable to load role, underlying cause no such file to load -- role.rb 

 /usr/lib/ruby/gems/1.8/gems/activesupport-2.2.2/lib/active_support/dependencies.rb:382:in `load_without_new_constant_marking'
/usr/lib/ruby/gems/1.8/gems/activesupport-2.2.2/lib/active_support/dependencies.rb:382:in `load_file'
/usr/lib/ruby/gems/1.8/gems/activesupport-2.2.2/lib/active_support/dependencies.rb:521:in `new_constants_in'
/usr/lib/ruby/gems/1.8/gems/activesupport-2.2.2/lib/active_support/dependencies.rb:381:in `load_file'
/usr/lib/ruby/gems/1.8/gems/activesupport-2.2.2/lib/active_support/dependencies.rb:256:in `require_or_load'
/usr/lib/ruby/gems/1.8/gems/activesupport-2.2.2/lib/active_support/dependencies.rb:221:in `depend_on'
/usr/lib/ruby/gems/1.8/gems/activesupport-2.2.2/lib/active_support/dependencies.rb:133:in `require_dependency'
/usr/lib/ruby/gems/1.8/gems/activerecord-2.2.2/lib/active_record/fixtures.rb:856:in `try_to_load_dependency'
/usr/lib/ruby/gems/1.8/gems/activerecord-2.2.2/lib/active_record/fixtures.rb:871:in `require_fixture_classes'
/usr/lib/ruby/gems/1.8/gems/activerecord-2.2.2/lib/active_record/fixtures.rb:868:in `each'
/usr/lib/ruby/gems/1.8/gems/activerecord-2.2.2/lib/active_record/fixtures.rb:868:in `require_fixture_classes'
/usr/lib/ruby/gems/1.8/gems/activerecord-2.2.2/lib/active_record/fixtures.rb:851:in `fixtures'
./test/unit/../test_helper.rb:31
./test/unit/nested_assignment_test.rb:1:in `require'
./test/unit/nested_assignment_test.rb:1
/usr/lib/ruby/gems/1.8/gems/rake-0.8.3/lib/rake/rake_test_loader.rb:5:in `load'
/usr/lib/ruby/gems/1.8/gems/rake-0.8.3/lib/rake/rake_test_loader.rb:5
/usr/lib/ruby/gems/1.8/gems/rake-0.8.3/lib/rake/rake_test_loader.rb:5:in `each'
/usr/lib/ruby/gems/1.8/gems/rake-0.8.3/lib/rake/rake_test_loader.rb:5
  [4;35;1mPluginTestModels::User Load (0.1ms)[0m   [0mSELECT * FROM "users" WHERE ("users"."id" = 1) [0m
  [4;36;1mPluginTestModels::Subscription Load (0.2ms)[0m   [0;1mSELECT * FROM "subscriptions" WHERE ("subscriptions".user_id = 1) LIMIT 1[0m
  [4;35;1mPluginTestModels::Address Load (0.2ms)[0m   [0mSELECT * FROM "addresses" WHERE ("addresses".addressable_id = 1 AND "addresses".addressable_type = 'PluginTestModels::User') LIMIT 1[0m
  [4;36;1mPluginTestModels::User Load (0.1ms)[0m   [0;1mSELECT * FROM "users" WHERE ("users"."id" = 1) [0m
  [4;36;1mSQL (0.2ms)[0m   [0;1mselect sqlite_version(*)[0m
  [4;35;1mSQL (0.1ms)[0m   [0m SELECT name
 FROM sqlite_master
 WHERE type = 'table' AND NOT name = 'sqlite_sequence'
[0m
  [4;36;1mSQL (0.2ms)[0m   [0;1mCREATE TABLE "addresses" ("id" INTEGER PRIMARY KEY AUTOINCREMENT NOT NULL, "name" varchar(255), "addressable_id" integer, "addressable_type" varchar(255)) [0m
  [4;35;1mSQL (0.1ms)[0m   [0m SELECT name
 FROM sqlite_master
 WHERE type = 'table' AND NOT name = 'sqlite_sequence'
[0m
  [4;36;1mSQL (0.1ms)[0m   [0;1mCREATE TABLE "users" ("id" INTEGER PRIMARY KEY AUTOINCREMENT NOT NULL, "name" varchar(255)) [0m
  [4;35;1mSQL (0.2ms)[0m   [0m SELECT name
 FROM sqlite_master
 WHERE type = 'table' AND NOT name = 'sqlite_sequence'
[0m
  [4;36;1mSQL (0.1ms)[0m   [0;1mCREATE TABLE "roles_users" ("user_id" integer, "role_id" integer) [0m
  [4;35;1mSQL (0.2ms)[0m   [0m SELECT name
 FROM sqlite_master
 WHERE type = 'table' AND NOT name = 'sqlite_sequence'
[0m
  [4;36;1mSQL (0.1ms)[0m   [0;1mCREATE TABLE "services" ("id" INTEGER PRIMARY KEY AUTOINCREMENT NOT NULL, "name" varchar(255)) [0m
  [4;35;1mSQL (0.2ms)[0m   [0m SELECT name
 FROM sqlite_master
 WHERE type = 'table' AND NOT name = 'sqlite_sequence'
[0m
  [4;36;1mSQL (0.1ms)[0m   [0;1mCREATE TABLE "subscriptions" ("id" INTEGER PRIMARY KEY AUTOINCREMENT NOT NULL, "name" varchar(255), "service_id" integer, "user_id" integer) [0m
  [4;35;1mSQL (0.3ms)[0m   [0m SELECT name
 FROM sqlite_master
 WHERE type = 'table' AND NOT name = 'sqlite_sequence'
[0m
  [4;36;1mSQL (0.1ms)[0m   [0;1mCREATE TABLE "roles" ("id" INTEGER PRIMARY KEY AUTOINCREMENT NOT NULL, "name" varchar(255)) [0m
  [4;35;1mSQL (0.3ms)[0m   [0m SELECT name
 FROM sqlite_master
 WHERE type = 'table' AND NOT name = 'sqlite_sequence'
[0m
  [4;36;1mSQL (0.1ms)[0m   [0;1mCREATE TABLE "schema_migrations" ("version" varchar(255) NOT NULL) [0m
  [4;35;1mSQL (0.1ms)[0m   [0mCREATE UNIQUE INDEX "unique_schema_migrations" ON "schema_migrations" ("version")[0m
  [4;36;1mSQL (0.4ms)[0m   [0;1m SELECT name
 FROM sqlite_master
 WHERE type = 'table' AND NOT name = 'sqlite_sequence'
[0m
  [4;35;1mSQL (0.1ms)[0m   [0mSELECT version FROM "schema_migrations"[0m
  [4;36;1mSQL (0.1ms)[0m   [0;1mINSERT INTO "schema_migrations" (version) VALUES ('1')[0m
Unable to load roles_user, underlying cause no such file to load -- roles_user.rb 

 /usr/lib/ruby/gems/1.8/gems/activesupport-2.2.2/lib/active_support/dependencies.rb:382:in `load_without_new_constant_marking'
/usr/lib/ruby/gems/1.8/gems/activesupport-2.2.2/lib/active_support/dependencies.rb:382:in `load_file'
/usr/lib/ruby/gems/1.8/gems/activesupport-2.2.2/lib/active_support/dependencies.rb:521:in `new_constants_in'
/usr/lib/ruby/gems/1.8/gems/activesupport-2.2.2/lib/active_support/dependencies.rb:381:in `load_file'
/usr/lib/ruby/gems/1.8/gems/activesupport-2.2.2/lib/active_support/dependencies.rb:256:in `require_or_load'
/usr/lib/ruby/gems/1.8/gems/activesupport-2.2.2/lib/active_support/dependencies.rb:221:in `depend_on'
/usr/lib/ruby/gems/1.8/gems/activesupport-2.2.2/lib/active_support/dependencies.rb:133:in `require_dependency'
/usr/lib/ruby/gems/1.8/gems/activerecord-2.2.2/lib/active_record/fixtures.rb:856:in `try_to_load_dependency'
/usr/lib/ruby/gems/1.8/gems/activerecord-2.2.2/lib/active_record/fixtures.rb:871:in `require_fixture_classes'
/usr/lib/ruby/gems/1.8/gems/activerecord-2.2.2/lib/active_record/fixtures.rb:868:in `each'
/usr/lib/ruby/gems/1.8/gems/activerecord-2.2.2/lib/active_record/fixtures.rb:868:in `require_fixture_classes'
/usr/lib/ruby/gems/1.8/gems/activerecord-2.2.2/lib/active_record/fixtures.rb:851:in `fixtures'
./test/unit/../test_helper.rb:31
./test/unit/nested_assignment_test.rb:1:in `require'
./test/unit/nested_assignment_test.rb:1
/usr/lib/ruby/gems/1.8/gems/rake-0.8.3/lib/rake/rake_test_loader.rb:5:in `load'
/usr/lib/ruby/gems/1.8/gems/rake-0.8.3/lib/rake/rake_test_loader.rb:5
/usr/lib/ruby/gems/1.8/gems/rake-0.8.3/lib/rake/rake_test_loader.rb:5:in `each'
/usr/lib/ruby/gems/1.8/gems/rake-0.8.3/lib/rake/rake_test_loader.rb:5
Unable to load service, underlying cause no such file to load -- service.rb 

 /usr/lib/ruby/gems/1.8/gems/activesupport-2.2.2/lib/active_support/dependencies.rb:382:in `load_without_new_constant_marking'
/usr/lib/ruby/gems/1.8/gems/activesupport-2.2.2/lib/active_support/dependencies.rb:382:in `load_file'
/usr/lib/ruby/gems/1.8/gems/activesupport-2.2.2/lib/active_support/dependencies.rb:521:in `new_constants_in'
/usr/lib/ruby/gems/1.8/gems/activesupport-2.2.2/lib/active_support/dependencies.rb:381:in `load_file'
/usr/lib/ruby/gems/1.8/gems/activesupport-2.2.2/lib/active_support/dependencies.rb:256:in `require_or_load'
/usr/lib/ruby/gems/1.8/gems/activesupport-2.2.2/lib/active_support/dependencies.rb:221:in `depend_on'
/usr/lib/ruby/gems/1.8/gems/activesupport-2.2.2/lib/active_support/dependencies.rb:133:in `require_dependency'
/usr/lib/ruby/gems/1.8/gems/activerecord-2.2.2/lib/active_record/fixtures.rb:856:in `try_to_load_dependency'
/usr/lib/ruby/gems/1.8/gems/activerecord-2.2.2/lib/active_record/fixtures.rb:871:in `require_fixture_classes'
/usr/lib/ruby/gems/1.8/gems/activerecord-2.2.2/lib/active_record/fixtures.rb:868:in `each'
/usr/lib/ruby/gems/1.8/gems/activerecord-2.2.2/lib/active_record/fixtures.rb:868:in `require_fixture_classes'
/usr/lib/ruby/gems/1.8/gems/activerecord-2.2.2/lib/active_record/fixtures.rb:851:in `fixtures'
./test/unit/../test_helper.rb:31
./test/unit/nested_assignment_test.rb:1:in `require'
./test/unit/nested_assignment_test.rb:1
/usr/lib/ruby/gems/1.8/gems/rake-0.8.3/lib/rake/rake_test_loader.rb:5:in `load'
/usr/lib/ruby/gems/1.8/gems/rake-0.8.3/lib/rake/rake_test_loader.rb:5
/usr/lib/ruby/gems/1.8/gems/rake-0.8.3/lib/rake/rake_test_loader.rb:5:in `each'
/usr/lib/ruby/gems/1.8/gems/rake-0.8.3/lib/rake/rake_test_loader.rb:5
Unable to load subscription, underlying cause no such file to load -- subscription.rb 

 /usr/lib/ruby/gems/1.8/gems/activesupport-2.2.2/lib/active_support/dependencies.rb:382:in `load_without_new_constant_marking'
/usr/lib/ruby/gems/1.8/gems/activesupport-2.2.2/lib/active_support/dependencies.rb:382:in `load_file'
/usr/lib/ruby/gems/1.8/gems/activesupport-2.2.2/lib/active_support/dependencies.rb:521:in `new_constants_in'
/usr/lib/ruby/gems/1.8/gems/activesupport-2.2.2/lib/active_support/dependencies.rb:381:in `load_file'
/usr/lib/ruby/gems/1.8/gems/activesupport-2.2.2/lib/active_support/dependencies.rb:256:in `require_or_load'
/usr/lib/ruby/gems/1.8/gems/activesupport-2.2.2/lib/active_support/dependencies.rb:221:in `depend_on'
/usr/lib/ruby/gems/1.8/gems/activesupport-2.2.2/lib/active_support/dependencies.rb:133:in `require_dependency'
/usr/lib/ruby/gems/1.8/gems/activerecord-2.2.2/lib/active_record/fixtures.rb:856:in `try_to_load_dependency'
/usr/lib/ruby/gems/1.8/gems/activerecord-2.2.2/lib/active_record/fixtures.rb:871:in `require_fixture_classes'
/usr/lib/ruby/gems/1.8/gems/activerecord-2.2.2/lib/active_record/fixtures.rb:868:in `each'
/usr/lib/ruby/gems/1.8/gems/activerecord-2.2.2/lib/active_record/fixtures.rb:868:in `require_fixture_classes'
/usr/lib/ruby/gems/1.8/gems/activerecord-2.2.2/lib/active_record/fixtures.rb:851:in `fixtures'
./test/unit/../test_helper.rb:31
./test/unit/nested_assignment_test.rb:1:in `require'
./test/unit/nested_assignment_test.rb:1
/usr/lib/ruby/gems/1.8/gems/rake-0.8.3/lib/rake/rake_test_loader.rb:5:in `load'
/usr/lib/ruby/gems/1.8/gems/rake-0.8.3/lib/rake/rake_test_loader.rb:5
/usr/lib/ruby/gems/1.8/gems/rake-0.8.3/lib/rake/rake_test_loader.rb:5:in `each'
/usr/lib/ruby/gems/1.8/gems/rake-0.8.3/lib/rake/rake_test_loader.rb:5
Unable to load address, underlying cause no such file to load -- address.rb 

 /usr/lib/ruby/gems/1.8/gems/activesupport-2.2.2/lib/active_support/dependencies.rb:382:in `load_without_new_constant_marking'
/usr/lib/ruby/gems/1.8/gems/activesupport-2.2.2/lib/active_support/dependencies.rb:382:in `load_file'
/usr/lib/ruby/gems/1.8/gems/activesupport-2.2.2/lib/active_support/dependencies.rb:521:in `new_constants_in'
/usr/lib/ruby/gems/1.8/gems/activesupport-2.2.2/lib/active_support/dependencies.rb:381:in `load_file'
/usr/lib/ruby/gems/1.8/gems/activesupport-2.2.2/lib/active_support/dependencies.rb:256:in `require_or_load'
/usr/lib/ruby/gems/1.8/gems/activesupport-2.2.2/lib/active_support/dependencies.rb:221:in `depend_on'
/usr/lib/ruby/gems/1.8/gems/activesupport-2.2.2/lib/active_support/dependencies.rb:133:in `require_dependency'
/usr/lib/ruby/gems/1.8/gems/activerecord-2.2.2/lib/active_record/fixtures.rb:856:in `try_to_load_dependency'
/usr/lib/ruby/gems/1.8/gems/activerecord-2.2.2/lib/active_record/fixtures.rb:871:in `require_fixture_classes'
/usr/lib/ruby/gems/1.8/gems/activerecord-2.2.2/lib/active_record/fixtures.rb:868:in `each'
/usr/lib/ruby/gems/1.8/gems/activerecord-2.2.2/lib/active_record/fixtures.rb:868:in `require_fixture_classes'
/usr/lib/ruby/gems/1.8/gems/activerecord-2.2.2/lib/active_record/fixtures.rb:851:in `fixtures'
./test/unit/../test_helper.rb:31
./test/unit/nested_assignment_test.rb:1:in `require'
./test/unit/nested_assignment_test.rb:1
/usr/lib/ruby/gems/1.8/gems/rake-0.8.3/lib/rake/rake_test_loader.rb:5:in `load'
/usr/lib/ruby/gems/1.8/gems/rake-0.8.3/lib/rake/rake_test_loader.rb:5
/usr/lib/ruby/gems/1.8/gems/rake-0.8.3/lib/rake/rake_test_loader.rb:5:in `each'
/usr/lib/ruby/gems/1.8/gems/rake-0.8.3/lib/rake/rake_test_loader.rb:5
Unable to load user, underlying cause no such file to load -- user.rb 

 /usr/lib/ruby/gems/1.8/gems/activesupport-2.2.2/lib/active_support/dependencies.rb:382:in `load_without_new_constant_marking'
/usr/lib/ruby/gems/1.8/gems/activesupport-2.2.2/lib/active_support/dependencies.rb:382:in `load_file'
/usr/lib/ruby/gems/1.8/gems/activesupport-2.2.2/lib/active_support/dependencies.rb:521:in `new_constants_in'
/usr/lib/ruby/gems/1.8/gems/activesupport-2.2.2/lib/active_support/dependencies.rb:381:in `load_file'
/usr/lib/ruby/gems/1.8/gems/activesupport-2.2.2/lib/active_support/dependencies.rb:256:in `require_or_load'
/usr/lib/ruby/gems/1.8/gems/activesupport-2.2.2/lib/active_support/dependencies.rb:221:in `depend_on'
/usr/lib/ruby/gems/1.8/gems/activesupport-2.2.2/lib/active_support/dependencies.rb:133:in `require_dependency'
/usr/lib/ruby/gems/1.8/gems/activerecord-2.2.2/lib/active_record/fixtures.rb:856:in `try_to_load_dependency'
/usr/lib/ruby/gems/1.8/gems/activerecord-2.2.2/lib/active_record/fixtures.rb:871:in `require_fixture_classes'
/usr/lib/ruby/gems/1.8/gems/activerecord-2.2.2/lib/active_record/fixtures.rb:868:in `each'
/usr/lib/ruby/gems/1.8/gems/activerecord-2.2.2/lib/active_record/fixtures.rb:868:in `require_fixture_classes'
/usr/lib/ruby/gems/1.8/gems/activerecord-2.2.2/lib/active_record/fixtures.rb:851:in `fixtures'
./test/unit/../test_helper.rb:31
./test/unit/nested_assignment_test.rb:1:in `require'
./test/unit/nested_assignment_test.rb:1
/usr/lib/ruby/gems/1.8/gems/rake-0.8.3/lib/rake/rake_test_loader.rb:5:in `load'
/usr/lib/ruby/gems/1.8/gems/rake-0.8.3/lib/rake/rake_test_loader.rb:5
/usr/lib/ruby/gems/1.8/gems/rake-0.8.3/lib/rake/rake_test_loader.rb:5:in `each'
/usr/lib/ruby/gems/1.8/gems/rake-0.8.3/lib/rake/rake_test_loader.rb:5
Unable to load role, underlying cause no such file to load -- role.rb 

 /usr/lib/ruby/gems/1.8/gems/activesupport-2.2.2/lib/active_support/dependencies.rb:382:in `load_without_new_constant_marking'
/usr/lib/ruby/gems/1.8/gems/activesupport-2.2.2/lib/active_support/dependencies.rb:382:in `load_file'
/usr/lib/ruby/gems/1.8/gems/activesupport-2.2.2/lib/active_support/dependencies.rb:521:in `new_constants_in'
/usr/lib/ruby/gems/1.8/gems/activesupport-2.2.2/lib/active_support/dependencies.rb:381:in `load_file'
/usr/lib/ruby/gems/1.8/gems/activesupport-2.2.2/lib/active_support/dependencies.rb:256:in `require_or_load'
/usr/lib/ruby/gems/1.8/gems/activesupport-2.2.2/lib/active_support/dependencies.rb:221:in `depend_on'
/usr/lib/ruby/gems/1.8/gems/activesupport-2.2.2/lib/active_support/dependencies.rb:133:in `require_dependency'
/usr/lib/ruby/gems/1.8/gems/activerecord-2.2.2/lib/active_record/fixtures.rb:856:in `try_to_load_dependency'
/usr/lib/ruby/gems/1.8/gems/activerecord-2.2.2/lib/active_record/fixtures.rb:871:in `require_fixture_classes'
/usr/lib/ruby/gems/1.8/gems/activerecord-2.2.2/lib/active_record/fixtures.rb:868:in `each'
/usr/lib/ruby/gems/1.8/gems/activerecord-2.2.2/lib/active_record/fixtures.rb:868:in `require_fixture_classes'
/usr/lib/ruby/gems/1.8/gems/activerecord-2.2.2/lib/active_record/fixtures.rb:851:in `fixtures'
./test/unit/../test_helper.rb:31
./test/unit/nested_assignment_test.rb:1:in `require'
./test/unit/nested_assignment_test.rb:1
/usr/lib/ruby/gems/1.8/gems/rake-0.8.3/lib/rake/rake_test_loader.rb:5:in `load'
/usr/lib/ruby/gems/1.8/gems/rake-0.8.3/lib/rake/rake_test_loader.rb:5
/usr/lib/ruby/gems/1.8/gems/rake-0.8.3/lib/rake/rake_test_loader.rb:5:in `each'
/usr/lib/ruby/gems/1.8/gems/rake-0.8.3/lib/rake/rake_test_loader.rb:5
  [4;35;1mPluginTestModels::User Load (0.1ms)[0m   [0mSELECT * FROM "users" WHERE ("users"."id" = 1) [0m
  [4;36;1mPluginTestModels::Subscription Load (0.2ms)[0m   [0;1mSELECT * FROM "subscriptions" WHERE ("subscriptions".user_id = 1) LIMIT 1[0m
  [4;35;1mPluginTestModels::Address Load (0.2ms)[0m   [0mSELECT * FROM "addresses" WHERE ("addresses".addressable_id = 1 AND "addresses".addressable_type = 'PluginTestModels::User') LIMIT 1[0m
  [4;36;1mPluginTestModels::User Load (0.1ms)[0m   [0;1mSELECT * FROM "users" WHERE ("users"."id" = 1) [0m
  [4;35;1mPluginTestModels::Role Load (0.1ms)[0m   [0mSELECT * FROM "roles" INNER JOIN "roles_users" ON "roles".id = "roles_users".role_id WHERE ("roles_users".user_id = 1 ) [0m
  [4;36;1mPluginTestModels::Subscription Load (0.2ms)[0m   [0;1mSELECT * FROM "subscriptions" WHERE ("subscriptions".user_id = 1) LIMIT 1[0m
  [4;35;1mPluginTestModels::Address Load (0.2ms)[0m   [0mSELECT * FROM "addresses" WHERE ("addresses".addressable_id = 1 AND "addresses".addressable_type = 'PluginTestModels::User') LIMIT 1[0m
  [4;36;1mSQL (0.3ms)[0m   [0;1mselect sqlite_version(*)[0m
  [4;35;1mSQL (0.2ms)[0m   [0m SELECT name
 FROM sqlite_master
 WHERE type = 'table' AND NOT name = 'sqlite_sequence'
[0m
  [4;36;1mSQL (0.4ms)[0m   [0;1mCREATE TABLE "addresses" ("id" INTEGER PRIMARY KEY AUTOINCREMENT NOT NULL, "name" varchar(255), "addressable_id" integer, "addressable_type" varchar(255)) [0m
  [4;35;1mSQL (0.2ms)[0m   [0m SELECT name
 FROM sqlite_master
 WHERE type = 'table' AND NOT name = 'sqlite_sequence'
[0m
  [4;36;1mSQL (0.2ms)[0m   [0;1mCREATE TABLE "users" ("id" INTEGER PRIMARY KEY AUTOINCREMENT NOT NULL, "name" varchar(255)) [0m
  [4;35;1mSQL (0.2ms)[0m   [0m SELECT name
 FROM sqlite_master
 WHERE type = 'table' AND NOT name = 'sqlite_sequence'
[0m
  [4;36;1mSQL (0.2ms)[0m   [0;1mCREATE TABLE "roles_users" ("user_id" integer, "role_id" integer) [0m
  [4;35;1mSQL (0.3ms)[0m   [0m SELECT name
 FROM sqlite_master
 WHERE type = 'table' AND NOT name = 'sqlite_sequence'
[0m
  [4;36;1mSQL (0.2ms)[0m   [0;1mCREATE TABLE "services" ("id" INTEGER PRIMARY KEY AUTOINCREMENT NOT NULL, "name" varchar(255)) [0m
  [4;35;1mSQL (0.4ms)[0m   [0m SELECT name
 FROM sqlite_master
 WHERE type = 'table' AND NOT name = 'sqlite_sequence'
[0m
  [4;36;1mSQL (0.2ms)[0m   [0;1mCREATE TABLE "subscriptions" ("id" INTEGER PRIMARY KEY AUTOINCREMENT NOT NULL, "name" varchar(255), "service_id" integer, "user_id" integer) [0m
  [4;35;1mSQL (0.4ms)[0m   [0m SELECT name
 FROM sqlite_master
 WHERE type = 'table' AND NOT name = 'sqlite_sequence'
[0m
  [4;36;1mSQL (0.2ms)[0m   [0;1mCREATE TABLE "roles" ("id" INTEGER PRIMARY KEY AUTOINCREMENT NOT NULL, "name" varchar(255)) [0m
  [4;35;1mSQL (0.5ms)[0m   [0m SELECT name
 FROM sqlite_master
 WHERE type = 'table' AND NOT name = 'sqlite_sequence'
[0m
  [4;36;1mSQL (0.2ms)[0m   [0;1mCREATE TABLE "schema_migrations" ("version" varchar(255) NOT NULL) [0m
  [4;35;1mSQL (0.2ms)[0m   [0mCREATE UNIQUE INDEX "unique_schema_migrations" ON "schema_migrations" ("version")[0m
  [4;36;1mSQL (0.5ms)[0m   [0;1m SELECT name
 FROM sqlite_master
 WHERE type = 'table' AND NOT name = 'sqlite_sequence'
[0m
  [4;35;1mSQL (0.1ms)[0m   [0mSELECT version FROM "schema_migrations"[0m
  [4;36;1mSQL (0.1ms)[0m   [0;1mINSERT INTO "schema_migrations" (version) VALUES ('1')[0m
Unable to load roles_user, underlying cause no such file to load -- roles_user.rb 

 /usr/lib/ruby/gems/1.8/gems/activesupport-2.2.2/lib/active_support/dependencies.rb:382:in `load_without_new_constant_marking'
/usr/lib/ruby/gems/1.8/gems/activesupport-2.2.2/lib/active_support/dependencies.rb:382:in `load_file'
/usr/lib/ruby/gems/1.8/gems/activesupport-2.2.2/lib/active_support/dependencies.rb:521:in `new_constants_in'
/usr/lib/ruby/gems/1.8/gems/activesupport-2.2.2/lib/active_support/dependencies.rb:381:in `load_file'
/usr/lib/ruby/gems/1.8/gems/activesupport-2.2.2/lib/active_support/dependencies.rb:256:in `require_or_load'
/usr/lib/ruby/gems/1.8/gems/activesupport-2.2.2/lib/active_support/dependencies.rb:221:in `depend_on'
/usr/lib/ruby/gems/1.8/gems/activesupport-2.2.2/lib/active_support/dependencies.rb:133:in `require_dependency'
/usr/lib/ruby/gems/1.8/gems/activerecord-2.2.2/lib/active_record/fixtures.rb:856:in `try_to_load_dependency'
/usr/lib/ruby/gems/1.8/gems/activerecord-2.2.2/lib/active_record/fixtures.rb:871:in `require_fixture_classes'
/usr/lib/ruby/gems/1.8/gems/activerecord-2.2.2/lib/active_record/fixtures.rb:868:in `each'
/usr/lib/ruby/gems/1.8/gems/activerecord-2.2.2/lib/active_record/fixtures.rb:868:in `require_fixture_classes'
/usr/lib/ruby/gems/1.8/gems/activerecord-2.2.2/lib/active_record/fixtures.rb:851:in `fixtures'
./test/unit/../test_helper.rb:31
./test/unit/nested_assignment_test.rb:1:in `require'
./test/unit/nested_assignment_test.rb:1
/usr/lib/ruby/gems/1.8/gems/rake-0.8.3/lib/rake/rake_test_loader.rb:5:in `load'
/usr/lib/ruby/gems/1.8/gems/rake-0.8.3/lib/rake/rake_test_loader.rb:5
/usr/lib/ruby/gems/1.8/gems/rake-0.8.3/lib/rake/rake_test_loader.rb:5:in `each'
/usr/lib/ruby/gems/1.8/gems/rake-0.8.3/lib/rake/rake_test_loader.rb:5
Unable to load service, underlying cause no such file to load -- service.rb 

 /usr/lib/ruby/gems/1.8/gems/activesupport-2.2.2/lib/active_support/dependencies.rb:382:in `load_without_new_constant_marking'
/usr/lib/ruby/gems/1.8/gems/activesupport-2.2.2/lib/active_support/dependencies.rb:382:in `load_file'
/usr/lib/ruby/gems/1.8/gems/activesupport-2.2.2/lib/active_support/dependencies.rb:521:in `new_constants_in'
/usr/lib/ruby/gems/1.8/gems/activesupport-2.2.2/lib/active_support/dependencies.rb:381:in `load_file'
/usr/lib/ruby/gems/1.8/gems/activesupport-2.2.2/lib/active_support/dependencies.rb:256:in `require_or_load'
/usr/lib/ruby/gems/1.8/gems/activesupport-2.2.2/lib/active_support/dependencies.rb:221:in `depend_on'
/usr/lib/ruby/gems/1.8/gems/activesupport-2.2.2/lib/active_support/dependencies.rb:133:in `require_dependency'
/usr/lib/ruby/gems/1.8/gems/activerecord-2.2.2/lib/active_record/fixtures.rb:856:in `try_to_load_dependency'
/usr/lib/ruby/gems/1.8/gems/activerecord-2.2.2/lib/active_record/fixtures.rb:871:in `require_fixture_classes'
/usr/lib/ruby/gems/1.8/gems/activerecord-2.2.2/lib/active_record/fixtures.rb:868:in `each'
/usr/lib/ruby/gems/1.8/gems/activerecord-2.2.2/lib/active_record/fixtures.rb:868:in `require_fixture_classes'
/usr/lib/ruby/gems/1.8/gems/activerecord-2.2.2/lib/active_record/fixtures.rb:851:in `fixtures'
./test/unit/../test_helper.rb:31
./test/unit/nested_assignment_test.rb:1:in `require'
./test/unit/nested_assignment_test.rb:1
/usr/lib/ruby/gems/1.8/gems/rake-0.8.3/lib/rake/rake_test_loader.rb:5:in `load'
/usr/lib/ruby/gems/1.8/gems/rake-0.8.3/lib/rake/rake_test_loader.rb:5
/usr/lib/ruby/gems/1.8/gems/rake-0.8.3/lib/rake/rake_test_loader.rb:5:in `each'
/usr/lib/ruby/gems/1.8/gems/rake-0.8.3/lib/rake/rake_test_loader.rb:5
Unable to load subscription, underlying cause no such file to load -- subscription.rb 

 /usr/lib/ruby/gems/1.8/gems/activesupport-2.2.2/lib/active_support/dependencies.rb:382:in `load_without_new_constant_marking'
/usr/lib/ruby/gems/1.8/gems/activesupport-2.2.2/lib/active_support/dependencies.rb:382:in `load_file'
/usr/lib/ruby/gems/1.8/gems/activesupport-2.2.2/lib/active_support/dependencies.rb:521:in `new_constants_in'
/usr/lib/ruby/gems/1.8/gems/activesupport-2.2.2/lib/active_support/dependencies.rb:381:in `load_file'
/usr/lib/ruby/gems/1.8/gems/activesupport-2.2.2/lib/active_support/dependencies.rb:256:in `require_or_load'
/usr/lib/ruby/gems/1.8/gems/activesupport-2.2.2/lib/active_support/dependencies.rb:221:in `depend_on'
/usr/lib/ruby/gems/1.8/gems/activesupport-2.2.2/lib/active_support/dependencies.rb:133:in `require_dependency'
/usr/lib/ruby/gems/1.8/gems/activerecord-2.2.2/lib/active_record/fixtures.rb:856:in `try_to_load_dependency'
/usr/lib/ruby/gems/1.8/gems/activerecord-2.2.2/lib/active_record/fixtures.rb:871:in `require_fixture_classes'
/usr/lib/ruby/gems/1.8/gems/activerecord-2.2.2/lib/active_record/fixtures.rb:868:in `each'
/usr/lib/ruby/gems/1.8/gems/activerecord-2.2.2/lib/active_record/fixtures.rb:868:in `require_fixture_classes'
/usr/lib/ruby/gems/1.8/gems/activerecord-2.2.2/lib/active_record/fixtures.rb:851:in `fixtures'
./test/unit/../test_helper.rb:31
./test/unit/nested_assignment_test.rb:1:in `require'
./test/unit/nested_assignment_test.rb:1
/usr/lib/ruby/gems/1.8/gems/rake-0.8.3/lib/rake/rake_test_loader.rb:5:in `load'
/usr/lib/ruby/gems/1.8/gems/rake-0.8.3/lib/rake/rake_test_loader.rb:5
/usr/lib/ruby/gems/1.8/gems/rake-0.8.3/lib/rake/rake_test_loader.rb:5:in `each'
/usr/lib/ruby/gems/1.8/gems/rake-0.8.3/lib/rake/rake_test_loader.rb:5
Unable to load address, underlying cause no such file to load -- address.rb 

 /usr/lib/ruby/gems/1.8/gems/activesupport-2.2.2/lib/active_support/dependencies.rb:382:in `load_without_new_constant_marking'
/usr/lib/ruby/gems/1.8/gems/activesupport-2.2.2/lib/active_support/dependencies.rb:382:in `load_file'
/usr/lib/ruby/gems/1.8/gems/activesupport-2.2.2/lib/active_support/dependencies.rb:521:in `new_constants_in'
/usr/lib/ruby/gems/1.8/gems/activesupport-2.2.2/lib/active_support/dependencies.rb:381:in `load_file'
/usr/lib/ruby/gems/1.8/gems/activesupport-2.2.2/lib/active_support/dependencies.rb:256:in `require_or_load'
/usr/lib/ruby/gems/1.8/gems/activesupport-2.2.2/lib/active_support/dependencies.rb:221:in `depend_on'
/usr/lib/ruby/gems/1.8/gems/activesupport-2.2.2/lib/active_support/dependencies.rb:133:in `require_dependency'
/usr/lib/ruby/gems/1.8/gems/activerecord-2.2.2/lib/active_record/fixtures.rb:856:in `try_to_load_dependency'
/usr/lib/ruby/gems/1.8/gems/activerecord-2.2.2/lib/active_record/fixtures.rb:871:in `require_fixture_classes'
/usr/lib/ruby/gems/1.8/gems/activerecord-2.2.2/lib/active_record/fixtures.rb:868:in `each'
/usr/lib/ruby/gems/1.8/gems/activerecord-2.2.2/lib/active_record/fixtures.rb:868:in `require_fixture_classes'
/usr/lib/ruby/gems/1.8/gems/activerecord-2.2.2/lib/active_record/fixtures.rb:851:in `fixtures'
./test/unit/../test_helper.rb:31
./test/unit/nested_assignment_test.rb:1:in `require'
./test/unit/nested_assignment_test.rb:1
/usr/lib/ruby/gems/1.8/gems/rake-0.8.3/lib/rake/rake_test_loader.rb:5:in `load'
/usr/lib/ruby/gems/1.8/gems/rake-0.8.3/lib/rake/rake_test_loader.rb:5
/usr/lib/ruby/gems/1.8/gems/rake-0.8.3/lib/rake/rake_test_loader.rb:5:in `each'
/usr/lib/ruby/gems/1.8/gems/rake-0.8.3/lib/rake/rake_test_loader.rb:5
Unable to load user, underlying cause no such file to load -- user.rb 

 /usr/lib/ruby/gems/1.8/gems/activesupport-2.2.2/lib/active_support/dependencies.rb:382:in `load_without_new_constant_marking'
/usr/lib/ruby/gems/1.8/gems/activesupport-2.2.2/lib/active_support/dependencies.rb:382:in `load_file'
/usr/lib/ruby/gems/1.8/gems/activesupport-2.2.2/lib/active_support/dependencies.rb:521:in `new_constants_in'
/usr/lib/ruby/gems/1.8/gems/activesupport-2.2.2/lib/active_support/dependencies.rb:381:in `load_file'
/usr/lib/ruby/gems/1.8/gems/activesupport-2.2.2/lib/active_support/dependencies.rb:256:in `require_or_load'
/usr/lib/ruby/gems/1.8/gems/activesupport-2.2.2/lib/active_support/dependencies.rb:221:in `depend_on'
/usr/lib/ruby/gems/1.8/gems/activesupport-2.2.2/lib/active_support/dependencies.rb:133:in `require_dependency'
/usr/lib/ruby/gems/1.8/gems/activerecord-2.2.2/lib/active_record/fixtures.rb:856:in `try_to_load_dependency'
/usr/lib/ruby/gems/1.8/gems/activerecord-2.2.2/lib/active_record/fixtures.rb:871:in `require_fixture_classes'
/usr/lib/ruby/gems/1.8/gems/activerecord-2.2.2/lib/active_record/fixtures.rb:868:in `each'
/usr/lib/ruby/gems/1.8/gems/activerecord-2.2.2/lib/active_record/fixtures.rb:868:in `require_fixture_classes'
/usr/lib/ruby/gems/1.8/gems/activerecord-2.2.2/lib/active_record/fixtures.rb:851:in `fixtures'
./test/unit/../test_helper.rb:31
./test/unit/nested_assignment_test.rb:1:in `require'
./test/unit/nested_assignment_test.rb:1
/usr/lib/ruby/gems/1.8/gems/rake-0.8.3/lib/rake/rake_test_loader.rb:5:in `load'
/usr/lib/ruby/gems/1.8/gems/rake-0.8.3/lib/rake/rake_test_loader.rb:5
/usr/lib/ruby/gems/1.8/gems/rake-0.8.3/lib/rake/rake_test_loader.rb:5:in `each'
/usr/lib/ruby/gems/1.8/gems/rake-0.8.3/lib/rake/rake_test_loader.rb:5
Unable to load role, underlying cause no such file to load -- role.rb 

 /usr/lib/ruby/gems/1.8/gems/activesupport-2.2.2/lib/active_support/dependencies.rb:382:in `load_without_new_constant_marking'
/usr/lib/ruby/gems/1.8/gems/activesupport-2.2.2/lib/active_support/dependencies.rb:382:in `load_file'
/usr/lib/ruby/gems/1.8/gems/activesupport-2.2.2/lib/active_support/dependencies.rb:521:in `new_constants_in'
/usr/lib/ruby/gems/1.8/gems/activesupport-2.2.2/lib/active_support/dependencies.rb:381:in `load_file'
/usr/lib/ruby/gems/1.8/gems/activesupport-2.2.2/lib/active_support/dependencies.rb:256:in `require_or_load'
/usr/lib/ruby/gems/1.8/gems/activesupport-2.2.2/lib/active_support/dependencies.rb:221:in `depend_on'
/usr/lib/ruby/gems/1.8/gems/activesupport-2.2.2/lib/active_support/dependencies.rb:133:in `require_dependency'
/usr/lib/ruby/gems/1.8/gems/activerecord-2.2.2/lib/active_record/fixtures.rb:856:in `try_to_load_dependency'
/usr/lib/ruby/gems/1.8/gems/activerecord-2.2.2/lib/active_record/fixtures.rb:871:in `require_fixture_classes'
/usr/lib/ruby/gems/1.8/gems/activerecord-2.2.2/lib/active_record/fixtures.rb:868:in `each'
/usr/lib/ruby/gems/1.8/gems/activerecord-2.2.2/lib/active_record/fixtures.rb:868:in `require_fixture_classes'
/usr/lib/ruby/gems/1.8/gems/activerecord-2.2.2/lib/active_record/fixtures.rb:851:in `fixtures'
./test/unit/../test_helper.rb:31
./test/unit/nested_assignment_test.rb:1:in `require'
./test/unit/nested_assignment_test.rb:1
/usr/lib/ruby/gems/1.8/gems/rake-0.8.3/lib/rake/rake_test_loader.rb:5:in `load'
/usr/lib/ruby/gems/1.8/gems/rake-0.8.3/lib/rake/rake_test_loader.rb:5
/usr/lib/ruby/gems/1.8/gems/rake-0.8.3/lib/rake/rake_test_loader.rb:5:in `each'
/usr/lib/ruby/gems/1.8/gems/rake-0.8.3/lib/rake/rake_test_loader.rb:5
  [4;35;1mPluginTestModels::User Load (0.2ms)[0m   [0mSELECT * FROM "users" LIMIT 1[0m
  [4;36;1mPluginTestModels::Subscription Load (0.2ms)[0m   [0;1mSELECT * FROM "subscriptions" WHERE ("subscriptions".user_id = 1) LIMIT 1[0m
  [4;35;1mPluginTestModels::Address Load (0.2ms)[0m   [0mSELECT * FROM "addresses" WHERE ("addresses".addressable_id = 1 AND "addresses".addressable_type = 'PluginTestModels::User') LIMIT 1[0m
  [4;36;1mPluginTestModels::User Load (0.2ms)[0m   [0;1mSELECT * FROM "users" LIMIT 1[0m
  [4;35;1mPluginTestModels::Role Load (0.1ms)[0m   [0mSELECT * FROM "roles" INNER JOIN "roles_users" ON "roles".id = "roles_users".role_id WHERE ("roles_users".user_id = 1 ) [0m
  [4;36;1mPluginTestModels::Subscription Load (0.2ms)[0m   [0;1mSELECT * FROM "subscriptions" WHERE ("subscriptions".user_id = 1) LIMIT 1[0m
  [4;35;1mPluginTestModels::Address Load (0.2ms)[0m   [0mSELECT * FROM "addresses" WHERE ("addresses".addressable_id = 1 AND "addresses".addressable_type = 'PluginTestModels::User') LIMIT 1[0m
  [4;36;1mSQL (0.2ms)[0m   [0;1mselect sqlite_version(*)[0m
  [4;35;1mSQL (0.1ms)[0m   [0m SELECT name
 FROM sqlite_master
 WHERE type = 'table' AND NOT name = 'sqlite_sequence'
[0m
  [4;36;1mSQL (0.2ms)[0m   [0;1mCREATE TABLE "addresses" ("id" INTEGER PRIMARY KEY AUTOINCREMENT NOT NULL, "name" varchar(255), "addressable_id" integer, "addressable_type" varchar(255)) [0m
  [4;35;1mSQL (0.1ms)[0m   [0m SELECT name
 FROM sqlite_master
 WHERE type = 'table' AND NOT name = 'sqlite_sequence'
[0m
  [4;36;1mSQL (0.1ms)[0m   [0;1mCREATE TABLE "users" ("id" INTEGER PRIMARY KEY AUTOINCREMENT NOT NULL, "name" varchar(255)) [0m
  [4;35;1mSQL (0.2ms)[0m   [0m SELECT name
 FROM sqlite_master
 WHERE type = 'table' AND NOT name = 'sqlite_sequence'
[0m
  [4;36;1mSQL (0.1ms)[0m   [0;1mCREATE TABLE "roles_users" ("user_id" integer, "role_id" integer) [0m
  [4;35;1mSQL (0.2ms)[0m   [0m SELECT name
 FROM sqlite_master
 WHERE type = 'table' AND NOT name = 'sqlite_sequence'
[0m
  [4;36;1mSQL (0.1ms)[0m   [0;1mCREATE TABLE "services" ("id" INTEGER PRIMARY KEY AUTOINCREMENT NOT NULL, "name" varchar(255)) [0m
  [4;35;1mSQL (0.2ms)[0m   [0m SELECT name
 FROM sqlite_master
 WHERE type = 'table' AND NOT name = 'sqlite_sequence'
[0m
  [4;36;1mSQL (0.1ms)[0m   [0;1mCREATE TABLE "subscriptions" ("id" INTEGER PRIMARY KEY AUTOINCREMENT NOT NULL, "name" varchar(255), "service_id" integer, "user_id" integer) [0m
  [4;35;1mSQL (0.3ms)[0m   [0m SELECT name
 FROM sqlite_master
 WHERE type = 'table' AND NOT name = 'sqlite_sequence'
[0m
  [4;36;1mSQL (0.1ms)[0m   [0;1mCREATE TABLE "roles" ("id" INTEGER PRIMARY KEY AUTOINCREMENT NOT NULL, "name" varchar(255)) [0m
  [4;35;1mSQL (0.3ms)[0m   [0m SELECT name
 FROM sqlite_master
 WHERE type = 'table' AND NOT name = 'sqlite_sequence'
[0m
  [4;36;1mSQL (0.1ms)[0m   [0;1mCREATE TABLE "schema_migrations" ("version" varchar(255) NOT NULL) [0m
  [4;35;1mSQL (0.1ms)[0m   [0mCREATE UNIQUE INDEX "unique_schema_migrations" ON "schema_migrations" ("version")[0m
  [4;36;1mSQL (0.4ms)[0m   [0;1m SELECT name
 FROM sqlite_master
 WHERE type = 'table' AND NOT name = 'sqlite_sequence'
[0m
  [4;35;1mSQL (0.1ms)[0m   [0mSELECT version FROM "schema_migrations"[0m
  [4;36;1mSQL (0.1ms)[0m   [0;1mINSERT INTO "schema_migrations" (version) VALUES ('1')[0m
Unable to load roles_user, underlying cause no such file to load -- roles_user.rb 

 /usr/lib/ruby/gems/1.8/gems/activesupport-2.2.2/lib/active_support/dependencies.rb:382:in `load_without_new_constant_marking'
/usr/lib/ruby/gems/1.8/gems/activesupport-2.2.2/lib/active_support/dependencies.rb:382:in `load_file'
/usr/lib/ruby/gems/1.8/gems/activesupport-2.2.2/lib/active_support/dependencies.rb:521:in `new_constants_in'
/usr/lib/ruby/gems/1.8/gems/activesupport-2.2.2/lib/active_support/dependencies.rb:381:in `load_file'
/usr/lib/ruby/gems/1.8/gems/activesupport-2.2.2/lib/active_support/dependencies.rb:256:in `require_or_load'
/usr/lib/ruby/gems/1.8/gems/activesupport-2.2.2/lib/active_support/dependencies.rb:221:in `depend_on'
/usr/lib/ruby/gems/1.8/gems/activesupport-2.2.2/lib/active_support/dependencies.rb:133:in `require_dependency'
/usr/lib/ruby/gems/1.8/gems/activerecord-2.2.2/lib/active_record/fixtures.rb:856:in `try_to_load_dependency'
/usr/lib/ruby/gems/1.8/gems/activerecord-2.2.2/lib/active_record/fixtures.rb:871:in `require_fixture_classes'
/usr/lib/ruby/gems/1.8/gems/activerecord-2.2.2/lib/active_record/fixtures.rb:868:in `each'
/usr/lib/ruby/gems/1.8/gems/activerecord-2.2.2/lib/active_record/fixtures.rb:868:in `require_fixture_classes'
/usr/lib/ruby/gems/1.8/gems/activerecord-2.2.2/lib/active_record/fixtures.rb:851:in `fixtures'
./test/unit/../test_helper.rb:31
./test/unit/nested_assignment_test.rb:1:in `require'
./test/unit/nested_assignment_test.rb:1
/usr/lib/ruby/gems/1.8/gems/rake-0.8.3/lib/rake/rake_test_loader.rb:5:in `load'
/usr/lib/ruby/gems/1.8/gems/rake-0.8.3/lib/rake/rake_test_loader.rb:5
/usr/lib/ruby/gems/1.8/gems/rake-0.8.3/lib/rake/rake_test_loader.rb:5:in `each'
/usr/lib/ruby/gems/1.8/gems/rake-0.8.3/lib/rake/rake_test_loader.rb:5
Unable to load service, underlying cause no such file to load -- service.rb 

 /usr/lib/ruby/gems/1.8/gems/activesupport-2.2.2/lib/active_support/dependencies.rb:382:in `load_without_new_constant_marking'
/usr/lib/ruby/gems/1.8/gems/activesupport-2.2.2/lib/active_support/dependencies.rb:382:in `load_file'
/usr/lib/ruby/gems/1.8/gems/activesupport-2.2.2/lib/active_support/dependencies.rb:521:in `new_constants_in'
/usr/lib/ruby/gems/1.8/gems/activesupport-2.2.2/lib/active_support/dependencies.rb:381:in `load_file'
/usr/lib/ruby/gems/1.8/gems/activesupport-2.2.2/lib/active_support/dependencies.rb:256:in `require_or_load'
/usr/lib/ruby/gems/1.8/gems/activesupport-2.2.2/lib/active_support/dependencies.rb:221:in `depend_on'
/usr/lib/ruby/gems/1.8/gems/activesupport-2.2.2/lib/active_support/dependencies.rb:133:in `require_dependency'
/usr/lib/ruby/gems/1.8/gems/activerecord-2.2.2/lib/active_record/fixtures.rb:856:in `try_to_load_dependency'
/usr/lib/ruby/gems/1.8/gems/activerecord-2.2.2/lib/active_record/fixtures.rb:871:in `require_fixture_classes'
/usr/lib/ruby/gems/1.8/gems/activerecord-2.2.2/lib/active_record/fixtures.rb:868:in `each'
/usr/lib/ruby/gems/1.8/gems/activerecord-2.2.2/lib/active_record/fixtures.rb:868:in `require_fixture_classes'
/usr/lib/ruby/gems/1.8/gems/activerecord-2.2.2/lib/active_record/fixtures.rb:851:in `fixtures'
./test/unit/../test_helper.rb:31
./test/unit/nested_assignment_test.rb:1:in `require'
./test/unit/nested_assignment_test.rb:1
/usr/lib/ruby/gems/1.8/gems/rake-0.8.3/lib/rake/rake_test_loader.rb:5:in `load'
/usr/lib/ruby/gems/1.8/gems/rake-0.8.3/lib/rake/rake_test_loader.rb:5
/usr/lib/ruby/gems/1.8/gems/rake-0.8.3/lib/rake/rake_test_loader.rb:5:in `each'
/usr/lib/ruby/gems/1.8/gems/rake-0.8.3/lib/rake/rake_test_loader.rb:5
Unable to load subscription, underlying cause no such file to load -- subscription.rb 

 /usr/lib/ruby/gems/1.8/gems/activesupport-2.2.2/lib/active_support/dependencies.rb:382:in `load_without_new_constant_marking'
/usr/lib/ruby/gems/1.8/gems/activesupport-2.2.2/lib/active_support/dependencies.rb:382:in `load_file'
/usr/lib/ruby/gems/1.8/gems/activesupport-2.2.2/lib/active_support/dependencies.rb:521:in `new_constants_in'
/usr/lib/ruby/gems/1.8/gems/activesupport-2.2.2/lib/active_support/dependencies.rb:381:in `load_file'
/usr/lib/ruby/gems/1.8/gems/activesupport-2.2.2/lib/active_support/dependencies.rb:256:in `require_or_load'
/usr/lib/ruby/gems/1.8/gems/activesupport-2.2.2/lib/active_support/dependencies.rb:221:in `depend_on'
/usr/lib/ruby/gems/1.8/gems/activesupport-2.2.2/lib/active_support/dependencies.rb:133:in `require_dependency'
/usr/lib/ruby/gems/1.8/gems/activerecord-2.2.2/lib/active_record/fixtures.rb:856:in `try_to_load_dependency'
/usr/lib/ruby/gems/1.8/gems/activerecord-2.2.2/lib/active_record/fixtures.rb:871:in `require_fixture_classes'
/usr/lib/ruby/gems/1.8/gems/activerecord-2.2.2/lib/active_record/fixtures.rb:868:in `each'
/usr/lib/ruby/gems/1.8/gems/activerecord-2.2.2/lib/active_record/fixtures.rb:868:in `require_fixture_classes'
/usr/lib/ruby/gems/1.8/gems/activerecord-2.2.2/lib/active_record/fixtures.rb:851:in `fixtures'
./test/unit/../test_helper.rb:31
./test/unit/nested_assignment_test.rb:1:in `require'
./test/unit/nested_assignment_test.rb:1
/usr/lib/ruby/gems/1.8/gems/rake-0.8.3/lib/rake/rake_test_loader.rb:5:in `load'
/usr/lib/ruby/gems/1.8/gems/rake-0.8.3/lib/rake/rake_test_loader.rb:5
/usr/lib/ruby/gems/1.8/gems/rake-0.8.3/lib/rake/rake_test_loader.rb:5:in `each'
/usr/lib/ruby/gems/1.8/gems/rake-0.8.3/lib/rake/rake_test_loader.rb:5
Unable to load address, underlying cause no such file to load -- address.rb 

 /usr/lib/ruby/gems/1.8/gems/activesupport-2.2.2/lib/active_support/dependencies.rb:382:in `load_without_new_constant_marking'
/usr/lib/ruby/gems/1.8/gems/activesupport-2.2.2/lib/active_support/dependencies.rb:382:in `load_file'
/usr/lib/ruby/gems/1.8/gems/activesupport-2.2.2/lib/active_support/dependencies.rb:521:in `new_constants_in'
/usr/lib/ruby/gems/1.8/gems/activesupport-2.2.2/lib/active_support/dependencies.rb:381:in `load_file'
/usr/lib/ruby/gems/1.8/gems/activesupport-2.2.2/lib/active_support/dependencies.rb:256:in `require_or_load'
/usr/lib/ruby/gems/1.8/gems/activesupport-2.2.2/lib/active_support/dependencies.rb:221:in `depend_on'
/usr/lib/ruby/gems/1.8/gems/activesupport-2.2.2/lib/active_support/dependencies.rb:133:in `require_dependency'
/usr/lib/ruby/gems/1.8/gems/activerecord-2.2.2/lib/active_record/fixtures.rb:856:in `try_to_load_dependency'
/usr/lib/ruby/gems/1.8/gems/activerecord-2.2.2/lib/active_record/fixtures.rb:871:in `require_fixture_classes'
/usr/lib/ruby/gems/1.8/gems/activerecord-2.2.2/lib/active_record/fixtures.rb:868:in `each'
/usr/lib/ruby/gems/1.8/gems/activerecord-2.2.2/lib/active_record/fixtures.rb:868:in `require_fixture_classes'
/usr/lib/ruby/gems/1.8/gems/activerecord-2.2.2/lib/active_record/fixtures.rb:851:in `fixtures'
./test/unit/../test_helper.rb:31
./test/unit/nested_assignment_test.rb:1:in `require'
./test/unit/nested_assignment_test.rb:1
/usr/lib/ruby/gems/1.8/gems/rake-0.8.3/lib/rake/rake_test_loader.rb:5:in `load'
/usr/lib/ruby/gems/1.8/gems/rake-0.8.3/lib/rake/rake_test_loader.rb:5
/usr/lib/ruby/gems/1.8/gems/rake-0.8.3/lib/rake/rake_test_loader.rb:5:in `each'
/usr/lib/ruby/gems/1.8/gems/rake-0.8.3/lib/rake/rake_test_loader.rb:5
Unable to load user, underlying cause no such file to load -- user.rb 

 /usr/lib/ruby/gems/1.8/gems/activesupport-2.2.2/lib/active_support/dependencies.rb:382:in `load_without_new_constant_marking'
/usr/lib/ruby/gems/1.8/gems/activesupport-2.2.2/lib/active_support/dependencies.rb:382:in `load_file'
/usr/lib/ruby/gems/1.8/gems/activesupport-2.2.2/lib/active_support/dependencies.rb:521:in `new_constants_in'
/usr/lib/ruby/gems/1.8/gems/activesupport-2.2.2/lib/active_support/dependencies.rb:381:in `load_file'
/usr/lib/ruby/gems/1.8/gems/activesupport-2.2.2/lib/active_support/dependencies.rb:256:in `require_or_load'
/usr/lib/ruby/gems/1.8/gems/activesupport-2.2.2/lib/active_support/dependencies.rb:221:in `depend_on'
/usr/lib/ruby/gems/1.8/gems/activesupport-2.2.2/lib/active_support/dependencies.rb:133:in `require_dependency'
/usr/lib/ruby/gems/1.8/gems/activerecord-2.2.2/lib/active_record/fixtures.rb:856:in `try_to_load_dependency'
/usr/lib/ruby/gems/1.8/gems/activerecord-2.2.2/lib/active_record/fixtures.rb:871:in `require_fixture_classes'
/usr/lib/ruby/gems/1.8/gems/activerecord-2.2.2/lib/active_record/fixtures.rb:868:in `each'
/usr/lib/ruby/gems/1.8/gems/activerecord-2.2.2/lib/active_record/fixtures.rb:868:in `require_fixture_classes'
/usr/lib/ruby/gems/1.8/gems/activerecord-2.2.2/lib/active_record/fixtures.rb:851:in `fixtures'
./test/unit/../test_helper.rb:31
./test/unit/nested_assignment_test.rb:1:in `require'
./test/unit/nested_assignment_test.rb:1
/usr/lib/ruby/gems/1.8/gems/rake-0.8.3/lib/rake/rake_test_loader.rb:5:in `load'
/usr/lib/ruby/gems/1.8/gems/rake-0.8.3/lib/rake/rake_test_loader.rb:5
/usr/lib/ruby/gems/1.8/gems/rake-0.8.3/lib/rake/rake_test_loader.rb:5:in `each'
/usr/lib/ruby/gems/1.8/gems/rake-0.8.3/lib/rake/rake_test_loader.rb:5
Unable to load role, underlying cause no such file to load -- role.rb 

 /usr/lib/ruby/gems/1.8/gems/activesupport-2.2.2/lib/active_support/dependencies.rb:382:in `load_without_new_constant_marking'
/usr/lib/ruby/gems/1.8/gems/activesupport-2.2.2/lib/active_support/dependencies.rb:382:in `load_file'
/usr/lib/ruby/gems/1.8/gems/activesupport-2.2.2/lib/active_support/dependencies.rb:521:in `new_constants_in'
/usr/lib/ruby/gems/1.8/gems/activesupport-2.2.2/lib/active_support/dependencies.rb:381:in `load_file'
/usr/lib/ruby/gems/1.8/gems/activesupport-2.2.2/lib/active_support/dependencies.rb:256:in `require_or_load'
/usr/lib/ruby/gems/1.8/gems/activesupport-2.2.2/lib/active_support/dependencies.rb:221:in `depend_on'
/usr/lib/ruby/gems/1.8/gems/activesupport-2.2.2/lib/active_support/dependencies.rb:133:in `require_dependency'
/usr/lib/ruby/gems/1.8/gems/activerecord-2.2.2/lib/active_record/fixtures.rb:856:in `try_to_load_dependency'
/usr/lib/ruby/gems/1.8/gems/activerecord-2.2.2/lib/active_record/fixtures.rb:871:in `require_fixture_classes'
/usr/lib/ruby/gems/1.8/gems/activerecord-2.2.2/lib/active_record/fixtures.rb:868:in `each'
/usr/lib/ruby/gems/1.8/gems/activerecord-2.2.2/lib/active_record/fixtures.rb:868:in `require_fixture_classes'
/usr/lib/ruby/gems/1.8/gems/activerecord-2.2.2/lib/active_record/fixtures.rb:851:in `fixtures'
./test/unit/../test_helper.rb:31
./test/unit/nested_assignment_test.rb:1:in `require'
./test/unit/nested_assignment_test.rb:1
/usr/lib/ruby/gems/1.8/gems/rake-0.8.3/lib/rake/rake_test_loader.rb:5:in `load'
/usr/lib/ruby/gems/1.8/gems/rake-0.8.3/lib/rake/rake_test_loader.rb:5
/usr/lib/ruby/gems/1.8/gems/rake-0.8.3/lib/rake/rake_test_loader.rb:5:in `each'
/usr/lib/ruby/gems/1.8/gems/rake-0.8.3/lib/rake/rake_test_loader.rb:5
  [4;35;1mPluginTestModels::User Load (0.1ms)[0m   [0mSELECT * FROM "users" LIMIT 1[0m
  [4;36;1mPluginTestModels::Subscription Load (0.2ms)[0m   [0;1mSELECT * FROM "subscriptions" WHERE ("subscriptions".user_id = 1) LIMIT 1[0m
  [4;35;1mPluginTestModels::Address Load (0.2ms)[0m   [0mSELECT * FROM "addresses" WHERE ("addresses".addressable_id = 1 AND "addresses".addressable_type = 'PluginTestModels::User') LIMIT 1[0m
  [4;36;1mPluginTestModels::User Load (0.1ms)[0m   [0;1mSELECT * FROM "users" LIMIT 1[0m
  [4;35;1mPluginTestModels::Role Load (0.1ms)[0m   [0mSELECT * FROM "roles" INNER JOIN "roles_users" ON "roles".id = "roles_users".role_id WHERE ("roles_users".user_id = 1 ) [0m
  [4;36;1mPluginTestModels::Subscription Load (0.2ms)[0m   [0;1mSELECT * FROM "subscriptions" WHERE ("subscriptions".user_id = 1) LIMIT 1[0m
  [4;35;1mPluginTestModels::Address Load (0.2ms)[0m   [0mSELECT * FROM "addresses" WHERE ("addresses".addressable_id = 1 AND "addresses".addressable_type = 'PluginTestModels::User') LIMIT 1[0m
  [4;36;1mPluginTestModels::Role Load (0.1ms)[0m   [0;1mSELECT * FROM "roles" INNER JOIN "roles_users" ON "roles".id = "roles_users".role_id WHERE ("roles_users".user_id = 1 ) [0m
  [4;36;1mSQL (0.3ms)[0m   [0;1mselect sqlite_version(*)[0m
  [4;35;1mSQL (0.2ms)[0m   [0m SELECT name
 FROM sqlite_master
 WHERE type = 'table' AND NOT name = 'sqlite_sequence'
[0m
  [4;36;1mSQL (0.4ms)[0m   [0;1mCREATE TABLE "addresses" ("id" INTEGER PRIMARY KEY AUTOINCREMENT NOT NULL, "name" varchar(255), "addressable_id" integer, "addressable_type" varchar(255)) [0m
  [4;35;1mSQL (0.2ms)[0m   [0m SELECT name
 FROM sqlite_master
 WHERE type = 'table' AND NOT name = 'sqlite_sequence'
[0m
  [4;36;1mSQL (0.2ms)[0m   [0;1mCREATE TABLE "users" ("id" INTEGER PRIMARY KEY AUTOINCREMENT NOT NULL, "name" varchar(255)) [0m
  [4;35;1mSQL (0.2ms)[0m   [0m SELECT name
 FROM sqlite_master
 WHERE type = 'table' AND NOT name = 'sqlite_sequence'
[0m
  [4;36;1mSQL (0.2ms)[0m   [0;1mCREATE TABLE "roles_users" ("user_id" integer, "role_id" integer) [0m
  [4;35;1mSQL (0.3ms)[0m   [0m SELECT name
 FROM sqlite_master
 WHERE type = 'table' AND NOT name = 'sqlite_sequence'
[0m
  [4;36;1mSQL (0.2ms)[0m   [0;1mCREATE TABLE "services" ("id" INTEGER PRIMARY KEY AUTOINCREMENT NOT NULL, "name" varchar(255)) [0m
  [4;35;1mSQL (0.3ms)[0m   [0m SELECT name
 FROM sqlite_master
 WHERE type = 'table' AND NOT name = 'sqlite_sequence'
[0m
  [4;36;1mSQL (0.2ms)[0m   [0;1mCREATE TABLE "subscriptions" ("id" INTEGER PRIMARY KEY AUTOINCREMENT NOT NULL, "name" varchar(255), "service_id" integer, "user_id" integer) [0m
  [4;35;1mSQL (0.4ms)[0m   [0m SELECT name
 FROM sqlite_master
 WHERE type = 'table' AND NOT name = 'sqlite_sequence'
[0m
  [4;36;1mSQL (0.2ms)[0m   [0;1mCREATE TABLE "roles" ("id" INTEGER PRIMARY KEY AUTOINCREMENT NOT NULL, "name" varchar(255)) [0m
  [4;35;1mSQL (0.5ms)[0m   [0m SELECT name
 FROM sqlite_master
 WHERE type = 'table' AND NOT name = 'sqlite_sequence'
[0m
  [4;36;1mSQL (0.2ms)[0m   [0;1mCREATE TABLE "schema_migrations" ("version" varchar(255) NOT NULL) [0m
  [4;35;1mSQL (0.2ms)[0m   [0mCREATE UNIQUE INDEX "unique_schema_migrations" ON "schema_migrations" ("version")[0m
  [4;36;1mSQL (0.5ms)[0m   [0;1m SELECT name
 FROM sqlite_master
 WHERE type = 'table' AND NOT name = 'sqlite_sequence'
[0m
  [4;35;1mSQL (0.1ms)[0m   [0mSELECT version FROM "schema_migrations"[0m
  [4;36;1mSQL (0.1ms)[0m   [0;1mINSERT INTO "schema_migrations" (version) VALUES ('1')[0m
Unable to load roles_user, underlying cause no such file to load -- roles_user.rb 

 /usr/lib/ruby/gems/1.8/gems/activesupport-2.2.2/lib/active_support/dependencies.rb:382:in `load_without_new_constant_marking'
/usr/lib/ruby/gems/1.8/gems/activesupport-2.2.2/lib/active_support/dependencies.rb:382:in `load_file'
/usr/lib/ruby/gems/1.8/gems/activesupport-2.2.2/lib/active_support/dependencies.rb:521:in `new_constants_in'
/usr/lib/ruby/gems/1.8/gems/activesupport-2.2.2/lib/active_support/dependencies.rb:381:in `load_file'
/usr/lib/ruby/gems/1.8/gems/activesupport-2.2.2/lib/active_support/dependencies.rb:256:in `require_or_load'
/usr/lib/ruby/gems/1.8/gems/activesupport-2.2.2/lib/active_support/dependencies.rb:221:in `depend_on'
/usr/lib/ruby/gems/1.8/gems/activesupport-2.2.2/lib/active_support/dependencies.rb:133:in `require_dependency'
/usr/lib/ruby/gems/1.8/gems/activerecord-2.2.2/lib/active_record/fixtures.rb:856:in `try_to_load_dependency'
/usr/lib/ruby/gems/1.8/gems/activerecord-2.2.2/lib/active_record/fixtures.rb:871:in `require_fixture_classes'
/usr/lib/ruby/gems/1.8/gems/activerecord-2.2.2/lib/active_record/fixtures.rb:868:in `each'
/usr/lib/ruby/gems/1.8/gems/activerecord-2.2.2/lib/active_record/fixtures.rb:868:in `require_fixture_classes'
/usr/lib/ruby/gems/1.8/gems/activerecord-2.2.2/lib/active_record/fixtures.rb:851:in `fixtures'
./test/unit/../test_helper.rb:31
./test/unit/nested_assignment_test.rb:1:in `require'
./test/unit/nested_assignment_test.rb:1
/usr/lib/ruby/gems/1.8/gems/rake-0.8.3/lib/rake/rake_test_loader.rb:5:in `load'
/usr/lib/ruby/gems/1.8/gems/rake-0.8.3/lib/rake/rake_test_loader.rb:5
/usr/lib/ruby/gems/1.8/gems/rake-0.8.3/lib/rake/rake_test_loader.rb:5:in `each'
/usr/lib/ruby/gems/1.8/gems/rake-0.8.3/lib/rake/rake_test_loader.rb:5
Unable to load service, underlying cause no such file to load -- service.rb 

 /usr/lib/ruby/gems/1.8/gems/activesupport-2.2.2/lib/active_support/dependencies.rb:382:in `load_without_new_constant_marking'
/usr/lib/ruby/gems/1.8/gems/activesupport-2.2.2/lib/active_support/dependencies.rb:382:in `load_file'
/usr/lib/ruby/gems/1.8/gems/activesupport-2.2.2/lib/active_support/dependencies.rb:521:in `new_constants_in'
/usr/lib/ruby/gems/1.8/gems/activesupport-2.2.2/lib/active_support/dependencies.rb:381:in `load_file'
/usr/lib/ruby/gems/1.8/gems/activesupport-2.2.2/lib/active_support/dependencies.rb:256:in `require_or_load'
/usr/lib/ruby/gems/1.8/gems/activesupport-2.2.2/lib/active_support/dependencies.rb:221:in `depend_on'
/usr/lib/ruby/gems/1.8/gems/activesupport-2.2.2/lib/active_support/dependencies.rb:133:in `require_dependency'
/usr/lib/ruby/gems/1.8/gems/activerecord-2.2.2/lib/active_record/fixtures.rb:856:in `try_to_load_dependency'
/usr/lib/ruby/gems/1.8/gems/activerecord-2.2.2/lib/active_record/fixtures.rb:871:in `require_fixture_classes'
/usr/lib/ruby/gems/1.8/gems/activerecord-2.2.2/lib/active_record/fixtures.rb:868:in `each'
/usr/lib/ruby/gems/1.8/gems/activerecord-2.2.2/lib/active_record/fixtures.rb:868:in `require_fixture_classes'
/usr/lib/ruby/gems/1.8/gems/activerecord-2.2.2/lib/active_record/fixtures.rb:851:in `fixtures'
./test/unit/../test_helper.rb:31
./test/unit/nested_assignment_test.rb:1:in `require'
./test/unit/nested_assignment_test.rb:1
/usr/lib/ruby/gems/1.8/gems/rake-0.8.3/lib/rake/rake_test_loader.rb:5:in `load'
/usr/lib/ruby/gems/1.8/gems/rake-0.8.3/lib/rake/rake_test_loader.rb:5
/usr/lib/ruby/gems/1.8/gems/rake-0.8.3/lib/rake/rake_test_loader.rb:5:in `each'
/usr/lib/ruby/gems/1.8/gems/rake-0.8.3/lib/rake/rake_test_loader.rb:5
Unable to load subscription, underlying cause no such file to load -- subscription.rb 

 /usr/lib/ruby/gems/1.8/gems/activesupport-2.2.2/lib/active_support/dependencies.rb:382:in `load_without_new_constant_marking'
/usr/lib/ruby/gems/1.8/gems/activesupport-2.2.2/lib/active_support/dependencies.rb:382:in `load_file'
/usr/lib/ruby/gems/1.8/gems/activesupport-2.2.2/lib/active_support/dependencies.rb:521:in `new_constants_in'
/usr/lib/ruby/gems/1.8/gems/activesupport-2.2.2/lib/active_support/dependencies.rb:381:in `load_file'
/usr/lib/ruby/gems/1.8/gems/activesupport-2.2.2/lib/active_support/dependencies.rb:256:in `require_or_load'
/usr/lib/ruby/gems/1.8/gems/activesupport-2.2.2/lib/active_support/dependencies.rb:221:in `depend_on'
/usr/lib/ruby/gems/1.8/gems/activesupport-2.2.2/lib/active_support/dependencies.rb:133:in `require_dependency'
/usr/lib/ruby/gems/1.8/gems/activerecord-2.2.2/lib/active_record/fixtures.rb:856:in `try_to_load_dependency'
/usr/lib/ruby/gems/1.8/gems/activerecord-2.2.2/lib/active_record/fixtures.rb:871:in `require_fixture_classes'
/usr/lib/ruby/gems/1.8/gems/activerecord-2.2.2/lib/active_record/fixtures.rb:868:in `each'
/usr/lib/ruby/gems/1.8/gems/activerecord-2.2.2/lib/active_record/fixtures.rb:868:in `require_fixture_classes'
/usr/lib/ruby/gems/1.8/gems/activerecord-2.2.2/lib/active_record/fixtures.rb:851:in `fixtures'
./test/unit/../test_helper.rb:31
./test/unit/nested_assignment_test.rb:1:in `require'
./test/unit/nested_assignment_test.rb:1
/usr/lib/ruby/gems/1.8/gems/rake-0.8.3/lib/rake/rake_test_loader.rb:5:in `load'
/usr/lib/ruby/gems/1.8/gems/rake-0.8.3/lib/rake/rake_test_loader.rb:5
/usr/lib/ruby/gems/1.8/gems/rake-0.8.3/lib/rake/rake_test_loader.rb:5:in `each'
/usr/lib/ruby/gems/1.8/gems/rake-0.8.3/lib/rake/rake_test_loader.rb:5
Unable to load address, underlying cause no such file to load -- address.rb 

 /usr/lib/ruby/gems/1.8/gems/activesupport-2.2.2/lib/active_support/dependencies.rb:382:in `load_without_new_constant_marking'
/usr/lib/ruby/gems/1.8/gems/activesupport-2.2.2/lib/active_support/dependencies.rb:382:in `load_file'
/usr/lib/ruby/gems/1.8/gems/activesupport-2.2.2/lib/active_support/dependencies.rb:521:in `new_constants_in'
/usr/lib/ruby/gems/1.8/gems/activesupport-2.2.2/lib/active_support/dependencies.rb:381:in `load_file'
/usr/lib/ruby/gems/1.8/gems/activesupport-2.2.2/lib/active_support/dependencies.rb:256:in `require_or_load'
/usr/lib/ruby/gems/1.8/gems/activesupport-2.2.2/lib/active_support/dependencies.rb:221:in `depend_on'
/usr/lib/ruby/gems/1.8/gems/activesupport-2.2.2/lib/active_support/dependencies.rb:133:in `require_dependency'
/usr/lib/ruby/gems/1.8/gems/activerecord-2.2.2/lib/active_record/fixtures.rb:856:in `try_to_load_dependency'
/usr/lib/ruby/gems/1.8/gems/activerecord-2.2.2/lib/active_record/fixtures.rb:871:in `require_fixture_classes'
/usr/lib/ruby/gems/1.8/gems/activerecord-2.2.2/lib/active_record/fixtures.rb:868:in `each'
/usr/lib/ruby/gems/1.8/gems/activerecord-2.2.2/lib/active_record/fixtures.rb:868:in `require_fixture_classes'
/usr/lib/ruby/gems/1.8/gems/activerecord-2.2.2/lib/active_record/fixtures.rb:851:in `fixtures'
./test/unit/../test_helper.rb:31
./test/unit/nested_assignment_test.rb:1:in `require'
./test/unit/nested_assignment_test.rb:1
/usr/lib/ruby/gems/1.8/gems/rake-0.8.3/lib/rake/rake_test_loader.rb:5:in `load'
/usr/lib/ruby/gems/1.8/gems/rake-0.8.3/lib/rake/rake_test_loader.rb:5
/usr/lib/ruby/gems/1.8/gems/rake-0.8.3/lib/rake/rake_test_loader.rb:5:in `each'
/usr/lib/ruby/gems/1.8/gems/rake-0.8.3/lib/rake/rake_test_loader.rb:5
Unable to load user, underlying cause no such file to load -- user.rb 

 /usr/lib/ruby/gems/1.8/gems/activesupport-2.2.2/lib/active_support/dependencies.rb:382:in `load_without_new_constant_marking'
/usr/lib/ruby/gems/1.8/gems/activesupport-2.2.2/lib/active_support/dependencies.rb:382:in `load_file'
/usr/lib/ruby/gems/1.8/gems/activesupport-2.2.2/lib/active_support/dependencies.rb:521:in `new_constants_in'
/usr/lib/ruby/gems/1.8/gems/activesupport-2.2.2/lib/active_support/dependencies.rb:381:in `load_file'
/usr/lib/ruby/gems/1.8/gems/activesupport-2.2.2/lib/active_support/dependencies.rb:256:in `require_or_load'
/usr/lib/ruby/gems/1.8/gems/activesupport-2.2.2/lib/active_support/dependencies.rb:221:in `depend_on'
/usr/lib/ruby/gems/1.8/gems/activesupport-2.2.2/lib/active_support/dependencies.rb:133:in `require_dependency'
/usr/lib/ruby/gems/1.8/gems/activerecord-2.2.2/lib/active_record/fixtures.rb:856:in `try_to_load_dependency'
/usr/lib/ruby/gems/1.8/gems/activerecord-2.2.2/lib/active_record/fixtures.rb:871:in `require_fixture_classes'
/usr/lib/ruby/gems/1.8/gems/activerecord-2.2.2/lib/active_record/fixtures.rb:868:in `each'
/usr/lib/ruby/gems/1.8/gems/activerecord-2.2.2/lib/active_record/fixtures.rb:868:in `require_fixture_classes'
/usr/lib/ruby/gems/1.8/gems/activerecord-2.2.2/lib/active_record/fixtures.rb:851:in `fixtures'
./test/unit/../test_helper.rb:31
./test/unit/nested_assignment_test.rb:1:in `require'
./test/unit/nested_assignment_test.rb:1
/usr/lib/ruby/gems/1.8/gems/rake-0.8.3/lib/rake/rake_test_loader.rb:5:in `load'
/usr/lib/ruby/gems/1.8/gems/rake-0.8.3/lib/rake/rake_test_loader.rb:5
/usr/lib/ruby/gems/1.8/gems/rake-0.8.3/lib/rake/rake_test_loader.rb:5:in `each'
/usr/lib/ruby/gems/1.8/gems/rake-0.8.3/lib/rake/rake_test_loader.rb:5
Unable to load role, underlying cause no such file to load -- role.rb 

 /usr/lib/ruby/gems/1.8/gems/activesupport-2.2.2/lib/active_support/dependencies.rb:382:in `load_without_new_constant_marking'
/usr/lib/ruby/gems/1.8/gems/activesupport-2.2.2/lib/active_support/dependencies.rb:382:in `load_file'
/usr/lib/ruby/gems/1.8/gems/activesupport-2.2.2/lib/active_support/dependencies.rb:521:in `new_constants_in'
/usr/lib/ruby/gems/1.8/gems/activesupport-2.2.2/lib/active_support/dependencies.rb:381:in `load_file'
/usr/lib/ruby/gems/1.8/gems/activesupport-2.2.2/lib/active_support/dependencies.rb:256:in `require_or_load'
/usr/lib/ruby/gems/1.8/gems/activesupport-2.2.2/lib/active_support/dependencies.rb:221:in `depend_on'
/usr/lib/ruby/gems/1.8/gems/activesupport-2.2.2/lib/active_support/dependencies.rb:133:in `require_dependency'
/usr/lib/ruby/gems/1.8/gems/activerecord-2.2.2/lib/active_record/fixtures.rb:856:in `try_to_load_dependency'
/usr/lib/ruby/gems/1.8/gems/activerecord-2.2.2/lib/active_record/fixtures.rb:871:in `require_fixture_classes'
/usr/lib/ruby/gems/1.8/gems/activerecord-2.2.2/lib/active_record/fixtures.rb:868:in `each'
/usr/lib/ruby/gems/1.8/gems/activerecord-2.2.2/lib/active_record/fixtures.rb:868:in `require_fixture_classes'
/usr/lib/ruby/gems/1.8/gems/activerecord-2.2.2/lib/active_record/fixtures.rb:851:in `fixtures'
./test/unit/../test_helper.rb:31
./test/unit/nested_assignment_test.rb:1:in `require'
./test/unit/nested_assignment_test.rb:1
/usr/lib/ruby/gems/1.8/gems/rake-0.8.3/lib/rake/rake_test_loader.rb:5:in `load'
/usr/lib/ruby/gems/1.8/gems/rake-0.8.3/lib/rake/rake_test_loader.rb:5
/usr/lib/ruby/gems/1.8/gems/rake-0.8.3/lib/rake/rake_test_loader.rb:5:in `each'
/usr/lib/ruby/gems/1.8/gems/rake-0.8.3/lib/rake/rake_test_loader.rb:5
  [4;35;1mPluginTestModels::User Load (0.2ms)[0m   [0mSELECT * FROM "users" LIMIT 1[0m
  [4;36;1mPluginTestModels::Subscription Load (0.2ms)[0m   [0;1mSELECT * FROM "subscriptions" WHERE ("subscriptions".user_id = 1) LIMIT 1[0m
  [4;35;1mPluginTestModels::Address Load (0.3ms)[0m   [0mSELECT * FROM "addresses" WHERE ("addresses".addressable_id = 1 AND "addresses".addressable_type = 'PluginTestModels::User') LIMIT 1[0m
  [4;36;1mSQL (0.3ms)[0m   [0;1mselect sqlite_version(*)[0m
  [4;35;1mSQL (0.2ms)[0m   [0m SELECT name
 FROM sqlite_master
 WHERE type = 'table' AND NOT name = 'sqlite_sequence'
[0m
  [4;36;1mSQL (0.4ms)[0m   [0;1mCREATE TABLE "addresses" ("id" INTEGER PRIMARY KEY AUTOINCREMENT NOT NULL, "name" varchar(255), "addressable_id" integer, "addressable_type" varchar(255)) [0m
  [4;35;1mSQL (0.2ms)[0m   [0m SELECT name
 FROM sqlite_master
 WHERE type = 'table' AND NOT name = 'sqlite_sequence'
[0m
  [4;36;1mSQL (0.2ms)[0m   [0;1mCREATE TABLE "users" ("id" INTEGER PRIMARY KEY AUTOINCREMENT NOT NULL, "name" varchar(255)) [0m
  [4;35;1mSQL (0.3ms)[0m   [0m SELECT name
 FROM sqlite_master
 WHERE type = 'table' AND NOT name = 'sqlite_sequence'
[0m
  [4;36;1mSQL (0.2ms)[0m   [0;1mCREATE TABLE "roles_users" ("user_id" integer, "role_id" integer) [0m
  [4;35;1mSQL (0.3ms)[0m   [0m SELECT name
 FROM sqlite_master
 WHERE type = 'table' AND NOT name = 'sqlite_sequence'
[0m
  [4;36;1mSQL (0.2ms)[0m   [0;1mCREATE TABLE "services" ("id" INTEGER PRIMARY KEY AUTOINCREMENT NOT NULL, "name" varchar(255)) [0m
  [4;35;1mSQL (0.4ms)[0m   [0m SELECT name
 FROM sqlite_master
 WHERE type = 'table' AND NOT name = 'sqlite_sequence'
[0m
  [4;36;1mSQL (0.2ms)[0m   [0;1mCREATE TABLE "subscriptions" ("id" INTEGER PRIMARY KEY AUTOINCREMENT NOT NULL, "name" varchar(255), "service_id" integer, "user_id" integer) [0m
  [4;35;1mSQL (0.4ms)[0m   [0m SELECT name
 FROM sqlite_master
 WHERE type = 'table' AND NOT name = 'sqlite_sequence'
[0m
  [4;36;1mSQL (0.2ms)[0m   [0;1mCREATE TABLE "roles" ("id" INTEGER PRIMARY KEY AUTOINCREMENT NOT NULL, "name" varchar(255)) [0m
  [4;35;1mSQL (0.5ms)[0m   [0m SELECT name
 FROM sqlite_master
 WHERE type = 'table' AND NOT name = 'sqlite_sequence'
[0m
  [4;36;1mSQL (0.2ms)[0m   [0;1mCREATE TABLE "schema_migrations" ("version" varchar(255) NOT NULL) [0m
  [4;35;1mSQL (0.2ms)[0m   [0mCREATE UNIQUE INDEX "unique_schema_migrations" ON "schema_migrations" ("version")[0m
  [4;36;1mSQL (0.5ms)[0m   [0;1m SELECT name
 FROM sqlite_master
 WHERE type = 'table' AND NOT name = 'sqlite_sequence'
[0m
  [4;35;1mSQL (0.1ms)[0m   [0mSELECT version FROM "schema_migrations"[0m
  [4;36;1mSQL (0.1ms)[0m   [0;1mINSERT INTO "schema_migrations" (version) VALUES ('1')[0m
Unable to load roles_user, underlying cause no such file to load -- roles_user.rb 

 /usr/lib/ruby/gems/1.8/gems/activesupport-2.2.2/lib/active_support/dependencies.rb:382:in `load_without_new_constant_marking'
/usr/lib/ruby/gems/1.8/gems/activesupport-2.2.2/lib/active_support/dependencies.rb:382:in `load_file'
/usr/lib/ruby/gems/1.8/gems/activesupport-2.2.2/lib/active_support/dependencies.rb:521:in `new_constants_in'
/usr/lib/ruby/gems/1.8/gems/activesupport-2.2.2/lib/active_support/dependencies.rb:381:in `load_file'
/usr/lib/ruby/gems/1.8/gems/activesupport-2.2.2/lib/active_support/dependencies.rb:256:in `require_or_load'
/usr/lib/ruby/gems/1.8/gems/activesupport-2.2.2/lib/active_support/dependencies.rb:221:in `depend_on'
/usr/lib/ruby/gems/1.8/gems/activesupport-2.2.2/lib/active_support/dependencies.rb:133:in `require_dependency'
/usr/lib/ruby/gems/1.8/gems/activerecord-2.2.2/lib/active_record/fixtures.rb:856:in `try_to_load_dependency'
/usr/lib/ruby/gems/1.8/gems/activerecord-2.2.2/lib/active_record/fixtures.rb:871:in `require_fixture_classes'
/usr/lib/ruby/gems/1.8/gems/activerecord-2.2.2/lib/active_record/fixtures.rb:868:in `each'
/usr/lib/ruby/gems/1.8/gems/activerecord-2.2.2/lib/active_record/fixtures.rb:868:in `require_fixture_classes'
/usr/lib/ruby/gems/1.8/gems/activerecord-2.2.2/lib/active_record/fixtures.rb:851:in `fixtures'
./test/unit/../test_helper.rb:31
./test/unit/nested_assignment_test.rb:1:in `require'
./test/unit/nested_assignment_test.rb:1
/usr/lib/ruby/gems/1.8/gems/rake-0.8.3/lib/rake/rake_test_loader.rb:5:in `load'
/usr/lib/ruby/gems/1.8/gems/rake-0.8.3/lib/rake/rake_test_loader.rb:5
/usr/lib/ruby/gems/1.8/gems/rake-0.8.3/lib/rake/rake_test_loader.rb:5:in `each'
/usr/lib/ruby/gems/1.8/gems/rake-0.8.3/lib/rake/rake_test_loader.rb:5
Unable to load service, underlying cause no such file to load -- service.rb 

 /usr/lib/ruby/gems/1.8/gems/activesupport-2.2.2/lib/active_support/dependencies.rb:382:in `load_without_new_constant_marking'
/usr/lib/ruby/gems/1.8/gems/activesupport-2.2.2/lib/active_support/dependencies.rb:382:in `load_file'
/usr/lib/ruby/gems/1.8/gems/activesupport-2.2.2/lib/active_support/dependencies.rb:521:in `new_constants_in'
/usr/lib/ruby/gems/1.8/gems/activesupport-2.2.2/lib/active_support/dependencies.rb:381:in `load_file'
/usr/lib/ruby/gems/1.8/gems/activesupport-2.2.2/lib/active_support/dependencies.rb:256:in `require_or_load'
/usr/lib/ruby/gems/1.8/gems/activesupport-2.2.2/lib/active_support/dependencies.rb:221:in `depend_on'
/usr/lib/ruby/gems/1.8/gems/activesupport-2.2.2/lib/active_support/dependencies.rb:133:in `require_dependency'
/usr/lib/ruby/gems/1.8/gems/activerecord-2.2.2/lib/active_record/fixtures.rb:856:in `try_to_load_dependency'
/usr/lib/ruby/gems/1.8/gems/activerecord-2.2.2/lib/active_record/fixtures.rb:871:in `require_fixture_classes'
/usr/lib/ruby/gems/1.8/gems/activerecord-2.2.2/lib/active_record/fixtures.rb:868:in `each'
/usr/lib/ruby/gems/1.8/gems/activerecord-2.2.2/lib/active_record/fixtures.rb:868:in `require_fixture_classes'
/usr/lib/ruby/gems/1.8/gems/activerecord-2.2.2/lib/active_record/fixtures.rb:851:in `fixtures'
./test/unit/../test_helper.rb:31
./test/unit/nested_assignment_test.rb:1:in `require'
./test/unit/nested_assignment_test.rb:1
/usr/lib/ruby/gems/1.8/gems/rake-0.8.3/lib/rake/rake_test_loader.rb:5:in `load'
/usr/lib/ruby/gems/1.8/gems/rake-0.8.3/lib/rake/rake_test_loader.rb:5
/usr/lib/ruby/gems/1.8/gems/rake-0.8.3/lib/rake/rake_test_loader.rb:5:in `each'
/usr/lib/ruby/gems/1.8/gems/rake-0.8.3/lib/rake/rake_test_loader.rb:5
Unable to load subscription, underlying cause no such file to load -- subscription.rb 

 /usr/lib/ruby/gems/1.8/gems/activesupport-2.2.2/lib/active_support/dependencies.rb:382:in `load_without_new_constant_marking'
/usr/lib/ruby/gems/1.8/gems/activesupport-2.2.2/lib/active_support/dependencies.rb:382:in `load_file'
/usr/lib/ruby/gems/1.8/gems/activesupport-2.2.2/lib/active_support/dependencies.rb:521:in `new_constants_in'
/usr/lib/ruby/gems/1.8/gems/activesupport-2.2.2/lib/active_support/dependencies.rb:381:in `load_file'
/usr/lib/ruby/gems/1.8/gems/activesupport-2.2.2/lib/active_support/dependencies.rb:256:in `require_or_load'
/usr/lib/ruby/gems/1.8/gems/activesupport-2.2.2/lib/active_support/dependencies.rb:221:in `depend_on'
/usr/lib/ruby/gems/1.8/gems/activesupport-2.2.2/lib/active_support/dependencies.rb:133:in `require_dependency'
/usr/lib/ruby/gems/1.8/gems/activerecord-2.2.2/lib/active_record/fixtures.rb:856:in `try_to_load_dependency'
/usr/lib/ruby/gems/1.8/gems/activerecord-2.2.2/lib/active_record/fixtures.rb:871:in `require_fixture_classes'
/usr/lib/ruby/gems/1.8/gems/activerecord-2.2.2/lib/active_record/fixtures.rb:868:in `each'
/usr/lib/ruby/gems/1.8/gems/activerecord-2.2.2/lib/active_record/fixtures.rb:868:in `require_fixture_classes'
/usr/lib/ruby/gems/1.8/gems/activerecord-2.2.2/lib/active_record/fixtures.rb:851:in `fixtures'
./test/unit/../test_helper.rb:31
./test/unit/nested_assignment_test.rb:1:in `require'
./test/unit/nested_assignment_test.rb:1
/usr/lib/ruby/gems/1.8/gems/rake-0.8.3/lib/rake/rake_test_loader.rb:5:in `load'
/usr/lib/ruby/gems/1.8/gems/rake-0.8.3/lib/rake/rake_test_loader.rb:5
/usr/lib/ruby/gems/1.8/gems/rake-0.8.3/lib/rake/rake_test_loader.rb:5:in `each'
/usr/lib/ruby/gems/1.8/gems/rake-0.8.3/lib/rake/rake_test_loader.rb:5
Unable to load address, underlying cause no such file to load -- address.rb 

 /usr/lib/ruby/gems/1.8/gems/activesupport-2.2.2/lib/active_support/dependencies.rb:382:in `load_without_new_constant_marking'
/usr/lib/ruby/gems/1.8/gems/activesupport-2.2.2/lib/active_support/dependencies.rb:382:in `load_file'
/usr/lib/ruby/gems/1.8/gems/activesupport-2.2.2/lib/active_support/dependencies.rb:521:in `new_constants_in'
/usr/lib/ruby/gems/1.8/gems/activesupport-2.2.2/lib/active_support/dependencies.rb:381:in `load_file'
/usr/lib/ruby/gems/1.8/gems/activesupport-2.2.2/lib/active_support/dependencies.rb:256:in `require_or_load'
/usr/lib/ruby/gems/1.8/gems/activesupport-2.2.2/lib/active_support/dependencies.rb:221:in `depend_on'
/usr/lib/ruby/gems/1.8/gems/activesupport-2.2.2/lib/active_support/dependencies.rb:133:in `require_dependency'
/usr/lib/ruby/gems/1.8/gems/activerecord-2.2.2/lib/active_record/fixtures.rb:856:in `try_to_load_dependency'
/usr/lib/ruby/gems/1.8/gems/activerecord-2.2.2/lib/active_record/fixtures.rb:871:in `require_fixture_classes'
/usr/lib/ruby/gems/1.8/gems/activerecord-2.2.2/lib/active_record/fixtures.rb:868:in `each'
/usr/lib/ruby/gems/1.8/gems/activerecord-2.2.2/lib/active_record/fixtures.rb:868:in `require_fixture_classes'
/usr/lib/ruby/gems/1.8/gems/activerecord-2.2.2/lib/active_record/fixtures.rb:851:in `fixtures'
./test/unit/../test_helper.rb:31
./test/unit/nested_assignment_test.rb:1:in `require'
./test/unit/nested_assignment_test.rb:1
/usr/lib/ruby/gems/1.8/gems/rake-0.8.3/lib/rake/rake_test_loader.rb:5:in `load'
/usr/lib/ruby/gems/1.8/gems/rake-0.8.3/lib/rake/rake_test_loader.rb:5
/usr/lib/ruby/gems/1.8/gems/rake-0.8.3/lib/rake/rake_test_loader.rb:5:in `each'
/usr/lib/ruby/gems/1.8/gems/rake-0.8.3/lib/rake/rake_test_loader.rb:5
Unable to load user, underlying cause no such file to load -- user.rb 

 /usr/lib/ruby/gems/1.8/gems/activesupport-2.2.2/lib/active_support/dependencies.rb:382:in `load_without_new_constant_marking'
/usr/lib/ruby/gems/1.8/gems/activesupport-2.2.2/lib/active_support/dependencies.rb:382:in `load_file'
/usr/lib/ruby/gems/1.8/gems/activesupport-2.2.2/lib/active_support/dependencies.rb:521:in `new_constants_in'
/usr/lib/ruby/gems/1.8/gems/activesupport-2.2.2/lib/active_support/dependencies.rb:381:in `load_file'
/usr/lib/ruby/gems/1.8/gems/activesupport-2.2.2/lib/active_support/dependencies.rb:256:in `require_or_load'
/usr/lib/ruby/gems/1.8/gems/activesupport-2.2.2/lib/active_support/dependencies.rb:221:in `depend_on'
/usr/lib/ruby/gems/1.8/gems/activesupport-2.2.2/lib/active_support/dependencies.rb:133:in `require_dependency'
/usr/lib/ruby/gems/1.8/gems/activerecord-2.2.2/lib/active_record/fixtures.rb:856:in `try_to_load_dependency'
/usr/lib/ruby/gems/1.8/gems/activerecord-2.2.2/lib/active_record/fixtures.rb:871:in `require_fixture_classes'
/usr/lib/ruby/gems/1.8/gems/activerecord-2.2.2/lib/active_record/fixtures.rb:868:in `each'
/usr/lib/ruby/gems/1.8/gems/activerecord-2.2.2/lib/active_record/fixtures.rb:868:in `require_fixture_classes'
/usr/lib/ruby/gems/1.8/gems/activerecord-2.2.2/lib/active_record/fixtures.rb:851:in `fixtures'
./test/unit/../test_helper.rb:31
./test/unit/nested_assignment_test.rb:1:in `require'
./test/unit/nested_assignment_test.rb:1
/usr/lib/ruby/gems/1.8/gems/rake-0.8.3/lib/rake/rake_test_loader.rb:5:in `load'
/usr/lib/ruby/gems/1.8/gems/rake-0.8.3/lib/rake/rake_test_loader.rb:5
/usr/lib/ruby/gems/1.8/gems/rake-0.8.3/lib/rake/rake_test_loader.rb:5:in `each'
/usr/lib/ruby/gems/1.8/gems/rake-0.8.3/lib/rake/rake_test_loader.rb:5
Unable to load role, underlying cause no such file to load -- role.rb 

 /usr/lib/ruby/gems/1.8/gems/activesupport-2.2.2/lib/active_support/dependencies.rb:382:in `load_without_new_constant_marking'
/usr/lib/ruby/gems/1.8/gems/activesupport-2.2.2/lib/active_support/dependencies.rb:382:in `load_file'
/usr/lib/ruby/gems/1.8/gems/activesupport-2.2.2/lib/active_support/dependencies.rb:521:in `new_constants_in'
/usr/lib/ruby/gems/1.8/gems/activesupport-2.2.2/lib/active_support/dependencies.rb:381:in `load_file'
/usr/lib/ruby/gems/1.8/gems/activesupport-2.2.2/lib/active_support/dependencies.rb:256:in `require_or_load'
/usr/lib/ruby/gems/1.8/gems/activesupport-2.2.2/lib/active_support/dependencies.rb:221:in `depend_on'
/usr/lib/ruby/gems/1.8/gems/activesupport-2.2.2/lib/active_support/dependencies.rb:133:in `require_dependency'
/usr/lib/ruby/gems/1.8/gems/activerecord-2.2.2/lib/active_record/fixtures.rb:856:in `try_to_load_dependency'
/usr/lib/ruby/gems/1.8/gems/activerecord-2.2.2/lib/active_record/fixtures.rb:871:in `require_fixture_classes'
/usr/lib/ruby/gems/1.8/gems/activerecord-2.2.2/lib/active_record/fixtures.rb:868:in `each'
/usr/lib/ruby/gems/1.8/gems/activerecord-2.2.2/lib/active_record/fixtures.rb:868:in `require_fixture_classes'
/usr/lib/ruby/gems/1.8/gems/activerecord-2.2.2/lib/active_record/fixtures.rb:851:in `fixtures'
./test/unit/../test_helper.rb:31
./test/unit/nested_assignment_test.rb:1:in `require'
./test/unit/nested_assignment_test.rb:1
/usr/lib/ruby/gems/1.8/gems/rake-0.8.3/lib/rake/rake_test_loader.rb:5:in `load'
/usr/lib/ruby/gems/1.8/gems/rake-0.8.3/lib/rake/rake_test_loader.rb:5
/usr/lib/ruby/gems/1.8/gems/rake-0.8.3/lib/rake/rake_test_loader.rb:5:in `each'
/usr/lib/ruby/gems/1.8/gems/rake-0.8.3/lib/rake/rake_test_loader.rb:5
  [4;35;1mPluginTestModels::User Load (0.2ms)[0m   [0mSELECT * FROM "users" LIMIT 1[0m
  [4;36;1mPluginTestModels::Role Load (0.2ms)[0m   [0;1mSELECT * FROM "roles" INNER JOIN "roles_users" ON "roles".id = "roles_users".role_id WHERE ("roles_users".user_id = 1 ) [0m
  [4;35;1mPluginTestModels::Role Load (0.1ms)[0m   [0mSELECT * FROM "roles" INNER JOIN "roles_users" ON "roles".id = "roles_users".role_id WHERE ("roles_users".user_id = 1 ) [0m
  [4;36;1mPluginTestModels::Role Load (0.1ms)[0m   [0;1mSELECT * FROM "roles" INNER JOIN "roles_users" ON "roles".id = "roles_users".role_id WHERE ("roles_users".user_id = 1 ) [0m
  [4;35;1mPluginTestModels::Role Load (0.1ms)[0m   [0mSELECT * FROM "roles" INNER JOIN "roles_users" ON "roles".id = "roles_users".role_id WHERE ("roles_users".user_id = 1 ) [0m
  [4;36;1mPluginTestModels::Role Load (0.1ms)[0m   [0;1mSELECT * FROM "roles" INNER JOIN "roles_users" ON "roles".id = "roles_users".role_id WHERE ("roles_users".user_id = 1 ) [0m
  [4;35;1mPluginTestModels::Role Load (0.1ms)[0m   [0mSELECT * FROM "roles" INNER JOIN "roles_users" ON "roles".id = "roles_users".role_id WHERE ("roles_users".user_id = 1 ) [0m
  [4;36;1mPluginTestModels::Role Load (0.2ms)[0m   [0;1mSELECT * FROM "roles" INNER JOIN "roles_users" ON "roles".id = "roles_users".role_id WHERE ("roles_users".user_id = 1 ) [0m
  [4;35;1mPluginTestModels::Role Load (0.2ms)[0m   [0mSELECT * FROM "roles" INNER JOIN "roles_users" ON "roles".id = "roles_users".role_id WHERE ("roles_users".user_id = 1 ) [0m
  [4;36;1mPluginTestModels::Role Load (0.1ms)[0m   [0;1mSELECT * FROM "roles" INNER JOIN "roles_users" ON "roles".id = "roles_users".role_id WHERE ("roles_users".user_id = 1 ) [0m
  [4;35;1mPluginTestModels::Role Load (0.2ms)[0m   [0mSELECT * FROM "roles" INNER JOIN "roles_users" ON "roles".id = "roles_users".role_id WHERE ("roles_users".user_id = 1 ) [0m
  [4;36;1mPluginTestModels::Role Load (0.1ms)[0m   [0;1mSELECT * FROM "roles" INNER JOIN "roles_users" ON "roles".id = "roles_users".role_id WHERE ("roles_users".user_id = 1 ) [0m
  [4;35;1mPluginTestModels::Role Load (0.1ms)[0m   [0mSELECT * FROM "roles" INNER JOIN "roles_users" ON "roles".id = "roles_users".role_id WHERE ("roles_users".user_id = 1 ) [0m
  [4;36;1mPluginTestModels::Role Load (0.2ms)[0m   [0;1mSELECT * FROM "roles" INNER JOIN "roles_users" ON "roles".id = "roles_users".role_id WHERE ("roles_users".user_id = 1 ) [0m
  [4;35;1mPluginTestModels::Role Load (0.2ms)[0m   [0mSELECT * FROM "roles" INNER JOIN "roles_users" ON "roles".id = "roles_users".role_id WHERE ("roles_users".user_id = 1 ) [0m
  [4;36;1mPluginTestModels::Role Load (0.2ms)[0m   [0;1mSELECT * FROM "roles" INNER JOIN "roles_users" ON "roles".id = "roles_users".role_id WHERE ("roles_users".user_id = 1 ) [0m
  [4;35;1mPluginTestModels::Role Load (0.2ms)[0m   [0mSELECT * FROM "roles" INNER JOIN "roles_users" ON "roles".id = "roles_users".role_id WHERE ("roles_users".user_id = 1 ) [0m
  [4;36;1mPluginTestModels::Role Load (0.2ms)[0m   [0;1mSELECT * FROM "roles" INNER JOIN "roles_users" ON "roles".id = "roles_users".role_id WHERE ("roles_users".user_id = 1 ) [0m
  [4;35;1mPluginTestModels::Role Load (0.2ms)[0m   [0mSELECT * FROM "roles" INNER JOIN "roles_users" ON "roles".id = "roles_users".role_id WHERE ("roles_users".user_id = 1 ) [0m
  [4;36;1mPluginTestModels::Role Load (0.2ms)[0m   [0;1mSELECT * FROM "roles" INNER JOIN "roles_users" ON "roles".id = "roles_users".role_id WHERE ("roles_users".user_id = 1 ) [0m
  [4;35;1mPluginTestModels::Role Load (0.1ms)[0m   [0mSELECT * FROM "roles" INNER JOIN "roles_users" ON "roles".id = "roles_users".role_id WHERE ("roles_users".user_id = 1 ) [0m
  [4;36;1mPluginTestModels::Role Load (0.2ms)[0m   [0;1mSELECT * FROM "roles" INNER JOIN "roles_users" ON "roles".id = "roles_users".role_id WHERE ("roles_users".user_id = 1 ) [0m
  [4;35;1mPluginTestModels::Role Load (0.1ms)[0m   [0mSELECT * FROM "roles" INNER JOIN "roles_users" ON "roles".id = "roles_users".role_id WHERE ("roles_users".user_id = 1 ) [0m
  [4;36;1mPluginTestModels::Role Load (0.1ms)[0m   [0;1mSELECT * FROM "roles" INNER JOIN "roles_users" ON "roles".id = "roles_users".role_id WHERE ("roles_users".user_id = 1 ) [0m
  [4;35;1mPluginTestModels::Role Load (0.1ms)[0m   [0mSELECT * FROM "roles" INNER JOIN "roles_users" ON "roles".id = "roles_users".role_id WHERE ("roles_users".user_id = 1 ) [0m
  [4;36;1mPluginTestModels::Role Load (0.1ms)[0m   [0;1mSELECT * FROM "roles" INNER JOIN "roles_users" ON "roles".id = "roles_users".role_id WHERE ("roles_users".user_id = 1 ) [0m
  [4;35;1mPluginTestModels::Role Load (0.1ms)[0m   [0mSELECT * FROM "roles" INNER JOIN "roles_users" ON "roles".id = "roles_users".role_id WHERE ("roles_users".user_id = 1 ) [0m
  [4;36;1mPluginTestModels::Role Load (0.1ms)[0m   [0;1mSELECT * FROM "roles" INNER JOIN "roles_users" ON "roles".id = "roles_users".role_id WHERE ("roles_users".user_id = 1 ) [0m
  [4;35;1mPluginTestModels::Role Load (0.2ms)[0m   [0mSELECT * FROM "roles" INNER JOIN "roles_users" ON "roles".id = "roles_users".role_id WHERE ("roles_users".user_id = 1 ) [0m
  [4;36;1mPluginTestModels::Role Load (0.1ms)[0m   [0;1mSELECT * FROM "roles" INNER JOIN "roles_users" ON "roles".id = "roles_users".role_id WHERE ("roles_users".user_id = 1 ) [0m
  [4;35;1mPluginTestModels::Role Load (0.1ms)[0m   [0mSELECT * FROM "roles" INNER JOIN "roles_users" ON "roles".id = "roles_users".role_id WHERE ("roles_users".user_id = 1 ) [0m
  [4;36;1mPluginTestModels::Role Load (0.2ms)[0m   [0;1mSELECT * FROM "roles" INNER JOIN "roles_users" ON "roles".id = "roles_users".role_id WHERE ("roles_users".user_id = 1 ) [0m
  [4;35;1mPluginTestModels::Role Load (0.1ms)[0m   [0mSELECT * FROM "roles" INNER JOIN "roles_users" ON "roles".id = "roles_users".role_id WHERE ("roles_users".user_id = 1 ) [0m
  [4;36;1mPluginTestModels::Role Load (0.1ms)[0m   [0;1mSELECT * FROM "roles" INNER JOIN "roles_users" ON "roles".id = "roles_users".role_id WHERE ("roles_users".user_id = 1 ) [0m
  [4;35;1mPluginTestModels::Role Load (0.1ms)[0m   [0mSELECT * FROM "roles" INNER JOIN "roles_users" ON "roles".id = "roles_users".role_id WHERE ("roles_users".user_id = 1 ) [0m
  [4;36;1mPluginTestModels::Role Load (0.1ms)[0m   [0;1mSELECT * FROM "roles" INNER JOIN "roles_users" ON "roles".id = "roles_users".role_id WHERE ("roles_users".user_id = 1 ) [0m
  [4;35;1mPluginTestModels::Role Load (0.1ms)[0m   [0mSELECT * FROM "roles" INNER JOIN "roles_users" ON "roles".id = "roles_users".role_id WHERE ("roles_users".user_id = 1 ) [0m
  [4;36;1mPluginTestModels::Role Load (0.1ms)[0m   [0;1mSELECT * FROM "roles" INNER JOIN "roles_users" ON "roles".id = "roles_users".role_id WHERE ("roles_users".user_id = 1 ) [0m
  [4;35;1mPluginTestModels::Role Load (0.1ms)[0m   [0mSELECT * FROM "roles" INNER JOIN "roles_users" ON "roles".id = "roles_users".role_id WHERE ("roles_users".user_id = 1 ) [0m
  [4;36;1mPluginTestModels::Role Load (0.1ms)[0m   [0;1mSELECT * FROM "roles" INNER JOIN "roles_users" ON "roles".id = "roles_users".role_id WHERE ("roles_users".user_id = 1 ) [0m
  [4;35;1mPluginTestModels::Role Load (0.1ms)[0m   [0mSELECT * FROM "roles" INNER JOIN "roles_users" ON "roles".id = "roles_users".role_id WHERE ("roles_users".user_id = 1 ) [0m
  [4;36;1mPluginTestModels::Role Load (0.1ms)[0m   [0;1mSELECT * FROM "roles" INNER JOIN "roles_users" ON "roles".id = "roles_users".role_id WHERE ("roles_users".user_id = 1 ) [0m
  [4;35;1mPluginTestModels::Role Load (0.1ms)[0m   [0mSELECT * FROM "roles" INNER JOIN "roles_users" ON "roles".id = "roles_users".role_id WHERE ("roles_users".user_id = 1 ) [0m
  [4;36;1mPluginTestModels::Role Load (0.1ms)[0m   [0;1mSELECT * FROM "roles" INNER JOIN "roles_users" ON "roles".id = "roles_users".role_id WHERE ("roles_users".user_id = 1 ) [0m
  [4;35;1mPluginTestModels::Role Load (0.1ms)[0m   [0mSELECT * FROM "roles" INNER JOIN "roles_users" ON "roles".id = "roles_users".role_id WHERE ("roles_users".user_id = 1 ) [0m
  [4;36;1mPluginTestModels::Role Load (0.1ms)[0m   [0;1mSELECT * FROM "roles" INNER JOIN "roles_users" ON "roles".id = "roles_users".role_id WHERE ("roles_users".user_id = 1 ) [0m
  [4;35;1mPluginTestModels::Role Load (0.1ms)[0m   [0mSELECT * FROM "roles" INNER JOIN "roles_users" ON "roles".id = "roles_users".role_id WHERE ("roles_users".user_id = 1 ) [0m
  [4;36;1mPluginTestModels::Role Load (0.1ms)[0m   [0;1mSELECT * FROM "roles" INNER JOIN "roles_users" ON "roles".id = "roles_users".role_id WHERE ("roles_users".user_id = 1 ) [0m
  [4;35;1mPluginTestModels::Role Load (0.1ms)[0m   [0mSELECT * FROM "roles" INNER JOIN "roles_users" ON "roles".id = "roles_users".role_id WHERE ("roles_users".user_id = 1 ) [0m
  [4;36;1mPluginTestModels::Role Load (0.1ms)[0m   [0;1mSELECT * FROM "roles" INNER JOIN "roles_users" ON "roles".id = "roles_users".role_id WHERE ("roles_users".user_id = 1 ) [0m
  [4;35;1mPluginTestModels::Role Load (0.1ms)[0m   [0mSELECT * FROM "roles" INNER JOIN "roles_users" ON "roles".id = "roles_users".role_id WHERE ("roles_users".user_id = 1 ) [0m
  [4;36;1mPluginTestModels::Role Load (0.1ms)[0m   [0;1mSELECT * FROM "roles" INNER JOIN "roles_users" ON "roles".id = "roles_users".role_id WHERE ("roles_users".user_id = 1 ) [0m
  [4;35;1mPluginTestModels::Role Load (0.1ms)[0m   [0mSELECT * FROM "roles" INNER JOIN "roles_users" ON "roles".id = "roles_users".role_id WHERE ("roles_users".user_id = 1 ) [0m
  [4;36;1mPluginTestModels::Role Load (0.1ms)[0m   [0;1mSELECT * FROM "roles" INNER JOIN "roles_users" ON "roles".id = "roles_users".role_id WHERE ("roles_users".user_id = 1 ) [0m
  [4;35;1mPluginTestModels::Role Load (0.1ms)[0m   [0mSELECT * FROM "roles" INNER JOIN "roles_users" ON "roles".id = "roles_users".role_id WHERE ("roles_users".user_id = 1 ) [0m
  [4;36;1mPluginTestModels::Role Load (0.1ms)[0m   [0;1mSELECT * FROM "roles" INNER JOIN "roles_users" ON "roles".id = "roles_users".role_id WHERE ("roles_users".user_id = 1 ) [0m
  [4;35;1mPluginTestModels::Role Load (0.1ms)[0m   [0mSELECT * FROM "roles" INNER JOIN "roles_users" ON "roles".id = "roles_users".role_id WHERE ("roles_users".user_id = 1 ) [0m
  [4;36;1mPluginTestModels::Role Load (0.1ms)[0m   [0;1mSELECT * FROM "roles" INNER JOIN "roles_users" ON "roles".id = "roles_users".role_id WHERE ("roles_users".user_id = 1 ) [0m
  [4;35;1mPluginTestModels::Role Load (0.1ms)[0m   [0mSELECT * FROM "roles" INNER JOIN "roles_users" ON "roles".id = "roles_users".role_id WHERE ("roles_users".user_id = 1 ) [0m
  [4;36;1mPluginTestModels::Role Load (0.1ms)[0m   [0;1mSELECT * FROM "roles" INNER JOIN "roles_users" ON "roles".id = "roles_users".role_id WHERE ("roles_users".user_id = 1 ) [0m
  [4;35;1mPluginTestModels::Role Load (0.1ms)[0m   [0mSELECT * FROM "roles" INNER JOIN "roles_users" ON "roles".id = "roles_users".role_id WHERE ("roles_users".user_id = 1 ) [0m
  [4;36;1mPluginTestModels::Role Load (0.1ms)[0m   [0;1mSELECT * FROM "roles" INNER JOIN "roles_users" ON "roles".id = "roles_users".role_id WHERE ("roles_users".user_id = 1 ) [0m
  [4;35;1mPluginTestModels::Role Load (0.1ms)[0m   [0mSELECT * FROM "roles" INNER JOIN "roles_users" ON "roles".id = "roles_users".role_id WHERE ("roles_users".user_id = 1 ) [0m
  [4;36;1mPluginTestModels::Role Load (0.1ms)[0m   [0;1mSELECT * FROM "roles" INNER JOIN "roles_users" ON "roles".id = "roles_users".role_id WHERE ("roles_users".user_id = 1 ) [0m
  [4;35;1mPluginTestModels::Role Load (0.1ms)[0m   [0mSELECT * FROM "roles" INNER JOIN "roles_users" ON "roles".id = "roles_users".role_id WHERE ("roles_users".user_id = 1 ) [0m
  [4;36;1mPluginTestModels::Role Load (0.1ms)[0m   [0;1mSELECT * FROM "roles" INNER JOIN "roles_users" ON "roles".id = "roles_users".role_id WHERE ("roles_users".user_id = 1 ) [0m
  [4;35;1mPluginTestModels::Role Load (0.1ms)[0m   [0mSELECT * FROM "roles" INNER JOIN "roles_users" ON "roles".id = "roles_users".role_id WHERE ("roles_users".user_id = 1 ) [0m
  [4;36;1mPluginTestModels::Role Load (0.1ms)[0m   [0;1mSELECT * FROM "roles" INNER JOIN "roles_users" ON "roles".id = "roles_users".role_id WHERE ("roles_users".user_id = 1 ) [0m
  [4;35;1mPluginTestModels::Role Load (0.1ms)[0m   [0mSELECT * FROM "roles" INNER JOIN "roles_users" ON "roles".id = "roles_users".role_id WHERE ("roles_users".user_id = 1 ) [0m
  [4;36;1mPluginTestModels::Role Load (0.1ms)[0m   [0;1mSELECT * FROM "roles" INNER JOIN "roles_users" ON "roles".id = "roles_users".role_id WHERE ("roles_users".user_id = 1 ) [0m
  [4;35;1mPluginTestModels::Role Load (0.1ms)[0m   [0mSELECT * FROM "roles" INNER JOIN "roles_users" ON "roles".id = "roles_users".role_id WHERE ("roles_users".user_id = 1 ) [0m
  [4;36;1mPluginTestModels::Role Load (0.1ms)[0m   [0;1mSELECT * FROM "roles" INNER JOIN "roles_users" ON "roles".id = "roles_users".role_id WHERE ("roles_users".user_id = 1 ) [0m
  [4;35;1mPluginTestModels::Role Load (0.1ms)[0m   [0mSELECT * FROM "roles" INNER JOIN "roles_users" ON "roles".id = "roles_users".role_id WHERE ("roles_users".user_id = 1 ) [0m
  [4;36;1mPluginTestModels::Role Load (0.1ms)[0m   [0;1mSELECT * FROM "roles" INNER JOIN "roles_users" ON "roles".id = "roles_users".role_id WHERE ("roles_users".user_id = 1 ) [0m
  [4;35;1mPluginTestModels::Role Load (0.1ms)[0m   [0mSELECT * FROM "roles" INNER JOIN "roles_users" ON "roles".id = "roles_users".role_id WHERE ("roles_users".user_id = 1 ) [0m
  [4;36;1mPluginTestModels::Role Load (0.1ms)[0m   [0;1mSELECT * FROM "roles" INNER JOIN "roles_users" ON "roles".id = "roles_users".role_id WHERE ("roles_users".user_id = 1 ) [0m
  [4;35;1mPluginTestModels::Role Load (0.1ms)[0m   [0mSELECT * FROM "roles" INNER JOIN "roles_users" ON "roles".id = "roles_users".role_id WHERE ("roles_users".user_id = 1 ) [0m
  [4;36;1mPluginTestModels::Role Load (0.1ms)[0m   [0;1mSELECT * FROM "roles" INNER JOIN "roles_users" ON "roles".id = "roles_users".role_id WHERE ("roles_users".user_id = 1 ) [0m
  [4;35;1mPluginTestModels::Role Load (0.1ms)[0m   [0mSELECT * FROM "roles" INNER JOIN "roles_users" ON "roles".id = "roles_users".role_id WHERE ("roles_users".user_id = 1 ) [0m
  [4;36;1mPluginTestModels::Role Load (0.1ms)[0m   [0;1mSELECT * FROM "roles" INNER JOIN "roles_users" ON "roles".id = "roles_users".role_id WHERE ("roles_users".user_id = 1 ) [0m
  [4;35;1mPluginTestModels::Role Load (0.1ms)[0m   [0mSELECT * FROM "roles" INNER JOIN "roles_users" ON "roles".id = "roles_users".role_id WHERE ("roles_users".user_id = 1 ) [0m
  [4;36;1mPluginTestModels::Role Load (0.1ms)[0m   [0;1mSELECT * FROM "roles" INNER JOIN "roles_users" ON "roles".id = "roles_users".role_id WHERE ("roles_users".user_id = 1 ) [0m
  [4;35;1mPluginTestModels::Role Load (0.1ms)[0m   [0mSELECT * FROM "roles" INNER JOIN "roles_users" ON "roles".id = "roles_users".role_id WHERE ("roles_users".user_id = 1 ) [0m
  [4;36;1mPluginTestModels::Role Load (0.1ms)[0m   [0;1mSELECT * FROM "roles" INNER JOIN "roles_users" ON "roles".id = "roles_users".role_id WHERE ("roles_users".user_id = 1 ) [0m
  [4;35;1mPluginTestModels::Role Load (0.1ms)[0m   [0mSELECT * FROM "roles" INNER JOIN "roles_users" ON "roles".id = "roles_users".role_id WHERE ("roles_users".user_id = 1 ) [0m
  [4;36;1mPluginTestModels::Role Load (0.1ms)[0m   [0;1mSELECT * FROM "roles" INNER JOIN "roles_users" ON "roles".id = "roles_users".role_id WHERE ("roles_users".user_id = 1 ) [0m
  [4;35;1mPluginTestModels::Role Load (0.1ms)[0m   [0mSELECT * FROM "roles" INNER JOIN "roles_users" ON "roles".id = "roles_users".role_id WHERE ("roles_users".user_id = 1 ) [0m
  [4;36;1mPluginTestModels::Role Load (0.1ms)[0m   [0;1mSELECT * FROM "roles" INNER JOIN "roles_users" ON "roles".id = "roles_users".role_id WHERE ("roles_users".user_id = 1 ) [0m
  [4;35;1mPluginTestModels::Role Load (0.1ms)[0m   [0mSELECT * FROM "roles" INNER JOIN "roles_users" ON "roles".id = "roles_users".role_id WHERE ("roles_users".user_id = 1 ) [0m
  [4;36;1mPluginTestModels::Role Load (0.1ms)[0m   [0;1mSELECT * FROM "roles" INNER JOIN "roles_users" ON "roles".id = "roles_users".role_id WHERE ("roles_users".user_id = 1 ) [0m
  [4;35;1mPluginTestModels::Role Load (0.1ms)[0m   [0mSELECT * FROM "roles" INNER JOIN "roles_users" ON "roles".id = "roles_users".role_id WHERE ("roles_users".user_id = 1 ) [0m
  [4;36;1mPluginTestModels::Role Load (0.1ms)[0m   [0;1mSELECT * FROM "roles" INNER JOIN "roles_users" ON "roles".id = "roles_users".role_id WHERE ("roles_users".user_id = 1 ) [0m
  [4;35;1mPluginTestModels::Role Load (0.1ms)[0m   [0mSELECT * FROM "roles" INNER JOIN "roles_users" ON "roles".id = "roles_users".role_id WHERE ("roles_users".user_id = 1 ) [0m
  [4;36;1mPluginTestModels::Role Load (0.1ms)[0m   [0;1mSELECT * FROM "roles" INNER JOIN "roles_users" ON "roles".id = "roles_users".role_id WHERE ("roles_users".user_id = 1 ) [0m
  [4;35;1mPluginTestModels::Role Load (0.1ms)[0m   [0mSELECT * FROM "roles" INNER JOIN "roles_users" ON "roles".id = "roles_users".role_id WHERE ("roles_users".user_id = 1 ) [0m
  [4;36;1mPluginTestModels::Role Load (0.1ms)[0m   [0;1mSELECT * FROM "roles" INNER JOIN "roles_users" ON "roles".id = "roles_users".role_id WHERE ("roles_users".user_id = 1 ) [0m
  [4;35;1mPluginTestModels::Role Load (0.1ms)[0m   [0mSELECT * FROM "roles" INNER JOIN "roles_users" ON "roles".id = "roles_users".role_id WHERE ("roles_users".user_id = 1 ) [0m
  [4;36;1mPluginTestModels::Role Load (0.1ms)[0m   [0;1mSELECT * FROM "roles" INNER JOIN "roles_users" ON "roles".id = "roles_users".role_id WHERE ("roles_users".user_id = 1 ) [0m
  [4;35;1mPluginTestModels::Role Load (0.1ms)[0m   [0mSELECT * FROM "roles" INNER JOIN "roles_users" ON "roles".id = "roles_users".role_id WHERE ("roles_users".user_id = 1 ) [0m
  [4;36;1mPluginTestModels::Role Load (0.1ms)[0m   [0;1mSELECT * FROM "roles" INNER JOIN "roles_users" ON "roles".id = "roles_users".role_id WHERE ("roles_users".user_id = 1 ) [0m
  [4;35;1mPluginTestModels::Role Load (0.1ms)[0m   [0mSELECT * FROM "roles" INNER JOIN "roles_users" ON "roles".id = "roles_users".role_id WHERE ("roles_users".user_id = 1 ) [0m
  [4;36;1mPluginTestModels::Role Load (0.1ms)[0m   [0;1mSELECT * FROM "roles" INNER JOIN "roles_users" ON "roles".id = "roles_users".role_id WHERE ("roles_users".user_id = 1 ) [0m
  [4;35;1mPluginTestModels::Role Load (0.1ms)[0m   [0mSELECT * FROM "roles" INNER JOIN "roles_users" ON "roles".id = "roles_users".role_id WHERE ("roles_users".user_id = 1 ) [0m
  [4;36;1mPluginTestModels::Role Load (0.1ms)[0m   [0;1mSELECT * FROM "roles" INNER JOIN "roles_users" ON "roles".id = "roles_users".role_id WHERE ("roles_users".user_id = 1 ) [0m
  [4;35;1mPluginTestModels::Role Load (0.1ms)[0m   [0mSELECT * FROM "roles" INNER JOIN "roles_users" ON "roles".id = "roles_users".role_id WHERE ("roles_users".user_id = 1 ) [0m
  [4;36;1mPluginTestModels::Role Load (0.1ms)[0m   [0;1mSELECT * FROM "roles" INNER JOIN "roles_users" ON "roles".id = "roles_users".role_id WHERE ("roles_users".user_id = 1 ) [0m
  [4;35;1mPluginTestModels::Role Load (0.1ms)[0m   [0mSELECT * FROM "roles" INNER JOIN "roles_users" ON "roles".id = "roles_users".role_id WHERE ("roles_users".user_id = 1 ) [0m
  [4;36;1mPluginTestModels::Role Load (0.1ms)[0m   [0;1mSELECT * FROM "roles" INNER JOIN "roles_users" ON "roles".id = "roles_users".role_id WHERE ("roles_users".user_id = 1 ) [0m
  [4;35;1mPluginTestModels::Role Load (0.1ms)[0m   [0mSELECT * FROM "roles" INNER JOIN "roles_users" ON "roles".id = "roles_users".role_id WHERE ("roles_users".user_id = 1 ) [0m
  [4;36;1mPluginTestModels::Role Load (0.1ms)[0m   [0;1mSELECT * FROM "roles" INNER JOIN "roles_users" ON "roles".id = "roles_users".role_id WHERE ("roles_users".user_id = 1 ) [0m
  [4;35;1mPluginTestModels::Role Load (0.1ms)[0m   [0mSELECT * FROM "roles" INNER JOIN "roles_users" ON "roles".id = "roles_users".role_id WHERE ("roles_users".user_id = 1 ) [0m
  [4;36;1mPluginTestModels::Role Load (0.1ms)[0m   [0;1mSELECT * FROM "roles" INNER JOIN "roles_users" ON "roles".id = "roles_users".role_id WHERE ("roles_users".user_id = 1 ) [0m
  [4;35;1mPluginTestModels::Role Load (0.1ms)[0m   [0mSELECT * FROM "roles" INNER JOIN "roles_users" ON "roles".id = "roles_users".role_id WHERE ("roles_users".user_id = 1 ) [0m
  [4;36;1mPluginTestModels::Role Load (0.1ms)[0m   [0;1mSELECT * FROM "roles" INNER JOIN "roles_users" ON "roles".id = "roles_users".role_id WHERE ("roles_users".user_id = 1 ) [0m
  [4;35;1mPluginTestModels::Role Load (0.1ms)[0m   [0mSELECT * FROM "roles" INNER JOIN "roles_users" ON "roles".id = "roles_users".role_id WHERE ("roles_users".user_id = 1 ) [0m
  [4;36;1mPluginTestModels::Role Load (0.1ms)[0m   [0;1mSELECT * FROM "roles" INNER JOIN "roles_users" ON "roles".id = "roles_users".role_id WHERE ("roles_users".user_id = 1 ) [0m
  [4;35;1mPluginTestModels::Role Load (0.1ms)[0m   [0mSELECT * FROM "roles" INNER JOIN "roles_users" ON "roles".id = "roles_users".role_id WHERE ("roles_users".user_id = 1 ) [0m
  [4;36;1mPluginTestModels::Role Load (0.1ms)[0m   [0;1mSELECT * FROM "roles" INNER JOIN "roles_users" ON "roles".id = "roles_users".role_id WHERE ("roles_users".user_id = 1 ) [0m
  [4;35;1mPluginTestModels::Role Load (0.1ms)[0m   [0mSELECT * FROM "roles" INNER JOIN "roles_users" ON "roles".id = "roles_users".role_id WHERE ("roles_users".user_id = 1 ) [0m
  [4;36;1mPluginTestModels::Role Load (0.1ms)[0m   [0;1mSELECT * FROM "roles" INNER JOIN "roles_users" ON "roles".id = "roles_users".role_id WHERE ("roles_users".user_id = 1 ) [0m
  [4;35;1mPluginTestModels::Role Load (0.1ms)[0m   [0mSELECT * FROM "roles" INNER JOIN "roles_users" ON "roles".id = "roles_users".role_id WHERE ("roles_users".user_id = 1 ) [0m
  [4;36;1mPluginTestModels::Role Load (0.1ms)[0m   [0;1mSELECT * FROM "roles" INNER JOIN "roles_users" ON "roles".id = "roles_users".role_id WHERE ("roles_users".user_id = 1 ) [0m
  [4;35;1mPluginTestModels::Role Load (0.1ms)[0m   [0mSELECT * FROM "roles" INNER JOIN "roles_users" ON "roles".id = "roles_users".role_id WHERE ("roles_users".user_id = 1 ) [0m
  [4;36;1mPluginTestModels::Role Load (0.1ms)[0m   [0;1mSELECT * FROM "roles" INNER JOIN "roles_users" ON "roles".id = "roles_users".role_id WHERE ("roles_users".user_id = 1 ) [0m
  [4;35;1mPluginTestModels::Role Load (0.1ms)[0m   [0mSELECT * FROM "roles" INNER JOIN "roles_users" ON "roles".id = "roles_users".role_id WHERE ("roles_users".user_id = 1 ) [0m
  [4;36;1mPluginTestModels::Role Load (0.1ms)[0m   [0;1mSELECT * FROM "roles" INNER JOIN "roles_users" ON "roles".id = "roles_users".role_id WHERE ("roles_users".user_id = 1 ) [0m
  [4;35;1mPluginTestModels::Role Load (0.1ms)[0m   [0mSELECT * FROM "roles" INNER JOIN "roles_users" ON "roles".id = "roles_users".role_id WHERE ("roles_users".user_id = 1 ) [0m
  [4;36;1mPluginTestModels::Role Load (0.1ms)[0m   [0;1mSELECT * FROM "roles" INNER JOIN "roles_users" ON "roles".id = "roles_users".role_id WHERE ("roles_users".user_id = 1 ) [0m
  [4;35;1mPluginTestModels::Role Load (0.1ms)[0m   [0mSELECT * FROM "roles" INNER JOIN "roles_users" ON "roles".id = "roles_users".role_id WHERE ("roles_users".user_id = 1 ) [0m
  [4;36;1mPluginTestModels::Role Load (0.1ms)[0m   [0;1mSELECT * FROM "roles" INNER JOIN "roles_users" ON "roles".id = "roles_users".role_id WHERE ("roles_users".user_id = 1 ) [0m
  [4;35;1mPluginTestModels::Role Load (0.1ms)[0m   [0mSELECT * FROM "roles" INNER JOIN "roles_users" ON "roles".id = "roles_users".role_id WHERE ("roles_users".user_id = 1 ) [0m
  [4;36;1mPluginTestModels::Role Load (0.1ms)[0m   [0;1mSELECT * FROM "roles" INNER JOIN "roles_users" ON "roles".id = "roles_users".role_id WHERE ("roles_users".user_id = 1 ) [0m
  [4;35;1mPluginTestModels::Role Load (0.1ms)[0m   [0mSELECT * FROM "roles" INNER JOIN "roles_users" ON "roles".id = "roles_users".role_id WHERE ("roles_users".user_id = 1 ) [0m
  [4;36;1mPluginTestModels::Role Load (0.1ms)[0m   [0;1mSELECT * FROM "roles" INNER JOIN "roles_users" ON "roles".id = "roles_users".role_id WHERE ("roles_users".user_id = 1 ) [0m
  [4;35;1mPluginTestModels::Role Load (0.1ms)[0m   [0mSELECT * FROM "roles" INNER JOIN "roles_users" ON "roles".id = "roles_users".role_id WHERE ("roles_users".user_id = 1 ) [0m
  [4;36;1mPluginTestModels::Role Load (0.1ms)[0m   [0;1mSELECT * FROM "roles" INNER JOIN "roles_users" ON "roles".id = "roles_users".role_id WHERE ("roles_users".user_id = 1 ) [0m
  [4;35;1mPluginTestModels::Role Load (0.1ms)[0m   [0mSELECT * FROM "roles" INNER JOIN "roles_users" ON "roles".id = "roles_users".role_id WHERE ("roles_users".user_id = 1 ) [0m
  [4;36;1mPluginTestModels::Role Load (0.1ms)[0m   [0;1mSELECT * FROM "roles" INNER JOIN "roles_users" ON "roles".id = "roles_users".role_id WHERE ("roles_users".user_id = 1 ) [0m
  [4;35;1mPluginTestModels::Role Load (0.1ms)[0m   [0mSELECT * FROM "roles" INNER JOIN "roles_users" ON "roles".id = "roles_users".role_id WHERE ("roles_users".user_id = 1 ) [0m
  [4;36;1mPluginTestModels::Role Load (0.1ms)[0m   [0;1mSELECT * FROM "roles" INNER JOIN "roles_users" ON "roles".id = "roles_users".role_id WHERE ("roles_users".user_id = 1 ) [0m
  [4;35;1mPluginTestModels::Role Load (0.1ms)[0m   [0mSELECT * FROM "roles" INNER JOIN "roles_users" ON "roles".id = "roles_users".role_id WHERE ("roles_users".user_id = 1 ) [0m
  [4;36;1mPluginTestModels::Role Load (0.1ms)[0m   [0;1mSELECT * FROM "roles" INNER JOIN "roles_users" ON "roles".id = "roles_users".role_id WHERE ("roles_users".user_id = 1 ) [0m
  [4;35;1mPluginTestModels::Role Load (0.1ms)[0m   [0mSELECT * FROM "roles" INNER JOIN "roles_users" ON "roles".id = "roles_users".role_id WHERE ("roles_users".user_id = 1 ) [0m
  [4;36;1mPluginTestModels::Role Load (0.1ms)[0m   [0;1mSELECT * FROM "roles" INNER JOIN "roles_users" ON "roles".id = "roles_users".role_id WHERE ("roles_users".user_id = 1 ) [0m
  [4;35;1mPluginTestModels::Role Load (0.1ms)[0m   [0mSELECT * FROM "roles" INNER JOIN "roles_users" ON "roles".id = "roles_users".role_id WHERE ("roles_users".user_id = 1 ) [0m
  [4;36;1mPluginTestModels::Role Load (0.1ms)[0m   [0;1mSELECT * FROM "roles" INNER JOIN "roles_users" ON "roles".id = "roles_users".role_id WHERE ("roles_users".user_id = 1 ) [0m
  [4;35;1mPluginTestModels::Role Load (0.1ms)[0m   [0mSELECT * FROM "roles" INNER JOIN "roles_users" ON "roles".id = "roles_users".role_id WHERE ("roles_users".user_id = 1 ) [0m
  [4;36;1mPluginTestModels::Role Load (0.1ms)[0m   [0;1mSELECT * FROM "roles" INNER JOIN "roles_users" ON "roles".id = "roles_users".role_id WHERE ("roles_users".user_id = 1 ) [0m
  [4;35;1mPluginTestModels::Role Load (0.1ms)[0m   [0mSELECT * FROM "roles" INNER JOIN "roles_users" ON "roles".id = "roles_users".role_id WHERE ("roles_users".user_id = 1 ) [0m
  [4;36;1mPluginTestModels::Role Load (0.1ms)[0m   [0;1mSELECT * FROM "roles" INNER JOIN "roles_users" ON "roles".id = "roles_users".role_id WHERE ("roles_users".user_id = 1 ) [0m
  [4;35;1mPluginTestModels::Role Load (0.1ms)[0m   [0mSELECT * FROM "roles" INNER JOIN "roles_users" ON "roles".id = "roles_users".role_id WHERE ("roles_users".user_id = 1 ) [0m
  [4;36;1mPluginTestModels::Role Load (0.1ms)[0m   [0;1mSELECT * FROM "roles" INNER JOIN "roles_users" ON "roles".id = "roles_users".role_id WHERE ("roles_users".user_id = 1 ) [0m
  [4;35;1mPluginTestModels::Role Load (0.1ms)[0m   [0mSELECT * FROM "roles" INNER JOIN "roles_users" ON "roles".id = "roles_users".role_id WHERE ("roles_users".user_id = 1 ) [0m
  [4;36;1mPluginTestModels::Role Load (0.1ms)[0m   [0;1mSELECT * FROM "roles" INNER JOIN "roles_users" ON "roles".id = "roles_users".role_id WHERE ("roles_users".user_id = 1 ) [0m
  [4;35;1mPluginTestModels::Role Load (0.1ms)[0m   [0mSELECT * FROM "roles" INNER JOIN "roles_users" ON "roles".id = "roles_users".role_id WHERE ("roles_users".user_id = 1 ) [0m
  [4;36;1mPluginTestModels::Role Load (0.1ms)[0m   [0;1mSELECT * FROM "roles" INNER JOIN "roles_users" ON "roles".id = "roles_users".role_id WHERE ("roles_users".user_id = 1 ) [0m
  [4;35;1mPluginTestModels::Role Load (0.1ms)[0m   [0mSELECT * FROM "roles" INNER JOIN "roles_users" ON "roles".id = "roles_users".role_id WHERE ("roles_users".user_id = 1 ) [0m
  [4;36;1mPluginTestModels::Role Load (0.1ms)[0m   [0;1mSELECT * FROM "roles" INNER JOIN "roles_users" ON "roles".id = "roles_users".role_id WHERE ("roles_users".user_id = 1 ) [0m
  [4;35;1mPluginTestModels::Role Load (0.1ms)[0m   [0mSELECT * FROM "roles" INNER JOIN "roles_users" ON "roles".id = "roles_users".role_id WHERE ("roles_users".user_id = 1 ) [0m
  [4;36;1mPluginTestModels::Role Load (0.1ms)[0m   [0;1mSELECT * FROM "roles" INNER JOIN "roles_users" ON "roles".id = "roles_users".role_id WHERE ("roles_users".user_id = 1 ) [0m
  [4;35;1mPluginTestModels::Role Load (0.1ms)[0m   [0mSELECT * FROM "roles" INNER JOIN "roles_users" ON "roles".id = "roles_users".role_id WHERE ("roles_users".user_id = 1 ) [0m
  [4;36;1mPluginTestModels::Role Load (0.1ms)[0m   [0;1mSELECT * FROM "roles" INNER JOIN "roles_users" ON "roles".id = "roles_users".role_id WHERE ("roles_users".user_id = 1 ) [0m
  [4;35;1mPluginTestModels::Role Load (0.1ms)[0m   [0mSELECT * FROM "roles" INNER JOIN "roles_users" ON "roles".id = "roles_users".role_id WHERE ("roles_users".user_id = 1 ) [0m
  [4;36;1mPluginTestModels::Role Load (0.1ms)[0m   [0;1mSELECT * FROM "roles" INNER JOIN "roles_users" ON "roles".id = "roles_users".role_id WHERE ("roles_users".user_id = 1 ) [0m
  [4;35;1mPluginTestModels::Role Load (0.1ms)[0m   [0mSELECT * FROM "roles" INNER JOIN "roles_users" ON "roles".id = "roles_users".role_id WHERE ("roles_users".user_id = 1 ) [0m
  [4;36;1mPluginTestModels::Role Load (0.1ms)[0m   [0;1mSELECT * FROM "roles" INNER JOIN "roles_users" ON "roles".id = "roles_users".role_id WHERE ("roles_users".user_id = 1 ) [0m
  [4;35;1mPluginTestModels::Role Load (0.1ms)[0m   [0mSELECT * FROM "roles" INNER JOIN "roles_users" ON "roles".id = "roles_users".role_id WHERE ("roles_users".user_id = 1 ) [0m
  [4;36;1mPluginTestModels::Role Load (0.1ms)[0m   [0;1mSELECT * FROM "roles" INNER JOIN "roles_users" ON "roles".id = "roles_users".role_id WHERE ("roles_users".user_id = 1 ) [0m
  [4;35;1mPluginTestModels::Role Load (0.1ms)[0m   [0mSELECT * FROM "roles" INNER JOIN "roles_users" ON "roles".id = "roles_users".role_id WHERE ("roles_users".user_id = 1 ) [0m
  [4;36;1mPluginTestModels::Role Load (0.1ms)[0m   [0;1mSELECT * FROM "roles" INNER JOIN "roles_users" ON "roles".id = "roles_users".role_id WHERE ("roles_users".user_id = 1 ) [0m
  [4;35;1mPluginTestModels::Role Load (0.1ms)[0m   [0mSELECT * FROM "roles" INNER JOIN "roles_users" ON "roles".id = "roles_users".role_id WHERE ("roles_users".user_id = 1 ) [0m
  [4;36;1mPluginTestModels::Role Load (0.1ms)[0m   [0;1mSELECT * FROM "roles" INNER JOIN "roles_users" ON "roles".id = "roles_users".role_id WHERE ("roles_users".user_id = 1 ) [0m
  [4;35;1mPluginTestModels::Role Load (0.1ms)[0m   [0mSELECT * FROM "roles" INNER JOIN "roles_users" ON "roles".id = "roles_users".role_id WHERE ("roles_users".user_id = 1 ) [0m
  [4;36;1mPluginTestModels::Role Load (0.1ms)[0m   [0;1mSELECT * FROM "roles" INNER JOIN "roles_users" ON "roles".id = "roles_users".role_id WHERE ("roles_users".user_id = 1 ) [0m
  [4;35;1mPluginTestModels::Role Load (0.1ms)[0m   [0mSELECT * FROM "roles" INNER JOIN "roles_users" ON "roles".id = "roles_users".role_id WHERE ("roles_users".user_id = 1 ) [0m
  [4;36;1mPluginTestModels::Role Load (0.1ms)[0m   [0;1mSELECT * FROM "roles" INNER JOIN "roles_users" ON "roles".id = "roles_users".role_id WHERE ("roles_users".user_id = 1 ) [0m
  [4;35;1mPluginTestModels::Role Load (0.1ms)[0m   [0mSELECT * FROM "roles" INNER JOIN "roles_users" ON "roles".id = "roles_users".role_id WHERE ("roles_users".user_id = 1 ) [0m
  [4;36;1mPluginTestModels::Role Load (0.1ms)[0m   [0;1mSELECT * FROM "roles" INNER JOIN "roles_users" ON "roles".id = "roles_users".role_id WHERE ("roles_users".user_id = 1 ) [0m
  [4;35;1mPluginTestModels::Role Load (0.1ms)[0m   [0mSELECT * FROM "roles" INNER JOIN "roles_users" ON "roles".id = "roles_users".role_id WHERE ("roles_users".user_id = 1 ) [0m
  [4;36;1mPluginTestModels::Role Load (0.1ms)[0m   [0;1mSELECT * FROM "roles" INNER JOIN "roles_users" ON "roles".id = "roles_users".role_id WHERE ("roles_users".user_id = 1 ) [0m
  [4;35;1mPluginTestModels::Role Load (0.1ms)[0m   [0mSELECT * FROM "roles" INNER JOIN "roles_users" ON "roles".id = "roles_users".role_id WHERE ("roles_users".user_id = 1 ) [0m
  [4;36;1mPluginTestModels::Role Load (0.1ms)[0m   [0;1mSELECT * FROM "roles" INNER JOIN "roles_users" ON "roles".id = "roles_users".role_id WHERE ("roles_users".user_id = 1 ) [0m
  [4;35;1mPluginTestModels::Role Load (0.1ms)[0m   [0mSELECT * FROM "roles" INNER JOIN "roles_users" ON "roles".id = "roles_users".role_id WHERE ("roles_users".user_id = 1 ) [0m
  [4;36;1mPluginTestModels::Role Load (0.1ms)[0m   [0;1mSELECT * FROM "roles" INNER JOIN "roles_users" ON "roles".id = "roles_users".role_id WHERE ("roles_users".user_id = 1 ) [0m
  [4;35;1mPluginTestModels::Role Load (0.1ms)[0m   [0mSELECT * FROM "roles" INNER JOIN "roles_users" ON "roles".id = "roles_users".role_id WHERE ("roles_users".user_id = 1 ) [0m
  [4;36;1mPluginTestModels::Role Load (0.1ms)[0m   [0;1mSELECT * FROM "roles" INNER JOIN "roles_users" ON "roles".id = "roles_users".role_id WHERE ("roles_users".user_id = 1 ) [0m
  [4;35;1mPluginTestModels::Role Load (0.1ms)[0m   [0mSELECT * FROM "roles" INNER JOIN "roles_users" ON "roles".id = "roles_users".role_id WHERE ("roles_users".user_id = 1 ) [0m
  [4;36;1mPluginTestModels::Role Load (0.1ms)[0m   [0;1mSELECT * FROM "roles" INNER JOIN "roles_users" ON "roles".id = "roles_users".role_id WHERE ("roles_users".user_id = 1 ) [0m
  [4;35;1mPluginTestModels::Role Load (0.1ms)[0m   [0mSELECT * FROM "roles" INNER JOIN "roles_users" ON "roles".id = "roles_users".role_id WHERE ("roles_users".user_id = 1 ) [0m
  [4;36;1mPluginTestModels::Role Load (0.1ms)[0m   [0;1mSELECT * FROM "roles" INNER JOIN "roles_users" ON "roles".id = "roles_users".role_id WHERE ("roles_users".user_id = 1 ) [0m
  [4;35;1mPluginTestModels::Role Load (0.1ms)[0m   [0mSELECT * FROM "roles" INNER JOIN "roles_users" ON "roles".id = "roles_users".role_id WHERE ("roles_users".user_id = 1 ) [0m
  [4;36;1mPluginTestModels::Role Load (0.1ms)[0m   [0;1mSELECT * FROM "roles" INNER JOIN "roles_users" ON "roles".id = "roles_users".role_id WHERE ("roles_users".user_id = 1 ) [0m
  [4;35;1mPluginTestModels::Role Load (0.1ms)[0m   [0mSELECT * FROM "roles" INNER JOIN "roles_users" ON "roles".id = "roles_users".role_id WHERE ("roles_users".user_id = 1 ) [0m
  [4;36;1mPluginTestModels::Role Load (0.1ms)[0m   [0;1mSELECT * FROM "roles" INNER JOIN "roles_users" ON "roles".id = "roles_users".role_id WHERE ("roles_users".user_id = 1 ) [0m
  [4;35;1mPluginTestModels::Role Load (0.1ms)[0m   [0mSELECT * FROM "roles" INNER JOIN "roles_users" ON "roles".id = "roles_users".role_id WHERE ("roles_users".user_id = 1 ) [0m
  [4;36;1mPluginTestModels::Role Load (0.1ms)[0m   [0;1mSELECT * FROM "roles" INNER JOIN "roles_users" ON "roles".id = "roles_users".role_id WHERE ("roles_users".user_id = 1 ) [0m
  [4;35;1mPluginTestModels::Role Load (0.1ms)[0m   [0mSELECT * FROM "roles" INNER JOIN "roles_users" ON "roles".id = "roles_users".role_id WHERE ("roles_users".user_id = 1 ) [0m
  [4;36;1mPluginTestModels::Role Load (0.1ms)[0m   [0;1mSELECT * FROM "roles" INNER JOIN "roles_users" ON "roles".id = "roles_users".role_id WHERE ("roles_users".user_id = 1 ) [0m
  [4;35;1mPluginTestModels::Role Load (0.1ms)[0m   [0mSELECT * FROM "roles" INNER JOIN "roles_users" ON "roles".id = "roles_users".role_id WHERE ("roles_users".user_id = 1 ) [0m
  [4;36;1mPluginTestModels::Role Load (0.1ms)[0m   [0;1mSELECT * FROM "roles" INNER JOIN "roles_users" ON "roles".id = "roles_users".role_id WHERE ("roles_users".user_id = 1 ) [0m
  [4;35;1mPluginTestModels::Role Load (0.1ms)[0m   [0mSELECT * FROM "roles" INNER JOIN "roles_users" ON "roles".id = "roles_users".role_id WHERE ("roles_users".user_id = 1 ) [0m
  [4;36;1mPluginTestModels::Role Load (0.1ms)[0m   [0;1mSELECT * FROM "roles" INNER JOIN "roles_users" ON "roles".id = "roles_users".role_id WHERE ("roles_users".user_id = 1 ) [0m
  [4;35;1mPluginTestModels::Role Load (0.1ms)[0m   [0mSELECT * FROM "roles" INNER JOIN "roles_users" ON "roles".id = "roles_users".role_id WHERE ("roles_users".user_id = 1 ) [0m
  [4;36;1mPluginTestModels::Role Load (0.1ms)[0m   [0;1mSELECT * FROM "roles" INNER JOIN "roles_users" ON "roles".id = "roles_users".role_id WHERE ("roles_users".user_id = 1 ) [0m
  [4;35;1mPluginTestModels::Role Load (0.1ms)[0m   [0mSELECT * FROM "roles" INNER JOIN "roles_users" ON "roles".id = "roles_users".role_id WHERE ("roles_users".user_id = 1 ) [0m
  [4;36;1mPluginTestModels::Role Load (0.1ms)[0m   [0;1mSELECT * FROM "roles" INNER JOIN "roles_users" ON "roles".id = "roles_users".role_id WHERE ("roles_users".user_id = 1 ) [0m
  [4;35;1mPluginTestModels::Role Load (0.1ms)[0m   [0mSELECT * FROM "roles" INNER JOIN "roles_users" ON "roles".id = "roles_users".role_id WHERE ("roles_users".user_id = 1 ) [0m
  [4;36;1mPluginTestModels::Role Load (0.1ms)[0m   [0;1mSELECT * FROM "roles" INNER JOIN "roles_users" ON "roles".id = "roles_users".role_id WHERE ("roles_users".user_id = 1 ) [0m
  [4;35;1mPluginTestModels::Role Load (0.1ms)[0m   [0mSELECT * FROM "roles" INNER JOIN "roles_users" ON "roles".id = "roles_users".role_id WHERE ("roles_users".user_id = 1 ) [0m
  [4;36;1mPluginTestModels::Role Load (0.1ms)[0m   [0;1mSELECT * FROM "roles" INNER JOIN "roles_users" ON "roles".id = "roles_users".role_id WHERE ("roles_users".user_id = 1 ) [0m
  [4;35;1mPluginTestModels::Role Load (0.1ms)[0m   [0mSELECT * FROM "roles" INNER JOIN "roles_users" ON "roles".id = "roles_users".role_id WHERE ("roles_users".user_id = 1 ) [0m
  [4;36;1mPluginTestModels::Role Load (0.1ms)[0m   [0;1mSELECT * FROM "roles" INNER JOIN "roles_users" ON "roles".id = "roles_users".role_id WHERE ("roles_users".user_id = 1 ) [0m
  [4;35;1mPluginTestModels::Role Load (0.1ms)[0m   [0mSELECT * FROM "roles" INNER JOIN "roles_users" ON "roles".id = "roles_users".role_id WHERE ("roles_users".user_id = 1 ) [0m
  [4;36;1mPluginTestModels::Role Load (0.1ms)[0m   [0;1mSELECT * FROM "roles" INNER JOIN "roles_users" ON "roles".id = "roles_users".role_id WHERE ("roles_users".user_id = 1 ) [0m
  [4;35;1mPluginTestModels::Role Load (0.1ms)[0m   [0mSELECT * FROM "roles" INNER JOIN "roles_users" ON "roles".id = "roles_users".role_id WHERE ("roles_users".user_id = 1 ) [0m
  [4;36;1mPluginTestModels::Role Load (0.1ms)[0m   [0;1mSELECT * FROM "roles" INNER JOIN "roles_users" ON "roles".id = "roles_users".role_id WHERE ("roles_users".user_id = 1 ) [0m
  [4;35;1mPluginTestModels::Role Load (0.1ms)[0m   [0mSELECT * FROM "roles" INNER JOIN "roles_users" ON "roles".id = "roles_users".role_id WHERE ("roles_users".user_id = 1 ) [0m
  [4;36;1mPluginTestModels::Role Load (0.1ms)[0m   [0;1mSELECT * FROM "roles" INNER JOIN "roles_users" ON "roles".id = "roles_users".role_id WHERE ("roles_users".user_id = 1 ) [0m
  [4;35;1mPluginTestModels::Role Load (0.1ms)[0m   [0mSELECT * FROM "roles" INNER JOIN "roles_users" ON "roles".id = "roles_users".role_id WHERE ("roles_users".user_id = 1 ) [0m
  [4;36;1mPluginTestModels::Role Load (0.1ms)[0m   [0;1mSELECT * FROM "roles" INNER JOIN "roles_users" ON "roles".id = "roles_users".role_id WHERE ("roles_users".user_id = 1 ) [0m
  [4;35;1mPluginTestModels::Role Load (0.1ms)[0m   [0mSELECT * FROM "roles" INNER JOIN "roles_users" ON "roles".id = "roles_users".role_id WHERE ("roles_users".user_id = 1 ) [0m
  [4;36;1mPluginTestModels::Role Load (0.1ms)[0m   [0;1mSELECT * FROM "roles" INNER JOIN "roles_users" ON "roles".id = "roles_users".role_id WHERE ("roles_users".user_id = 1 ) [0m
  [4;35;1mPluginTestModels::Role Load (0.1ms)[0m   [0mSELECT * FROM "roles" INNER JOIN "roles_users" ON "roles".id = "roles_users".role_id WHERE ("roles_users".user_id = 1 ) [0m
  [4;36;1mPluginTestModels::Role Load (0.1ms)[0m   [0;1mSELECT * FROM "roles" INNER JOIN "roles_users" ON "roles".id = "roles_users".role_id WHERE ("roles_users".user_id = 1 ) [0m
  [4;35;1mPluginTestModels::Role Load (0.1ms)[0m   [0mSELECT * FROM "roles" INNER JOIN "roles_users" ON "roles".id = "roles_users".role_id WHERE ("roles_users".user_id = 1 ) [0m
  [4;36;1mPluginTestModels::Role Load (0.1ms)[0m   [0;1mSELECT * FROM "roles" INNER JOIN "roles_users" ON "roles".id = "roles_users".role_id WHERE ("roles_users".user_id = 1 ) [0m
  [4;35;1mPluginTestModels::Role Load (0.1ms)[0m   [0mSELECT * FROM "roles" INNER JOIN "roles_users" ON "roles".id = "roles_users".role_id WHERE ("roles_users".user_id = 1 ) [0m
  [4;36;1mPluginTestModels::Role Load (0.1ms)[0m   [0;1mSELECT * FROM "roles" INNER JOIN "roles_users" ON "roles".id = "roles_users".role_id WHERE ("roles_users".user_id = 1 ) [0m
  [4;35;1mPluginTestModels::Role Load (0.1ms)[0m   [0mSELECT * FROM "roles" INNER JOIN "roles_users" ON "roles".id = "roles_users".role_id WHERE ("roles_users".user_id = 1 ) [0m
  [4;36;1mPluginTestModels::Role Load (0.1ms)[0m   [0;1mSELECT * FROM "roles" INNER JOIN "roles_users" ON "roles".id = "roles_users".role_id WHERE ("roles_users".user_id = 1 ) [0m
  [4;35;1mPluginTestModels::Role Load (0.1ms)[0m   [0mSELECT * FROM "roles" INNER JOIN "roles_users" ON "roles".id = "roles_users".role_id WHERE ("roles_users".user_id = 1 ) [0m
  [4;36;1mPluginTestModels::Role Load (0.1ms)[0m   [0;1mSELECT * FROM "roles" INNER JOIN "roles_users" ON "roles".id = "roles_users".role_id WHERE ("roles_users".user_id = 1 ) [0m
  [4;35;1mPluginTestModels::Role Load (0.1ms)[0m   [0mSELECT * FROM "roles" INNER JOIN "roles_users" ON "roles".id = "roles_users".role_id WHERE ("roles_users".user_id = 1 ) [0m
  [4;36;1mPluginTestModels::Role Load (0.1ms)[0m   [0;1mSELECT * FROM "roles" INNER JOIN "roles_users" ON "roles".id = "roles_users".role_id WHERE ("roles_users".user_id = 1 ) [0m
  [4;35;1mPluginTestModels::Role Load (0.1ms)[0m   [0mSELECT * FROM "roles" INNER JOIN "roles_users" ON "roles".id = "roles_users".role_id WHERE ("roles_users".user_id = 1 ) [0m
  [4;36;1mPluginTestModels::Role Load (0.1ms)[0m   [0;1mSELECT * FROM "roles" INNER JOIN "roles_users" ON "roles".id = "roles_users".role_id WHERE ("roles_users".user_id = 1 ) [0m
  [4;35;1mPluginTestModels::Role Load (0.1ms)[0m   [0mSELECT * FROM "roles" INNER JOIN "roles_users" ON "roles".id = "roles_users".role_id WHERE ("roles_users".user_id = 1 ) [0m
  [4;36;1mPluginTestModels::Role Load (0.1ms)[0m   [0;1mSELECT * FROM "roles" INNER JOIN "roles_users" ON "roles".id = "roles_users".role_id WHERE ("roles_users".user_id = 1 ) [0m
  [4;35;1mPluginTestModels::Role Load (0.1ms)[0m   [0mSELECT * FROM "roles" INNER JOIN "roles_users" ON "roles".id = "roles_users".role_id WHERE ("roles_users".user_id = 1 ) [0m
  [4;36;1mPluginTestModels::Role Load (0.1ms)[0m   [0;1mSELECT * FROM "roles" INNER JOIN "roles_users" ON "roles".id = "roles_users".role_id WHERE ("roles_users".user_id = 1 ) [0m
  [4;35;1mPluginTestModels::Role Load (0.1ms)[0m   [0mSELECT * FROM "roles" INNER JOIN "roles_users" ON "roles".id = "roles_users".role_id WHERE ("roles_users".user_id = 1 ) [0m
  [4;36;1mPluginTestModels::Role Load (0.1ms)[0m   [0;1mSELECT * FROM "roles" INNER JOIN "roles_users" ON "roles".id = "roles_users".role_id WHERE ("roles_users".user_id = 1 ) [0m
  [4;35;1mPluginTestModels::Role Load (0.1ms)[0m   [0mSELECT * FROM "roles" INNER JOIN "roles_users" ON "roles".id = "roles_users".role_id WHERE ("roles_users".user_id = 1 ) [0m
  [4;36;1mPluginTestModels::Role Load (0.1ms)[0m   [0;1mSELECT * FROM "roles" INNER JOIN "roles_users" ON "roles".id = "roles_users".role_id WHERE ("roles_users".user_id = 1 ) [0m
  [4;35;1mPluginTestModels::Role Load (0.1ms)[0m   [0mSELECT * FROM "roles" INNER JOIN "roles_users" ON "roles".id = "roles_users".role_id WHERE ("roles_users".user_id = 1 ) [0m
  [4;36;1mPluginTestModels::Role Load (0.1ms)[0m   [0;1mSELECT * FROM "roles" INNER JOIN "roles_users" ON "roles".id = "roles_users".role_id WHERE ("roles_users".user_id = 1 ) [0m
  [4;35;1mPluginTestModels::Role Load (0.1ms)[0m   [0mSELECT * FROM "roles" INNER JOIN "roles_users" ON "roles".id = "roles_users".role_id WHERE ("roles_users".user_id = 1 ) [0m
  [4;36;1mPluginTestModels::Role Load (0.1ms)[0m   [0;1mSELECT * FROM "roles" INNER JOIN "roles_users" ON "roles".id = "roles_users".role_id WHERE ("roles_users".user_id = 1 ) [0m
  [4;35;1mPluginTestModels::Role Load (0.1ms)[0m   [0mSELECT * FROM "roles" INNER JOIN "roles_users" ON "roles".id = "roles_users".role_id WHERE ("roles_users".user_id = 1 ) [0m
  [4;36;1mPluginTestModels::Role Load (0.1ms)[0m   [0;1mSELECT * FROM "roles" INNER JOIN "roles_users" ON "roles".id = "roles_users".role_id WHERE ("roles_users".user_id = 1 ) [0m
  [4;35;1mPluginTestModels::Role Load (0.1ms)[0m   [0mSELECT * FROM "roles" INNER JOIN "roles_users" ON "roles".id = "roles_users".role_id WHERE ("roles_users".user_id = 1 ) [0m
  [4;36;1mPluginTestModels::Role Load (0.1ms)[0m   [0;1mSELECT * FROM "roles" INNER JOIN "roles_users" ON "roles".id = "roles_users".role_id WHERE ("roles_users".user_id = 1 ) [0m
  [4;35;1mPluginTestModels::Role Load (0.1ms)[0m   [0mSELECT * FROM "roles" INNER JOIN "roles_users" ON "roles".id = "roles_users".role_id WHERE ("roles_users".user_id = 1 ) [0m
  [4;36;1mPluginTestModels::Role Load (0.1ms)[0m   [0;1mSELECT * FROM "roles" INNER JOIN "roles_users" ON "roles".id = "roles_users".role_id WHERE ("roles_users".user_id = 1 ) [0m
  [4;35;1mPluginTestModels::Role Load (0.1ms)[0m   [0mSELECT * FROM "roles" INNER JOIN "roles_users" ON "roles".id = "roles_users".role_id WHERE ("roles_users".user_id = 1 ) [0m
  [4;36;1mPluginTestModels::Role Load (0.1ms)[0m   [0;1mSELECT * FROM "roles" INNER JOIN "roles_users" ON "roles".id = "roles_users".role_id WHERE ("roles_users".user_id = 1 ) [0m
  [4;35;1mPluginTestModels::Role Load (0.1ms)[0m   [0mSELECT * FROM "roles" INNER JOIN "roles_users" ON "roles".id = "roles_users".role_id WHERE ("roles_users".user_id = 1 ) [0m
  [4;36;1mPluginTestModels::Role Load (0.1ms)[0m   [0;1mSELECT * FROM "roles" INNER JOIN "roles_users" ON "roles".id = "roles_users".role_id WHERE ("roles_users".user_id = 1 ) [0m
  [4;35;1mPluginTestModels::Role Load (0.1ms)[0m   [0mSELECT * FROM "roles" INNER JOIN "roles_users" ON "roles".id = "roles_users".role_id WHERE ("roles_users".user_id = 1 ) [0m
  [4;36;1mPluginTestModels::Role Load (0.1ms)[0m   [0;1mSELECT * FROM "roles" INNER JOIN "roles_users" ON "roles".id = "roles_users".role_id WHERE ("roles_users".user_id = 1 ) [0m
  [4;35;1mPluginTestModels::Role Load (0.1ms)[0m   [0mSELECT * FROM "roles" INNER JOIN "roles_users" ON "roles".id = "roles_users".role_id WHERE ("roles_users".user_id = 1 ) [0m
  [4;36;1mPluginTestModels::Role Load (0.1ms)[0m   [0;1mSELECT * FROM "roles" INNER JOIN "roles_users" ON "roles".id = "roles_users".role_id WHERE ("roles_users".user_id = 1 ) [0m
  [4;35;1mPluginTestModels::Role Load (0.1ms)[0m   [0mSELECT * FROM "roles" INNER JOIN "roles_users" ON "roles".id = "roles_users".role_id WHERE ("roles_users".user_id = 1 ) [0m
  [4;36;1mPluginTestModels::Role Load (0.1ms)[0m   [0;1mSELECT * FROM "roles" INNER JOIN "roles_users" ON "roles".id = "roles_users".role_id WHERE ("roles_users".user_id = 1 ) [0m
  [4;35;1mPluginTestModels::Role Load (0.1ms)[0m   [0mSELECT * FROM "roles" INNER JOIN "roles_users" ON "roles".id = "roles_users".role_id WHERE ("roles_users".user_id = 1 ) [0m
  [4;36;1mPluginTestModels::Role Load (0.1ms)[0m   [0;1mSELECT * FROM "roles" INNER JOIN "roles_users" ON "roles".id = "roles_users".role_id WHERE ("roles_users".user_id = 1 ) [0m
  [4;35;1mPluginTestModels::Role Load (0.1ms)[0m   [0mSELECT * FROM "roles" INNER JOIN "roles_users" ON "roles".id = "roles_users".role_id WHERE ("roles_users".user_id = 1 ) [0m
  [4;36;1mPluginTestModels::Role Load (0.1ms)[0m   [0;1mSELECT * FROM "roles" INNER JOIN "roles_users" ON "roles".id = "roles_users".role_id WHERE ("roles_users".user_id = 1 ) [0m
  [4;35;1mPluginTestModels::Role Load (36.2ms)[0m   [0mSELECT * FROM "roles" INNER JOIN "roles_users" ON "roles".id = "roles_users".role_id WHERE ("roles_users".user_id = 1 ) [0m
  [4;36;1mPluginTestModels::Role Load (0.1ms)[0m   [0;1mSELECT * FROM "roles" INNER JOIN "roles_users" ON "roles".id = "roles_users".role_id WHERE ("roles_users".user_id = 1 ) [0m
  [4;35;1mPluginTestModels::Role Load (0.1ms)[0m   [0mSELECT * FROM "roles" INNER JOIN "roles_users" ON "roles".id = "roles_users".role_id WHERE ("roles_users".user_id = 1 ) [0m
  [4;36;1mPluginTestModels::Role Load (0.1ms)[0m   [0;1mSELECT * FROM "roles" INNER JOIN "roles_users" ON "roles".id = "roles_users".role_id WHERE ("roles_users".user_id = 1 ) [0m
  [4;35;1mPluginTestModels::Role Load (0.1ms)[0m   [0mSELECT * FROM "roles" INNER JOIN "roles_users" ON "roles".id = "roles_users".role_id WHERE ("roles_users".user_id = 1 ) [0m
  [4;36;1mPluginTestModels::Role Load (0.1ms)[0m   [0;1mSELECT * FROM "roles" INNER JOIN "roles_users" ON "roles".id = "roles_users".role_id WHERE ("roles_users".user_id = 1 ) [0m
  [4;35;1mPluginTestModels::Role Load (0.1ms)[0m   [0mSELECT * FROM "roles" INNER JOIN "roles_users" ON "roles".id = "roles_users".role_id WHERE ("roles_users".user_id = 1 ) [0m
  [4;36;1mPluginTestModels::Role Load (0.1ms)[0m   [0;1mSELECT * FROM "roles" INNER JOIN "roles_users" ON "roles".id = "roles_users".role_id WHERE ("roles_users".user_id = 1 ) [0m
  [4;35;1mPluginTestModels::Role Load (0.1ms)[0m   [0mSELECT * FROM "roles" INNER JOIN "roles_users" ON "roles".id = "roles_users".role_id WHERE ("roles_users".user_id = 1 ) [0m
  [4;36;1mPluginTestModels::Role Load (0.1ms)[0m   [0;1mSELECT * FROM "roles" INNER JOIN "roles_users" ON "roles".id = "roles_users".role_id WHERE ("roles_users".user_id = 1 ) [0m
  [4;35;1mPluginTestModels::Role Load (0.1ms)[0m   [0mSELECT * FROM "roles" INNER JOIN "roles_users" ON "roles".id = "roles_users".role_id WHERE ("roles_users".user_id = 1 ) [0m
  [4;36;1mPluginTestModels::Role Load (0.1ms)[0m   [0;1mSELECT * FROM "roles" INNER JOIN "roles_users" ON "roles".id = "roles_users".role_id WHERE ("roles_users".user_id = 1 ) [0m
  [4;35;1mPluginTestModels::Role Load (0.1ms)[0m   [0mSELECT * FROM "roles" INNER JOIN "roles_users" ON "roles".id = "roles_users".role_id WHERE ("roles_users".user_id = 1 ) [0m
  [4;36;1mPluginTestModels::Role Load (0.1ms)[0m   [0;1mSELECT * FROM "roles" INNER JOIN "roles_users" ON "roles".id = "roles_users".role_id WHERE ("roles_users".user_id = 1 ) [0m
  [4;35;1mPluginTestModels::Role Load (0.1ms)[0m   [0mSELECT * FROM "roles" INNER JOIN "roles_users" ON "roles".id = "roles_users".role_id WHERE ("roles_users".user_id = 1 ) [0m
  [4;36;1mPluginTestModels::Role Load (0.1ms)[0m   [0;1mSELECT * FROM "roles" INNER JOIN "roles_users" ON "roles".id = "roles_users".role_id WHERE ("roles_users".user_id = 1 ) [0m
  [4;35;1mPluginTestModels::Role Load (0.1ms)[0m   [0mSELECT * FROM "roles" INNER JOIN "roles_users" ON "roles".id = "roles_users".role_id WHERE ("roles_users".user_id = 1 ) [0m
  [4;36;1mPluginTestModels::Role Load (0.1ms)[0m   [0;1mSELECT * FROM "roles" INNER JOIN "roles_users" ON "roles".id = "roles_users".role_id WHERE ("roles_users".user_id = 1 ) [0m
  [4;35;1mPluginTestModels::Role Load (0.1ms)[0m   [0mSELECT * FROM "roles" INNER JOIN "roles_users" ON "roles".id = "roles_users".role_id WHERE ("roles_users".user_id = 1 ) [0m
  [4;36;1mPluginTestModels::Role Load (0.1ms)[0m   [0;1mSELECT * FROM "roles" INNER JOIN "roles_users" ON "roles".id = "roles_users".role_id WHERE ("roles_users".user_id = 1 ) [0m
  [4;35;1mPluginTestModels::Role Load (0.1ms)[0m   [0mSELECT * FROM "roles" INNER JOIN "roles_users" ON "roles".id = "roles_users".role_id WHERE ("roles_users".user_id = 1 ) [0m
  [4;36;1mPluginTestModels::Role Load (0.1ms)[0m   [0;1mSELECT * FROM "roles" INNER JOIN "roles_users" ON "roles".id = "roles_users".role_id WHERE ("roles_users".user_id = 1 ) [0m
  [4;35;1mPluginTestModels::Role Load (0.1ms)[0m   [0mSELECT * FROM "roles" INNER JOIN "roles_users" ON "roles".id = "roles_users".role_id WHERE ("roles_users".user_id = 1 ) [0m
  [4;36;1mPluginTestModels::Role Load (0.1ms)[0m   [0;1mSELECT * FROM "roles" INNER JOIN "roles_users" ON "roles".id = "roles_users".role_id WHERE ("roles_users".user_id = 1 ) [0m
  [4;35;1mPluginTestModels::Role Load (0.1ms)[0m   [0mSELECT * FROM "roles" INNER JOIN "roles_users" ON "roles".id = "roles_users".role_id WHERE ("roles_users".user_id = 1 ) [0m
  [4;36;1mPluginTestModels::Role Load (0.1ms)[0m   [0;1mSELECT * FROM "roles" INNER JOIN "roles_users" ON "roles".id = "roles_users".role_id WHERE ("roles_users".user_id = 1 ) [0m
  [4;35;1mPluginTestModels::Role Load (0.1ms)[0m   [0mSELECT * FROM "roles" INNER JOIN "roles_users" ON "roles".id = "roles_users".role_id WHERE ("roles_users".user_id = 1 ) [0m
  [4;36;1mPluginTestModels::Role Load (0.1ms)[0m   [0;1mSELECT * FROM "roles" INNER JOIN "roles_users" ON "roles".id = "roles_users".role_id WHERE ("roles_users".user_id = 1 ) [0m
  [4;35;1mPluginTestModels::Role Load (0.1ms)[0m   [0mSELECT * FROM "roles" INNER JOIN "roles_users" ON "roles".id = "roles_users".role_id WHERE ("roles_users".user_id = 1 ) [0m
  [4;36;1mPluginTestModels::Role Load (0.1ms)[0m   [0;1mSELECT * FROM "roles" INNER JOIN "roles_users" ON "roles".id = "roles_users".role_id WHERE ("roles_users".user_id = 1 ) [0m
  [4;35;1mPluginTestModels::Role Load (0.1ms)[0m   [0mSELECT * FROM "roles" INNER JOIN "roles_users" ON "roles".id = "roles_users".role_id WHERE ("roles_users".user_id = 1 ) [0m
  [4;36;1mPluginTestModels::Role Load (0.1ms)[0m   [0;1mSELECT * FROM "roles" INNER JOIN "roles_users" ON "roles".id = "roles_users".role_id WHERE ("roles_users".user_id = 1 ) [0m
  [4;35;1mPluginTestModels::Role Load (0.1ms)[0m   [0mSELECT * FROM "roles" INNER JOIN "roles_users" ON "roles".id = "roles_users".role_id WHERE ("roles_users".user_id = 1 ) [0m
  [4;36;1mPluginTestModels::Role Load (0.1ms)[0m   [0;1mSELECT * FROM "roles" INNER JOIN "roles_users" ON "roles".id = "roles_users".role_id WHERE ("roles_users".user_id = 1 ) [0m
  [4;35;1mPluginTestModels::Role Load (0.1ms)[0m   [0mSELECT * FROM "roles" INNER JOIN "roles_users" ON "roles".id = "roles_users".role_id WHERE ("roles_users".user_id = 1 ) [0m
  [4;36;1mPluginTestModels::Role Load (0.1ms)[0m   [0;1mSELECT * FROM "roles" INNER JOIN "roles_users" ON "roles".id = "roles_users".role_id WHERE ("roles_users".user_id = 1 ) [0m
  [4;35;1mPluginTestModels::Role Load (0.1ms)[0m   [0mSELECT * FROM "roles" INNER JOIN "roles_users" ON "roles".id = "roles_users".role_id WHERE ("roles_users".user_id = 1 ) [0m
  [4;36;1mPluginTestModels::Role Load (0.1ms)[0m   [0;1mSELECT * FROM "roles" INNER JOIN "roles_users" ON "roles".id = "roles_users".role_id WHERE ("roles_users".user_id = 1 ) [0m
  [4;35;1mPluginTestModels::Role Load (0.1ms)[0m   [0mSELECT * FROM "roles" INNER JOIN "roles_users" ON "roles".id = "roles_users".role_id WHERE ("roles_users".user_id = 1 ) [0m
  [4;36;1mPluginTestModels::Role Load (0.1ms)[0m   [0;1mSELECT * FROM "roles" INNER JOIN "roles_users" ON "roles".id = "roles_users".role_id WHERE ("roles_users".user_id = 1 ) [0m
  [4;35;1mPluginTestModels::Role Load (0.1ms)[0m   [0mSELECT * FROM "roles" INNER JOIN "roles_users" ON "roles".id = "roles_users".role_id WHERE ("roles_users".user_id = 1 ) [0m
  [4;36;1mPluginTestModels::Role Load (0.1ms)[0m   [0;1mSELECT * FROM "roles" INNER JOIN "roles_users" ON "roles".id = "roles_users".role_id WHERE ("roles_users".user_id = 1 ) [0m
  [4;35;1mPluginTestModels::Role Load (0.1ms)[0m   [0mSELECT * FROM "roles" INNER JOIN "roles_users" ON "roles".id = "roles_users".role_id WHERE ("roles_users".user_id = 1 ) [0m
  [4;36;1mPluginTestModels::Role Load (0.1ms)[0m   [0;1mSELECT * FROM "roles" INNER JOIN "roles_users" ON "roles".id = "roles_users".role_id WHERE ("roles_users".user_id = 1 ) [0m
  [4;35;1mPluginTestModels::Role Load (0.1ms)[0m   [0mSELECT * FROM "roles" INNER JOIN "roles_users" ON "roles".id = "roles_users".role_id WHERE ("roles_users".user_id = 1 ) [0m
  [4;36;1mPluginTestModels::Role Load (0.1ms)[0m   [0;1mSELECT * FROM "roles" INNER JOIN "roles_users" ON "roles".id = "roles_users".role_id WHERE ("roles_users".user_id = 1 ) [0m
  [4;35;1mPluginTestModels::Role Load (0.1ms)[0m   [0mSELECT * FROM "roles" INNER JOIN "roles_users" ON "roles".id = "roles_users".role_id WHERE ("roles_users".user_id = 1 ) [0m
  [4;36;1mPluginTestModels::Role Load (0.1ms)[0m   [0;1mSELECT * FROM "roles" INNER JOIN "roles_users" ON "roles".id = "roles_users".role_id WHERE ("roles_users".user_id = 1 ) [0m
  [4;35;1mPluginTestModels::Role Load (0.1ms)[0m   [0mSELECT * FROM "roles" INNER JOIN "roles_users" ON "roles".id = "roles_users".role_id WHERE ("roles_users".user_id = 1 ) [0m
  [4;36;1mPluginTestModels::Role Load (0.1ms)[0m   [0;1mSELECT * FROM "roles" INNER JOIN "roles_users" ON "roles".id = "roles_users".role_id WHERE ("roles_users".user_id = 1 ) [0m
  [4;35;1mPluginTestModels::Role Load (0.1ms)[0m   [0mSELECT * FROM "roles" INNER JOIN "roles_users" ON "roles".id = "roles_users".role_id WHERE ("roles_users".user_id = 1 ) [0m
  [4;36;1mPluginTestModels::Role Load (0.1ms)[0m   [0;1mSELECT * FROM "roles" INNER JOIN "roles_users" ON "roles".id = "roles_users".role_id WHERE ("roles_users".user_id = 1 ) [0m
  [4;35;1mPluginTestModels::Role Load (0.1ms)[0m   [0mSELECT * FROM "roles" INNER JOIN "roles_users" ON "roles".id = "roles_users".role_id WHERE ("roles_users".user_id = 1 ) [0m
  [4;36;1mPluginTestModels::Role Load (0.1ms)[0m   [0;1mSELECT * FROM "roles" INNER JOIN "roles_users" ON "roles".id = "roles_users".role_id WHERE ("roles_users".user_id = 1 ) [0m
  [4;35;1mPluginTestModels::Role Load (0.1ms)[0m   [0mSELECT * FROM "roles" INNER JOIN "roles_users" ON "roles".id = "roles_users".role_id WHERE ("roles_users".user_id = 1 ) [0m
  [4;36;1mPluginTestModels::Role Load (0.1ms)[0m   [0;1mSELECT * FROM "roles" INNER JOIN "roles_users" ON "roles".id = "roles_users".role_id WHERE ("roles_users".user_id = 1 ) [0m
  [4;35;1mPluginTestModels::Role Load (0.1ms)[0m   [0mSELECT * FROM "roles" INNER JOIN "roles_users" ON "roles".id = "roles_users".role_id WHERE ("roles_users".user_id = 1 ) [0m
  [4;36;1mPluginTestModels::Role Load (0.1ms)[0m   [0;1mSELECT * FROM "roles" INNER JOIN "roles_users" ON "roles".id = "roles_users".role_id WHERE ("roles_users".user_id = 1 ) [0m
  [4;35;1mPluginTestModels::Role Load (0.1ms)[0m   [0mSELECT * FROM "roles" INNER JOIN "roles_users" ON "roles".id = "roles_users".role_id WHERE ("roles_users".user_id = 1 ) [0m
  [4;36;1mPluginTestModels::Role Load (0.1ms)[0m   [0;1mSELECT * FROM "roles" INNER JOIN "roles_users" ON "roles".id = "roles_users".role_id WHERE ("roles_users".user_id = 1 ) [0m
  [4;35;1mPluginTestModels::Role Load (0.1ms)[0m   [0mSELECT * FROM "roles" INNER JOIN "roles_users" ON "roles".id = "roles_users".role_id WHERE ("roles_users".user_id = 1 ) [0m
  [4;36;1mPluginTestModels::Role Load (0.1ms)[0m   [0;1mSELECT * FROM "roles" INNER JOIN "roles_users" ON "roles".id = "roles_users".role_id WHERE ("roles_users".user_id = 1 ) [0m
  [4;35;1mPluginTestModels::Role Load (0.1ms)[0m   [0mSELECT * FROM "roles" INNER JOIN "roles_users" ON "roles".id = "roles_users".role_id WHERE ("roles_users".user_id = 1 ) [0m
  [4;36;1mPluginTestModels::Role Load (0.1ms)[0m   [0;1mSELECT * FROM "roles" INNER JOIN "roles_users" ON "roles".id = "roles_users".role_id WHERE ("roles_users".user_id = 1 ) [0m
  [4;35;1mPluginTestModels::Role Load (0.1ms)[0m   [0mSELECT * FROM "roles" INNER JOIN "roles_users" ON "roles".id = "roles_users".role_id WHERE ("roles_users".user_id = 1 ) [0m
  [4;36;1mPluginTestModels::Role Load (0.1ms)[0m   [0;1mSELECT * FROM "roles" INNER JOIN "roles_users" ON "roles".id = "roles_users".role_id WHERE ("roles_users".user_id = 1 ) [0m
  [4;35;1mPluginTestModels::Role Load (0.1ms)[0m   [0mSELECT * FROM "roles" INNER JOIN "roles_users" ON "roles".id = "roles_users".role_id WHERE ("roles_users".user_id = 1 ) [0m
  [4;36;1mPluginTestModels::Role Load (0.1ms)[0m   [0;1mSELECT * FROM "roles" INNER JOIN "roles_users" ON "roles".id = "roles_users".role_id WHERE ("roles_users".user_id = 1 ) [0m
  [4;35;1mPluginTestModels::Role Load (0.1ms)[0m   [0mSELECT * FROM "roles" INNER JOIN "roles_users" ON "roles".id = "roles_users".role_id WHERE ("roles_users".user_id = 1 ) [0m
  [4;36;1mPluginTestModels::Role Load (0.1ms)[0m   [0;1mSELECT * FROM "roles" INNER JOIN "roles_users" ON "roles".id = "roles_users".role_id WHERE ("roles_users".user_id = 1 ) [0m
  [4;35;1mPluginTestModels::Role Load (0.1ms)[0m   [0mSELECT * FROM "roles" INNER JOIN "roles_users" ON "roles".id = "roles_users".role_id WHERE ("roles_users".user_id = 1 ) [0m
  [4;36;1mPluginTestModels::Role Load (0.1ms)[0m   [0;1mSELECT * FROM "roles" INNER JOIN "roles_users" ON "roles".id = "roles_users".role_id WHERE ("roles_users".user_id = 1 ) [0m
  [4;35;1mPluginTestModels::Role Load (0.1ms)[0m   [0mSELECT * FROM "roles" INNER JOIN "roles_users" ON "roles".id = "roles_users".role_id WHERE ("roles_users".user_id = 1 ) [0m
  [4;36;1mPluginTestModels::Role Load (0.1ms)[0m   [0;1mSELECT * FROM "roles" INNER JOIN "roles_users" ON "roles".id = "roles_users".role_id WHERE ("roles_users".user_id = 1 ) [0m
  [4;35;1mPluginTestModels::Role Load (0.1ms)[0m   [0mSELECT * FROM "roles" INNER JOIN "roles_users" ON "roles".id = "roles_users".role_id WHERE ("roles_users".user_id = 1 ) [0m
  [4;36;1mPluginTestModels::Role Load (0.1ms)[0m   [0;1mSELECT * FROM "roles" INNER JOIN "roles_users" ON "roles".id = "roles_users".role_id WHERE ("roles_users".user_id = 1 ) [0m
  [4;35;1mPluginTestModels::Role Load (0.1ms)[0m   [0mSELECT * FROM "roles" INNER JOIN "roles_users" ON "roles".id = "roles_users".role_id WHERE ("roles_users".user_id = 1 ) [0m
  [4;36;1mPluginTestModels::Role Load (0.1ms)[0m   [0;1mSELECT * FROM "roles" INNER JOIN "roles_users" ON "roles".id = "roles_users".role_id WHERE ("roles_users".user_id = 1 ) [0m
  [4;35;1mPluginTestModels::Role Load (0.1ms)[0m   [0mSELECT * FROM "roles" INNER JOIN "roles_users" ON "roles".id = "roles_users".role_id WHERE ("roles_users".user_id = 1 ) [0m
  [4;36;1mPluginTestModels::Role Load (0.1ms)[0m   [0;1mSELECT * FROM "roles" INNER JOIN "roles_users" ON "roles".id = "roles_users".role_id WHERE ("roles_users".user_id = 1 ) [0m
  [4;35;1mPluginTestModels::Role Load (0.1ms)[0m   [0mSELECT * FROM "roles" INNER JOIN "roles_users" ON "roles".id = "roles_users".role_id WHERE ("roles_users".user_id = 1 ) [0m
  [4;36;1mPluginTestModels::Role Load (0.1ms)[0m   [0;1mSELECT * FROM "roles" INNER JOIN "roles_users" ON "roles".id = "roles_users".role_id WHERE ("roles_users".user_id = 1 ) [0m
  [4;35;1mPluginTestModels::Role Load (0.1ms)[0m   [0mSELECT * FROM "roles" INNER JOIN "roles_users" ON "roles".id = "roles_users".role_id WHERE ("roles_users".user_id = 1 ) [0m
  [4;36;1mPluginTestModels::Role Load (0.1ms)[0m   [0;1mSELECT * FROM "roles" INNER JOIN "roles_users" ON "roles".id = "roles_users".role_id WHERE ("roles_users".user_id = 1 ) [0m
  [4;35;1mPluginTestModels::Role Load (0.1ms)[0m   [0mSELECT * FROM "roles" INNER JOIN "roles_users" ON "roles".id = "roles_users".role_id WHERE ("roles_users".user_id = 1 ) [0m
  [4;36;1mPluginTestModels::Role Load (0.1ms)[0m   [0;1mSELECT * FROM "roles" INNER JOIN "roles_users" ON "roles".id = "roles_users".role_id WHERE ("roles_users".user_id = 1 ) [0m
  [4;35;1mPluginTestModels::Role Load (0.1ms)[0m   [0mSELECT * FROM "roles" INNER JOIN "roles_users" ON "roles".id = "roles_users".role_id WHERE ("roles_users".user_id = 1 ) [0m
  [4;36;1mPluginTestModels::Role Load (0.1ms)[0m   [0;1mSELECT * FROM "roles" INNER JOIN "roles_users" ON "roles".id = "roles_users".role_id WHERE ("roles_users".user_id = 1 ) [0m
  [4;35;1mPluginTestModels::Role Load (0.1ms)[0m   [0mSELECT * FROM "roles" INNER JOIN "roles_users" ON "roles".id = "roles_users".role_id WHERE ("roles_users".user_id = 1 ) [0m
  [4;36;1mPluginTestModels::Role Load (0.1ms)[0m   [0;1mSELECT * FROM "roles" INNER JOIN "roles_users" ON "roles".id = "roles_users".role_id WHERE ("roles_users".user_id = 1 ) [0m
  [4;35;1mPluginTestModels::Role Load (0.1ms)[0m   [0mSELECT * FROM "roles" INNER JOIN "roles_users" ON "roles".id = "roles_users".role_id WHERE ("roles_users".user_id = 1 ) [0m
  [4;36;1mPluginTestModels::Role Load (0.1ms)[0m   [0;1mSELECT * FROM "roles" INNER JOIN "roles_users" ON "roles".id = "roles_users".role_id WHERE ("roles_users".user_id = 1 ) [0m
  [4;35;1mPluginTestModels::Role Load (0.1ms)[0m   [0mSELECT * FROM "roles" INNER JOIN "roles_users" ON "roles".id = "roles_users".role_id WHERE ("roles_users".user_id = 1 ) [0m
  [4;36;1mPluginTestModels::Role Load (0.1ms)[0m   [0;1mSELECT * FROM "roles" INNER JOIN "roles_users" ON "roles".id = "roles_users".role_id WHERE ("roles_users".user_id = 1 ) [0m
  [4;35;1mPluginTestModels::Role Load (0.1ms)[0m   [0mSELECT * FROM "roles" INNER JOIN "roles_users" ON "roles".id = "roles_users".role_id WHERE ("roles_users".user_id = 1 ) [0m
  [4;36;1mPluginTestModels::Role Load (0.1ms)[0m   [0;1mSELECT * FROM "roles" INNER JOIN "roles_users" ON "roles".id = "roles_users".role_id WHERE ("roles_users".user_id = 1 ) [0m
  [4;35;1mPluginTestModels::Role Load (0.1ms)[0m   [0mSELECT * FROM "roles" INNER JOIN "roles_users" ON "roles".id = "roles_users".role_id WHERE ("roles_users".user_id = 1 ) [0m
  [4;36;1mPluginTestModels::Role Load (0.1ms)[0m   [0;1mSELECT * FROM "roles" INNER JOIN "roles_users" ON "roles".id = "roles_users".role_id WHERE ("roles_users".user_id = 1 ) [0m
  [4;35;1mPluginTestModels::Role Load (0.1ms)[0m   [0mSELECT * FROM "roles" INNER JOIN "roles_users" ON "roles".id = "roles_users".role_id WHERE ("roles_users".user_id = 1 ) [0m
  [4;36;1mPluginTestModels::Role Load (0.1ms)[0m   [0;1mSELECT * FROM "roles" INNER JOIN "roles_users" ON "roles".id = "roles_users".role_id WHERE ("roles_users".user_id = 1 ) [0m
  [4;35;1mPluginTestModels::Role Load (0.1ms)[0m   [0mSELECT * FROM "roles" INNER JOIN "roles_users" ON "roles".id = "roles_users".role_id WHERE ("roles_users".user_id = 1 ) [0m
  [4;36;1mPluginTestModels::Role Load (0.1ms)[0m   [0;1mSELECT * FROM "roles" INNER JOIN "roles_users" ON "roles".id = "roles_users".role_id WHERE ("roles_users".user_id = 1 ) [0m
  [4;35;1mPluginTestModels::Role Load (0.1ms)[0m   [0mSELECT * FROM "roles" INNER JOIN "roles_users" ON "roles".id = "roles_users".role_id WHERE ("roles_users".user_id = 1 ) [0m
  [4;36;1mPluginTestModels::Role Load (0.1ms)[0m   [0;1mSELECT * FROM "roles" INNER JOIN "roles_users" ON "roles".id = "roles_users".role_id WHERE ("roles_users".user_id = 1 ) [0m
  [4;35;1mPluginTestModels::Role Load (0.1ms)[0m   [0mSELECT * FROM "roles" INNER JOIN "roles_users" ON "roles".id = "roles_users".role_id WHERE ("roles_users".user_id = 1 ) [0m
  [4;36;1mPluginTestModels::Role Load (0.1ms)[0m   [0;1mSELECT * FROM "roles" INNER JOIN "roles_users" ON "roles".id = "roles_users".role_id WHERE ("roles_users".user_id = 1 ) [0m
  [4;35;1mPluginTestModels::Role Load (0.1ms)[0m   [0mSELECT * FROM "roles" INNER JOIN "roles_users" ON "roles".id = "roles_users".role_id WHERE ("roles_users".user_id = 1 ) [0m
  [4;36;1mPluginTestModels::Role Load (0.1ms)[0m   [0;1mSELECT * FROM "roles" INNER JOIN "roles_users" ON "roles".id = "roles_users".role_id WHERE ("roles_users".user_id = 1 ) [0m
  [4;35;1mPluginTestModels::Role Load (0.1ms)[0m   [0mSELECT * FROM "roles" INNER JOIN "roles_users" ON "roles".id = "roles_users".role_id WHERE ("roles_users".user_id = 1 ) [0m
  [4;36;1mPluginTestModels::Role Load (0.1ms)[0m   [0;1mSELECT * FROM "roles" INNER JOIN "roles_users" ON "roles".id = "roles_users".role_id WHERE ("roles_users".user_id = 1 ) [0m
  [4;35;1mPluginTestModels::Role Load (0.1ms)[0m   [0mSELECT * FROM "roles" INNER JOIN "roles_users" ON "roles".id = "roles_users".role_id WHERE ("roles_users".user_id = 1 ) [0m
  [4;36;1mPluginTestModels::Role Load (0.1ms)[0m   [0;1mSELECT * FROM "roles" INNER JOIN "roles_users" ON "roles".id = "roles_users".role_id WHERE ("roles_users".user_id = 1 ) [0m
  [4;35;1mPluginTestModels::Role Load (0.1ms)[0m   [0mSELECT * FROM "roles" INNER JOIN "roles_users" ON "roles".id = "roles_users".role_id WHERE ("roles_users".user_id = 1 ) [0m
  [4;36;1mPluginTestModels::Role Load (0.1ms)[0m   [0;1mSELECT * FROM "roles" INNER JOIN "roles_users" ON "roles".id = "roles_users".role_id WHERE ("roles_users".user_id = 1 ) [0m
  [4;35;1mPluginTestModels::Role Load (0.1ms)[0m   [0mSELECT * FROM "roles" INNER JOIN "roles_users" ON "roles".id = "roles_users".role_id WHERE ("roles_users".user_id = 1 ) [0m
  [4;36;1mPluginTestModels::Role Load (0.1ms)[0m   [0;1mSELECT * FROM "roles" INNER JOIN "roles_users" ON "roles".id = "roles_users".role_id WHERE ("roles_users".user_id = 1 ) [0m
  [4;35;1mPluginTestModels::Role Load (0.1ms)[0m   [0mSELECT * FROM "roles" INNER JOIN "roles_users" ON "roles".id = "roles_users".role_id WHERE ("roles_users".user_id = 1 ) [0m
  [4;36;1mPluginTestModels::Role Load (0.1ms)[0m   [0;1mSELECT * FROM "roles" INNER JOIN "roles_users" ON "roles".id = "roles_users".role_id WHERE ("roles_users".user_id = 1 ) [0m
  [4;35;1mPluginTestModels::Role Load (0.1ms)[0m   [0mSELECT * FROM "roles" INNER JOIN "roles_users" ON "roles".id = "roles_users".role_id WHERE ("roles_users".user_id = 1 ) [0m
  [4;36;1mPluginTestModels::Role Load (0.1ms)[0m   [0;1mSELECT * FROM "roles" INNER JOIN "roles_users" ON "roles".id = "roles_users".role_id WHERE ("roles_users".user_id = 1 ) [0m
  [4;35;1mPluginTestModels::Role Load (0.1ms)[0m   [0mSELECT * FROM "roles" INNER JOIN "roles_users" ON "roles".id = "roles_users".role_id WHERE ("roles_users".user_id = 1 ) [0m
  [4;36;1mPluginTestModels::Role Load (0.1ms)[0m   [0;1mSELECT * FROM "roles" INNER JOIN "roles_users" ON "roles".id = "roles_users".role_id WHERE ("roles_users".user_id = 1 ) [0m
  [4;35;1mPluginTestModels::Role Load (0.1ms)[0m   [0mSELECT * FROM "roles" INNER JOIN "roles_users" ON "roles".id = "roles_users".role_id WHERE ("roles_users".user_id = 1 ) [0m
  [4;36;1mPluginTestModels::Role Load (0.1ms)[0m   [0;1mSELECT * FROM "roles" INNER JOIN "roles_users" ON "roles".id = "roles_users".role_id WHERE ("roles_users".user_id = 1 ) [0m
  [4;35;1mPluginTestModels::Role Load (0.1ms)[0m   [0mSELECT * FROM "roles" INNER JOIN "roles_users" ON "roles".id = "roles_users".role_id WHERE ("roles_users".user_id = 1 ) [0m
  [4;36;1mPluginTestModels::Role Load (0.1ms)[0m   [0;1mSELECT * FROM "roles" INNER JOIN "roles_users" ON "roles".id = "roles_users".role_id WHERE ("roles_users".user_id = 1 ) [0m
  [4;35;1mPluginTestModels::Role Load (0.1ms)[0m   [0mSELECT * FROM "roles" INNER JOIN "roles_users" ON "roles".id = "roles_users".role_id WHERE ("roles_users".user_id = 1 ) [0m
  [4;36;1mPluginTestModels::Role Load (0.1ms)[0m   [0;1mSELECT * FROM "roles" INNER JOIN "roles_users" ON "roles".id = "roles_users".role_id WHERE ("roles_users".user_id = 1 ) [0m
  [4;35;1mPluginTestModels::Role Load (0.1ms)[0m   [0mSELECT * FROM "roles" INNER JOIN "roles_users" ON "roles".id = "roles_users".role_id WHERE ("roles_users".user_id = 1 ) [0m
  [4;36;1mPluginTestModels::Role Load (0.1ms)[0m   [0;1mSELECT * FROM "roles" INNER JOIN "roles_users" ON "roles".id = "roles_users".role_id WHERE ("roles_users".user_id = 1 ) [0m
  [4;35;1mPluginTestModels::Role Load (0.1ms)[0m   [0mSELECT * FROM "roles" INNER JOIN "roles_users" ON "roles".id = "roles_users".role_id WHERE ("roles_users".user_id = 1 ) [0m
  [4;36;1mPluginTestModels::Role Load (0.1ms)[0m   [0;1mSELECT * FROM "roles" INNER JOIN "roles_users" ON "roles".id = "roles_users".role_id WHERE ("roles_users".user_id = 1 ) [0m
  [4;35;1mPluginTestModels::Role Load (0.1ms)[0m   [0mSELECT * FROM "roles" INNER JOIN "roles_users" ON "roles".id = "roles_users".role_id WHERE ("roles_users".user_id = 1 ) [0m
  [4;36;1mPluginTestModels::Role Load (0.1ms)[0m   [0;1mSELECT * FROM "roles" INNER JOIN "roles_users" ON "roles".id = "roles_users".role_id WHERE ("roles_users".user_id = 1 ) [0m
  [4;35;1mPluginTestModels::Role Load (0.1ms)[0m   [0mSELECT * FROM "roles" INNER JOIN "roles_users" ON "roles".id = "roles_users".role_id WHERE ("roles_users".user_id = 1 ) [0m
  [4;36;1mPluginTestModels::Role Load (0.1ms)[0m   [0;1mSELECT * FROM "roles" INNER JOIN "roles_users" ON "roles".id = "roles_users".role_id WHERE ("roles_users".user_id = 1 ) [0m
  [4;35;1mPluginTestModels::Role Load (0.1ms)[0m   [0mSELECT * FROM "roles" INNER JOIN "roles_users" ON "roles".id = "roles_users".role_id WHERE ("roles_users".user_id = 1 ) [0m
  [4;36;1mPluginTestModels::Role Load (0.1ms)[0m   [0;1mSELECT * FROM "roles" INNER JOIN "roles_users" ON "roles".id = "roles_users".role_id WHERE ("roles_users".user_id = 1 ) [0m
  [4;35;1mPluginTestModels::Role Load (0.1ms)[0m   [0mSELECT * FROM "roles" INNER JOIN "roles_users" ON "roles".id = "roles_users".role_id WHERE ("roles_users".user_id = 1 ) [0m
  [4;36;1mPluginTestModels::Role Load (0.1ms)[0m   [0;1mSELECT * FROM "roles" INNER JOIN "roles_users" ON "roles".id = "roles_users".role_id WHERE ("roles_users".user_id = 1 ) [0m
  [4;35;1mPluginTestModels::Role Load (0.1ms)[0m   [0mSELECT * FROM "roles" INNER JOIN "roles_users" ON "roles".id = "roles_users".role_id WHERE ("roles_users".user_id = 1 ) [0m
  [4;36;1mPluginTestModels::Role Load (0.1ms)[0m   [0;1mSELECT * FROM "roles" INNER JOIN "roles_users" ON "roles".id = "roles_users".role_id WHERE ("roles_users".user_id = 1 ) [0m
  [4;35;1mPluginTestModels::Role Load (0.1ms)[0m   [0mSELECT * FROM "roles" INNER JOIN "roles_users" ON "roles".id = "roles_users".role_id WHERE ("roles_users".user_id = 1 ) [0m
  [4;36;1mPluginTestModels::Role Load (0.1ms)[0m   [0;1mSELECT * FROM "roles" INNER JOIN "roles_users" ON "roles".id = "roles_users".role_id WHERE ("roles_users".user_id = 1 ) [0m
  [4;35;1mPluginTestModels::Role Load (0.1ms)[0m   [0mSELECT * FROM "roles" INNER JOIN "roles_users" ON "roles".id = "roles_users".role_id WHERE ("roles_users".user_id = 1 ) [0m
  [4;36;1mPluginTestModels::Role Load (0.1ms)[0m   [0;1mSELECT * FROM "roles" INNER JOIN "roles_users" ON "roles".id = "roles_users".role_id WHERE ("roles_users".user_id = 1 ) [0m
  [4;35;1mPluginTestModels::Role Load (0.1ms)[0m   [0mSELECT * FROM "roles" INNER JOIN "roles_users" ON "roles".id = "roles_users".role_id WHERE ("roles_users".user_id = 1 ) [0m
  [4;36;1mPluginTestModels::Role Load (0.1ms)[0m   [0;1mSELECT * FROM "roles" INNER JOIN "roles_users" ON "roles".id = "roles_users".role_id WHERE ("roles_users".user_id = 1 ) [0m
  [4;35;1mPluginTestModels::Role Load (0.1ms)[0m   [0mSELECT * FROM "roles" INNER JOIN "roles_users" ON "roles".id = "roles_users".role_id WHERE ("roles_users".user_id = 1 ) [0m
  [4;36;1mPluginTestModels::Role Load (0.1ms)[0m   [0;1mSELECT * FROM "roles" INNER JOIN "roles_users" ON "roles".id = "roles_users".role_id WHERE ("roles_users".user_id = 1 ) [0m
  [4;35;1mPluginTestModels::Role Load (0.1ms)[0m   [0mSELECT * FROM "roles" INNER JOIN "roles_users" ON "roles".id = "roles_users".role_id WHERE ("roles_users".user_id = 1 ) [0m
  [4;36;1mPluginTestModels::Role Load (0.1ms)[0m   [0;1mSELECT * FROM "roles" INNER JOIN "roles_users" ON "roles".id = "roles_users".role_id WHERE ("roles_users".user_id = 1 ) [0m
  [4;35;1mPluginTestModels::Role Load (0.1ms)[0m   [0mSELECT * FROM "roles" INNER JOIN "roles_users" ON "roles".id = "roles_users".role_id WHERE ("roles_users".user_id = 1 ) [0m
  [4;36;1mPluginTestModels::Role Load (0.1ms)[0m   [0;1mSELECT * FROM "roles" INNER JOIN "roles_users" ON "roles".id = "roles_users".role_id WHERE ("roles_users".user_id = 1 ) [0m
  [4;35;1mPluginTestModels::Role Load (0.1ms)[0m   [0mSELECT * FROM "roles" INNER JOIN "roles_users" ON "roles".id = "roles_users".role_id WHERE ("roles_users".user_id = 1 ) [0m
  [4;36;1mPluginTestModels::Role Load (0.1ms)[0m   [0;1mSELECT * FROM "roles" INNER JOIN "roles_users" ON "roles".id = "roles_users".role_id WHERE ("roles_users".user_id = 1 ) [0m
  [4;35;1mPluginTestModels::Role Load (0.1ms)[0m   [0mSELECT * FROM "roles" INNER JOIN "roles_users" ON "roles".id = "roles_users".role_id WHERE ("roles_users".user_id = 1 ) [0m
  [4;36;1mPluginTestModels::Role Load (0.1ms)[0m   [0;1mSELECT * FROM "roles" INNER JOIN "roles_users" ON "roles".id = "roles_users".role_id WHERE ("roles_users".user_id = 1 ) [0m
  [4;35;1mPluginTestModels::Role Load (0.1ms)[0m   [0mSELECT * FROM "roles" INNER JOIN "roles_users" ON "roles".id = "roles_users".role_id WHERE ("roles_users".user_id = 1 ) [0m
  [4;36;1mPluginTestModels::Role Load (0.1ms)[0m   [0;1mSELECT * FROM "roles" INNER JOIN "roles_users" ON "roles".id = "roles_users".role_id WHERE ("roles_users".user_id = 1 ) [0m
  [4;35;1mPluginTestModels::Role Load (0.1ms)[0m   [0mSELECT * FROM "roles" INNER JOIN "roles_users" ON "roles".id = "roles_users".role_id WHERE ("roles_users".user_id = 1 ) [0m
  [4;36;1mPluginTestModels::Role Load (0.1ms)[0m   [0;1mSELECT * FROM "roles" INNER JOIN "roles_users" ON "roles".id = "roles_users".role_id WHERE ("roles_users".user_id = 1 ) [0m
  [4;35;1mPluginTestModels::Role Load (0.1ms)[0m   [0mSELECT * FROM "roles" INNER JOIN "roles_users" ON "roles".id = "roles_users".role_id WHERE ("roles_users".user_id = 1 ) [0m
  [4;36;1mPluginTestModels::Role Load (0.1ms)[0m   [0;1mSELECT * FROM "roles" INNER JOIN "roles_users" ON "roles".id = "roles_users".role_id WHERE ("roles_users".user_id = 1 ) [0m
  [4;35;1mPluginTestModels::Role Load (0.1ms)[0m   [0mSELECT * FROM "roles" INNER JOIN "roles_users" ON "roles".id = "roles_users".role_id WHERE ("roles_users".user_id = 1 ) [0m
  [4;36;1mPluginTestModels::Role Load (0.1ms)[0m   [0;1mSELECT * FROM "roles" INNER JOIN "roles_users" ON "roles".id = "roles_users".role_id WHERE ("roles_users".user_id = 1 ) [0m
  [4;35;1mPluginTestModels::Role Load (0.1ms)[0m   [0mSELECT * FROM "roles" INNER JOIN "roles_users" ON "roles".id = "roles_users".role_id WHERE ("roles_users".user_id = 1 ) [0m
  [4;36;1mPluginTestModels::Role Load (0.1ms)[0m   [0;1mSELECT * FROM "roles" INNER JOIN "roles_users" ON "roles".id = "roles_users".role_id WHERE ("roles_users".user_id = 1 ) [0m
  [4;35;1mPluginTestModels::Role Load (0.1ms)[0m   [0mSELECT * FROM "roles" INNER JOIN "roles_users" ON "roles".id = "roles_users".role_id WHERE ("roles_users".user_id = 1 ) [0m
  [4;36;1mPluginTestModels::Role Load (0.1ms)[0m   [0;1mSELECT * FROM "roles" INNER JOIN "roles_users" ON "roles".id = "roles_users".role_id WHERE ("roles_users".user_id = 1 ) [0m
  [4;35;1mPluginTestModels::Role Load (0.1ms)[0m   [0mSELECT * FROM "roles" INNER JOIN "roles_users" ON "roles".id = "roles_users".role_id WHERE ("roles_users".user_id = 1 ) [0m
  [4;36;1mPluginTestModels::Role Load (0.1ms)[0m   [0;1mSELECT * FROM "roles" INNER JOIN "roles_users" ON "roles".id = "roles_users".role_id WHERE ("roles_users".user_id = 1 ) [0m
  [4;35;1mPluginTestModels::Role Load (0.1ms)[0m   [0mSELECT * FROM "roles" INNER JOIN "roles_users" ON "roles".id = "roles_users".role_id WHERE ("roles_users".user_id = 1 ) [0m
  [4;36;1mPluginTestModels::Role Load (0.1ms)[0m   [0;1mSELECT * FROM "roles" INNER JOIN "roles_users" ON "roles".id = "roles_users".role_id WHERE ("roles_users".user_id = 1 ) [0m
  [4;35;1mPluginTestModels::Role Load (0.1ms)[0m   [0mSELECT * FROM "roles" INNER JOIN "roles_users" ON "roles".id = "roles_users".role_id WHERE ("roles_users".user_id = 1 ) [0m
  [4;36;1mPluginTestModels::Role Load (0.1ms)[0m   [0;1mSELECT * FROM "roles" INNER JOIN "roles_users" ON "roles".id = "roles_users".role_id WHERE ("roles_users".user_id = 1 ) [0m
  [4;35;1mPluginTestModels::Role Load (0.1ms)[0m   [0mSELECT * FROM "roles" INNER JOIN "roles_users" ON "roles".id = "roles_users".role_id WHERE ("roles_users".user_id = 1 ) [0m
  [4;36;1mPluginTestModels::Role Load (0.1ms)[0m   [0;1mSELECT * FROM "roles" INNER JOIN "roles_users" ON "roles".id = "roles_users".role_id WHERE ("roles_users".user_id = 1 ) [0m
  [4;35;1mPluginTestModels::Role Load (0.1ms)[0m   [0mSELECT * FROM "roles" INNER JOIN "roles_users" ON "roles".id = "roles_users".role_id WHERE ("roles_users".user_id = 1 ) [0m
  [4;36;1mPluginTestModels::Role Load (0.1ms)[0m   [0;1mSELECT * FROM "roles" INNER JOIN "roles_users" ON "roles".id = "roles_users".role_id WHERE ("roles_users".user_id = 1 ) [0m
  [4;35;1mPluginTestModels::Role Load (0.1ms)[0m   [0mSELECT * FROM "roles" INNER JOIN "roles_users" ON "roles".id = "roles_users".role_id WHERE ("roles_users".user_id = 1 ) [0m
  [4;36;1mPluginTestModels::Role Load (0.1ms)[0m   [0;1mSELECT * FROM "roles" INNER JOIN "roles_users" ON "roles".id = "roles_users".role_id WHERE ("roles_users".user_id = 1 ) [0m
  [4;35;1mPluginTestModels::Role Load (0.1ms)[0m   [0mSELECT * FROM "roles" INNER JOIN "roles_users" ON "roles".id = "roles_users".role_id WHERE ("roles_users".user_id = 1 ) [0m
  [4;36;1mPluginTestModels::Role Load (0.1ms)[0m   [0;1mSELECT * FROM "roles" INNER JOIN "roles_users" ON "roles".id = "roles_users".role_id WHERE ("roles_users".user_id = 1 ) [0m
  [4;35;1mPluginTestModels::Role Load (0.1ms)[0m   [0mSELECT * FROM "roles" INNER JOIN "roles_users" ON "roles".id = "roles_users".role_id WHERE ("roles_users".user_id = 1 ) [0m
  [4;36;1mPluginTestModels::Role Load (0.1ms)[0m   [0;1mSELECT * FROM "roles" INNER JOIN "roles_users" ON "roles".id = "roles_users".role_id WHERE ("roles_users".user_id = 1 ) [0m
  [4;35;1mPluginTestModels::Role Load (0.1ms)[0m   [0mSELECT * FROM "roles" INNER JOIN "roles_users" ON "roles".id = "roles_users".role_id WHERE ("roles_users".user_id = 1 ) [0m
  [4;36;1mPluginTestModels::Role Load (0.1ms)[0m   [0;1mSELECT * FROM "roles" INNER JOIN "roles_users" ON "roles".id = "roles_users".role_id WHERE ("roles_users".user_id = 1 ) [0m
  [4;35;1mPluginTestModels::Role Load (0.1ms)[0m   [0mSELECT * FROM "roles" INNER JOIN "roles_users" ON "roles".id = "roles_users".role_id WHERE ("roles_users".user_id = 1 ) [0m
  [4;36;1mPluginTestModels::Role Load (0.1ms)[0m   [0;1mSELECT * FROM "roles" INNER JOIN "roles_users" ON "roles".id = "roles_users".role_id WHERE ("roles_users".user_id = 1 ) [0m
  [4;35;1mPluginTestModels::Role Load (0.1ms)[0m   [0mSELECT * FROM "roles" INNER JOIN "roles_users" ON "roles".id = "roles_users".role_id WHERE ("roles_users".user_id = 1 ) [0m
  [4;36;1mPluginTestModels::Role Load (0.1ms)[0m   [0;1mSELECT * FROM "roles" INNER JOIN "roles_users" ON "roles".id = "roles_users".role_id WHERE ("roles_users".user_id = 1 ) [0m
  [4;35;1mPluginTestModels::Role Load (0.1ms)[0m   [0mSELECT * FROM "roles" INNER JOIN "roles_users" ON "roles".id = "roles_users".role_id WHERE ("roles_users".user_id = 1 ) [0m
  [4;36;1mPluginTestModels::Role Load (0.1ms)[0m   [0;1mSELECT * FROM "roles" INNER JOIN "roles_users" ON "roles".id = "roles_users".role_id WHERE ("roles_users".user_id = 1 ) [0m
  [4;35;1mPluginTestModels::Role Load (0.1ms)[0m   [0mSELECT * FROM "roles" INNER JOIN "roles_users" ON "roles".id = "roles_users".role_id WHERE ("roles_users".user_id = 1 ) [0m
  [4;36;1mPluginTestModels::Role Load (0.1ms)[0m   [0;1mSELECT * FROM "roles" INNER JOIN "roles_users" ON "roles".id = "roles_users".role_id WHERE ("roles_users".user_id = 1 ) [0m
  [4;35;1mPluginTestModels::Role Load (0.1ms)[0m   [0mSELECT * FROM "roles" INNER JOIN "roles_users" ON "roles".id = "roles_users".role_id WHERE ("roles_users".user_id = 1 ) [0m
  [4;36;1mPluginTestModels::Role Load (0.1ms)[0m   [0;1mSELECT * FROM "roles" INNER JOIN "roles_users" ON "roles".id = "roles_users".role_id WHERE ("roles_users".user_id = 1 ) [0m
  [4;35;1mPluginTestModels::Role Load (0.1ms)[0m   [0mSELECT * FROM "roles" INNER JOIN "roles_users" ON "roles".id = "roles_users".role_id WHERE ("roles_users".user_id = 1 ) [0m
  [4;36;1mPluginTestModels::Role Load (0.1ms)[0m   [0;1mSELECT * FROM "roles" INNER JOIN "roles_users" ON "roles".id = "roles_users".role_id WHERE ("roles_users".user_id = 1 ) [0m
  [4;35;1mPluginTestModels::Role Load (0.1ms)[0m   [0mSELECT * FROM "roles" INNER JOIN "roles_users" ON "roles".id = "roles_users".role_id WHERE ("roles_users".user_id = 1 ) [0m
  [4;36;1mPluginTestModels::Role Load (0.1ms)[0m   [0;1mSELECT * FROM "roles" INNER JOIN "roles_users" ON "roles".id = "roles_users".role_id WHERE ("roles_users".user_id = 1 ) [0m
  [4;35;1mPluginTestModels::Role Load (0.1ms)[0m   [0mSELECT * FROM "roles" INNER JOIN "roles_users" ON "roles".id = "roles_users".role_id WHERE ("roles_users".user_id = 1 ) [0m
  [4;36;1mPluginTestModels::Role Load (0.1ms)[0m   [0;1mSELECT * FROM "roles" INNER JOIN "roles_users" ON "roles".id = "roles_users".role_id WHERE ("roles_users".user_id = 1 ) [0m
  [4;35;1mPluginTestModels::Role Load (0.1ms)[0m   [0mSELECT * FROM "roles" INNER JOIN "roles_users" ON "roles".id = "roles_users".role_id WHERE ("roles_users".user_id = 1 ) [0m
  [4;36;1mPluginTestModels::Role Load (0.1ms)[0m   [0;1mSELECT * FROM "roles" INNER JOIN "roles_users" ON "roles".id = "roles_users".role_id WHERE ("roles_users".user_id = 1 ) [0m
  [4;35;1mPluginTestModels::Role Load (0.1ms)[0m   [0mSELECT * FROM "roles" INNER JOIN "roles_users" ON "roles".id = "roles_users".role_id WHERE ("roles_users".user_id = 1 ) [0m
  [4;36;1mPluginTestModels::Role Load (0.1ms)[0m   [0;1mSELECT * FROM "roles" INNER JOIN "roles_users" ON "roles".id = "roles_users".role_id WHERE ("roles_users".user_id = 1 ) [0m
  [4;35;1mPluginTestModels::Role Load (0.1ms)[0m   [0mSELECT * FROM "roles" INNER JOIN "roles_users" ON "roles".id = "roles_users".role_id WHERE ("roles_users".user_id = 1 ) [0m
  [4;36;1mPluginTestModels::Role Load (0.1ms)[0m   [0;1mSELECT * FROM "roles" INNER JOIN "roles_users" ON "roles".id = "roles_users".role_id WHERE ("roles_users".user_id = 1 ) [0m
  [4;35;1mPluginTestModels::Role Load (0.1ms)[0m   [0mSELECT * FROM "roles" INNER JOIN "roles_users" ON "roles".id = "roles_users".role_id WHERE ("roles_users".user_id = 1 ) [0m
  [4;36;1mPluginTestModels::Role Load (0.1ms)[0m   [0;1mSELECT * FROM "roles" INNER JOIN "roles_users" ON "roles".id = "roles_users".role_id WHERE ("roles_users".user_id = 1 ) [0m
  [4;35;1mPluginTestModels::Role Load (0.1ms)[0m   [0mSELECT * FROM "roles" INNER JOIN "roles_users" ON "roles".id = "roles_users".role_id WHERE ("roles_users".user_id = 1 ) [0m
  [4;36;1mPluginTestModels::Role Load (0.1ms)[0m   [0;1mSELECT * FROM "roles" INNER JOIN "roles_users" ON "roles".id = "roles_users".role_id WHERE ("roles_users".user_id = 1 ) [0m
  [4;35;1mPluginTestModels::Role Load (0.1ms)[0m   [0mSELECT * FROM "roles" INNER JOIN "roles_users" ON "roles".id = "roles_users".role_id WHERE ("roles_users".user_id = 1 ) [0m
  [4;36;1mPluginTestModels::Role Load (0.1ms)[0m   [0;1mSELECT * FROM "roles" INNER JOIN "roles_users" ON "roles".id = "roles_users".role_id WHERE ("roles_users".user_id = 1 ) [0m
  [4;35;1mPluginTestModels::Role Load (0.1ms)[0m   [0mSELECT * FROM "roles" INNER JOIN "roles_users" ON "roles".id = "roles_users".role_id WHERE ("roles_users".user_id = 1 ) [0m
  [4;36;1mPluginTestModels::Role Load (0.1ms)[0m   [0;1mSELECT * FROM "roles" INNER JOIN "roles_users" ON "roles".id = "roles_users".role_id WHERE ("roles_users".user_id = 1 ) [0m
  [4;35;1mPluginTestModels::Role Load (0.1ms)[0m   [0mSELECT * FROM "roles" INNER JOIN "roles_users" ON "roles".id = "roles_users".role_id WHERE ("roles_users".user_id = 1 ) [0m
  [4;36;1mPluginTestModels::Role Load (0.1ms)[0m   [0;1mSELECT * FROM "roles" INNER JOIN "roles_users" ON "roles".id = "roles_users".role_id WHERE ("roles_users".user_id = 1 ) [0m
  [4;35;1mPluginTestModels::Role Load (0.1ms)[0m   [0mSELECT * FROM "roles" INNER JOIN "roles_users" ON "roles".id = "roles_users".role_id WHERE ("roles_users".user_id = 1 ) [0m
  [4;36;1mPluginTestModels::Role Load (0.1ms)[0m   [0;1mSELECT * FROM "roles" INNER JOIN "roles_users" ON "roles".id = "roles_users".role_id WHERE ("roles_users".user_id = 1 ) [0m
  [4;35;1mPluginTestModels::Role Load (0.1ms)[0m   [0mSELECT * FROM "roles" INNER JOIN "roles_users" ON "roles".id = "roles_users".role_id WHERE ("roles_users".user_id = 1 ) [0m
  [4;36;1mPluginTestModels::Role Load (0.1ms)[0m   [0;1mSELECT * FROM "roles" INNER JOIN "roles_users" ON "roles".id = "roles_users".role_id WHERE ("roles_users".user_id = 1 ) [0m
  [4;35;1mPluginTestModels::Role Load (0.1ms)[0m   [0mSELECT * FROM "roles" INNER JOIN "roles_users" ON "roles".id = "roles_users".role_id WHERE ("roles_users".user_id = 1 ) [0m
  [4;36;1mPluginTestModels::Role Load (0.1ms)[0m   [0;1mSELECT * FROM "roles" INNER JOIN "roles_users" ON "roles".id = "roles_users".role_id WHERE ("roles_users".user_id = 1 ) [0m
  [4;35;1mPluginTestModels::Role Load (0.1ms)[0m   [0mSELECT * FROM "roles" INNER JOIN "roles_users" ON "roles".id = "roles_users".role_id WHERE ("roles_users".user_id = 1 ) [0m
  [4;36;1mPluginTestModels::Role Load (0.1ms)[0m   [0;1mSELECT * FROM "roles" INNER JOIN "roles_users" ON "roles".id = "roles_users".role_id WHERE ("roles_users".user_id = 1 ) [0m
  [4;35;1mPluginTestModels::Role Load (0.1ms)[0m   [0mSELECT * FROM "roles" INNER JOIN "roles_users" ON "roles".id = "roles_users".role_id WHERE ("roles_users".user_id = 1 ) [0m
  [4;36;1mPluginTestModels::Role Load (0.1ms)[0m   [0;1mSELECT * FROM "roles" INNER JOIN "roles_users" ON "roles".id = "roles_users".role_id WHERE ("roles_users".user_id = 1 ) [0m
  [4;35;1mPluginTestModels::Role Load (0.1ms)[0m   [0mSELECT * FROM "roles" INNER JOIN "roles_users" ON "roles".id = "roles_users".role_id WHERE ("roles_users".user_id = 1 ) [0m
  [4;36;1mPluginTestModels::Role Load (0.1ms)[0m   [0;1mSELECT * FROM "roles" INNER JOIN "roles_users" ON "roles".id = "roles_users".role_id WHERE ("roles_users".user_id = 1 ) [0m
  [4;35;1mPluginTestModels::Role Load (0.1ms)[0m   [0mSELECT * FROM "roles" INNER JOIN "roles_users" ON "roles".id = "roles_users".role_id WHERE ("roles_users".user_id = 1 ) [0m
  [4;36;1mPluginTestModels::Role Load (0.1ms)[0m   [0;1mSELECT * FROM "roles" INNER JOIN "roles_users" ON "roles".id = "roles_users".role_id WHERE ("roles_users".user_id = 1 ) [0m
  [4;35;1mPluginTestModels::Role Load (0.1ms)[0m   [0mSELECT * FROM "roles" INNER JOIN "roles_users" ON "roles".id = "roles_users".role_id WHERE ("roles_users".user_id = 1 ) [0m
  [4;36;1mPluginTestModels::Role Load (0.1ms)[0m   [0;1mSELECT * FROM "roles" INNER JOIN "roles_users" ON "roles".id = "roles_users".role_id WHERE ("roles_users".user_id = 1 ) [0m
  [4;35;1mPluginTestModels::Role Load (0.1ms)[0m   [0mSELECT * FROM "roles" INNER JOIN "roles_users" ON "roles".id = "roles_users".role_id WHERE ("roles_users".user_id = 1 ) [0m
  [4;36;1mPluginTestModels::Role Load (0.1ms)[0m   [0;1mSELECT * FROM "roles" INNER JOIN "roles_users" ON "roles".id = "roles_users".role_id WHERE ("roles_users".user_id = 1 ) [0m
  [4;35;1mPluginTestModels::Role Load (0.1ms)[0m   [0mSELECT * FROM "roles" INNER JOIN "roles_users" ON "roles".id = "roles_users".role_id WHERE ("roles_users".user_id = 1 ) [0m
  [4;36;1mPluginTestModels::Role Load (0.1ms)[0m   [0;1mSELECT * FROM "roles" INNER JOIN "roles_users" ON "roles".id = "roles_users".role_id WHERE ("roles_users".user_id = 1 ) [0m
  [4;35;1mPluginTestModels::Role Load (0.1ms)[0m   [0mSELECT * FROM "roles" INNER JOIN "roles_users" ON "roles".id = "roles_users".role_id WHERE ("roles_users".user_id = 1 ) [0m
  [4;36;1mPluginTestModels::Role Load (0.1ms)[0m   [0;1mSELECT * FROM "roles" INNER JOIN "roles_users" ON "roles".id = "roles_users".role_id WHERE ("roles_users".user_id = 1 ) [0m
  [4;35;1mPluginTestModels::Role Load (0.1ms)[0m   [0mSELECT * FROM "roles" INNER JOIN "roles_users" ON "roles".id = "roles_users".role_id WHERE ("roles_users".user_id = 1 ) [0m
  [4;36;1mPluginTestModels::Role Load (0.1ms)[0m   [0;1mSELECT * FROM "roles" INNER JOIN "roles_users" ON "roles".id = "roles_users".role_id WHERE ("roles_users".user_id = 1 ) [0m
  [4;35;1mPluginTestModels::Role Load (0.1ms)[0m   [0mSELECT * FROM "roles" INNER JOIN "roles_users" ON "roles".id = "roles_users".role_id WHERE ("roles_users".user_id = 1 ) [0m
  [4;36;1mPluginTestModels::Role Load (0.1ms)[0m   [0;1mSELECT * FROM "roles" INNER JOIN "roles_users" ON "roles".id = "roles_users".role_id WHERE ("roles_users".user_id = 1 ) [0m
  [4;35;1mPluginTestModels::Role Load (0.1ms)[0m   [0mSELECT * FROM "roles" INNER JOIN "roles_users" ON "roles".id = "roles_users".role_id WHERE ("roles_users".user_id = 1 ) [0m
  [4;36;1mPluginTestModels::Role Load (0.1ms)[0m   [0;1mSELECT * FROM "roles" INNER JOIN "roles_users" ON "roles".id = "roles_users".role_id WHERE ("roles_users".user_id = 1 ) [0m
  [4;35;1mPluginTestModels::Role Load (0.1ms)[0m   [0mSELECT * FROM "roles" INNER JOIN "roles_users" ON "roles".id = "roles_users".role_id WHERE ("roles_users".user_id = 1 ) [0m
  [4;36;1mPluginTestModels::Role Load (0.1ms)[0m   [0;1mSELECT * FROM "roles" INNER JOIN "roles_users" ON "roles".id = "roles_users".role_id WHERE ("roles_users".user_id = 1 ) [0m
  [4;35;1mPluginTestModels::Role Load (0.1ms)[0m   [0mSELECT * FROM "roles" INNER JOIN "roles_users" ON "roles".id = "roles_users".role_id WHERE ("roles_users".user_id = 1 ) [0m
  [4;36;1mPluginTestModels::Role Load (0.1ms)[0m   [0;1mSELECT * FROM "roles" INNER JOIN "roles_users" ON "roles".id = "roles_users".role_id WHERE ("roles_users".user_id = 1 ) [0m
  [4;35;1mPluginTestModels::Role Load (0.1ms)[0m   [0mSELECT * FROM "roles" INNER JOIN "roles_users" ON "roles".id = "roles_users".role_id WHERE ("roles_users".user_id = 1 ) [0m
  [4;36;1mPluginTestModels::Role Load (0.1ms)[0m   [0;1mSELECT * FROM "roles" INNER JOIN "roles_users" ON "roles".id = "roles_users".role_id WHERE ("roles_users".user_id = 1 ) [0m
  [4;35;1mPluginTestModels::Role Load (0.1ms)[0m   [0mSELECT * FROM "roles" INNER JOIN "roles_users" ON "roles".id = "roles_users".role_id WHERE ("roles_users".user_id = 1 ) [0m
  [4;36;1mPluginTestModels::Role Load (0.1ms)[0m   [0;1mSELECT * FROM "roles" INNER JOIN "roles_users" ON "roles".id = "roles_users".role_id WHERE ("roles_users".user_id = 1 ) [0m
  [4;35;1mPluginTestModels::Role Load (0.1ms)[0m   [0mSELECT * FROM "roles" INNER JOIN "roles_users" ON "roles".id = "roles_users".role_id WHERE ("roles_users".user_id = 1 ) [0m
  [4;36;1mPluginTestModels::Role Load (0.2ms)[0m   [0;1mSELECT * FROM "roles" INNER JOIN "roles_users" ON "roles".id = "roles_users".role_id WHERE ("roles_users".user_id = 1 ) [0m
  [4;35;1mPluginTestModels::Role Load (0.1ms)[0m   [0mSELECT * FROM "roles" INNER JOIN "roles_users" ON "roles".id = "roles_users".role_id WHERE ("roles_users".user_id = 1 ) [0m
  [4;36;1mPluginTestModels::Role Load (0.1ms)[0m   [0;1mSELECT * FROM "roles" INNER JOIN "roles_users" ON "roles".id = "roles_users".role_id WHERE ("roles_users".user_id = 1 ) [0m
  [4;35;1mPluginTestModels::Role Load (0.1ms)[0m   [0mSELECT * FROM "roles" INNER JOIN "roles_users" ON "roles".id = "roles_users".role_id WHERE ("roles_users".user_id = 1 ) [0m
  [4;36;1mPluginTestModels::Role Load (0.1ms)[0m   [0;1mSELECT * FROM "roles" INNER JOIN "roles_users" ON "roles".id = "roles_users".role_id WHERE ("roles_users".user_id = 1 ) [0m
  [4;35;1mPluginTestModels::Role Load (0.1ms)[0m   [0mSELECT * FROM "roles" INNER JOIN "roles_users" ON "roles".id = "roles_users".role_id WHERE ("roles_users".user_id = 1 ) [0m
  [4;36;1mPluginTestModels::Role Load (0.1ms)[0m   [0;1mSELECT * FROM "roles" INNER JOIN "roles_users" ON "roles".id = "roles_users".role_id WHERE ("roles_users".user_id = 1 ) [0m
  [4;35;1mPluginTestModels::Role Load (0.1ms)[0m   [0mSELECT * FROM "roles" INNER JOIN "roles_users" ON "roles".id = "roles_users".role_id WHERE ("roles_users".user_id = 1 ) [0m
  [4;36;1mPluginTestModels::Role Load (0.1ms)[0m   [0;1mSELECT * FROM "roles" INNER JOIN "roles_users" ON "roles".id = "roles_users".role_id WHERE ("roles_users".user_id = 1 ) [0m
  [4;35;1mPluginTestModels::Role Load (0.1ms)[0m   [0mSELECT * FROM "roles" INNER JOIN "roles_users" ON "roles".id = "roles_users".role_id WHERE ("roles_users".user_id = 1 ) [0m
  [4;36;1mPluginTestModels::Role Load (0.1ms)[0m   [0;1mSELECT * FROM "roles" INNER JOIN "roles_users" ON "roles".id = "roles_users".role_id WHERE ("roles_users".user_id = 1 ) [0m
  [4;35;1mPluginTestModels::Role Load (0.1ms)[0m   [0mSELECT * FROM "roles" INNER JOIN "roles_users" ON "roles".id = "roles_users".role_id WHERE ("roles_users".user_id = 1 ) [0m
  [4;36;1mPluginTestModels::Role Load (0.1ms)[0m   [0;1mSELECT * FROM "roles" INNER JOIN "roles_users" ON "roles".id = "roles_users".role_id WHERE ("roles_users".user_id = 1 ) [0m
  [4;35;1mPluginTestModels::Address Load (0.4ms)[0m   [0mSELECT * FROM "addresses" WHERE ("addresses".addressable_id = 1 AND "addresses".addressable_type = 'PluginTestModels::User') LIMIT 1[0m
  [4;36;1mPluginTestModels::User Load (0.3ms)[0m   [0;1mSELECT * FROM "users" WHERE ("users"."id" = 1) [0m
  [4;35;1mPluginTestModels::Address Load (0.4ms)[0m   [0mSELECT * FROM "addresses" WHERE ("addresses".addressable_id = 1 AND "addresses".addressable_type = 'PluginTestModels::User') LIMIT 1[0m
  [4;36;1mPluginTestModels::User Load (0.3ms)[0m   [0;1mSELECT * FROM "users" LIMIT 1[0m
  [4;35;1mPluginTestModels::Address Load (0.4ms)[0m   [0mSELECT * FROM "addresses" WHERE ("addresses".addressable_id = 1 AND "addresses".addressable_type = 'PluginTestModels::User') LIMIT 1[0m
  [4;36;1mPluginTestModels::User Load (0.3ms)[0m   [0;1mSELECT * FROM "users" WHERE ("users"."id" = 1) [0m
  [4;35;1mPluginTestModels::Address Load (0.4ms)[0m   [0mSELECT * FROM "addresses" WHERE ("addresses".addressable_id = 1 AND "addresses".addressable_type = 'PluginTestModels::User') LIMIT 1[0m
  [4;36;1mPluginTestModels::Subscription Load (0.4ms)[0m   [0;1mSELECT * FROM "subscriptions" WHERE ("subscriptions".user_id = 1) LIMIT 1[0m
  [4;36;1mSQL (0.2ms)[0m   [0;1mselect sqlite_version(*)[0m
  [4;35;1mSQL (0.2ms)[0m   [0m SELECT name
 FROM sqlite_master
 WHERE type = 'table' AND NOT name = 'sqlite_sequence'
[0m
  [4;36;1mSQL (0.2ms)[0m   [0;1mCREATE TABLE "addresses" ("id" INTEGER PRIMARY KEY AUTOINCREMENT NOT NULL, "name" varchar(255), "addressable_id" integer, "addressable_type" varchar(255)) [0m
  [4;35;1mSQL (0.1ms)[0m   [0m SELECT name
 FROM sqlite_master
 WHERE type = 'table' AND NOT name = 'sqlite_sequence'
[0m
  [4;36;1mSQL (0.1ms)[0m   [0;1mCREATE TABLE "users" ("id" INTEGER PRIMARY KEY AUTOINCREMENT NOT NULL, "name" varchar(255)) [0m
  [4;35;1mSQL (0.2ms)[0m   [0m SELECT name
 FROM sqlite_master
 WHERE type = 'table' AND NOT name = 'sqlite_sequence'
[0m
  [4;36;1mSQL (0.1ms)[0m   [0;1mCREATE TABLE "roles_users" ("user_id" integer, "role_id" integer) [0m
  [4;35;1mSQL (0.2ms)[0m   [0m SELECT name
 FROM sqlite_master
 WHERE type = 'table' AND NOT name = 'sqlite_sequence'
[0m
  [4;36;1mSQL (0.1ms)[0m   [0;1mCREATE TABLE "services" ("id" INTEGER PRIMARY KEY AUTOINCREMENT NOT NULL, "name" varchar(255)) [0m
  [4;35;1mSQL (0.2ms)[0m   [0m SELECT name
 FROM sqlite_master
 WHERE type = 'table' AND NOT name = 'sqlite_sequence'
[0m
  [4;36;1mSQL (0.1ms)[0m   [0;1mCREATE TABLE "subscriptions" ("id" INTEGER PRIMARY KEY AUTOINCREMENT NOT NULL, "name" varchar(255), "service_id" integer, "user_id" integer) [0m
  [4;35;1mSQL (0.3ms)[0m   [0m SELECT name
 FROM sqlite_master
 WHERE type = 'table' AND NOT name = 'sqlite_sequence'
[0m
  [4;36;1mSQL (0.1ms)[0m   [0;1mCREATE TABLE "roles" ("id" INTEGER PRIMARY KEY AUTOINCREMENT NOT NULL, "name" varchar(255)) [0m
  [4;35;1mSQL (0.3ms)[0m   [0m SELECT name
 FROM sqlite_master
 WHERE type = 'table' AND NOT name = 'sqlite_sequence'
[0m
  [4;36;1mSQL (0.1ms)[0m   [0;1mCREATE TABLE "schema_migrations" ("version" varchar(255) NOT NULL) [0m
  [4;35;1mSQL (0.1ms)[0m   [0mCREATE UNIQUE INDEX "unique_schema_migrations" ON "schema_migrations" ("version")[0m
  [4;36;1mSQL (0.3ms)[0m   [0;1m SELECT name
 FROM sqlite_master
 WHERE type = 'table' AND NOT name = 'sqlite_sequence'
[0m
  [4;35;1mSQL (0.1ms)[0m   [0mSELECT version FROM "schema_migrations"[0m
  [4;36;1mSQL (0.1ms)[0m   [0;1mINSERT INTO "schema_migrations" (version) VALUES ('1')[0m
Unable to load roles_user, underlying cause no such file to load -- roles_user.rb 

 /usr/lib/ruby/gems/1.8/gems/activesupport-2.2.2/lib/active_support/dependencies.rb:382:in `load_without_new_constant_marking'
/usr/lib/ruby/gems/1.8/gems/activesupport-2.2.2/lib/active_support/dependencies.rb:382:in `load_file'
/usr/lib/ruby/gems/1.8/gems/activesupport-2.2.2/lib/active_support/dependencies.rb:521:in `new_constants_in'
/usr/lib/ruby/gems/1.8/gems/activesupport-2.2.2/lib/active_support/dependencies.rb:381:in `load_file'
/usr/lib/ruby/gems/1.8/gems/activesupport-2.2.2/lib/active_support/dependencies.rb:256:in `require_or_load'
/usr/lib/ruby/gems/1.8/gems/activesupport-2.2.2/lib/active_support/dependencies.rb:221:in `depend_on'
/usr/lib/ruby/gems/1.8/gems/activesupport-2.2.2/lib/active_support/dependencies.rb:133:in `require_dependency'
/usr/lib/ruby/gems/1.8/gems/activerecord-2.2.2/lib/active_record/fixtures.rb:856:in `try_to_load_dependency'
/usr/lib/ruby/gems/1.8/gems/activerecord-2.2.2/lib/active_record/fixtures.rb:871:in `require_fixture_classes'
/usr/lib/ruby/gems/1.8/gems/activerecord-2.2.2/lib/active_record/fixtures.rb:868:in `each'
/usr/lib/ruby/gems/1.8/gems/activerecord-2.2.2/lib/active_record/fixtures.rb:868:in `require_fixture_classes'
/usr/lib/ruby/gems/1.8/gems/activerecord-2.2.2/lib/active_record/fixtures.rb:851:in `fixtures'
./test/unit/../test_helper.rb:31
./test/unit/nested_assignment_test.rb:1:in `require'
./test/unit/nested_assignment_test.rb:1
/usr/lib/ruby/gems/1.8/gems/rake-0.8.3/lib/rake/rake_test_loader.rb:5:in `load'
/usr/lib/ruby/gems/1.8/gems/rake-0.8.3/lib/rake/rake_test_loader.rb:5
/usr/lib/ruby/gems/1.8/gems/rake-0.8.3/lib/rake/rake_test_loader.rb:5:in `each'
/usr/lib/ruby/gems/1.8/gems/rake-0.8.3/lib/rake/rake_test_loader.rb:5
Unable to load service, underlying cause no such file to load -- service.rb 

 /usr/lib/ruby/gems/1.8/gems/activesupport-2.2.2/lib/active_support/dependencies.rb:382:in `load_without_new_constant_marking'
/usr/lib/ruby/gems/1.8/gems/activesupport-2.2.2/lib/active_support/dependencies.rb:382:in `load_file'
/usr/lib/ruby/gems/1.8/gems/activesupport-2.2.2/lib/active_support/dependencies.rb:521:in `new_constants_in'
/usr/lib/ruby/gems/1.8/gems/activesupport-2.2.2/lib/active_support/dependencies.rb:381:in `load_file'
/usr/lib/ruby/gems/1.8/gems/activesupport-2.2.2/lib/active_support/dependencies.rb:256:in `require_or_load'
/usr/lib/ruby/gems/1.8/gems/activesupport-2.2.2/lib/active_support/dependencies.rb:221:in `depend_on'
/usr/lib/ruby/gems/1.8/gems/activesupport-2.2.2/lib/active_support/dependencies.rb:133:in `require_dependency'
/usr/lib/ruby/gems/1.8/gems/activerecord-2.2.2/lib/active_record/fixtures.rb:856:in `try_to_load_dependency'
/usr/lib/ruby/gems/1.8/gems/activerecord-2.2.2/lib/active_record/fixtures.rb:871:in `require_fixture_classes'
/usr/lib/ruby/gems/1.8/gems/activerecord-2.2.2/lib/active_record/fixtures.rb:868:in `each'
/usr/lib/ruby/gems/1.8/gems/activerecord-2.2.2/lib/active_record/fixtures.rb:868:in `require_fixture_classes'
/usr/lib/ruby/gems/1.8/gems/activerecord-2.2.2/lib/active_record/fixtures.rb:851:in `fixtures'
./test/unit/../test_helper.rb:31
./test/unit/nested_assignment_test.rb:1:in `require'
./test/unit/nested_assignment_test.rb:1
/usr/lib/ruby/gems/1.8/gems/rake-0.8.3/lib/rake/rake_test_loader.rb:5:in `load'
/usr/lib/ruby/gems/1.8/gems/rake-0.8.3/lib/rake/rake_test_loader.rb:5
/usr/lib/ruby/gems/1.8/gems/rake-0.8.3/lib/rake/rake_test_loader.rb:5:in `each'
/usr/lib/ruby/gems/1.8/gems/rake-0.8.3/lib/rake/rake_test_loader.rb:5
Unable to load subscription, underlying cause no such file to load -- subscription.rb 

 /usr/lib/ruby/gems/1.8/gems/activesupport-2.2.2/lib/active_support/dependencies.rb:382:in `load_without_new_constant_marking'
/usr/lib/ruby/gems/1.8/gems/activesupport-2.2.2/lib/active_support/dependencies.rb:382:in `load_file'
/usr/lib/ruby/gems/1.8/gems/activesupport-2.2.2/lib/active_support/dependencies.rb:521:in `new_constants_in'
/usr/lib/ruby/gems/1.8/gems/activesupport-2.2.2/lib/active_support/dependencies.rb:381:in `load_file'
/usr/lib/ruby/gems/1.8/gems/activesupport-2.2.2/lib/active_support/dependencies.rb:256:in `require_or_load'
/usr/lib/ruby/gems/1.8/gems/activesupport-2.2.2/lib/active_support/dependencies.rb:221:in `depend_on'
/usr/lib/ruby/gems/1.8/gems/activesupport-2.2.2/lib/active_support/dependencies.rb:133:in `require_dependency'
/usr/lib/ruby/gems/1.8/gems/activerecord-2.2.2/lib/active_record/fixtures.rb:856:in `try_to_load_dependency'
/usr/lib/ruby/gems/1.8/gems/activerecord-2.2.2/lib/active_record/fixtures.rb:871:in `require_fixture_classes'
/usr/lib/ruby/gems/1.8/gems/activerecord-2.2.2/lib/active_record/fixtures.rb:868:in `each'
/usr/lib/ruby/gems/1.8/gems/activerecord-2.2.2/lib/active_record/fixtures.rb:868:in `require_fixture_classes'
/usr/lib/ruby/gems/1.8/gems/activerecord-2.2.2/lib/active_record/fixtures.rb:851:in `fixtures'
./test/unit/../test_helper.rb:31
./test/unit/nested_assignment_test.rb:1:in `require'
./test/unit/nested_assignment_test.rb:1
/usr/lib/ruby/gems/1.8/gems/rake-0.8.3/lib/rake/rake_test_loader.rb:5:in `load'
/usr/lib/ruby/gems/1.8/gems/rake-0.8.3/lib/rake/rake_test_loader.rb:5
/usr/lib/ruby/gems/1.8/gems/rake-0.8.3/lib/rake/rake_test_loader.rb:5:in `each'
/usr/lib/ruby/gems/1.8/gems/rake-0.8.3/lib/rake/rake_test_loader.rb:5
Unable to load address, underlying cause no such file to load -- address.rb 

 /usr/lib/ruby/gems/1.8/gems/activesupport-2.2.2/lib/active_support/dependencies.rb:382:in `load_without_new_constant_marking'
/usr/lib/ruby/gems/1.8/gems/activesupport-2.2.2/lib/active_support/dependencies.rb:382:in `load_file'
/usr/lib/ruby/gems/1.8/gems/activesupport-2.2.2/lib/active_support/dependencies.rb:521:in `new_constants_in'
/usr/lib/ruby/gems/1.8/gems/activesupport-2.2.2/lib/active_support/dependencies.rb:381:in `load_file'
/usr/lib/ruby/gems/1.8/gems/activesupport-2.2.2/lib/active_support/dependencies.rb:256:in `require_or_load'
/usr/lib/ruby/gems/1.8/gems/activesupport-2.2.2/lib/active_support/dependencies.rb:221:in `depend_on'
/usr/lib/ruby/gems/1.8/gems/activesupport-2.2.2/lib/active_support/dependencies.rb:133:in `require_dependency'
/usr/lib/ruby/gems/1.8/gems/activerecord-2.2.2/lib/active_record/fixtures.rb:856:in `try_to_load_dependency'
/usr/lib/ruby/gems/1.8/gems/activerecord-2.2.2/lib/active_record/fixtures.rb:871:in `require_fixture_classes'
/usr/lib/ruby/gems/1.8/gems/activerecord-2.2.2/lib/active_record/fixtures.rb:868:in `each'
/usr/lib/ruby/gems/1.8/gems/activerecord-2.2.2/lib/active_record/fixtures.rb:868:in `require_fixture_classes'
/usr/lib/ruby/gems/1.8/gems/activerecord-2.2.2/lib/active_record/fixtures.rb:851:in `fixtures'
./test/unit/../test_helper.rb:31
./test/unit/nested_assignment_test.rb:1:in `require'
./test/unit/nested_assignment_test.rb:1
/usr/lib/ruby/gems/1.8/gems/rake-0.8.3/lib/rake/rake_test_loader.rb:5:in `load'
/usr/lib/ruby/gems/1.8/gems/rake-0.8.3/lib/rake/rake_test_loader.rb:5
/usr/lib/ruby/gems/1.8/gems/rake-0.8.3/lib/rake/rake_test_loader.rb:5:in `each'
/usr/lib/ruby/gems/1.8/gems/rake-0.8.3/lib/rake/rake_test_loader.rb:5
Unable to load user, underlying cause no such file to load -- user.rb 

 /usr/lib/ruby/gems/1.8/gems/activesupport-2.2.2/lib/active_support/dependencies.rb:382:in `load_without_new_constant_marking'
/usr/lib/ruby/gems/1.8/gems/activesupport-2.2.2/lib/active_support/dependencies.rb:382:in `load_file'
/usr/lib/ruby/gems/1.8/gems/activesupport-2.2.2/lib/active_support/dependencies.rb:521:in `new_constants_in'
/usr/lib/ruby/gems/1.8/gems/activesupport-2.2.2/lib/active_support/dependencies.rb:381:in `load_file'
/usr/lib/ruby/gems/1.8/gems/activesupport-2.2.2/lib/active_support/dependencies.rb:256:in `require_or_load'
/usr/lib/ruby/gems/1.8/gems/activesupport-2.2.2/lib/active_support/dependencies.rb:221:in `depend_on'
/usr/lib/ruby/gems/1.8/gems/activesupport-2.2.2/lib/active_support/dependencies.rb:133:in `require_dependency'
/usr/lib/ruby/gems/1.8/gems/activerecord-2.2.2/lib/active_record/fixtures.rb:856:in `try_to_load_dependency'
/usr/lib/ruby/gems/1.8/gems/activerecord-2.2.2/lib/active_record/fixtures.rb:871:in `require_fixture_classes'
/usr/lib/ruby/gems/1.8/gems/activerecord-2.2.2/lib/active_record/fixtures.rb:868:in `each'
/usr/lib/ruby/gems/1.8/gems/activerecord-2.2.2/lib/active_record/fixtures.rb:868:in `require_fixture_classes'
/usr/lib/ruby/gems/1.8/gems/activerecord-2.2.2/lib/active_record/fixtures.rb:851:in `fixtures'
./test/unit/../test_helper.rb:31
./test/unit/nested_assignment_test.rb:1:in `require'
./test/unit/nested_assignment_test.rb:1
/usr/lib/ruby/gems/1.8/gems/rake-0.8.3/lib/rake/rake_test_loader.rb:5:in `load'
/usr/lib/ruby/gems/1.8/gems/rake-0.8.3/lib/rake/rake_test_loader.rb:5
/usr/lib/ruby/gems/1.8/gems/rake-0.8.3/lib/rake/rake_test_loader.rb:5:in `each'
/usr/lib/ruby/gems/1.8/gems/rake-0.8.3/lib/rake/rake_test_loader.rb:5
Unable to load role, underlying cause no such file to load -- role.rb 

 /usr/lib/ruby/gems/1.8/gems/activesupport-2.2.2/lib/active_support/dependencies.rb:382:in `load_without_new_constant_marking'
/usr/lib/ruby/gems/1.8/gems/activesupport-2.2.2/lib/active_support/dependencies.rb:382:in `load_file'
/usr/lib/ruby/gems/1.8/gems/activesupport-2.2.2/lib/active_support/dependencies.rb:521:in `new_constants_in'
/usr/lib/ruby/gems/1.8/gems/activesupport-2.2.2/lib/active_support/dependencies.rb:381:in `load_file'
/usr/lib/ruby/gems/1.8/gems/activesupport-2.2.2/lib/active_support/dependencies.rb:256:in `require_or_load'
/usr/lib/ruby/gems/1.8/gems/activesupport-2.2.2/lib/active_support/dependencies.rb:221:in `depend_on'
/usr/lib/ruby/gems/1.8/gems/activesupport-2.2.2/lib/active_support/dependencies.rb:133:in `require_dependency'
/usr/lib/ruby/gems/1.8/gems/activerecord-2.2.2/lib/active_record/fixtures.rb:856:in `try_to_load_dependency'
/usr/lib/ruby/gems/1.8/gems/activerecord-2.2.2/lib/active_record/fixtures.rb:871:in `require_fixture_classes'
/usr/lib/ruby/gems/1.8/gems/activerecord-2.2.2/lib/active_record/fixtures.rb:868:in `each'
/usr/lib/ruby/gems/1.8/gems/activerecord-2.2.2/lib/active_record/fixtures.rb:868:in `require_fixture_classes'
/usr/lib/ruby/gems/1.8/gems/activerecord-2.2.2/lib/active_record/fixtures.rb:851:in `fixtures'
./test/unit/../test_helper.rb:31
./test/unit/nested_assignment_test.rb:1:in `require'
./test/unit/nested_assignment_test.rb:1
/usr/lib/ruby/gems/1.8/gems/rake-0.8.3/lib/rake/rake_test_loader.rb:5:in `load'
/usr/lib/ruby/gems/1.8/gems/rake-0.8.3/lib/rake/rake_test_loader.rb:5
/usr/lib/ruby/gems/1.8/gems/rake-0.8.3/lib/rake/rake_test_loader.rb:5:in `each'
/usr/lib/ruby/gems/1.8/gems/rake-0.8.3/lib/rake/rake_test_loader.rb:5
  [4;35;1mPluginTestModels::User Load (0.1ms)[0m   [0mSELECT * FROM "users" LIMIT 1[0m
  [4;36;1mPluginTestModels::Subscription Load (0.4ms)[0m   [0;1mSELECT * FROM "subscriptions" WHERE ("subscriptions".user_id = 1) LIMIT 1[0m
  [4;35;1mPluginTestModels::Address Load (0.4ms)[0m   [0mSELECT * FROM "addresses" WHERE ("addresses".addressable_id = 1 AND "addresses".addressable_type = 'PluginTestModels::User') LIMIT 1[0m
  [4;36;1mSQL (0.2ms)[0m   [0;1mselect sqlite_version(*)[0m
  [4;35;1mSQL (0.1ms)[0m   [0m SELECT name
 FROM sqlite_master
 WHERE type = 'table' AND NOT name = 'sqlite_sequence'
[0m
  [4;36;1mSQL (0.2ms)[0m   [0;1mCREATE TABLE "addresses" ("id" INTEGER PRIMARY KEY AUTOINCREMENT NOT NULL, "name" varchar(255), "addressable_id" integer, "addressable_type" varchar(255)) [0m
  [4;35;1mSQL (0.1ms)[0m   [0m SELECT name
 FROM sqlite_master
 WHERE type = 'table' AND NOT name = 'sqlite_sequence'
[0m
  [4;36;1mSQL (0.1ms)[0m   [0;1mCREATE TABLE "users" ("id" INTEGER PRIMARY KEY AUTOINCREMENT NOT NULL, "name" varchar(255)) [0m
  [4;35;1mSQL (0.2ms)[0m   [0m SELECT name
 FROM sqlite_master
 WHERE type = 'table' AND NOT name = 'sqlite_sequence'
[0m
  [4;36;1mSQL (0.1ms)[0m   [0;1mCREATE TABLE "roles_users" ("user_id" integer, "role_id" integer) [0m
  [4;35;1mSQL (0.2ms)[0m   [0m SELECT name
 FROM sqlite_master
 WHERE type = 'table' AND NOT name = 'sqlite_sequence'
[0m
  [4;36;1mSQL (0.1ms)[0m   [0;1mCREATE TABLE "services" ("id" INTEGER PRIMARY KEY AUTOINCREMENT NOT NULL, "name" varchar(255)) [0m
  [4;35;1mSQL (0.2ms)[0m   [0m SELECT name
 FROM sqlite_master
 WHERE type = 'table' AND NOT name = 'sqlite_sequence'
[0m
  [4;36;1mSQL (0.1ms)[0m   [0;1mCREATE TABLE "subscriptions" ("id" INTEGER PRIMARY KEY AUTOINCREMENT NOT NULL, "name" varchar(255), "service_id" integer, "user_id" integer) [0m
  [4;35;1mSQL (0.3ms)[0m   [0m SELECT name
 FROM sqlite_master
 WHERE type = 'table' AND NOT name = 'sqlite_sequence'
[0m
  [4;36;1mSQL (0.1ms)[0m   [0;1mCREATE TABLE "roles" ("id" INTEGER PRIMARY KEY AUTOINCREMENT NOT NULL, "name" varchar(255)) [0m
  [4;35;1mSQL (0.3ms)[0m   [0m SELECT name
 FROM sqlite_master
 WHERE type = 'table' AND NOT name = 'sqlite_sequence'
[0m
  [4;36;1mSQL (0.1ms)[0m   [0;1mCREATE TABLE "schema_migrations" ("version" varchar(255) NOT NULL) [0m
  [4;35;1mSQL (0.1ms)[0m   [0mCREATE UNIQUE INDEX "unique_schema_migrations" ON "schema_migrations" ("version")[0m
  [4;36;1mSQL (0.4ms)[0m   [0;1m SELECT name
 FROM sqlite_master
 WHERE type = 'table' AND NOT name = 'sqlite_sequence'
[0m
  [4;35;1mSQL (0.1ms)[0m   [0mSELECT version FROM "schema_migrations"[0m
  [4;36;1mSQL (0.1ms)[0m   [0;1mINSERT INTO "schema_migrations" (version) VALUES ('1')[0m
Unable to load roles_user, underlying cause no such file to load -- roles_user.rb 

 /usr/lib/ruby/gems/1.8/gems/activesupport-2.2.2/lib/active_support/dependencies.rb:382:in `load_without_new_constant_marking'
/usr/lib/ruby/gems/1.8/gems/activesupport-2.2.2/lib/active_support/dependencies.rb:382:in `load_file'
/usr/lib/ruby/gems/1.8/gems/activesupport-2.2.2/lib/active_support/dependencies.rb:521:in `new_constants_in'
/usr/lib/ruby/gems/1.8/gems/activesupport-2.2.2/lib/active_support/dependencies.rb:381:in `load_file'
/usr/lib/ruby/gems/1.8/gems/activesupport-2.2.2/lib/active_support/dependencies.rb:256:in `require_or_load'
/usr/lib/ruby/gems/1.8/gems/activesupport-2.2.2/lib/active_support/dependencies.rb:221:in `depend_on'
/usr/lib/ruby/gems/1.8/gems/activesupport-2.2.2/lib/active_support/dependencies.rb:133:in `require_dependency'
/usr/lib/ruby/gems/1.8/gems/activerecord-2.2.2/lib/active_record/fixtures.rb:856:in `try_to_load_dependency'
/usr/lib/ruby/gems/1.8/gems/activerecord-2.2.2/lib/active_record/fixtures.rb:871:in `require_fixture_classes'
/usr/lib/ruby/gems/1.8/gems/activerecord-2.2.2/lib/active_record/fixtures.rb:868:in `each'
/usr/lib/ruby/gems/1.8/gems/activerecord-2.2.2/lib/active_record/fixtures.rb:868:in `require_fixture_classes'
/usr/lib/ruby/gems/1.8/gems/activerecord-2.2.2/lib/active_record/fixtures.rb:851:in `fixtures'
./test/unit/../test_helper.rb:31
./test/unit/nested_assignment_test.rb:1:in `require'
./test/unit/nested_assignment_test.rb:1
/usr/lib/ruby/gems/1.8/gems/rake-0.8.3/lib/rake/rake_test_loader.rb:5:in `load'
/usr/lib/ruby/gems/1.8/gems/rake-0.8.3/lib/rake/rake_test_loader.rb:5
/usr/lib/ruby/gems/1.8/gems/rake-0.8.3/lib/rake/rake_test_loader.rb:5:in `each'
/usr/lib/ruby/gems/1.8/gems/rake-0.8.3/lib/rake/rake_test_loader.rb:5
Unable to load service, underlying cause no such file to load -- service.rb 

 /usr/lib/ruby/gems/1.8/gems/activesupport-2.2.2/lib/active_support/dependencies.rb:382:in `load_without_new_constant_marking'
/usr/lib/ruby/gems/1.8/gems/activesupport-2.2.2/lib/active_support/dependencies.rb:382:in `load_file'
/usr/lib/ruby/gems/1.8/gems/activesupport-2.2.2/lib/active_support/dependencies.rb:521:in `new_constants_in'
/usr/lib/ruby/gems/1.8/gems/activesupport-2.2.2/lib/active_support/dependencies.rb:381:in `load_file'
/usr/lib/ruby/gems/1.8/gems/activesupport-2.2.2/lib/active_support/dependencies.rb:256:in `require_or_load'
/usr/lib/ruby/gems/1.8/gems/activesupport-2.2.2/lib/active_support/dependencies.rb:221:in `depend_on'
/usr/lib/ruby/gems/1.8/gems/activesupport-2.2.2/lib/active_support/dependencies.rb:133:in `require_dependency'
/usr/lib/ruby/gems/1.8/gems/activerecord-2.2.2/lib/active_record/fixtures.rb:856:in `try_to_load_dependency'
/usr/lib/ruby/gems/1.8/gems/activerecord-2.2.2/lib/active_record/fixtures.rb:871:in `require_fixture_classes'
/usr/lib/ruby/gems/1.8/gems/activerecord-2.2.2/lib/active_record/fixtures.rb:868:in `each'
/usr/lib/ruby/gems/1.8/gems/activerecord-2.2.2/lib/active_record/fixtures.rb:868:in `require_fixture_classes'
/usr/lib/ruby/gems/1.8/gems/activerecord-2.2.2/lib/active_record/fixtures.rb:851:in `fixtures'
./test/unit/../test_helper.rb:31
./test/unit/nested_assignment_test.rb:1:in `require'
./test/unit/nested_assignment_test.rb:1
/usr/lib/ruby/gems/1.8/gems/rake-0.8.3/lib/rake/rake_test_loader.rb:5:in `load'
/usr/lib/ruby/gems/1.8/gems/rake-0.8.3/lib/rake/rake_test_loader.rb:5
/usr/lib/ruby/gems/1.8/gems/rake-0.8.3/lib/rake/rake_test_loader.rb:5:in `each'
/usr/lib/ruby/gems/1.8/gems/rake-0.8.3/lib/rake/rake_test_loader.rb:5
Unable to load subscription, underlying cause no such file to load -- subscription.rb 

 /usr/lib/ruby/gems/1.8/gems/activesupport-2.2.2/lib/active_support/dependencies.rb:382:in `load_without_new_constant_marking'
/usr/lib/ruby/gems/1.8/gems/activesupport-2.2.2/lib/active_support/dependencies.rb:382:in `load_file'
/usr/lib/ruby/gems/1.8/gems/activesupport-2.2.2/lib/active_support/dependencies.rb:521:in `new_constants_in'
/usr/lib/ruby/gems/1.8/gems/activesupport-2.2.2/lib/active_support/dependencies.rb:381:in `load_file'
/usr/lib/ruby/gems/1.8/gems/activesupport-2.2.2/lib/active_support/dependencies.rb:256:in `require_or_load'
/usr/lib/ruby/gems/1.8/gems/activesupport-2.2.2/lib/active_support/dependencies.rb:221:in `depend_on'
/usr/lib/ruby/gems/1.8/gems/activesupport-2.2.2/lib/active_support/dependencies.rb:133:in `require_dependency'
/usr/lib/ruby/gems/1.8/gems/activerecord-2.2.2/lib/active_record/fixtures.rb:856:in `try_to_load_dependency'
/usr/lib/ruby/gems/1.8/gems/activerecord-2.2.2/lib/active_record/fixtures.rb:871:in `require_fixture_classes'
/usr/lib/ruby/gems/1.8/gems/activerecord-2.2.2/lib/active_record/fixtures.rb:868:in `each'
/usr/lib/ruby/gems/1.8/gems/activerecord-2.2.2/lib/active_record/fixtures.rb:868:in `require_fixture_classes'
/usr/lib/ruby/gems/1.8/gems/activerecord-2.2.2/lib/active_record/fixtures.rb:851:in `fixtures'
./test/unit/../test_helper.rb:31
./test/unit/nested_assignment_test.rb:1:in `require'
./test/unit/nested_assignment_test.rb:1
/usr/lib/ruby/gems/1.8/gems/rake-0.8.3/lib/rake/rake_test_loader.rb:5:in `load'
/usr/lib/ruby/gems/1.8/gems/rake-0.8.3/lib/rake/rake_test_loader.rb:5
/usr/lib/ruby/gems/1.8/gems/rake-0.8.3/lib/rake/rake_test_loader.rb:5:in `each'
/usr/lib/ruby/gems/1.8/gems/rake-0.8.3/lib/rake/rake_test_loader.rb:5
Unable to load address, underlying cause no such file to load -- address.rb 

 /usr/lib/ruby/gems/1.8/gems/activesupport-2.2.2/lib/active_support/dependencies.rb:382:in `load_without_new_constant_marking'
/usr/lib/ruby/gems/1.8/gems/activesupport-2.2.2/lib/active_support/dependencies.rb:382:in `load_file'
/usr/lib/ruby/gems/1.8/gems/activesupport-2.2.2/lib/active_support/dependencies.rb:521:in `new_constants_in'
/usr/lib/ruby/gems/1.8/gems/activesupport-2.2.2/lib/active_support/dependencies.rb:381:in `load_file'
/usr/lib/ruby/gems/1.8/gems/activesupport-2.2.2/lib/active_support/dependencies.rb:256:in `require_or_load'
/usr/lib/ruby/gems/1.8/gems/activesupport-2.2.2/lib/active_support/dependencies.rb:221:in `depend_on'
/usr/lib/ruby/gems/1.8/gems/activesupport-2.2.2/lib/active_support/dependencies.rb:133:in `require_dependency'
/usr/lib/ruby/gems/1.8/gems/activerecord-2.2.2/lib/active_record/fixtures.rb:856:in `try_to_load_dependency'
/usr/lib/ruby/gems/1.8/gems/activerecord-2.2.2/lib/active_record/fixtures.rb:871:in `require_fixture_classes'
/usr/lib/ruby/gems/1.8/gems/activerecord-2.2.2/lib/active_record/fixtures.rb:868:in `each'
/usr/lib/ruby/gems/1.8/gems/activerecord-2.2.2/lib/active_record/fixtures.rb:868:in `require_fixture_classes'
/usr/lib/ruby/gems/1.8/gems/activerecord-2.2.2/lib/active_record/fixtures.rb:851:in `fixtures'
./test/unit/../test_helper.rb:31
./test/unit/nested_assignment_test.rb:1:in `require'
./test/unit/nested_assignment_test.rb:1
/usr/lib/ruby/gems/1.8/gems/rake-0.8.3/lib/rake/rake_test_loader.rb:5:in `load'
/usr/lib/ruby/gems/1.8/gems/rake-0.8.3/lib/rake/rake_test_loader.rb:5
/usr/lib/ruby/gems/1.8/gems/rake-0.8.3/lib/rake/rake_test_loader.rb:5:in `each'
/usr/lib/ruby/gems/1.8/gems/rake-0.8.3/lib/rake/rake_test_loader.rb:5
Unable to load user, underlying cause no such file to load -- user.rb 

 /usr/lib/ruby/gems/1.8/gems/activesupport-2.2.2/lib/active_support/dependencies.rb:382:in `load_without_new_constant_marking'
/usr/lib/ruby/gems/1.8/gems/activesupport-2.2.2/lib/active_support/dependencies.rb:382:in `load_file'
/usr/lib/ruby/gems/1.8/gems/activesupport-2.2.2/lib/active_support/dependencies.rb:521:in `new_constants_in'
/usr/lib/ruby/gems/1.8/gems/activesupport-2.2.2/lib/active_support/dependencies.rb:381:in `load_file'
/usr/lib/ruby/gems/1.8/gems/activesupport-2.2.2/lib/active_support/dependencies.rb:256:in `require_or_load'
/usr/lib/ruby/gems/1.8/gems/activesupport-2.2.2/lib/active_support/dependencies.rb:221:in `depend_on'
/usr/lib/ruby/gems/1.8/gems/activesupport-2.2.2/lib/active_support/dependencies.rb:133:in `require_dependency'
/usr/lib/ruby/gems/1.8/gems/activerecord-2.2.2/lib/active_record/fixtures.rb:856:in `try_to_load_dependency'
/usr/lib/ruby/gems/1.8/gems/activerecord-2.2.2/lib/active_record/fixtures.rb:871:in `require_fixture_classes'
/usr/lib/ruby/gems/1.8/gems/activerecord-2.2.2/lib/active_record/fixtures.rb:868:in `each'
/usr/lib/ruby/gems/1.8/gems/activerecord-2.2.2/lib/active_record/fixtures.rb:868:in `require_fixture_classes'
/usr/lib/ruby/gems/1.8/gems/activerecord-2.2.2/lib/active_record/fixtures.rb:851:in `fixtures'
./test/unit/../test_helper.rb:31
./test/unit/nested_assignment_test.rb:1:in `require'
./test/unit/nested_assignment_test.rb:1
/usr/lib/ruby/gems/1.8/gems/rake-0.8.3/lib/rake/rake_test_loader.rb:5:in `load'
/usr/lib/ruby/gems/1.8/gems/rake-0.8.3/lib/rake/rake_test_loader.rb:5
/usr/lib/ruby/gems/1.8/gems/rake-0.8.3/lib/rake/rake_test_loader.rb:5:in `each'
/usr/lib/ruby/gems/1.8/gems/rake-0.8.3/lib/rake/rake_test_loader.rb:5
Unable to load role, underlying cause no such file to load -- role.rb 

 /usr/lib/ruby/gems/1.8/gems/activesupport-2.2.2/lib/active_support/dependencies.rb:382:in `load_without_new_constant_marking'
/usr/lib/ruby/gems/1.8/gems/activesupport-2.2.2/lib/active_support/dependencies.rb:382:in `load_file'
/usr/lib/ruby/gems/1.8/gems/activesupport-2.2.2/lib/active_support/dependencies.rb:521:in `new_constants_in'
/usr/lib/ruby/gems/1.8/gems/activesupport-2.2.2/lib/active_support/dependencies.rb:381:in `load_file'
/usr/lib/ruby/gems/1.8/gems/activesupport-2.2.2/lib/active_support/dependencies.rb:256:in `require_or_load'
/usr/lib/ruby/gems/1.8/gems/activesupport-2.2.2/lib/active_support/dependencies.rb:221:in `depend_on'
/usr/lib/ruby/gems/1.8/gems/activesupport-2.2.2/lib/active_support/dependencies.rb:133:in `require_dependency'
/usr/lib/ruby/gems/1.8/gems/activerecord-2.2.2/lib/active_record/fixtures.rb:856:in `try_to_load_dependency'
/usr/lib/ruby/gems/1.8/gems/activerecord-2.2.2/lib/active_record/fixtures.rb:871:in `require_fixture_classes'
/usr/lib/ruby/gems/1.8/gems/activerecord-2.2.2/lib/active_record/fixtures.rb:868:in `each'
/usr/lib/ruby/gems/1.8/gems/activerecord-2.2.2/lib/active_record/fixtures.rb:868:in `require_fixture_classes'
/usr/lib/ruby/gems/1.8/gems/activerecord-2.2.2/lib/active_record/fixtures.rb:851:in `fixtures'
./test/unit/../test_helper.rb:31
./test/unit/nested_assignment_test.rb:1:in `require'
./test/unit/nested_assignment_test.rb:1
/usr/lib/ruby/gems/1.8/gems/rake-0.8.3/lib/rake/rake_test_loader.rb:5:in `load'
/usr/lib/ruby/gems/1.8/gems/rake-0.8.3/lib/rake/rake_test_loader.rb:5
/usr/lib/ruby/gems/1.8/gems/rake-0.8.3/lib/rake/rake_test_loader.rb:5:in `each'
/usr/lib/ruby/gems/1.8/gems/rake-0.8.3/lib/rake/rake_test_loader.rb:5
  [4;35;1mPluginTestModels::User Load (0.3ms)[0m   [0mSELECT * FROM "users" LIMIT 1[0m
  [4;36;1mPluginTestModels::Subscription Load (0.4ms)[0m   [0;1mSELECT * FROM "subscriptions" WHERE ("subscriptions".user_id = 1) LIMIT 1[0m
  [4;35;1mPluginTestModels::Address Load (0.4ms)[0m   [0mSELECT * FROM "addresses" WHERE ("addresses".addressable_id = 1 AND "addresses".addressable_type = 'PluginTestModels::User') LIMIT 1[0m
  [4;36;1mSQL (0.2ms)[0m   [0;1mselect sqlite_version(*)[0m
  [4;35;1mSQL (0.1ms)[0m   [0m SELECT name
 FROM sqlite_master
 WHERE type = 'table' AND NOT name = 'sqlite_sequence'
[0m
  [4;36;1mSQL (0.2ms)[0m   [0;1mCREATE TABLE "addresses" ("id" INTEGER PRIMARY KEY AUTOINCREMENT NOT NULL, "name" varchar(255), "addressable_id" integer, "addressable_type" varchar(255)) [0m
  [4;35;1mSQL (0.1ms)[0m   [0m SELECT name
 FROM sqlite_master
 WHERE type = 'table' AND NOT name = 'sqlite_sequence'
[0m
  [4;36;1mSQL (0.1ms)[0m   [0;1mCREATE TABLE "users" ("id" INTEGER PRIMARY KEY AUTOINCREMENT NOT NULL, "name" varchar(255)) [0m
  [4;35;1mSQL (0.2ms)[0m   [0m SELECT name
 FROM sqlite_master
 WHERE type = 'table' AND NOT name = 'sqlite_sequence'
[0m
  [4;36;1mSQL (0.1ms)[0m   [0;1mCREATE TABLE "roles_users" ("user_id" integer, "role_id" integer) [0m
  [4;35;1mSQL (0.2ms)[0m   [0m SELECT name
 FROM sqlite_master
 WHERE type = 'table' AND NOT name = 'sqlite_sequence'
[0m
  [4;36;1mSQL (0.1ms)[0m   [0;1mCREATE TABLE "services" ("id" INTEGER PRIMARY KEY AUTOINCREMENT NOT NULL, "name" varchar(255)) [0m
  [4;35;1mSQL (0.2ms)[0m   [0m SELECT name
 FROM sqlite_master
 WHERE type = 'table' AND NOT name = 'sqlite_sequence'
[0m
  [4;36;1mSQL (0.1ms)[0m   [0;1mCREATE TABLE "subscriptions" ("id" INTEGER PRIMARY KEY AUTOINCREMENT NOT NULL, "name" varchar(255), "service_id" integer, "user_id" integer) [0m
  [4;35;1mSQL (0.3ms)[0m   [0m SELECT name
 FROM sqlite_master
 WHERE type = 'table' AND NOT name = 'sqlite_sequence'
[0m
  [4;36;1mSQL (0.1ms)[0m   [0;1mCREATE TABLE "roles" ("id" INTEGER PRIMARY KEY AUTOINCREMENT NOT NULL, "name" varchar(255)) [0m
  [4;35;1mSQL (0.3ms)[0m   [0m SELECT name
 FROM sqlite_master
 WHERE type = 'table' AND NOT name = 'sqlite_sequence'
[0m
  [4;36;1mSQL (0.1ms)[0m   [0;1mCREATE TABLE "schema_migrations" ("version" varchar(255) NOT NULL) [0m
  [4;35;1mSQL (0.1ms)[0m   [0mCREATE UNIQUE INDEX "unique_schema_migrations" ON "schema_migrations" ("version")[0m
  [4;36;1mSQL (0.4ms)[0m   [0;1m SELECT name
 FROM sqlite_master
 WHERE type = 'table' AND NOT name = 'sqlite_sequence'
[0m
  [4;35;1mSQL (0.1ms)[0m   [0mSELECT version FROM "schema_migrations"[0m
  [4;36;1mSQL (0.1ms)[0m   [0;1mINSERT INTO "schema_migrations" (version) VALUES ('1')[0m
Unable to load roles_user, underlying cause no such file to load -- roles_user.rb 

 /usr/lib/ruby/gems/1.8/gems/activesupport-2.2.2/lib/active_support/dependencies.rb:382:in `load_without_new_constant_marking'
/usr/lib/ruby/gems/1.8/gems/activesupport-2.2.2/lib/active_support/dependencies.rb:382:in `load_file'
/usr/lib/ruby/gems/1.8/gems/activesupport-2.2.2/lib/active_support/dependencies.rb:521:in `new_constants_in'
/usr/lib/ruby/gems/1.8/gems/activesupport-2.2.2/lib/active_support/dependencies.rb:381:in `load_file'
/usr/lib/ruby/gems/1.8/gems/activesupport-2.2.2/lib/active_support/dependencies.rb:256:in `require_or_load'
/usr/lib/ruby/gems/1.8/gems/activesupport-2.2.2/lib/active_support/dependencies.rb:221:in `depend_on'
/usr/lib/ruby/gems/1.8/gems/activesupport-2.2.2/lib/active_support/dependencies.rb:133:in `require_dependency'
/usr/lib/ruby/gems/1.8/gems/activerecord-2.2.2/lib/active_record/fixtures.rb:856:in `try_to_load_dependency'
/usr/lib/ruby/gems/1.8/gems/activerecord-2.2.2/lib/active_record/fixtures.rb:871:in `require_fixture_classes'
/usr/lib/ruby/gems/1.8/gems/activerecord-2.2.2/lib/active_record/fixtures.rb:868:in `each'
/usr/lib/ruby/gems/1.8/gems/activerecord-2.2.2/lib/active_record/fixtures.rb:868:in `require_fixture_classes'
/usr/lib/ruby/gems/1.8/gems/activerecord-2.2.2/lib/active_record/fixtures.rb:851:in `fixtures'
./test/unit/../test_helper.rb:31
./test/unit/nested_assignment_test.rb:1:in `require'
./test/unit/nested_assignment_test.rb:1
/usr/lib/ruby/gems/1.8/gems/rake-0.8.3/lib/rake/rake_test_loader.rb:5:in `load'
/usr/lib/ruby/gems/1.8/gems/rake-0.8.3/lib/rake/rake_test_loader.rb:5
/usr/lib/ruby/gems/1.8/gems/rake-0.8.3/lib/rake/rake_test_loader.rb:5:in `each'
/usr/lib/ruby/gems/1.8/gems/rake-0.8.3/lib/rake/rake_test_loader.rb:5
Unable to load service, underlying cause no such file to load -- service.rb 

 /usr/lib/ruby/gems/1.8/gems/activesupport-2.2.2/lib/active_support/dependencies.rb:382:in `load_without_new_constant_marking'
/usr/lib/ruby/gems/1.8/gems/activesupport-2.2.2/lib/active_support/dependencies.rb:382:in `load_file'
/usr/lib/ruby/gems/1.8/gems/activesupport-2.2.2/lib/active_support/dependencies.rb:521:in `new_constants_in'
/usr/lib/ruby/gems/1.8/gems/activesupport-2.2.2/lib/active_support/dependencies.rb:381:in `load_file'
/usr/lib/ruby/gems/1.8/gems/activesupport-2.2.2/lib/active_support/dependencies.rb:256:in `require_or_load'
/usr/lib/ruby/gems/1.8/gems/activesupport-2.2.2/lib/active_support/dependencies.rb:221:in `depend_on'
/usr/lib/ruby/gems/1.8/gems/activesupport-2.2.2/lib/active_support/dependencies.rb:133:in `require_dependency'
/usr/lib/ruby/gems/1.8/gems/activerecord-2.2.2/lib/active_record/fixtures.rb:856:in `try_to_load_dependency'
/usr/lib/ruby/gems/1.8/gems/activerecord-2.2.2/lib/active_record/fixtures.rb:871:in `require_fixture_classes'
/usr/lib/ruby/gems/1.8/gems/activerecord-2.2.2/lib/active_record/fixtures.rb:868:in `each'
/usr/lib/ruby/gems/1.8/gems/activerecord-2.2.2/lib/active_record/fixtures.rb:868:in `require_fixture_classes'
/usr/lib/ruby/gems/1.8/gems/activerecord-2.2.2/lib/active_record/fixtures.rb:851:in `fixtures'
./test/unit/../test_helper.rb:31
./test/unit/nested_assignment_test.rb:1:in `require'
./test/unit/nested_assignment_test.rb:1
/usr/lib/ruby/gems/1.8/gems/rake-0.8.3/lib/rake/rake_test_loader.rb:5:in `load'
/usr/lib/ruby/gems/1.8/gems/rake-0.8.3/lib/rake/rake_test_loader.rb:5
/usr/lib/ruby/gems/1.8/gems/rake-0.8.3/lib/rake/rake_test_loader.rb:5:in `each'
/usr/lib/ruby/gems/1.8/gems/rake-0.8.3/lib/rake/rake_test_loader.rb:5
Unable to load subscription, underlying cause no such file to load -- subscription.rb 

 /usr/lib/ruby/gems/1.8/gems/activesupport-2.2.2/lib/active_support/dependencies.rb:382:in `load_without_new_constant_marking'
/usr/lib/ruby/gems/1.8/gems/activesupport-2.2.2/lib/active_support/dependencies.rb:382:in `load_file'
/usr/lib/ruby/gems/1.8/gems/activesupport-2.2.2/lib/active_support/dependencies.rb:521:in `new_constants_in'
/usr/lib/ruby/gems/1.8/gems/activesupport-2.2.2/lib/active_support/dependencies.rb:381:in `load_file'
/usr/lib/ruby/gems/1.8/gems/activesupport-2.2.2/lib/active_support/dependencies.rb:256:in `require_or_load'
/usr/lib/ruby/gems/1.8/gems/activesupport-2.2.2/lib/active_support/dependencies.rb:221:in `depend_on'
/usr/lib/ruby/gems/1.8/gems/activesupport-2.2.2/lib/active_support/dependencies.rb:133:in `require_dependency'
/usr/lib/ruby/gems/1.8/gems/activerecord-2.2.2/lib/active_record/fixtures.rb:856:in `try_to_load_dependency'
/usr/lib/ruby/gems/1.8/gems/activerecord-2.2.2/lib/active_record/fixtures.rb:871:in `require_fixture_classes'
/usr/lib/ruby/gems/1.8/gems/activerecord-2.2.2/lib/active_record/fixtures.rb:868:in `each'
/usr/lib/ruby/gems/1.8/gems/activerecord-2.2.2/lib/active_record/fixtures.rb:868:in `require_fixture_classes'
/usr/lib/ruby/gems/1.8/gems/activerecord-2.2.2/lib/active_record/fixtures.rb:851:in `fixtures'
./test/unit/../test_helper.rb:31
./test/unit/nested_assignment_test.rb:1:in `require'
./test/unit/nested_assignment_test.rb:1
/usr/lib/ruby/gems/1.8/gems/rake-0.8.3/lib/rake/rake_test_loader.rb:5:in `load'
/usr/lib/ruby/gems/1.8/gems/rake-0.8.3/lib/rake/rake_test_loader.rb:5
/usr/lib/ruby/gems/1.8/gems/rake-0.8.3/lib/rake/rake_test_loader.rb:5:in `each'
/usr/lib/ruby/gems/1.8/gems/rake-0.8.3/lib/rake/rake_test_loader.rb:5
Unable to load address, underlying cause no such file to load -- address.rb 

 /usr/lib/ruby/gems/1.8/gems/activesupport-2.2.2/lib/active_support/dependencies.rb:382:in `load_without_new_constant_marking'
/usr/lib/ruby/gems/1.8/gems/activesupport-2.2.2/lib/active_support/dependencies.rb:382:in `load_file'
/usr/lib/ruby/gems/1.8/gems/activesupport-2.2.2/lib/active_support/dependencies.rb:521:in `new_constants_in'
/usr/lib/ruby/gems/1.8/gems/activesupport-2.2.2/lib/active_support/dependencies.rb:381:in `load_file'
/usr/lib/ruby/gems/1.8/gems/activesupport-2.2.2/lib/active_support/dependencies.rb:256:in `require_or_load'
/usr/lib/ruby/gems/1.8/gems/activesupport-2.2.2/lib/active_support/dependencies.rb:221:in `depend_on'
/usr/lib/ruby/gems/1.8/gems/activesupport-2.2.2/lib/active_support/dependencies.rb:133:in `require_dependency'
/usr/lib/ruby/gems/1.8/gems/activerecord-2.2.2/lib/active_record/fixtures.rb:856:in `try_to_load_dependency'
/usr/lib/ruby/gems/1.8/gems/activerecord-2.2.2/lib/active_record/fixtures.rb:871:in `require_fixture_classes'
/usr/lib/ruby/gems/1.8/gems/activerecord-2.2.2/lib/active_record/fixtures.rb:868:in `each'
/usr/lib/ruby/gems/1.8/gems/activerecord-2.2.2/lib/active_record/fixtures.rb:868:in `require_fixture_classes'
/usr/lib/ruby/gems/1.8/gems/activerecord-2.2.2/lib/active_record/fixtures.rb:851:in `fixtures'
./test/unit/../test_helper.rb:31
./test/unit/nested_assignment_test.rb:1:in `require'
./test/unit/nested_assignment_test.rb:1
/usr/lib/ruby/gems/1.8/gems/rake-0.8.3/lib/rake/rake_test_loader.rb:5:in `load'
/usr/lib/ruby/gems/1.8/gems/rake-0.8.3/lib/rake/rake_test_loader.rb:5
/usr/lib/ruby/gems/1.8/gems/rake-0.8.3/lib/rake/rake_test_loader.rb:5:in `each'
/usr/lib/ruby/gems/1.8/gems/rake-0.8.3/lib/rake/rake_test_loader.rb:5
Unable to load user, underlying cause no such file to load -- user.rb 

 /usr/lib/ruby/gems/1.8/gems/activesupport-2.2.2/lib/active_support/dependencies.rb:382:in `load_without_new_constant_marking'
/usr/lib/ruby/gems/1.8/gems/activesupport-2.2.2/lib/active_support/dependencies.rb:382:in `load_file'
/usr/lib/ruby/gems/1.8/gems/activesupport-2.2.2/lib/active_support/dependencies.rb:521:in `new_constants_in'
/usr/lib/ruby/gems/1.8/gems/activesupport-2.2.2/lib/active_support/dependencies.rb:381:in `load_file'
/usr/lib/ruby/gems/1.8/gems/activesupport-2.2.2/lib/active_support/dependencies.rb:256:in `require_or_load'
/usr/lib/ruby/gems/1.8/gems/activesupport-2.2.2/lib/active_support/dependencies.rb:221:in `depend_on'
/usr/lib/ruby/gems/1.8/gems/activesupport-2.2.2/lib/active_support/dependencies.rb:133:in `require_dependency'
/usr/lib/ruby/gems/1.8/gems/activerecord-2.2.2/lib/active_record/fixtures.rb:856:in `try_to_load_dependency'
/usr/lib/ruby/gems/1.8/gems/activerecord-2.2.2/lib/active_record/fixtures.rb:871:in `require_fixture_classes'
/usr/lib/ruby/gems/1.8/gems/activerecord-2.2.2/lib/active_record/fixtures.rb:868:in `each'
/usr/lib/ruby/gems/1.8/gems/activerecord-2.2.2/lib/active_record/fixtures.rb:868:in `require_fixture_classes'
/usr/lib/ruby/gems/1.8/gems/activerecord-2.2.2/lib/active_record/fixtures.rb:851:in `fixtures'
./test/unit/../test_helper.rb:31
./test/unit/nested_assignment_test.rb:1:in `require'
./test/unit/nested_assignment_test.rb:1
/usr/lib/ruby/gems/1.8/gems/rake-0.8.3/lib/rake/rake_test_loader.rb:5:in `load'
/usr/lib/ruby/gems/1.8/gems/rake-0.8.3/lib/rake/rake_test_loader.rb:5
/usr/lib/ruby/gems/1.8/gems/rake-0.8.3/lib/rake/rake_test_loader.rb:5:in `each'
/usr/lib/ruby/gems/1.8/gems/rake-0.8.3/lib/rake/rake_test_loader.rb:5
Unable to load role, underlying cause no such file to load -- role.rb 

 /usr/lib/ruby/gems/1.8/gems/activesupport-2.2.2/lib/active_support/dependencies.rb:382:in `load_without_new_constant_marking'
/usr/lib/ruby/gems/1.8/gems/activesupport-2.2.2/lib/active_support/dependencies.rb:382:in `load_file'
/usr/lib/ruby/gems/1.8/gems/activesupport-2.2.2/lib/active_support/dependencies.rb:521:in `new_constants_in'
/usr/lib/ruby/gems/1.8/gems/activesupport-2.2.2/lib/active_support/dependencies.rb:381:in `load_file'
/usr/lib/ruby/gems/1.8/gems/activesupport-2.2.2/lib/active_support/dependencies.rb:256:in `require_or_load'
/usr/lib/ruby/gems/1.8/gems/activesupport-2.2.2/lib/active_support/dependencies.rb:221:in `depend_on'
/usr/lib/ruby/gems/1.8/gems/activesupport-2.2.2/lib/active_support/dependencies.rb:133:in `require_dependency'
/usr/lib/ruby/gems/1.8/gems/activerecord-2.2.2/lib/active_record/fixtures.rb:856:in `try_to_load_dependency'
/usr/lib/ruby/gems/1.8/gems/activerecord-2.2.2/lib/active_record/fixtures.rb:871:in `require_fixture_classes'
/usr/lib/ruby/gems/1.8/gems/activerecord-2.2.2/lib/active_record/fixtures.rb:868:in `each'
/usr/lib/ruby/gems/1.8/gems/activerecord-2.2.2/lib/active_record/fixtures.rb:868:in `require_fixture_classes'
/usr/lib/ruby/gems/1.8/gems/activerecord-2.2.2/lib/active_record/fixtures.rb:851:in `fixtures'
./test/unit/../test_helper.rb:31
./test/unit/nested_assignment_test.rb:1:in `require'
./test/unit/nested_assignment_test.rb:1
/usr/lib/ruby/gems/1.8/gems/rake-0.8.3/lib/rake/rake_test_loader.rb:5:in `load'
/usr/lib/ruby/gems/1.8/gems/rake-0.8.3/lib/rake/rake_test_loader.rb:5
/usr/lib/ruby/gems/1.8/gems/rake-0.8.3/lib/rake/rake_test_loader.rb:5:in `each'
/usr/lib/ruby/gems/1.8/gems/rake-0.8.3/lib/rake/rake_test_loader.rb:5
  [4;35;1mPluginTestModels::User Load (0.2ms)[0m   [0mSELECT * FROM "users" LIMIT 1[0m
  [4;36;1mSQL (0.3ms)[0m   [0;1mselect sqlite_version(*)[0m
  [4;35;1mSQL (0.2ms)[0m   [0m SELECT name
 FROM sqlite_master
 WHERE type = 'table' AND NOT name = 'sqlite_sequence'
[0m
  [4;36;1mSQL (0.4ms)[0m   [0;1mCREATE TABLE "addresses" ("id" INTEGER PRIMARY KEY AUTOINCREMENT NOT NULL, "name" varchar(255), "addressable_id" integer, "addressable_type" varchar(255)) [0m
  [4;35;1mSQL (0.2ms)[0m   [0m SELECT name
 FROM sqlite_master
 WHERE type = 'table' AND NOT name = 'sqlite_sequence'
[0m
  [4;36;1mSQL (0.2ms)[0m   [0;1mCREATE TABLE "users" ("id" INTEGER PRIMARY KEY AUTOINCREMENT NOT NULL, "name" varchar(255)) [0m
  [4;35;1mSQL (0.2ms)[0m   [0m SELECT name
 FROM sqlite_master
 WHERE type = 'table' AND NOT name = 'sqlite_sequence'
[0m
  [4;36;1mSQL (0.2ms)[0m   [0;1mCREATE TABLE "roles_users" ("user_id" integer, "role_id" integer) [0m
  [4;35;1mSQL (0.3ms)[0m   [0m SELECT name
 FROM sqlite_master
 WHERE type = 'table' AND NOT name = 'sqlite_sequence'
[0m
  [4;36;1mSQL (0.2ms)[0m   [0;1mCREATE TABLE "services" ("id" INTEGER PRIMARY KEY AUTOINCREMENT NOT NULL, "name" varchar(255)) [0m
  [4;35;1mSQL (0.4ms)[0m   [0m SELECT name
 FROM sqlite_master
 WHERE type = 'table' AND NOT name = 'sqlite_sequence'
[0m
  [4;36;1mSQL (0.2ms)[0m   [0;1mCREATE TABLE "subscriptions" ("id" INTEGER PRIMARY KEY AUTOINCREMENT NOT NULL, "name" varchar(255), "service_id" integer, "user_id" integer) [0m
  [4;35;1mSQL (0.4ms)[0m   [0m SELECT name
 FROM sqlite_master
 WHERE type = 'table' AND NOT name = 'sqlite_sequence'
[0m
  [4;36;1mSQL (0.2ms)[0m   [0;1mCREATE TABLE "roles" ("id" INTEGER PRIMARY KEY AUTOINCREMENT NOT NULL, "name" varchar(255)) [0m
  [4;35;1mSQL (0.5ms)[0m   [0m SELECT name
 FROM sqlite_master
 WHERE type = 'table' AND NOT name = 'sqlite_sequence'
[0m
  [4;36;1mSQL (0.2ms)[0m   [0;1mCREATE TABLE "schema_migrations" ("version" varchar(255) NOT NULL) [0m
  [4;35;1mSQL (0.2ms)[0m   [0mCREATE UNIQUE INDEX "unique_schema_migrations" ON "schema_migrations" ("version")[0m
  [4;36;1mSQL (0.5ms)[0m   [0;1m SELECT name
 FROM sqlite_master
 WHERE type = 'table' AND NOT name = 'sqlite_sequence'
[0m
  [4;35;1mSQL (0.1ms)[0m   [0mSELECT version FROM "schema_migrations"[0m
  [4;36;1mSQL (0.1ms)[0m   [0;1mINSERT INTO "schema_migrations" (version) VALUES ('1')[0m
Unable to load roles_user, underlying cause no such file to load -- roles_user.rb 

 /usr/lib/ruby/gems/1.8/gems/activesupport-2.2.2/lib/active_support/dependencies.rb:382:in `load_without_new_constant_marking'
/usr/lib/ruby/gems/1.8/gems/activesupport-2.2.2/lib/active_support/dependencies.rb:382:in `load_file'
/usr/lib/ruby/gems/1.8/gems/activesupport-2.2.2/lib/active_support/dependencies.rb:521:in `new_constants_in'
/usr/lib/ruby/gems/1.8/gems/activesupport-2.2.2/lib/active_support/dependencies.rb:381:in `load_file'
/usr/lib/ruby/gems/1.8/gems/activesupport-2.2.2/lib/active_support/dependencies.rb:256:in `require_or_load'
/usr/lib/ruby/gems/1.8/gems/activesupport-2.2.2/lib/active_support/dependencies.rb:221:in `depend_on'
/usr/lib/ruby/gems/1.8/gems/activesupport-2.2.2/lib/active_support/dependencies.rb:133:in `require_dependency'
/usr/lib/ruby/gems/1.8/gems/activerecord-2.2.2/lib/active_record/fixtures.rb:856:in `try_to_load_dependency'
/usr/lib/ruby/gems/1.8/gems/activerecord-2.2.2/lib/active_record/fixtures.rb:871:in `require_fixture_classes'
/usr/lib/ruby/gems/1.8/gems/activerecord-2.2.2/lib/active_record/fixtures.rb:868:in `each'
/usr/lib/ruby/gems/1.8/gems/activerecord-2.2.2/lib/active_record/fixtures.rb:868:in `require_fixture_classes'
/usr/lib/ruby/gems/1.8/gems/activerecord-2.2.2/lib/active_record/fixtures.rb:851:in `fixtures'
./test/unit/../test_helper.rb:31
./test/unit/nested_assignment_test.rb:1:in `require'
./test/unit/nested_assignment_test.rb:1
/usr/lib/ruby/gems/1.8/gems/rake-0.8.3/lib/rake/rake_test_loader.rb:5:in `load'
/usr/lib/ruby/gems/1.8/gems/rake-0.8.3/lib/rake/rake_test_loader.rb:5
/usr/lib/ruby/gems/1.8/gems/rake-0.8.3/lib/rake/rake_test_loader.rb:5:in `each'
/usr/lib/ruby/gems/1.8/gems/rake-0.8.3/lib/rake/rake_test_loader.rb:5
Unable to load service, underlying cause no such file to load -- service.rb 

 /usr/lib/ruby/gems/1.8/gems/activesupport-2.2.2/lib/active_support/dependencies.rb:382:in `load_without_new_constant_marking'
/usr/lib/ruby/gems/1.8/gems/activesupport-2.2.2/lib/active_support/dependencies.rb:382:in `load_file'
/usr/lib/ruby/gems/1.8/gems/activesupport-2.2.2/lib/active_support/dependencies.rb:521:in `new_constants_in'
/usr/lib/ruby/gems/1.8/gems/activesupport-2.2.2/lib/active_support/dependencies.rb:381:in `load_file'
/usr/lib/ruby/gems/1.8/gems/activesupport-2.2.2/lib/active_support/dependencies.rb:256:in `require_or_load'
/usr/lib/ruby/gems/1.8/gems/activesupport-2.2.2/lib/active_support/dependencies.rb:221:in `depend_on'
/usr/lib/ruby/gems/1.8/gems/activesupport-2.2.2/lib/active_support/dependencies.rb:133:in `require_dependency'
/usr/lib/ruby/gems/1.8/gems/activerecord-2.2.2/lib/active_record/fixtures.rb:856:in `try_to_load_dependency'
/usr/lib/ruby/gems/1.8/gems/activerecord-2.2.2/lib/active_record/fixtures.rb:871:in `require_fixture_classes'
/usr/lib/ruby/gems/1.8/gems/activerecord-2.2.2/lib/active_record/fixtures.rb:868:in `each'
/usr/lib/ruby/gems/1.8/gems/activerecord-2.2.2/lib/active_record/fixtures.rb:868:in `require_fixture_classes'
/usr/lib/ruby/gems/1.8/gems/activerecord-2.2.2/lib/active_record/fixtures.rb:851:in `fixtures'
./test/unit/../test_helper.rb:31
./test/unit/nested_assignment_test.rb:1:in `require'
./test/unit/nested_assignment_test.rb:1
/usr/lib/ruby/gems/1.8/gems/rake-0.8.3/lib/rake/rake_test_loader.rb:5:in `load'
/usr/lib/ruby/gems/1.8/gems/rake-0.8.3/lib/rake/rake_test_loader.rb:5
/usr/lib/ruby/gems/1.8/gems/rake-0.8.3/lib/rake/rake_test_loader.rb:5:in `each'
/usr/lib/ruby/gems/1.8/gems/rake-0.8.3/lib/rake/rake_test_loader.rb:5
Unable to load subscription, underlying cause no such file to load -- subscription.rb 

 /usr/lib/ruby/gems/1.8/gems/activesupport-2.2.2/lib/active_support/dependencies.rb:382:in `load_without_new_constant_marking'
/usr/lib/ruby/gems/1.8/gems/activesupport-2.2.2/lib/active_support/dependencies.rb:382:in `load_file'
/usr/lib/ruby/gems/1.8/gems/activesupport-2.2.2/lib/active_support/dependencies.rb:521:in `new_constants_in'
/usr/lib/ruby/gems/1.8/gems/activesupport-2.2.2/lib/active_support/dependencies.rb:381:in `load_file'
/usr/lib/ruby/gems/1.8/gems/activesupport-2.2.2/lib/active_support/dependencies.rb:256:in `require_or_load'
/usr/lib/ruby/gems/1.8/gems/activesupport-2.2.2/lib/active_support/dependencies.rb:221:in `depend_on'
/usr/lib/ruby/gems/1.8/gems/activesupport-2.2.2/lib/active_support/dependencies.rb:133:in `require_dependency'
/usr/lib/ruby/gems/1.8/gems/activerecord-2.2.2/lib/active_record/fixtures.rb:856:in `try_to_load_dependency'
/usr/lib/ruby/gems/1.8/gems/activerecord-2.2.2/lib/active_record/fixtures.rb:871:in `require_fixture_classes'
/usr/lib/ruby/gems/1.8/gems/activerecord-2.2.2/lib/active_record/fixtures.rb:868:in `each'
/usr/lib/ruby/gems/1.8/gems/activerecord-2.2.2/lib/active_record/fixtures.rb:868:in `require_fixture_classes'
/usr/lib/ruby/gems/1.8/gems/activerecord-2.2.2/lib/active_record/fixtures.rb:851:in `fixtures'
./test/unit/../test_helper.rb:31
./test/unit/nested_assignment_test.rb:1:in `require'
./test/unit/nested_assignment_test.rb:1
/usr/lib/ruby/gems/1.8/gems/rake-0.8.3/lib/rake/rake_test_loader.rb:5:in `load'
/usr/lib/ruby/gems/1.8/gems/rake-0.8.3/lib/rake/rake_test_loader.rb:5
/usr/lib/ruby/gems/1.8/gems/rake-0.8.3/lib/rake/rake_test_loader.rb:5:in `each'
/usr/lib/ruby/gems/1.8/gems/rake-0.8.3/lib/rake/rake_test_loader.rb:5
Unable to load address, underlying cause no such file to load -- address.rb 

 /usr/lib/ruby/gems/1.8/gems/activesupport-2.2.2/lib/active_support/dependencies.rb:382:in `load_without_new_constant_marking'
/usr/lib/ruby/gems/1.8/gems/activesupport-2.2.2/lib/active_support/dependencies.rb:382:in `load_file'
/usr/lib/ruby/gems/1.8/gems/activesupport-2.2.2/lib/active_support/dependencies.rb:521:in `new_constants_in'
/usr/lib/ruby/gems/1.8/gems/activesupport-2.2.2/lib/active_support/dependencies.rb:381:in `load_file'
/usr/lib/ruby/gems/1.8/gems/activesupport-2.2.2/lib/active_support/dependencies.rb:256:in `require_or_load'
/usr/lib/ruby/gems/1.8/gems/activesupport-2.2.2/lib/active_support/dependencies.rb:221:in `depend_on'
/usr/lib/ruby/gems/1.8/gems/activesupport-2.2.2/lib/active_support/dependencies.rb:133:in `require_dependency'
/usr/lib/ruby/gems/1.8/gems/activerecord-2.2.2/lib/active_record/fixtures.rb:856:in `try_to_load_dependency'
/usr/lib/ruby/gems/1.8/gems/activerecord-2.2.2/lib/active_record/fixtures.rb:871:in `require_fixture_classes'
/usr/lib/ruby/gems/1.8/gems/activerecord-2.2.2/lib/active_record/fixtures.rb:868:in `each'
/usr/lib/ruby/gems/1.8/gems/activerecord-2.2.2/lib/active_record/fixtures.rb:868:in `require_fixture_classes'
/usr/lib/ruby/gems/1.8/gems/activerecord-2.2.2/lib/active_record/fixtures.rb:851:in `fixtures'
./test/unit/../test_helper.rb:31
./test/unit/nested_assignment_test.rb:1:in `require'
./test/unit/nested_assignment_test.rb:1
/usr/lib/ruby/gems/1.8/gems/rake-0.8.3/lib/rake/rake_test_loader.rb:5:in `load'
/usr/lib/ruby/gems/1.8/gems/rake-0.8.3/lib/rake/rake_test_loader.rb:5
/usr/lib/ruby/gems/1.8/gems/rake-0.8.3/lib/rake/rake_test_loader.rb:5:in `each'
/usr/lib/ruby/gems/1.8/gems/rake-0.8.3/lib/rake/rake_test_loader.rb:5
Unable to load user, underlying cause no such file to load -- user.rb 

 /usr/lib/ruby/gems/1.8/gems/activesupport-2.2.2/lib/active_support/dependencies.rb:382:in `load_without_new_constant_marking'
/usr/lib/ruby/gems/1.8/gems/activesupport-2.2.2/lib/active_support/dependencies.rb:382:in `load_file'
/usr/lib/ruby/gems/1.8/gems/activesupport-2.2.2/lib/active_support/dependencies.rb:521:in `new_constants_in'
/usr/lib/ruby/gems/1.8/gems/activesupport-2.2.2/lib/active_support/dependencies.rb:381:in `load_file'
/usr/lib/ruby/gems/1.8/gems/activesupport-2.2.2/lib/active_support/dependencies.rb:256:in `require_or_load'
/usr/lib/ruby/gems/1.8/gems/activesupport-2.2.2/lib/active_support/dependencies.rb:221:in `depend_on'
/usr/lib/ruby/gems/1.8/gems/activesupport-2.2.2/lib/active_support/dependencies.rb:133:in `require_dependency'
/usr/lib/ruby/gems/1.8/gems/activerecord-2.2.2/lib/active_record/fixtures.rb:856:in `try_to_load_dependency'
/usr/lib/ruby/gems/1.8/gems/activerecord-2.2.2/lib/active_record/fixtures.rb:871:in `require_fixture_classes'
/usr/lib/ruby/gems/1.8/gems/activerecord-2.2.2/lib/active_record/fixtures.rb:868:in `each'
/usr/lib/ruby/gems/1.8/gems/activerecord-2.2.2/lib/active_record/fixtures.rb:868:in `require_fixture_classes'
/usr/lib/ruby/gems/1.8/gems/activerecord-2.2.2/lib/active_record/fixtures.rb:851:in `fixtures'
./test/unit/../test_helper.rb:31
./test/unit/nested_assignment_test.rb:1:in `require'
./test/unit/nested_assignment_test.rb:1
/usr/lib/ruby/gems/1.8/gems/rake-0.8.3/lib/rake/rake_test_loader.rb:5:in `load'
/usr/lib/ruby/gems/1.8/gems/rake-0.8.3/lib/rake/rake_test_loader.rb:5
/usr/lib/ruby/gems/1.8/gems/rake-0.8.3/lib/rake/rake_test_loader.rb:5:in `each'
/usr/lib/ruby/gems/1.8/gems/rake-0.8.3/lib/rake/rake_test_loader.rb:5
Unable to load role, underlying cause no such file to load -- role.rb 

 /usr/lib/ruby/gems/1.8/gems/activesupport-2.2.2/lib/active_support/dependencies.rb:382:in `load_without_new_constant_marking'
/usr/lib/ruby/gems/1.8/gems/activesupport-2.2.2/lib/active_support/dependencies.rb:382:in `load_file'
/usr/lib/ruby/gems/1.8/gems/activesupport-2.2.2/lib/active_support/dependencies.rb:521:in `new_constants_in'
/usr/lib/ruby/gems/1.8/gems/activesupport-2.2.2/lib/active_support/dependencies.rb:381:in `load_file'
/usr/lib/ruby/gems/1.8/gems/activesupport-2.2.2/lib/active_support/dependencies.rb:256:in `require_or_load'
/usr/lib/ruby/gems/1.8/gems/activesupport-2.2.2/lib/active_support/dependencies.rb:221:in `depend_on'
/usr/lib/ruby/gems/1.8/gems/activesupport-2.2.2/lib/active_support/dependencies.rb:133:in `require_dependency'
/usr/lib/ruby/gems/1.8/gems/activerecord-2.2.2/lib/active_record/fixtures.rb:856:in `try_to_load_dependency'
/usr/lib/ruby/gems/1.8/gems/activerecord-2.2.2/lib/active_record/fixtures.rb:871:in `require_fixture_classes'
/usr/lib/ruby/gems/1.8/gems/activerecord-2.2.2/lib/active_record/fixtures.rb:868:in `each'
/usr/lib/ruby/gems/1.8/gems/activerecord-2.2.2/lib/active_record/fixtures.rb:868:in `require_fixture_classes'
/usr/lib/ruby/gems/1.8/gems/activerecord-2.2.2/lib/active_record/fixtures.rb:851:in `fixtures'
./test/unit/../test_helper.rb:31
./test/unit/nested_assignment_test.rb:1:in `require'
./test/unit/nested_assignment_test.rb:1
/usr/lib/ruby/gems/1.8/gems/rake-0.8.3/lib/rake/rake_test_loader.rb:5:in `load'
/usr/lib/ruby/gems/1.8/gems/rake-0.8.3/lib/rake/rake_test_loader.rb:5
/usr/lib/ruby/gems/1.8/gems/rake-0.8.3/lib/rake/rake_test_loader.rb:5:in `each'
/usr/lib/ruby/gems/1.8/gems/rake-0.8.3/lib/rake/rake_test_loader.rb:5
  [4;35;1mPluginTestModels::User Load (0.2ms)[0m   [0mSELECT * FROM "users" LIMIT 1[0m
  [4;36;1mSQL (0.2ms)[0m   [0;1mselect sqlite_version(*)[0m
  [4;35;1mSQL (0.1ms)[0m   [0m SELECT name
 FROM sqlite_master
 WHERE type = 'table' AND NOT name = 'sqlite_sequence'
[0m
  [4;36;1mSQL (0.3ms)[0m   [0;1mCREATE TABLE "addresses" ("id" INTEGER PRIMARY KEY AUTOINCREMENT NOT NULL, "name" varchar(255), "addressable_id" integer, "addressable_type" varchar(255)) [0m
  [4;35;1mSQL (0.1ms)[0m   [0m SELECT name
 FROM sqlite_master
 WHERE type = 'table' AND NOT name = 'sqlite_sequence'
[0m
  [4;36;1mSQL (0.1ms)[0m   [0;1mCREATE TABLE "users" ("id" INTEGER PRIMARY KEY AUTOINCREMENT NOT NULL, "name" varchar(255)) [0m
  [4;35;1mSQL (0.2ms)[0m   [0m SELECT name
 FROM sqlite_master
 WHERE type = 'table' AND NOT name = 'sqlite_sequence'
[0m
  [4;36;1mSQL (0.1ms)[0m   [0;1mCREATE TABLE "roles_users" ("user_id" integer, "role_id" integer) [0m
  [4;35;1mSQL (0.2ms)[0m   [0m SELECT name
 FROM sqlite_master
 WHERE type = 'table' AND NOT name = 'sqlite_sequence'
[0m
  [4;36;1mSQL (0.1ms)[0m   [0;1mCREATE TABLE "services" ("id" INTEGER PRIMARY KEY AUTOINCREMENT NOT NULL, "name" varchar(255)) [0m
  [4;35;1mSQL (0.2ms)[0m   [0m SELECT name
 FROM sqlite_master
 WHERE type = 'table' AND NOT name = 'sqlite_sequence'
[0m
  [4;36;1mSQL (0.1ms)[0m   [0;1mCREATE TABLE "subscriptions" ("id" INTEGER PRIMARY KEY AUTOINCREMENT NOT NULL, "name" varchar(255), "service_id" integer, "user_id" integer) [0m
  [4;35;1mSQL (0.3ms)[0m   [0m SELECT name
 FROM sqlite_master
 WHERE type = 'table' AND NOT name = 'sqlite_sequence'
[0m
  [4;36;1mSQL (0.1ms)[0m   [0;1mCREATE TABLE "roles" ("id" INTEGER PRIMARY KEY AUTOINCREMENT NOT NULL, "name" varchar(255)) [0m
  [4;35;1mSQL (0.3ms)[0m   [0m SELECT name
 FROM sqlite_master
 WHERE type = 'table' AND NOT name = 'sqlite_sequence'
[0m
  [4;36;1mSQL (0.1ms)[0m   [0;1mCREATE TABLE "schema_migrations" ("version" varchar(255) NOT NULL) [0m
  [4;35;1mSQL (0.1ms)[0m   [0mCREATE UNIQUE INDEX "unique_schema_migrations" ON "schema_migrations" ("version")[0m
  [4;36;1mSQL (0.4ms)[0m   [0;1m SELECT name
 FROM sqlite_master
 WHERE type = 'table' AND NOT name = 'sqlite_sequence'
[0m
  [4;35;1mSQL (0.1ms)[0m   [0mSELECT version FROM "schema_migrations"[0m
  [4;36;1mSQL (0.1ms)[0m   [0;1mINSERT INTO "schema_migrations" (version) VALUES ('1')[0m
Unable to load roles_user, underlying cause no such file to load -- roles_user.rb 

 /usr/lib/ruby/gems/1.8/gems/activesupport-2.2.2/lib/active_support/dependencies.rb:382:in `load_without_new_constant_marking'
/usr/lib/ruby/gems/1.8/gems/activesupport-2.2.2/lib/active_support/dependencies.rb:382:in `load_file'
/usr/lib/ruby/gems/1.8/gems/activesupport-2.2.2/lib/active_support/dependencies.rb:521:in `new_constants_in'
/usr/lib/ruby/gems/1.8/gems/activesupport-2.2.2/lib/active_support/dependencies.rb:381:in `load_file'
/usr/lib/ruby/gems/1.8/gems/activesupport-2.2.2/lib/active_support/dependencies.rb:256:in `require_or_load'
/usr/lib/ruby/gems/1.8/gems/activesupport-2.2.2/lib/active_support/dependencies.rb:221:in `depend_on'
/usr/lib/ruby/gems/1.8/gems/activesupport-2.2.2/lib/active_support/dependencies.rb:133:in `require_dependency'
/usr/lib/ruby/gems/1.8/gems/activerecord-2.2.2/lib/active_record/fixtures.rb:856:in `try_to_load_dependency'
/usr/lib/ruby/gems/1.8/gems/activerecord-2.2.2/lib/active_record/fixtures.rb:871:in `require_fixture_classes'
/usr/lib/ruby/gems/1.8/gems/activerecord-2.2.2/lib/active_record/fixtures.rb:868:in `each'
/usr/lib/ruby/gems/1.8/gems/activerecord-2.2.2/lib/active_record/fixtures.rb:868:in `require_fixture_classes'
/usr/lib/ruby/gems/1.8/gems/activerecord-2.2.2/lib/active_record/fixtures.rb:851:in `fixtures'
./test/unit/../test_helper.rb:31
./test/unit/nested_assignment_test.rb:1:in `require'
./test/unit/nested_assignment_test.rb:1
/usr/lib/ruby/gems/1.8/gems/rake-0.8.3/lib/rake/rake_test_loader.rb:5:in `load'
/usr/lib/ruby/gems/1.8/gems/rake-0.8.3/lib/rake/rake_test_loader.rb:5
/usr/lib/ruby/gems/1.8/gems/rake-0.8.3/lib/rake/rake_test_loader.rb:5:in `each'
/usr/lib/ruby/gems/1.8/gems/rake-0.8.3/lib/rake/rake_test_loader.rb:5
Unable to load service, underlying cause no such file to load -- service.rb 

 /usr/lib/ruby/gems/1.8/gems/activesupport-2.2.2/lib/active_support/dependencies.rb:382:in `load_without_new_constant_marking'
/usr/lib/ruby/gems/1.8/gems/activesupport-2.2.2/lib/active_support/dependencies.rb:382:in `load_file'
/usr/lib/ruby/gems/1.8/gems/activesupport-2.2.2/lib/active_support/dependencies.rb:521:in `new_constants_in'
/usr/lib/ruby/gems/1.8/gems/activesupport-2.2.2/lib/active_support/dependencies.rb:381:in `load_file'
/usr/lib/ruby/gems/1.8/gems/activesupport-2.2.2/lib/active_support/dependencies.rb:256:in `require_or_load'
/usr/lib/ruby/gems/1.8/gems/activesupport-2.2.2/lib/active_support/dependencies.rb:221:in `depend_on'
/usr/lib/ruby/gems/1.8/gems/activesupport-2.2.2/lib/active_support/dependencies.rb:133:in `require_dependency'
/usr/lib/ruby/gems/1.8/gems/activerecord-2.2.2/lib/active_record/fixtures.rb:856:in `try_to_load_dependency'
/usr/lib/ruby/gems/1.8/gems/activerecord-2.2.2/lib/active_record/fixtures.rb:871:in `require_fixture_classes'
/usr/lib/ruby/gems/1.8/gems/activerecord-2.2.2/lib/active_record/fixtures.rb:868:in `each'
/usr/lib/ruby/gems/1.8/gems/activerecord-2.2.2/lib/active_record/fixtures.rb:868:in `require_fixture_classes'
/usr/lib/ruby/gems/1.8/gems/activerecord-2.2.2/lib/active_record/fixtures.rb:851:in `fixtures'
./test/unit/../test_helper.rb:31
./test/unit/nested_assignment_test.rb:1:in `require'
./test/unit/nested_assignment_test.rb:1
/usr/lib/ruby/gems/1.8/gems/rake-0.8.3/lib/rake/rake_test_loader.rb:5:in `load'
/usr/lib/ruby/gems/1.8/gems/rake-0.8.3/lib/rake/rake_test_loader.rb:5
/usr/lib/ruby/gems/1.8/gems/rake-0.8.3/lib/rake/rake_test_loader.rb:5:in `each'
/usr/lib/ruby/gems/1.8/gems/rake-0.8.3/lib/rake/rake_test_loader.rb:5
Unable to load subscription, underlying cause no such file to load -- subscription.rb 

 /usr/lib/ruby/gems/1.8/gems/activesupport-2.2.2/lib/active_support/dependencies.rb:382:in `load_without_new_constant_marking'
/usr/lib/ruby/gems/1.8/gems/activesupport-2.2.2/lib/active_support/dependencies.rb:382:in `load_file'
/usr/lib/ruby/gems/1.8/gems/activesupport-2.2.2/lib/active_support/dependencies.rb:521:in `new_constants_in'
/usr/lib/ruby/gems/1.8/gems/activesupport-2.2.2/lib/active_support/dependencies.rb:381:in `load_file'
/usr/lib/ruby/gems/1.8/gems/activesupport-2.2.2/lib/active_support/dependencies.rb:256:in `require_or_load'
/usr/lib/ruby/gems/1.8/gems/activesupport-2.2.2/lib/active_support/dependencies.rb:221:in `depend_on'
/usr/lib/ruby/gems/1.8/gems/activesupport-2.2.2/lib/active_support/dependencies.rb:133:in `require_dependency'
/usr/lib/ruby/gems/1.8/gems/activerecord-2.2.2/lib/active_record/fixtures.rb:856:in `try_to_load_dependency'
/usr/lib/ruby/gems/1.8/gems/activerecord-2.2.2/lib/active_record/fixtures.rb:871:in `require_fixture_classes'
/usr/lib/ruby/gems/1.8/gems/activerecord-2.2.2/lib/active_record/fixtures.rb:868:in `each'
/usr/lib/ruby/gems/1.8/gems/activerecord-2.2.2/lib/active_record/fixtures.rb:868:in `require_fixture_classes'
/usr/lib/ruby/gems/1.8/gems/activerecord-2.2.2/lib/active_record/fixtures.rb:851:in `fixtures'
./test/unit/../test_helper.rb:31
./test/unit/nested_assignment_test.rb:1:in `require'
./test/unit/nested_assignment_test.rb:1
/usr/lib/ruby/gems/1.8/gems/rake-0.8.3/lib/rake/rake_test_loader.rb:5:in `load'
/usr/lib/ruby/gems/1.8/gems/rake-0.8.3/lib/rake/rake_test_loader.rb:5
/usr/lib/ruby/gems/1.8/gems/rake-0.8.3/lib/rake/rake_test_loader.rb:5:in `each'
/usr/lib/ruby/gems/1.8/gems/rake-0.8.3/lib/rake/rake_test_loader.rb:5
Unable to load address, underlying cause no such file to load -- address.rb 

 /usr/lib/ruby/gems/1.8/gems/activesupport-2.2.2/lib/active_support/dependencies.rb:382:in `load_without_new_constant_marking'
/usr/lib/ruby/gems/1.8/gems/activesupport-2.2.2/lib/active_support/dependencies.rb:382:in `load_file'
/usr/lib/ruby/gems/1.8/gems/activesupport-2.2.2/lib/active_support/dependencies.rb:521:in `new_constants_in'
/usr/lib/ruby/gems/1.8/gems/activesupport-2.2.2/lib/active_support/dependencies.rb:381:in `load_file'
/usr/lib/ruby/gems/1.8/gems/activesupport-2.2.2/lib/active_support/dependencies.rb:256:in `require_or_load'
/usr/lib/ruby/gems/1.8/gems/activesupport-2.2.2/lib/active_support/dependencies.rb:221:in `depend_on'
/usr/lib/ruby/gems/1.8/gems/activesupport-2.2.2/lib/active_support/dependencies.rb:133:in `require_dependency'
/usr/lib/ruby/gems/1.8/gems/activerecord-2.2.2/lib/active_record/fixtures.rb:856:in `try_to_load_dependency'
/usr/lib/ruby/gems/1.8/gems/activerecord-2.2.2/lib/active_record/fixtures.rb:871:in `require_fixture_classes'
/usr/lib/ruby/gems/1.8/gems/activerecord-2.2.2/lib/active_record/fixtures.rb:868:in `each'
/usr/lib/ruby/gems/1.8/gems/activerecord-2.2.2/lib/active_record/fixtures.rb:868:in `require_fixture_classes'
/usr/lib/ruby/gems/1.8/gems/activerecord-2.2.2/lib/active_record/fixtures.rb:851:in `fixtures'
./test/unit/../test_helper.rb:31
./test/unit/nested_assignment_test.rb:1:in `require'
./test/unit/nested_assignment_test.rb:1
/usr/lib/ruby/gems/1.8/gems/rake-0.8.3/lib/rake/rake_test_loader.rb:5:in `load'
/usr/lib/ruby/gems/1.8/gems/rake-0.8.3/lib/rake/rake_test_loader.rb:5
/usr/lib/ruby/gems/1.8/gems/rake-0.8.3/lib/rake/rake_test_loader.rb:5:in `each'
/usr/lib/ruby/gems/1.8/gems/rake-0.8.3/lib/rake/rake_test_loader.rb:5
Unable to load user, underlying cause no such file to load -- user.rb 

 /usr/lib/ruby/gems/1.8/gems/activesupport-2.2.2/lib/active_support/dependencies.rb:382:in `load_without_new_constant_marking'
/usr/lib/ruby/gems/1.8/gems/activesupport-2.2.2/lib/active_support/dependencies.rb:382:in `load_file'
/usr/lib/ruby/gems/1.8/gems/activesupport-2.2.2/lib/active_support/dependencies.rb:521:in `new_constants_in'
/usr/lib/ruby/gems/1.8/gems/activesupport-2.2.2/lib/active_support/dependencies.rb:381:in `load_file'
/usr/lib/ruby/gems/1.8/gems/activesupport-2.2.2/lib/active_support/dependencies.rb:256:in `require_or_load'
/usr/lib/ruby/gems/1.8/gems/activesupport-2.2.2/lib/active_support/dependencies.rb:221:in `depend_on'
/usr/lib/ruby/gems/1.8/gems/activesupport-2.2.2/lib/active_support/dependencies.rb:133:in `require_dependency'
/usr/lib/ruby/gems/1.8/gems/activerecord-2.2.2/lib/active_record/fixtures.rb:856:in `try_to_load_dependency'
/usr/lib/ruby/gems/1.8/gems/activerecord-2.2.2/lib/active_record/fixtures.rb:871:in `require_fixture_classes'
/usr/lib/ruby/gems/1.8/gems/activerecord-2.2.2/lib/active_record/fixtures.rb:868:in `each'
/usr/lib/ruby/gems/1.8/gems/activerecord-2.2.2/lib/active_record/fixtures.rb:868:in `require_fixture_classes'
/usr/lib/ruby/gems/1.8/gems/activerecord-2.2.2/lib/active_record/fixtures.rb:851:in `fixtures'
./test/unit/../test_helper.rb:31
./test/unit/nested_assignment_test.rb:1:in `require'
./test/unit/nested_assignment_test.rb:1
/usr/lib/ruby/gems/1.8/gems/rake-0.8.3/lib/rake/rake_test_loader.rb:5:in `load'
/usr/lib/ruby/gems/1.8/gems/rake-0.8.3/lib/rake/rake_test_loader.rb:5
/usr/lib/ruby/gems/1.8/gems/rake-0.8.3/lib/rake/rake_test_loader.rb:5:in `each'
/usr/lib/ruby/gems/1.8/gems/rake-0.8.3/lib/rake/rake_test_loader.rb:5
Unable to load role, underlying cause no such file to load -- role.rb 

 /usr/lib/ruby/gems/1.8/gems/activesupport-2.2.2/lib/active_support/dependencies.rb:382:in `load_without_new_constant_marking'
/usr/lib/ruby/gems/1.8/gems/activesupport-2.2.2/lib/active_support/dependencies.rb:382:in `load_file'
/usr/lib/ruby/gems/1.8/gems/activesupport-2.2.2/lib/active_support/dependencies.rb:521:in `new_constants_in'
/usr/lib/ruby/gems/1.8/gems/activesupport-2.2.2/lib/active_support/dependencies.rb:381:in `load_file'
/usr/lib/ruby/gems/1.8/gems/activesupport-2.2.2/lib/active_support/dependencies.rb:256:in `require_or_load'
/usr/lib/ruby/gems/1.8/gems/activesupport-2.2.2/lib/active_support/dependencies.rb:221:in `depend_on'
/usr/lib/ruby/gems/1.8/gems/activesupport-2.2.2/lib/active_support/dependencies.rb:133:in `require_dependency'
/usr/lib/ruby/gems/1.8/gems/activerecord-2.2.2/lib/active_record/fixtures.rb:856:in `try_to_load_dependency'
/usr/lib/ruby/gems/1.8/gems/activerecord-2.2.2/lib/active_record/fixtures.rb:871:in `require_fixture_classes'
/usr/lib/ruby/gems/1.8/gems/activerecord-2.2.2/lib/active_record/fixtures.rb:868:in `each'
/usr/lib/ruby/gems/1.8/gems/activerecord-2.2.2/lib/active_record/fixtures.rb:868:in `require_fixture_classes'
/usr/lib/ruby/gems/1.8/gems/activerecord-2.2.2/lib/active_record/fixtures.rb:851:in `fixtures'
./test/unit/../test_helper.rb:31
./test/unit/nested_assignment_test.rb:1:in `require'
./test/unit/nested_assignment_test.rb:1
/usr/lib/ruby/gems/1.8/gems/rake-0.8.3/lib/rake/rake_test_loader.rb:5:in `load'
/usr/lib/ruby/gems/1.8/gems/rake-0.8.3/lib/rake/rake_test_loader.rb:5
/usr/lib/ruby/gems/1.8/gems/rake-0.8.3/lib/rake/rake_test_loader.rb:5:in `each'
/usr/lib/ruby/gems/1.8/gems/rake-0.8.3/lib/rake/rake_test_loader.rb:5
  [4;35;1mPluginTestModels::User Load (0.2ms)[0m   [0mSELECT * FROM "users" LIMIT 1[0m
  [4;36;1mSQL (0.3ms)[0m   [0;1mselect sqlite_version(*)[0m
  [4;35;1mSQL (0.2ms)[0m   [0m SELECT name
 FROM sqlite_master
 WHERE type = 'table' AND NOT name = 'sqlite_sequence'
[0m
  [4;36;1mSQL (0.4ms)[0m   [0;1mCREATE TABLE "addresses" ("id" INTEGER PRIMARY KEY AUTOINCREMENT NOT NULL, "name" varchar(255), "addressable_id" integer, "addressable_type" varchar(255)) [0m
  [4;35;1mSQL (0.2ms)[0m   [0m SELECT name
 FROM sqlite_master
 WHERE type = 'table' AND NOT name = 'sqlite_sequence'
[0m
  [4;36;1mSQL (0.2ms)[0m   [0;1mCREATE TABLE "users" ("id" INTEGER PRIMARY KEY AUTOINCREMENT NOT NULL, "name" varchar(255)) [0m
  [4;35;1mSQL (0.2ms)[0m   [0m SELECT name
 FROM sqlite_master
 WHERE type = 'table' AND NOT name = 'sqlite_sequence'
[0m
  [4;36;1mSQL (0.2ms)[0m   [0;1mCREATE TABLE "roles_users" ("user_id" integer, "role_id" integer) [0m
  [4;35;1mSQL (0.3ms)[0m   [0m SELECT name
 FROM sqlite_master
 WHERE type = 'table' AND NOT name = 'sqlite_sequence'
[0m
  [4;36;1mSQL (0.2ms)[0m   [0;1mCREATE TABLE "services" ("id" INTEGER PRIMARY KEY AUTOINCREMENT NOT NULL, "name" varchar(255)) [0m
  [4;35;1mSQL (0.4ms)[0m   [0m SELECT name
 FROM sqlite_master
 WHERE type = 'table' AND NOT name = 'sqlite_sequence'
[0m
  [4;36;1mSQL (0.2ms)[0m   [0;1mCREATE TABLE "subscriptions" ("id" INTEGER PRIMARY KEY AUTOINCREMENT NOT NULL, "name" varchar(255), "service_id" integer, "user_id" integer) [0m
  [4;35;1mSQL (0.4ms)[0m   [0m SELECT name
 FROM sqlite_master
 WHERE type = 'table' AND NOT name = 'sqlite_sequence'
[0m
  [4;36;1mSQL (0.2ms)[0m   [0;1mCREATE TABLE "roles" ("id" INTEGER PRIMARY KEY AUTOINCREMENT NOT NULL, "name" varchar(255)) [0m
  [4;35;1mSQL (0.5ms)[0m   [0m SELECT name
 FROM sqlite_master
 WHERE type = 'table' AND NOT name = 'sqlite_sequence'
[0m
  [4;36;1mSQL (0.2ms)[0m   [0;1mCREATE TABLE "schema_migrations" ("version" varchar(255) NOT NULL) [0m
  [4;35;1mSQL (0.2ms)[0m   [0mCREATE UNIQUE INDEX "unique_schema_migrations" ON "schema_migrations" ("version")[0m
  [4;36;1mSQL (0.5ms)[0m   [0;1m SELECT name
 FROM sqlite_master
 WHERE type = 'table' AND NOT name = 'sqlite_sequence'
[0m
  [4;35;1mSQL (0.1ms)[0m   [0mSELECT version FROM "schema_migrations"[0m
  [4;36;1mSQL (0.1ms)[0m   [0;1mINSERT INTO "schema_migrations" (version) VALUES ('1')[0m
Unable to load roles_user, underlying cause no such file to load -- roles_user.rb 

 /usr/lib/ruby/gems/1.8/gems/activesupport-2.2.2/lib/active_support/dependencies.rb:382:in `load_without_new_constant_marking'
/usr/lib/ruby/gems/1.8/gems/activesupport-2.2.2/lib/active_support/dependencies.rb:382:in `load_file'
/usr/lib/ruby/gems/1.8/gems/activesupport-2.2.2/lib/active_support/dependencies.rb:521:in `new_constants_in'
/usr/lib/ruby/gems/1.8/gems/activesupport-2.2.2/lib/active_support/dependencies.rb:381:in `load_file'
/usr/lib/ruby/gems/1.8/gems/activesupport-2.2.2/lib/active_support/dependencies.rb:256:in `require_or_load'
/usr/lib/ruby/gems/1.8/gems/activesupport-2.2.2/lib/active_support/dependencies.rb:221:in `depend_on'
/usr/lib/ruby/gems/1.8/gems/activesupport-2.2.2/lib/active_support/dependencies.rb:133:in `require_dependency'
/usr/lib/ruby/gems/1.8/gems/activerecord-2.2.2/lib/active_record/fixtures.rb:856:in `try_to_load_dependency'
/usr/lib/ruby/gems/1.8/gems/activerecord-2.2.2/lib/active_record/fixtures.rb:871:in `require_fixture_classes'
/usr/lib/ruby/gems/1.8/gems/activerecord-2.2.2/lib/active_record/fixtures.rb:868:in `each'
/usr/lib/ruby/gems/1.8/gems/activerecord-2.2.2/lib/active_record/fixtures.rb:868:in `require_fixture_classes'
/usr/lib/ruby/gems/1.8/gems/activerecord-2.2.2/lib/active_record/fixtures.rb:851:in `fixtures'
./test/unit/../test_helper.rb:31
./test/unit/nested_assignment_test.rb:1:in `require'
./test/unit/nested_assignment_test.rb:1
/usr/lib/ruby/gems/1.8/gems/rake-0.8.3/lib/rake/rake_test_loader.rb:5:in `load'
/usr/lib/ruby/gems/1.8/gems/rake-0.8.3/lib/rake/rake_test_loader.rb:5
/usr/lib/ruby/gems/1.8/gems/rake-0.8.3/lib/rake/rake_test_loader.rb:5:in `each'
/usr/lib/ruby/gems/1.8/gems/rake-0.8.3/lib/rake/rake_test_loader.rb:5
Unable to load service, underlying cause no such file to load -- service.rb 

 /usr/lib/ruby/gems/1.8/gems/activesupport-2.2.2/lib/active_support/dependencies.rb:382:in `load_without_new_constant_marking'
/usr/lib/ruby/gems/1.8/gems/activesupport-2.2.2/lib/active_support/dependencies.rb:382:in `load_file'
/usr/lib/ruby/gems/1.8/gems/activesupport-2.2.2/lib/active_support/dependencies.rb:521:in `new_constants_in'
/usr/lib/ruby/gems/1.8/gems/activesupport-2.2.2/lib/active_support/dependencies.rb:381:in `load_file'
/usr/lib/ruby/gems/1.8/gems/activesupport-2.2.2/lib/active_support/dependencies.rb:256:in `require_or_load'
/usr/lib/ruby/gems/1.8/gems/activesupport-2.2.2/lib/active_support/dependencies.rb:221:in `depend_on'
/usr/lib/ruby/gems/1.8/gems/activesupport-2.2.2/lib/active_support/dependencies.rb:133:in `require_dependency'
/usr/lib/ruby/gems/1.8/gems/activerecord-2.2.2/lib/active_record/fixtures.rb:856:in `try_to_load_dependency'
/usr/lib/ruby/gems/1.8/gems/activerecord-2.2.2/lib/active_record/fixtures.rb:871:in `require_fixture_classes'
/usr/lib/ruby/gems/1.8/gems/activerecord-2.2.2/lib/active_record/fixtures.rb:868:in `each'
/usr/lib/ruby/gems/1.8/gems/activerecord-2.2.2/lib/active_record/fixtures.rb:868:in `require_fixture_classes'
/usr/lib/ruby/gems/1.8/gems/activerecord-2.2.2/lib/active_record/fixtures.rb:851:in `fixtures'
./test/unit/../test_helper.rb:31
./test/unit/nested_assignment_test.rb:1:in `require'
./test/unit/nested_assignment_test.rb:1
/usr/lib/ruby/gems/1.8/gems/rake-0.8.3/lib/rake/rake_test_loader.rb:5:in `load'
/usr/lib/ruby/gems/1.8/gems/rake-0.8.3/lib/rake/rake_test_loader.rb:5
/usr/lib/ruby/gems/1.8/gems/rake-0.8.3/lib/rake/rake_test_loader.rb:5:in `each'
/usr/lib/ruby/gems/1.8/gems/rake-0.8.3/lib/rake/rake_test_loader.rb:5
Unable to load subscription, underlying cause no such file to load -- subscription.rb 

 /usr/lib/ruby/gems/1.8/gems/activesupport-2.2.2/lib/active_support/dependencies.rb:382:in `load_without_new_constant_marking'
/usr/lib/ruby/gems/1.8/gems/activesupport-2.2.2/lib/active_support/dependencies.rb:382:in `load_file'
/usr/lib/ruby/gems/1.8/gems/activesupport-2.2.2/lib/active_support/dependencies.rb:521:in `new_constants_in'
/usr/lib/ruby/gems/1.8/gems/activesupport-2.2.2/lib/active_support/dependencies.rb:381:in `load_file'
/usr/lib/ruby/gems/1.8/gems/activesupport-2.2.2/lib/active_support/dependencies.rb:256:in `require_or_load'
/usr/lib/ruby/gems/1.8/gems/activesupport-2.2.2/lib/active_support/dependencies.rb:221:in `depend_on'
/usr/lib/ruby/gems/1.8/gems/activesupport-2.2.2/lib/active_support/dependencies.rb:133:in `require_dependency'
/usr/lib/ruby/gems/1.8/gems/activerecord-2.2.2/lib/active_record/fixtures.rb:856:in `try_to_load_dependency'
/usr/lib/ruby/gems/1.8/gems/activerecord-2.2.2/lib/active_record/fixtures.rb:871:in `require_fixture_classes'
/usr/lib/ruby/gems/1.8/gems/activerecord-2.2.2/lib/active_record/fixtures.rb:868:in `each'
/usr/lib/ruby/gems/1.8/gems/activerecord-2.2.2/lib/active_record/fixtures.rb:868:in `require_fixture_classes'
/usr/lib/ruby/gems/1.8/gems/activerecord-2.2.2/lib/active_record/fixtures.rb:851:in `fixtures'
./test/unit/../test_helper.rb:31
./test/unit/nested_assignment_test.rb:1:in `require'
./test/unit/nested_assignment_test.rb:1
/usr/lib/ruby/gems/1.8/gems/rake-0.8.3/lib/rake/rake_test_loader.rb:5:in `load'
/usr/lib/ruby/gems/1.8/gems/rake-0.8.3/lib/rake/rake_test_loader.rb:5
/usr/lib/ruby/gems/1.8/gems/rake-0.8.3/lib/rake/rake_test_loader.rb:5:in `each'
/usr/lib/ruby/gems/1.8/gems/rake-0.8.3/lib/rake/rake_test_loader.rb:5
Unable to load address, underlying cause no such file to load -- address.rb 

 /usr/lib/ruby/gems/1.8/gems/activesupport-2.2.2/lib/active_support/dependencies.rb:382:in `load_without_new_constant_marking'
/usr/lib/ruby/gems/1.8/gems/activesupport-2.2.2/lib/active_support/dependencies.rb:382:in `load_file'
/usr/lib/ruby/gems/1.8/gems/activesupport-2.2.2/lib/active_support/dependencies.rb:521:in `new_constants_in'
/usr/lib/ruby/gems/1.8/gems/activesupport-2.2.2/lib/active_support/dependencies.rb:381:in `load_file'
/usr/lib/ruby/gems/1.8/gems/activesupport-2.2.2/lib/active_support/dependencies.rb:256:in `require_or_load'
/usr/lib/ruby/gems/1.8/gems/activesupport-2.2.2/lib/active_support/dependencies.rb:221:in `depend_on'
/usr/lib/ruby/gems/1.8/gems/activesupport-2.2.2/lib/active_support/dependencies.rb:133:in `require_dependency'
/usr/lib/ruby/gems/1.8/gems/activerecord-2.2.2/lib/active_record/fixtures.rb:856:in `try_to_load_dependency'
/usr/lib/ruby/gems/1.8/gems/activerecord-2.2.2/lib/active_record/fixtures.rb:871:in `require_fixture_classes'
/usr/lib/ruby/gems/1.8/gems/activerecord-2.2.2/lib/active_record/fixtures.rb:868:in `each'
/usr/lib/ruby/gems/1.8/gems/activerecord-2.2.2/lib/active_record/fixtures.rb:868:in `require_fixture_classes'
/usr/lib/ruby/gems/1.8/gems/activerecord-2.2.2/lib/active_record/fixtures.rb:851:in `fixtures'
./test/unit/../test_helper.rb:31
./test/unit/nested_assignment_test.rb:1:in `require'
./test/unit/nested_assignment_test.rb:1
/usr/lib/ruby/gems/1.8/gems/rake-0.8.3/lib/rake/rake_test_loader.rb:5:in `load'
/usr/lib/ruby/gems/1.8/gems/rake-0.8.3/lib/rake/rake_test_loader.rb:5
/usr/lib/ruby/gems/1.8/gems/rake-0.8.3/lib/rake/rake_test_loader.rb:5:in `each'
/usr/lib/ruby/gems/1.8/gems/rake-0.8.3/lib/rake/rake_test_loader.rb:5
Unable to load user, underlying cause no such file to load -- user.rb 

 /usr/lib/ruby/gems/1.8/gems/activesupport-2.2.2/lib/active_support/dependencies.rb:382:in `load_without_new_constant_marking'
/usr/lib/ruby/gems/1.8/gems/activesupport-2.2.2/lib/active_support/dependencies.rb:382:in `load_file'
/usr/lib/ruby/gems/1.8/gems/activesupport-2.2.2/lib/active_support/dependencies.rb:521:in `new_constants_in'
/usr/lib/ruby/gems/1.8/gems/activesupport-2.2.2/lib/active_support/dependencies.rb:381:in `load_file'
/usr/lib/ruby/gems/1.8/gems/activesupport-2.2.2/lib/active_support/dependencies.rb:256:in `require_or_load'
/usr/lib/ruby/gems/1.8/gems/activesupport-2.2.2/lib/active_support/dependencies.rb:221:in `depend_on'
/usr/lib/ruby/gems/1.8/gems/activesupport-2.2.2/lib/active_support/dependencies.rb:133:in `require_dependency'
/usr/lib/ruby/gems/1.8/gems/activerecord-2.2.2/lib/active_record/fixtures.rb:856:in `try_to_load_dependency'
/usr/lib/ruby/gems/1.8/gems/activerecord-2.2.2/lib/active_record/fixtures.rb:871:in `require_fixture_classes'
/usr/lib/ruby/gems/1.8/gems/activerecord-2.2.2/lib/active_record/fixtures.rb:868:in `each'
/usr/lib/ruby/gems/1.8/gems/activerecord-2.2.2/lib/active_record/fixtures.rb:868:in `require_fixture_classes'
/usr/lib/ruby/gems/1.8/gems/activerecord-2.2.2/lib/active_record/fixtures.rb:851:in `fixtures'
./test/unit/../test_helper.rb:31
./test/unit/nested_assignment_test.rb:1:in `require'
./test/unit/nested_assignment_test.rb:1
/usr/lib/ruby/gems/1.8/gems/rake-0.8.3/lib/rake/rake_test_loader.rb:5:in `load'
/usr/lib/ruby/gems/1.8/gems/rake-0.8.3/lib/rake/rake_test_loader.rb:5
/usr/lib/ruby/gems/1.8/gems/rake-0.8.3/lib/rake/rake_test_loader.rb:5:in `each'
/usr/lib/ruby/gems/1.8/gems/rake-0.8.3/lib/rake/rake_test_loader.rb:5
Unable to load role, underlying cause no such file to load -- role.rb 

 /usr/lib/ruby/gems/1.8/gems/activesupport-2.2.2/lib/active_support/dependencies.rb:382:in `load_without_new_constant_marking'
/usr/lib/ruby/gems/1.8/gems/activesupport-2.2.2/lib/active_support/dependencies.rb:382:in `load_file'
/usr/lib/ruby/gems/1.8/gems/activesupport-2.2.2/lib/active_support/dependencies.rb:521:in `new_constants_in'
/usr/lib/ruby/gems/1.8/gems/activesupport-2.2.2/lib/active_support/dependencies.rb:381:in `load_file'
/usr/lib/ruby/gems/1.8/gems/activesupport-2.2.2/lib/active_support/dependencies.rb:256:in `require_or_load'
/usr/lib/ruby/gems/1.8/gems/activesupport-2.2.2/lib/active_support/dependencies.rb:221:in `depend_on'
/usr/lib/ruby/gems/1.8/gems/activesupport-2.2.2/lib/active_support/dependencies.rb:133:in `require_dependency'
/usr/lib/ruby/gems/1.8/gems/activerecord-2.2.2/lib/active_record/fixtures.rb:856:in `try_to_load_dependency'
/usr/lib/ruby/gems/1.8/gems/activerecord-2.2.2/lib/active_record/fixtures.rb:871:in `require_fixture_classes'
/usr/lib/ruby/gems/1.8/gems/activerecord-2.2.2/lib/active_record/fixtures.rb:868:in `each'
/usr/lib/ruby/gems/1.8/gems/activerecord-2.2.2/lib/active_record/fixtures.rb:868:in `require_fixture_classes'
/usr/lib/ruby/gems/1.8/gems/activerecord-2.2.2/lib/active_record/fixtures.rb:851:in `fixtures'
./test/unit/../test_helper.rb:31
./test/unit/nested_assignment_test.rb:1:in `require'
./test/unit/nested_assignment_test.rb:1
/usr/lib/ruby/gems/1.8/gems/rake-0.8.3/lib/rake/rake_test_loader.rb:5:in `load'
/usr/lib/ruby/gems/1.8/gems/rake-0.8.3/lib/rake/rake_test_loader.rb:5
/usr/lib/ruby/gems/1.8/gems/rake-0.8.3/lib/rake/rake_test_loader.rb:5:in `each'
/usr/lib/ruby/gems/1.8/gems/rake-0.8.3/lib/rake/rake_test_loader.rb:5
  [4;35;1mPluginTestModels::User Load (0.3ms)[0m   [0mSELECT * FROM "users" LIMIT 1[0m
  [4;36;1mPluginTestModels::User Load (0.2ms)[0m   [0;1mSELECT * FROM "users" LIMIT 1[0m
  [4;35;1mPluginTestModels::Role Load (0.1ms)[0m   [0mSELECT * FROM "roles" INNER JOIN "roles_users" ON "roles".id = "roles_users".role_id WHERE ("roles_users".user_id = 1 ) [0m
  [4;36;1mPluginTestModels::Role Load (0.1ms)[0m   [0;1mSELECT * FROM "roles" INNER JOIN "roles_users" ON "roles".id = "roles_users".role_id WHERE ("roles_users".user_id = 1 ) [0m
  [4;36;1mSQL (0.2ms)[0m   [0;1mselect sqlite_version(*)[0m
  [4;35;1mSQL (0.1ms)[0m   [0m SELECT name
 FROM sqlite_master
 WHERE type = 'table' AND NOT name = 'sqlite_sequence'
[0m
  [4;36;1mSQL (0.2ms)[0m   [0;1mCREATE TABLE "addresses" ("id" INTEGER PRIMARY KEY AUTOINCREMENT NOT NULL, "name" varchar(255), "addressable_id" integer, "addressable_type" varchar(255)) [0m
  [4;35;1mSQL (0.1ms)[0m   [0m SELECT name
 FROM sqlite_master
 WHERE type = 'table' AND NOT name = 'sqlite_sequence'
[0m
  [4;36;1mSQL (0.1ms)[0m   [0;1mCREATE TABLE "users" ("id" INTEGER PRIMARY KEY AUTOINCREMENT NOT NULL, "name" varchar(255)) [0m
  [4;35;1mSQL (0.2ms)[0m   [0m SELECT name
 FROM sqlite_master
 WHERE type = 'table' AND NOT name = 'sqlite_sequence'
[0m
  [4;36;1mSQL (0.1ms)[0m   [0;1mCREATE TABLE "roles_users" ("user_id" integer, "role_id" integer) [0m
  [4;35;1mSQL (0.2ms)[0m   [0m SELECT name
 FROM sqlite_master
 WHERE type = 'table' AND NOT name = 'sqlite_sequence'
[0m
  [4;36;1mSQL (0.1ms)[0m   [0;1mCREATE TABLE "services" ("id" INTEGER PRIMARY KEY AUTOINCREMENT NOT NULL, "name" varchar(255)) [0m
  [4;35;1mSQL (0.2ms)[0m   [0m SELECT name
 FROM sqlite_master
 WHERE type = 'table' AND NOT name = 'sqlite_sequence'
[0m
  [4;36;1mSQL (0.1ms)[0m   [0;1mCREATE TABLE "subscriptions" ("id" INTEGER PRIMARY KEY AUTOINCREMENT NOT NULL, "name" varchar(255), "service_id" integer, "user_id" integer) [0m
  [4;35;1mSQL (0.3ms)[0m   [0m SELECT name
 FROM sqlite_master
 WHERE type = 'table' AND NOT name = 'sqlite_sequence'
[0m
  [4;36;1mSQL (0.1ms)[0m   [0;1mCREATE TABLE "roles" ("id" INTEGER PRIMARY KEY AUTOINCREMENT NOT NULL, "name" varchar(255)) [0m
  [4;35;1mSQL (0.3ms)[0m   [0m SELECT name
 FROM sqlite_master
 WHERE type = 'table' AND NOT name = 'sqlite_sequence'
[0m
  [4;36;1mSQL (0.1ms)[0m   [0;1mCREATE TABLE "schema_migrations" ("version" varchar(255) NOT NULL) [0m
  [4;35;1mSQL (0.1ms)[0m   [0mCREATE UNIQUE INDEX "unique_schema_migrations" ON "schema_migrations" ("version")[0m
  [4;36;1mSQL (0.4ms)[0m   [0;1m SELECT name
 FROM sqlite_master
 WHERE type = 'table' AND NOT name = 'sqlite_sequence'
[0m
  [4;35;1mSQL (0.1ms)[0m   [0mSELECT version FROM "schema_migrations"[0m
  [4;36;1mSQL (0.1ms)[0m   [0;1mINSERT INTO "schema_migrations" (version) VALUES ('1')[0m
Unable to load roles_user, underlying cause no such file to load -- roles_user.rb 

 /usr/lib/ruby/gems/1.8/gems/activesupport-2.2.2/lib/active_support/dependencies.rb:382:in `load_without_new_constant_marking'
/usr/lib/ruby/gems/1.8/gems/activesupport-2.2.2/lib/active_support/dependencies.rb:382:in `load_file'
/usr/lib/ruby/gems/1.8/gems/activesupport-2.2.2/lib/active_support/dependencies.rb:521:in `new_constants_in'
/usr/lib/ruby/gems/1.8/gems/activesupport-2.2.2/lib/active_support/dependencies.rb:381:in `load_file'
/usr/lib/ruby/gems/1.8/gems/activesupport-2.2.2/lib/active_support/dependencies.rb:256:in `require_or_load'
/usr/lib/ruby/gems/1.8/gems/activesupport-2.2.2/lib/active_support/dependencies.rb:221:in `depend_on'
/usr/lib/ruby/gems/1.8/gems/activesupport-2.2.2/lib/active_support/dependencies.rb:133:in `require_dependency'
/usr/lib/ruby/gems/1.8/gems/activerecord-2.2.2/lib/active_record/fixtures.rb:856:in `try_to_load_dependency'
/usr/lib/ruby/gems/1.8/gems/activerecord-2.2.2/lib/active_record/fixtures.rb:871:in `require_fixture_classes'
/usr/lib/ruby/gems/1.8/gems/activerecord-2.2.2/lib/active_record/fixtures.rb:868:in `each'
/usr/lib/ruby/gems/1.8/gems/activerecord-2.2.2/lib/active_record/fixtures.rb:868:in `require_fixture_classes'
/usr/lib/ruby/gems/1.8/gems/activerecord-2.2.2/lib/active_record/fixtures.rb:851:in `fixtures'
./test/unit/../test_helper.rb:31
./test/unit/nested_assignment_test.rb:1:in `require'
./test/unit/nested_assignment_test.rb:1
/usr/lib/ruby/gems/1.8/gems/rake-0.8.3/lib/rake/rake_test_loader.rb:5:in `load'
/usr/lib/ruby/gems/1.8/gems/rake-0.8.3/lib/rake/rake_test_loader.rb:5
/usr/lib/ruby/gems/1.8/gems/rake-0.8.3/lib/rake/rake_test_loader.rb:5:in `each'
/usr/lib/ruby/gems/1.8/gems/rake-0.8.3/lib/rake/rake_test_loader.rb:5
Unable to load service, underlying cause no such file to load -- service.rb 

 /usr/lib/ruby/gems/1.8/gems/activesupport-2.2.2/lib/active_support/dependencies.rb:382:in `load_without_new_constant_marking'
/usr/lib/ruby/gems/1.8/gems/activesupport-2.2.2/lib/active_support/dependencies.rb:382:in `load_file'
/usr/lib/ruby/gems/1.8/gems/activesupport-2.2.2/lib/active_support/dependencies.rb:521:in `new_constants_in'
/usr/lib/ruby/gems/1.8/gems/activesupport-2.2.2/lib/active_support/dependencies.rb:381:in `load_file'
/usr/lib/ruby/gems/1.8/gems/activesupport-2.2.2/lib/active_support/dependencies.rb:256:in `require_or_load'
/usr/lib/ruby/gems/1.8/gems/activesupport-2.2.2/lib/active_support/dependencies.rb:221:in `depend_on'
/usr/lib/ruby/gems/1.8/gems/activesupport-2.2.2/lib/active_support/dependencies.rb:133:in `require_dependency'
/usr/lib/ruby/gems/1.8/gems/activerecord-2.2.2/lib/active_record/fixtures.rb:856:in `try_to_load_dependency'
/usr/lib/ruby/gems/1.8/gems/activerecord-2.2.2/lib/active_record/fixtures.rb:871:in `require_fixture_classes'
/usr/lib/ruby/gems/1.8/gems/activerecord-2.2.2/lib/active_record/fixtures.rb:868:in `each'
/usr/lib/ruby/gems/1.8/gems/activerecord-2.2.2/lib/active_record/fixtures.rb:868:in `require_fixture_classes'
/usr/lib/ruby/gems/1.8/gems/activerecord-2.2.2/lib/active_record/fixtures.rb:851:in `fixtures'
./test/unit/../test_helper.rb:31
./test/unit/nested_assignment_test.rb:1:in `require'
./test/unit/nested_assignment_test.rb:1
/usr/lib/ruby/gems/1.8/gems/rake-0.8.3/lib/rake/rake_test_loader.rb:5:in `load'
/usr/lib/ruby/gems/1.8/gems/rake-0.8.3/lib/rake/rake_test_loader.rb:5
/usr/lib/ruby/gems/1.8/gems/rake-0.8.3/lib/rake/rake_test_loader.rb:5:in `each'
/usr/lib/ruby/gems/1.8/gems/rake-0.8.3/lib/rake/rake_test_loader.rb:5
Unable to load subscription, underlying cause no such file to load -- subscription.rb 

 /usr/lib/ruby/gems/1.8/gems/activesupport-2.2.2/lib/active_support/dependencies.rb:382:in `load_without_new_constant_marking'
/usr/lib/ruby/gems/1.8/gems/activesupport-2.2.2/lib/active_support/dependencies.rb:382:in `load_file'
/usr/lib/ruby/gems/1.8/gems/activesupport-2.2.2/lib/active_support/dependencies.rb:521:in `new_constants_in'
/usr/lib/ruby/gems/1.8/gems/activesupport-2.2.2/lib/active_support/dependencies.rb:381:in `load_file'
/usr/lib/ruby/gems/1.8/gems/activesupport-2.2.2/lib/active_support/dependencies.rb:256:in `require_or_load'
/usr/lib/ruby/gems/1.8/gems/activesupport-2.2.2/lib/active_support/dependencies.rb:221:in `depend_on'
/usr/lib/ruby/gems/1.8/gems/activesupport-2.2.2/lib/active_support/dependencies.rb:133:in `require_dependency'
/usr/lib/ruby/gems/1.8/gems/activerecord-2.2.2/lib/active_record/fixtures.rb:856:in `try_to_load_dependency'
/usr/lib/ruby/gems/1.8/gems/activerecord-2.2.2/lib/active_record/fixtures.rb:871:in `require_fixture_classes'
/usr/lib/ruby/gems/1.8/gems/activerecord-2.2.2/lib/active_record/fixtures.rb:868:in `each'
/usr/lib/ruby/gems/1.8/gems/activerecord-2.2.2/lib/active_record/fixtures.rb:868:in `require_fixture_classes'
/usr/lib/ruby/gems/1.8/gems/activerecord-2.2.2/lib/active_record/fixtures.rb:851:in `fixtures'
./test/unit/../test_helper.rb:31
./test/unit/nested_assignment_test.rb:1:in `require'
./test/unit/nested_assignment_test.rb:1
/usr/lib/ruby/gems/1.8/gems/rake-0.8.3/lib/rake/rake_test_loader.rb:5:in `load'
/usr/lib/ruby/gems/1.8/gems/rake-0.8.3/lib/rake/rake_test_loader.rb:5
/usr/lib/ruby/gems/1.8/gems/rake-0.8.3/lib/rake/rake_test_loader.rb:5:in `each'
/usr/lib/ruby/gems/1.8/gems/rake-0.8.3/lib/rake/rake_test_loader.rb:5
Unable to load address, underlying cause no such file to load -- address.rb 

 /usr/lib/ruby/gems/1.8/gems/activesupport-2.2.2/lib/active_support/dependencies.rb:382:in `load_without_new_constant_marking'
/usr/lib/ruby/gems/1.8/gems/activesupport-2.2.2/lib/active_support/dependencies.rb:382:in `load_file'
/usr/lib/ruby/gems/1.8/gems/activesupport-2.2.2/lib/active_support/dependencies.rb:521:in `new_constants_in'
/usr/lib/ruby/gems/1.8/gems/activesupport-2.2.2/lib/active_support/dependencies.rb:381:in `load_file'
/usr/lib/ruby/gems/1.8/gems/activesupport-2.2.2/lib/active_support/dependencies.rb:256:in `require_or_load'
/usr/lib/ruby/gems/1.8/gems/activesupport-2.2.2/lib/active_support/dependencies.rb:221:in `depend_on'
/usr/lib/ruby/gems/1.8/gems/activesupport-2.2.2/lib/active_support/dependencies.rb:133:in `require_dependency'
/usr/lib/ruby/gems/1.8/gems/activerecord-2.2.2/lib/active_record/fixtures.rb:856:in `try_to_load_dependency'
/usr/lib/ruby/gems/1.8/gems/activerecord-2.2.2/lib/active_record/fixtures.rb:871:in `require_fixture_classes'
/usr/lib/ruby/gems/1.8/gems/activerecord-2.2.2/lib/active_record/fixtures.rb:868:in `each'
/usr/lib/ruby/gems/1.8/gems/activerecord-2.2.2/lib/active_record/fixtures.rb:868:in `require_fixture_classes'
/usr/lib/ruby/gems/1.8/gems/activerecord-2.2.2/lib/active_record/fixtures.rb:851:in `fixtures'
./test/unit/../test_helper.rb:31
./test/unit/nested_assignment_test.rb:1:in `require'
./test/unit/nested_assignment_test.rb:1
/usr/lib/ruby/gems/1.8/gems/rake-0.8.3/lib/rake/rake_test_loader.rb:5:in `load'
/usr/lib/ruby/gems/1.8/gems/rake-0.8.3/lib/rake/rake_test_loader.rb:5
/usr/lib/ruby/gems/1.8/gems/rake-0.8.3/lib/rake/rake_test_loader.rb:5:in `each'
/usr/lib/ruby/gems/1.8/gems/rake-0.8.3/lib/rake/rake_test_loader.rb:5
Unable to load user, underlying cause no such file to load -- user.rb 

 /usr/lib/ruby/gems/1.8/gems/activesupport-2.2.2/lib/active_support/dependencies.rb:382:in `load_without_new_constant_marking'
/usr/lib/ruby/gems/1.8/gems/activesupport-2.2.2/lib/active_support/dependencies.rb:382:in `load_file'
/usr/lib/ruby/gems/1.8/gems/activesupport-2.2.2/lib/active_support/dependencies.rb:521:in `new_constants_in'
/usr/lib/ruby/gems/1.8/gems/activesupport-2.2.2/lib/active_support/dependencies.rb:381:in `load_file'
/usr/lib/ruby/gems/1.8/gems/activesupport-2.2.2/lib/active_support/dependencies.rb:256:in `require_or_load'
/usr/lib/ruby/gems/1.8/gems/activesupport-2.2.2/lib/active_support/dependencies.rb:221:in `depend_on'
/usr/lib/ruby/gems/1.8/gems/activesupport-2.2.2/lib/active_support/dependencies.rb:133:in `require_dependency'
/usr/lib/ruby/gems/1.8/gems/activerecord-2.2.2/lib/active_record/fixtures.rb:856:in `try_to_load_dependency'
/usr/lib/ruby/gems/1.8/gems/activerecord-2.2.2/lib/active_record/fixtures.rb:871:in `require_fixture_classes'
/usr/lib/ruby/gems/1.8/gems/activerecord-2.2.2/lib/active_record/fixtures.rb:868:in `each'
/usr/lib/ruby/gems/1.8/gems/activerecord-2.2.2/lib/active_record/fixtures.rb:868:in `require_fixture_classes'
/usr/lib/ruby/gems/1.8/gems/activerecord-2.2.2/lib/active_record/fixtures.rb:851:in `fixtures'
./test/unit/../test_helper.rb:31
./test/unit/nested_assignment_test.rb:1:in `require'
./test/unit/nested_assignment_test.rb:1
/usr/lib/ruby/gems/1.8/gems/rake-0.8.3/lib/rake/rake_test_loader.rb:5:in `load'
/usr/lib/ruby/gems/1.8/gems/rake-0.8.3/lib/rake/rake_test_loader.rb:5
/usr/lib/ruby/gems/1.8/gems/rake-0.8.3/lib/rake/rake_test_loader.rb:5:in `each'
/usr/lib/ruby/gems/1.8/gems/rake-0.8.3/lib/rake/rake_test_loader.rb:5
Unable to load role, underlying cause no such file to load -- role.rb 

 /usr/lib/ruby/gems/1.8/gems/activesupport-2.2.2/lib/active_support/dependencies.rb:382:in `load_without_new_constant_marking'
/usr/lib/ruby/gems/1.8/gems/activesupport-2.2.2/lib/active_support/dependencies.rb:382:in `load_file'
/usr/lib/ruby/gems/1.8/gems/activesupport-2.2.2/lib/active_support/dependencies.rb:521:in `new_constants_in'
/usr/lib/ruby/gems/1.8/gems/activesupport-2.2.2/lib/active_support/dependencies.rb:381:in `load_file'
/usr/lib/ruby/gems/1.8/gems/activesupport-2.2.2/lib/active_support/dependencies.rb:256:in `require_or_load'
/usr/lib/ruby/gems/1.8/gems/activesupport-2.2.2/lib/active_support/dependencies.rb:221:in `depend_on'
/usr/lib/ruby/gems/1.8/gems/activesupport-2.2.2/lib/active_support/dependencies.rb:133:in `require_dependency'
/usr/lib/ruby/gems/1.8/gems/activerecord-2.2.2/lib/active_record/fixtures.rb:856:in `try_to_load_dependency'
/usr/lib/ruby/gems/1.8/gems/activerecord-2.2.2/lib/active_record/fixtures.rb:871:in `require_fixture_classes'
/usr/lib/ruby/gems/1.8/gems/activerecord-2.2.2/lib/active_record/fixtures.rb:868:in `each'
/usr/lib/ruby/gems/1.8/gems/activerecord-2.2.2/lib/active_record/fixtures.rb:868:in `require_fixture_classes'
/usr/lib/ruby/gems/1.8/gems/activerecord-2.2.2/lib/active_record/fixtures.rb:851:in `fixtures'
./test/unit/../test_helper.rb:31
./test/unit/nested_assignment_test.rb:1:in `require'
./test/unit/nested_assignment_test.rb:1
/usr/lib/ruby/gems/1.8/gems/rake-0.8.3/lib/rake/rake_test_loader.rb:5:in `load'
/usr/lib/ruby/gems/1.8/gems/rake-0.8.3/lib/rake/rake_test_loader.rb:5
/usr/lib/ruby/gems/1.8/gems/rake-0.8.3/lib/rake/rake_test_loader.rb:5:in `each'
/usr/lib/ruby/gems/1.8/gems/rake-0.8.3/lib/rake/rake_test_loader.rb:5
  [4;35;1mPluginTestModels::User Load (0.3ms)[0m   [0mSELECT * FROM "users" LIMIT 1[0m
  [4;36;1mPluginTestModels::User Load (0.1ms)[0m   [0;1mSELECT * FROM "users" LIMIT 1[0m
  [4;35;1mPluginTestModels::Role Load (0.1ms)[0m   [0mSELECT * FROM "roles" INNER JOIN "roles_users" ON "roles".id = "roles_users".role_id WHERE ("roles_users".user_id = 1 ) [0m
  [4;36;1mSQL (0.3ms)[0m   [0;1mselect sqlite_version(*)[0m
  [4;35;1mSQL (0.2ms)[0m   [0m SELECT name
 FROM sqlite_master
 WHERE type = 'table' AND NOT name = 'sqlite_sequence'
[0m
  [4;36;1mSQL (0.4ms)[0m   [0;1mCREATE TABLE "addresses" ("id" INTEGER PRIMARY KEY AUTOINCREMENT NOT NULL, "name" varchar(255), "addressable_id" integer, "addressable_type" varchar(255)) [0m
  [4;35;1mSQL (0.2ms)[0m   [0m SELECT name
 FROM sqlite_master
 WHERE type = 'table' AND NOT name = 'sqlite_sequence'
[0m
  [4;36;1mSQL (0.2ms)[0m   [0;1mCREATE TABLE "users" ("id" INTEGER PRIMARY KEY AUTOINCREMENT NOT NULL, "name" varchar(255)) [0m
  [4;35;1mSQL (0.2ms)[0m   [0m SELECT name
 FROM sqlite_master
 WHERE type = 'table' AND NOT name = 'sqlite_sequence'
[0m
  [4;36;1mSQL (0.2ms)[0m   [0;1mCREATE TABLE "roles_users" ("user_id" integer, "role_id" integer) [0m
  [4;35;1mSQL (0.3ms)[0m   [0m SELECT name
 FROM sqlite_master
 WHERE type = 'table' AND NOT name = 'sqlite_sequence'
[0m
  [4;36;1mSQL (0.2ms)[0m   [0;1mCREATE TABLE "services" ("id" INTEGER PRIMARY KEY AUTOINCREMENT NOT NULL, "name" varchar(255)) [0m
  [4;35;1mSQL (0.4ms)[0m   [0m SELECT name
 FROM sqlite_master
 WHERE type = 'table' AND NOT name = 'sqlite_sequence'
[0m
  [4;36;1mSQL (0.2ms)[0m   [0;1mCREATE TABLE "subscriptions" ("id" INTEGER PRIMARY KEY AUTOINCREMENT NOT NULL, "name" varchar(255), "service_id" integer, "user_id" integer) [0m
  [4;35;1mSQL (0.4ms)[0m   [0m SELECT name
 FROM sqlite_master
 WHERE type = 'table' AND NOT name = 'sqlite_sequence'
[0m
  [4;36;1mSQL (0.2ms)[0m   [0;1mCREATE TABLE "roles" ("id" INTEGER PRIMARY KEY AUTOINCREMENT NOT NULL, "name" varchar(255)) [0m
  [4;35;1mSQL (0.5ms)[0m   [0m SELECT name
 FROM sqlite_master
 WHERE type = 'table' AND NOT name = 'sqlite_sequence'
[0m
  [4;36;1mSQL (0.2ms)[0m   [0;1mCREATE TABLE "schema_migrations" ("version" varchar(255) NOT NULL) [0m
  [4;35;1mSQL (0.2ms)[0m   [0mCREATE UNIQUE INDEX "unique_schema_migrations" ON "schema_migrations" ("version")[0m
  [4;36;1mSQL (0.5ms)[0m   [0;1m SELECT name
 FROM sqlite_master
 WHERE type = 'table' AND NOT name = 'sqlite_sequence'
[0m
  [4;35;1mSQL (0.1ms)[0m   [0mSELECT version FROM "schema_migrations"[0m
  [4;36;1mSQL (0.1ms)[0m   [0;1mINSERT INTO "schema_migrations" (version) VALUES ('1')[0m
Unable to load roles_user, underlying cause no such file to load -- roles_user.rb 

 /usr/lib/ruby/gems/1.8/gems/activesupport-2.2.2/lib/active_support/dependencies.rb:382:in `load_without_new_constant_marking'
/usr/lib/ruby/gems/1.8/gems/activesupport-2.2.2/lib/active_support/dependencies.rb:382:in `load_file'
/usr/lib/ruby/gems/1.8/gems/activesupport-2.2.2/lib/active_support/dependencies.rb:521:in `new_constants_in'
/usr/lib/ruby/gems/1.8/gems/activesupport-2.2.2/lib/active_support/dependencies.rb:381:in `load_file'
/usr/lib/ruby/gems/1.8/gems/activesupport-2.2.2/lib/active_support/dependencies.rb:256:in `require_or_load'
/usr/lib/ruby/gems/1.8/gems/activesupport-2.2.2/lib/active_support/dependencies.rb:221:in `depend_on'
/usr/lib/ruby/gems/1.8/gems/activesupport-2.2.2/lib/active_support/dependencies.rb:133:in `require_dependency'
/usr/lib/ruby/gems/1.8/gems/activerecord-2.2.2/lib/active_record/fixtures.rb:856:in `try_to_load_dependency'
/usr/lib/ruby/gems/1.8/gems/activerecord-2.2.2/lib/active_record/fixtures.rb:871:in `require_fixture_classes'
/usr/lib/ruby/gems/1.8/gems/activerecord-2.2.2/lib/active_record/fixtures.rb:868:in `each'
/usr/lib/ruby/gems/1.8/gems/activerecord-2.2.2/lib/active_record/fixtures.rb:868:in `require_fixture_classes'
/usr/lib/ruby/gems/1.8/gems/activerecord-2.2.2/lib/active_record/fixtures.rb:851:in `fixtures'
./test/unit/../test_helper.rb:31
./test/unit/nested_assignment_test.rb:1:in `require'
./test/unit/nested_assignment_test.rb:1
/usr/lib/ruby/gems/1.8/gems/rake-0.8.3/lib/rake/rake_test_loader.rb:5:in `load'
/usr/lib/ruby/gems/1.8/gems/rake-0.8.3/lib/rake/rake_test_loader.rb:5
/usr/lib/ruby/gems/1.8/gems/rake-0.8.3/lib/rake/rake_test_loader.rb:5:in `each'
/usr/lib/ruby/gems/1.8/gems/rake-0.8.3/lib/rake/rake_test_loader.rb:5
Unable to load service, underlying cause no such file to load -- service.rb 

 /usr/lib/ruby/gems/1.8/gems/activesupport-2.2.2/lib/active_support/dependencies.rb:382:in `load_without_new_constant_marking'
/usr/lib/ruby/gems/1.8/gems/activesupport-2.2.2/lib/active_support/dependencies.rb:382:in `load_file'
/usr/lib/ruby/gems/1.8/gems/activesupport-2.2.2/lib/active_support/dependencies.rb:521:in `new_constants_in'
/usr/lib/ruby/gems/1.8/gems/activesupport-2.2.2/lib/active_support/dependencies.rb:381:in `load_file'
/usr/lib/ruby/gems/1.8/gems/activesupport-2.2.2/lib/active_support/dependencies.rb:256:in `require_or_load'
/usr/lib/ruby/gems/1.8/gems/activesupport-2.2.2/lib/active_support/dependencies.rb:221:in `depend_on'
/usr/lib/ruby/gems/1.8/gems/activesupport-2.2.2/lib/active_support/dependencies.rb:133:in `require_dependency'
/usr/lib/ruby/gems/1.8/gems/activerecord-2.2.2/lib/active_record/fixtures.rb:856:in `try_to_load_dependency'
/usr/lib/ruby/gems/1.8/gems/activerecord-2.2.2/lib/active_record/fixtures.rb:871:in `require_fixture_classes'
/usr/lib/ruby/gems/1.8/gems/activerecord-2.2.2/lib/active_record/fixtures.rb:868:in `each'
/usr/lib/ruby/gems/1.8/gems/activerecord-2.2.2/lib/active_record/fixtures.rb:868:in `require_fixture_classes'
/usr/lib/ruby/gems/1.8/gems/activerecord-2.2.2/lib/active_record/fixtures.rb:851:in `fixtures'
./test/unit/../test_helper.rb:31
./test/unit/nested_assignment_test.rb:1:in `require'
./test/unit/nested_assignment_test.rb:1
/usr/lib/ruby/gems/1.8/gems/rake-0.8.3/lib/rake/rake_test_loader.rb:5:in `load'
/usr/lib/ruby/gems/1.8/gems/rake-0.8.3/lib/rake/rake_test_loader.rb:5
/usr/lib/ruby/gems/1.8/gems/rake-0.8.3/lib/rake/rake_test_loader.rb:5:in `each'
/usr/lib/ruby/gems/1.8/gems/rake-0.8.3/lib/rake/rake_test_loader.rb:5
Unable to load subscription, underlying cause no such file to load -- subscription.rb 

 /usr/lib/ruby/gems/1.8/gems/activesupport-2.2.2/lib/active_support/dependencies.rb:382:in `load_without_new_constant_marking'
/usr/lib/ruby/gems/1.8/gems/activesupport-2.2.2/lib/active_support/dependencies.rb:382:in `load_file'
/usr/lib/ruby/gems/1.8/gems/activesupport-2.2.2/lib/active_support/dependencies.rb:521:in `new_constants_in'
/usr/lib/ruby/gems/1.8/gems/activesupport-2.2.2/lib/active_support/dependencies.rb:381:in `load_file'
/usr/lib/ruby/gems/1.8/gems/activesupport-2.2.2/lib/active_support/dependencies.rb:256:in `require_or_load'
/usr/lib/ruby/gems/1.8/gems/activesupport-2.2.2/lib/active_support/dependencies.rb:221:in `depend_on'
/usr/lib/ruby/gems/1.8/gems/activesupport-2.2.2/lib/active_support/dependencies.rb:133:in `require_dependency'
/usr/lib/ruby/gems/1.8/gems/activerecord-2.2.2/lib/active_record/fixtures.rb:856:in `try_to_load_dependency'
/usr/lib/ruby/gems/1.8/gems/activerecord-2.2.2/lib/active_record/fixtures.rb:871:in `require_fixture_classes'
/usr/lib/ruby/gems/1.8/gems/activerecord-2.2.2/lib/active_record/fixtures.rb:868:in `each'
/usr/lib/ruby/gems/1.8/gems/activerecord-2.2.2/lib/active_record/fixtures.rb:868:in `require_fixture_classes'
/usr/lib/ruby/gems/1.8/gems/activerecord-2.2.2/lib/active_record/fixtures.rb:851:in `fixtures'
./test/unit/../test_helper.rb:31
./test/unit/nested_assignment_test.rb:1:in `require'
./test/unit/nested_assignment_test.rb:1
/usr/lib/ruby/gems/1.8/gems/rake-0.8.3/lib/rake/rake_test_loader.rb:5:in `load'
/usr/lib/ruby/gems/1.8/gems/rake-0.8.3/lib/rake/rake_test_loader.rb:5
/usr/lib/ruby/gems/1.8/gems/rake-0.8.3/lib/rake/rake_test_loader.rb:5:in `each'
/usr/lib/ruby/gems/1.8/gems/rake-0.8.3/lib/rake/rake_test_loader.rb:5
Unable to load address, underlying cause no such file to load -- address.rb 

 /usr/lib/ruby/gems/1.8/gems/activesupport-2.2.2/lib/active_support/dependencies.rb:382:in `load_without_new_constant_marking'
/usr/lib/ruby/gems/1.8/gems/activesupport-2.2.2/lib/active_support/dependencies.rb:382:in `load_file'
/usr/lib/ruby/gems/1.8/gems/activesupport-2.2.2/lib/active_support/dependencies.rb:521:in `new_constants_in'
/usr/lib/ruby/gems/1.8/gems/activesupport-2.2.2/lib/active_support/dependencies.rb:381:in `load_file'
/usr/lib/ruby/gems/1.8/gems/activesupport-2.2.2/lib/active_support/dependencies.rb:256:in `require_or_load'
/usr/lib/ruby/gems/1.8/gems/activesupport-2.2.2/lib/active_support/dependencies.rb:221:in `depend_on'
/usr/lib/ruby/gems/1.8/gems/activesupport-2.2.2/lib/active_support/dependencies.rb:133:in `require_dependency'
/usr/lib/ruby/gems/1.8/gems/activerecord-2.2.2/lib/active_record/fixtures.rb:856:in `try_to_load_dependency'
/usr/lib/ruby/gems/1.8/gems/activerecord-2.2.2/lib/active_record/fixtures.rb:871:in `require_fixture_classes'
/usr/lib/ruby/gems/1.8/gems/activerecord-2.2.2/lib/active_record/fixtures.rb:868:in `each'
/usr/lib/ruby/gems/1.8/gems/activerecord-2.2.2/lib/active_record/fixtures.rb:868:in `require_fixture_classes'
/usr/lib/ruby/gems/1.8/gems/activerecord-2.2.2/lib/active_record/fixtures.rb:851:in `fixtures'
./test/unit/../test_helper.rb:31
./test/unit/nested_assignment_test.rb:1:in `require'
./test/unit/nested_assignment_test.rb:1
/usr/lib/ruby/gems/1.8/gems/rake-0.8.3/lib/rake/rake_test_loader.rb:5:in `load'
/usr/lib/ruby/gems/1.8/gems/rake-0.8.3/lib/rake/rake_test_loader.rb:5
/usr/lib/ruby/gems/1.8/gems/rake-0.8.3/lib/rake/rake_test_loader.rb:5:in `each'
/usr/lib/ruby/gems/1.8/gems/rake-0.8.3/lib/rake/rake_test_loader.rb:5
Unable to load user, underlying cause no such file to load -- user.rb 

 /usr/lib/ruby/gems/1.8/gems/activesupport-2.2.2/lib/active_support/dependencies.rb:382:in `load_without_new_constant_marking'
/usr/lib/ruby/gems/1.8/gems/activesupport-2.2.2/lib/active_support/dependencies.rb:382:in `load_file'
/usr/lib/ruby/gems/1.8/gems/activesupport-2.2.2/lib/active_support/dependencies.rb:521:in `new_constants_in'
/usr/lib/ruby/gems/1.8/gems/activesupport-2.2.2/lib/active_support/dependencies.rb:381:in `load_file'
/usr/lib/ruby/gems/1.8/gems/activesupport-2.2.2/lib/active_support/dependencies.rb:256:in `require_or_load'
/usr/lib/ruby/gems/1.8/gems/activesupport-2.2.2/lib/active_support/dependencies.rb:221:in `depend_on'
/usr/lib/ruby/gems/1.8/gems/activesupport-2.2.2/lib/active_support/dependencies.rb:133:in `require_dependency'
/usr/lib/ruby/gems/1.8/gems/activerecord-2.2.2/lib/active_record/fixtures.rb:856:in `try_to_load_dependency'
/usr/lib/ruby/gems/1.8/gems/activerecord-2.2.2/lib/active_record/fixtures.rb:871:in `require_fixture_classes'
/usr/lib/ruby/gems/1.8/gems/activerecord-2.2.2/lib/active_record/fixtures.rb:868:in `each'
/usr/lib/ruby/gems/1.8/gems/activerecord-2.2.2/lib/active_record/fixtures.rb:868:in `require_fixture_classes'
/usr/lib/ruby/gems/1.8/gems/activerecord-2.2.2/lib/active_record/fixtures.rb:851:in `fixtures'
./test/unit/../test_helper.rb:31
./test/unit/nested_assignment_test.rb:1:in `require'
./test/unit/nested_assignment_test.rb:1
/usr/lib/ruby/gems/1.8/gems/rake-0.8.3/lib/rake/rake_test_loader.rb:5:in `load'
/usr/lib/ruby/gems/1.8/gems/rake-0.8.3/lib/rake/rake_test_loader.rb:5
/usr/lib/ruby/gems/1.8/gems/rake-0.8.3/lib/rake/rake_test_loader.rb:5:in `each'
/usr/lib/ruby/gems/1.8/gems/rake-0.8.3/lib/rake/rake_test_loader.rb:5
Unable to load role, underlying cause no such file to load -- role.rb 

 /usr/lib/ruby/gems/1.8/gems/activesupport-2.2.2/lib/active_support/dependencies.rb:382:in `load_without_new_constant_marking'
/usr/lib/ruby/gems/1.8/gems/activesupport-2.2.2/lib/active_support/dependencies.rb:382:in `load_file'
/usr/lib/ruby/gems/1.8/gems/activesupport-2.2.2/lib/active_support/dependencies.rb:521:in `new_constants_in'
/usr/lib/ruby/gems/1.8/gems/activesupport-2.2.2/lib/active_support/dependencies.rb:381:in `load_file'
/usr/lib/ruby/gems/1.8/gems/activesupport-2.2.2/lib/active_support/dependencies.rb:256:in `require_or_load'
/usr/lib/ruby/gems/1.8/gems/activesupport-2.2.2/lib/active_support/dependencies.rb:221:in `depend_on'
/usr/lib/ruby/gems/1.8/gems/activesupport-2.2.2/lib/active_support/dependencies.rb:133:in `require_dependency'
/usr/lib/ruby/gems/1.8/gems/activerecord-2.2.2/lib/active_record/fixtures.rb:856:in `try_to_load_dependency'
/usr/lib/ruby/gems/1.8/gems/activerecord-2.2.2/lib/active_record/fixtures.rb:871:in `require_fixture_classes'
/usr/lib/ruby/gems/1.8/gems/activerecord-2.2.2/lib/active_record/fixtures.rb:868:in `each'
/usr/lib/ruby/gems/1.8/gems/activerecord-2.2.2/lib/active_record/fixtures.rb:868:in `require_fixture_classes'
/usr/lib/ruby/gems/1.8/gems/activerecord-2.2.2/lib/active_record/fixtures.rb:851:in `fixtures'
./test/unit/../test_helper.rb:31
./test/unit/nested_assignment_test.rb:1:in `require'
./test/unit/nested_assignment_test.rb:1
/usr/lib/ruby/gems/1.8/gems/rake-0.8.3/lib/rake/rake_test_loader.rb:5:in `load'
/usr/lib/ruby/gems/1.8/gems/rake-0.8.3/lib/rake/rake_test_loader.rb:5
/usr/lib/ruby/gems/1.8/gems/rake-0.8.3/lib/rake/rake_test_loader.rb:5:in `each'
/usr/lib/ruby/gems/1.8/gems/rake-0.8.3/lib/rake/rake_test_loader.rb:5
  [4;35;1mPluginTestModels::User Load (0.3ms)[0m   [0mSELECT * FROM "users" LIMIT 1[0m
  [4;36;1mPluginTestModels::User Load (0.2ms)[0m   [0;1mSELECT * FROM "users" LIMIT 1[0m
  [4;35;1mPluginTestModels::Role Load (0.1ms)[0m   [0mSELECT * FROM "roles" INNER JOIN "roles_users" ON "roles".id = "roles_users".role_id WHERE ("roles_users".user_id = 1 ) [0m
  [4;36;1mSQL (0.2ms)[0m   [0;1mselect sqlite_version(*)[0m
  [4;35;1mSQL (0.1ms)[0m   [0m SELECT name
 FROM sqlite_master
 WHERE type = 'table' AND NOT name = 'sqlite_sequence'
[0m
  [4;36;1mSQL (0.3ms)[0m   [0;1mCREATE TABLE "addresses" ("id" INTEGER PRIMARY KEY AUTOINCREMENT NOT NULL, "name" varchar(255), "addressable_id" integer, "addressable_type" varchar(255)) [0m
  [4;35;1mSQL (0.1ms)[0m   [0m SELECT name
 FROM sqlite_master
 WHERE type = 'table' AND NOT name = 'sqlite_sequence'
[0m
  [4;36;1mSQL (0.1ms)[0m   [0;1mCREATE TABLE "users" ("id" INTEGER PRIMARY KEY AUTOINCREMENT NOT NULL, "name" varchar(255)) [0m
  [4;35;1mSQL (0.2ms)[0m   [0m SELECT name
 FROM sqlite_master
 WHERE type = 'table' AND NOT name = 'sqlite_sequence'
[0m
  [4;36;1mSQL (0.1ms)[0m   [0;1mCREATE TABLE "roles_users" ("user_id" integer, "role_id" integer) [0m
  [4;35;1mSQL (0.2ms)[0m   [0m SELECT name
 FROM sqlite_master
 WHERE type = 'table' AND NOT name = 'sqlite_sequence'
[0m
  [4;36;1mSQL (0.1ms)[0m   [0;1mCREATE TABLE "services" ("id" INTEGER PRIMARY KEY AUTOINCREMENT NOT NULL, "name" varchar(255)) [0m
  [4;35;1mSQL (0.2ms)[0m   [0m SELECT name
 FROM sqlite_master
 WHERE type = 'table' AND NOT name = 'sqlite_sequence'
[0m
  [4;36;1mSQL (0.1ms)[0m   [0;1mCREATE TABLE "subscriptions" ("id" INTEGER PRIMARY KEY AUTOINCREMENT NOT NULL, "name" varchar(255), "service_id" integer, "user_id" integer) [0m
  [4;35;1mSQL (0.3ms)[0m   [0m SELECT name
 FROM sqlite_master
 WHERE type = 'table' AND NOT name = 'sqlite_sequence'
[0m
  [4;36;1mSQL (0.1ms)[0m   [0;1mCREATE TABLE "roles" ("id" INTEGER PRIMARY KEY AUTOINCREMENT NOT NULL, "name" varchar(255)) [0m
  [4;35;1mSQL (0.3ms)[0m   [0m SELECT name
 FROM sqlite_master
 WHERE type = 'table' AND NOT name = 'sqlite_sequence'
[0m
  [4;36;1mSQL (0.1ms)[0m   [0;1mCREATE TABLE "schema_migrations" ("version" varchar(255) NOT NULL) [0m
  [4;35;1mSQL (0.1ms)[0m   [0mCREATE UNIQUE INDEX "unique_schema_migrations" ON "schema_migrations" ("version")[0m
  [4;36;1mSQL (0.4ms)[0m   [0;1m SELECT name
 FROM sqlite_master
 WHERE type = 'table' AND NOT name = 'sqlite_sequence'
[0m
  [4;35;1mSQL (0.1ms)[0m   [0mSELECT version FROM "schema_migrations"[0m
  [4;36;1mSQL (0.1ms)[0m   [0;1mINSERT INTO "schema_migrations" (version) VALUES ('1')[0m
Unable to load roles_user, underlying cause no such file to load -- roles_user.rb 

 /usr/lib/ruby/gems/1.8/gems/activesupport-2.2.2/lib/active_support/dependencies.rb:382:in `load_without_new_constant_marking'
/usr/lib/ruby/gems/1.8/gems/activesupport-2.2.2/lib/active_support/dependencies.rb:382:in `load_file'
/usr/lib/ruby/gems/1.8/gems/activesupport-2.2.2/lib/active_support/dependencies.rb:521:in `new_constants_in'
/usr/lib/ruby/gems/1.8/gems/activesupport-2.2.2/lib/active_support/dependencies.rb:381:in `load_file'
/usr/lib/ruby/gems/1.8/gems/activesupport-2.2.2/lib/active_support/dependencies.rb:256:in `require_or_load'
/usr/lib/ruby/gems/1.8/gems/activesupport-2.2.2/lib/active_support/dependencies.rb:221:in `depend_on'
/usr/lib/ruby/gems/1.8/gems/activesupport-2.2.2/lib/active_support/dependencies.rb:133:in `require_dependency'
/usr/lib/ruby/gems/1.8/gems/activerecord-2.2.2/lib/active_record/fixtures.rb:856:in `try_to_load_dependency'
/usr/lib/ruby/gems/1.8/gems/activerecord-2.2.2/lib/active_record/fixtures.rb:871:in `require_fixture_classes'
/usr/lib/ruby/gems/1.8/gems/activerecord-2.2.2/lib/active_record/fixtures.rb:868:in `each'
/usr/lib/ruby/gems/1.8/gems/activerecord-2.2.2/lib/active_record/fixtures.rb:868:in `require_fixture_classes'
/usr/lib/ruby/gems/1.8/gems/activerecord-2.2.2/lib/active_record/fixtures.rb:851:in `fixtures'
./test/unit/../test_helper.rb:31
./test/unit/nested_assignment_test.rb:1:in `require'
./test/unit/nested_assignment_test.rb:1
/usr/lib/ruby/gems/1.8/gems/rake-0.8.3/lib/rake/rake_test_loader.rb:5:in `load'
/usr/lib/ruby/gems/1.8/gems/rake-0.8.3/lib/rake/rake_test_loader.rb:5
/usr/lib/ruby/gems/1.8/gems/rake-0.8.3/lib/rake/rake_test_loader.rb:5:in `each'
/usr/lib/ruby/gems/1.8/gems/rake-0.8.3/lib/rake/rake_test_loader.rb:5
Unable to load service, underlying cause no such file to load -- service.rb 

 /usr/lib/ruby/gems/1.8/gems/activesupport-2.2.2/lib/active_support/dependencies.rb:382:in `load_without_new_constant_marking'
/usr/lib/ruby/gems/1.8/gems/activesupport-2.2.2/lib/active_support/dependencies.rb:382:in `load_file'
/usr/lib/ruby/gems/1.8/gems/activesupport-2.2.2/lib/active_support/dependencies.rb:521:in `new_constants_in'
/usr/lib/ruby/gems/1.8/gems/activesupport-2.2.2/lib/active_support/dependencies.rb:381:in `load_file'
/usr/lib/ruby/gems/1.8/gems/activesupport-2.2.2/lib/active_support/dependencies.rb:256:in `require_or_load'
/usr/lib/ruby/gems/1.8/gems/activesupport-2.2.2/lib/active_support/dependencies.rb:221:in `depend_on'
/usr/lib/ruby/gems/1.8/gems/activesupport-2.2.2/lib/active_support/dependencies.rb:133:in `require_dependency'
/usr/lib/ruby/gems/1.8/gems/activerecord-2.2.2/lib/active_record/fixtures.rb:856:in `try_to_load_dependency'
/usr/lib/ruby/gems/1.8/gems/activerecord-2.2.2/lib/active_record/fixtures.rb:871:in `require_fixture_classes'
/usr/lib/ruby/gems/1.8/gems/activerecord-2.2.2/lib/active_record/fixtures.rb:868:in `each'
/usr/lib/ruby/gems/1.8/gems/activerecord-2.2.2/lib/active_record/fixtures.rb:868:in `require_fixture_classes'
/usr/lib/ruby/gems/1.8/gems/activerecord-2.2.2/lib/active_record/fixtures.rb:851:in `fixtures'
./test/unit/../test_helper.rb:31
./test/unit/nested_assignment_test.rb:1:in `require'
./test/unit/nested_assignment_test.rb:1
/usr/lib/ruby/gems/1.8/gems/rake-0.8.3/lib/rake/rake_test_loader.rb:5:in `load'
/usr/lib/ruby/gems/1.8/gems/rake-0.8.3/lib/rake/rake_test_loader.rb:5
/usr/lib/ruby/gems/1.8/gems/rake-0.8.3/lib/rake/rake_test_loader.rb:5:in `each'
/usr/lib/ruby/gems/1.8/gems/rake-0.8.3/lib/rake/rake_test_loader.rb:5
Unable to load subscription, underlying cause no such file to load -- subscription.rb 

 /usr/lib/ruby/gems/1.8/gems/activesupport-2.2.2/lib/active_support/dependencies.rb:382:in `load_without_new_constant_marking'
/usr/lib/ruby/gems/1.8/gems/activesupport-2.2.2/lib/active_support/dependencies.rb:382:in `load_file'
/usr/lib/ruby/gems/1.8/gems/activesupport-2.2.2/lib/active_support/dependencies.rb:521:in `new_constants_in'
/usr/lib/ruby/gems/1.8/gems/activesupport-2.2.2/lib/active_support/dependencies.rb:381:in `load_file'
/usr/lib/ruby/gems/1.8/gems/activesupport-2.2.2/lib/active_support/dependencies.rb:256:in `require_or_load'
/usr/lib/ruby/gems/1.8/gems/activesupport-2.2.2/lib/active_support/dependencies.rb:221:in `depend_on'
/usr/lib/ruby/gems/1.8/gems/activesupport-2.2.2/lib/active_support/dependencies.rb:133:in `require_dependency'
/usr/lib/ruby/gems/1.8/gems/activerecord-2.2.2/lib/active_record/fixtures.rb:856:in `try_to_load_dependency'
/usr/lib/ruby/gems/1.8/gems/activerecord-2.2.2/lib/active_record/fixtures.rb:871:in `require_fixture_classes'
/usr/lib/ruby/gems/1.8/gems/activerecord-2.2.2/lib/active_record/fixtures.rb:868:in `each'
/usr/lib/ruby/gems/1.8/gems/activerecord-2.2.2/lib/active_record/fixtures.rb:868:in `require_fixture_classes'
/usr/lib/ruby/gems/1.8/gems/activerecord-2.2.2/lib/active_record/fixtures.rb:851:in `fixtures'
./test/unit/../test_helper.rb:31
./test/unit/nested_assignment_test.rb:1:in `require'
./test/unit/nested_assignment_test.rb:1
/usr/lib/ruby/gems/1.8/gems/rake-0.8.3/lib/rake/rake_test_loader.rb:5:in `load'
/usr/lib/ruby/gems/1.8/gems/rake-0.8.3/lib/rake/rake_test_loader.rb:5
/usr/lib/ruby/gems/1.8/gems/rake-0.8.3/lib/rake/rake_test_loader.rb:5:in `each'
/usr/lib/ruby/gems/1.8/gems/rake-0.8.3/lib/rake/rake_test_loader.rb:5
Unable to load address, underlying cause no such file to load -- address.rb 

 /usr/lib/ruby/gems/1.8/gems/activesupport-2.2.2/lib/active_support/dependencies.rb:382:in `load_without_new_constant_marking'
/usr/lib/ruby/gems/1.8/gems/activesupport-2.2.2/lib/active_support/dependencies.rb:382:in `load_file'
/usr/lib/ruby/gems/1.8/gems/activesupport-2.2.2/lib/active_support/dependencies.rb:521:in `new_constants_in'
/usr/lib/ruby/gems/1.8/gems/activesupport-2.2.2/lib/active_support/dependencies.rb:381:in `load_file'
/usr/lib/ruby/gems/1.8/gems/activesupport-2.2.2/lib/active_support/dependencies.rb:256:in `require_or_load'
/usr/lib/ruby/gems/1.8/gems/activesupport-2.2.2/lib/active_support/dependencies.rb:221:in `depend_on'
/usr/lib/ruby/gems/1.8/gems/activesupport-2.2.2/lib/active_support/dependencies.rb:133:in `require_dependency'
/usr/lib/ruby/gems/1.8/gems/activerecord-2.2.2/lib/active_record/fixtures.rb:856:in `try_to_load_dependency'
/usr/lib/ruby/gems/1.8/gems/activerecord-2.2.2/lib/active_record/fixtures.rb:871:in `require_fixture_classes'
/usr/lib/ruby/gems/1.8/gems/activerecord-2.2.2/lib/active_record/fixtures.rb:868:in `each'
/usr/lib/ruby/gems/1.8/gems/activerecord-2.2.2/lib/active_record/fixtures.rb:868:in `require_fixture_classes'
/usr/lib/ruby/gems/1.8/gems/activerecord-2.2.2/lib/active_record/fixtures.rb:851:in `fixtures'
./test/unit/../test_helper.rb:31
./test/unit/nested_assignment_test.rb:1:in `require'
./test/unit/nested_assignment_test.rb:1
/usr/lib/ruby/gems/1.8/gems/rake-0.8.3/lib/rake/rake_test_loader.rb:5:in `load'
/usr/lib/ruby/gems/1.8/gems/rake-0.8.3/lib/rake/rake_test_loader.rb:5
/usr/lib/ruby/gems/1.8/gems/rake-0.8.3/lib/rake/rake_test_loader.rb:5:in `each'
/usr/lib/ruby/gems/1.8/gems/rake-0.8.3/lib/rake/rake_test_loader.rb:5
Unable to load user, underlying cause no such file to load -- user.rb 

 /usr/lib/ruby/gems/1.8/gems/activesupport-2.2.2/lib/active_support/dependencies.rb:382:in `load_without_new_constant_marking'
/usr/lib/ruby/gems/1.8/gems/activesupport-2.2.2/lib/active_support/dependencies.rb:382:in `load_file'
/usr/lib/ruby/gems/1.8/gems/activesupport-2.2.2/lib/active_support/dependencies.rb:521:in `new_constants_in'
/usr/lib/ruby/gems/1.8/gems/activesupport-2.2.2/lib/active_support/dependencies.rb:381:in `load_file'
/usr/lib/ruby/gems/1.8/gems/activesupport-2.2.2/lib/active_support/dependencies.rb:256:in `require_or_load'
/usr/lib/ruby/gems/1.8/gems/activesupport-2.2.2/lib/active_support/dependencies.rb:221:in `depend_on'
/usr/lib/ruby/gems/1.8/gems/activesupport-2.2.2/lib/active_support/dependencies.rb:133:in `require_dependency'
/usr/lib/ruby/gems/1.8/gems/activerecord-2.2.2/lib/active_record/fixtures.rb:856:in `try_to_load_dependency'
/usr/lib/ruby/gems/1.8/gems/activerecord-2.2.2/lib/active_record/fixtures.rb:871:in `require_fixture_classes'
/usr/lib/ruby/gems/1.8/gems/activerecord-2.2.2/lib/active_record/fixtures.rb:868:in `each'
/usr/lib/ruby/gems/1.8/gems/activerecord-2.2.2/lib/active_record/fixtures.rb:868:in `require_fixture_classes'
/usr/lib/ruby/gems/1.8/gems/activerecord-2.2.2/lib/active_record/fixtures.rb:851:in `fixtures'
./test/unit/../test_helper.rb:31
./test/unit/nested_assignment_test.rb:1:in `require'
./test/unit/nested_assignment_test.rb:1
/usr/lib/ruby/gems/1.8/gems/rake-0.8.3/lib/rake/rake_test_loader.rb:5:in `load'
/usr/lib/ruby/gems/1.8/gems/rake-0.8.3/lib/rake/rake_test_loader.rb:5
/usr/lib/ruby/gems/1.8/gems/rake-0.8.3/lib/rake/rake_test_loader.rb:5:in `each'
/usr/lib/ruby/gems/1.8/gems/rake-0.8.3/lib/rake/rake_test_loader.rb:5
Unable to load role, underlying cause no such file to load -- role.rb 

 /usr/lib/ruby/gems/1.8/gems/activesupport-2.2.2/lib/active_support/dependencies.rb:382:in `load_without_new_constant_marking'
/usr/lib/ruby/gems/1.8/gems/activesupport-2.2.2/lib/active_support/dependencies.rb:382:in `load_file'
/usr/lib/ruby/gems/1.8/gems/activesupport-2.2.2/lib/active_support/dependencies.rb:521:in `new_constants_in'
/usr/lib/ruby/gems/1.8/gems/activesupport-2.2.2/lib/active_support/dependencies.rb:381:in `load_file'
/usr/lib/ruby/gems/1.8/gems/activesupport-2.2.2/lib/active_support/dependencies.rb:256:in `require_or_load'
/usr/lib/ruby/gems/1.8/gems/activesupport-2.2.2/lib/active_support/dependencies.rb:221:in `depend_on'
/usr/lib/ruby/gems/1.8/gems/activesupport-2.2.2/lib/active_support/dependencies.rb:133:in `require_dependency'
/usr/lib/ruby/gems/1.8/gems/activerecord-2.2.2/lib/active_record/fixtures.rb:856:in `try_to_load_dependency'
/usr/lib/ruby/gems/1.8/gems/activerecord-2.2.2/lib/active_record/fixtures.rb:871:in `require_fixture_classes'
/usr/lib/ruby/gems/1.8/gems/activerecord-2.2.2/lib/active_record/fixtures.rb:868:in `each'
/usr/lib/ruby/gems/1.8/gems/activerecord-2.2.2/lib/active_record/fixtures.rb:868:in `require_fixture_classes'
/usr/lib/ruby/gems/1.8/gems/activerecord-2.2.2/lib/active_record/fixtures.rb:851:in `fixtures'
./test/unit/../test_helper.rb:31
./test/unit/nested_assignment_test.rb:1:in `require'
./test/unit/nested_assignment_test.rb:1
/usr/lib/ruby/gems/1.8/gems/rake-0.8.3/lib/rake/rake_test_loader.rb:5:in `load'
/usr/lib/ruby/gems/1.8/gems/rake-0.8.3/lib/rake/rake_test_loader.rb:5
/usr/lib/ruby/gems/1.8/gems/rake-0.8.3/lib/rake/rake_test_loader.rb:5:in `each'
/usr/lib/ruby/gems/1.8/gems/rake-0.8.3/lib/rake/rake_test_loader.rb:5
  [4;35;1mPluginTestModels::User Load (0.2ms)[0m   [0mSELECT * FROM "users" LIMIT 1[0m
  [4;36;1mPluginTestModels::User Load (0.1ms)[0m   [0;1mSELECT * FROM "users" LIMIT 1[0m
  [4;35;1mPluginTestModels::Role Load (0.1ms)[0m   [0mSELECT * FROM "roles" INNER JOIN "roles_users" ON "roles".id = "roles_users".role_id WHERE ("roles_users".user_id = 1 ) [0m
  [4;36;1mSQL (0.2ms)[0m   [0;1mselect sqlite_version(*)[0m
  [4;35;1mSQL (0.1ms)[0m   [0m SELECT name
 FROM sqlite_master
 WHERE type = 'table' AND NOT name = 'sqlite_sequence'
[0m
  [4;36;1mSQL (0.2ms)[0m   [0;1mCREATE TABLE "addresses" ("id" INTEGER PRIMARY KEY AUTOINCREMENT NOT NULL, "name" varchar(255), "addressable_id" integer, "addressable_type" varchar(255)) [0m
  [4;35;1mSQL (0.1ms)[0m   [0m SELECT name
 FROM sqlite_master
 WHERE type = 'table' AND NOT name = 'sqlite_sequence'
[0m
  [4;36;1mSQL (0.2ms)[0m   [0;1mCREATE TABLE "users" ("id" INTEGER PRIMARY KEY AUTOINCREMENT NOT NULL, "name" varchar(255)) [0m
  [4;35;1mSQL (0.2ms)[0m   [0m SELECT name
 FROM sqlite_master
 WHERE type = 'table' AND NOT name = 'sqlite_sequence'
[0m
  [4;36;1mSQL (0.1ms)[0m   [0;1mCREATE TABLE "roles_users" ("user_id" integer, "role_id" integer) [0m
  [4;35;1mSQL (0.2ms)[0m   [0m SELECT name
 FROM sqlite_master
 WHERE type = 'table' AND NOT name = 'sqlite_sequence'
[0m
  [4;36;1mSQL (0.1ms)[0m   [0;1mCREATE TABLE "services" ("id" INTEGER PRIMARY KEY AUTOINCREMENT NOT NULL, "name" varchar(255)) [0m
  [4;35;1mSQL (0.2ms)[0m   [0m SELECT name
 FROM sqlite_master
 WHERE type = 'table' AND NOT name = 'sqlite_sequence'
[0m
  [4;36;1mSQL (0.1ms)[0m   [0;1mCREATE TABLE "subscriptions" ("id" INTEGER PRIMARY KEY AUTOINCREMENT NOT NULL, "name" varchar(255), "service_id" integer, "user_id" integer) [0m
  [4;35;1mSQL (0.3ms)[0m   [0m SELECT name
 FROM sqlite_master
 WHERE type = 'table' AND NOT name = 'sqlite_sequence'
[0m
  [4;36;1mSQL (0.1ms)[0m   [0;1mCREATE TABLE "roles" ("id" INTEGER PRIMARY KEY AUTOINCREMENT NOT NULL, "name" varchar(255)) [0m
  [4;35;1mSQL (0.3ms)[0m   [0m SELECT name
 FROM sqlite_master
 WHERE type = 'table' AND NOT name = 'sqlite_sequence'
[0m
  [4;36;1mSQL (0.1ms)[0m   [0;1mCREATE TABLE "schema_migrations" ("version" varchar(255) NOT NULL) [0m
  [4;35;1mSQL (0.1ms)[0m   [0mCREATE UNIQUE INDEX "unique_schema_migrations" ON "schema_migrations" ("version")[0m
  [4;36;1mSQL (0.4ms)[0m   [0;1m SELECT name
 FROM sqlite_master
 WHERE type = 'table' AND NOT name = 'sqlite_sequence'
[0m
  [4;35;1mSQL (0.1ms)[0m   [0mSELECT version FROM "schema_migrations"[0m
  [4;36;1mSQL (0.1ms)[0m   [0;1mINSERT INTO "schema_migrations" (version) VALUES ('1')[0m
Unable to load roles_user, underlying cause no such file to load -- roles_user.rb 

 /usr/lib/ruby/gems/1.8/gems/activesupport-2.2.2/lib/active_support/dependencies.rb:382:in `load_without_new_constant_marking'
/usr/lib/ruby/gems/1.8/gems/activesupport-2.2.2/lib/active_support/dependencies.rb:382:in `load_file'
/usr/lib/ruby/gems/1.8/gems/activesupport-2.2.2/lib/active_support/dependencies.rb:521:in `new_constants_in'
/usr/lib/ruby/gems/1.8/gems/activesupport-2.2.2/lib/active_support/dependencies.rb:381:in `load_file'
/usr/lib/ruby/gems/1.8/gems/activesupport-2.2.2/lib/active_support/dependencies.rb:256:in `require_or_load'
/usr/lib/ruby/gems/1.8/gems/activesupport-2.2.2/lib/active_support/dependencies.rb:221:in `depend_on'
/usr/lib/ruby/gems/1.8/gems/activesupport-2.2.2/lib/active_support/dependencies.rb:133:in `require_dependency'
/usr/lib/ruby/gems/1.8/gems/activerecord-2.2.2/lib/active_record/fixtures.rb:856:in `try_to_load_dependency'
/usr/lib/ruby/gems/1.8/gems/activerecord-2.2.2/lib/active_record/fixtures.rb:871:in `require_fixture_classes'
/usr/lib/ruby/gems/1.8/gems/activerecord-2.2.2/lib/active_record/fixtures.rb:868:in `each'
/usr/lib/ruby/gems/1.8/gems/activerecord-2.2.2/lib/active_record/fixtures.rb:868:in `require_fixture_classes'
/usr/lib/ruby/gems/1.8/gems/activerecord-2.2.2/lib/active_record/fixtures.rb:851:in `fixtures'
./test/unit/../test_helper.rb:31
./test/unit/nested_assignment_test.rb:1:in `require'
./test/unit/nested_assignment_test.rb:1
/usr/lib/ruby/gems/1.8/gems/rake-0.8.3/lib/rake/rake_test_loader.rb:5:in `load'
/usr/lib/ruby/gems/1.8/gems/rake-0.8.3/lib/rake/rake_test_loader.rb:5
/usr/lib/ruby/gems/1.8/gems/rake-0.8.3/lib/rake/rake_test_loader.rb:5:in `each'
/usr/lib/ruby/gems/1.8/gems/rake-0.8.3/lib/rake/rake_test_loader.rb:5
Unable to load service, underlying cause no such file to load -- service.rb 

 /usr/lib/ruby/gems/1.8/gems/activesupport-2.2.2/lib/active_support/dependencies.rb:382:in `load_without_new_constant_marking'
/usr/lib/ruby/gems/1.8/gems/activesupport-2.2.2/lib/active_support/dependencies.rb:382:in `load_file'
/usr/lib/ruby/gems/1.8/gems/activesupport-2.2.2/lib/active_support/dependencies.rb:521:in `new_constants_in'
/usr/lib/ruby/gems/1.8/gems/activesupport-2.2.2/lib/active_support/dependencies.rb:381:in `load_file'
/usr/lib/ruby/gems/1.8/gems/activesupport-2.2.2/lib/active_support/dependencies.rb:256:in `require_or_load'
/usr/lib/ruby/gems/1.8/gems/activesupport-2.2.2/lib/active_support/dependencies.rb:221:in `depend_on'
/usr/lib/ruby/gems/1.8/gems/activesupport-2.2.2/lib/active_support/dependencies.rb:133:in `require_dependency'
/usr/lib/ruby/gems/1.8/gems/activerecord-2.2.2/lib/active_record/fixtures.rb:856:in `try_to_load_dependency'
/usr/lib/ruby/gems/1.8/gems/activerecord-2.2.2/lib/active_record/fixtures.rb:871:in `require_fixture_classes'
/usr/lib/ruby/gems/1.8/gems/activerecord-2.2.2/lib/active_record/fixtures.rb:868:in `each'
/usr/lib/ruby/gems/1.8/gems/activerecord-2.2.2/lib/active_record/fixtures.rb:868:in `require_fixture_classes'
/usr/lib/ruby/gems/1.8/gems/activerecord-2.2.2/lib/active_record/fixtures.rb:851:in `fixtures'
./test/unit/../test_helper.rb:31
./test/unit/nested_assignment_test.rb:1:in `require'
./test/unit/nested_assignment_test.rb:1
/usr/lib/ruby/gems/1.8/gems/rake-0.8.3/lib/rake/rake_test_loader.rb:5:in `load'
/usr/lib/ruby/gems/1.8/gems/rake-0.8.3/lib/rake/rake_test_loader.rb:5
/usr/lib/ruby/gems/1.8/gems/rake-0.8.3/lib/rake/rake_test_loader.rb:5:in `each'
/usr/lib/ruby/gems/1.8/gems/rake-0.8.3/lib/rake/rake_test_loader.rb:5
Unable to load subscription, underlying cause no such file to load -- subscription.rb 

 /usr/lib/ruby/gems/1.8/gems/activesupport-2.2.2/lib/active_support/dependencies.rb:382:in `load_without_new_constant_marking'
/usr/lib/ruby/gems/1.8/gems/activesupport-2.2.2/lib/active_support/dependencies.rb:382:in `load_file'
/usr/lib/ruby/gems/1.8/gems/activesupport-2.2.2/lib/active_support/dependencies.rb:521:in `new_constants_in'
/usr/lib/ruby/gems/1.8/gems/activesupport-2.2.2/lib/active_support/dependencies.rb:381:in `load_file'
/usr/lib/ruby/gems/1.8/gems/activesupport-2.2.2/lib/active_support/dependencies.rb:256:in `require_or_load'
/usr/lib/ruby/gems/1.8/gems/activesupport-2.2.2/lib/active_support/dependencies.rb:221:in `depend_on'
/usr/lib/ruby/gems/1.8/gems/activesupport-2.2.2/lib/active_support/dependencies.rb:133:in `require_dependency'
/usr/lib/ruby/gems/1.8/gems/activerecord-2.2.2/lib/active_record/fixtures.rb:856:in `try_to_load_dependency'
/usr/lib/ruby/gems/1.8/gems/activerecord-2.2.2/lib/active_record/fixtures.rb:871:in `require_fixture_classes'
/usr/lib/ruby/gems/1.8/gems/activerecord-2.2.2/lib/active_record/fixtures.rb:868:in `each'
/usr/lib/ruby/gems/1.8/gems/activerecord-2.2.2/lib/active_record/fixtures.rb:868:in `require_fixture_classes'
/usr/lib/ruby/gems/1.8/gems/activerecord-2.2.2/lib/active_record/fixtures.rb:851:in `fixtures'
./test/unit/../test_helper.rb:31
./test/unit/nested_assignment_test.rb:1:in `require'
./test/unit/nested_assignment_test.rb:1
/usr/lib/ruby/gems/1.8/gems/rake-0.8.3/lib/rake/rake_test_loader.rb:5:in `load'
/usr/lib/ruby/gems/1.8/gems/rake-0.8.3/lib/rake/rake_test_loader.rb:5
/usr/lib/ruby/gems/1.8/gems/rake-0.8.3/lib/rake/rake_test_loader.rb:5:in `each'
/usr/lib/ruby/gems/1.8/gems/rake-0.8.3/lib/rake/rake_test_loader.rb:5
Unable to load address, underlying cause no such file to load -- address.rb 

 /usr/lib/ruby/gems/1.8/gems/activesupport-2.2.2/lib/active_support/dependencies.rb:382:in `load_without_new_constant_marking'
/usr/lib/ruby/gems/1.8/gems/activesupport-2.2.2/lib/active_support/dependencies.rb:382:in `load_file'
/usr/lib/ruby/gems/1.8/gems/activesupport-2.2.2/lib/active_support/dependencies.rb:521:in `new_constants_in'
/usr/lib/ruby/gems/1.8/gems/activesupport-2.2.2/lib/active_support/dependencies.rb:381:in `load_file'
/usr/lib/ruby/gems/1.8/gems/activesupport-2.2.2/lib/active_support/dependencies.rb:256:in `require_or_load'
/usr/lib/ruby/gems/1.8/gems/activesupport-2.2.2/lib/active_support/dependencies.rb:221:in `depend_on'
/usr/lib/ruby/gems/1.8/gems/activesupport-2.2.2/lib/active_support/dependencies.rb:133:in `require_dependency'
/usr/lib/ruby/gems/1.8/gems/activerecord-2.2.2/lib/active_record/fixtures.rb:856:in `try_to_load_dependency'
/usr/lib/ruby/gems/1.8/gems/activerecord-2.2.2/lib/active_record/fixtures.rb:871:in `require_fixture_classes'
/usr/lib/ruby/gems/1.8/gems/activerecord-2.2.2/lib/active_record/fixtures.rb:868:in `each'
/usr/lib/ruby/gems/1.8/gems/activerecord-2.2.2/lib/active_record/fixtures.rb:868:in `require_fixture_classes'
/usr/lib/ruby/gems/1.8/gems/activerecord-2.2.2/lib/active_record/fixtures.rb:851:in `fixtures'
./test/unit/../test_helper.rb:31
./test/unit/nested_assignment_test.rb:1:in `require'
./test/unit/nested_assignment_test.rb:1
/usr/lib/ruby/gems/1.8/gems/rake-0.8.3/lib/rake/rake_test_loader.rb:5:in `load'
/usr/lib/ruby/gems/1.8/gems/rake-0.8.3/lib/rake/rake_test_loader.rb:5
/usr/lib/ruby/gems/1.8/gems/rake-0.8.3/lib/rake/rake_test_loader.rb:5:in `each'
/usr/lib/ruby/gems/1.8/gems/rake-0.8.3/lib/rake/rake_test_loader.rb:5
Unable to load user, underlying cause no such file to load -- user.rb 

 /usr/lib/ruby/gems/1.8/gems/activesupport-2.2.2/lib/active_support/dependencies.rb:382:in `load_without_new_constant_marking'
/usr/lib/ruby/gems/1.8/gems/activesupport-2.2.2/lib/active_support/dependencies.rb:382:in `load_file'
/usr/lib/ruby/gems/1.8/gems/activesupport-2.2.2/lib/active_support/dependencies.rb:521:in `new_constants_in'
/usr/lib/ruby/gems/1.8/gems/activesupport-2.2.2/lib/active_support/dependencies.rb:381:in `load_file'
/usr/lib/ruby/gems/1.8/gems/activesupport-2.2.2/lib/active_support/dependencies.rb:256:in `require_or_load'
/usr/lib/ruby/gems/1.8/gems/activesupport-2.2.2/lib/active_support/dependencies.rb:221:in `depend_on'
/usr/lib/ruby/gems/1.8/gems/activesupport-2.2.2/lib/active_support/dependencies.rb:133:in `require_dependency'
/usr/lib/ruby/gems/1.8/gems/activerecord-2.2.2/lib/active_record/fixtures.rb:856:in `try_to_load_dependency'
/usr/lib/ruby/gems/1.8/gems/activerecord-2.2.2/lib/active_record/fixtures.rb:871:in `require_fixture_classes'
/usr/lib/ruby/gems/1.8/gems/activerecord-2.2.2/lib/active_record/fixtures.rb:868:in `each'
/usr/lib/ruby/gems/1.8/gems/activerecord-2.2.2/lib/active_record/fixtures.rb:868:in `require_fixture_classes'
/usr/lib/ruby/gems/1.8/gems/activerecord-2.2.2/lib/active_record/fixtures.rb:851:in `fixtures'
./test/unit/../test_helper.rb:31
./test/unit/nested_assignment_test.rb:1:in `require'
./test/unit/nested_assignment_test.rb:1
/usr/lib/ruby/gems/1.8/gems/rake-0.8.3/lib/rake/rake_test_loader.rb:5:in `load'
/usr/lib/ruby/gems/1.8/gems/rake-0.8.3/lib/rake/rake_test_loader.rb:5
/usr/lib/ruby/gems/1.8/gems/rake-0.8.3/lib/rake/rake_test_loader.rb:5:in `each'
/usr/lib/ruby/gems/1.8/gems/rake-0.8.3/lib/rake/rake_test_loader.rb:5
Unable to load role, underlying cause no such file to load -- role.rb 

 /usr/lib/ruby/gems/1.8/gems/activesupport-2.2.2/lib/active_support/dependencies.rb:382:in `load_without_new_constant_marking'
/usr/lib/ruby/gems/1.8/gems/activesupport-2.2.2/lib/active_support/dependencies.rb:382:in `load_file'
/usr/lib/ruby/gems/1.8/gems/activesupport-2.2.2/lib/active_support/dependencies.rb:521:in `new_constants_in'
/usr/lib/ruby/gems/1.8/gems/activesupport-2.2.2/lib/active_support/dependencies.rb:381:in `load_file'
/usr/lib/ruby/gems/1.8/gems/activesupport-2.2.2/lib/active_support/dependencies.rb:256:in `require_or_load'
/usr/lib/ruby/gems/1.8/gems/activesupport-2.2.2/lib/active_support/dependencies.rb:221:in `depend_on'
/usr/lib/ruby/gems/1.8/gems/activesupport-2.2.2/lib/active_support/dependencies.rb:133:in `require_dependency'
/usr/lib/ruby/gems/1.8/gems/activerecord-2.2.2/lib/active_record/fixtures.rb:856:in `try_to_load_dependency'
/usr/lib/ruby/gems/1.8/gems/activerecord-2.2.2/lib/active_record/fixtures.rb:871:in `require_fixture_classes'
/usr/lib/ruby/gems/1.8/gems/activerecord-2.2.2/lib/active_record/fixtures.rb:868:in `each'
/usr/lib/ruby/gems/1.8/gems/activerecord-2.2.2/lib/active_record/fixtures.rb:868:in `require_fixture_classes'
/usr/lib/ruby/gems/1.8/gems/activerecord-2.2.2/lib/active_record/fixtures.rb:851:in `fixtures'
./test/unit/../test_helper.rb:31
./test/unit/nested_assignment_test.rb:1:in `require'
./test/unit/nested_assignment_test.rb:1
/usr/lib/ruby/gems/1.8/gems/rake-0.8.3/lib/rake/rake_test_loader.rb:5:in `load'
/usr/lib/ruby/gems/1.8/gems/rake-0.8.3/lib/rake/rake_test_loader.rb:5
/usr/lib/ruby/gems/1.8/gems/rake-0.8.3/lib/rake/rake_test_loader.rb:5:in `each'
/usr/lib/ruby/gems/1.8/gems/rake-0.8.3/lib/rake/rake_test_loader.rb:5
  [4;35;1mPluginTestModels::User Load (0.3ms)[0m   [0mSELECT * FROM "users" LIMIT 1[0m
  [4;36;1mPluginTestModels::User Load (0.1ms)[0m   [0;1mSELECT * FROM "users" LIMIT 1[0m
  [4;35;1mPluginTestModels::Role Load (0.2ms)[0m   [0mSELECT * FROM "roles" INNER JOIN "roles_users" ON "roles".id = "roles_users".role_id WHERE ("roles_users".user_id = 1 ) [0m
  [4;36;1mPluginTestModels::Role Load (0.4ms)[0m   [0;1mSELECT * FROM "roles" [0m
  [4;35;1mPluginTestModels::Role Load (0.3ms)[0m   [0mSELECT * FROM "roles" LIMIT 1[0m
  [4;36;1mPluginTestModels::User Load (0.1ms)[0m   [0;1mSELECT * FROM "users" INNER JOIN "roles_users" ON "users".id = "roles_users".user_id WHERE ("roles_users".role_id = 920937212 ) [0m
  [4;36;1mSQL (0.2ms)[0m   [0;1mselect sqlite_version(*)[0m
  [4;35;1mSQL (0.1ms)[0m   [0m SELECT name
 FROM sqlite_master
 WHERE type = 'table' AND NOT name = 'sqlite_sequence'
[0m
  [4;36;1mSQL (0.2ms)[0m   [0;1mCREATE TABLE "addresses" ("id" INTEGER PRIMARY KEY AUTOINCREMENT NOT NULL, "name" varchar(255), "addressable_id" integer, "addressable_type" varchar(255)) [0m
  [4;35;1mSQL (0.1ms)[0m   [0m SELECT name
 FROM sqlite_master
 WHERE type = 'table' AND NOT name = 'sqlite_sequence'
[0m
  [4;36;1mSQL (0.1ms)[0m   [0;1mCREATE TABLE "users" ("id" INTEGER PRIMARY KEY AUTOINCREMENT NOT NULL, "name" varchar(255)) [0m
  [4;35;1mSQL (0.2ms)[0m   [0m SELECT name
 FROM sqlite_master
 WHERE type = 'table' AND NOT name = 'sqlite_sequence'
[0m
  [4;36;1mSQL (0.1ms)[0m   [0;1mCREATE TABLE "roles_users" ("user_id" integer, "role_id" integer) [0m
  [4;35;1mSQL (0.2ms)[0m   [0m SELECT name
 FROM sqlite_master
 WHERE type = 'table' AND NOT name = 'sqlite_sequence'
[0m
  [4;36;1mSQL (0.1ms)[0m   [0;1mCREATE TABLE "services" ("id" INTEGER PRIMARY KEY AUTOINCREMENT NOT NULL, "name" varchar(255)) [0m
  [4;35;1mSQL (0.2ms)[0m   [0m SELECT name
 FROM sqlite_master
 WHERE type = 'table' AND NOT name = 'sqlite_sequence'
[0m
  [4;36;1mSQL (0.1ms)[0m   [0;1mCREATE TABLE "subscriptions" ("id" INTEGER PRIMARY KEY AUTOINCREMENT NOT NULL, "name" varchar(255), "service_id" integer, "user_id" integer) [0m
  [4;35;1mSQL (0.3ms)[0m   [0m SELECT name
 FROM sqlite_master
 WHERE type = 'table' AND NOT name = 'sqlite_sequence'
[0m
  [4;36;1mSQL (0.1ms)[0m   [0;1mCREATE TABLE "roles" ("id" INTEGER PRIMARY KEY AUTOINCREMENT NOT NULL, "name" varchar(255)) [0m
  [4;35;1mSQL (0.3ms)[0m   [0m SELECT name
 FROM sqlite_master
 WHERE type = 'table' AND NOT name = 'sqlite_sequence'
[0m
  [4;36;1mSQL (0.1ms)[0m   [0;1mCREATE TABLE "schema_migrations" ("version" varchar(255) NOT NULL) [0m
  [4;35;1mSQL (0.1ms)[0m   [0mCREATE UNIQUE INDEX "unique_schema_migrations" ON "schema_migrations" ("version")[0m
  [4;36;1mSQL (0.4ms)[0m   [0;1m SELECT name
 FROM sqlite_master
 WHERE type = 'table' AND NOT name = 'sqlite_sequence'
[0m
  [4;35;1mSQL (0.1ms)[0m   [0mSELECT version FROM "schema_migrations"[0m
  [4;36;1mSQL (0.1ms)[0m   [0;1mINSERT INTO "schema_migrations" (version) VALUES ('1')[0m
Unable to load roles_user, underlying cause no such file to load -- roles_user.rb 

 /usr/lib/ruby/gems/1.8/gems/activesupport-2.2.2/lib/active_support/dependencies.rb:382:in `load_without_new_constant_marking'
/usr/lib/ruby/gems/1.8/gems/activesupport-2.2.2/lib/active_support/dependencies.rb:382:in `load_file'
/usr/lib/ruby/gems/1.8/gems/activesupport-2.2.2/lib/active_support/dependencies.rb:521:in `new_constants_in'
/usr/lib/ruby/gems/1.8/gems/activesupport-2.2.2/lib/active_support/dependencies.rb:381:in `load_file'
/usr/lib/ruby/gems/1.8/gems/activesupport-2.2.2/lib/active_support/dependencies.rb:256:in `require_or_load'
/usr/lib/ruby/gems/1.8/gems/activesupport-2.2.2/lib/active_support/dependencies.rb:221:in `depend_on'
/usr/lib/ruby/gems/1.8/gems/activesupport-2.2.2/lib/active_support/dependencies.rb:133:in `require_dependency'
/usr/lib/ruby/gems/1.8/gems/activerecord-2.2.2/lib/active_record/fixtures.rb:856:in `try_to_load_dependency'
/usr/lib/ruby/gems/1.8/gems/activerecord-2.2.2/lib/active_record/fixtures.rb:871:in `require_fixture_classes'
/usr/lib/ruby/gems/1.8/gems/activerecord-2.2.2/lib/active_record/fixtures.rb:868:in `each'
/usr/lib/ruby/gems/1.8/gems/activerecord-2.2.2/lib/active_record/fixtures.rb:868:in `require_fixture_classes'
/usr/lib/ruby/gems/1.8/gems/activerecord-2.2.2/lib/active_record/fixtures.rb:851:in `fixtures'
./test/unit/../test_helper.rb:31
./test/unit/nested_assignment_test.rb:1:in `require'
./test/unit/nested_assignment_test.rb:1
/usr/lib/ruby/gems/1.8/gems/rake-0.8.3/lib/rake/rake_test_loader.rb:5:in `load'
/usr/lib/ruby/gems/1.8/gems/rake-0.8.3/lib/rake/rake_test_loader.rb:5
/usr/lib/ruby/gems/1.8/gems/rake-0.8.3/lib/rake/rake_test_loader.rb:5:in `each'
/usr/lib/ruby/gems/1.8/gems/rake-0.8.3/lib/rake/rake_test_loader.rb:5
Unable to load service, underlying cause no such file to load -- service.rb 

 /usr/lib/ruby/gems/1.8/gems/activesupport-2.2.2/lib/active_support/dependencies.rb:382:in `load_without_new_constant_marking'
/usr/lib/ruby/gems/1.8/gems/activesupport-2.2.2/lib/active_support/dependencies.rb:382:in `load_file'
/usr/lib/ruby/gems/1.8/gems/activesupport-2.2.2/lib/active_support/dependencies.rb:521:in `new_constants_in'
/usr/lib/ruby/gems/1.8/gems/activesupport-2.2.2/lib/active_support/dependencies.rb:381:in `load_file'
/usr/lib/ruby/gems/1.8/gems/activesupport-2.2.2/lib/active_support/dependencies.rb:256:in `require_or_load'
/usr/lib/ruby/gems/1.8/gems/activesupport-2.2.2/lib/active_support/dependencies.rb:221:in `depend_on'
/usr/lib/ruby/gems/1.8/gems/activesupport-2.2.2/lib/active_support/dependencies.rb:133:in `require_dependency'
/usr/lib/ruby/gems/1.8/gems/activerecord-2.2.2/lib/active_record/fixtures.rb:856:in `try_to_load_dependency'
/usr/lib/ruby/gems/1.8/gems/activerecord-2.2.2/lib/active_record/fixtures.rb:871:in `require_fixture_classes'
/usr/lib/ruby/gems/1.8/gems/activerecord-2.2.2/lib/active_record/fixtures.rb:868:in `each'
/usr/lib/ruby/gems/1.8/gems/activerecord-2.2.2/lib/active_record/fixtures.rb:868:in `require_fixture_classes'
/usr/lib/ruby/gems/1.8/gems/activerecord-2.2.2/lib/active_record/fixtures.rb:851:in `fixtures'
./test/unit/../test_helper.rb:31
./test/unit/nested_assignment_test.rb:1:in `require'
./test/unit/nested_assignment_test.rb:1
/usr/lib/ruby/gems/1.8/gems/rake-0.8.3/lib/rake/rake_test_loader.rb:5:in `load'
/usr/lib/ruby/gems/1.8/gems/rake-0.8.3/lib/rake/rake_test_loader.rb:5
/usr/lib/ruby/gems/1.8/gems/rake-0.8.3/lib/rake/rake_test_loader.rb:5:in `each'
/usr/lib/ruby/gems/1.8/gems/rake-0.8.3/lib/rake/rake_test_loader.rb:5
Unable to load subscription, underlying cause no such file to load -- subscription.rb 

 /usr/lib/ruby/gems/1.8/gems/activesupport-2.2.2/lib/active_support/dependencies.rb:382:in `load_without_new_constant_marking'
/usr/lib/ruby/gems/1.8/gems/activesupport-2.2.2/lib/active_support/dependencies.rb:382:in `load_file'
/usr/lib/ruby/gems/1.8/gems/activesupport-2.2.2/lib/active_support/dependencies.rb:521:in `new_constants_in'
/usr/lib/ruby/gems/1.8/gems/activesupport-2.2.2/lib/active_support/dependencies.rb:381:in `load_file'
/usr/lib/ruby/gems/1.8/gems/activesupport-2.2.2/lib/active_support/dependencies.rb:256:in `require_or_load'
/usr/lib/ruby/gems/1.8/gems/activesupport-2.2.2/lib/active_support/dependencies.rb:221:in `depend_on'
/usr/lib/ruby/gems/1.8/gems/activesupport-2.2.2/lib/active_support/dependencies.rb:133:in `require_dependency'
/usr/lib/ruby/gems/1.8/gems/activerecord-2.2.2/lib/active_record/fixtures.rb:856:in `try_to_load_dependency'
/usr/lib/ruby/gems/1.8/gems/activerecord-2.2.2/lib/active_record/fixtures.rb:871:in `require_fixture_classes'
/usr/lib/ruby/gems/1.8/gems/activerecord-2.2.2/lib/active_record/fixtures.rb:868:in `each'
/usr/lib/ruby/gems/1.8/gems/activerecord-2.2.2/lib/active_record/fixtures.rb:868:in `require_fixture_classes'
/usr/lib/ruby/gems/1.8/gems/activerecord-2.2.2/lib/active_record/fixtures.rb:851:in `fixtures'
./test/unit/../test_helper.rb:31
./test/unit/nested_assignment_test.rb:1:in `require'
./test/unit/nested_assignment_test.rb:1
/usr/lib/ruby/gems/1.8/gems/rake-0.8.3/lib/rake/rake_test_loader.rb:5:in `load'
/usr/lib/ruby/gems/1.8/gems/rake-0.8.3/lib/rake/rake_test_loader.rb:5
/usr/lib/ruby/gems/1.8/gems/rake-0.8.3/lib/rake/rake_test_loader.rb:5:in `each'
/usr/lib/ruby/gems/1.8/gems/rake-0.8.3/lib/rake/rake_test_loader.rb:5
Unable to load address, underlying cause no such file to load -- address.rb 

 /usr/lib/ruby/gems/1.8/gems/activesupport-2.2.2/lib/active_support/dependencies.rb:382:in `load_without_new_constant_marking'
/usr/lib/ruby/gems/1.8/gems/activesupport-2.2.2/lib/active_support/dependencies.rb:382:in `load_file'
/usr/lib/ruby/gems/1.8/gems/activesupport-2.2.2/lib/active_support/dependencies.rb:521:in `new_constants_in'
/usr/lib/ruby/gems/1.8/gems/activesupport-2.2.2/lib/active_support/dependencies.rb:381:in `load_file'
/usr/lib/ruby/gems/1.8/gems/activesupport-2.2.2/lib/active_support/dependencies.rb:256:in `require_or_load'
/usr/lib/ruby/gems/1.8/gems/activesupport-2.2.2/lib/active_support/dependencies.rb:221:in `depend_on'
/usr/lib/ruby/gems/1.8/gems/activesupport-2.2.2/lib/active_support/dependencies.rb:133:in `require_dependency'
/usr/lib/ruby/gems/1.8/gems/activerecord-2.2.2/lib/active_record/fixtures.rb:856:in `try_to_load_dependency'
/usr/lib/ruby/gems/1.8/gems/activerecord-2.2.2/lib/active_record/fixtures.rb:871:in `require_fixture_classes'
/usr/lib/ruby/gems/1.8/gems/activerecord-2.2.2/lib/active_record/fixtures.rb:868:in `each'
/usr/lib/ruby/gems/1.8/gems/activerecord-2.2.2/lib/active_record/fixtures.rb:868:in `require_fixture_classes'
/usr/lib/ruby/gems/1.8/gems/activerecord-2.2.2/lib/active_record/fixtures.rb:851:in `fixtures'
./test/unit/../test_helper.rb:31
./test/unit/nested_assignment_test.rb:1:in `require'
./test/unit/nested_assignment_test.rb:1
/usr/lib/ruby/gems/1.8/gems/rake-0.8.3/lib/rake/rake_test_loader.rb:5:in `load'
/usr/lib/ruby/gems/1.8/gems/rake-0.8.3/lib/rake/rake_test_loader.rb:5
/usr/lib/ruby/gems/1.8/gems/rake-0.8.3/lib/rake/rake_test_loader.rb:5:in `each'
/usr/lib/ruby/gems/1.8/gems/rake-0.8.3/lib/rake/rake_test_loader.rb:5
Unable to load user, underlying cause no such file to load -- user.rb 

 /usr/lib/ruby/gems/1.8/gems/activesupport-2.2.2/lib/active_support/dependencies.rb:382:in `load_without_new_constant_marking'
/usr/lib/ruby/gems/1.8/gems/activesupport-2.2.2/lib/active_support/dependencies.rb:382:in `load_file'
/usr/lib/ruby/gems/1.8/gems/activesupport-2.2.2/lib/active_support/dependencies.rb:521:in `new_constants_in'
/usr/lib/ruby/gems/1.8/gems/activesupport-2.2.2/lib/active_support/dependencies.rb:381:in `load_file'
/usr/lib/ruby/gems/1.8/gems/activesupport-2.2.2/lib/active_support/dependencies.rb:256:in `require_or_load'
/usr/lib/ruby/gems/1.8/gems/activesupport-2.2.2/lib/active_support/dependencies.rb:221:in `depend_on'
/usr/lib/ruby/gems/1.8/gems/activesupport-2.2.2/lib/active_support/dependencies.rb:133:in `require_dependency'
/usr/lib/ruby/gems/1.8/gems/activerecord-2.2.2/lib/active_record/fixtures.rb:856:in `try_to_load_dependency'
/usr/lib/ruby/gems/1.8/gems/activerecord-2.2.2/lib/active_record/fixtures.rb:871:in `require_fixture_classes'
/usr/lib/ruby/gems/1.8/gems/activerecord-2.2.2/lib/active_record/fixtures.rb:868:in `each'
/usr/lib/ruby/gems/1.8/gems/activerecord-2.2.2/lib/active_record/fixtures.rb:868:in `require_fixture_classes'
/usr/lib/ruby/gems/1.8/gems/activerecord-2.2.2/lib/active_record/fixtures.rb:851:in `fixtures'
./test/unit/../test_helper.rb:31
./test/unit/nested_assignment_test.rb:1:in `require'
./test/unit/nested_assignment_test.rb:1
/usr/lib/ruby/gems/1.8/gems/rake-0.8.3/lib/rake/rake_test_loader.rb:5:in `load'
/usr/lib/ruby/gems/1.8/gems/rake-0.8.3/lib/rake/rake_test_loader.rb:5
/usr/lib/ruby/gems/1.8/gems/rake-0.8.3/lib/rake/rake_test_loader.rb:5:in `each'
/usr/lib/ruby/gems/1.8/gems/rake-0.8.3/lib/rake/rake_test_loader.rb:5
Unable to load role, underlying cause no such file to load -- role.rb 

 /usr/lib/ruby/gems/1.8/gems/activesupport-2.2.2/lib/active_support/dependencies.rb:382:in `load_without_new_constant_marking'
/usr/lib/ruby/gems/1.8/gems/activesupport-2.2.2/lib/active_support/dependencies.rb:382:in `load_file'
/usr/lib/ruby/gems/1.8/gems/activesupport-2.2.2/lib/active_support/dependencies.rb:521:in `new_constants_in'
/usr/lib/ruby/gems/1.8/gems/activesupport-2.2.2/lib/active_support/dependencies.rb:381:in `load_file'
/usr/lib/ruby/gems/1.8/gems/activesupport-2.2.2/lib/active_support/dependencies.rb:256:in `require_or_load'
/usr/lib/ruby/gems/1.8/gems/activesupport-2.2.2/lib/active_support/dependencies.rb:221:in `depend_on'
/usr/lib/ruby/gems/1.8/gems/activesupport-2.2.2/lib/active_support/dependencies.rb:133:in `require_dependency'
/usr/lib/ruby/gems/1.8/gems/activerecord-2.2.2/lib/active_record/fixtures.rb:856:in `try_to_load_dependency'
/usr/lib/ruby/gems/1.8/gems/activerecord-2.2.2/lib/active_record/fixtures.rb:871:in `require_fixture_classes'
/usr/lib/ruby/gems/1.8/gems/activerecord-2.2.2/lib/active_record/fixtures.rb:868:in `each'
/usr/lib/ruby/gems/1.8/gems/activerecord-2.2.2/lib/active_record/fixtures.rb:868:in `require_fixture_classes'
/usr/lib/ruby/gems/1.8/gems/activerecord-2.2.2/lib/active_record/fixtures.rb:851:in `fixtures'
./test/unit/../test_helper.rb:31
./test/unit/nested_assignment_test.rb:1:in `require'
./test/unit/nested_assignment_test.rb:1
/usr/lib/ruby/gems/1.8/gems/rake-0.8.3/lib/rake/rake_test_loader.rb:5:in `load'
/usr/lib/ruby/gems/1.8/gems/rake-0.8.3/lib/rake/rake_test_loader.rb:5
/usr/lib/ruby/gems/1.8/gems/rake-0.8.3/lib/rake/rake_test_loader.rb:5:in `each'
/usr/lib/ruby/gems/1.8/gems/rake-0.8.3/lib/rake/rake_test_loader.rb:5
  [4;36;1mSQL (0.2ms)[0m   [0;1mselect sqlite_version(*)[0m
  [4;35;1mSQL (0.1ms)[0m   [0m SELECT name
 FROM sqlite_master
 WHERE type = 'table' AND NOT name = 'sqlite_sequence'
[0m
  [4;36;1mSQL (0.2ms)[0m   [0;1mCREATE TABLE "addresses" ("id" INTEGER PRIMARY KEY AUTOINCREMENT NOT NULL, "name" varchar(255), "addressable_id" integer, "addressable_type" varchar(255)) [0m
  [4;35;1mSQL (0.1ms)[0m   [0m SELECT name
 FROM sqlite_master
 WHERE type = 'table' AND NOT name = 'sqlite_sequence'
[0m
  [4;36;1mSQL (0.1ms)[0m   [0;1mCREATE TABLE "users" ("id" INTEGER PRIMARY KEY AUTOINCREMENT NOT NULL, "name" varchar(255)) [0m
  [4;35;1mSQL (0.2ms)[0m   [0m SELECT name
 FROM sqlite_master
 WHERE type = 'table' AND NOT name = 'sqlite_sequence'
[0m
  [4;36;1mSQL (0.1ms)[0m   [0;1mCREATE TABLE "roles_users" ("user_id" integer, "role_id" integer) [0m
  [4;35;1mSQL (0.2ms)[0m   [0m SELECT name
 FROM sqlite_master
 WHERE type = 'table' AND NOT name = 'sqlite_sequence'
[0m
  [4;36;1mSQL (0.1ms)[0m   [0;1mCREATE TABLE "services" ("id" INTEGER PRIMARY KEY AUTOINCREMENT NOT NULL, "name" varchar(255)) [0m
  [4;35;1mSQL (0.3ms)[0m   [0m SELECT name
 FROM sqlite_master
 WHERE type = 'table' AND NOT name = 'sqlite_sequence'
[0m
  [4;36;1mSQL (0.1ms)[0m   [0;1mCREATE TABLE "subscriptions" ("id" INTEGER PRIMARY KEY AUTOINCREMENT NOT NULL, "name" varchar(255), "service_id" integer, "user_id" integer) [0m
  [4;35;1mSQL (0.3ms)[0m   [0m SELECT name
 FROM sqlite_master
 WHERE type = 'table' AND NOT name = 'sqlite_sequence'
[0m
  [4;36;1mSQL (0.1ms)[0m   [0;1mCREATE TABLE "roles" ("id" INTEGER PRIMARY KEY AUTOINCREMENT NOT NULL, "name" varchar(255)) [0m
  [4;35;1mSQL (0.3ms)[0m   [0m SELECT name
 FROM sqlite_master
 WHERE type = 'table' AND NOT name = 'sqlite_sequence'
[0m
  [4;36;1mSQL (0.1ms)[0m   [0;1mCREATE TABLE "schema_migrations" ("version" varchar(255) NOT NULL) [0m
  [4;35;1mSQL (0.1ms)[0m   [0mCREATE UNIQUE INDEX "unique_schema_migrations" ON "schema_migrations" ("version")[0m
  [4;36;1mSQL (0.4ms)[0m   [0;1m SELECT name
 FROM sqlite_master
 WHERE type = 'table' AND NOT name = 'sqlite_sequence'
[0m
  [4;35;1mSQL (0.1ms)[0m   [0mSELECT version FROM "schema_migrations"[0m
  [4;36;1mSQL (0.1ms)[0m   [0;1mINSERT INTO "schema_migrations" (version) VALUES ('1')[0m
Unable to load roles_user, underlying cause no such file to load -- roles_user.rb 

 /usr/lib/ruby/gems/1.8/gems/activesupport-2.2.2/lib/active_support/dependencies.rb:382:in `load_without_new_constant_marking'
/usr/lib/ruby/gems/1.8/gems/activesupport-2.2.2/lib/active_support/dependencies.rb:382:in `load_file'
/usr/lib/ruby/gems/1.8/gems/activesupport-2.2.2/lib/active_support/dependencies.rb:521:in `new_constants_in'
/usr/lib/ruby/gems/1.8/gems/activesupport-2.2.2/lib/active_support/dependencies.rb:381:in `load_file'
/usr/lib/ruby/gems/1.8/gems/activesupport-2.2.2/lib/active_support/dependencies.rb:256:in `require_or_load'
/usr/lib/ruby/gems/1.8/gems/activesupport-2.2.2/lib/active_support/dependencies.rb:221:in `depend_on'
/usr/lib/ruby/gems/1.8/gems/activesupport-2.2.2/lib/active_support/dependencies.rb:133:in `require_dependency'
/usr/lib/ruby/gems/1.8/gems/activerecord-2.2.2/lib/active_record/fixtures.rb:856:in `try_to_load_dependency'
/usr/lib/ruby/gems/1.8/gems/activerecord-2.2.2/lib/active_record/fixtures.rb:871:in `require_fixture_classes'
/usr/lib/ruby/gems/1.8/gems/activerecord-2.2.2/lib/active_record/fixtures.rb:868:in `each'
/usr/lib/ruby/gems/1.8/gems/activerecord-2.2.2/lib/active_record/fixtures.rb:868:in `require_fixture_classes'
/usr/lib/ruby/gems/1.8/gems/activerecord-2.2.2/lib/active_record/fixtures.rb:851:in `fixtures'
./test/unit/../test_helper.rb:31
./test/unit/nested_assignment_test.rb:1:in `require'
./test/unit/nested_assignment_test.rb:1
/usr/lib/ruby/gems/1.8/gems/rake-0.8.3/lib/rake/rake_test_loader.rb:5:in `load'
/usr/lib/ruby/gems/1.8/gems/rake-0.8.3/lib/rake/rake_test_loader.rb:5
/usr/lib/ruby/gems/1.8/gems/rake-0.8.3/lib/rake/rake_test_loader.rb:5:in `each'
/usr/lib/ruby/gems/1.8/gems/rake-0.8.3/lib/rake/rake_test_loader.rb:5
Unable to load service, underlying cause no such file to load -- service.rb 

 /usr/lib/ruby/gems/1.8/gems/activesupport-2.2.2/lib/active_support/dependencies.rb:382:in `load_without_new_constant_marking'
/usr/lib/ruby/gems/1.8/gems/activesupport-2.2.2/lib/active_support/dependencies.rb:382:in `load_file'
/usr/lib/ruby/gems/1.8/gems/activesupport-2.2.2/lib/active_support/dependencies.rb:521:in `new_constants_in'
/usr/lib/ruby/gems/1.8/gems/activesupport-2.2.2/lib/active_support/dependencies.rb:381:in `load_file'
/usr/lib/ruby/gems/1.8/gems/activesupport-2.2.2/lib/active_support/dependencies.rb:256:in `require_or_load'
/usr/lib/ruby/gems/1.8/gems/activesupport-2.2.2/lib/active_support/dependencies.rb:221:in `depend_on'
/usr/lib/ruby/gems/1.8/gems/activesupport-2.2.2/lib/active_support/dependencies.rb:133:in `require_dependency'
/usr/lib/ruby/gems/1.8/gems/activerecord-2.2.2/lib/active_record/fixtures.rb:856:in `try_to_load_dependency'
/usr/lib/ruby/gems/1.8/gems/activerecord-2.2.2/lib/active_record/fixtures.rb:871:in `require_fixture_classes'
/usr/lib/ruby/gems/1.8/gems/activerecord-2.2.2/lib/active_record/fixtures.rb:868:in `each'
/usr/lib/ruby/gems/1.8/gems/activerecord-2.2.2/lib/active_record/fixtures.rb:868:in `require_fixture_classes'
/usr/lib/ruby/gems/1.8/gems/activerecord-2.2.2/lib/active_record/fixtures.rb:851:in `fixtures'
./test/unit/../test_helper.rb:31
./test/unit/nested_assignment_test.rb:1:in `require'
./test/unit/nested_assignment_test.rb:1
/usr/lib/ruby/gems/1.8/gems/rake-0.8.3/lib/rake/rake_test_loader.rb:5:in `load'
/usr/lib/ruby/gems/1.8/gems/rake-0.8.3/lib/rake/rake_test_loader.rb:5
/usr/lib/ruby/gems/1.8/gems/rake-0.8.3/lib/rake/rake_test_loader.rb:5:in `each'
/usr/lib/ruby/gems/1.8/gems/rake-0.8.3/lib/rake/rake_test_loader.rb:5
Unable to load subscription, underlying cause no such file to load -- subscription.rb 

 /usr/lib/ruby/gems/1.8/gems/activesupport-2.2.2/lib/active_support/dependencies.rb:382:in `load_without_new_constant_marking'
/usr/lib/ruby/gems/1.8/gems/activesupport-2.2.2/lib/active_support/dependencies.rb:382:in `load_file'
/usr/lib/ruby/gems/1.8/gems/activesupport-2.2.2/lib/active_support/dependencies.rb:521:in `new_constants_in'
/usr/lib/ruby/gems/1.8/gems/activesupport-2.2.2/lib/active_support/dependencies.rb:381:in `load_file'
/usr/lib/ruby/gems/1.8/gems/activesupport-2.2.2/lib/active_support/dependencies.rb:256:in `require_or_load'
/usr/lib/ruby/gems/1.8/gems/activesupport-2.2.2/lib/active_support/dependencies.rb:221:in `depend_on'
/usr/lib/ruby/gems/1.8/gems/activesupport-2.2.2/lib/active_support/dependencies.rb:133:in `require_dependency'
/usr/lib/ruby/gems/1.8/gems/activerecord-2.2.2/lib/active_record/fixtures.rb:856:in `try_to_load_dependency'
/usr/lib/ruby/gems/1.8/gems/activerecord-2.2.2/lib/active_record/fixtures.rb:871:in `require_fixture_classes'
/usr/lib/ruby/gems/1.8/gems/activerecord-2.2.2/lib/active_record/fixtures.rb:868:in `each'
/usr/lib/ruby/gems/1.8/gems/activerecord-2.2.2/lib/active_record/fixtures.rb:868:in `require_fixture_classes'
/usr/lib/ruby/gems/1.8/gems/activerecord-2.2.2/lib/active_record/fixtures.rb:851:in `fixtures'
./test/unit/../test_helper.rb:31
./test/unit/nested_assignment_test.rb:1:in `require'
./test/unit/nested_assignment_test.rb:1
/usr/lib/ruby/gems/1.8/gems/rake-0.8.3/lib/rake/rake_test_loader.rb:5:in `load'
/usr/lib/ruby/gems/1.8/gems/rake-0.8.3/lib/rake/rake_test_loader.rb:5
/usr/lib/ruby/gems/1.8/gems/rake-0.8.3/lib/rake/rake_test_loader.rb:5:in `each'
/usr/lib/ruby/gems/1.8/gems/rake-0.8.3/lib/rake/rake_test_loader.rb:5
Unable to load address, underlying cause no such file to load -- address.rb 

 /usr/lib/ruby/gems/1.8/gems/activesupport-2.2.2/lib/active_support/dependencies.rb:382:in `load_without_new_constant_marking'
/usr/lib/ruby/gems/1.8/gems/activesupport-2.2.2/lib/active_support/dependencies.rb:382:in `load_file'
/usr/lib/ruby/gems/1.8/gems/activesupport-2.2.2/lib/active_support/dependencies.rb:521:in `new_constants_in'
/usr/lib/ruby/gems/1.8/gems/activesupport-2.2.2/lib/active_support/dependencies.rb:381:in `load_file'
/usr/lib/ruby/gems/1.8/gems/activesupport-2.2.2/lib/active_support/dependencies.rb:256:in `require_or_load'
/usr/lib/ruby/gems/1.8/gems/activesupport-2.2.2/lib/active_support/dependencies.rb:221:in `depend_on'
/usr/lib/ruby/gems/1.8/gems/activesupport-2.2.2/lib/active_support/dependencies.rb:133:in `require_dependency'
/usr/lib/ruby/gems/1.8/gems/activerecord-2.2.2/lib/active_record/fixtures.rb:856:in `try_to_load_dependency'
/usr/lib/ruby/gems/1.8/gems/activerecord-2.2.2/lib/active_record/fixtures.rb:871:in `require_fixture_classes'
/usr/lib/ruby/gems/1.8/gems/activerecord-2.2.2/lib/active_record/fixtures.rb:868:in `each'
/usr/lib/ruby/gems/1.8/gems/activerecord-2.2.2/lib/active_record/fixtures.rb:868:in `require_fixture_classes'
/usr/lib/ruby/gems/1.8/gems/activerecord-2.2.2/lib/active_record/fixtures.rb:851:in `fixtures'
./test/unit/../test_helper.rb:31
./test/unit/nested_assignment_test.rb:1:in `require'
./test/unit/nested_assignment_test.rb:1
/usr/lib/ruby/gems/1.8/gems/rake-0.8.3/lib/rake/rake_test_loader.rb:5:in `load'
/usr/lib/ruby/gems/1.8/gems/rake-0.8.3/lib/rake/rake_test_loader.rb:5
/usr/lib/ruby/gems/1.8/gems/rake-0.8.3/lib/rake/rake_test_loader.rb:5:in `each'
/usr/lib/ruby/gems/1.8/gems/rake-0.8.3/lib/rake/rake_test_loader.rb:5
Unable to load user, underlying cause no such file to load -- user.rb 

 /usr/lib/ruby/gems/1.8/gems/activesupport-2.2.2/lib/active_support/dependencies.rb:382:in `load_without_new_constant_marking'
/usr/lib/ruby/gems/1.8/gems/activesupport-2.2.2/lib/active_support/dependencies.rb:382:in `load_file'
/usr/lib/ruby/gems/1.8/gems/activesupport-2.2.2/lib/active_support/dependencies.rb:521:in `new_constants_in'
/usr/lib/ruby/gems/1.8/gems/activesupport-2.2.2/lib/active_support/dependencies.rb:381:in `load_file'
/usr/lib/ruby/gems/1.8/gems/activesupport-2.2.2/lib/active_support/dependencies.rb:256:in `require_or_load'
/usr/lib/ruby/gems/1.8/gems/activesupport-2.2.2/lib/active_support/dependencies.rb:221:in `depend_on'
/usr/lib/ruby/gems/1.8/gems/activesupport-2.2.2/lib/active_support/dependencies.rb:133:in `require_dependency'
/usr/lib/ruby/gems/1.8/gems/activerecord-2.2.2/lib/active_record/fixtures.rb:856:in `try_to_load_dependency'
/usr/lib/ruby/gems/1.8/gems/activerecord-2.2.2/lib/active_record/fixtures.rb:871:in `require_fixture_classes'
/usr/lib/ruby/gems/1.8/gems/activerecord-2.2.2/lib/active_record/fixtures.rb:868:in `each'
/usr/lib/ruby/gems/1.8/gems/activerecord-2.2.2/lib/active_record/fixtures.rb:868:in `require_fixture_classes'
/usr/lib/ruby/gems/1.8/gems/activerecord-2.2.2/lib/active_record/fixtures.rb:851:in `fixtures'
./test/unit/../test_helper.rb:31
./test/unit/nested_assignment_test.rb:1:in `require'
./test/unit/nested_assignment_test.rb:1
/usr/lib/ruby/gems/1.8/gems/rake-0.8.3/lib/rake/rake_test_loader.rb:5:in `load'
/usr/lib/ruby/gems/1.8/gems/rake-0.8.3/lib/rake/rake_test_loader.rb:5
/usr/lib/ruby/gems/1.8/gems/rake-0.8.3/lib/rake/rake_test_loader.rb:5:in `each'
/usr/lib/ruby/gems/1.8/gems/rake-0.8.3/lib/rake/rake_test_loader.rb:5
Unable to load role, underlying cause no such file to load -- role.rb 

 /usr/lib/ruby/gems/1.8/gems/activesupport-2.2.2/lib/active_support/dependencies.rb:382:in `load_without_new_constant_marking'
/usr/lib/ruby/gems/1.8/gems/activesupport-2.2.2/lib/active_support/dependencies.rb:382:in `load_file'
/usr/lib/ruby/gems/1.8/gems/activesupport-2.2.2/lib/active_support/dependencies.rb:521:in `new_constants_in'
/usr/lib/ruby/gems/1.8/gems/activesupport-2.2.2/lib/active_support/dependencies.rb:381:in `load_file'
/usr/lib/ruby/gems/1.8/gems/activesupport-2.2.2/lib/active_support/dependencies.rb:256:in `require_or_load'
/usr/lib/ruby/gems/1.8/gems/activesupport-2.2.2/lib/active_support/dependencies.rb:221:in `depend_on'
/usr/lib/ruby/gems/1.8/gems/activesupport-2.2.2/lib/active_support/dependencies.rb:133:in `require_dependency'
/usr/lib/ruby/gems/1.8/gems/activerecord-2.2.2/lib/active_record/fixtures.rb:856:in `try_to_load_dependency'
/usr/lib/ruby/gems/1.8/gems/activerecord-2.2.2/lib/active_record/fixtures.rb:871:in `require_fixture_classes'
/usr/lib/ruby/gems/1.8/gems/activerecord-2.2.2/lib/active_record/fixtures.rb:868:in `each'
/usr/lib/ruby/gems/1.8/gems/activerecord-2.2.2/lib/active_record/fixtures.rb:868:in `require_fixture_classes'
/usr/lib/ruby/gems/1.8/gems/activerecord-2.2.2/lib/active_record/fixtures.rb:851:in `fixtures'
./test/unit/../test_helper.rb:31
./test/unit/nested_assignment_test.rb:1:in `require'
./test/unit/nested_assignment_test.rb:1
/usr/lib/ruby/gems/1.8/gems/rake-0.8.3/lib/rake/rake_test_loader.rb:5:in `load'
/usr/lib/ruby/gems/1.8/gems/rake-0.8.3/lib/rake/rake_test_loader.rb:5
/usr/lib/ruby/gems/1.8/gems/rake-0.8.3/lib/rake/rake_test_loader.rb:5:in `each'
/usr/lib/ruby/gems/1.8/gems/rake-0.8.3/lib/rake/rake_test_loader.rb:5
  [4;35;1mPluginTestModels::User Load (0.3ms)[0m   [0mSELECT * FROM "users" LIMIT 1[0m
  [4;36;1mPluginTestModels::User Load (0.1ms)[0m   [0;1mSELECT * FROM "users" LIMIT 1[0m
  [4;35;1mPluginTestModels::Role Load (0.2ms)[0m   [0mSELECT * FROM "roles" INNER JOIN "roles_users" ON "roles".id = "roles_users".role_id WHERE ("roles_users".user_id = 1 ) [0m
  [4;36;1mPluginTestModels::Subscription Load (0.4ms)[0m   [0;1mSELECT * FROM "subscriptions" WHERE ("subscriptions".user_id = 1) LIMIT 1[0m
  [4;35;1mPluginTestModels::Address Load (0.4ms)[0m   [0mSELECT * FROM "addresses" WHERE ("addresses".addressable_id = 1 AND "addresses".addressable_type = 'PluginTestModels::User') LIMIT 1[0m
  [4;36;1mPluginTestModels::Role Load (0.4ms)[0m   [0;1mSELECT * FROM "roles" [0m
  [4;35;1mPluginTestModels::User Load (0.3ms)[0m   [0mSELECT * FROM "users" WHERE ("users"."id" = 1) [0m
  [4;36;1mSQL (0.8ms)[0m   [0;1m SELECT name
 FROM sqlite_master
 WHERE type = 'table' AND NOT name = 'sqlite_sequence'
[0m
  [4;35;1mSQL (0.3ms)[0m   [0mSELECT 1[0m
  [4;36;1mSQL (0.4ms)[0m   [0;1mSELECT * from roles_users[0m
  [4;35;1mPluginTestModels::User Load (0.4ms)[0m   [0mSELECT * FROM roles_users[0m
  [4;36;1mPluginTestModels::User Load (0.4ms)[0m   [0;1mSELECT * FROM roles_users[0m
  [4;35;1mPluginTestModels::User Load (0.4ms)[0m   [0mSELECT * FROM roles_users[0m
  [4;36;1mPluginTestModels::User Load (0.4ms)[0m   [0;1mSELECT * FROM roles_users[0m
  [4;35;1mPluginTestModels::User Load (0.4ms)[0m   [0mSELECT * FROM roles_users[0m
  [4;36;1mPluginTestModels::User Load (0.3ms)[0m   [0;1mSELECT * FROM "users" LIMIT 1[0m
  [4;35;1mPluginTestModels::Role Load (0.1ms)[0m   [0mSELECT * FROM "roles" INNER JOIN "roles_users" ON "roles".id = "roles_users".role_id WHERE ("roles_users".user_id = 1 ) [0m
  [4;36;1mPluginTestModels::User Load (0.3ms)[0m   [0;1mSELECT * FROM roles_users WHERE roles_users.user_id = 1[0m
  [4;35;1mPluginTestModels::User Load (0.2ms)[0m   [0mSELECT * FROM roles INNER JOIN roles_users ON roles.id = roles_users.role_id WHERE roles_users.user_id = 1[0m
  [4;36;1mPluginTestModels::User Load (0.2ms)[0m   [0;1mSELECT * FROM roles INNER JOIN roles_users ON roles.id = roles_users.role_id[0m
  [4;36;1mSQL (0.3ms)[0m   [0;1mselect sqlite_version(*)[0m
  [4;35;1mSQL (0.2ms)[0m   [0m SELECT name
 FROM sqlite_master
 WHERE type = 'table' AND NOT name = 'sqlite_sequence'
[0m
  [4;36;1mSQL (0.4ms)[0m   [0;1mCREATE TABLE "addresses" ("id" INTEGER PRIMARY KEY AUTOINCREMENT NOT NULL, "name" varchar(255), "addressable_id" integer, "addressable_type" varchar(255)) [0m
  [4;35;1mSQL (0.2ms)[0m   [0m SELECT name
 FROM sqlite_master
 WHERE type = 'table' AND NOT name = 'sqlite_sequence'
[0m
  [4;36;1mSQL (0.2ms)[0m   [0;1mCREATE TABLE "users" ("id" INTEGER PRIMARY KEY AUTOINCREMENT NOT NULL, "name" varchar(255)) [0m
  [4;35;1mSQL (0.2ms)[0m   [0m SELECT name
 FROM sqlite_master
 WHERE type = 'table' AND NOT name = 'sqlite_sequence'
[0m
  [4;36;1mSQL (0.2ms)[0m   [0;1mCREATE TABLE "roles_users" ("user_id" integer, "role_id" integer) [0m
  [4;35;1mSQL (0.3ms)[0m   [0m SELECT name
 FROM sqlite_master
 WHERE type = 'table' AND NOT name = 'sqlite_sequence'
[0m
  [4;36;1mSQL (0.2ms)[0m   [0;1mCREATE TABLE "services" ("id" INTEGER PRIMARY KEY AUTOINCREMENT NOT NULL, "name" varchar(255)) [0m
  [4;35;1mSQL (0.4ms)[0m   [0m SELECT name
 FROM sqlite_master
 WHERE type = 'table' AND NOT name = 'sqlite_sequence'
[0m
  [4;36;1mSQL (0.2ms)[0m   [0;1mCREATE TABLE "subscriptions" ("id" INTEGER PRIMARY KEY AUTOINCREMENT NOT NULL, "name" varchar(255), "service_id" integer, "user_id" integer) [0m
  [4;35;1mSQL (0.4ms)[0m   [0m SELECT name
 FROM sqlite_master
 WHERE type = 'table' AND NOT name = 'sqlite_sequence'
[0m
  [4;36;1mSQL (0.2ms)[0m   [0;1mCREATE TABLE "roles" ("id" INTEGER PRIMARY KEY AUTOINCREMENT NOT NULL, "name" varchar(255)) [0m
  [4;35;1mSQL (0.5ms)[0m   [0m SELECT name
 FROM sqlite_master
 WHERE type = 'table' AND NOT name = 'sqlite_sequence'
[0m
  [4;36;1mSQL (0.2ms)[0m   [0;1mCREATE TABLE "schema_migrations" ("version" varchar(255) NOT NULL) [0m
  [4;35;1mSQL (0.2ms)[0m   [0mCREATE UNIQUE INDEX "unique_schema_migrations" ON "schema_migrations" ("version")[0m
  [4;36;1mSQL (0.5ms)[0m   [0;1m SELECT name
 FROM sqlite_master
 WHERE type = 'table' AND NOT name = 'sqlite_sequence'
[0m
  [4;35;1mSQL (0.1ms)[0m   [0mSELECT version FROM "schema_migrations"[0m
  [4;36;1mSQL (0.1ms)[0m   [0;1mINSERT INTO "schema_migrations" (version) VALUES ('1')[0m
Unable to load roles_user, underlying cause no such file to load -- roles_user.rb 

 /usr/lib/ruby/gems/1.8/gems/activesupport-2.2.2/lib/active_support/dependencies.rb:382:in `load_without_new_constant_marking'
/usr/lib/ruby/gems/1.8/gems/activesupport-2.2.2/lib/active_support/dependencies.rb:382:in `load_file'
/usr/lib/ruby/gems/1.8/gems/activesupport-2.2.2/lib/active_support/dependencies.rb:521:in `new_constants_in'
/usr/lib/ruby/gems/1.8/gems/activesupport-2.2.2/lib/active_support/dependencies.rb:381:in `load_file'
/usr/lib/ruby/gems/1.8/gems/activesupport-2.2.2/lib/active_support/dependencies.rb:256:in `require_or_load'
/usr/lib/ruby/gems/1.8/gems/activesupport-2.2.2/lib/active_support/dependencies.rb:221:in `depend_on'
/usr/lib/ruby/gems/1.8/gems/activesupport-2.2.2/lib/active_support/dependencies.rb:133:in `require_dependency'
/usr/lib/ruby/gems/1.8/gems/activerecord-2.2.2/lib/active_record/fixtures.rb:856:in `try_to_load_dependency'
/usr/lib/ruby/gems/1.8/gems/activerecord-2.2.2/lib/active_record/fixtures.rb:871:in `require_fixture_classes'
/usr/lib/ruby/gems/1.8/gems/activerecord-2.2.2/lib/active_record/fixtures.rb:868:in `each'
/usr/lib/ruby/gems/1.8/gems/activerecord-2.2.2/lib/active_record/fixtures.rb:868:in `require_fixture_classes'
/usr/lib/ruby/gems/1.8/gems/activerecord-2.2.2/lib/active_record/fixtures.rb:851:in `fixtures'
./test/unit/../test_helper.rb:31
./test/unit/nested_assignment_test.rb:1:in `require'
./test/unit/nested_assignment_test.rb:1
/usr/lib/ruby/gems/1.8/gems/rake-0.8.3/lib/rake/rake_test_loader.rb:5:in `load'
/usr/lib/ruby/gems/1.8/gems/rake-0.8.3/lib/rake/rake_test_loader.rb:5
/usr/lib/ruby/gems/1.8/gems/rake-0.8.3/lib/rake/rake_test_loader.rb:5:in `each'
/usr/lib/ruby/gems/1.8/gems/rake-0.8.3/lib/rake/rake_test_loader.rb:5
Unable to load service, underlying cause no such file to load -- service.rb 

 /usr/lib/ruby/gems/1.8/gems/activesupport-2.2.2/lib/active_support/dependencies.rb:382:in `load_without_new_constant_marking'
/usr/lib/ruby/gems/1.8/gems/activesupport-2.2.2/lib/active_support/dependencies.rb:382:in `load_file'
/usr/lib/ruby/gems/1.8/gems/activesupport-2.2.2/lib/active_support/dependencies.rb:521:in `new_constants_in'
/usr/lib/ruby/gems/1.8/gems/activesupport-2.2.2/lib/active_support/dependencies.rb:381:in `load_file'
/usr/lib/ruby/gems/1.8/gems/activesupport-2.2.2/lib/active_support/dependencies.rb:256:in `require_or_load'
/usr/lib/ruby/gems/1.8/gems/activesupport-2.2.2/lib/active_support/dependencies.rb:221:in `depend_on'
/usr/lib/ruby/gems/1.8/gems/activesupport-2.2.2/lib/active_support/dependencies.rb:133:in `require_dependency'
/usr/lib/ruby/gems/1.8/gems/activerecord-2.2.2/lib/active_record/fixtures.rb:856:in `try_to_load_dependency'
/usr/lib/ruby/gems/1.8/gems/activerecord-2.2.2/lib/active_record/fixtures.rb:871:in `require_fixture_classes'
/usr/lib/ruby/gems/1.8/gems/activerecord-2.2.2/lib/active_record/fixtures.rb:868:in `each'
/usr/lib/ruby/gems/1.8/gems/activerecord-2.2.2/lib/active_record/fixtures.rb:868:in `require_fixture_classes'
/usr/lib/ruby/gems/1.8/gems/activerecord-2.2.2/lib/active_record/fixtures.rb:851:in `fixtures'
./test/unit/../test_helper.rb:31
./test/unit/nested_assignment_test.rb:1:in `require'
./test/unit/nested_assignment_test.rb:1
/usr/lib/ruby/gems/1.8/gems/rake-0.8.3/lib/rake/rake_test_loader.rb:5:in `load'
/usr/lib/ruby/gems/1.8/gems/rake-0.8.3/lib/rake/rake_test_loader.rb:5
/usr/lib/ruby/gems/1.8/gems/rake-0.8.3/lib/rake/rake_test_loader.rb:5:in `each'
/usr/lib/ruby/gems/1.8/gems/rake-0.8.3/lib/rake/rake_test_loader.rb:5
Unable to load subscription, underlying cause no such file to load -- subscription.rb 

 /usr/lib/ruby/gems/1.8/gems/activesupport-2.2.2/lib/active_support/dependencies.rb:382:in `load_without_new_constant_marking'
/usr/lib/ruby/gems/1.8/gems/activesupport-2.2.2/lib/active_support/dependencies.rb:382:in `load_file'
/usr/lib/ruby/gems/1.8/gems/activesupport-2.2.2/lib/active_support/dependencies.rb:521:in `new_constants_in'
/usr/lib/ruby/gems/1.8/gems/activesupport-2.2.2/lib/active_support/dependencies.rb:381:in `load_file'
/usr/lib/ruby/gems/1.8/gems/activesupport-2.2.2/lib/active_support/dependencies.rb:256:in `require_or_load'
/usr/lib/ruby/gems/1.8/gems/activesupport-2.2.2/lib/active_support/dependencies.rb:221:in `depend_on'
/usr/lib/ruby/gems/1.8/gems/activesupport-2.2.2/lib/active_support/dependencies.rb:133:in `require_dependency'
/usr/lib/ruby/gems/1.8/gems/activerecord-2.2.2/lib/active_record/fixtures.rb:856:in `try_to_load_dependency'
/usr/lib/ruby/gems/1.8/gems/activerecord-2.2.2/lib/active_record/fixtures.rb:871:in `require_fixture_classes'
/usr/lib/ruby/gems/1.8/gems/activerecord-2.2.2/lib/active_record/fixtures.rb:868:in `each'
/usr/lib/ruby/gems/1.8/gems/activerecord-2.2.2/lib/active_record/fixtures.rb:868:in `require_fixture_classes'
/usr/lib/ruby/gems/1.8/gems/activerecord-2.2.2/lib/active_record/fixtures.rb:851:in `fixtures'
./test/unit/../test_helper.rb:31
./test/unit/nested_assignment_test.rb:1:in `require'
./test/unit/nested_assignment_test.rb:1
/usr/lib/ruby/gems/1.8/gems/rake-0.8.3/lib/rake/rake_test_loader.rb:5:in `load'
/usr/lib/ruby/gems/1.8/gems/rake-0.8.3/lib/rake/rake_test_loader.rb:5
/usr/lib/ruby/gems/1.8/gems/rake-0.8.3/lib/rake/rake_test_loader.rb:5:in `each'
/usr/lib/ruby/gems/1.8/gems/rake-0.8.3/lib/rake/rake_test_loader.rb:5
Unable to load address, underlying cause no such file to load -- address.rb 

 /usr/lib/ruby/gems/1.8/gems/activesupport-2.2.2/lib/active_support/dependencies.rb:382:in `load_without_new_constant_marking'
/usr/lib/ruby/gems/1.8/gems/activesupport-2.2.2/lib/active_support/dependencies.rb:382:in `load_file'
/usr/lib/ruby/gems/1.8/gems/activesupport-2.2.2/lib/active_support/dependencies.rb:521:in `new_constants_in'
/usr/lib/ruby/gems/1.8/gems/activesupport-2.2.2/lib/active_support/dependencies.rb:381:in `load_file'
/usr/lib/ruby/gems/1.8/gems/activesupport-2.2.2/lib/active_support/dependencies.rb:256:in `require_or_load'
/usr/lib/ruby/gems/1.8/gems/activesupport-2.2.2/lib/active_support/dependencies.rb:221:in `depend_on'
/usr/lib/ruby/gems/1.8/gems/activesupport-2.2.2/lib/active_support/dependencies.rb:133:in `require_dependency'
/usr/lib/ruby/gems/1.8/gems/activerecord-2.2.2/lib/active_record/fixtures.rb:856:in `try_to_load_dependency'
/usr/lib/ruby/gems/1.8/gems/activerecord-2.2.2/lib/active_record/fixtures.rb:871:in `require_fixture_classes'
/usr/lib/ruby/gems/1.8/gems/activerecord-2.2.2/lib/active_record/fixtures.rb:868:in `each'
/usr/lib/ruby/gems/1.8/gems/activerecord-2.2.2/lib/active_record/fixtures.rb:868:in `require_fixture_classes'
/usr/lib/ruby/gems/1.8/gems/activerecord-2.2.2/lib/active_record/fixtures.rb:851:in `fixtures'
./test/unit/../test_helper.rb:31
./test/unit/nested_assignment_test.rb:1:in `require'
./test/unit/nested_assignment_test.rb:1
/usr/lib/ruby/gems/1.8/gems/rake-0.8.3/lib/rake/rake_test_loader.rb:5:in `load'
/usr/lib/ruby/gems/1.8/gems/rake-0.8.3/lib/rake/rake_test_loader.rb:5
/usr/lib/ruby/gems/1.8/gems/rake-0.8.3/lib/rake/rake_test_loader.rb:5:in `each'
/usr/lib/ruby/gems/1.8/gems/rake-0.8.3/lib/rake/rake_test_loader.rb:5
Unable to load user, underlying cause no such file to load -- user.rb 

 /usr/lib/ruby/gems/1.8/gems/activesupport-2.2.2/lib/active_support/dependencies.rb:382:in `load_without_new_constant_marking'
/usr/lib/ruby/gems/1.8/gems/activesupport-2.2.2/lib/active_support/dependencies.rb:382:in `load_file'
/usr/lib/ruby/gems/1.8/gems/activesupport-2.2.2/lib/active_support/dependencies.rb:521:in `new_constants_in'
/usr/lib/ruby/gems/1.8/gems/activesupport-2.2.2/lib/active_support/dependencies.rb:381:in `load_file'
/usr/lib/ruby/gems/1.8/gems/activesupport-2.2.2/lib/active_support/dependencies.rb:256:in `require_or_load'
/usr/lib/ruby/gems/1.8/gems/activesupport-2.2.2/lib/active_support/dependencies.rb:221:in `depend_on'
/usr/lib/ruby/gems/1.8/gems/activesupport-2.2.2/lib/active_support/dependencies.rb:133:in `require_dependency'
/usr/lib/ruby/gems/1.8/gems/activerecord-2.2.2/lib/active_record/fixtures.rb:856:in `try_to_load_dependency'
/usr/lib/ruby/gems/1.8/gems/activerecord-2.2.2/lib/active_record/fixtures.rb:871:in `require_fixture_classes'
/usr/lib/ruby/gems/1.8/gems/activerecord-2.2.2/lib/active_record/fixtures.rb:868:in `each'
/usr/lib/ruby/gems/1.8/gems/activerecord-2.2.2/lib/active_record/fixtures.rb:868:in `require_fixture_classes'
/usr/lib/ruby/gems/1.8/gems/activerecord-2.2.2/lib/active_record/fixtures.rb:851:in `fixtures'
./test/unit/../test_helper.rb:31
./test/unit/nested_assignment_test.rb:1:in `require'
./test/unit/nested_assignment_test.rb:1
/usr/lib/ruby/gems/1.8/gems/rake-0.8.3/lib/rake/rake_test_loader.rb:5:in `load'
/usr/lib/ruby/gems/1.8/gems/rake-0.8.3/lib/rake/rake_test_loader.rb:5
/usr/lib/ruby/gems/1.8/gems/rake-0.8.3/lib/rake/rake_test_loader.rb:5:in `each'
/usr/lib/ruby/gems/1.8/gems/rake-0.8.3/lib/rake/rake_test_loader.rb:5
Unable to load role, underlying cause no such file to load -- role.rb 

 /usr/lib/ruby/gems/1.8/gems/activesupport-2.2.2/lib/active_support/dependencies.rb:382:in `load_without_new_constant_marking'
/usr/lib/ruby/gems/1.8/gems/activesupport-2.2.2/lib/active_support/dependencies.rb:382:in `load_file'
/usr/lib/ruby/gems/1.8/gems/activesupport-2.2.2/lib/active_support/dependencies.rb:521:in `new_constants_in'
/usr/lib/ruby/gems/1.8/gems/activesupport-2.2.2/lib/active_support/dependencies.rb:381:in `load_file'
/usr/lib/ruby/gems/1.8/gems/activesupport-2.2.2/lib/active_support/dependencies.rb:256:in `require_or_load'
/usr/lib/ruby/gems/1.8/gems/activesupport-2.2.2/lib/active_support/dependencies.rb:221:in `depend_on'
/usr/lib/ruby/gems/1.8/gems/activesupport-2.2.2/lib/active_support/dependencies.rb:133:in `require_dependency'
/usr/lib/ruby/gems/1.8/gems/activerecord-2.2.2/lib/active_record/fixtures.rb:856:in `try_to_load_dependency'
/usr/lib/ruby/gems/1.8/gems/activerecord-2.2.2/lib/active_record/fixtures.rb:871:in `require_fixture_classes'
/usr/lib/ruby/gems/1.8/gems/activerecord-2.2.2/lib/active_record/fixtures.rb:868:in `each'
/usr/lib/ruby/gems/1.8/gems/activerecord-2.2.2/lib/active_record/fixtures.rb:868:in `require_fixture_classes'
/usr/lib/ruby/gems/1.8/gems/activerecord-2.2.2/lib/active_record/fixtures.rb:851:in `fixtures'
./test/unit/../test_helper.rb:31
./test/unit/nested_assignment_test.rb:1:in `require'
./test/unit/nested_assignment_test.rb:1
/usr/lib/ruby/gems/1.8/gems/rake-0.8.3/lib/rake/rake_test_loader.rb:5:in `load'
/usr/lib/ruby/gems/1.8/gems/rake-0.8.3/lib/rake/rake_test_loader.rb:5
/usr/lib/ruby/gems/1.8/gems/rake-0.8.3/lib/rake/rake_test_loader.rb:5:in `each'
/usr/lib/ruby/gems/1.8/gems/rake-0.8.3/lib/rake/rake_test_loader.rb:5
  [4;35;1mPluginTestModels::User Load (0.2ms)[0m   [0mSELECT * FROM "users" LIMIT 1[0m
  [4;36;1mPluginTestModels::User Load (0.2ms)[0m   [0;1mSELECT * FROM "users" LIMIT 1[0m
  [4;35;1mPluginTestModels::Role Load (0.4ms)[0m   [0mSELECT * FROM "roles" INNER JOIN "roles_users" ON "roles".id = "roles_users".role_id WHERE ("roles_users".user_id = 1 ) [0m
  [4;36;1mSQL (0.3ms)[0m   [0;1mselect sqlite_version(*)[0m
  [4;35;1mSQL (0.2ms)[0m   [0m SELECT name
 FROM sqlite_master
 WHERE type = 'table' AND NOT name = 'sqlite_sequence'
[0m
  [4;36;1mSQL (0.4ms)[0m   [0;1mCREATE TABLE "addresses" ("id" INTEGER PRIMARY KEY AUTOINCREMENT NOT NULL, "name" varchar(255), "addressable_id" integer, "addressable_type" varchar(255)) [0m
  [4;35;1mSQL (0.2ms)[0m   [0m SELECT name
 FROM sqlite_master
 WHERE type = 'table' AND NOT name = 'sqlite_sequence'
[0m
  [4;36;1mSQL (0.2ms)[0m   [0;1mCREATE TABLE "users" ("id" INTEGER PRIMARY KEY AUTOINCREMENT NOT NULL, "name" varchar(255)) [0m
  [4;35;1mSQL (0.2ms)[0m   [0m SELECT name
 FROM sqlite_master
 WHERE type = 'table' AND NOT name = 'sqlite_sequence'
[0m
  [4;36;1mSQL (0.2ms)[0m   [0;1mCREATE TABLE "roles_users" ("user_id" integer, "role_id" integer) [0m
  [4;35;1mSQL (0.3ms)[0m   [0m SELECT name
 FROM sqlite_master
 WHERE type = 'table' AND NOT name = 'sqlite_sequence'
[0m
  [4;36;1mSQL (0.2ms)[0m   [0;1mCREATE TABLE "services" ("id" INTEGER PRIMARY KEY AUTOINCREMENT NOT NULL, "name" varchar(255)) [0m
  [4;35;1mSQL (0.4ms)[0m   [0m SELECT name
 FROM sqlite_master
 WHERE type = 'table' AND NOT name = 'sqlite_sequence'
[0m
  [4;36;1mSQL (0.2ms)[0m   [0;1mCREATE TABLE "subscriptions" ("id" INTEGER PRIMARY KEY AUTOINCREMENT NOT NULL, "name" varchar(255), "service_id" integer, "user_id" integer) [0m
  [4;35;1mSQL (0.4ms)[0m   [0m SELECT name
 FROM sqlite_master
 WHERE type = 'table' AND NOT name = 'sqlite_sequence'
[0m
  [4;36;1mSQL (0.2ms)[0m   [0;1mCREATE TABLE "roles" ("id" INTEGER PRIMARY KEY AUTOINCREMENT NOT NULL, "name" varchar(255)) [0m
  [4;35;1mSQL (0.5ms)[0m   [0m SELECT name
 FROM sqlite_master
 WHERE type = 'table' AND NOT name = 'sqlite_sequence'
[0m
  [4;36;1mSQL (0.2ms)[0m   [0;1mCREATE TABLE "schema_migrations" ("version" varchar(255) NOT NULL) [0m
  [4;35;1mSQL (0.2ms)[0m   [0mCREATE UNIQUE INDEX "unique_schema_migrations" ON "schema_migrations" ("version")[0m
  [4;36;1mSQL (0.5ms)[0m   [0;1m SELECT name
 FROM sqlite_master
 WHERE type = 'table' AND NOT name = 'sqlite_sequence'
[0m
  [4;35;1mSQL (0.1ms)[0m   [0mSELECT version FROM "schema_migrations"[0m
  [4;36;1mSQL (0.1ms)[0m   [0;1mINSERT INTO "schema_migrations" (version) VALUES ('1')[0m
Unable to load roles_user, underlying cause no such file to load -- roles_user.rb 

 /usr/lib/ruby/gems/1.8/gems/activesupport-2.2.2/lib/active_support/dependencies.rb:382:in `load_without_new_constant_marking'
/usr/lib/ruby/gems/1.8/gems/activesupport-2.2.2/lib/active_support/dependencies.rb:382:in `load_file'
/usr/lib/ruby/gems/1.8/gems/activesupport-2.2.2/lib/active_support/dependencies.rb:521:in `new_constants_in'
/usr/lib/ruby/gems/1.8/gems/activesupport-2.2.2/lib/active_support/dependencies.rb:381:in `load_file'
/usr/lib/ruby/gems/1.8/gems/activesupport-2.2.2/lib/active_support/dependencies.rb:256:in `require_or_load'
/usr/lib/ruby/gems/1.8/gems/activesupport-2.2.2/lib/active_support/dependencies.rb:221:in `depend_on'
/usr/lib/ruby/gems/1.8/gems/activesupport-2.2.2/lib/active_support/dependencies.rb:133:in `require_dependency'
/usr/lib/ruby/gems/1.8/gems/activerecord-2.2.2/lib/active_record/fixtures.rb:856:in `try_to_load_dependency'
/usr/lib/ruby/gems/1.8/gems/activerecord-2.2.2/lib/active_record/fixtures.rb:871:in `require_fixture_classes'
/usr/lib/ruby/gems/1.8/gems/activerecord-2.2.2/lib/active_record/fixtures.rb:868:in `each'
/usr/lib/ruby/gems/1.8/gems/activerecord-2.2.2/lib/active_record/fixtures.rb:868:in `require_fixture_classes'
/usr/lib/ruby/gems/1.8/gems/activerecord-2.2.2/lib/active_record/fixtures.rb:851:in `fixtures'
./test/unit/../test_helper.rb:31
./test/unit/nested_assignment_test.rb:1:in `require'
./test/unit/nested_assignment_test.rb:1
/usr/lib/ruby/gems/1.8/gems/rake-0.8.3/lib/rake/rake_test_loader.rb:5:in `load'
/usr/lib/ruby/gems/1.8/gems/rake-0.8.3/lib/rake/rake_test_loader.rb:5
/usr/lib/ruby/gems/1.8/gems/rake-0.8.3/lib/rake/rake_test_loader.rb:5:in `each'
/usr/lib/ruby/gems/1.8/gems/rake-0.8.3/lib/rake/rake_test_loader.rb:5
Unable to load service, underlying cause no such file to load -- service.rb 

 /usr/lib/ruby/gems/1.8/gems/activesupport-2.2.2/lib/active_support/dependencies.rb:382:in `load_without_new_constant_marking'
/usr/lib/ruby/gems/1.8/gems/activesupport-2.2.2/lib/active_support/dependencies.rb:382:in `load_file'
/usr/lib/ruby/gems/1.8/gems/activesupport-2.2.2/lib/active_support/dependencies.rb:521:in `new_constants_in'
/usr/lib/ruby/gems/1.8/gems/activesupport-2.2.2/lib/active_support/dependencies.rb:381:in `load_file'
/usr/lib/ruby/gems/1.8/gems/activesupport-2.2.2/lib/active_support/dependencies.rb:256:in `require_or_load'
/usr/lib/ruby/gems/1.8/gems/activesupport-2.2.2/lib/active_support/dependencies.rb:221:in `depend_on'
/usr/lib/ruby/gems/1.8/gems/activesupport-2.2.2/lib/active_support/dependencies.rb:133:in `require_dependency'
/usr/lib/ruby/gems/1.8/gems/activerecord-2.2.2/lib/active_record/fixtures.rb:856:in `try_to_load_dependency'
/usr/lib/ruby/gems/1.8/gems/activerecord-2.2.2/lib/active_record/fixtures.rb:871:in `require_fixture_classes'
/usr/lib/ruby/gems/1.8/gems/activerecord-2.2.2/lib/active_record/fixtures.rb:868:in `each'
/usr/lib/ruby/gems/1.8/gems/activerecord-2.2.2/lib/active_record/fixtures.rb:868:in `require_fixture_classes'
/usr/lib/ruby/gems/1.8/gems/activerecord-2.2.2/lib/active_record/fixtures.rb:851:in `fixtures'
./test/unit/../test_helper.rb:31
./test/unit/nested_assignment_test.rb:1:in `require'
./test/unit/nested_assignment_test.rb:1
/usr/lib/ruby/gems/1.8/gems/rake-0.8.3/lib/rake/rake_test_loader.rb:5:in `load'
/usr/lib/ruby/gems/1.8/gems/rake-0.8.3/lib/rake/rake_test_loader.rb:5
/usr/lib/ruby/gems/1.8/gems/rake-0.8.3/lib/rake/rake_test_loader.rb:5:in `each'
/usr/lib/ruby/gems/1.8/gems/rake-0.8.3/lib/rake/rake_test_loader.rb:5
Unable to load subscription, underlying cause no such file to load -- subscription.rb 

 /usr/lib/ruby/gems/1.8/gems/activesupport-2.2.2/lib/active_support/dependencies.rb:382:in `load_without_new_constant_marking'
/usr/lib/ruby/gems/1.8/gems/activesupport-2.2.2/lib/active_support/dependencies.rb:382:in `load_file'
/usr/lib/ruby/gems/1.8/gems/activesupport-2.2.2/lib/active_support/dependencies.rb:521:in `new_constants_in'
/usr/lib/ruby/gems/1.8/gems/activesupport-2.2.2/lib/active_support/dependencies.rb:381:in `load_file'
/usr/lib/ruby/gems/1.8/gems/activesupport-2.2.2/lib/active_support/dependencies.rb:256:in `require_or_load'
/usr/lib/ruby/gems/1.8/gems/activesupport-2.2.2/lib/active_support/dependencies.rb:221:in `depend_on'
/usr/lib/ruby/gems/1.8/gems/activesupport-2.2.2/lib/active_support/dependencies.rb:133:in `require_dependency'
/usr/lib/ruby/gems/1.8/gems/activerecord-2.2.2/lib/active_record/fixtures.rb:856:in `try_to_load_dependency'
/usr/lib/ruby/gems/1.8/gems/activerecord-2.2.2/lib/active_record/fixtures.rb:871:in `require_fixture_classes'
/usr/lib/ruby/gems/1.8/gems/activerecord-2.2.2/lib/active_record/fixtures.rb:868:in `each'
/usr/lib/ruby/gems/1.8/gems/activerecord-2.2.2/lib/active_record/fixtures.rb:868:in `require_fixture_classes'
/usr/lib/ruby/gems/1.8/gems/activerecord-2.2.2/lib/active_record/fixtures.rb:851:in `fixtures'
./test/unit/../test_helper.rb:31
./test/unit/nested_assignment_test.rb:1:in `require'
./test/unit/nested_assignment_test.rb:1
/usr/lib/ruby/gems/1.8/gems/rake-0.8.3/lib/rake/rake_test_loader.rb:5:in `load'
/usr/lib/ruby/gems/1.8/gems/rake-0.8.3/lib/rake/rake_test_loader.rb:5
/usr/lib/ruby/gems/1.8/gems/rake-0.8.3/lib/rake/rake_test_loader.rb:5:in `each'
/usr/lib/ruby/gems/1.8/gems/rake-0.8.3/lib/rake/rake_test_loader.rb:5
Unable to load address, underlying cause no such file to load -- address.rb 

 /usr/lib/ruby/gems/1.8/gems/activesupport-2.2.2/lib/active_support/dependencies.rb:382:in `load_without_new_constant_marking'
/usr/lib/ruby/gems/1.8/gems/activesupport-2.2.2/lib/active_support/dependencies.rb:382:in `load_file'
/usr/lib/ruby/gems/1.8/gems/activesupport-2.2.2/lib/active_support/dependencies.rb:521:in `new_constants_in'
/usr/lib/ruby/gems/1.8/gems/activesupport-2.2.2/lib/active_support/dependencies.rb:381:in `load_file'
/usr/lib/ruby/gems/1.8/gems/activesupport-2.2.2/lib/active_support/dependencies.rb:256:in `require_or_load'
/usr/lib/ruby/gems/1.8/gems/activesupport-2.2.2/lib/active_support/dependencies.rb:221:in `depend_on'
/usr/lib/ruby/gems/1.8/gems/activesupport-2.2.2/lib/active_support/dependencies.rb:133:in `require_dependency'
/usr/lib/ruby/gems/1.8/gems/activerecord-2.2.2/lib/active_record/fixtures.rb:856:in `try_to_load_dependency'
/usr/lib/ruby/gems/1.8/gems/activerecord-2.2.2/lib/active_record/fixtures.rb:871:in `require_fixture_classes'
/usr/lib/ruby/gems/1.8/gems/activerecord-2.2.2/lib/active_record/fixtures.rb:868:in `each'
/usr/lib/ruby/gems/1.8/gems/activerecord-2.2.2/lib/active_record/fixtures.rb:868:in `require_fixture_classes'
/usr/lib/ruby/gems/1.8/gems/activerecord-2.2.2/lib/active_record/fixtures.rb:851:in `fixtures'
./test/unit/../test_helper.rb:31
./test/unit/nested_assignment_test.rb:1:in `require'
./test/unit/nested_assignment_test.rb:1
/usr/lib/ruby/gems/1.8/gems/rake-0.8.3/lib/rake/rake_test_loader.rb:5:in `load'
/usr/lib/ruby/gems/1.8/gems/rake-0.8.3/lib/rake/rake_test_loader.rb:5
/usr/lib/ruby/gems/1.8/gems/rake-0.8.3/lib/rake/rake_test_loader.rb:5:in `each'
/usr/lib/ruby/gems/1.8/gems/rake-0.8.3/lib/rake/rake_test_loader.rb:5
Unable to load user, underlying cause no such file to load -- user.rb 

 /usr/lib/ruby/gems/1.8/gems/activesupport-2.2.2/lib/active_support/dependencies.rb:382:in `load_without_new_constant_marking'
/usr/lib/ruby/gems/1.8/gems/activesupport-2.2.2/lib/active_support/dependencies.rb:382:in `load_file'
/usr/lib/ruby/gems/1.8/gems/activesupport-2.2.2/lib/active_support/dependencies.rb:521:in `new_constants_in'
/usr/lib/ruby/gems/1.8/gems/activesupport-2.2.2/lib/active_support/dependencies.rb:381:in `load_file'
/usr/lib/ruby/gems/1.8/gems/activesupport-2.2.2/lib/active_support/dependencies.rb:256:in `require_or_load'
/usr/lib/ruby/gems/1.8/gems/activesupport-2.2.2/lib/active_support/dependencies.rb:221:in `depend_on'
/usr/lib/ruby/gems/1.8/gems/activesupport-2.2.2/lib/active_support/dependencies.rb:133:in `require_dependency'
/usr/lib/ruby/gems/1.8/gems/activerecord-2.2.2/lib/active_record/fixtures.rb:856:in `try_to_load_dependency'
/usr/lib/ruby/gems/1.8/gems/activerecord-2.2.2/lib/active_record/fixtures.rb:871:in `require_fixture_classes'
/usr/lib/ruby/gems/1.8/gems/activerecord-2.2.2/lib/active_record/fixtures.rb:868:in `each'
/usr/lib/ruby/gems/1.8/gems/activerecord-2.2.2/lib/active_record/fixtures.rb:868:in `require_fixture_classes'
/usr/lib/ruby/gems/1.8/gems/activerecord-2.2.2/lib/active_record/fixtures.rb:851:in `fixtures'
./test/unit/../test_helper.rb:31
./test/unit/nested_assignment_test.rb:1:in `require'
./test/unit/nested_assignment_test.rb:1
/usr/lib/ruby/gems/1.8/gems/rake-0.8.3/lib/rake/rake_test_loader.rb:5:in `load'
/usr/lib/ruby/gems/1.8/gems/rake-0.8.3/lib/rake/rake_test_loader.rb:5
/usr/lib/ruby/gems/1.8/gems/rake-0.8.3/lib/rake/rake_test_loader.rb:5:in `each'
/usr/lib/ruby/gems/1.8/gems/rake-0.8.3/lib/rake/rake_test_loader.rb:5
Unable to load role, underlying cause no such file to load -- role.rb 

 /usr/lib/ruby/gems/1.8/gems/activesupport-2.2.2/lib/active_support/dependencies.rb:382:in `load_without_new_constant_marking'
/usr/lib/ruby/gems/1.8/gems/activesupport-2.2.2/lib/active_support/dependencies.rb:382:in `load_file'
/usr/lib/ruby/gems/1.8/gems/activesupport-2.2.2/lib/active_support/dependencies.rb:521:in `new_constants_in'
/usr/lib/ruby/gems/1.8/gems/activesupport-2.2.2/lib/active_support/dependencies.rb:381:in `load_file'
/usr/lib/ruby/gems/1.8/gems/activesupport-2.2.2/lib/active_support/dependencies.rb:256:in `require_or_load'
/usr/lib/ruby/gems/1.8/gems/activesupport-2.2.2/lib/active_support/dependencies.rb:221:in `depend_on'
/usr/lib/ruby/gems/1.8/gems/activesupport-2.2.2/lib/active_support/dependencies.rb:133:in `require_dependency'
/usr/lib/ruby/gems/1.8/gems/activerecord-2.2.2/lib/active_record/fixtures.rb:856:in `try_to_load_dependency'
/usr/lib/ruby/gems/1.8/gems/activerecord-2.2.2/lib/active_record/fixtures.rb:871:in `require_fixture_classes'
/usr/lib/ruby/gems/1.8/gems/activerecord-2.2.2/lib/active_record/fixtures.rb:868:in `each'
/usr/lib/ruby/gems/1.8/gems/activerecord-2.2.2/lib/active_record/fixtures.rb:868:in `require_fixture_classes'
/usr/lib/ruby/gems/1.8/gems/activerecord-2.2.2/lib/active_record/fixtures.rb:851:in `fixtures'
./test/unit/../test_helper.rb:31
./test/unit/nested_assignment_test.rb:1:in `require'
./test/unit/nested_assignment_test.rb:1
/usr/lib/ruby/gems/1.8/gems/rake-0.8.3/lib/rake/rake_test_loader.rb:5:in `load'
/usr/lib/ruby/gems/1.8/gems/rake-0.8.3/lib/rake/rake_test_loader.rb:5
/usr/lib/ruby/gems/1.8/gems/rake-0.8.3/lib/rake/rake_test_loader.rb:5:in `each'
/usr/lib/ruby/gems/1.8/gems/rake-0.8.3/lib/rake/rake_test_loader.rb:5
  [4;35;1mPluginTestModels::User Load (0.2ms)[0m   [0mSELECT * FROM "users" LIMIT 1[0m
  [4;36;1mPluginTestModels::User Load (0.2ms)[0m   [0;1mSELECT * FROM "users" LIMIT 1[0m
  [4;35;1mPluginTestModels::Role Load (0.4ms)[0m   [0mSELECT * FROM "roles" INNER JOIN "roles_users" ON "roles".id = "roles_users".role_id WHERE ("roles_users".user_id = 1 ) [0m
  [4;36;1mSQL (0.3ms)[0m   [0;1mselect sqlite_version(*)[0m
  [4;35;1mSQL (0.2ms)[0m   [0m SELECT name
 FROM sqlite_master
 WHERE type = 'table' AND NOT name = 'sqlite_sequence'
[0m
  [4;36;1mSQL (0.4ms)[0m   [0;1mCREATE TABLE "addresses" ("id" INTEGER PRIMARY KEY AUTOINCREMENT NOT NULL, "name" varchar(255), "addressable_id" integer, "addressable_type" varchar(255)) [0m
  [4;35;1mSQL (0.2ms)[0m   [0m SELECT name
 FROM sqlite_master
 WHERE type = 'table' AND NOT name = 'sqlite_sequence'
[0m
  [4;36;1mSQL (0.2ms)[0m   [0;1mCREATE TABLE "users" ("id" INTEGER PRIMARY KEY AUTOINCREMENT NOT NULL, "name" varchar(255)) [0m
  [4;35;1mSQL (0.2ms)[0m   [0m SELECT name
 FROM sqlite_master
 WHERE type = 'table' AND NOT name = 'sqlite_sequence'
[0m
  [4;36;1mSQL (0.2ms)[0m   [0;1mCREATE TABLE "roles_users" ("user_id" integer, "role_id" integer) [0m
  [4;35;1mSQL (0.3ms)[0m   [0m SELECT name
 FROM sqlite_master
 WHERE type = 'table' AND NOT name = 'sqlite_sequence'
[0m
  [4;36;1mSQL (0.2ms)[0m   [0;1mCREATE TABLE "services" ("id" INTEGER PRIMARY KEY AUTOINCREMENT NOT NULL, "name" varchar(255)) [0m
  [4;35;1mSQL (0.3ms)[0m   [0m SELECT name
 FROM sqlite_master
 WHERE type = 'table' AND NOT name = 'sqlite_sequence'
[0m
  [4;36;1mSQL (0.2ms)[0m   [0;1mCREATE TABLE "subscriptions" ("id" INTEGER PRIMARY KEY AUTOINCREMENT NOT NULL, "name" varchar(255), "service_id" integer, "user_id" integer) [0m
  [4;35;1mSQL (0.4ms)[0m   [0m SELECT name
 FROM sqlite_master
 WHERE type = 'table' AND NOT name = 'sqlite_sequence'
[0m
  [4;36;1mSQL (0.2ms)[0m   [0;1mCREATE TABLE "roles" ("id" INTEGER PRIMARY KEY AUTOINCREMENT NOT NULL, "name" varchar(255)) [0m
  [4;35;1mSQL (0.5ms)[0m   [0m SELECT name
 FROM sqlite_master
 WHERE type = 'table' AND NOT name = 'sqlite_sequence'
[0m
  [4;36;1mSQL (0.2ms)[0m   [0;1mCREATE TABLE "schema_migrations" ("version" varchar(255) NOT NULL) [0m
  [4;35;1mSQL (0.2ms)[0m   [0mCREATE UNIQUE INDEX "unique_schema_migrations" ON "schema_migrations" ("version")[0m
  [4;36;1mSQL (0.5ms)[0m   [0;1m SELECT name
 FROM sqlite_master
 WHERE type = 'table' AND NOT name = 'sqlite_sequence'
[0m
  [4;35;1mSQL (0.1ms)[0m   [0mSELECT version FROM "schema_migrations"[0m
  [4;36;1mSQL (0.1ms)[0m   [0;1mINSERT INTO "schema_migrations" (version) VALUES ('1')[0m
Unable to load roles_user, underlying cause no such file to load -- roles_user.rb 

 /usr/lib/ruby/gems/1.8/gems/activesupport-2.2.2/lib/active_support/dependencies.rb:382:in `load_without_new_constant_marking'
/usr/lib/ruby/gems/1.8/gems/activesupport-2.2.2/lib/active_support/dependencies.rb:382:in `load_file'
/usr/lib/ruby/gems/1.8/gems/activesupport-2.2.2/lib/active_support/dependencies.rb:521:in `new_constants_in'
/usr/lib/ruby/gems/1.8/gems/activesupport-2.2.2/lib/active_support/dependencies.rb:381:in `load_file'
/usr/lib/ruby/gems/1.8/gems/activesupport-2.2.2/lib/active_support/dependencies.rb:256:in `require_or_load'
/usr/lib/ruby/gems/1.8/gems/activesupport-2.2.2/lib/active_support/dependencies.rb:221:in `depend_on'
/usr/lib/ruby/gems/1.8/gems/activesupport-2.2.2/lib/active_support/dependencies.rb:133:in `require_dependency'
/usr/lib/ruby/gems/1.8/gems/activerecord-2.2.2/lib/active_record/fixtures.rb:856:in `try_to_load_dependency'
/usr/lib/ruby/gems/1.8/gems/activerecord-2.2.2/lib/active_record/fixtures.rb:871:in `require_fixture_classes'
/usr/lib/ruby/gems/1.8/gems/activerecord-2.2.2/lib/active_record/fixtures.rb:868:in `each'
/usr/lib/ruby/gems/1.8/gems/activerecord-2.2.2/lib/active_record/fixtures.rb:868:in `require_fixture_classes'
/usr/lib/ruby/gems/1.8/gems/activerecord-2.2.2/lib/active_record/fixtures.rb:851:in `fixtures'
./test/unit/../test_helper.rb:31
./test/unit/nested_assignment_test.rb:1:in `require'
./test/unit/nested_assignment_test.rb:1
/usr/lib/ruby/gems/1.8/gems/rake-0.8.3/lib/rake/rake_test_loader.rb:5:in `load'
/usr/lib/ruby/gems/1.8/gems/rake-0.8.3/lib/rake/rake_test_loader.rb:5
/usr/lib/ruby/gems/1.8/gems/rake-0.8.3/lib/rake/rake_test_loader.rb:5:in `each'
/usr/lib/ruby/gems/1.8/gems/rake-0.8.3/lib/rake/rake_test_loader.rb:5
Unable to load service, underlying cause no such file to load -- service.rb 

 /usr/lib/ruby/gems/1.8/gems/activesupport-2.2.2/lib/active_support/dependencies.rb:382:in `load_without_new_constant_marking'
/usr/lib/ruby/gems/1.8/gems/activesupport-2.2.2/lib/active_support/dependencies.rb:382:in `load_file'
/usr/lib/ruby/gems/1.8/gems/activesupport-2.2.2/lib/active_support/dependencies.rb:521:in `new_constants_in'
/usr/lib/ruby/gems/1.8/gems/activesupport-2.2.2/lib/active_support/dependencies.rb:381:in `load_file'
/usr/lib/ruby/gems/1.8/gems/activesupport-2.2.2/lib/active_support/dependencies.rb:256:in `require_or_load'
/usr/lib/ruby/gems/1.8/gems/activesupport-2.2.2/lib/active_support/dependencies.rb:221:in `depend_on'
/usr/lib/ruby/gems/1.8/gems/activesupport-2.2.2/lib/active_support/dependencies.rb:133:in `require_dependency'
/usr/lib/ruby/gems/1.8/gems/activerecord-2.2.2/lib/active_record/fixtures.rb:856:in `try_to_load_dependency'
/usr/lib/ruby/gems/1.8/gems/activerecord-2.2.2/lib/active_record/fixtures.rb:871:in `require_fixture_classes'
/usr/lib/ruby/gems/1.8/gems/activerecord-2.2.2/lib/active_record/fixtures.rb:868:in `each'
/usr/lib/ruby/gems/1.8/gems/activerecord-2.2.2/lib/active_record/fixtures.rb:868:in `require_fixture_classes'
/usr/lib/ruby/gems/1.8/gems/activerecord-2.2.2/lib/active_record/fixtures.rb:851:in `fixtures'
./test/unit/../test_helper.rb:31
./test/unit/nested_assignment_test.rb:1:in `require'
./test/unit/nested_assignment_test.rb:1
/usr/lib/ruby/gems/1.8/gems/rake-0.8.3/lib/rake/rake_test_loader.rb:5:in `load'
/usr/lib/ruby/gems/1.8/gems/rake-0.8.3/lib/rake/rake_test_loader.rb:5
/usr/lib/ruby/gems/1.8/gems/rake-0.8.3/lib/rake/rake_test_loader.rb:5:in `each'
/usr/lib/ruby/gems/1.8/gems/rake-0.8.3/lib/rake/rake_test_loader.rb:5
Unable to load subscription, underlying cause no such file to load -- subscription.rb 

 /usr/lib/ruby/gems/1.8/gems/activesupport-2.2.2/lib/active_support/dependencies.rb:382:in `load_without_new_constant_marking'
/usr/lib/ruby/gems/1.8/gems/activesupport-2.2.2/lib/active_support/dependencies.rb:382:in `load_file'
/usr/lib/ruby/gems/1.8/gems/activesupport-2.2.2/lib/active_support/dependencies.rb:521:in `new_constants_in'
/usr/lib/ruby/gems/1.8/gems/activesupport-2.2.2/lib/active_support/dependencies.rb:381:in `load_file'
/usr/lib/ruby/gems/1.8/gems/activesupport-2.2.2/lib/active_support/dependencies.rb:256:in `require_or_load'
/usr/lib/ruby/gems/1.8/gems/activesupport-2.2.2/lib/active_support/dependencies.rb:221:in `depend_on'
/usr/lib/ruby/gems/1.8/gems/activesupport-2.2.2/lib/active_support/dependencies.rb:133:in `require_dependency'
/usr/lib/ruby/gems/1.8/gems/activerecord-2.2.2/lib/active_record/fixtures.rb:856:in `try_to_load_dependency'
/usr/lib/ruby/gems/1.8/gems/activerecord-2.2.2/lib/active_record/fixtures.rb:871:in `require_fixture_classes'
/usr/lib/ruby/gems/1.8/gems/activerecord-2.2.2/lib/active_record/fixtures.rb:868:in `each'
/usr/lib/ruby/gems/1.8/gems/activerecord-2.2.2/lib/active_record/fixtures.rb:868:in `require_fixture_classes'
/usr/lib/ruby/gems/1.8/gems/activerecord-2.2.2/lib/active_record/fixtures.rb:851:in `fixtures'
./test/unit/../test_helper.rb:31
./test/unit/nested_assignment_test.rb:1:in `require'
./test/unit/nested_assignment_test.rb:1
/usr/lib/ruby/gems/1.8/gems/rake-0.8.3/lib/rake/rake_test_loader.rb:5:in `load'
/usr/lib/ruby/gems/1.8/gems/rake-0.8.3/lib/rake/rake_test_loader.rb:5
/usr/lib/ruby/gems/1.8/gems/rake-0.8.3/lib/rake/rake_test_loader.rb:5:in `each'
/usr/lib/ruby/gems/1.8/gems/rake-0.8.3/lib/rake/rake_test_loader.rb:5
Unable to load address, underlying cause no such file to load -- address.rb 

 /usr/lib/ruby/gems/1.8/gems/activesupport-2.2.2/lib/active_support/dependencies.rb:382:in `load_without_new_constant_marking'
/usr/lib/ruby/gems/1.8/gems/activesupport-2.2.2/lib/active_support/dependencies.rb:382:in `load_file'
/usr/lib/ruby/gems/1.8/gems/activesupport-2.2.2/lib/active_support/dependencies.rb:521:in `new_constants_in'
/usr/lib/ruby/gems/1.8/gems/activesupport-2.2.2/lib/active_support/dependencies.rb:381:in `load_file'
/usr/lib/ruby/gems/1.8/gems/activesupport-2.2.2/lib/active_support/dependencies.rb:256:in `require_or_load'
/usr/lib/ruby/gems/1.8/gems/activesupport-2.2.2/lib/active_support/dependencies.rb:221:in `depend_on'
/usr/lib/ruby/gems/1.8/gems/activesupport-2.2.2/lib/active_support/dependencies.rb:133:in `require_dependency'
/usr/lib/ruby/gems/1.8/gems/activerecord-2.2.2/lib/active_record/fixtures.rb:856:in `try_to_load_dependency'
/usr/lib/ruby/gems/1.8/gems/activerecord-2.2.2/lib/active_record/fixtures.rb:871:in `require_fixture_classes'
/usr/lib/ruby/gems/1.8/gems/activerecord-2.2.2/lib/active_record/fixtures.rb:868:in `each'
/usr/lib/ruby/gems/1.8/gems/activerecord-2.2.2/lib/active_record/fixtures.rb:868:in `require_fixture_classes'
/usr/lib/ruby/gems/1.8/gems/activerecord-2.2.2/lib/active_record/fixtures.rb:851:in `fixtures'
./test/unit/../test_helper.rb:31
./test/unit/nested_assignment_test.rb:1:in `require'
./test/unit/nested_assignment_test.rb:1
/usr/lib/ruby/gems/1.8/gems/rake-0.8.3/lib/rake/rake_test_loader.rb:5:in `load'
/usr/lib/ruby/gems/1.8/gems/rake-0.8.3/lib/rake/rake_test_loader.rb:5
/usr/lib/ruby/gems/1.8/gems/rake-0.8.3/lib/rake/rake_test_loader.rb:5:in `each'
/usr/lib/ruby/gems/1.8/gems/rake-0.8.3/lib/rake/rake_test_loader.rb:5
Unable to load user, underlying cause no such file to load -- user.rb 

 /usr/lib/ruby/gems/1.8/gems/activesupport-2.2.2/lib/active_support/dependencies.rb:382:in `load_without_new_constant_marking'
/usr/lib/ruby/gems/1.8/gems/activesupport-2.2.2/lib/active_support/dependencies.rb:382:in `load_file'
/usr/lib/ruby/gems/1.8/gems/activesupport-2.2.2/lib/active_support/dependencies.rb:521:in `new_constants_in'
/usr/lib/ruby/gems/1.8/gems/activesupport-2.2.2/lib/active_support/dependencies.rb:381:in `load_file'
/usr/lib/ruby/gems/1.8/gems/activesupport-2.2.2/lib/active_support/dependencies.rb:256:in `require_or_load'
/usr/lib/ruby/gems/1.8/gems/activesupport-2.2.2/lib/active_support/dependencies.rb:221:in `depend_on'
/usr/lib/ruby/gems/1.8/gems/activesupport-2.2.2/lib/active_support/dependencies.rb:133:in `require_dependency'
/usr/lib/ruby/gems/1.8/gems/activerecord-2.2.2/lib/active_record/fixtures.rb:856:in `try_to_load_dependency'
/usr/lib/ruby/gems/1.8/gems/activerecord-2.2.2/lib/active_record/fixtures.rb:871:in `require_fixture_classes'
/usr/lib/ruby/gems/1.8/gems/activerecord-2.2.2/lib/active_record/fixtures.rb:868:in `each'
/usr/lib/ruby/gems/1.8/gems/activerecord-2.2.2/lib/active_record/fixtures.rb:868:in `require_fixture_classes'
/usr/lib/ruby/gems/1.8/gems/activerecord-2.2.2/lib/active_record/fixtures.rb:851:in `fixtures'
./test/unit/../test_helper.rb:31
./test/unit/nested_assignment_test.rb:1:in `require'
./test/unit/nested_assignment_test.rb:1
/usr/lib/ruby/gems/1.8/gems/rake-0.8.3/lib/rake/rake_test_loader.rb:5:in `load'
/usr/lib/ruby/gems/1.8/gems/rake-0.8.3/lib/rake/rake_test_loader.rb:5
/usr/lib/ruby/gems/1.8/gems/rake-0.8.3/lib/rake/rake_test_loader.rb:5:in `each'
/usr/lib/ruby/gems/1.8/gems/rake-0.8.3/lib/rake/rake_test_loader.rb:5
Unable to load role, underlying cause no such file to load -- role.rb 

 /usr/lib/ruby/gems/1.8/gems/activesupport-2.2.2/lib/active_support/dependencies.rb:382:in `load_without_new_constant_marking'
/usr/lib/ruby/gems/1.8/gems/activesupport-2.2.2/lib/active_support/dependencies.rb:382:in `load_file'
/usr/lib/ruby/gems/1.8/gems/activesupport-2.2.2/lib/active_support/dependencies.rb:521:in `new_constants_in'
/usr/lib/ruby/gems/1.8/gems/activesupport-2.2.2/lib/active_support/dependencies.rb:381:in `load_file'
/usr/lib/ruby/gems/1.8/gems/activesupport-2.2.2/lib/active_support/dependencies.rb:256:in `require_or_load'
/usr/lib/ruby/gems/1.8/gems/activesupport-2.2.2/lib/active_support/dependencies.rb:221:in `depend_on'
/usr/lib/ruby/gems/1.8/gems/activesupport-2.2.2/lib/active_support/dependencies.rb:133:in `require_dependency'
/usr/lib/ruby/gems/1.8/gems/activerecord-2.2.2/lib/active_record/fixtures.rb:856:in `try_to_load_dependency'
/usr/lib/ruby/gems/1.8/gems/activerecord-2.2.2/lib/active_record/fixtures.rb:871:in `require_fixture_classes'
/usr/lib/ruby/gems/1.8/gems/activerecord-2.2.2/lib/active_record/fixtures.rb:868:in `each'
/usr/lib/ruby/gems/1.8/gems/activerecord-2.2.2/lib/active_record/fixtures.rb:868:in `require_fixture_classes'
/usr/lib/ruby/gems/1.8/gems/activerecord-2.2.2/lib/active_record/fixtures.rb:851:in `fixtures'
./test/unit/../test_helper.rb:31
./test/unit/nested_assignment_test.rb:1:in `require'
./test/unit/nested_assignment_test.rb:1
/usr/lib/ruby/gems/1.8/gems/rake-0.8.3/lib/rake/rake_test_loader.rb:5:in `load'
/usr/lib/ruby/gems/1.8/gems/rake-0.8.3/lib/rake/rake_test_loader.rb:5
/usr/lib/ruby/gems/1.8/gems/rake-0.8.3/lib/rake/rake_test_loader.rb:5:in `each'
/usr/lib/ruby/gems/1.8/gems/rake-0.8.3/lib/rake/rake_test_loader.rb:5
  [4;35;1mPluginTestModels::User Load (0.1ms)[0m   [0mSELECT * FROM "users" LIMIT 1[0m
  [4;36;1mPluginTestModels::User Load (0.1ms)[0m   [0;1mSELECT * FROM "users" LIMIT 1[0m
  [4;35;1mPluginTestModels::User Load (0.1ms)[0m   [0mSELECT * FROM "users" LIMIT 1[0m
  [4;36;1mPluginTestModels::Role Load (0.2ms)[0m   [0;1mSELECT * FROM "roles" INNER JOIN "roles_users" ON "roles".id = "roles_users".role_id WHERE ("roles_users".user_id = 1 ) [0m
  [4;35;1mPluginTestModels::User Load (0.1ms)[0m   [0mSELECT * FROM "users" LIMIT 1[0m
  [4;36;1mPluginTestModels::Address Load (0.2ms)[0m   [0;1mSELECT * FROM "addresses" WHERE ("addresses".addressable_id = 1 AND "addresses".addressable_type = 'PluginTestModels::User') LIMIT 1[0m
  [4;36;1mSQL (0.2ms)[0m   [0;1mselect sqlite_version(*)[0m
  [4;35;1mSQL (0.1ms)[0m   [0m SELECT name
 FROM sqlite_master
 WHERE type = 'table' AND NOT name = 'sqlite_sequence'
[0m
  [4;36;1mSQL (0.2ms)[0m   [0;1mCREATE TABLE "addresses" ("id" INTEGER PRIMARY KEY AUTOINCREMENT NOT NULL, "name" varchar(255), "addressable_id" integer, "addressable_type" varchar(255)) [0m
  [4;35;1mSQL (2.2ms)[0m   [0m SELECT name
 FROM sqlite_master
 WHERE type = 'table' AND NOT name = 'sqlite_sequence'
[0m
  [4;36;1mSQL (0.2ms)[0m   [0;1mCREATE TABLE "users" ("id" INTEGER PRIMARY KEY AUTOINCREMENT NOT NULL, "name" varchar(255)) [0m
  [4;35;1mSQL (0.2ms)[0m   [0m SELECT name
 FROM sqlite_master
 WHERE type = 'table' AND NOT name = 'sqlite_sequence'
[0m
  [4;36;1mSQL (0.1ms)[0m   [0;1mCREATE TABLE "roles_users" ("user_id" integer, "role_id" integer) [0m
  [4;35;1mSQL (0.2ms)[0m   [0m SELECT name
 FROM sqlite_master
 WHERE type = 'table' AND NOT name = 'sqlite_sequence'
[0m
  [4;36;1mSQL (0.1ms)[0m   [0;1mCREATE TABLE "services" ("id" INTEGER PRIMARY KEY AUTOINCREMENT NOT NULL, "name" varchar(255)) [0m
  [4;35;1mSQL (0.2ms)[0m   [0m SELECT name
 FROM sqlite_master
 WHERE type = 'table' AND NOT name = 'sqlite_sequence'
[0m
  [4;36;1mSQL (0.1ms)[0m   [0;1mCREATE TABLE "subscriptions" ("id" INTEGER PRIMARY KEY AUTOINCREMENT NOT NULL, "name" varchar(255), "service_id" integer, "user_id" integer) [0m
  [4;35;1mSQL (0.3ms)[0m   [0m SELECT name
 FROM sqlite_master
 WHERE type = 'table' AND NOT name = 'sqlite_sequence'
[0m
  [4;36;1mSQL (0.1ms)[0m   [0;1mCREATE TABLE "roles" ("id" INTEGER PRIMARY KEY AUTOINCREMENT NOT NULL, "name" varchar(255)) [0m
  [4;35;1mSQL (0.3ms)[0m   [0m SELECT name
 FROM sqlite_master
 WHERE type = 'table' AND NOT name = 'sqlite_sequence'
[0m
  [4;36;1mSQL (0.1ms)[0m   [0;1mCREATE TABLE "schema_migrations" ("version" varchar(255) NOT NULL) [0m
  [4;35;1mSQL (0.1ms)[0m   [0mCREATE UNIQUE INDEX "unique_schema_migrations" ON "schema_migrations" ("version")[0m
  [4;36;1mSQL (0.4ms)[0m   [0;1m SELECT name
 FROM sqlite_master
 WHERE type = 'table' AND NOT name = 'sqlite_sequence'
[0m
  [4;35;1mSQL (0.1ms)[0m   [0mSELECT version FROM "schema_migrations"[0m
  [4;36;1mSQL (0.1ms)[0m   [0;1mINSERT INTO "schema_migrations" (version) VALUES ('1')[0m
Unable to load roles_user, underlying cause no such file to load -- roles_user.rb 

 /usr/lib/ruby/gems/1.8/gems/activesupport-2.2.2/lib/active_support/dependencies.rb:382:in `load_without_new_constant_marking'
/usr/lib/ruby/gems/1.8/gems/activesupport-2.2.2/lib/active_support/dependencies.rb:382:in `load_file'
/usr/lib/ruby/gems/1.8/gems/activesupport-2.2.2/lib/active_support/dependencies.rb:521:in `new_constants_in'
/usr/lib/ruby/gems/1.8/gems/activesupport-2.2.2/lib/active_support/dependencies.rb:381:in `load_file'
/usr/lib/ruby/gems/1.8/gems/activesupport-2.2.2/lib/active_support/dependencies.rb:256:in `require_or_load'
/usr/lib/ruby/gems/1.8/gems/activesupport-2.2.2/lib/active_support/dependencies.rb:221:in `depend_on'
/usr/lib/ruby/gems/1.8/gems/activesupport-2.2.2/lib/active_support/dependencies.rb:133:in `require_dependency'
/usr/lib/ruby/gems/1.8/gems/activerecord-2.2.2/lib/active_record/fixtures.rb:856:in `try_to_load_dependency'
/usr/lib/ruby/gems/1.8/gems/activerecord-2.2.2/lib/active_record/fixtures.rb:871:in `require_fixture_classes'
/usr/lib/ruby/gems/1.8/gems/activerecord-2.2.2/lib/active_record/fixtures.rb:868:in `each'
/usr/lib/ruby/gems/1.8/gems/activerecord-2.2.2/lib/active_record/fixtures.rb:868:in `require_fixture_classes'
/usr/lib/ruby/gems/1.8/gems/activerecord-2.2.2/lib/active_record/fixtures.rb:851:in `fixtures'
./test/unit/../test_helper.rb:31
./test/unit/nested_assignment_test.rb:1:in `require'
./test/unit/nested_assignment_test.rb:1
/usr/lib/ruby/gems/1.8/gems/rake-0.8.3/lib/rake/rake_test_loader.rb:5:in `load'
/usr/lib/ruby/gems/1.8/gems/rake-0.8.3/lib/rake/rake_test_loader.rb:5
/usr/lib/ruby/gems/1.8/gems/rake-0.8.3/lib/rake/rake_test_loader.rb:5:in `each'
/usr/lib/ruby/gems/1.8/gems/rake-0.8.3/lib/rake/rake_test_loader.rb:5
Unable to load service, underlying cause no such file to load -- service.rb 

 /usr/lib/ruby/gems/1.8/gems/activesupport-2.2.2/lib/active_support/dependencies.rb:382:in `load_without_new_constant_marking'
/usr/lib/ruby/gems/1.8/gems/activesupport-2.2.2/lib/active_support/dependencies.rb:382:in `load_file'
/usr/lib/ruby/gems/1.8/gems/activesupport-2.2.2/lib/active_support/dependencies.rb:521:in `new_constants_in'
/usr/lib/ruby/gems/1.8/gems/activesupport-2.2.2/lib/active_support/dependencies.rb:381:in `load_file'
/usr/lib/ruby/gems/1.8/gems/activesupport-2.2.2/lib/active_support/dependencies.rb:256:in `require_or_load'
/usr/lib/ruby/gems/1.8/gems/activesupport-2.2.2/lib/active_support/dependencies.rb:221:in `depend_on'
/usr/lib/ruby/gems/1.8/gems/activesupport-2.2.2/lib/active_support/dependencies.rb:133:in `require_dependency'
/usr/lib/ruby/gems/1.8/gems/activerecord-2.2.2/lib/active_record/fixtures.rb:856:in `try_to_load_dependency'
/usr/lib/ruby/gems/1.8/gems/activerecord-2.2.2/lib/active_record/fixtures.rb:871:in `require_fixture_classes'
/usr/lib/ruby/gems/1.8/gems/activerecord-2.2.2/lib/active_record/fixtures.rb:868:in `each'
/usr/lib/ruby/gems/1.8/gems/activerecord-2.2.2/lib/active_record/fixtures.rb:868:in `require_fixture_classes'
/usr/lib/ruby/gems/1.8/gems/activerecord-2.2.2/lib/active_record/fixtures.rb:851:in `fixtures'
./test/unit/../test_helper.rb:31
./test/unit/nested_assignment_test.rb:1:in `require'
./test/unit/nested_assignment_test.rb:1
/usr/lib/ruby/gems/1.8/gems/rake-0.8.3/lib/rake/rake_test_loader.rb:5:in `load'
/usr/lib/ruby/gems/1.8/gems/rake-0.8.3/lib/rake/rake_test_loader.rb:5
/usr/lib/ruby/gems/1.8/gems/rake-0.8.3/lib/rake/rake_test_loader.rb:5:in `each'
/usr/lib/ruby/gems/1.8/gems/rake-0.8.3/lib/rake/rake_test_loader.rb:5
Unable to load subscription, underlying cause no such file to load -- subscription.rb 

 /usr/lib/ruby/gems/1.8/gems/activesupport-2.2.2/lib/active_support/dependencies.rb:382:in `load_without_new_constant_marking'
/usr/lib/ruby/gems/1.8/gems/activesupport-2.2.2/lib/active_support/dependencies.rb:382:in `load_file'
/usr/lib/ruby/gems/1.8/gems/activesupport-2.2.2/lib/active_support/dependencies.rb:521:in `new_constants_in'
/usr/lib/ruby/gems/1.8/gems/activesupport-2.2.2/lib/active_support/dependencies.rb:381:in `load_file'
/usr/lib/ruby/gems/1.8/gems/activesupport-2.2.2/lib/active_support/dependencies.rb:256:in `require_or_load'
/usr/lib/ruby/gems/1.8/gems/activesupport-2.2.2/lib/active_support/dependencies.rb:221:in `depend_on'
/usr/lib/ruby/gems/1.8/gems/activesupport-2.2.2/lib/active_support/dependencies.rb:133:in `require_dependency'
/usr/lib/ruby/gems/1.8/gems/activerecord-2.2.2/lib/active_record/fixtures.rb:856:in `try_to_load_dependency'
/usr/lib/ruby/gems/1.8/gems/activerecord-2.2.2/lib/active_record/fixtures.rb:871:in `require_fixture_classes'
/usr/lib/ruby/gems/1.8/gems/activerecord-2.2.2/lib/active_record/fixtures.rb:868:in `each'
/usr/lib/ruby/gems/1.8/gems/activerecord-2.2.2/lib/active_record/fixtures.rb:868:in `require_fixture_classes'
/usr/lib/ruby/gems/1.8/gems/activerecord-2.2.2/lib/active_record/fixtures.rb:851:in `fixtures'
./test/unit/../test_helper.rb:31
./test/unit/nested_assignment_test.rb:1:in `require'
./test/unit/nested_assignment_test.rb:1
/usr/lib/ruby/gems/1.8/gems/rake-0.8.3/lib/rake/rake_test_loader.rb:5:in `load'
/usr/lib/ruby/gems/1.8/gems/rake-0.8.3/lib/rake/rake_test_loader.rb:5
/usr/lib/ruby/gems/1.8/gems/rake-0.8.3/lib/rake/rake_test_loader.rb:5:in `each'
/usr/lib/ruby/gems/1.8/gems/rake-0.8.3/lib/rake/rake_test_loader.rb:5
Unable to load address, underlying cause no such file to load -- address.rb 

 /usr/lib/ruby/gems/1.8/gems/activesupport-2.2.2/lib/active_support/dependencies.rb:382:in `load_without_new_constant_marking'
/usr/lib/ruby/gems/1.8/gems/activesupport-2.2.2/lib/active_support/dependencies.rb:382:in `load_file'
/usr/lib/ruby/gems/1.8/gems/activesupport-2.2.2/lib/active_support/dependencies.rb:521:in `new_constants_in'
/usr/lib/ruby/gems/1.8/gems/activesupport-2.2.2/lib/active_support/dependencies.rb:381:in `load_file'
/usr/lib/ruby/gems/1.8/gems/activesupport-2.2.2/lib/active_support/dependencies.rb:256:in `require_or_load'
/usr/lib/ruby/gems/1.8/gems/activesupport-2.2.2/lib/active_support/dependencies.rb:221:in `depend_on'
/usr/lib/ruby/gems/1.8/gems/activesupport-2.2.2/lib/active_support/dependencies.rb:133:in `require_dependency'
/usr/lib/ruby/gems/1.8/gems/activerecord-2.2.2/lib/active_record/fixtures.rb:856:in `try_to_load_dependency'
/usr/lib/ruby/gems/1.8/gems/activerecord-2.2.2/lib/active_record/fixtures.rb:871:in `require_fixture_classes'
/usr/lib/ruby/gems/1.8/gems/activerecord-2.2.2/lib/active_record/fixtures.rb:868:in `each'
/usr/lib/ruby/gems/1.8/gems/activerecord-2.2.2/lib/active_record/fixtures.rb:868:in `require_fixture_classes'
/usr/lib/ruby/gems/1.8/gems/activerecord-2.2.2/lib/active_record/fixtures.rb:851:in `fixtures'
./test/unit/../test_helper.rb:31
./test/unit/nested_assignment_test.rb:1:in `require'
./test/unit/nested_assignment_test.rb:1
/usr/lib/ruby/gems/1.8/gems/rake-0.8.3/lib/rake/rake_test_loader.rb:5:in `load'
/usr/lib/ruby/gems/1.8/gems/rake-0.8.3/lib/rake/rake_test_loader.rb:5
/usr/lib/ruby/gems/1.8/gems/rake-0.8.3/lib/rake/rake_test_loader.rb:5:in `each'
/usr/lib/ruby/gems/1.8/gems/rake-0.8.3/lib/rake/rake_test_loader.rb:5
Unable to load user, underlying cause no such file to load -- user.rb 

 /usr/lib/ruby/gems/1.8/gems/activesupport-2.2.2/lib/active_support/dependencies.rb:382:in `load_without_new_constant_marking'
/usr/lib/ruby/gems/1.8/gems/activesupport-2.2.2/lib/active_support/dependencies.rb:382:in `load_file'
/usr/lib/ruby/gems/1.8/gems/activesupport-2.2.2/lib/active_support/dependencies.rb:521:in `new_constants_in'
/usr/lib/ruby/gems/1.8/gems/activesupport-2.2.2/lib/active_support/dependencies.rb:381:in `load_file'
/usr/lib/ruby/gems/1.8/gems/activesupport-2.2.2/lib/active_support/dependencies.rb:256:in `require_or_load'
/usr/lib/ruby/gems/1.8/gems/activesupport-2.2.2/lib/active_support/dependencies.rb:221:in `depend_on'
/usr/lib/ruby/gems/1.8/gems/activesupport-2.2.2/lib/active_support/dependencies.rb:133:in `require_dependency'
/usr/lib/ruby/gems/1.8/gems/activerecord-2.2.2/lib/active_record/fixtures.rb:856:in `try_to_load_dependency'
/usr/lib/ruby/gems/1.8/gems/activerecord-2.2.2/lib/active_record/fixtures.rb:871:in `require_fixture_classes'
/usr/lib/ruby/gems/1.8/gems/activerecord-2.2.2/lib/active_record/fixtures.rb:868:in `each'
/usr/lib/ruby/gems/1.8/gems/activerecord-2.2.2/lib/active_record/fixtures.rb:868:in `require_fixture_classes'
/usr/lib/ruby/gems/1.8/gems/activerecord-2.2.2/lib/active_record/fixtures.rb:851:in `fixtures'
./test/unit/../test_helper.rb:31
./test/unit/nested_assignment_test.rb:1:in `require'
./test/unit/nested_assignment_test.rb:1
/usr/lib/ruby/gems/1.8/gems/rake-0.8.3/lib/rake/rake_test_loader.rb:5:in `load'
/usr/lib/ruby/gems/1.8/gems/rake-0.8.3/lib/rake/rake_test_loader.rb:5
/usr/lib/ruby/gems/1.8/gems/rake-0.8.3/lib/rake/rake_test_loader.rb:5:in `each'
/usr/lib/ruby/gems/1.8/gems/rake-0.8.3/lib/rake/rake_test_loader.rb:5
Unable to load role, underlying cause no such file to load -- role.rb 

 /usr/lib/ruby/gems/1.8/gems/activesupport-2.2.2/lib/active_support/dependencies.rb:382:in `load_without_new_constant_marking'
/usr/lib/ruby/gems/1.8/gems/activesupport-2.2.2/lib/active_support/dependencies.rb:382:in `load_file'
/usr/lib/ruby/gems/1.8/gems/activesupport-2.2.2/lib/active_support/dependencies.rb:521:in `new_constants_in'
/usr/lib/ruby/gems/1.8/gems/activesupport-2.2.2/lib/active_support/dependencies.rb:381:in `load_file'
/usr/lib/ruby/gems/1.8/gems/activesupport-2.2.2/lib/active_support/dependencies.rb:256:in `require_or_load'
/usr/lib/ruby/gems/1.8/gems/activesupport-2.2.2/lib/active_support/dependencies.rb:221:in `depend_on'
/usr/lib/ruby/gems/1.8/gems/activesupport-2.2.2/lib/active_support/dependencies.rb:133:in `require_dependency'
/usr/lib/ruby/gems/1.8/gems/activerecord-2.2.2/lib/active_record/fixtures.rb:856:in `try_to_load_dependency'
/usr/lib/ruby/gems/1.8/gems/activerecord-2.2.2/lib/active_record/fixtures.rb:871:in `require_fixture_classes'
/usr/lib/ruby/gems/1.8/gems/activerecord-2.2.2/lib/active_record/fixtures.rb:868:in `each'
/usr/lib/ruby/gems/1.8/gems/activerecord-2.2.2/lib/active_record/fixtures.rb:868:in `require_fixture_classes'
/usr/lib/ruby/gems/1.8/gems/activerecord-2.2.2/lib/active_record/fixtures.rb:851:in `fixtures'
./test/unit/../test_helper.rb:31
./test/unit/nested_assignment_test.rb:1:in `require'
./test/unit/nested_assignment_test.rb:1
/usr/lib/ruby/gems/1.8/gems/rake-0.8.3/lib/rake/rake_test_loader.rb:5:in `load'
/usr/lib/ruby/gems/1.8/gems/rake-0.8.3/lib/rake/rake_test_loader.rb:5
/usr/lib/ruby/gems/1.8/gems/rake-0.8.3/lib/rake/rake_test_loader.rb:5:in `each'
/usr/lib/ruby/gems/1.8/gems/rake-0.8.3/lib/rake/rake_test_loader.rb:5
  [4;35;1mPluginTestModels::User Load (0.1ms)[0m   [0mSELECT * FROM "users" LIMIT 1[0m
  [4;36;1mPluginTestModels::User Load (0.1ms)[0m   [0;1mSELECT * FROM "users" LIMIT 1[0m
  [4;35;1mSQL (0.2ms)[0m   [0mSELECT count(*) AS count_all FROM "roles" INNER JOIN "roles_users" ON "roles".id = "roles_users".role_id WHERE ("roles_users".user_id = 1 ) [0m
  [4;36;1mPluginTestModels::User Load (0.1ms)[0m   [0;1mSELECT * FROM "users" LIMIT 1[0m
  [4;35;1mPluginTestModels::Role Load (0.2ms)[0m   [0mSELECT * FROM "roles" INNER JOIN "roles_users" ON "roles".id = "roles_users".role_id WHERE ("roles_users".user_id = 1 ) [0m
  [4;36;1mPluginTestModels::User Load (0.1ms)[0m   [0;1mSELECT * FROM "users" LIMIT 1[0m
  [4;35;1mPluginTestModels::Address Load (0.2ms)[0m   [0mSELECT * FROM "addresses" WHERE ("addresses".addressable_id = 1 AND "addresses".addressable_type = 'PluginTestModels::User') LIMIT 1[0m
  [4;36;1mSQL (0.3ms)[0m   [0;1mselect sqlite_version(*)[0m
  [4;35;1mSQL (0.2ms)[0m   [0m SELECT name
 FROM sqlite_master
 WHERE type = 'table' AND NOT name = 'sqlite_sequence'
[0m
  [4;36;1mSQL (0.4ms)[0m   [0;1mCREATE TABLE "addresses" ("id" INTEGER PRIMARY KEY AUTOINCREMENT NOT NULL, "name" varchar(255), "addressable_id" integer, "addressable_type" varchar(255)) [0m
  [4;35;1mSQL (0.2ms)[0m   [0m SELECT name
 FROM sqlite_master
 WHERE type = 'table' AND NOT name = 'sqlite_sequence'
[0m
  [4;36;1mSQL (0.2ms)[0m   [0;1mCREATE TABLE "users" ("id" INTEGER PRIMARY KEY AUTOINCREMENT NOT NULL, "name" varchar(255)) [0m
  [4;35;1mSQL (0.2ms)[0m   [0m SELECT name
 FROM sqlite_master
 WHERE type = 'table' AND NOT name = 'sqlite_sequence'
[0m
  [4;36;1mSQL (0.2ms)[0m   [0;1mCREATE TABLE "roles_users" ("user_id" integer, "role_id" integer) [0m
  [4;35;1mSQL (0.3ms)[0m   [0m SELECT name
 FROM sqlite_master
 WHERE type = 'table' AND NOT name = 'sqlite_sequence'
[0m
  [4;36;1mSQL (0.2ms)[0m   [0;1mCREATE TABLE "services" ("id" INTEGER PRIMARY KEY AUTOINCREMENT NOT NULL, "name" varchar(255)) [0m
  [4;35;1mSQL (0.3ms)[0m   [0m SELECT name
 FROM sqlite_master
 WHERE type = 'table' AND NOT name = 'sqlite_sequence'
[0m
  [4;36;1mSQL (0.2ms)[0m   [0;1mCREATE TABLE "subscriptions" ("id" INTEGER PRIMARY KEY AUTOINCREMENT NOT NULL, "name" varchar(255), "service_id" integer, "user_id" integer) [0m
  [4;35;1mSQL (0.4ms)[0m   [0m SELECT name
 FROM sqlite_master
 WHERE type = 'table' AND NOT name = 'sqlite_sequence'
[0m
  [4;36;1mSQL (0.2ms)[0m   [0;1mCREATE TABLE "roles" ("id" INTEGER PRIMARY KEY AUTOINCREMENT NOT NULL, "name" varchar(255)) [0m
  [4;35;1mSQL (0.5ms)[0m   [0m SELECT name
 FROM sqlite_master
 WHERE type = 'table' AND NOT name = 'sqlite_sequence'
[0m
  [4;36;1mSQL (0.2ms)[0m   [0;1mCREATE TABLE "schema_migrations" ("version" varchar(255) NOT NULL) [0m
  [4;35;1mSQL (0.2ms)[0m   [0mCREATE UNIQUE INDEX "unique_schema_migrations" ON "schema_migrations" ("version")[0m
  [4;36;1mSQL (0.5ms)[0m   [0;1m SELECT name
 FROM sqlite_master
 WHERE type = 'table' AND NOT name = 'sqlite_sequence'
[0m
  [4;35;1mSQL (0.1ms)[0m   [0mSELECT version FROM "schema_migrations"[0m
  [4;36;1mSQL (0.1ms)[0m   [0;1mINSERT INTO "schema_migrations" (version) VALUES ('1')[0m
Unable to load roles_user, underlying cause no such file to load -- roles_user.rb 

 /usr/lib/ruby/gems/1.8/gems/activesupport-2.2.2/lib/active_support/dependencies.rb:382:in `load_without_new_constant_marking'
/usr/lib/ruby/gems/1.8/gems/activesupport-2.2.2/lib/active_support/dependencies.rb:382:in `load_file'
/usr/lib/ruby/gems/1.8/gems/activesupport-2.2.2/lib/active_support/dependencies.rb:521:in `new_constants_in'
/usr/lib/ruby/gems/1.8/gems/activesupport-2.2.2/lib/active_support/dependencies.rb:381:in `load_file'
/usr/lib/ruby/gems/1.8/gems/activesupport-2.2.2/lib/active_support/dependencies.rb:256:in `require_or_load'
/usr/lib/ruby/gems/1.8/gems/activesupport-2.2.2/lib/active_support/dependencies.rb:221:in `depend_on'
/usr/lib/ruby/gems/1.8/gems/activesupport-2.2.2/lib/active_support/dependencies.rb:133:in `require_dependency'
/usr/lib/ruby/gems/1.8/gems/activerecord-2.2.2/lib/active_record/fixtures.rb:856:in `try_to_load_dependency'
/usr/lib/ruby/gems/1.8/gems/activerecord-2.2.2/lib/active_record/fixtures.rb:871:in `require_fixture_classes'
/usr/lib/ruby/gems/1.8/gems/activerecord-2.2.2/lib/active_record/fixtures.rb:868:in `each'
/usr/lib/ruby/gems/1.8/gems/activerecord-2.2.2/lib/active_record/fixtures.rb:868:in `require_fixture_classes'
/usr/lib/ruby/gems/1.8/gems/activerecord-2.2.2/lib/active_record/fixtures.rb:851:in `fixtures'
./test/unit/../test_helper.rb:31
./test/unit/nested_assignment_test.rb:1:in `require'
./test/unit/nested_assignment_test.rb:1
/usr/lib/ruby/gems/1.8/gems/rake-0.8.3/lib/rake/rake_test_loader.rb:5:in `load'
/usr/lib/ruby/gems/1.8/gems/rake-0.8.3/lib/rake/rake_test_loader.rb:5
/usr/lib/ruby/gems/1.8/gems/rake-0.8.3/lib/rake/rake_test_loader.rb:5:in `each'
/usr/lib/ruby/gems/1.8/gems/rake-0.8.3/lib/rake/rake_test_loader.rb:5
Unable to load service, underlying cause no such file to load -- service.rb 

 /usr/lib/ruby/gems/1.8/gems/activesupport-2.2.2/lib/active_support/dependencies.rb:382:in `load_without_new_constant_marking'
/usr/lib/ruby/gems/1.8/gems/activesupport-2.2.2/lib/active_support/dependencies.rb:382:in `load_file'
/usr/lib/ruby/gems/1.8/gems/activesupport-2.2.2/lib/active_support/dependencies.rb:521:in `new_constants_in'
/usr/lib/ruby/gems/1.8/gems/activesupport-2.2.2/lib/active_support/dependencies.rb:381:in `load_file'
/usr/lib/ruby/gems/1.8/gems/activesupport-2.2.2/lib/active_support/dependencies.rb:256:in `require_or_load'
/usr/lib/ruby/gems/1.8/gems/activesupport-2.2.2/lib/active_support/dependencies.rb:221:in `depend_on'
/usr/lib/ruby/gems/1.8/gems/activesupport-2.2.2/lib/active_support/dependencies.rb:133:in `require_dependency'
/usr/lib/ruby/gems/1.8/gems/activerecord-2.2.2/lib/active_record/fixtures.rb:856:in `try_to_load_dependency'
/usr/lib/ruby/gems/1.8/gems/activerecord-2.2.2/lib/active_record/fixtures.rb:871:in `require_fixture_classes'
/usr/lib/ruby/gems/1.8/gems/activerecord-2.2.2/lib/active_record/fixtures.rb:868:in `each'
/usr/lib/ruby/gems/1.8/gems/activerecord-2.2.2/lib/active_record/fixtures.rb:868:in `require_fixture_classes'
/usr/lib/ruby/gems/1.8/gems/activerecord-2.2.2/lib/active_record/fixtures.rb:851:in `fixtures'
./test/unit/../test_helper.rb:31
./test/unit/nested_assignment_test.rb:1:in `require'
./test/unit/nested_assignment_test.rb:1
/usr/lib/ruby/gems/1.8/gems/rake-0.8.3/lib/rake/rake_test_loader.rb:5:in `load'
/usr/lib/ruby/gems/1.8/gems/rake-0.8.3/lib/rake/rake_test_loader.rb:5
/usr/lib/ruby/gems/1.8/gems/rake-0.8.3/lib/rake/rake_test_loader.rb:5:in `each'
/usr/lib/ruby/gems/1.8/gems/rake-0.8.3/lib/rake/rake_test_loader.rb:5
Unable to load subscription, underlying cause no such file to load -- subscription.rb 

 /usr/lib/ruby/gems/1.8/gems/activesupport-2.2.2/lib/active_support/dependencies.rb:382:in `load_without_new_constant_marking'
/usr/lib/ruby/gems/1.8/gems/activesupport-2.2.2/lib/active_support/dependencies.rb:382:in `load_file'
/usr/lib/ruby/gems/1.8/gems/activesupport-2.2.2/lib/active_support/dependencies.rb:521:in `new_constants_in'
/usr/lib/ruby/gems/1.8/gems/activesupport-2.2.2/lib/active_support/dependencies.rb:381:in `load_file'
/usr/lib/ruby/gems/1.8/gems/activesupport-2.2.2/lib/active_support/dependencies.rb:256:in `require_or_load'
/usr/lib/ruby/gems/1.8/gems/activesupport-2.2.2/lib/active_support/dependencies.rb:221:in `depend_on'
/usr/lib/ruby/gems/1.8/gems/activesupport-2.2.2/lib/active_support/dependencies.rb:133:in `require_dependency'
/usr/lib/ruby/gems/1.8/gems/activerecord-2.2.2/lib/active_record/fixtures.rb:856:in `try_to_load_dependency'
/usr/lib/ruby/gems/1.8/gems/activerecord-2.2.2/lib/active_record/fixtures.rb:871:in `require_fixture_classes'
/usr/lib/ruby/gems/1.8/gems/activerecord-2.2.2/lib/active_record/fixtures.rb:868:in `each'
/usr/lib/ruby/gems/1.8/gems/activerecord-2.2.2/lib/active_record/fixtures.rb:868:in `require_fixture_classes'
/usr/lib/ruby/gems/1.8/gems/activerecord-2.2.2/lib/active_record/fixtures.rb:851:in `fixtures'
./test/unit/../test_helper.rb:31
./test/unit/nested_assignment_test.rb:1:in `require'
./test/unit/nested_assignment_test.rb:1
/usr/lib/ruby/gems/1.8/gems/rake-0.8.3/lib/rake/rake_test_loader.rb:5:in `load'
/usr/lib/ruby/gems/1.8/gems/rake-0.8.3/lib/rake/rake_test_loader.rb:5
/usr/lib/ruby/gems/1.8/gems/rake-0.8.3/lib/rake/rake_test_loader.rb:5:in `each'
/usr/lib/ruby/gems/1.8/gems/rake-0.8.3/lib/rake/rake_test_loader.rb:5
Unable to load address, underlying cause no such file to load -- address.rb 

 /usr/lib/ruby/gems/1.8/gems/activesupport-2.2.2/lib/active_support/dependencies.rb:382:in `load_without_new_constant_marking'
/usr/lib/ruby/gems/1.8/gems/activesupport-2.2.2/lib/active_support/dependencies.rb:382:in `load_file'
/usr/lib/ruby/gems/1.8/gems/activesupport-2.2.2/lib/active_support/dependencies.rb:521:in `new_constants_in'
/usr/lib/ruby/gems/1.8/gems/activesupport-2.2.2/lib/active_support/dependencies.rb:381:in `load_file'
/usr/lib/ruby/gems/1.8/gems/activesupport-2.2.2/lib/active_support/dependencies.rb:256:in `require_or_load'
/usr/lib/ruby/gems/1.8/gems/activesupport-2.2.2/lib/active_support/dependencies.rb:221:in `depend_on'
/usr/lib/ruby/gems/1.8/gems/activesupport-2.2.2/lib/active_support/dependencies.rb:133:in `require_dependency'
/usr/lib/ruby/gems/1.8/gems/activerecord-2.2.2/lib/active_record/fixtures.rb:856:in `try_to_load_dependency'
/usr/lib/ruby/gems/1.8/gems/activerecord-2.2.2/lib/active_record/fixtures.rb:871:in `require_fixture_classes'
/usr/lib/ruby/gems/1.8/gems/activerecord-2.2.2/lib/active_record/fixtures.rb:868:in `each'
/usr/lib/ruby/gems/1.8/gems/activerecord-2.2.2/lib/active_record/fixtures.rb:868:in `require_fixture_classes'
/usr/lib/ruby/gems/1.8/gems/activerecord-2.2.2/lib/active_record/fixtures.rb:851:in `fixtures'
./test/unit/../test_helper.rb:31
./test/unit/nested_assignment_test.rb:1:in `require'
./test/unit/nested_assignment_test.rb:1
/usr/lib/ruby/gems/1.8/gems/rake-0.8.3/lib/rake/rake_test_loader.rb:5:in `load'
/usr/lib/ruby/gems/1.8/gems/rake-0.8.3/lib/rake/rake_test_loader.rb:5
/usr/lib/ruby/gems/1.8/gems/rake-0.8.3/lib/rake/rake_test_loader.rb:5:in `each'
/usr/lib/ruby/gems/1.8/gems/rake-0.8.3/lib/rake/rake_test_loader.rb:5
Unable to load user, underlying cause no such file to load -- user.rb 

 /usr/lib/ruby/gems/1.8/gems/activesupport-2.2.2/lib/active_support/dependencies.rb:382:in `load_without_new_constant_marking'
/usr/lib/ruby/gems/1.8/gems/activesupport-2.2.2/lib/active_support/dependencies.rb:382:in `load_file'
/usr/lib/ruby/gems/1.8/gems/activesupport-2.2.2/lib/active_support/dependencies.rb:521:in `new_constants_in'
/usr/lib/ruby/gems/1.8/gems/activesupport-2.2.2/lib/active_support/dependencies.rb:381:in `load_file'
/usr/lib/ruby/gems/1.8/gems/activesupport-2.2.2/lib/active_support/dependencies.rb:256:in `require_or_load'
/usr/lib/ruby/gems/1.8/gems/activesupport-2.2.2/lib/active_support/dependencies.rb:221:in `depend_on'
/usr/lib/ruby/gems/1.8/gems/activesupport-2.2.2/lib/active_support/dependencies.rb:133:in `require_dependency'
/usr/lib/ruby/gems/1.8/gems/activerecord-2.2.2/lib/active_record/fixtures.rb:856:in `try_to_load_dependency'
/usr/lib/ruby/gems/1.8/gems/activerecord-2.2.2/lib/active_record/fixtures.rb:871:in `require_fixture_classes'
/usr/lib/ruby/gems/1.8/gems/activerecord-2.2.2/lib/active_record/fixtures.rb:868:in `each'
/usr/lib/ruby/gems/1.8/gems/activerecord-2.2.2/lib/active_record/fixtures.rb:868:in `require_fixture_classes'
/usr/lib/ruby/gems/1.8/gems/activerecord-2.2.2/lib/active_record/fixtures.rb:851:in `fixtures'
./test/unit/../test_helper.rb:31
./test/unit/nested_assignment_test.rb:1:in `require'
./test/unit/nested_assignment_test.rb:1
/usr/lib/ruby/gems/1.8/gems/rake-0.8.3/lib/rake/rake_test_loader.rb:5:in `load'
/usr/lib/ruby/gems/1.8/gems/rake-0.8.3/lib/rake/rake_test_loader.rb:5
/usr/lib/ruby/gems/1.8/gems/rake-0.8.3/lib/rake/rake_test_loader.rb:5:in `each'
/usr/lib/ruby/gems/1.8/gems/rake-0.8.3/lib/rake/rake_test_loader.rb:5
Unable to load role, underlying cause no such file to load -- role.rb 

 /usr/lib/ruby/gems/1.8/gems/activesupport-2.2.2/lib/active_support/dependencies.rb:382:in `load_without_new_constant_marking'
/usr/lib/ruby/gems/1.8/gems/activesupport-2.2.2/lib/active_support/dependencies.rb:382:in `load_file'
/usr/lib/ruby/gems/1.8/gems/activesupport-2.2.2/lib/active_support/dependencies.rb:521:in `new_constants_in'
/usr/lib/ruby/gems/1.8/gems/activesupport-2.2.2/lib/active_support/dependencies.rb:381:in `load_file'
/usr/lib/ruby/gems/1.8/gems/activesupport-2.2.2/lib/active_support/dependencies.rb:256:in `require_or_load'
/usr/lib/ruby/gems/1.8/gems/activesupport-2.2.2/lib/active_support/dependencies.rb:221:in `depend_on'
/usr/lib/ruby/gems/1.8/gems/activesupport-2.2.2/lib/active_support/dependencies.rb:133:in `require_dependency'
/usr/lib/ruby/gems/1.8/gems/activerecord-2.2.2/lib/active_record/fixtures.rb:856:in `try_to_load_dependency'
/usr/lib/ruby/gems/1.8/gems/activerecord-2.2.2/lib/active_record/fixtures.rb:871:in `require_fixture_classes'
/usr/lib/ruby/gems/1.8/gems/activerecord-2.2.2/lib/active_record/fixtures.rb:868:in `each'
/usr/lib/ruby/gems/1.8/gems/activerecord-2.2.2/lib/active_record/fixtures.rb:868:in `require_fixture_classes'
/usr/lib/ruby/gems/1.8/gems/activerecord-2.2.2/lib/active_record/fixtures.rb:851:in `fixtures'
./test/unit/../test_helper.rb:31
./test/unit/nested_assignment_test.rb:1:in `require'
./test/unit/nested_assignment_test.rb:1
/usr/lib/ruby/gems/1.8/gems/rake-0.8.3/lib/rake/rake_test_loader.rb:5:in `load'
/usr/lib/ruby/gems/1.8/gems/rake-0.8.3/lib/rake/rake_test_loader.rb:5
/usr/lib/ruby/gems/1.8/gems/rake-0.8.3/lib/rake/rake_test_loader.rb:5:in `each'
/usr/lib/ruby/gems/1.8/gems/rake-0.8.3/lib/rake/rake_test_loader.rb:5
  [4;35;1mPluginTestModels::User Load (0.2ms)[0m   [0mSELECT * FROM "users" LIMIT 1[0m
  [4;36;1mPluginTestModels::User Load (0.2ms)[0m   [0;1mSELECT * FROM "users" LIMIT 1[0m
  [4;35;1mPluginTestModels::Role Load (0.3ms)[0m   [0mSELECT * FROM "roles" INNER JOIN "roles_users" ON "roles".id = "roles_users".role_id WHERE ("roles_users".user_id = 1 ) [0m
  [4;36;1mPluginTestModels::User Load (0.2ms)[0m   [0;1mSELECT * FROM "users" LIMIT 1[0m
  [4;35;1mPluginTestModels::Role Load (0.3ms)[0m   [0mSELECT * FROM "roles" INNER JOIN "roles_users" ON "roles".id = "roles_users".role_id WHERE ("roles_users".user_id = 1 ) [0m
  [4;36;1mPluginTestModels::User Load (0.2ms)[0m   [0;1mSELECT * FROM "users" LIMIT 1[0m
  [4;35;1mPluginTestModels::Address Load (0.3ms)[0m   [0mSELECT * FROM "addresses" WHERE ("addresses".addressable_id = 1 AND "addresses".addressable_type = 'PluginTestModels::User') LIMIT 1[0m
  [4;36;1mSQL (0.2ms)[0m   [0;1mselect sqlite_version(*)[0m
  [4;35;1mSQL (0.1ms)[0m   [0m SELECT name
 FROM sqlite_master
 WHERE type = 'table' AND NOT name = 'sqlite_sequence'
[0m
  [4;36;1mSQL (0.2ms)[0m   [0;1mCREATE TABLE "addresses" ("id" INTEGER PRIMARY KEY AUTOINCREMENT NOT NULL, "name" varchar(255), "addressable_id" integer, "addressable_type" varchar(255)) [0m
  [4;35;1mSQL (0.1ms)[0m   [0m SELECT name
 FROM sqlite_master
 WHERE type = 'table' AND NOT name = 'sqlite_sequence'
[0m
  [4;36;1mSQL (0.1ms)[0m   [0;1mCREATE TABLE "users" ("id" INTEGER PRIMARY KEY AUTOINCREMENT NOT NULL, "name" varchar(255)) [0m
  [4;35;1mSQL (0.2ms)[0m   [0m SELECT name
 FROM sqlite_master
 WHERE type = 'table' AND NOT name = 'sqlite_sequence'
[0m
  [4;36;1mSQL (0.1ms)[0m   [0;1mCREATE TABLE "roles_users" ("user_id" integer, "role_id" integer) [0m
  [4;35;1mSQL (0.2ms)[0m   [0m SELECT name
 FROM sqlite_master
 WHERE type = 'table' AND NOT name = 'sqlite_sequence'
[0m
  [4;36;1mSQL (0.1ms)[0m   [0;1mCREATE TABLE "services" ("id" INTEGER PRIMARY KEY AUTOINCREMENT NOT NULL, "name" varchar(255)) [0m
  [4;35;1mSQL (0.2ms)[0m   [0m SELECT name
 FROM sqlite_master
 WHERE type = 'table' AND NOT name = 'sqlite_sequence'
[0m
  [4;36;1mSQL (0.1ms)[0m   [0;1mCREATE TABLE "subscriptions" ("id" INTEGER PRIMARY KEY AUTOINCREMENT NOT NULL, "name" varchar(255), "service_id" integer, "user_id" integer) [0m
  [4;35;1mSQL (0.3ms)[0m   [0m SELECT name
 FROM sqlite_master
 WHERE type = 'table' AND NOT name = 'sqlite_sequence'
[0m
  [4;36;1mSQL (0.1ms)[0m   [0;1mCREATE TABLE "roles" ("id" INTEGER PRIMARY KEY AUTOINCREMENT NOT NULL, "name" varchar(255)) [0m
  [4;35;1mSQL (0.3ms)[0m   [0m SELECT name
 FROM sqlite_master
 WHERE type = 'table' AND NOT name = 'sqlite_sequence'
[0m
  [4;36;1mSQL (0.1ms)[0m   [0;1mCREATE TABLE "schema_migrations" ("version" varchar(255) NOT NULL) [0m
  [4;35;1mSQL (0.1ms)[0m   [0mCREATE UNIQUE INDEX "unique_schema_migrations" ON "schema_migrations" ("version")[0m
  [4;36;1mSQL (0.4ms)[0m   [0;1m SELECT name
 FROM sqlite_master
 WHERE type = 'table' AND NOT name = 'sqlite_sequence'
[0m
  [4;35;1mSQL (0.1ms)[0m   [0mSELECT version FROM "schema_migrations"[0m
  [4;36;1mSQL (0.1ms)[0m   [0;1mINSERT INTO "schema_migrations" (version) VALUES ('1')[0m
Unable to load roles_user, underlying cause no such file to load -- roles_user.rb 

 /usr/lib/ruby/gems/1.8/gems/activesupport-2.2.2/lib/active_support/dependencies.rb:382:in `load_without_new_constant_marking'
/usr/lib/ruby/gems/1.8/gems/activesupport-2.2.2/lib/active_support/dependencies.rb:382:in `load_file'
/usr/lib/ruby/gems/1.8/gems/activesupport-2.2.2/lib/active_support/dependencies.rb:521:in `new_constants_in'
/usr/lib/ruby/gems/1.8/gems/activesupport-2.2.2/lib/active_support/dependencies.rb:381:in `load_file'
/usr/lib/ruby/gems/1.8/gems/activesupport-2.2.2/lib/active_support/dependencies.rb:256:in `require_or_load'
/usr/lib/ruby/gems/1.8/gems/activesupport-2.2.2/lib/active_support/dependencies.rb:221:in `depend_on'
/usr/lib/ruby/gems/1.8/gems/activesupport-2.2.2/lib/active_support/dependencies.rb:133:in `require_dependency'
/usr/lib/ruby/gems/1.8/gems/activerecord-2.2.2/lib/active_record/fixtures.rb:856:in `try_to_load_dependency'
/usr/lib/ruby/gems/1.8/gems/activerecord-2.2.2/lib/active_record/fixtures.rb:871:in `require_fixture_classes'
/usr/lib/ruby/gems/1.8/gems/activerecord-2.2.2/lib/active_record/fixtures.rb:868:in `each'
/usr/lib/ruby/gems/1.8/gems/activerecord-2.2.2/lib/active_record/fixtures.rb:868:in `require_fixture_classes'
/usr/lib/ruby/gems/1.8/gems/activerecord-2.2.2/lib/active_record/fixtures.rb:851:in `fixtures'
./test/unit/../test_helper.rb:31
./test/unit/nested_assignment_test.rb:1:in `require'
./test/unit/nested_assignment_test.rb:1
/usr/lib/ruby/gems/1.8/gems/rake-0.8.3/lib/rake/rake_test_loader.rb:5:in `load'
/usr/lib/ruby/gems/1.8/gems/rake-0.8.3/lib/rake/rake_test_loader.rb:5
/usr/lib/ruby/gems/1.8/gems/rake-0.8.3/lib/rake/rake_test_loader.rb:5:in `each'
/usr/lib/ruby/gems/1.8/gems/rake-0.8.3/lib/rake/rake_test_loader.rb:5
Unable to load service, underlying cause no such file to load -- service.rb 

 /usr/lib/ruby/gems/1.8/gems/activesupport-2.2.2/lib/active_support/dependencies.rb:382:in `load_without_new_constant_marking'
/usr/lib/ruby/gems/1.8/gems/activesupport-2.2.2/lib/active_support/dependencies.rb:382:in `load_file'
/usr/lib/ruby/gems/1.8/gems/activesupport-2.2.2/lib/active_support/dependencies.rb:521:in `new_constants_in'
/usr/lib/ruby/gems/1.8/gems/activesupport-2.2.2/lib/active_support/dependencies.rb:381:in `load_file'
/usr/lib/ruby/gems/1.8/gems/activesupport-2.2.2/lib/active_support/dependencies.rb:256:in `require_or_load'
/usr/lib/ruby/gems/1.8/gems/activesupport-2.2.2/lib/active_support/dependencies.rb:221:in `depend_on'
/usr/lib/ruby/gems/1.8/gems/activesupport-2.2.2/lib/active_support/dependencies.rb:133:in `require_dependency'
/usr/lib/ruby/gems/1.8/gems/activerecord-2.2.2/lib/active_record/fixtures.rb:856:in `try_to_load_dependency'
/usr/lib/ruby/gems/1.8/gems/activerecord-2.2.2/lib/active_record/fixtures.rb:871:in `require_fixture_classes'
/usr/lib/ruby/gems/1.8/gems/activerecord-2.2.2/lib/active_record/fixtures.rb:868:in `each'
/usr/lib/ruby/gems/1.8/gems/activerecord-2.2.2/lib/active_record/fixtures.rb:868:in `require_fixture_classes'
/usr/lib/ruby/gems/1.8/gems/activerecord-2.2.2/lib/active_record/fixtures.rb:851:in `fixtures'
./test/unit/../test_helper.rb:31
./test/unit/nested_assignment_test.rb:1:in `require'
./test/unit/nested_assignment_test.rb:1
/usr/lib/ruby/gems/1.8/gems/rake-0.8.3/lib/rake/rake_test_loader.rb:5:in `load'
/usr/lib/ruby/gems/1.8/gems/rake-0.8.3/lib/rake/rake_test_loader.rb:5
/usr/lib/ruby/gems/1.8/gems/rake-0.8.3/lib/rake/rake_test_loader.rb:5:in `each'
/usr/lib/ruby/gems/1.8/gems/rake-0.8.3/lib/rake/rake_test_loader.rb:5
Unable to load subscription, underlying cause no such file to load -- subscription.rb 

 /usr/lib/ruby/gems/1.8/gems/activesupport-2.2.2/lib/active_support/dependencies.rb:382:in `load_without_new_constant_marking'
/usr/lib/ruby/gems/1.8/gems/activesupport-2.2.2/lib/active_support/dependencies.rb:382:in `load_file'
/usr/lib/ruby/gems/1.8/gems/activesupport-2.2.2/lib/active_support/dependencies.rb:521:in `new_constants_in'
/usr/lib/ruby/gems/1.8/gems/activesupport-2.2.2/lib/active_support/dependencies.rb:381:in `load_file'
/usr/lib/ruby/gems/1.8/gems/activesupport-2.2.2/lib/active_support/dependencies.rb:256:in `require_or_load'
/usr/lib/ruby/gems/1.8/gems/activesupport-2.2.2/lib/active_support/dependencies.rb:221:in `depend_on'
/usr/lib/ruby/gems/1.8/gems/activesupport-2.2.2/lib/active_support/dependencies.rb:133:in `require_dependency'
/usr/lib/ruby/gems/1.8/gems/activerecord-2.2.2/lib/active_record/fixtures.rb:856:in `try_to_load_dependency'
/usr/lib/ruby/gems/1.8/gems/activerecord-2.2.2/lib/active_record/fixtures.rb:871:in `require_fixture_classes'
/usr/lib/ruby/gems/1.8/gems/activerecord-2.2.2/lib/active_record/fixtures.rb:868:in `each'
/usr/lib/ruby/gems/1.8/gems/activerecord-2.2.2/lib/active_record/fixtures.rb:868:in `require_fixture_classes'
/usr/lib/ruby/gems/1.8/gems/activerecord-2.2.2/lib/active_record/fixtures.rb:851:in `fixtures'
./test/unit/../test_helper.rb:31
./test/unit/nested_assignment_test.rb:1:in `require'
./test/unit/nested_assignment_test.rb:1
/usr/lib/ruby/gems/1.8/gems/rake-0.8.3/lib/rake/rake_test_loader.rb:5:in `load'
/usr/lib/ruby/gems/1.8/gems/rake-0.8.3/lib/rake/rake_test_loader.rb:5
/usr/lib/ruby/gems/1.8/gems/rake-0.8.3/lib/rake/rake_test_loader.rb:5:in `each'
/usr/lib/ruby/gems/1.8/gems/rake-0.8.3/lib/rake/rake_test_loader.rb:5
Unable to load address, underlying cause no such file to load -- address.rb 

 /usr/lib/ruby/gems/1.8/gems/activesupport-2.2.2/lib/active_support/dependencies.rb:382:in `load_without_new_constant_marking'
/usr/lib/ruby/gems/1.8/gems/activesupport-2.2.2/lib/active_support/dependencies.rb:382:in `load_file'
/usr/lib/ruby/gems/1.8/gems/activesupport-2.2.2/lib/active_support/dependencies.rb:521:in `new_constants_in'
/usr/lib/ruby/gems/1.8/gems/activesupport-2.2.2/lib/active_support/dependencies.rb:381:in `load_file'
/usr/lib/ruby/gems/1.8/gems/activesupport-2.2.2/lib/active_support/dependencies.rb:256:in `require_or_load'
/usr/lib/ruby/gems/1.8/gems/activesupport-2.2.2/lib/active_support/dependencies.rb:221:in `depend_on'
/usr/lib/ruby/gems/1.8/gems/activesupport-2.2.2/lib/active_support/dependencies.rb:133:in `require_dependency'
/usr/lib/ruby/gems/1.8/gems/activerecord-2.2.2/lib/active_record/fixtures.rb:856:in `try_to_load_dependency'
/usr/lib/ruby/gems/1.8/gems/activerecord-2.2.2/lib/active_record/fixtures.rb:871:in `require_fixture_classes'
/usr/lib/ruby/gems/1.8/gems/activerecord-2.2.2/lib/active_record/fixtures.rb:868:in `each'
/usr/lib/ruby/gems/1.8/gems/activerecord-2.2.2/lib/active_record/fixtures.rb:868:in `require_fixture_classes'
/usr/lib/ruby/gems/1.8/gems/activerecord-2.2.2/lib/active_record/fixtures.rb:851:in `fixtures'
./test/unit/../test_helper.rb:31
./test/unit/nested_assignment_test.rb:1:in `require'
./test/unit/nested_assignment_test.rb:1
/usr/lib/ruby/gems/1.8/gems/rake-0.8.3/lib/rake/rake_test_loader.rb:5:in `load'
/usr/lib/ruby/gems/1.8/gems/rake-0.8.3/lib/rake/rake_test_loader.rb:5
/usr/lib/ruby/gems/1.8/gems/rake-0.8.3/lib/rake/rake_test_loader.rb:5:in `each'
/usr/lib/ruby/gems/1.8/gems/rake-0.8.3/lib/rake/rake_test_loader.rb:5
Unable to load user, underlying cause no such file to load -- user.rb 

 /usr/lib/ruby/gems/1.8/gems/activesupport-2.2.2/lib/active_support/dependencies.rb:382:in `load_without_new_constant_marking'
/usr/lib/ruby/gems/1.8/gems/activesupport-2.2.2/lib/active_support/dependencies.rb:382:in `load_file'
/usr/lib/ruby/gems/1.8/gems/activesupport-2.2.2/lib/active_support/dependencies.rb:521:in `new_constants_in'
/usr/lib/ruby/gems/1.8/gems/activesupport-2.2.2/lib/active_support/dependencies.rb:381:in `load_file'
/usr/lib/ruby/gems/1.8/gems/activesupport-2.2.2/lib/active_support/dependencies.rb:256:in `require_or_load'
/usr/lib/ruby/gems/1.8/gems/activesupport-2.2.2/lib/active_support/dependencies.rb:221:in `depend_on'
/usr/lib/ruby/gems/1.8/gems/activesupport-2.2.2/lib/active_support/dependencies.rb:133:in `require_dependency'
/usr/lib/ruby/gems/1.8/gems/activerecord-2.2.2/lib/active_record/fixtures.rb:856:in `try_to_load_dependency'
/usr/lib/ruby/gems/1.8/gems/activerecord-2.2.2/lib/active_record/fixtures.rb:871:in `require_fixture_classes'
/usr/lib/ruby/gems/1.8/gems/activerecord-2.2.2/lib/active_record/fixtures.rb:868:in `each'
/usr/lib/ruby/gems/1.8/gems/activerecord-2.2.2/lib/active_record/fixtures.rb:868:in `require_fixture_classes'
/usr/lib/ruby/gems/1.8/gems/activerecord-2.2.2/lib/active_record/fixtures.rb:851:in `fixtures'
./test/unit/../test_helper.rb:31
./test/unit/nested_assignment_test.rb:1:in `require'
./test/unit/nested_assignment_test.rb:1
/usr/lib/ruby/gems/1.8/gems/rake-0.8.3/lib/rake/rake_test_loader.rb:5:in `load'
/usr/lib/ruby/gems/1.8/gems/rake-0.8.3/lib/rake/rake_test_loader.rb:5
/usr/lib/ruby/gems/1.8/gems/rake-0.8.3/lib/rake/rake_test_loader.rb:5:in `each'
/usr/lib/ruby/gems/1.8/gems/rake-0.8.3/lib/rake/rake_test_loader.rb:5
Unable to load role, underlying cause no such file to load -- role.rb 

 /usr/lib/ruby/gems/1.8/gems/activesupport-2.2.2/lib/active_support/dependencies.rb:382:in `load_without_new_constant_marking'
/usr/lib/ruby/gems/1.8/gems/activesupport-2.2.2/lib/active_support/dependencies.rb:382:in `load_file'
/usr/lib/ruby/gems/1.8/gems/activesupport-2.2.2/lib/active_support/dependencies.rb:521:in `new_constants_in'
/usr/lib/ruby/gems/1.8/gems/activesupport-2.2.2/lib/active_support/dependencies.rb:381:in `load_file'
/usr/lib/ruby/gems/1.8/gems/activesupport-2.2.2/lib/active_support/dependencies.rb:256:in `require_or_load'
/usr/lib/ruby/gems/1.8/gems/activesupport-2.2.2/lib/active_support/dependencies.rb:221:in `depend_on'
/usr/lib/ruby/gems/1.8/gems/activesupport-2.2.2/lib/active_support/dependencies.rb:133:in `require_dependency'
/usr/lib/ruby/gems/1.8/gems/activerecord-2.2.2/lib/active_record/fixtures.rb:856:in `try_to_load_dependency'
/usr/lib/ruby/gems/1.8/gems/activerecord-2.2.2/lib/active_record/fixtures.rb:871:in `require_fixture_classes'
/usr/lib/ruby/gems/1.8/gems/activerecord-2.2.2/lib/active_record/fixtures.rb:868:in `each'
/usr/lib/ruby/gems/1.8/gems/activerecord-2.2.2/lib/active_record/fixtures.rb:868:in `require_fixture_classes'
/usr/lib/ruby/gems/1.8/gems/activerecord-2.2.2/lib/active_record/fixtures.rb:851:in `fixtures'
./test/unit/../test_helper.rb:31
./test/unit/nested_assignment_test.rb:1:in `require'
./test/unit/nested_assignment_test.rb:1
/usr/lib/ruby/gems/1.8/gems/rake-0.8.3/lib/rake/rake_test_loader.rb:5:in `load'
/usr/lib/ruby/gems/1.8/gems/rake-0.8.3/lib/rake/rake_test_loader.rb:5
/usr/lib/ruby/gems/1.8/gems/rake-0.8.3/lib/rake/rake_test_loader.rb:5:in `each'
/usr/lib/ruby/gems/1.8/gems/rake-0.8.3/lib/rake/rake_test_loader.rb:5
  [4;35;1mPluginTestModels::User Load (0.1ms)[0m   [0mSELECT * FROM "users" LIMIT 1[0m
  [4;36;1mPluginTestModels::User Load (0.1ms)[0m   [0;1mSELECT * FROM "users" LIMIT 1[0m
  [4;35;1mPluginTestModels::Role Load (0.2ms)[0m   [0mSELECT * FROM "roles" INNER JOIN "roles_users" ON "roles".id = "roles_users".role_id WHERE ("roles_users".user_id = 1 ) [0m
  [4;36;1mPluginTestModels::User Load (0.1ms)[0m   [0;1mSELECT * FROM "users" LIMIT 1[0m
  [4;35;1mPluginTestModels::Role Load (0.2ms)[0m   [0mSELECT * FROM "roles" INNER JOIN "roles_users" ON "roles".id = "roles_users".role_id WHERE ("roles_users".user_id = 1 ) [0m
  [4;36;1mPluginTestModels::User Load (0.1ms)[0m   [0;1mSELECT * FROM "users" LIMIT 1[0m
  [4;35;1mPluginTestModels::Address Load (0.2ms)[0m   [0mSELECT * FROM "addresses" WHERE ("addresses".addressable_id = 1 AND "addresses".addressable_type = 'PluginTestModels::User') LIMIT 1[0m
  [4;36;1mSQL (0.2ms)[0m   [0;1mselect sqlite_version(*)[0m
  [4;35;1mSQL (0.1ms)[0m   [0m SELECT name
 FROM sqlite_master
 WHERE type = 'table' AND NOT name = 'sqlite_sequence'
[0m
  [4;36;1mSQL (0.2ms)[0m   [0;1mCREATE TABLE "addresses" ("id" INTEGER PRIMARY KEY AUTOINCREMENT NOT NULL, "name" varchar(255), "addressable_id" integer, "addressable_type" varchar(255)) [0m
  [4;35;1mSQL (0.1ms)[0m   [0m SELECT name
 FROM sqlite_master
 WHERE type = 'table' AND NOT name = 'sqlite_sequence'
[0m
  [4;36;1mSQL (0.1ms)[0m   [0;1mCREATE TABLE "users" ("id" INTEGER PRIMARY KEY AUTOINCREMENT NOT NULL, "name" varchar(255)) [0m
  [4;35;1mSQL (0.2ms)[0m   [0m SELECT name
 FROM sqlite_master
 WHERE type = 'table' AND NOT name = 'sqlite_sequence'
[0m
  [4;36;1mSQL (0.1ms)[0m   [0;1mCREATE TABLE "roles_users" ("user_id" integer, "role_id" integer) [0m
  [4;35;1mSQL (0.2ms)[0m   [0m SELECT name
 FROM sqlite_master
 WHERE type = 'table' AND NOT name = 'sqlite_sequence'
[0m
  [4;36;1mSQL (0.1ms)[0m   [0;1mCREATE TABLE "services" ("id" INTEGER PRIMARY KEY AUTOINCREMENT NOT NULL, "name" varchar(255)) [0m
  [4;35;1mSQL (0.2ms)[0m   [0m SELECT name
 FROM sqlite_master
 WHERE type = 'table' AND NOT name = 'sqlite_sequence'
[0m
  [4;36;1mSQL (0.1ms)[0m   [0;1mCREATE TABLE "subscriptions" ("id" INTEGER PRIMARY KEY AUTOINCREMENT NOT NULL, "name" varchar(255), "service_id" integer, "user_id" integer) [0m
  [4;35;1mSQL (0.3ms)[0m   [0m SELECT name
 FROM sqlite_master
 WHERE type = 'table' AND NOT name = 'sqlite_sequence'
[0m
  [4;36;1mSQL (0.1ms)[0m   [0;1mCREATE TABLE "roles" ("id" INTEGER PRIMARY KEY AUTOINCREMENT NOT NULL, "name" varchar(255)) [0m
  [4;35;1mSQL (0.3ms)[0m   [0m SELECT name
 FROM sqlite_master
 WHERE type = 'table' AND NOT name = 'sqlite_sequence'
[0m
  [4;36;1mSQL (0.1ms)[0m   [0;1mCREATE TABLE "schema_migrations" ("version" varchar(255) NOT NULL) [0m
  [4;35;1mSQL (0.1ms)[0m   [0mCREATE UNIQUE INDEX "unique_schema_migrations" ON "schema_migrations" ("version")[0m
  [4;36;1mSQL (0.4ms)[0m   [0;1m SELECT name
 FROM sqlite_master
 WHERE type = 'table' AND NOT name = 'sqlite_sequence'
[0m
  [4;35;1mSQL (0.1ms)[0m   [0mSELECT version FROM "schema_migrations"[0m
  [4;36;1mSQL (0.1ms)[0m   [0;1mINSERT INTO "schema_migrations" (version) VALUES ('1')[0m
Unable to load roles_user, underlying cause no such file to load -- roles_user.rb 

 /usr/lib/ruby/gems/1.8/gems/activesupport-2.2.2/lib/active_support/dependencies.rb:382:in `load_without_new_constant_marking'
/usr/lib/ruby/gems/1.8/gems/activesupport-2.2.2/lib/active_support/dependencies.rb:382:in `load_file'
/usr/lib/ruby/gems/1.8/gems/activesupport-2.2.2/lib/active_support/dependencies.rb:521:in `new_constants_in'
/usr/lib/ruby/gems/1.8/gems/activesupport-2.2.2/lib/active_support/dependencies.rb:381:in `load_file'
/usr/lib/ruby/gems/1.8/gems/activesupport-2.2.2/lib/active_support/dependencies.rb:256:in `require_or_load'
/usr/lib/ruby/gems/1.8/gems/activesupport-2.2.2/lib/active_support/dependencies.rb:221:in `depend_on'
/usr/lib/ruby/gems/1.8/gems/activesupport-2.2.2/lib/active_support/dependencies.rb:133:in `require_dependency'
/usr/lib/ruby/gems/1.8/gems/activerecord-2.2.2/lib/active_record/fixtures.rb:856:in `try_to_load_dependency'
/usr/lib/ruby/gems/1.8/gems/activerecord-2.2.2/lib/active_record/fixtures.rb:871:in `require_fixture_classes'
/usr/lib/ruby/gems/1.8/gems/activerecord-2.2.2/lib/active_record/fixtures.rb:868:in `each'
/usr/lib/ruby/gems/1.8/gems/activerecord-2.2.2/lib/active_record/fixtures.rb:868:in `require_fixture_classes'
/usr/lib/ruby/gems/1.8/gems/activerecord-2.2.2/lib/active_record/fixtures.rb:851:in `fixtures'
./test/unit/../test_helper.rb:31
./test/unit/nested_assignment_test.rb:1:in `require'
./test/unit/nested_assignment_test.rb:1
/usr/lib/ruby/gems/1.8/gems/rake-0.8.3/lib/rake/rake_test_loader.rb:5:in `load'
/usr/lib/ruby/gems/1.8/gems/rake-0.8.3/lib/rake/rake_test_loader.rb:5
/usr/lib/ruby/gems/1.8/gems/rake-0.8.3/lib/rake/rake_test_loader.rb:5:in `each'
/usr/lib/ruby/gems/1.8/gems/rake-0.8.3/lib/rake/rake_test_loader.rb:5
Unable to load service, underlying cause no such file to load -- service.rb 

 /usr/lib/ruby/gems/1.8/gems/activesupport-2.2.2/lib/active_support/dependencies.rb:382:in `load_without_new_constant_marking'
/usr/lib/ruby/gems/1.8/gems/activesupport-2.2.2/lib/active_support/dependencies.rb:382:in `load_file'
/usr/lib/ruby/gems/1.8/gems/activesupport-2.2.2/lib/active_support/dependencies.rb:521:in `new_constants_in'
/usr/lib/ruby/gems/1.8/gems/activesupport-2.2.2/lib/active_support/dependencies.rb:381:in `load_file'
/usr/lib/ruby/gems/1.8/gems/activesupport-2.2.2/lib/active_support/dependencies.rb:256:in `require_or_load'
/usr/lib/ruby/gems/1.8/gems/activesupport-2.2.2/lib/active_support/dependencies.rb:221:in `depend_on'
/usr/lib/ruby/gems/1.8/gems/activesupport-2.2.2/lib/active_support/dependencies.rb:133:in `require_dependency'
/usr/lib/ruby/gems/1.8/gems/activerecord-2.2.2/lib/active_record/fixtures.rb:856:in `try_to_load_dependency'
/usr/lib/ruby/gems/1.8/gems/activerecord-2.2.2/lib/active_record/fixtures.rb:871:in `require_fixture_classes'
/usr/lib/ruby/gems/1.8/gems/activerecord-2.2.2/lib/active_record/fixtures.rb:868:in `each'
/usr/lib/ruby/gems/1.8/gems/activerecord-2.2.2/lib/active_record/fixtures.rb:868:in `require_fixture_classes'
/usr/lib/ruby/gems/1.8/gems/activerecord-2.2.2/lib/active_record/fixtures.rb:851:in `fixtures'
./test/unit/../test_helper.rb:31
./test/unit/nested_assignment_test.rb:1:in `require'
./test/unit/nested_assignment_test.rb:1
/usr/lib/ruby/gems/1.8/gems/rake-0.8.3/lib/rake/rake_test_loader.rb:5:in `load'
/usr/lib/ruby/gems/1.8/gems/rake-0.8.3/lib/rake/rake_test_loader.rb:5
/usr/lib/ruby/gems/1.8/gems/rake-0.8.3/lib/rake/rake_test_loader.rb:5:in `each'
/usr/lib/ruby/gems/1.8/gems/rake-0.8.3/lib/rake/rake_test_loader.rb:5
Unable to load subscription, underlying cause no such file to load -- subscription.rb 

 /usr/lib/ruby/gems/1.8/gems/activesupport-2.2.2/lib/active_support/dependencies.rb:382:in `load_without_new_constant_marking'
/usr/lib/ruby/gems/1.8/gems/activesupport-2.2.2/lib/active_support/dependencies.rb:382:in `load_file'
/usr/lib/ruby/gems/1.8/gems/activesupport-2.2.2/lib/active_support/dependencies.rb:521:in `new_constants_in'
/usr/lib/ruby/gems/1.8/gems/activesupport-2.2.2/lib/active_support/dependencies.rb:381:in `load_file'
/usr/lib/ruby/gems/1.8/gems/activesupport-2.2.2/lib/active_support/dependencies.rb:256:in `require_or_load'
/usr/lib/ruby/gems/1.8/gems/activesupport-2.2.2/lib/active_support/dependencies.rb:221:in `depend_on'
/usr/lib/ruby/gems/1.8/gems/activesupport-2.2.2/lib/active_support/dependencies.rb:133:in `require_dependency'
/usr/lib/ruby/gems/1.8/gems/activerecord-2.2.2/lib/active_record/fixtures.rb:856:in `try_to_load_dependency'
/usr/lib/ruby/gems/1.8/gems/activerecord-2.2.2/lib/active_record/fixtures.rb:871:in `require_fixture_classes'
/usr/lib/ruby/gems/1.8/gems/activerecord-2.2.2/lib/active_record/fixtures.rb:868:in `each'
/usr/lib/ruby/gems/1.8/gems/activerecord-2.2.2/lib/active_record/fixtures.rb:868:in `require_fixture_classes'
/usr/lib/ruby/gems/1.8/gems/activerecord-2.2.2/lib/active_record/fixtures.rb:851:in `fixtures'
./test/unit/../test_helper.rb:31
./test/unit/nested_assignment_test.rb:1:in `require'
./test/unit/nested_assignment_test.rb:1
/usr/lib/ruby/gems/1.8/gems/rake-0.8.3/lib/rake/rake_test_loader.rb:5:in `load'
/usr/lib/ruby/gems/1.8/gems/rake-0.8.3/lib/rake/rake_test_loader.rb:5
/usr/lib/ruby/gems/1.8/gems/rake-0.8.3/lib/rake/rake_test_loader.rb:5:in `each'
/usr/lib/ruby/gems/1.8/gems/rake-0.8.3/lib/rake/rake_test_loader.rb:5
Unable to load address, underlying cause no such file to load -- address.rb 

 /usr/lib/ruby/gems/1.8/gems/activesupport-2.2.2/lib/active_support/dependencies.rb:382:in `load_without_new_constant_marking'
/usr/lib/ruby/gems/1.8/gems/activesupport-2.2.2/lib/active_support/dependencies.rb:382:in `load_file'
/usr/lib/ruby/gems/1.8/gems/activesupport-2.2.2/lib/active_support/dependencies.rb:521:in `new_constants_in'
/usr/lib/ruby/gems/1.8/gems/activesupport-2.2.2/lib/active_support/dependencies.rb:381:in `load_file'
/usr/lib/ruby/gems/1.8/gems/activesupport-2.2.2/lib/active_support/dependencies.rb:256:in `require_or_load'
/usr/lib/ruby/gems/1.8/gems/activesupport-2.2.2/lib/active_support/dependencies.rb:221:in `depend_on'
/usr/lib/ruby/gems/1.8/gems/activesupport-2.2.2/lib/active_support/dependencies.rb:133:in `require_dependency'
/usr/lib/ruby/gems/1.8/gems/activerecord-2.2.2/lib/active_record/fixtures.rb:856:in `try_to_load_dependency'
/usr/lib/ruby/gems/1.8/gems/activerecord-2.2.2/lib/active_record/fixtures.rb:871:in `require_fixture_classes'
/usr/lib/ruby/gems/1.8/gems/activerecord-2.2.2/lib/active_record/fixtures.rb:868:in `each'
/usr/lib/ruby/gems/1.8/gems/activerecord-2.2.2/lib/active_record/fixtures.rb:868:in `require_fixture_classes'
/usr/lib/ruby/gems/1.8/gems/activerecord-2.2.2/lib/active_record/fixtures.rb:851:in `fixtures'
./test/unit/../test_helper.rb:31
./test/unit/nested_assignment_test.rb:1:in `require'
./test/unit/nested_assignment_test.rb:1
/usr/lib/ruby/gems/1.8/gems/rake-0.8.3/lib/rake/rake_test_loader.rb:5:in `load'
/usr/lib/ruby/gems/1.8/gems/rake-0.8.3/lib/rake/rake_test_loader.rb:5
/usr/lib/ruby/gems/1.8/gems/rake-0.8.3/lib/rake/rake_test_loader.rb:5:in `each'
/usr/lib/ruby/gems/1.8/gems/rake-0.8.3/lib/rake/rake_test_loader.rb:5
Unable to load user, underlying cause no such file to load -- user.rb 

 /usr/lib/ruby/gems/1.8/gems/activesupport-2.2.2/lib/active_support/dependencies.rb:382:in `load_without_new_constant_marking'
/usr/lib/ruby/gems/1.8/gems/activesupport-2.2.2/lib/active_support/dependencies.rb:382:in `load_file'
/usr/lib/ruby/gems/1.8/gems/activesupport-2.2.2/lib/active_support/dependencies.rb:521:in `new_constants_in'
/usr/lib/ruby/gems/1.8/gems/activesupport-2.2.2/lib/active_support/dependencies.rb:381:in `load_file'
/usr/lib/ruby/gems/1.8/gems/activesupport-2.2.2/lib/active_support/dependencies.rb:256:in `require_or_load'
/usr/lib/ruby/gems/1.8/gems/activesupport-2.2.2/lib/active_support/dependencies.rb:221:in `depend_on'
/usr/lib/ruby/gems/1.8/gems/activesupport-2.2.2/lib/active_support/dependencies.rb:133:in `require_dependency'
/usr/lib/ruby/gems/1.8/gems/activerecord-2.2.2/lib/active_record/fixtures.rb:856:in `try_to_load_dependency'
/usr/lib/ruby/gems/1.8/gems/activerecord-2.2.2/lib/active_record/fixtures.rb:871:in `require_fixture_classes'
/usr/lib/ruby/gems/1.8/gems/activerecord-2.2.2/lib/active_record/fixtures.rb:868:in `each'
/usr/lib/ruby/gems/1.8/gems/activerecord-2.2.2/lib/active_record/fixtures.rb:868:in `require_fixture_classes'
/usr/lib/ruby/gems/1.8/gems/activerecord-2.2.2/lib/active_record/fixtures.rb:851:in `fixtures'
./test/unit/../test_helper.rb:31
./test/unit/nested_assignment_test.rb:1:in `require'
./test/unit/nested_assignment_test.rb:1
/usr/lib/ruby/gems/1.8/gems/rake-0.8.3/lib/rake/rake_test_loader.rb:5:in `load'
/usr/lib/ruby/gems/1.8/gems/rake-0.8.3/lib/rake/rake_test_loader.rb:5
/usr/lib/ruby/gems/1.8/gems/rake-0.8.3/lib/rake/rake_test_loader.rb:5:in `each'
/usr/lib/ruby/gems/1.8/gems/rake-0.8.3/lib/rake/rake_test_loader.rb:5
Unable to load role, underlying cause no such file to load -- role.rb 

 /usr/lib/ruby/gems/1.8/gems/activesupport-2.2.2/lib/active_support/dependencies.rb:382:in `load_without_new_constant_marking'
/usr/lib/ruby/gems/1.8/gems/activesupport-2.2.2/lib/active_support/dependencies.rb:382:in `load_file'
/usr/lib/ruby/gems/1.8/gems/activesupport-2.2.2/lib/active_support/dependencies.rb:521:in `new_constants_in'
/usr/lib/ruby/gems/1.8/gems/activesupport-2.2.2/lib/active_support/dependencies.rb:381:in `load_file'
/usr/lib/ruby/gems/1.8/gems/activesupport-2.2.2/lib/active_support/dependencies.rb:256:in `require_or_load'
/usr/lib/ruby/gems/1.8/gems/activesupport-2.2.2/lib/active_support/dependencies.rb:221:in `depend_on'
/usr/lib/ruby/gems/1.8/gems/activesupport-2.2.2/lib/active_support/dependencies.rb:133:in `require_dependency'
/usr/lib/ruby/gems/1.8/gems/activerecord-2.2.2/lib/active_record/fixtures.rb:856:in `try_to_load_dependency'
/usr/lib/ruby/gems/1.8/gems/activerecord-2.2.2/lib/active_record/fixtures.rb:871:in `require_fixture_classes'
/usr/lib/ruby/gems/1.8/gems/activerecord-2.2.2/lib/active_record/fixtures.rb:868:in `each'
/usr/lib/ruby/gems/1.8/gems/activerecord-2.2.2/lib/active_record/fixtures.rb:868:in `require_fixture_classes'
/usr/lib/ruby/gems/1.8/gems/activerecord-2.2.2/lib/active_record/fixtures.rb:851:in `fixtures'
./test/unit/../test_helper.rb:31
./test/unit/nested_assignment_test.rb:1:in `require'
./test/unit/nested_assignment_test.rb:1
/usr/lib/ruby/gems/1.8/gems/rake-0.8.3/lib/rake/rake_test_loader.rb:5:in `load'
/usr/lib/ruby/gems/1.8/gems/rake-0.8.3/lib/rake/rake_test_loader.rb:5
/usr/lib/ruby/gems/1.8/gems/rake-0.8.3/lib/rake/rake_test_loader.rb:5:in `each'
/usr/lib/ruby/gems/1.8/gems/rake-0.8.3/lib/rake/rake_test_loader.rb:5
  [4;35;1mPluginTestModels::User Load (0.1ms)[0m   [0mSELECT * FROM "users" LIMIT 1[0m
  [4;36;1mPluginTestModels::User Load (0.1ms)[0m   [0;1mSELECT * FROM "users" LIMIT 1[0m
  [4;35;1mPluginTestModels::Role Load (0.2ms)[0m   [0mSELECT * FROM "roles" INNER JOIN "roles_users" ON "roles".id = "roles_users".role_id WHERE ("roles_users".user_id = 1 ) [0m
  [4;36;1mPluginTestModels::User Load (0.1ms)[0m   [0;1mSELECT * FROM "users" LIMIT 1[0m
  [4;35;1mPluginTestModels::Role Load (0.2ms)[0m   [0mSELECT * FROM "roles" INNER JOIN "roles_users" ON "roles".id = "roles_users".role_id WHERE ("roles_users".user_id = 1 ) [0m
  [4;36;1mPluginTestModels::User Load (0.1ms)[0m   [0;1mSELECT * FROM "users" LIMIT 1[0m
  [4;35;1mPluginTestModels::Address Load (0.2ms)[0m   [0mSELECT * FROM "addresses" WHERE ("addresses".addressable_id = 1 AND "addresses".addressable_type = 'PluginTestModels::User') LIMIT 1[0m
  [4;36;1mSQL (0.4ms)[0m   [0;1mselect sqlite_version(*)[0m
  [4;35;1mSQL (0.2ms)[0m   [0m SELECT name
 FROM sqlite_master
 WHERE type = 'table' AND NOT name = 'sqlite_sequence'
[0m
  [4;36;1mSQL (0.4ms)[0m   [0;1mCREATE TABLE "addresses" ("id" INTEGER PRIMARY KEY AUTOINCREMENT NOT NULL, "name" varchar(255), "addressable_id" integer, "addressable_type" varchar(255)) [0m
  [4;35;1mSQL (0.2ms)[0m   [0m SELECT name
 FROM sqlite_master
 WHERE type = 'table' AND NOT name = 'sqlite_sequence'
[0m
  [4;36;1mSQL (0.2ms)[0m   [0;1mCREATE TABLE "users" ("id" INTEGER PRIMARY KEY AUTOINCREMENT NOT NULL, "name" varchar(255)) [0m
  [4;35;1mSQL (0.2ms)[0m   [0m SELECT name
 FROM sqlite_master
 WHERE type = 'table' AND NOT name = 'sqlite_sequence'
[0m
  [4;36;1mSQL (0.2ms)[0m   [0;1mCREATE TABLE "roles_users" ("user_id" integer, "role_id" integer) [0m
  [4;35;1mSQL (0.3ms)[0m   [0m SELECT name
 FROM sqlite_master
 WHERE type = 'table' AND NOT name = 'sqlite_sequence'
[0m
  [4;36;1mSQL (0.2ms)[0m   [0;1mCREATE TABLE "services" ("id" INTEGER PRIMARY KEY AUTOINCREMENT NOT NULL, "name" varchar(255)) [0m
  [4;35;1mSQL (0.4ms)[0m   [0m SELECT name
 FROM sqlite_master
 WHERE type = 'table' AND NOT name = 'sqlite_sequence'
[0m
  [4;36;1mSQL (0.2ms)[0m   [0;1mCREATE TABLE "subscriptions" ("id" INTEGER PRIMARY KEY AUTOINCREMENT NOT NULL, "name" varchar(255), "service_id" integer, "user_id" integer) [0m
  [4;35;1mSQL (0.4ms)[0m   [0m SELECT name
 FROM sqlite_master
 WHERE type = 'table' AND NOT name = 'sqlite_sequence'
[0m
  [4;36;1mSQL (0.2ms)[0m   [0;1mCREATE TABLE "roles" ("id" INTEGER PRIMARY KEY AUTOINCREMENT NOT NULL, "name" varchar(255)) [0m
  [4;35;1mSQL (0.5ms)[0m   [0m SELECT name
 FROM sqlite_master
 WHERE type = 'table' AND NOT name = 'sqlite_sequence'
[0m
  [4;36;1mSQL (0.2ms)[0m   [0;1mCREATE TABLE "schema_migrations" ("version" varchar(255) NOT NULL) [0m
  [4;35;1mSQL (0.2ms)[0m   [0mCREATE UNIQUE INDEX "unique_schema_migrations" ON "schema_migrations" ("version")[0m
  [4;36;1mSQL (0.5ms)[0m   [0;1m SELECT name
 FROM sqlite_master
 WHERE type = 'table' AND NOT name = 'sqlite_sequence'
[0m
  [4;35;1mSQL (0.1ms)[0m   [0mSELECT version FROM "schema_migrations"[0m
  [4;36;1mSQL (0.1ms)[0m   [0;1mINSERT INTO "schema_migrations" (version) VALUES ('1')[0m
Unable to load roles_user, underlying cause no such file to load -- roles_user.rb 

 /usr/lib/ruby/gems/1.8/gems/activesupport-2.2.2/lib/active_support/dependencies.rb:382:in `load_without_new_constant_marking'
/usr/lib/ruby/gems/1.8/gems/activesupport-2.2.2/lib/active_support/dependencies.rb:382:in `load_file'
/usr/lib/ruby/gems/1.8/gems/activesupport-2.2.2/lib/active_support/dependencies.rb:521:in `new_constants_in'
/usr/lib/ruby/gems/1.8/gems/activesupport-2.2.2/lib/active_support/dependencies.rb:381:in `load_file'
/usr/lib/ruby/gems/1.8/gems/activesupport-2.2.2/lib/active_support/dependencies.rb:256:in `require_or_load'
/usr/lib/ruby/gems/1.8/gems/activesupport-2.2.2/lib/active_support/dependencies.rb:221:in `depend_on'
/usr/lib/ruby/gems/1.8/gems/activesupport-2.2.2/lib/active_support/dependencies.rb:133:in `require_dependency'
/usr/lib/ruby/gems/1.8/gems/activerecord-2.2.2/lib/active_record/fixtures.rb:856:in `try_to_load_dependency'
/usr/lib/ruby/gems/1.8/gems/activerecord-2.2.2/lib/active_record/fixtures.rb:871:in `require_fixture_classes'
/usr/lib/ruby/gems/1.8/gems/activerecord-2.2.2/lib/active_record/fixtures.rb:868:in `each'
/usr/lib/ruby/gems/1.8/gems/activerecord-2.2.2/lib/active_record/fixtures.rb:868:in `require_fixture_classes'
/usr/lib/ruby/gems/1.8/gems/activerecord-2.2.2/lib/active_record/fixtures.rb:851:in `fixtures'
./test/unit/../test_helper.rb:31
./test/unit/nested_assignment_test.rb:1:in `require'
./test/unit/nested_assignment_test.rb:1
/usr/lib/ruby/gems/1.8/gems/rake-0.8.3/lib/rake/rake_test_loader.rb:5:in `load'
/usr/lib/ruby/gems/1.8/gems/rake-0.8.3/lib/rake/rake_test_loader.rb:5
/usr/lib/ruby/gems/1.8/gems/rake-0.8.3/lib/rake/rake_test_loader.rb:5:in `each'
/usr/lib/ruby/gems/1.8/gems/rake-0.8.3/lib/rake/rake_test_loader.rb:5
Unable to load service, underlying cause no such file to load -- service.rb 

 /usr/lib/ruby/gems/1.8/gems/activesupport-2.2.2/lib/active_support/dependencies.rb:382:in `load_without_new_constant_marking'
/usr/lib/ruby/gems/1.8/gems/activesupport-2.2.2/lib/active_support/dependencies.rb:382:in `load_file'
/usr/lib/ruby/gems/1.8/gems/activesupport-2.2.2/lib/active_support/dependencies.rb:521:in `new_constants_in'
/usr/lib/ruby/gems/1.8/gems/activesupport-2.2.2/lib/active_support/dependencies.rb:381:in `load_file'
/usr/lib/ruby/gems/1.8/gems/activesupport-2.2.2/lib/active_support/dependencies.rb:256:in `require_or_load'
/usr/lib/ruby/gems/1.8/gems/activesupport-2.2.2/lib/active_support/dependencies.rb:221:in `depend_on'
/usr/lib/ruby/gems/1.8/gems/activesupport-2.2.2/lib/active_support/dependencies.rb:133:in `require_dependency'
/usr/lib/ruby/gems/1.8/gems/activerecord-2.2.2/lib/active_record/fixtures.rb:856:in `try_to_load_dependency'
/usr/lib/ruby/gems/1.8/gems/activerecord-2.2.2/lib/active_record/fixtures.rb:871:in `require_fixture_classes'
/usr/lib/ruby/gems/1.8/gems/activerecord-2.2.2/lib/active_record/fixtures.rb:868:in `each'
/usr/lib/ruby/gems/1.8/gems/activerecord-2.2.2/lib/active_record/fixtures.rb:868:in `require_fixture_classes'
/usr/lib/ruby/gems/1.8/gems/activerecord-2.2.2/lib/active_record/fixtures.rb:851:in `fixtures'
./test/unit/../test_helper.rb:31
./test/unit/nested_assignment_test.rb:1:in `require'
./test/unit/nested_assignment_test.rb:1
/usr/lib/ruby/gems/1.8/gems/rake-0.8.3/lib/rake/rake_test_loader.rb:5:in `load'
/usr/lib/ruby/gems/1.8/gems/rake-0.8.3/lib/rake/rake_test_loader.rb:5
/usr/lib/ruby/gems/1.8/gems/rake-0.8.3/lib/rake/rake_test_loader.rb:5:in `each'
/usr/lib/ruby/gems/1.8/gems/rake-0.8.3/lib/rake/rake_test_loader.rb:5
Unable to load subscription, underlying cause no such file to load -- subscription.rb 

 /usr/lib/ruby/gems/1.8/gems/activesupport-2.2.2/lib/active_support/dependencies.rb:382:in `load_without_new_constant_marking'
/usr/lib/ruby/gems/1.8/gems/activesupport-2.2.2/lib/active_support/dependencies.rb:382:in `load_file'
/usr/lib/ruby/gems/1.8/gems/activesupport-2.2.2/lib/active_support/dependencies.rb:521:in `new_constants_in'
/usr/lib/ruby/gems/1.8/gems/activesupport-2.2.2/lib/active_support/dependencies.rb:381:in `load_file'
/usr/lib/ruby/gems/1.8/gems/activesupport-2.2.2/lib/active_support/dependencies.rb:256:in `require_or_load'
/usr/lib/ruby/gems/1.8/gems/activesupport-2.2.2/lib/active_support/dependencies.rb:221:in `depend_on'
/usr/lib/ruby/gems/1.8/gems/activesupport-2.2.2/lib/active_support/dependencies.rb:133:in `require_dependency'
/usr/lib/ruby/gems/1.8/gems/activerecord-2.2.2/lib/active_record/fixtures.rb:856:in `try_to_load_dependency'
/usr/lib/ruby/gems/1.8/gems/activerecord-2.2.2/lib/active_record/fixtures.rb:871:in `require_fixture_classes'
/usr/lib/ruby/gems/1.8/gems/activerecord-2.2.2/lib/active_record/fixtures.rb:868:in `each'
/usr/lib/ruby/gems/1.8/gems/activerecord-2.2.2/lib/active_record/fixtures.rb:868:in `require_fixture_classes'
/usr/lib/ruby/gems/1.8/gems/activerecord-2.2.2/lib/active_record/fixtures.rb:851:in `fixtures'
./test/unit/../test_helper.rb:31
./test/unit/nested_assignment_test.rb:1:in `require'
./test/unit/nested_assignment_test.rb:1
/usr/lib/ruby/gems/1.8/gems/rake-0.8.3/lib/rake/rake_test_loader.rb:5:in `load'
/usr/lib/ruby/gems/1.8/gems/rake-0.8.3/lib/rake/rake_test_loader.rb:5
/usr/lib/ruby/gems/1.8/gems/rake-0.8.3/lib/rake/rake_test_loader.rb:5:in `each'
/usr/lib/ruby/gems/1.8/gems/rake-0.8.3/lib/rake/rake_test_loader.rb:5
Unable to load address, underlying cause no such file to load -- address.rb 

 /usr/lib/ruby/gems/1.8/gems/activesupport-2.2.2/lib/active_support/dependencies.rb:382:in `load_without_new_constant_marking'
/usr/lib/ruby/gems/1.8/gems/activesupport-2.2.2/lib/active_support/dependencies.rb:382:in `load_file'
/usr/lib/ruby/gems/1.8/gems/activesupport-2.2.2/lib/active_support/dependencies.rb:521:in `new_constants_in'
/usr/lib/ruby/gems/1.8/gems/activesupport-2.2.2/lib/active_support/dependencies.rb:381:in `load_file'
/usr/lib/ruby/gems/1.8/gems/activesupport-2.2.2/lib/active_support/dependencies.rb:256:in `require_or_load'
/usr/lib/ruby/gems/1.8/gems/activesupport-2.2.2/lib/active_support/dependencies.rb:221:in `depend_on'
/usr/lib/ruby/gems/1.8/gems/activesupport-2.2.2/lib/active_support/dependencies.rb:133:in `require_dependency'
/usr/lib/ruby/gems/1.8/gems/activerecord-2.2.2/lib/active_record/fixtures.rb:856:in `try_to_load_dependency'
/usr/lib/ruby/gems/1.8/gems/activerecord-2.2.2/lib/active_record/fixtures.rb:871:in `require_fixture_classes'
/usr/lib/ruby/gems/1.8/gems/activerecord-2.2.2/lib/active_record/fixtures.rb:868:in `each'
/usr/lib/ruby/gems/1.8/gems/activerecord-2.2.2/lib/active_record/fixtures.rb:868:in `require_fixture_classes'
/usr/lib/ruby/gems/1.8/gems/activerecord-2.2.2/lib/active_record/fixtures.rb:851:in `fixtures'
./test/unit/../test_helper.rb:31
./test/unit/nested_assignment_test.rb:1:in `require'
./test/unit/nested_assignment_test.rb:1
/usr/lib/ruby/gems/1.8/gems/rake-0.8.3/lib/rake/rake_test_loader.rb:5:in `load'
/usr/lib/ruby/gems/1.8/gems/rake-0.8.3/lib/rake/rake_test_loader.rb:5
/usr/lib/ruby/gems/1.8/gems/rake-0.8.3/lib/rake/rake_test_loader.rb:5:in `each'
/usr/lib/ruby/gems/1.8/gems/rake-0.8.3/lib/rake/rake_test_loader.rb:5
Unable to load user, underlying cause no such file to load -- user.rb 

 /usr/lib/ruby/gems/1.8/gems/activesupport-2.2.2/lib/active_support/dependencies.rb:382:in `load_without_new_constant_marking'
/usr/lib/ruby/gems/1.8/gems/activesupport-2.2.2/lib/active_support/dependencies.rb:382:in `load_file'
/usr/lib/ruby/gems/1.8/gems/activesupport-2.2.2/lib/active_support/dependencies.rb:521:in `new_constants_in'
/usr/lib/ruby/gems/1.8/gems/activesupport-2.2.2/lib/active_support/dependencies.rb:381:in `load_file'
/usr/lib/ruby/gems/1.8/gems/activesupport-2.2.2/lib/active_support/dependencies.rb:256:in `require_or_load'
/usr/lib/ruby/gems/1.8/gems/activesupport-2.2.2/lib/active_support/dependencies.rb:221:in `depend_on'
/usr/lib/ruby/gems/1.8/gems/activesupport-2.2.2/lib/active_support/dependencies.rb:133:in `require_dependency'
/usr/lib/ruby/gems/1.8/gems/activerecord-2.2.2/lib/active_record/fixtures.rb:856:in `try_to_load_dependency'
/usr/lib/ruby/gems/1.8/gems/activerecord-2.2.2/lib/active_record/fixtures.rb:871:in `require_fixture_classes'
/usr/lib/ruby/gems/1.8/gems/activerecord-2.2.2/lib/active_record/fixtures.rb:868:in `each'
/usr/lib/ruby/gems/1.8/gems/activerecord-2.2.2/lib/active_record/fixtures.rb:868:in `require_fixture_classes'
/usr/lib/ruby/gems/1.8/gems/activerecord-2.2.2/lib/active_record/fixtures.rb:851:in `fixtures'
./test/unit/../test_helper.rb:31
./test/unit/nested_assignment_test.rb:1:in `require'
./test/unit/nested_assignment_test.rb:1
/usr/lib/ruby/gems/1.8/gems/rake-0.8.3/lib/rake/rake_test_loader.rb:5:in `load'
/usr/lib/ruby/gems/1.8/gems/rake-0.8.3/lib/rake/rake_test_loader.rb:5
/usr/lib/ruby/gems/1.8/gems/rake-0.8.3/lib/rake/rake_test_loader.rb:5:in `each'
/usr/lib/ruby/gems/1.8/gems/rake-0.8.3/lib/rake/rake_test_loader.rb:5
Unable to load role, underlying cause no such file to load -- role.rb 

 /usr/lib/ruby/gems/1.8/gems/activesupport-2.2.2/lib/active_support/dependencies.rb:382:in `load_without_new_constant_marking'
/usr/lib/ruby/gems/1.8/gems/activesupport-2.2.2/lib/active_support/dependencies.rb:382:in `load_file'
/usr/lib/ruby/gems/1.8/gems/activesupport-2.2.2/lib/active_support/dependencies.rb:521:in `new_constants_in'
/usr/lib/ruby/gems/1.8/gems/activesupport-2.2.2/lib/active_support/dependencies.rb:381:in `load_file'
/usr/lib/ruby/gems/1.8/gems/activesupport-2.2.2/lib/active_support/dependencies.rb:256:in `require_or_load'
/usr/lib/ruby/gems/1.8/gems/activesupport-2.2.2/lib/active_support/dependencies.rb:221:in `depend_on'
/usr/lib/ruby/gems/1.8/gems/activesupport-2.2.2/lib/active_support/dependencies.rb:133:in `require_dependency'
/usr/lib/ruby/gems/1.8/gems/activerecord-2.2.2/lib/active_record/fixtures.rb:856:in `try_to_load_dependency'
/usr/lib/ruby/gems/1.8/gems/activerecord-2.2.2/lib/active_record/fixtures.rb:871:in `require_fixture_classes'
/usr/lib/ruby/gems/1.8/gems/activerecord-2.2.2/lib/active_record/fixtures.rb:868:in `each'
/usr/lib/ruby/gems/1.8/gems/activerecord-2.2.2/lib/active_record/fixtures.rb:868:in `require_fixture_classes'
/usr/lib/ruby/gems/1.8/gems/activerecord-2.2.2/lib/active_record/fixtures.rb:851:in `fixtures'
./test/unit/../test_helper.rb:31
./test/unit/nested_assignment_test.rb:1:in `require'
./test/unit/nested_assignment_test.rb:1
/usr/lib/ruby/gems/1.8/gems/rake-0.8.3/lib/rake/rake_test_loader.rb:5:in `load'
/usr/lib/ruby/gems/1.8/gems/rake-0.8.3/lib/rake/rake_test_loader.rb:5
/usr/lib/ruby/gems/1.8/gems/rake-0.8.3/lib/rake/rake_test_loader.rb:5:in `each'
/usr/lib/ruby/gems/1.8/gems/rake-0.8.3/lib/rake/rake_test_loader.rb:5
  [4;35;1mPluginTestModels::User Load (0.2ms)[0m   [0mSELECT * FROM "users" LIMIT 1[0m
  [4;36;1mPluginTestModels::User Load (0.2ms)[0m   [0;1mSELECT * FROM "users" LIMIT 1[0m
  [4;35;1mPluginTestModels::Role Load (0.3ms)[0m   [0mSELECT * FROM "roles" INNER JOIN "roles_users" ON "roles".id = "roles_users".role_id WHERE ("roles_users".user_id = 1 ) [0m
  [4;36;1mPluginTestModels::User Load (0.2ms)[0m   [0;1mSELECT * FROM "users" LIMIT 1[0m
  [4;35;1mPluginTestModels::Role Load (0.3ms)[0m   [0mSELECT * FROM "roles" INNER JOIN "roles_users" ON "roles".id = "roles_users".role_id WHERE ("roles_users".user_id = 1 ) [0m
  [4;36;1mPluginTestModels::User Load (0.2ms)[0m   [0;1mSELECT * FROM "users" LIMIT 1[0m
  [4;35;1mPluginTestModels::Address Load (0.3ms)[0m   [0mSELECT * FROM "addresses" WHERE ("addresses".addressable_id = 1 AND "addresses".addressable_type = 'PluginTestModels::User') LIMIT 1[0m
  [4;36;1mSQL (0.2ms)[0m   [0;1mselect sqlite_version(*)[0m
  [4;35;1mSQL (0.2ms)[0m   [0m SELECT name
 FROM sqlite_master
 WHERE type = 'table' AND NOT name = 'sqlite_sequence'
[0m
  [4;36;1mSQL (0.2ms)[0m   [0;1mCREATE TABLE "addresses" ("id" INTEGER PRIMARY KEY AUTOINCREMENT NOT NULL, "name" varchar(255), "addressable_id" integer, "addressable_type" varchar(255)) [0m
  [4;35;1mSQL (0.1ms)[0m   [0m SELECT name
 FROM sqlite_master
 WHERE type = 'table' AND NOT name = 'sqlite_sequence'
[0m
  [4;36;1mSQL (0.1ms)[0m   [0;1mCREATE TABLE "users" ("id" INTEGER PRIMARY KEY AUTOINCREMENT NOT NULL, "name" varchar(255)) [0m
  [4;35;1mSQL (0.2ms)[0m   [0m SELECT name
 FROM sqlite_master
 WHERE type = 'table' AND NOT name = 'sqlite_sequence'
[0m
  [4;36;1mSQL (0.1ms)[0m   [0;1mCREATE TABLE "roles_users" ("user_id" integer, "role_id" integer) [0m
  [4;35;1mSQL (0.2ms)[0m   [0m SELECT name
 FROM sqlite_master
 WHERE type = 'table' AND NOT name = 'sqlite_sequence'
[0m
  [4;36;1mSQL (0.1ms)[0m   [0;1mCREATE TABLE "services" ("id" INTEGER PRIMARY KEY AUTOINCREMENT NOT NULL, "name" varchar(255)) [0m
  [4;35;1mSQL (0.2ms)[0m   [0m SELECT name
 FROM sqlite_master
 WHERE type = 'table' AND NOT name = 'sqlite_sequence'
[0m
  [4;36;1mSQL (0.1ms)[0m   [0;1mCREATE TABLE "subscriptions" ("id" INTEGER PRIMARY KEY AUTOINCREMENT NOT NULL, "name" varchar(255), "service_id" integer, "user_id" integer) [0m
  [4;35;1mSQL (0.3ms)[0m   [0m SELECT name
 FROM sqlite_master
 WHERE type = 'table' AND NOT name = 'sqlite_sequence'
[0m
  [4;36;1mSQL (0.1ms)[0m   [0;1mCREATE TABLE "roles" ("id" INTEGER PRIMARY KEY AUTOINCREMENT NOT NULL, "name" varchar(255)) [0m
  [4;35;1mSQL (0.3ms)[0m   [0m SELECT name
 FROM sqlite_master
 WHERE type = 'table' AND NOT name = 'sqlite_sequence'
[0m
  [4;36;1mSQL (0.1ms)[0m   [0;1mCREATE TABLE "schema_migrations" ("version" varchar(255) NOT NULL) [0m
  [4;35;1mSQL (0.1ms)[0m   [0mCREATE UNIQUE INDEX "unique_schema_migrations" ON "schema_migrations" ("version")[0m
  [4;36;1mSQL (0.4ms)[0m   [0;1m SELECT name
 FROM sqlite_master
 WHERE type = 'table' AND NOT name = 'sqlite_sequence'
[0m
  [4;35;1mSQL (0.1ms)[0m   [0mSELECT version FROM "schema_migrations"[0m
  [4;36;1mSQL (0.1ms)[0m   [0;1mINSERT INTO "schema_migrations" (version) VALUES ('1')[0m
Unable to load roles_user, underlying cause no such file to load -- roles_user.rb 

 /usr/lib/ruby/gems/1.8/gems/activesupport-2.2.2/lib/active_support/dependencies.rb:382:in `load_without_new_constant_marking'
/usr/lib/ruby/gems/1.8/gems/activesupport-2.2.2/lib/active_support/dependencies.rb:382:in `load_file'
/usr/lib/ruby/gems/1.8/gems/activesupport-2.2.2/lib/active_support/dependencies.rb:521:in `new_constants_in'
/usr/lib/ruby/gems/1.8/gems/activesupport-2.2.2/lib/active_support/dependencies.rb:381:in `load_file'
/usr/lib/ruby/gems/1.8/gems/activesupport-2.2.2/lib/active_support/dependencies.rb:256:in `require_or_load'
/usr/lib/ruby/gems/1.8/gems/activesupport-2.2.2/lib/active_support/dependencies.rb:221:in `depend_on'
/usr/lib/ruby/gems/1.8/gems/activesupport-2.2.2/lib/active_support/dependencies.rb:133:in `require_dependency'
/usr/lib/ruby/gems/1.8/gems/activerecord-2.2.2/lib/active_record/fixtures.rb:856:in `try_to_load_dependency'
/usr/lib/ruby/gems/1.8/gems/activerecord-2.2.2/lib/active_record/fixtures.rb:871:in `require_fixture_classes'
/usr/lib/ruby/gems/1.8/gems/activerecord-2.2.2/lib/active_record/fixtures.rb:868:in `each'
/usr/lib/ruby/gems/1.8/gems/activerecord-2.2.2/lib/active_record/fixtures.rb:868:in `require_fixture_classes'
/usr/lib/ruby/gems/1.8/gems/activerecord-2.2.2/lib/active_record/fixtures.rb:851:in `fixtures'
./test/unit/../test_helper.rb:31
./test/unit/nested_assignment_test.rb:1:in `require'
./test/unit/nested_assignment_test.rb:1
/usr/lib/ruby/gems/1.8/gems/rake-0.8.3/lib/rake/rake_test_loader.rb:5:in `load'
/usr/lib/ruby/gems/1.8/gems/rake-0.8.3/lib/rake/rake_test_loader.rb:5
/usr/lib/ruby/gems/1.8/gems/rake-0.8.3/lib/rake/rake_test_loader.rb:5:in `each'
/usr/lib/ruby/gems/1.8/gems/rake-0.8.3/lib/rake/rake_test_loader.rb:5
Unable to load service, underlying cause no such file to load -- service.rb 

 /usr/lib/ruby/gems/1.8/gems/activesupport-2.2.2/lib/active_support/dependencies.rb:382:in `load_without_new_constant_marking'
/usr/lib/ruby/gems/1.8/gems/activesupport-2.2.2/lib/active_support/dependencies.rb:382:in `load_file'
/usr/lib/ruby/gems/1.8/gems/activesupport-2.2.2/lib/active_support/dependencies.rb:521:in `new_constants_in'
/usr/lib/ruby/gems/1.8/gems/activesupport-2.2.2/lib/active_support/dependencies.rb:381:in `load_file'
/usr/lib/ruby/gems/1.8/gems/activesupport-2.2.2/lib/active_support/dependencies.rb:256:in `require_or_load'
/usr/lib/ruby/gems/1.8/gems/activesupport-2.2.2/lib/active_support/dependencies.rb:221:in `depend_on'
/usr/lib/ruby/gems/1.8/gems/activesupport-2.2.2/lib/active_support/dependencies.rb:133:in `require_dependency'
/usr/lib/ruby/gems/1.8/gems/activerecord-2.2.2/lib/active_record/fixtures.rb:856:in `try_to_load_dependency'
/usr/lib/ruby/gems/1.8/gems/activerecord-2.2.2/lib/active_record/fixtures.rb:871:in `require_fixture_classes'
/usr/lib/ruby/gems/1.8/gems/activerecord-2.2.2/lib/active_record/fixtures.rb:868:in `each'
/usr/lib/ruby/gems/1.8/gems/activerecord-2.2.2/lib/active_record/fixtures.rb:868:in `require_fixture_classes'
/usr/lib/ruby/gems/1.8/gems/activerecord-2.2.2/lib/active_record/fixtures.rb:851:in `fixtures'
./test/unit/../test_helper.rb:31
./test/unit/nested_assignment_test.rb:1:in `require'
./test/unit/nested_assignment_test.rb:1
/usr/lib/ruby/gems/1.8/gems/rake-0.8.3/lib/rake/rake_test_loader.rb:5:in `load'
/usr/lib/ruby/gems/1.8/gems/rake-0.8.3/lib/rake/rake_test_loader.rb:5
/usr/lib/ruby/gems/1.8/gems/rake-0.8.3/lib/rake/rake_test_loader.rb:5:in `each'
/usr/lib/ruby/gems/1.8/gems/rake-0.8.3/lib/rake/rake_test_loader.rb:5
Unable to load subscription, underlying cause no such file to load -- subscription.rb 

 /usr/lib/ruby/gems/1.8/gems/activesupport-2.2.2/lib/active_support/dependencies.rb:382:in `load_without_new_constant_marking'
/usr/lib/ruby/gems/1.8/gems/activesupport-2.2.2/lib/active_support/dependencies.rb:382:in `load_file'
/usr/lib/ruby/gems/1.8/gems/activesupport-2.2.2/lib/active_support/dependencies.rb:521:in `new_constants_in'
/usr/lib/ruby/gems/1.8/gems/activesupport-2.2.2/lib/active_support/dependencies.rb:381:in `load_file'
/usr/lib/ruby/gems/1.8/gems/activesupport-2.2.2/lib/active_support/dependencies.rb:256:in `require_or_load'
/usr/lib/ruby/gems/1.8/gems/activesupport-2.2.2/lib/active_support/dependencies.rb:221:in `depend_on'
/usr/lib/ruby/gems/1.8/gems/activesupport-2.2.2/lib/active_support/dependencies.rb:133:in `require_dependency'
/usr/lib/ruby/gems/1.8/gems/activerecord-2.2.2/lib/active_record/fixtures.rb:856:in `try_to_load_dependency'
/usr/lib/ruby/gems/1.8/gems/activerecord-2.2.2/lib/active_record/fixtures.rb:871:in `require_fixture_classes'
/usr/lib/ruby/gems/1.8/gems/activerecord-2.2.2/lib/active_record/fixtures.rb:868:in `each'
/usr/lib/ruby/gems/1.8/gems/activerecord-2.2.2/lib/active_record/fixtures.rb:868:in `require_fixture_classes'
/usr/lib/ruby/gems/1.8/gems/activerecord-2.2.2/lib/active_record/fixtures.rb:851:in `fixtures'
./test/unit/../test_helper.rb:31
./test/unit/nested_assignment_test.rb:1:in `require'
./test/unit/nested_assignment_test.rb:1
/usr/lib/ruby/gems/1.8/gems/rake-0.8.3/lib/rake/rake_test_loader.rb:5:in `load'
/usr/lib/ruby/gems/1.8/gems/rake-0.8.3/lib/rake/rake_test_loader.rb:5
/usr/lib/ruby/gems/1.8/gems/rake-0.8.3/lib/rake/rake_test_loader.rb:5:in `each'
/usr/lib/ruby/gems/1.8/gems/rake-0.8.3/lib/rake/rake_test_loader.rb:5
Unable to load address, underlying cause no such file to load -- address.rb 

 /usr/lib/ruby/gems/1.8/gems/activesupport-2.2.2/lib/active_support/dependencies.rb:382:in `load_without_new_constant_marking'
/usr/lib/ruby/gems/1.8/gems/activesupport-2.2.2/lib/active_support/dependencies.rb:382:in `load_file'
/usr/lib/ruby/gems/1.8/gems/activesupport-2.2.2/lib/active_support/dependencies.rb:521:in `new_constants_in'
/usr/lib/ruby/gems/1.8/gems/activesupport-2.2.2/lib/active_support/dependencies.rb:381:in `load_file'
/usr/lib/ruby/gems/1.8/gems/activesupport-2.2.2/lib/active_support/dependencies.rb:256:in `require_or_load'
/usr/lib/ruby/gems/1.8/gems/activesupport-2.2.2/lib/active_support/dependencies.rb:221:in `depend_on'
/usr/lib/ruby/gems/1.8/gems/activesupport-2.2.2/lib/active_support/dependencies.rb:133:in `require_dependency'
/usr/lib/ruby/gems/1.8/gems/activerecord-2.2.2/lib/active_record/fixtures.rb:856:in `try_to_load_dependency'
/usr/lib/ruby/gems/1.8/gems/activerecord-2.2.2/lib/active_record/fixtures.rb:871:in `require_fixture_classes'
/usr/lib/ruby/gems/1.8/gems/activerecord-2.2.2/lib/active_record/fixtures.rb:868:in `each'
/usr/lib/ruby/gems/1.8/gems/activerecord-2.2.2/lib/active_record/fixtures.rb:868:in `require_fixture_classes'
/usr/lib/ruby/gems/1.8/gems/activerecord-2.2.2/lib/active_record/fixtures.rb:851:in `fixtures'
./test/unit/../test_helper.rb:31
./test/unit/nested_assignment_test.rb:1:in `require'
./test/unit/nested_assignment_test.rb:1
/usr/lib/ruby/gems/1.8/gems/rake-0.8.3/lib/rake/rake_test_loader.rb:5:in `load'
/usr/lib/ruby/gems/1.8/gems/rake-0.8.3/lib/rake/rake_test_loader.rb:5
/usr/lib/ruby/gems/1.8/gems/rake-0.8.3/lib/rake/rake_test_loader.rb:5:in `each'
/usr/lib/ruby/gems/1.8/gems/rake-0.8.3/lib/rake/rake_test_loader.rb:5
Unable to load user, underlying cause no such file to load -- user.rb 

 /usr/lib/ruby/gems/1.8/gems/activesupport-2.2.2/lib/active_support/dependencies.rb:382:in `load_without_new_constant_marking'
/usr/lib/ruby/gems/1.8/gems/activesupport-2.2.2/lib/active_support/dependencies.rb:382:in `load_file'
/usr/lib/ruby/gems/1.8/gems/activesupport-2.2.2/lib/active_support/dependencies.rb:521:in `new_constants_in'
/usr/lib/ruby/gems/1.8/gems/activesupport-2.2.2/lib/active_support/dependencies.rb:381:in `load_file'
/usr/lib/ruby/gems/1.8/gems/activesupport-2.2.2/lib/active_support/dependencies.rb:256:in `require_or_load'
/usr/lib/ruby/gems/1.8/gems/activesupport-2.2.2/lib/active_support/dependencies.rb:221:in `depend_on'
/usr/lib/ruby/gems/1.8/gems/activesupport-2.2.2/lib/active_support/dependencies.rb:133:in `require_dependency'
/usr/lib/ruby/gems/1.8/gems/activerecord-2.2.2/lib/active_record/fixtures.rb:856:in `try_to_load_dependency'
/usr/lib/ruby/gems/1.8/gems/activerecord-2.2.2/lib/active_record/fixtures.rb:871:in `require_fixture_classes'
/usr/lib/ruby/gems/1.8/gems/activerecord-2.2.2/lib/active_record/fixtures.rb:868:in `each'
/usr/lib/ruby/gems/1.8/gems/activerecord-2.2.2/lib/active_record/fixtures.rb:868:in `require_fixture_classes'
/usr/lib/ruby/gems/1.8/gems/activerecord-2.2.2/lib/active_record/fixtures.rb:851:in `fixtures'
./test/unit/../test_helper.rb:31
./test/unit/nested_assignment_test.rb:1:in `require'
./test/unit/nested_assignment_test.rb:1
/usr/lib/ruby/gems/1.8/gems/rake-0.8.3/lib/rake/rake_test_loader.rb:5:in `load'
/usr/lib/ruby/gems/1.8/gems/rake-0.8.3/lib/rake/rake_test_loader.rb:5
/usr/lib/ruby/gems/1.8/gems/rake-0.8.3/lib/rake/rake_test_loader.rb:5:in `each'
/usr/lib/ruby/gems/1.8/gems/rake-0.8.3/lib/rake/rake_test_loader.rb:5
Unable to load role, underlying cause no such file to load -- role.rb 

 /usr/lib/ruby/gems/1.8/gems/activesupport-2.2.2/lib/active_support/dependencies.rb:382:in `load_without_new_constant_marking'
/usr/lib/ruby/gems/1.8/gems/activesupport-2.2.2/lib/active_support/dependencies.rb:382:in `load_file'
/usr/lib/ruby/gems/1.8/gems/activesupport-2.2.2/lib/active_support/dependencies.rb:521:in `new_constants_in'
/usr/lib/ruby/gems/1.8/gems/activesupport-2.2.2/lib/active_support/dependencies.rb:381:in `load_file'
/usr/lib/ruby/gems/1.8/gems/activesupport-2.2.2/lib/active_support/dependencies.rb:256:in `require_or_load'
/usr/lib/ruby/gems/1.8/gems/activesupport-2.2.2/lib/active_support/dependencies.rb:221:in `depend_on'
/usr/lib/ruby/gems/1.8/gems/activesupport-2.2.2/lib/active_support/dependencies.rb:133:in `require_dependency'
/usr/lib/ruby/gems/1.8/gems/activerecord-2.2.2/lib/active_record/fixtures.rb:856:in `try_to_load_dependency'
/usr/lib/ruby/gems/1.8/gems/activerecord-2.2.2/lib/active_record/fixtures.rb:871:in `require_fixture_classes'
/usr/lib/ruby/gems/1.8/gems/activerecord-2.2.2/lib/active_record/fixtures.rb:868:in `each'
/usr/lib/ruby/gems/1.8/gems/activerecord-2.2.2/lib/active_record/fixtures.rb:868:in `require_fixture_classes'
/usr/lib/ruby/gems/1.8/gems/activerecord-2.2.2/lib/active_record/fixtures.rb:851:in `fixtures'
./test/unit/../test_helper.rb:31
./test/unit/nested_assignment_test.rb:1:in `require'
./test/unit/nested_assignment_test.rb:1
/usr/lib/ruby/gems/1.8/gems/rake-0.8.3/lib/rake/rake_test_loader.rb:5:in `load'
/usr/lib/ruby/gems/1.8/gems/rake-0.8.3/lib/rake/rake_test_loader.rb:5
/usr/lib/ruby/gems/1.8/gems/rake-0.8.3/lib/rake/rake_test_loader.rb:5:in `each'
/usr/lib/ruby/gems/1.8/gems/rake-0.8.3/lib/rake/rake_test_loader.rb:5
  [4;35;1mPluginTestModels::User Load (0.2ms)[0m   [0mSELECT * FROM "users" LIMIT 1[0m
  [4;36;1mPluginTestModels::User Load (0.2ms)[0m   [0;1mSELECT * FROM "users" LIMIT 1[0m
  [4;35;1mPluginTestModels::Role Load (0.3ms)[0m   [0mSELECT * FROM "roles" INNER JOIN "roles_users" ON "roles".id = "roles_users".role_id WHERE ("roles_users".user_id = 1 ) [0m
  [4;36;1mPluginTestModels::User Load (0.2ms)[0m   [0;1mSELECT * FROM "users" LIMIT 1[0m
  [4;35;1mPluginTestModels::Role Load (0.3ms)[0m   [0mSELECT * FROM "roles" INNER JOIN "roles_users" ON "roles".id = "roles_users".role_id WHERE ("roles_users".user_id = 1 ) [0m
  [4;36;1mPluginTestModels::User Load (0.2ms)[0m   [0;1mSELECT * FROM "users" LIMIT 1[0m
  [4;35;1mPluginTestModels::Address Load (0.3ms)[0m   [0mSELECT * FROM "addresses" WHERE ("addresses".addressable_id = 1 AND "addresses".addressable_type = 'PluginTestModels::User') LIMIT 1[0m
  [4;36;1mSQL (0.3ms)[0m   [0;1mselect sqlite_version(*)[0m
  [4;35;1mSQL (0.2ms)[0m   [0m SELECT name
 FROM sqlite_master
 WHERE type = 'table' AND NOT name = 'sqlite_sequence'
[0m
  [4;36;1mSQL (0.4ms)[0m   [0;1mCREATE TABLE "addresses" ("id" INTEGER PRIMARY KEY AUTOINCREMENT NOT NULL, "name" varchar(255), "addressable_id" integer, "addressable_type" varchar(255)) [0m
  [4;35;1mSQL (0.2ms)[0m   [0m SELECT name
 FROM sqlite_master
 WHERE type = 'table' AND NOT name = 'sqlite_sequence'
[0m
  [4;36;1mSQL (0.2ms)[0m   [0;1mCREATE TABLE "users" ("id" INTEGER PRIMARY KEY AUTOINCREMENT NOT NULL, "name" varchar(255)) [0m
  [4;35;1mSQL (0.2ms)[0m   [0m SELECT name
 FROM sqlite_master
 WHERE type = 'table' AND NOT name = 'sqlite_sequence'
[0m
  [4;36;1mSQL (0.2ms)[0m   [0;1mCREATE TABLE "roles_users" ("user_id" integer, "role_id" integer) [0m
  [4;35;1mSQL (0.3ms)[0m   [0m SELECT name
 FROM sqlite_master
 WHERE type = 'table' AND NOT name = 'sqlite_sequence'
[0m
  [4;36;1mSQL (0.2ms)[0m   [0;1mCREATE TABLE "services" ("id" INTEGER PRIMARY KEY AUTOINCREMENT NOT NULL, "name" varchar(255)) [0m
  [4;35;1mSQL (0.4ms)[0m   [0m SELECT name
 FROM sqlite_master
 WHERE type = 'table' AND NOT name = 'sqlite_sequence'
[0m
  [4;36;1mSQL (0.2ms)[0m   [0;1mCREATE TABLE "subscriptions" ("id" INTEGER PRIMARY KEY AUTOINCREMENT NOT NULL, "name" varchar(255), "service_id" integer, "user_id" integer) [0m
  [4;35;1mSQL (0.4ms)[0m   [0m SELECT name
 FROM sqlite_master
 WHERE type = 'table' AND NOT name = 'sqlite_sequence'
[0m
  [4;36;1mSQL (0.2ms)[0m   [0;1mCREATE TABLE "roles" ("id" INTEGER PRIMARY KEY AUTOINCREMENT NOT NULL, "name" varchar(255)) [0m
  [4;35;1mSQL (0.5ms)[0m   [0m SELECT name
 FROM sqlite_master
 WHERE type = 'table' AND NOT name = 'sqlite_sequence'
[0m
  [4;36;1mSQL (0.2ms)[0m   [0;1mCREATE TABLE "schema_migrations" ("version" varchar(255) NOT NULL) [0m
  [4;35;1mSQL (0.2ms)[0m   [0mCREATE UNIQUE INDEX "unique_schema_migrations" ON "schema_migrations" ("version")[0m
  [4;36;1mSQL (0.5ms)[0m   [0;1m SELECT name
 FROM sqlite_master
 WHERE type = 'table' AND NOT name = 'sqlite_sequence'
[0m
  [4;35;1mSQL (0.1ms)[0m   [0mSELECT version FROM "schema_migrations"[0m
  [4;36;1mSQL (0.1ms)[0m   [0;1mINSERT INTO "schema_migrations" (version) VALUES ('1')[0m
Unable to load roles_user, underlying cause no such file to load -- roles_user.rb 

 /usr/lib/ruby/gems/1.8/gems/activesupport-2.2.2/lib/active_support/dependencies.rb:382:in `load_without_new_constant_marking'
/usr/lib/ruby/gems/1.8/gems/activesupport-2.2.2/lib/active_support/dependencies.rb:382:in `load_file'
/usr/lib/ruby/gems/1.8/gems/activesupport-2.2.2/lib/active_support/dependencies.rb:521:in `new_constants_in'
/usr/lib/ruby/gems/1.8/gems/activesupport-2.2.2/lib/active_support/dependencies.rb:381:in `load_file'
/usr/lib/ruby/gems/1.8/gems/activesupport-2.2.2/lib/active_support/dependencies.rb:256:in `require_or_load'
/usr/lib/ruby/gems/1.8/gems/activesupport-2.2.2/lib/active_support/dependencies.rb:221:in `depend_on'
/usr/lib/ruby/gems/1.8/gems/activesupport-2.2.2/lib/active_support/dependencies.rb:133:in `require_dependency'
/usr/lib/ruby/gems/1.8/gems/activerecord-2.2.2/lib/active_record/fixtures.rb:856:in `try_to_load_dependency'
/usr/lib/ruby/gems/1.8/gems/activerecord-2.2.2/lib/active_record/fixtures.rb:871:in `require_fixture_classes'
/usr/lib/ruby/gems/1.8/gems/activerecord-2.2.2/lib/active_record/fixtures.rb:868:in `each'
/usr/lib/ruby/gems/1.8/gems/activerecord-2.2.2/lib/active_record/fixtures.rb:868:in `require_fixture_classes'
/usr/lib/ruby/gems/1.8/gems/activerecord-2.2.2/lib/active_record/fixtures.rb:851:in `fixtures'
./test/unit/../test_helper.rb:31
./test/unit/nested_assignment_test.rb:1:in `require'
./test/unit/nested_assignment_test.rb:1
/usr/lib/ruby/gems/1.8/gems/rake-0.8.3/lib/rake/rake_test_loader.rb:5:in `load'
/usr/lib/ruby/gems/1.8/gems/rake-0.8.3/lib/rake/rake_test_loader.rb:5
/usr/lib/ruby/gems/1.8/gems/rake-0.8.3/lib/rake/rake_test_loader.rb:5:in `each'
/usr/lib/ruby/gems/1.8/gems/rake-0.8.3/lib/rake/rake_test_loader.rb:5
Unable to load service, underlying cause no such file to load -- service.rb 

 /usr/lib/ruby/gems/1.8/gems/activesupport-2.2.2/lib/active_support/dependencies.rb:382:in `load_without_new_constant_marking'
/usr/lib/ruby/gems/1.8/gems/activesupport-2.2.2/lib/active_support/dependencies.rb:382:in `load_file'
/usr/lib/ruby/gems/1.8/gems/activesupport-2.2.2/lib/active_support/dependencies.rb:521:in `new_constants_in'
/usr/lib/ruby/gems/1.8/gems/activesupport-2.2.2/lib/active_support/dependencies.rb:381:in `load_file'
/usr/lib/ruby/gems/1.8/gems/activesupport-2.2.2/lib/active_support/dependencies.rb:256:in `require_or_load'
/usr/lib/ruby/gems/1.8/gems/activesupport-2.2.2/lib/active_support/dependencies.rb:221:in `depend_on'
/usr/lib/ruby/gems/1.8/gems/activesupport-2.2.2/lib/active_support/dependencies.rb:133:in `require_dependency'
/usr/lib/ruby/gems/1.8/gems/activerecord-2.2.2/lib/active_record/fixtures.rb:856:in `try_to_load_dependency'
/usr/lib/ruby/gems/1.8/gems/activerecord-2.2.2/lib/active_record/fixtures.rb:871:in `require_fixture_classes'
/usr/lib/ruby/gems/1.8/gems/activerecord-2.2.2/lib/active_record/fixtures.rb:868:in `each'
/usr/lib/ruby/gems/1.8/gems/activerecord-2.2.2/lib/active_record/fixtures.rb:868:in `require_fixture_classes'
/usr/lib/ruby/gems/1.8/gems/activerecord-2.2.2/lib/active_record/fixtures.rb:851:in `fixtures'
./test/unit/../test_helper.rb:31
./test/unit/nested_assignment_test.rb:1:in `require'
./test/unit/nested_assignment_test.rb:1
/usr/lib/ruby/gems/1.8/gems/rake-0.8.3/lib/rake/rake_test_loader.rb:5:in `load'
/usr/lib/ruby/gems/1.8/gems/rake-0.8.3/lib/rake/rake_test_loader.rb:5
/usr/lib/ruby/gems/1.8/gems/rake-0.8.3/lib/rake/rake_test_loader.rb:5:in `each'
/usr/lib/ruby/gems/1.8/gems/rake-0.8.3/lib/rake/rake_test_loader.rb:5
Unable to load subscription, underlying cause no such file to load -- subscription.rb 

 /usr/lib/ruby/gems/1.8/gems/activesupport-2.2.2/lib/active_support/dependencies.rb:382:in `load_without_new_constant_marking'
/usr/lib/ruby/gems/1.8/gems/activesupport-2.2.2/lib/active_support/dependencies.rb:382:in `load_file'
/usr/lib/ruby/gems/1.8/gems/activesupport-2.2.2/lib/active_support/dependencies.rb:521:in `new_constants_in'
/usr/lib/ruby/gems/1.8/gems/activesupport-2.2.2/lib/active_support/dependencies.rb:381:in `load_file'
/usr/lib/ruby/gems/1.8/gems/activesupport-2.2.2/lib/active_support/dependencies.rb:256:in `require_or_load'
/usr/lib/ruby/gems/1.8/gems/activesupport-2.2.2/lib/active_support/dependencies.rb:221:in `depend_on'
/usr/lib/ruby/gems/1.8/gems/activesupport-2.2.2/lib/active_support/dependencies.rb:133:in `require_dependency'
/usr/lib/ruby/gems/1.8/gems/activerecord-2.2.2/lib/active_record/fixtures.rb:856:in `try_to_load_dependency'
/usr/lib/ruby/gems/1.8/gems/activerecord-2.2.2/lib/active_record/fixtures.rb:871:in `require_fixture_classes'
/usr/lib/ruby/gems/1.8/gems/activerecord-2.2.2/lib/active_record/fixtures.rb:868:in `each'
/usr/lib/ruby/gems/1.8/gems/activerecord-2.2.2/lib/active_record/fixtures.rb:868:in `require_fixture_classes'
/usr/lib/ruby/gems/1.8/gems/activerecord-2.2.2/lib/active_record/fixtures.rb:851:in `fixtures'
./test/unit/../test_helper.rb:31
./test/unit/nested_assignment_test.rb:1:in `require'
./test/unit/nested_assignment_test.rb:1
/usr/lib/ruby/gems/1.8/gems/rake-0.8.3/lib/rake/rake_test_loader.rb:5:in `load'
/usr/lib/ruby/gems/1.8/gems/rake-0.8.3/lib/rake/rake_test_loader.rb:5
/usr/lib/ruby/gems/1.8/gems/rake-0.8.3/lib/rake/rake_test_loader.rb:5:in `each'
/usr/lib/ruby/gems/1.8/gems/rake-0.8.3/lib/rake/rake_test_loader.rb:5
Unable to load address, underlying cause no such file to load -- address.rb 

 /usr/lib/ruby/gems/1.8/gems/activesupport-2.2.2/lib/active_support/dependencies.rb:382:in `load_without_new_constant_marking'
/usr/lib/ruby/gems/1.8/gems/activesupport-2.2.2/lib/active_support/dependencies.rb:382:in `load_file'
/usr/lib/ruby/gems/1.8/gems/activesupport-2.2.2/lib/active_support/dependencies.rb:521:in `new_constants_in'
/usr/lib/ruby/gems/1.8/gems/activesupport-2.2.2/lib/active_support/dependencies.rb:381:in `load_file'
/usr/lib/ruby/gems/1.8/gems/activesupport-2.2.2/lib/active_support/dependencies.rb:256:in `require_or_load'
/usr/lib/ruby/gems/1.8/gems/activesupport-2.2.2/lib/active_support/dependencies.rb:221:in `depend_on'
/usr/lib/ruby/gems/1.8/gems/activesupport-2.2.2/lib/active_support/dependencies.rb:133:in `require_dependency'
/usr/lib/ruby/gems/1.8/gems/activerecord-2.2.2/lib/active_record/fixtures.rb:856:in `try_to_load_dependency'
/usr/lib/ruby/gems/1.8/gems/activerecord-2.2.2/lib/active_record/fixtures.rb:871:in `require_fixture_classes'
/usr/lib/ruby/gems/1.8/gems/activerecord-2.2.2/lib/active_record/fixtures.rb:868:in `each'
/usr/lib/ruby/gems/1.8/gems/activerecord-2.2.2/lib/active_record/fixtures.rb:868:in `require_fixture_classes'
/usr/lib/ruby/gems/1.8/gems/activerecord-2.2.2/lib/active_record/fixtures.rb:851:in `fixtures'
./test/unit/../test_helper.rb:31
./test/unit/nested_assignment_test.rb:1:in `require'
./test/unit/nested_assignment_test.rb:1
/usr/lib/ruby/gems/1.8/gems/rake-0.8.3/lib/rake/rake_test_loader.rb:5:in `load'
/usr/lib/ruby/gems/1.8/gems/rake-0.8.3/lib/rake/rake_test_loader.rb:5
/usr/lib/ruby/gems/1.8/gems/rake-0.8.3/lib/rake/rake_test_loader.rb:5:in `each'
/usr/lib/ruby/gems/1.8/gems/rake-0.8.3/lib/rake/rake_test_loader.rb:5
Unable to load user, underlying cause no such file to load -- user.rb 

 /usr/lib/ruby/gems/1.8/gems/activesupport-2.2.2/lib/active_support/dependencies.rb:382:in `load_without_new_constant_marking'
/usr/lib/ruby/gems/1.8/gems/activesupport-2.2.2/lib/active_support/dependencies.rb:382:in `load_file'
/usr/lib/ruby/gems/1.8/gems/activesupport-2.2.2/lib/active_support/dependencies.rb:521:in `new_constants_in'
/usr/lib/ruby/gems/1.8/gems/activesupport-2.2.2/lib/active_support/dependencies.rb:381:in `load_file'
/usr/lib/ruby/gems/1.8/gems/activesupport-2.2.2/lib/active_support/dependencies.rb:256:in `require_or_load'
/usr/lib/ruby/gems/1.8/gems/activesupport-2.2.2/lib/active_support/dependencies.rb:221:in `depend_on'
/usr/lib/ruby/gems/1.8/gems/activesupport-2.2.2/lib/active_support/dependencies.rb:133:in `require_dependency'
/usr/lib/ruby/gems/1.8/gems/activerecord-2.2.2/lib/active_record/fixtures.rb:856:in `try_to_load_dependency'
/usr/lib/ruby/gems/1.8/gems/activerecord-2.2.2/lib/active_record/fixtures.rb:871:in `require_fixture_classes'
/usr/lib/ruby/gems/1.8/gems/activerecord-2.2.2/lib/active_record/fixtures.rb:868:in `each'
/usr/lib/ruby/gems/1.8/gems/activerecord-2.2.2/lib/active_record/fixtures.rb:868:in `require_fixture_classes'
/usr/lib/ruby/gems/1.8/gems/activerecord-2.2.2/lib/active_record/fixtures.rb:851:in `fixtures'
./test/unit/../test_helper.rb:31
./test/unit/nested_assignment_test.rb:1:in `require'
./test/unit/nested_assignment_test.rb:1
/usr/lib/ruby/gems/1.8/gems/rake-0.8.3/lib/rake/rake_test_loader.rb:5:in `load'
/usr/lib/ruby/gems/1.8/gems/rake-0.8.3/lib/rake/rake_test_loader.rb:5
/usr/lib/ruby/gems/1.8/gems/rake-0.8.3/lib/rake/rake_test_loader.rb:5:in `each'
/usr/lib/ruby/gems/1.8/gems/rake-0.8.3/lib/rake/rake_test_loader.rb:5
Unable to load role, underlying cause no such file to load -- role.rb 

 /usr/lib/ruby/gems/1.8/gems/activesupport-2.2.2/lib/active_support/dependencies.rb:382:in `load_without_new_constant_marking'
/usr/lib/ruby/gems/1.8/gems/activesupport-2.2.2/lib/active_support/dependencies.rb:382:in `load_file'
/usr/lib/ruby/gems/1.8/gems/activesupport-2.2.2/lib/active_support/dependencies.rb:521:in `new_constants_in'
/usr/lib/ruby/gems/1.8/gems/activesupport-2.2.2/lib/active_support/dependencies.rb:381:in `load_file'
/usr/lib/ruby/gems/1.8/gems/activesupport-2.2.2/lib/active_support/dependencies.rb:256:in `require_or_load'
/usr/lib/ruby/gems/1.8/gems/activesupport-2.2.2/lib/active_support/dependencies.rb:221:in `depend_on'
/usr/lib/ruby/gems/1.8/gems/activesupport-2.2.2/lib/active_support/dependencies.rb:133:in `require_dependency'
/usr/lib/ruby/gems/1.8/gems/activerecord-2.2.2/lib/active_record/fixtures.rb:856:in `try_to_load_dependency'
/usr/lib/ruby/gems/1.8/gems/activerecord-2.2.2/lib/active_record/fixtures.rb:871:in `require_fixture_classes'
/usr/lib/ruby/gems/1.8/gems/activerecord-2.2.2/lib/active_record/fixtures.rb:868:in `each'
/usr/lib/ruby/gems/1.8/gems/activerecord-2.2.2/lib/active_record/fixtures.rb:868:in `require_fixture_classes'
/usr/lib/ruby/gems/1.8/gems/activerecord-2.2.2/lib/active_record/fixtures.rb:851:in `fixtures'
./test/unit/../test_helper.rb:31
./test/unit/nested_assignment_test.rb:1:in `require'
./test/unit/nested_assignment_test.rb:1
/usr/lib/ruby/gems/1.8/gems/rake-0.8.3/lib/rake/rake_test_loader.rb:5:in `load'
/usr/lib/ruby/gems/1.8/gems/rake-0.8.3/lib/rake/rake_test_loader.rb:5
/usr/lib/ruby/gems/1.8/gems/rake-0.8.3/lib/rake/rake_test_loader.rb:5:in `each'
/usr/lib/ruby/gems/1.8/gems/rake-0.8.3/lib/rake/rake_test_loader.rb:5
  [4;35;1mPluginTestModels::User Load (0.1ms)[0m   [0mSELECT * FROM "users" LIMIT 1[0m
  [4;36;1mPluginTestModels::User Load (0.1ms)[0m   [0;1mSELECT * FROM "users" LIMIT 1[0m
  [4;35;1mPluginTestModels::Role Load (0.2ms)[0m   [0mSELECT * FROM "roles" INNER JOIN "roles_users" ON "roles".id = "roles_users".role_id WHERE ("roles_users".user_id = 1 ) [0m
  [4;36;1mPluginTestModels::User Load (0.1ms)[0m   [0;1mSELECT * FROM "users" LIMIT 1[0m
  [4;35;1mPluginTestModels::Role Load (0.2ms)[0m   [0mSELECT * FROM "roles" INNER JOIN "roles_users" ON "roles".id = "roles_users".role_id WHERE ("roles_users".user_id = 1 ) [0m
  [4;36;1mPluginTestModels::User Load (0.1ms)[0m   [0;1mSELECT * FROM "users" LIMIT 1[0m
  [4;35;1mPluginTestModels::Address Load (0.2ms)[0m   [0mSELECT * FROM "addresses" WHERE ("addresses".addressable_id = 1 AND "addresses".addressable_type = 'PluginTestModels::User') LIMIT 1[0m
  [4;36;1mSQL (0.3ms)[0m   [0;1mselect sqlite_version(*)[0m
  [4;35;1mSQL (0.2ms)[0m   [0m SELECT name
 FROM sqlite_master
 WHERE type = 'table' AND NOT name = 'sqlite_sequence'
[0m
  [4;36;1mSQL (0.4ms)[0m   [0;1mCREATE TABLE "addresses" ("id" INTEGER PRIMARY KEY AUTOINCREMENT NOT NULL, "name" varchar(255), "addressable_id" integer, "addressable_type" varchar(255)) [0m
  [4;35;1mSQL (0.2ms)[0m   [0m SELECT name
 FROM sqlite_master
 WHERE type = 'table' AND NOT name = 'sqlite_sequence'
[0m
  [4;36;1mSQL (0.2ms)[0m   [0;1mCREATE TABLE "users" ("id" INTEGER PRIMARY KEY AUTOINCREMENT NOT NULL, "name" varchar(255)) [0m
  [4;35;1mSQL (0.2ms)[0m   [0m SELECT name
 FROM sqlite_master
 WHERE type = 'table' AND NOT name = 'sqlite_sequence'
[0m
  [4;36;1mSQL (0.2ms)[0m   [0;1mCREATE TABLE "roles_users" ("user_id" integer, "role_id" integer) [0m
  [4;35;1mSQL (0.3ms)[0m   [0m SELECT name
 FROM sqlite_master
 WHERE type = 'table' AND NOT name = 'sqlite_sequence'
[0m
  [4;36;1mSQL (0.2ms)[0m   [0;1mCREATE TABLE "services" ("id" INTEGER PRIMARY KEY AUTOINCREMENT NOT NULL, "name" varchar(255)) [0m
  [4;35;1mSQL (0.4ms)[0m   [0m SELECT name
 FROM sqlite_master
 WHERE type = 'table' AND NOT name = 'sqlite_sequence'
[0m
  [4;36;1mSQL (0.2ms)[0m   [0;1mCREATE TABLE "subscriptions" ("id" INTEGER PRIMARY KEY AUTOINCREMENT NOT NULL, "name" varchar(255), "service_id" integer, "user_id" integer) [0m
  [4;35;1mSQL (0.4ms)[0m   [0m SELECT name
 FROM sqlite_master
 WHERE type = 'table' AND NOT name = 'sqlite_sequence'
[0m
  [4;36;1mSQL (0.2ms)[0m   [0;1mCREATE TABLE "roles" ("id" INTEGER PRIMARY KEY AUTOINCREMENT NOT NULL, "name" varchar(255)) [0m
  [4;35;1mSQL (0.5ms)[0m   [0m SELECT name
 FROM sqlite_master
 WHERE type = 'table' AND NOT name = 'sqlite_sequence'
[0m
  [4;36;1mSQL (0.2ms)[0m   [0;1mCREATE TABLE "schema_migrations" ("version" varchar(255) NOT NULL) [0m
  [4;35;1mSQL (0.2ms)[0m   [0mCREATE UNIQUE INDEX "unique_schema_migrations" ON "schema_migrations" ("version")[0m
  [4;36;1mSQL (0.5ms)[0m   [0;1m SELECT name
 FROM sqlite_master
 WHERE type = 'table' AND NOT name = 'sqlite_sequence'
[0m
  [4;35;1mSQL (0.1ms)[0m   [0mSELECT version FROM "schema_migrations"[0m
  [4;36;1mSQL (0.1ms)[0m   [0;1mINSERT INTO "schema_migrations" (version) VALUES ('1')[0m
  [4;36;1mSQL (0.3ms)[0m   [0;1mselect sqlite_version(*)[0m
  [4;35;1mSQL (0.2ms)[0m   [0m SELECT name
 FROM sqlite_master
 WHERE type = 'table' AND NOT name = 'sqlite_sequence'
[0m
  [4;36;1mSQL (0.4ms)[0m   [0;1mCREATE TABLE "addresses" ("id" INTEGER PRIMARY KEY AUTOINCREMENT NOT NULL, "name" varchar(255), "addressable_id" integer, "addressable_type" varchar(255)) [0m
  [4;35;1mSQL (0.2ms)[0m   [0m SELECT name
 FROM sqlite_master
 WHERE type = 'table' AND NOT name = 'sqlite_sequence'
[0m
  [4;36;1mSQL (0.2ms)[0m   [0;1mCREATE TABLE "users" ("id" INTEGER PRIMARY KEY AUTOINCREMENT NOT NULL, "name" varchar(255)) [0m
  [4;35;1mSQL (0.2ms)[0m   [0m SELECT name
 FROM sqlite_master
 WHERE type = 'table' AND NOT name = 'sqlite_sequence'
[0m
  [4;36;1mSQL (0.2ms)[0m   [0;1mCREATE TABLE "roles_users" ("user_id" integer, "role_id" integer) [0m
  [4;35;1mSQL (0.3ms)[0m   [0m SELECT name
 FROM sqlite_master
 WHERE type = 'table' AND NOT name = 'sqlite_sequence'
[0m
  [4;36;1mSQL (0.2ms)[0m   [0;1mCREATE TABLE "services" ("id" INTEGER PRIMARY KEY AUTOINCREMENT NOT NULL, "name" varchar(255)) [0m
  [4;35;1mSQL (0.3ms)[0m   [0m SELECT name
 FROM sqlite_master
 WHERE type = 'table' AND NOT name = 'sqlite_sequence'
[0m
  [4;36;1mSQL (0.2ms)[0m   [0;1mCREATE TABLE "subscriptions" ("id" INTEGER PRIMARY KEY AUTOINCREMENT NOT NULL, "name" varchar(255), "service_id" integer, "user_id" integer) [0m
  [4;35;1mSQL (0.4ms)[0m   [0m SELECT name
 FROM sqlite_master
 WHERE type = 'table' AND NOT name = 'sqlite_sequence'
[0m
  [4;36;1mSQL (0.2ms)[0m   [0;1mCREATE TABLE "roles" ("id" INTEGER PRIMARY KEY AUTOINCREMENT NOT NULL, "name" varchar(255)) [0m
  [4;35;1mSQL (0.5ms)[0m   [0m SELECT name
 FROM sqlite_master
 WHERE type = 'table' AND NOT name = 'sqlite_sequence'
[0m
  [4;36;1mSQL (0.2ms)[0m   [0;1mCREATE TABLE "schema_migrations" ("version" varchar(255) NOT NULL) [0m
  [4;35;1mSQL (0.2ms)[0m   [0mCREATE UNIQUE INDEX "unique_schema_migrations" ON "schema_migrations" ("version")[0m
  [4;36;1mSQL (0.5ms)[0m   [0;1m SELECT name
 FROM sqlite_master
 WHERE type = 'table' AND NOT name = 'sqlite_sequence'
[0m
  [4;35;1mSQL (0.1ms)[0m   [0mSELECT version FROM "schema_migrations"[0m
  [4;36;1mSQL (0.1ms)[0m   [0;1mINSERT INTO "schema_migrations" (version) VALUES ('1')[0m
Unable to load roles_user, underlying cause no such file to load -- roles_user.rb 

 /usr/lib/ruby/gems/1.8/gems/activesupport-2.2.2/lib/active_support/dependencies.rb:382:in `load_without_new_constant_marking'
/usr/lib/ruby/gems/1.8/gems/activesupport-2.2.2/lib/active_support/dependencies.rb:382:in `load_file'
/usr/lib/ruby/gems/1.8/gems/activesupport-2.2.2/lib/active_support/dependencies.rb:521:in `new_constants_in'
/usr/lib/ruby/gems/1.8/gems/activesupport-2.2.2/lib/active_support/dependencies.rb:381:in `load_file'
/usr/lib/ruby/gems/1.8/gems/activesupport-2.2.2/lib/active_support/dependencies.rb:256:in `require_or_load'
/usr/lib/ruby/gems/1.8/gems/activesupport-2.2.2/lib/active_support/dependencies.rb:221:in `depend_on'
/usr/lib/ruby/gems/1.8/gems/activesupport-2.2.2/lib/active_support/dependencies.rb:133:in `require_dependency'
/usr/lib/ruby/gems/1.8/gems/activerecord-2.2.2/lib/active_record/fixtures.rb:856:in `try_to_load_dependency'
/usr/lib/ruby/gems/1.8/gems/activerecord-2.2.2/lib/active_record/fixtures.rb:871:in `require_fixture_classes'
/usr/lib/ruby/gems/1.8/gems/activerecord-2.2.2/lib/active_record/fixtures.rb:868:in `each'
/usr/lib/ruby/gems/1.8/gems/activerecord-2.2.2/lib/active_record/fixtures.rb:868:in `require_fixture_classes'
/usr/lib/ruby/gems/1.8/gems/activerecord-2.2.2/lib/active_record/fixtures.rb:851:in `fixtures'
./test/unit/../test_helper.rb:35
./test/unit/nested_assignment_test.rb:1:in `require'
./test/unit/nested_assignment_test.rb:1
/usr/lib/ruby/gems/1.8/gems/rake-0.8.3/lib/rake/rake_test_loader.rb:5:in `load'
/usr/lib/ruby/gems/1.8/gems/rake-0.8.3/lib/rake/rake_test_loader.rb:5
/usr/lib/ruby/gems/1.8/gems/rake-0.8.3/lib/rake/rake_test_loader.rb:5:in `each'
/usr/lib/ruby/gems/1.8/gems/rake-0.8.3/lib/rake/rake_test_loader.rb:5
Unable to load service, underlying cause no such file to load -- service.rb 

 /usr/lib/ruby/gems/1.8/gems/activesupport-2.2.2/lib/active_support/dependencies.rb:382:in `load_without_new_constant_marking'
/usr/lib/ruby/gems/1.8/gems/activesupport-2.2.2/lib/active_support/dependencies.rb:382:in `load_file'
/usr/lib/ruby/gems/1.8/gems/activesupport-2.2.2/lib/active_support/dependencies.rb:521:in `new_constants_in'
/usr/lib/ruby/gems/1.8/gems/activesupport-2.2.2/lib/active_support/dependencies.rb:381:in `load_file'
/usr/lib/ruby/gems/1.8/gems/activesupport-2.2.2/lib/active_support/dependencies.rb:256:in `require_or_load'
/usr/lib/ruby/gems/1.8/gems/activesupport-2.2.2/lib/active_support/dependencies.rb:221:in `depend_on'
/usr/lib/ruby/gems/1.8/gems/activesupport-2.2.2/lib/active_support/dependencies.rb:133:in `require_dependency'
/usr/lib/ruby/gems/1.8/gems/activerecord-2.2.2/lib/active_record/fixtures.rb:856:in `try_to_load_dependency'
/usr/lib/ruby/gems/1.8/gems/activerecord-2.2.2/lib/active_record/fixtures.rb:871:in `require_fixture_classes'
/usr/lib/ruby/gems/1.8/gems/activerecord-2.2.2/lib/active_record/fixtures.rb:868:in `each'
/usr/lib/ruby/gems/1.8/gems/activerecord-2.2.2/lib/active_record/fixtures.rb:868:in `require_fixture_classes'
/usr/lib/ruby/gems/1.8/gems/activerecord-2.2.2/lib/active_record/fixtures.rb:851:in `fixtures'
./test/unit/../test_helper.rb:35
./test/unit/nested_assignment_test.rb:1:in `require'
./test/unit/nested_assignment_test.rb:1
/usr/lib/ruby/gems/1.8/gems/rake-0.8.3/lib/rake/rake_test_loader.rb:5:in `load'
/usr/lib/ruby/gems/1.8/gems/rake-0.8.3/lib/rake/rake_test_loader.rb:5
/usr/lib/ruby/gems/1.8/gems/rake-0.8.3/lib/rake/rake_test_loader.rb:5:in `each'
/usr/lib/ruby/gems/1.8/gems/rake-0.8.3/lib/rake/rake_test_loader.rb:5
Unable to load subscription, underlying cause no such file to load -- subscription.rb 

 /usr/lib/ruby/gems/1.8/gems/activesupport-2.2.2/lib/active_support/dependencies.rb:382:in `load_without_new_constant_marking'
/usr/lib/ruby/gems/1.8/gems/activesupport-2.2.2/lib/active_support/dependencies.rb:382:in `load_file'
/usr/lib/ruby/gems/1.8/gems/activesupport-2.2.2/lib/active_support/dependencies.rb:521:in `new_constants_in'
/usr/lib/ruby/gems/1.8/gems/activesupport-2.2.2/lib/active_support/dependencies.rb:381:in `load_file'
/usr/lib/ruby/gems/1.8/gems/activesupport-2.2.2/lib/active_support/dependencies.rb:256:in `require_or_load'
/usr/lib/ruby/gems/1.8/gems/activesupport-2.2.2/lib/active_support/dependencies.rb:221:in `depend_on'
/usr/lib/ruby/gems/1.8/gems/activesupport-2.2.2/lib/active_support/dependencies.rb:133:in `require_dependency'
/usr/lib/ruby/gems/1.8/gems/activerecord-2.2.2/lib/active_record/fixtures.rb:856:in `try_to_load_dependency'
/usr/lib/ruby/gems/1.8/gems/activerecord-2.2.2/lib/active_record/fixtures.rb:871:in `require_fixture_classes'
/usr/lib/ruby/gems/1.8/gems/activerecord-2.2.2/lib/active_record/fixtures.rb:868:in `each'
/usr/lib/ruby/gems/1.8/gems/activerecord-2.2.2/lib/active_record/fixtures.rb:868:in `require_fixture_classes'
/usr/lib/ruby/gems/1.8/gems/activerecord-2.2.2/lib/active_record/fixtures.rb:851:in `fixtures'
./test/unit/../test_helper.rb:35
./test/unit/nested_assignment_test.rb:1:in `require'
./test/unit/nested_assignment_test.rb:1
/usr/lib/ruby/gems/1.8/gems/rake-0.8.3/lib/rake/rake_test_loader.rb:5:in `load'
/usr/lib/ruby/gems/1.8/gems/rake-0.8.3/lib/rake/rake_test_loader.rb:5
/usr/lib/ruby/gems/1.8/gems/rake-0.8.3/lib/rake/rake_test_loader.rb:5:in `each'
/usr/lib/ruby/gems/1.8/gems/rake-0.8.3/lib/rake/rake_test_loader.rb:5
Unable to load address, underlying cause no such file to load -- address.rb 

 /usr/lib/ruby/gems/1.8/gems/activesupport-2.2.2/lib/active_support/dependencies.rb:382:in `load_without_new_constant_marking'
/usr/lib/ruby/gems/1.8/gems/activesupport-2.2.2/lib/active_support/dependencies.rb:382:in `load_file'
/usr/lib/ruby/gems/1.8/gems/activesupport-2.2.2/lib/active_support/dependencies.rb:521:in `new_constants_in'
/usr/lib/ruby/gems/1.8/gems/activesupport-2.2.2/lib/active_support/dependencies.rb:381:in `load_file'
/usr/lib/ruby/gems/1.8/gems/activesupport-2.2.2/lib/active_support/dependencies.rb:256:in `require_or_load'
/usr/lib/ruby/gems/1.8/gems/activesupport-2.2.2/lib/active_support/dependencies.rb:221:in `depend_on'
/usr/lib/ruby/gems/1.8/gems/activesupport-2.2.2/lib/active_support/dependencies.rb:133:in `require_dependency'
/usr/lib/ruby/gems/1.8/gems/activerecord-2.2.2/lib/active_record/fixtures.rb:856:in `try_to_load_dependency'
/usr/lib/ruby/gems/1.8/gems/activerecord-2.2.2/lib/active_record/fixtures.rb:871:in `require_fixture_classes'
/usr/lib/ruby/gems/1.8/gems/activerecord-2.2.2/lib/active_record/fixtures.rb:868:in `each'
/usr/lib/ruby/gems/1.8/gems/activerecord-2.2.2/lib/active_record/fixtures.rb:868:in `require_fixture_classes'
/usr/lib/ruby/gems/1.8/gems/activerecord-2.2.2/lib/active_record/fixtures.rb:851:in `fixtures'
./test/unit/../test_helper.rb:35
./test/unit/nested_assignment_test.rb:1:in `require'
./test/unit/nested_assignment_test.rb:1
/usr/lib/ruby/gems/1.8/gems/rake-0.8.3/lib/rake/rake_test_loader.rb:5:in `load'
/usr/lib/ruby/gems/1.8/gems/rake-0.8.3/lib/rake/rake_test_loader.rb:5
/usr/lib/ruby/gems/1.8/gems/rake-0.8.3/lib/rake/rake_test_loader.rb:5:in `each'
/usr/lib/ruby/gems/1.8/gems/rake-0.8.3/lib/rake/rake_test_loader.rb:5
Unable to load user, underlying cause no such file to load -- user.rb 

 /usr/lib/ruby/gems/1.8/gems/activesupport-2.2.2/lib/active_support/dependencies.rb:382:in `load_without_new_constant_marking'
/usr/lib/ruby/gems/1.8/gems/activesupport-2.2.2/lib/active_support/dependencies.rb:382:in `load_file'
/usr/lib/ruby/gems/1.8/gems/activesupport-2.2.2/lib/active_support/dependencies.rb:521:in `new_constants_in'
/usr/lib/ruby/gems/1.8/gems/activesupport-2.2.2/lib/active_support/dependencies.rb:381:in `load_file'
/usr/lib/ruby/gems/1.8/gems/activesupport-2.2.2/lib/active_support/dependencies.rb:256:in `require_or_load'
/usr/lib/ruby/gems/1.8/gems/activesupport-2.2.2/lib/active_support/dependencies.rb:221:in `depend_on'
/usr/lib/ruby/gems/1.8/gems/activesupport-2.2.2/lib/active_support/dependencies.rb:133:in `require_dependency'
/usr/lib/ruby/gems/1.8/gems/activerecord-2.2.2/lib/active_record/fixtures.rb:856:in `try_to_load_dependency'
/usr/lib/ruby/gems/1.8/gems/activerecord-2.2.2/lib/active_record/fixtures.rb:871:in `require_fixture_classes'
/usr/lib/ruby/gems/1.8/gems/activerecord-2.2.2/lib/active_record/fixtures.rb:868:in `each'
/usr/lib/ruby/gems/1.8/gems/activerecord-2.2.2/lib/active_record/fixtures.rb:868:in `require_fixture_classes'
/usr/lib/ruby/gems/1.8/gems/activerecord-2.2.2/lib/active_record/fixtures.rb:851:in `fixtures'
./test/unit/../test_helper.rb:35
./test/unit/nested_assignment_test.rb:1:in `require'
./test/unit/nested_assignment_test.rb:1
/usr/lib/ruby/gems/1.8/gems/rake-0.8.3/lib/rake/rake_test_loader.rb:5:in `load'
/usr/lib/ruby/gems/1.8/gems/rake-0.8.3/lib/rake/rake_test_loader.rb:5
/usr/lib/ruby/gems/1.8/gems/rake-0.8.3/lib/rake/rake_test_loader.rb:5:in `each'
/usr/lib/ruby/gems/1.8/gems/rake-0.8.3/lib/rake/rake_test_loader.rb:5
Unable to load role, underlying cause no such file to load -- role.rb 

 /usr/lib/ruby/gems/1.8/gems/activesupport-2.2.2/lib/active_support/dependencies.rb:382:in `load_without_new_constant_marking'
/usr/lib/ruby/gems/1.8/gems/activesupport-2.2.2/lib/active_support/dependencies.rb:382:in `load_file'
/usr/lib/ruby/gems/1.8/gems/activesupport-2.2.2/lib/active_support/dependencies.rb:521:in `new_constants_in'
/usr/lib/ruby/gems/1.8/gems/activesupport-2.2.2/lib/active_support/dependencies.rb:381:in `load_file'
/usr/lib/ruby/gems/1.8/gems/activesupport-2.2.2/lib/active_support/dependencies.rb:256:in `require_or_load'
/usr/lib/ruby/gems/1.8/gems/activesupport-2.2.2/lib/active_support/dependencies.rb:221:in `depend_on'
/usr/lib/ruby/gems/1.8/gems/activesupport-2.2.2/lib/active_support/dependencies.rb:133:in `require_dependency'
/usr/lib/ruby/gems/1.8/gems/activerecord-2.2.2/lib/active_record/fixtures.rb:856:in `try_to_load_dependency'
/usr/lib/ruby/gems/1.8/gems/activerecord-2.2.2/lib/active_record/fixtures.rb:871:in `require_fixture_classes'
/usr/lib/ruby/gems/1.8/gems/activerecord-2.2.2/lib/active_record/fixtures.rb:868:in `each'
/usr/lib/ruby/gems/1.8/gems/activerecord-2.2.2/lib/active_record/fixtures.rb:868:in `require_fixture_classes'
/usr/lib/ruby/gems/1.8/gems/activerecord-2.2.2/lib/active_record/fixtures.rb:851:in `fixtures'
./test/unit/../test_helper.rb:35
./test/unit/nested_assignment_test.rb:1:in `require'
./test/unit/nested_assignment_test.rb:1
/usr/lib/ruby/gems/1.8/gems/rake-0.8.3/lib/rake/rake_test_loader.rb:5:in `load'
/usr/lib/ruby/gems/1.8/gems/rake-0.8.3/lib/rake/rake_test_loader.rb:5
/usr/lib/ruby/gems/1.8/gems/rake-0.8.3/lib/rake/rake_test_loader.rb:5:in `each'
/usr/lib/ruby/gems/1.8/gems/rake-0.8.3/lib/rake/rake_test_loader.rb:5
  [4;35;1mPluginTestModels::User Load (0.1ms)[0m   [0mSELECT * FROM "users" WHERE ("users"."id" = 1) [0m
  [4;36;1mPluginTestModels::Subscription Load (0.2ms)[0m   [0;1mSELECT * FROM "subscriptions" WHERE ("subscriptions"."id" = 1) [0m
  [4;35;1mPluginTestModels::User Load (0.1ms)[0m   [0mSELECT * FROM "users" WHERE ("users"."id" = 1) [0m
  [4;36;1mPluginTestModels::Subscription Load (0.2ms)[0m   [0;1mSELECT * FROM "subscriptions" WHERE ("subscriptions"."id" = 1) [0m
  [4;35;1mPluginTestModels::User Load (0.1ms)[0m   [0mSELECT * FROM "users" WHERE ("users"."id" = 1) [0m
  [4;36;1mPluginTestModels::Subscription Load (0.2ms)[0m   [0;1mSELECT * FROM "subscriptions" WHERE ("subscriptions"."id" = 1) [0m
  [4;35;1mPluginTestModels::Subscription Load (0.2ms)[0m   [0mSELECT * FROM "subscriptions" WHERE ("subscriptions".user_id = 1) LIMIT 1[0m
  [4;36;1mPluginTestModels::Subscription Update (0.1ms)[0m   [0;1mUPDATE "subscriptions" SET "user_id" = NULL WHERE "id" = 1[0m
WARNING: Can't mass-assign these protected attributes: id
  [4;35;1mPluginTestModels::User Load (0.1ms)[0m   [0mSELECT * FROM "users" LIMIT 1[0m
  [4;36;1mPluginTestModels::User Load (0.1ms)[0m   [0;1mSELECT * FROM "users" LIMIT 1[0m
  [4;35;1mPluginTestModels::Role Load (0.2ms)[0m   [0mSELECT * FROM "roles" INNER JOIN "roles_users" ON "roles".id = "roles_users".role_id WHERE ("roles_users".user_id = 1 ) [0m
  [4;36;1mPluginTestModels::User Load (0.1ms)[0m   [0;1mSELECT * FROM "users" LIMIT 1[0m
  [4;35;1mPluginTestModels::Role Load (0.2ms)[0m   [0mSELECT * FROM "roles" INNER JOIN "roles_users" ON "roles".id = "roles_users".role_id WHERE ("roles_users".user_id = 1 ) [0m
  [4;36;1mPluginTestModels::User Load (0.1ms)[0m   [0;1mSELECT * FROM "users" LIMIT 1[0m
  [4;35;1mPluginTestModels::Address Load (0.2ms)[0m   [0mSELECT * FROM "addresses" WHERE ("addresses".addressable_id = 1 AND "addresses".addressable_type = 'PluginTestModels::User') LIMIT 1[0m
  [4;36;1mSQL (0.4ms)[0m   [0;1m SELECT name
 FROM sqlite_master
 WHERE type = 'table' AND NOT name = 'sqlite_sequence'
[0m
  [4;35;1mSQL (0.4ms)[0m   [0m SELECT name
 FROM sqlite_master
 WHERE type = 'table' AND NOT name = 'sqlite_sequence'
[0m
  [4;36;1mSQL (0.4ms)[0m   [0;1m SELECT name
 FROM sqlite_master
 WHERE type = 'table' AND NOT name = 'sqlite_sequence'
[0m
  [4;35;1mSQL (0.4ms)[0m   [0m SELECT name
 FROM sqlite_master
 WHERE type = 'table' AND NOT name = 'sqlite_sequence'
[0m
  [4;36;1mSQL (0.4ms)[0m   [0;1m SELECT name
 FROM sqlite_master
 WHERE type = 'table' AND NOT name = 'sqlite_sequence'
[0m
  [4;35;1mSQL (0.4ms)[0m   [0m SELECT name
 FROM sqlite_master
 WHERE type = 'table' AND NOT name = 'sqlite_sequence'
[0m
  [4;36;1mSQL (0.4ms)[0m   [0;1m SELECT name
 FROM sqlite_master
 WHERE type = 'table' AND NOT name = 'sqlite_sequence'
[0m
  [4;35;1mSQL (0.4ms)[0m   [0m SELECT name
 FROM sqlite_master
 WHERE type = 'table' AND NOT name = 'sqlite_sequence'
[0m
  [4;36;1mSQL (0.4ms)[0m   [0;1m SELECT name
 FROM sqlite_master
 WHERE type = 'table' AND NOT name = 'sqlite_sequence'
[0m
  [4;35;1mSQL (0.4ms)[0m   [0m SELECT name
 FROM sqlite_master
 WHERE type = 'table' AND NOT name = 'sqlite_sequence'
[0m
  [4;36;1mSQL (0.4ms)[0m   [0;1m SELECT name
 FROM sqlite_master
 WHERE type = 'table' AND NOT name = 'sqlite_sequence'
[0m
  [4;36;1mSQL (0.2ms)[0m   [0;1mselect sqlite_version(*)[0m
  [4;35;1mSQL (0.3ms)[0m   [0m SELECT name
 FROM sqlite_master
 WHERE type = 'table' AND NOT name = 'sqlite_sequence'
[0m
  [4;36;1mSQL (0.3ms)[0m   [0;1mCREATE TABLE "addresses" ("id" INTEGER PRIMARY KEY AUTOINCREMENT NOT NULL, "name" varchar(255), "addressable_id" integer, "addressable_type" varchar(255)) [0m
  [4;35;1mSQL (0.1ms)[0m   [0m SELECT name
 FROM sqlite_master
 WHERE type = 'table' AND NOT name = 'sqlite_sequence'
[0m
  [4;36;1mSQL (0.1ms)[0m   [0;1mCREATE TABLE "users" ("id" INTEGER PRIMARY KEY AUTOINCREMENT NOT NULL, "name" varchar(255)) [0m
  [4;35;1mSQL (0.2ms)[0m   [0m SELECT name
 FROM sqlite_master
 WHERE type = 'table' AND NOT name = 'sqlite_sequence'
[0m
  [4;36;1mSQL (0.1ms)[0m   [0;1mCREATE TABLE "roles_users" ("user_id" integer, "role_id" integer) [0m
  [4;35;1mSQL (0.2ms)[0m   [0m SELECT name
 FROM sqlite_master
 WHERE type = 'table' AND NOT name = 'sqlite_sequence'
[0m
  [4;36;1mSQL (0.1ms)[0m   [0;1mCREATE TABLE "services" ("id" INTEGER PRIMARY KEY AUTOINCREMENT NOT NULL, "name" varchar(255)) [0m
  [4;35;1mSQL (0.2ms)[0m   [0m SELECT name
 FROM sqlite_master
 WHERE type = 'table' AND NOT name = 'sqlite_sequence'
[0m
  [4;36;1mSQL (0.1ms)[0m   [0;1mCREATE TABLE "subscriptions" ("id" INTEGER PRIMARY KEY AUTOINCREMENT NOT NULL, "name" varchar(255), "service_id" integer, "user_id" integer) [0m
  [4;35;1mSQL (0.3ms)[0m   [0m SELECT name
 FROM sqlite_master
 WHERE type = 'table' AND NOT name = 'sqlite_sequence'
[0m
  [4;36;1mSQL (0.1ms)[0m   [0;1mCREATE TABLE "roles" ("id" INTEGER PRIMARY KEY AUTOINCREMENT NOT NULL, "name" varchar(255)) [0m
  [4;35;1mSQL (0.3ms)[0m   [0m SELECT name
 FROM sqlite_master
 WHERE type = 'table' AND NOT name = 'sqlite_sequence'
[0m
  [4;36;1mSQL (0.1ms)[0m   [0;1mCREATE TABLE "schema_migrations" ("version" varchar(255) NOT NULL) [0m
  [4;35;1mSQL (0.1ms)[0m   [0mCREATE UNIQUE INDEX "unique_schema_migrations" ON "schema_migrations" ("version")[0m
  [4;36;1mSQL (0.4ms)[0m   [0;1m SELECT name
 FROM sqlite_master
 WHERE type = 'table' AND NOT name = 'sqlite_sequence'
[0m
  [4;35;1mSQL (0.1ms)[0m   [0mSELECT version FROM "schema_migrations"[0m
  [4;36;1mSQL (0.1ms)[0m   [0;1mINSERT INTO "schema_migrations" (version) VALUES ('1')[0m
Unable to load roles_user, underlying cause no such file to load -- roles_user.rb 

 /usr/lib/ruby/gems/1.8/gems/activesupport-2.2.2/lib/active_support/dependencies.rb:382:in `load_without_new_constant_marking'
/usr/lib/ruby/gems/1.8/gems/activesupport-2.2.2/lib/active_support/dependencies.rb:382:in `load_file'
/usr/lib/ruby/gems/1.8/gems/activesupport-2.2.2/lib/active_support/dependencies.rb:521:in `new_constants_in'
/usr/lib/ruby/gems/1.8/gems/activesupport-2.2.2/lib/active_support/dependencies.rb:381:in `load_file'
/usr/lib/ruby/gems/1.8/gems/activesupport-2.2.2/lib/active_support/dependencies.rb:256:in `require_or_load'
/usr/lib/ruby/gems/1.8/gems/activesupport-2.2.2/lib/active_support/dependencies.rb:221:in `depend_on'
/usr/lib/ruby/gems/1.8/gems/activesupport-2.2.2/lib/active_support/dependencies.rb:133:in `require_dependency'
/usr/lib/ruby/gems/1.8/gems/activerecord-2.2.2/lib/active_record/fixtures.rb:856:in `try_to_load_dependency'
/usr/lib/ruby/gems/1.8/gems/activerecord-2.2.2/lib/active_record/fixtures.rb:871:in `require_fixture_classes'
/usr/lib/ruby/gems/1.8/gems/activerecord-2.2.2/lib/active_record/fixtures.rb:868:in `each'
/usr/lib/ruby/gems/1.8/gems/activerecord-2.2.2/lib/active_record/fixtures.rb:868:in `require_fixture_classes'
/usr/lib/ruby/gems/1.8/gems/activerecord-2.2.2/lib/active_record/fixtures.rb:851:in `fixtures'
./test/unit/../test_helper.rb:35
./test/unit/nested_assignment_test.rb:1:in `require'
./test/unit/nested_assignment_test.rb:1
/usr/lib/ruby/gems/1.8/gems/rake-0.8.3/lib/rake/rake_test_loader.rb:5:in `load'
/usr/lib/ruby/gems/1.8/gems/rake-0.8.3/lib/rake/rake_test_loader.rb:5
/usr/lib/ruby/gems/1.8/gems/rake-0.8.3/lib/rake/rake_test_loader.rb:5:in `each'
/usr/lib/ruby/gems/1.8/gems/rake-0.8.3/lib/rake/rake_test_loader.rb:5
Unable to load service, underlying cause no such file to load -- service.rb 

 /usr/lib/ruby/gems/1.8/gems/activesupport-2.2.2/lib/active_support/dependencies.rb:382:in `load_without_new_constant_marking'
/usr/lib/ruby/gems/1.8/gems/activesupport-2.2.2/lib/active_support/dependencies.rb:382:in `load_file'
/usr/lib/ruby/gems/1.8/gems/activesupport-2.2.2/lib/active_support/dependencies.rb:521:in `new_constants_in'
/usr/lib/ruby/gems/1.8/gems/activesupport-2.2.2/lib/active_support/dependencies.rb:381:in `load_file'
/usr/lib/ruby/gems/1.8/gems/activesupport-2.2.2/lib/active_support/dependencies.rb:256:in `require_or_load'
/usr/lib/ruby/gems/1.8/gems/activesupport-2.2.2/lib/active_support/dependencies.rb:221:in `depend_on'
/usr/lib/ruby/gems/1.8/gems/activesupport-2.2.2/lib/active_support/dependencies.rb:133:in `require_dependency'
/usr/lib/ruby/gems/1.8/gems/activerecord-2.2.2/lib/active_record/fixtures.rb:856:in `try_to_load_dependency'
/usr/lib/ruby/gems/1.8/gems/activerecord-2.2.2/lib/active_record/fixtures.rb:871:in `require_fixture_classes'
/usr/lib/ruby/gems/1.8/gems/activerecord-2.2.2/lib/active_record/fixtures.rb:868:in `each'
/usr/lib/ruby/gems/1.8/gems/activerecord-2.2.2/lib/active_record/fixtures.rb:868:in `require_fixture_classes'
/usr/lib/ruby/gems/1.8/gems/activerecord-2.2.2/lib/active_record/fixtures.rb:851:in `fixtures'
./test/unit/../test_helper.rb:35
./test/unit/nested_assignment_test.rb:1:in `require'
./test/unit/nested_assignment_test.rb:1
/usr/lib/ruby/gems/1.8/gems/rake-0.8.3/lib/rake/rake_test_loader.rb:5:in `load'
/usr/lib/ruby/gems/1.8/gems/rake-0.8.3/lib/rake/rake_test_loader.rb:5
/usr/lib/ruby/gems/1.8/gems/rake-0.8.3/lib/rake/rake_test_loader.rb:5:in `each'
/usr/lib/ruby/gems/1.8/gems/rake-0.8.3/lib/rake/rake_test_loader.rb:5
Unable to load subscription, underlying cause no such file to load -- subscription.rb 

 /usr/lib/ruby/gems/1.8/gems/activesupport-2.2.2/lib/active_support/dependencies.rb:382:in `load_without_new_constant_marking'
/usr/lib/ruby/gems/1.8/gems/activesupport-2.2.2/lib/active_support/dependencies.rb:382:in `load_file'
/usr/lib/ruby/gems/1.8/gems/activesupport-2.2.2/lib/active_support/dependencies.rb:521:in `new_constants_in'
/usr/lib/ruby/gems/1.8/gems/activesupport-2.2.2/lib/active_support/dependencies.rb:381:in `load_file'
/usr/lib/ruby/gems/1.8/gems/activesupport-2.2.2/lib/active_support/dependencies.rb:256:in `require_or_load'
/usr/lib/ruby/gems/1.8/gems/activesupport-2.2.2/lib/active_support/dependencies.rb:221:in `depend_on'
/usr/lib/ruby/gems/1.8/gems/activesupport-2.2.2/lib/active_support/dependencies.rb:133:in `require_dependency'
/usr/lib/ruby/gems/1.8/gems/activerecord-2.2.2/lib/active_record/fixtures.rb:856:in `try_to_load_dependency'
/usr/lib/ruby/gems/1.8/gems/activerecord-2.2.2/lib/active_record/fixtures.rb:871:in `require_fixture_classes'
/usr/lib/ruby/gems/1.8/gems/activerecord-2.2.2/lib/active_record/fixtures.rb:868:in `each'
/usr/lib/ruby/gems/1.8/gems/activerecord-2.2.2/lib/active_record/fixtures.rb:868:in `require_fixture_classes'
/usr/lib/ruby/gems/1.8/gems/activerecord-2.2.2/lib/active_record/fixtures.rb:851:in `fixtures'
./test/unit/../test_helper.rb:35
./test/unit/nested_assignment_test.rb:1:in `require'
./test/unit/nested_assignment_test.rb:1
/usr/lib/ruby/gems/1.8/gems/rake-0.8.3/lib/rake/rake_test_loader.rb:5:in `load'
/usr/lib/ruby/gems/1.8/gems/rake-0.8.3/lib/rake/rake_test_loader.rb:5
/usr/lib/ruby/gems/1.8/gems/rake-0.8.3/lib/rake/rake_test_loader.rb:5:in `each'
/usr/lib/ruby/gems/1.8/gems/rake-0.8.3/lib/rake/rake_test_loader.rb:5
Unable to load address, underlying cause no such file to load -- address.rb 

 /usr/lib/ruby/gems/1.8/gems/activesupport-2.2.2/lib/active_support/dependencies.rb:382:in `load_without_new_constant_marking'
/usr/lib/ruby/gems/1.8/gems/activesupport-2.2.2/lib/active_support/dependencies.rb:382:in `load_file'
/usr/lib/ruby/gems/1.8/gems/activesupport-2.2.2/lib/active_support/dependencies.rb:521:in `new_constants_in'
/usr/lib/ruby/gems/1.8/gems/activesupport-2.2.2/lib/active_support/dependencies.rb:381:in `load_file'
/usr/lib/ruby/gems/1.8/gems/activesupport-2.2.2/lib/active_support/dependencies.rb:256:in `require_or_load'
/usr/lib/ruby/gems/1.8/gems/activesupport-2.2.2/lib/active_support/dependencies.rb:221:in `depend_on'
/usr/lib/ruby/gems/1.8/gems/activesupport-2.2.2/lib/active_support/dependencies.rb:133:in `require_dependency'
/usr/lib/ruby/gems/1.8/gems/activerecord-2.2.2/lib/active_record/fixtures.rb:856:in `try_to_load_dependency'
/usr/lib/ruby/gems/1.8/gems/activerecord-2.2.2/lib/active_record/fixtures.rb:871:in `require_fixture_classes'
/usr/lib/ruby/gems/1.8/gems/activerecord-2.2.2/lib/active_record/fixtures.rb:868:in `each'
/usr/lib/ruby/gems/1.8/gems/activerecord-2.2.2/lib/active_record/fixtures.rb:868:in `require_fixture_classes'
/usr/lib/ruby/gems/1.8/gems/activerecord-2.2.2/lib/active_record/fixtures.rb:851:in `fixtures'
./test/unit/../test_helper.rb:35
./test/unit/nested_assignment_test.rb:1:in `require'
./test/unit/nested_assignment_test.rb:1
/usr/lib/ruby/gems/1.8/gems/rake-0.8.3/lib/rake/rake_test_loader.rb:5:in `load'
/usr/lib/ruby/gems/1.8/gems/rake-0.8.3/lib/rake/rake_test_loader.rb:5
/usr/lib/ruby/gems/1.8/gems/rake-0.8.3/lib/rake/rake_test_loader.rb:5:in `each'
/usr/lib/ruby/gems/1.8/gems/rake-0.8.3/lib/rake/rake_test_loader.rb:5
Unable to load user, underlying cause no such file to load -- user.rb 

 /usr/lib/ruby/gems/1.8/gems/activesupport-2.2.2/lib/active_support/dependencies.rb:382:in `load_without_new_constant_marking'
/usr/lib/ruby/gems/1.8/gems/activesupport-2.2.2/lib/active_support/dependencies.rb:382:in `load_file'
/usr/lib/ruby/gems/1.8/gems/activesupport-2.2.2/lib/active_support/dependencies.rb:521:in `new_constants_in'
/usr/lib/ruby/gems/1.8/gems/activesupport-2.2.2/lib/active_support/dependencies.rb:381:in `load_file'
/usr/lib/ruby/gems/1.8/gems/activesupport-2.2.2/lib/active_support/dependencies.rb:256:in `require_or_load'
/usr/lib/ruby/gems/1.8/gems/activesupport-2.2.2/lib/active_support/dependencies.rb:221:in `depend_on'
/usr/lib/ruby/gems/1.8/gems/activesupport-2.2.2/lib/active_support/dependencies.rb:133:in `require_dependency'
/usr/lib/ruby/gems/1.8/gems/activerecord-2.2.2/lib/active_record/fixtures.rb:856:in `try_to_load_dependency'
/usr/lib/ruby/gems/1.8/gems/activerecord-2.2.2/lib/active_record/fixtures.rb:871:in `require_fixture_classes'
/usr/lib/ruby/gems/1.8/gems/activerecord-2.2.2/lib/active_record/fixtures.rb:868:in `each'
/usr/lib/ruby/gems/1.8/gems/activerecord-2.2.2/lib/active_record/fixtures.rb:868:in `require_fixture_classes'
/usr/lib/ruby/gems/1.8/gems/activerecord-2.2.2/lib/active_record/fixtures.rb:851:in `fixtures'
./test/unit/../test_helper.rb:35
./test/unit/nested_assignment_test.rb:1:in `require'
./test/unit/nested_assignment_test.rb:1
/usr/lib/ruby/gems/1.8/gems/rake-0.8.3/lib/rake/rake_test_loader.rb:5:in `load'
/usr/lib/ruby/gems/1.8/gems/rake-0.8.3/lib/rake/rake_test_loader.rb:5
/usr/lib/ruby/gems/1.8/gems/rake-0.8.3/lib/rake/rake_test_loader.rb:5:in `each'
/usr/lib/ruby/gems/1.8/gems/rake-0.8.3/lib/rake/rake_test_loader.rb:5
Unable to load role, underlying cause no such file to load -- role.rb 

 /usr/lib/ruby/gems/1.8/gems/activesupport-2.2.2/lib/active_support/dependencies.rb:382:in `load_without_new_constant_marking'
/usr/lib/ruby/gems/1.8/gems/activesupport-2.2.2/lib/active_support/dependencies.rb:382:in `load_file'
/usr/lib/ruby/gems/1.8/gems/activesupport-2.2.2/lib/active_support/dependencies.rb:521:in `new_constants_in'
/usr/lib/ruby/gems/1.8/gems/activesupport-2.2.2/lib/active_support/dependencies.rb:381:in `load_file'
/usr/lib/ruby/gems/1.8/gems/activesupport-2.2.2/lib/active_support/dependencies.rb:256:in `require_or_load'
/usr/lib/ruby/gems/1.8/gems/activesupport-2.2.2/lib/active_support/dependencies.rb:221:in `depend_on'
/usr/lib/ruby/gems/1.8/gems/activesupport-2.2.2/lib/active_support/dependencies.rb:133:in `require_dependency'
/usr/lib/ruby/gems/1.8/gems/activerecord-2.2.2/lib/active_record/fixtures.rb:856:in `try_to_load_dependency'
/usr/lib/ruby/gems/1.8/gems/activerecord-2.2.2/lib/active_record/fixtures.rb:871:in `require_fixture_classes'
/usr/lib/ruby/gems/1.8/gems/activerecord-2.2.2/lib/active_record/fixtures.rb:868:in `each'
/usr/lib/ruby/gems/1.8/gems/activerecord-2.2.2/lib/active_record/fixtures.rb:868:in `require_fixture_classes'
/usr/lib/ruby/gems/1.8/gems/activerecord-2.2.2/lib/active_record/fixtures.rb:851:in `fixtures'
./test/unit/../test_helper.rb:35
./test/unit/nested_assignment_test.rb:1:in `require'
./test/unit/nested_assignment_test.rb:1
/usr/lib/ruby/gems/1.8/gems/rake-0.8.3/lib/rake/rake_test_loader.rb:5:in `load'
/usr/lib/ruby/gems/1.8/gems/rake-0.8.3/lib/rake/rake_test_loader.rb:5
/usr/lib/ruby/gems/1.8/gems/rake-0.8.3/lib/rake/rake_test_loader.rb:5:in `each'
/usr/lib/ruby/gems/1.8/gems/rake-0.8.3/lib/rake/rake_test_loader.rb:5
  [4;35;1mPluginTestModels::User Load (0.1ms)[0m   [0mSELECT * FROM "users" WHERE ("users"."id" = 1) [0m
  [4;36;1mPluginTestModels::Subscription Load (0.2ms)[0m   [0;1mSELECT * FROM "subscriptions" WHERE ("subscriptions"."id" = 1) [0m
  [4;35;1mPluginTestModels::User Load (0.1ms)[0m   [0mSELECT * FROM "users" WHERE ("users"."id" = 1) [0m
  [4;36;1mPluginTestModels::Subscription Load (0.2ms)[0m   [0;1mSELECT * FROM "subscriptions" WHERE ("subscriptions"."id" = 1) [0m
  [4;35;1mPluginTestModels::User Load (0.1ms)[0m   [0mSELECT * FROM "users" WHERE ("users"."id" = 1) [0m
  [4;36;1mPluginTestModels::Subscription Load (0.2ms)[0m   [0;1mSELECT * FROM "subscriptions" WHERE ("subscriptions"."id" = 1) [0m
  [4;35;1mPluginTestModels::Subscription Load (0.2ms)[0m   [0mSELECT * FROM "subscriptions" WHERE ("subscriptions".user_id = 1) LIMIT 1[0m
  [4;36;1mPluginTestModels::Subscription Update (0.1ms)[0m   [0;1mUPDATE "subscriptions" SET "user_id" = NULL WHERE "id" = 1[0m
WARNING: Can't mass-assign these protected attributes: id
  [4;35;1mPluginTestModels::Subscription Load (0.2ms)[0m   [0mSELECT * FROM "subscriptions" WHERE ("subscriptions"."id" = 1) [0m
  [4;36;1mPluginTestModels::Subscription Create (0.1ms)[0m   [0;1mINSERT INTO "subscriptions" ("name", "service_id", "user_id") VALUES('Bobtastic', NULL, 1)[0m
  [4;35;1mPluginTestModels::Subscription Load (0.2ms)[0m   [0mSELECT * FROM "subscriptions" WHERE ("subscriptions"."id" = 1) [0m
  [4;36;1mPluginTestModels::User Load (0.1ms)[0m   [0;1mSELECT * FROM "users" LIMIT 1[0m
  [4;35;1mPluginTestModels::User Load (0.1ms)[0m   [0mSELECT * FROM "users" LIMIT 1[0m
  [4;36;1mPluginTestModels::Role Load (0.2ms)[0m   [0;1mSELECT * FROM "roles" INNER JOIN "roles_users" ON "roles".id = "roles_users".role_id WHERE ("roles_users".user_id = 1 ) [0m
  [4;35;1mPluginTestModels::User Load (0.1ms)[0m   [0mSELECT * FROM "users" LIMIT 1[0m
  [4;36;1mPluginTestModels::Role Load (0.2ms)[0m   [0;1mSELECT * FROM "roles" INNER JOIN "roles_users" ON "roles".id = "roles_users".role_id WHERE ("roles_users".user_id = 1 ) [0m
  [4;35;1mPluginTestModels::User Load (0.1ms)[0m   [0mSELECT * FROM "users" LIMIT 1[0m
  [4;36;1mPluginTestModels::Address Load (0.2ms)[0m   [0;1mSELECT * FROM "addresses" WHERE ("addresses".addressable_id = 1 AND "addresses".addressable_type = 'PluginTestModels::User') LIMIT 1[0m
  [4;36;1mSQL (0.2ms)[0m   [0;1mselect sqlite_version(*)[0m
  [4;35;1mSQL (0.1ms)[0m   [0m SELECT name
 FROM sqlite_master
 WHERE type = 'table' AND NOT name = 'sqlite_sequence'
[0m
  [4;36;1mSQL (0.2ms)[0m   [0;1mCREATE TABLE "addresses" ("id" INTEGER PRIMARY KEY AUTOINCREMENT NOT NULL, "name" varchar(255), "addressable_id" integer, "addressable_type" varchar(255)) [0m
  [4;35;1mSQL (0.1ms)[0m   [0m SELECT name
 FROM sqlite_master
 WHERE type = 'table' AND NOT name = 'sqlite_sequence'
[0m
  [4;36;1mSQL (0.1ms)[0m   [0;1mCREATE TABLE "users" ("id" INTEGER PRIMARY KEY AUTOINCREMENT NOT NULL, "name" varchar(255)) [0m
  [4;35;1mSQL (0.2ms)[0m   [0m SELECT name
 FROM sqlite_master
 WHERE type = 'table' AND NOT name = 'sqlite_sequence'
[0m
  [4;36;1mSQL (0.1ms)[0m   [0;1mCREATE TABLE "roles_users" ("user_id" integer, "role_id" integer) [0m
  [4;35;1mSQL (0.2ms)[0m   [0m SELECT name
 FROM sqlite_master
 WHERE type = 'table' AND NOT name = 'sqlite_sequence'
[0m
  [4;36;1mSQL (0.1ms)[0m   [0;1mCREATE TABLE "services" ("id" INTEGER PRIMARY KEY AUTOINCREMENT NOT NULL, "name" varchar(255)) [0m
  [4;35;1mSQL (0.2ms)[0m   [0m SELECT name
 FROM sqlite_master
 WHERE type = 'table' AND NOT name = 'sqlite_sequence'
[0m
  [4;36;1mSQL (0.1ms)[0m   [0;1mCREATE TABLE "subscriptions" ("id" INTEGER PRIMARY KEY AUTOINCREMENT NOT NULL, "name" varchar(255), "service_id" integer, "user_id" integer) [0m
  [4;35;1mSQL (0.3ms)[0m   [0m SELECT name
 FROM sqlite_master
 WHERE type = 'table' AND NOT name = 'sqlite_sequence'
[0m
  [4;36;1mSQL (0.1ms)[0m   [0;1mCREATE TABLE "roles" ("id" INTEGER PRIMARY KEY AUTOINCREMENT NOT NULL, "name" varchar(255)) [0m
  [4;35;1mSQL (0.3ms)[0m   [0m SELECT name
 FROM sqlite_master
 WHERE type = 'table' AND NOT name = 'sqlite_sequence'
[0m
  [4;36;1mSQL (0.1ms)[0m   [0;1mCREATE TABLE "schema_migrations" ("version" varchar(255) NOT NULL) [0m
  [4;35;1mSQL (0.1ms)[0m   [0mCREATE UNIQUE INDEX "unique_schema_migrations" ON "schema_migrations" ("version")[0m
  [4;36;1mSQL (0.3ms)[0m   [0;1m SELECT name
 FROM sqlite_master
 WHERE type = 'table' AND NOT name = 'sqlite_sequence'
[0m
  [4;35;1mSQL (0.1ms)[0m   [0mSELECT version FROM "schema_migrations"[0m
  [4;36;1mSQL (0.1ms)[0m   [0;1mINSERT INTO "schema_migrations" (version) VALUES ('1')[0m
Unable to load roles_user, underlying cause no such file to load -- roles_user.rb 

 /usr/lib/ruby/gems/1.8/gems/activesupport-2.2.2/lib/active_support/dependencies.rb:382:in `load_without_new_constant_marking'
/usr/lib/ruby/gems/1.8/gems/activesupport-2.2.2/lib/active_support/dependencies.rb:382:in `load_file'
/usr/lib/ruby/gems/1.8/gems/activesupport-2.2.2/lib/active_support/dependencies.rb:521:in `new_constants_in'
/usr/lib/ruby/gems/1.8/gems/activesupport-2.2.2/lib/active_support/dependencies.rb:381:in `load_file'
/usr/lib/ruby/gems/1.8/gems/activesupport-2.2.2/lib/active_support/dependencies.rb:256:in `require_or_load'
/usr/lib/ruby/gems/1.8/gems/activesupport-2.2.2/lib/active_support/dependencies.rb:221:in `depend_on'
/usr/lib/ruby/gems/1.8/gems/activesupport-2.2.2/lib/active_support/dependencies.rb:133:in `require_dependency'
/usr/lib/ruby/gems/1.8/gems/activerecord-2.2.2/lib/active_record/fixtures.rb:856:in `try_to_load_dependency'
/usr/lib/ruby/gems/1.8/gems/activerecord-2.2.2/lib/active_record/fixtures.rb:871:in `require_fixture_classes'
/usr/lib/ruby/gems/1.8/gems/activerecord-2.2.2/lib/active_record/fixtures.rb:868:in `each'
/usr/lib/ruby/gems/1.8/gems/activerecord-2.2.2/lib/active_record/fixtures.rb:868:in `require_fixture_classes'
/usr/lib/ruby/gems/1.8/gems/activerecord-2.2.2/lib/active_record/fixtures.rb:851:in `fixtures'
./test/unit/../test_helper.rb:35
./test/unit/nested_assignment_test.rb:1:in `require'
./test/unit/nested_assignment_test.rb:1
/usr/lib/ruby/gems/1.8/gems/rake-0.8.3/lib/rake/rake_test_loader.rb:5:in `load'
/usr/lib/ruby/gems/1.8/gems/rake-0.8.3/lib/rake/rake_test_loader.rb:5
/usr/lib/ruby/gems/1.8/gems/rake-0.8.3/lib/rake/rake_test_loader.rb:5:in `each'
/usr/lib/ruby/gems/1.8/gems/rake-0.8.3/lib/rake/rake_test_loader.rb:5
Unable to load service, underlying cause no such file to load -- service.rb 

 /usr/lib/ruby/gems/1.8/gems/activesupport-2.2.2/lib/active_support/dependencies.rb:382:in `load_without_new_constant_marking'
/usr/lib/ruby/gems/1.8/gems/activesupport-2.2.2/lib/active_support/dependencies.rb:382:in `load_file'
/usr/lib/ruby/gems/1.8/gems/activesupport-2.2.2/lib/active_support/dependencies.rb:521:in `new_constants_in'
/usr/lib/ruby/gems/1.8/gems/activesupport-2.2.2/lib/active_support/dependencies.rb:381:in `load_file'
/usr/lib/ruby/gems/1.8/gems/activesupport-2.2.2/lib/active_support/dependencies.rb:256:in `require_or_load'
/usr/lib/ruby/gems/1.8/gems/activesupport-2.2.2/lib/active_support/dependencies.rb:221:in `depend_on'
/usr/lib/ruby/gems/1.8/gems/activesupport-2.2.2/lib/active_support/dependencies.rb:133:in `require_dependency'
/usr/lib/ruby/gems/1.8/gems/activerecord-2.2.2/lib/active_record/fixtures.rb:856:in `try_to_load_dependency'
/usr/lib/ruby/gems/1.8/gems/activerecord-2.2.2/lib/active_record/fixtures.rb:871:in `require_fixture_classes'
/usr/lib/ruby/gems/1.8/gems/activerecord-2.2.2/lib/active_record/fixtures.rb:868:in `each'
/usr/lib/ruby/gems/1.8/gems/activerecord-2.2.2/lib/active_record/fixtures.rb:868:in `require_fixture_classes'
/usr/lib/ruby/gems/1.8/gems/activerecord-2.2.2/lib/active_record/fixtures.rb:851:in `fixtures'
./test/unit/../test_helper.rb:35
./test/unit/nested_assignment_test.rb:1:in `require'
./test/unit/nested_assignment_test.rb:1
/usr/lib/ruby/gems/1.8/gems/rake-0.8.3/lib/rake/rake_test_loader.rb:5:in `load'
/usr/lib/ruby/gems/1.8/gems/rake-0.8.3/lib/rake/rake_test_loader.rb:5
/usr/lib/ruby/gems/1.8/gems/rake-0.8.3/lib/rake/rake_test_loader.rb:5:in `each'
/usr/lib/ruby/gems/1.8/gems/rake-0.8.3/lib/rake/rake_test_loader.rb:5
Unable to load subscription, underlying cause no such file to load -- subscription.rb 

 /usr/lib/ruby/gems/1.8/gems/activesupport-2.2.2/lib/active_support/dependencies.rb:382:in `load_without_new_constant_marking'
/usr/lib/ruby/gems/1.8/gems/activesupport-2.2.2/lib/active_support/dependencies.rb:382:in `load_file'
/usr/lib/ruby/gems/1.8/gems/activesupport-2.2.2/lib/active_support/dependencies.rb:521:in `new_constants_in'
/usr/lib/ruby/gems/1.8/gems/activesupport-2.2.2/lib/active_support/dependencies.rb:381:in `load_file'
/usr/lib/ruby/gems/1.8/gems/activesupport-2.2.2/lib/active_support/dependencies.rb:256:in `require_or_load'
/usr/lib/ruby/gems/1.8/gems/activesupport-2.2.2/lib/active_support/dependencies.rb:221:in `depend_on'
/usr/lib/ruby/gems/1.8/gems/activesupport-2.2.2/lib/active_support/dependencies.rb:133:in `require_dependency'
/usr/lib/ruby/gems/1.8/gems/activerecord-2.2.2/lib/active_record/fixtures.rb:856:in `try_to_load_dependency'
/usr/lib/ruby/gems/1.8/gems/activerecord-2.2.2/lib/active_record/fixtures.rb:871:in `require_fixture_classes'
/usr/lib/ruby/gems/1.8/gems/activerecord-2.2.2/lib/active_record/fixtures.rb:868:in `each'
/usr/lib/ruby/gems/1.8/gems/activerecord-2.2.2/lib/active_record/fixtures.rb:868:in `require_fixture_classes'
/usr/lib/ruby/gems/1.8/gems/activerecord-2.2.2/lib/active_record/fixtures.rb:851:in `fixtures'
./test/unit/../test_helper.rb:35
./test/unit/nested_assignment_test.rb:1:in `require'
./test/unit/nested_assignment_test.rb:1
/usr/lib/ruby/gems/1.8/gems/rake-0.8.3/lib/rake/rake_test_loader.rb:5:in `load'
/usr/lib/ruby/gems/1.8/gems/rake-0.8.3/lib/rake/rake_test_loader.rb:5
/usr/lib/ruby/gems/1.8/gems/rake-0.8.3/lib/rake/rake_test_loader.rb:5:in `each'
/usr/lib/ruby/gems/1.8/gems/rake-0.8.3/lib/rake/rake_test_loader.rb:5
Unable to load address, underlying cause no such file to load -- address.rb 

 /usr/lib/ruby/gems/1.8/gems/activesupport-2.2.2/lib/active_support/dependencies.rb:382:in `load_without_new_constant_marking'
/usr/lib/ruby/gems/1.8/gems/activesupport-2.2.2/lib/active_support/dependencies.rb:382:in `load_file'
/usr/lib/ruby/gems/1.8/gems/activesupport-2.2.2/lib/active_support/dependencies.rb:521:in `new_constants_in'
/usr/lib/ruby/gems/1.8/gems/activesupport-2.2.2/lib/active_support/dependencies.rb:381:in `load_file'
/usr/lib/ruby/gems/1.8/gems/activesupport-2.2.2/lib/active_support/dependencies.rb:256:in `require_or_load'
/usr/lib/ruby/gems/1.8/gems/activesupport-2.2.2/lib/active_support/dependencies.rb:221:in `depend_on'
/usr/lib/ruby/gems/1.8/gems/activesupport-2.2.2/lib/active_support/dependencies.rb:133:in `require_dependency'
/usr/lib/ruby/gems/1.8/gems/activerecord-2.2.2/lib/active_record/fixtures.rb:856:in `try_to_load_dependency'
/usr/lib/ruby/gems/1.8/gems/activerecord-2.2.2/lib/active_record/fixtures.rb:871:in `require_fixture_classes'
/usr/lib/ruby/gems/1.8/gems/activerecord-2.2.2/lib/active_record/fixtures.rb:868:in `each'
/usr/lib/ruby/gems/1.8/gems/activerecord-2.2.2/lib/active_record/fixtures.rb:868:in `require_fixture_classes'
/usr/lib/ruby/gems/1.8/gems/activerecord-2.2.2/lib/active_record/fixtures.rb:851:in `fixtures'
./test/unit/../test_helper.rb:35
./test/unit/nested_assignment_test.rb:1:in `require'
./test/unit/nested_assignment_test.rb:1
/usr/lib/ruby/gems/1.8/gems/rake-0.8.3/lib/rake/rake_test_loader.rb:5:in `load'
/usr/lib/ruby/gems/1.8/gems/rake-0.8.3/lib/rake/rake_test_loader.rb:5
/usr/lib/ruby/gems/1.8/gems/rake-0.8.3/lib/rake/rake_test_loader.rb:5:in `each'
/usr/lib/ruby/gems/1.8/gems/rake-0.8.3/lib/rake/rake_test_loader.rb:5
Unable to load user, underlying cause no such file to load -- user.rb 

 /usr/lib/ruby/gems/1.8/gems/activesupport-2.2.2/lib/active_support/dependencies.rb:382:in `load_without_new_constant_marking'
/usr/lib/ruby/gems/1.8/gems/activesupport-2.2.2/lib/active_support/dependencies.rb:382:in `load_file'
/usr/lib/ruby/gems/1.8/gems/activesupport-2.2.2/lib/active_support/dependencies.rb:521:in `new_constants_in'
/usr/lib/ruby/gems/1.8/gems/activesupport-2.2.2/lib/active_support/dependencies.rb:381:in `load_file'
/usr/lib/ruby/gems/1.8/gems/activesupport-2.2.2/lib/active_support/dependencies.rb:256:in `require_or_load'
/usr/lib/ruby/gems/1.8/gems/activesupport-2.2.2/lib/active_support/dependencies.rb:221:in `depend_on'
/usr/lib/ruby/gems/1.8/gems/activesupport-2.2.2/lib/active_support/dependencies.rb:133:in `require_dependency'
/usr/lib/ruby/gems/1.8/gems/activerecord-2.2.2/lib/active_record/fixtures.rb:856:in `try_to_load_dependency'
/usr/lib/ruby/gems/1.8/gems/activerecord-2.2.2/lib/active_record/fixtures.rb:871:in `require_fixture_classes'
/usr/lib/ruby/gems/1.8/gems/activerecord-2.2.2/lib/active_record/fixtures.rb:868:in `each'
/usr/lib/ruby/gems/1.8/gems/activerecord-2.2.2/lib/active_record/fixtures.rb:868:in `require_fixture_classes'
/usr/lib/ruby/gems/1.8/gems/activerecord-2.2.2/lib/active_record/fixtures.rb:851:in `fixtures'
./test/unit/../test_helper.rb:35
./test/unit/nested_assignment_test.rb:1:in `require'
./test/unit/nested_assignment_test.rb:1
/usr/lib/ruby/gems/1.8/gems/rake-0.8.3/lib/rake/rake_test_loader.rb:5:in `load'
/usr/lib/ruby/gems/1.8/gems/rake-0.8.3/lib/rake/rake_test_loader.rb:5
/usr/lib/ruby/gems/1.8/gems/rake-0.8.3/lib/rake/rake_test_loader.rb:5:in `each'
/usr/lib/ruby/gems/1.8/gems/rake-0.8.3/lib/rake/rake_test_loader.rb:5
Unable to load role, underlying cause no such file to load -- role.rb 

 /usr/lib/ruby/gems/1.8/gems/activesupport-2.2.2/lib/active_support/dependencies.rb:382:in `load_without_new_constant_marking'
/usr/lib/ruby/gems/1.8/gems/activesupport-2.2.2/lib/active_support/dependencies.rb:382:in `load_file'
/usr/lib/ruby/gems/1.8/gems/activesupport-2.2.2/lib/active_support/dependencies.rb:521:in `new_constants_in'
/usr/lib/ruby/gems/1.8/gems/activesupport-2.2.2/lib/active_support/dependencies.rb:381:in `load_file'
/usr/lib/ruby/gems/1.8/gems/activesupport-2.2.2/lib/active_support/dependencies.rb:256:in `require_or_load'
/usr/lib/ruby/gems/1.8/gems/activesupport-2.2.2/lib/active_support/dependencies.rb:221:in `depend_on'
/usr/lib/ruby/gems/1.8/gems/activesupport-2.2.2/lib/active_support/dependencies.rb:133:in `require_dependency'
/usr/lib/ruby/gems/1.8/gems/activerecord-2.2.2/lib/active_record/fixtures.rb:856:in `try_to_load_dependency'
/usr/lib/ruby/gems/1.8/gems/activerecord-2.2.2/lib/active_record/fixtures.rb:871:in `require_fixture_classes'
/usr/lib/ruby/gems/1.8/gems/activerecord-2.2.2/lib/active_record/fixtures.rb:868:in `each'
/usr/lib/ruby/gems/1.8/gems/activerecord-2.2.2/lib/active_record/fixtures.rb:868:in `require_fixture_classes'
/usr/lib/ruby/gems/1.8/gems/activerecord-2.2.2/lib/active_record/fixtures.rb:851:in `fixtures'
./test/unit/../test_helper.rb:35
./test/unit/nested_assignment_test.rb:1:in `require'
./test/unit/nested_assignment_test.rb:1
/usr/lib/ruby/gems/1.8/gems/rake-0.8.3/lib/rake/rake_test_loader.rb:5:in `load'
/usr/lib/ruby/gems/1.8/gems/rake-0.8.3/lib/rake/rake_test_loader.rb:5
/usr/lib/ruby/gems/1.8/gems/rake-0.8.3/lib/rake/rake_test_loader.rb:5:in `each'
/usr/lib/ruby/gems/1.8/gems/rake-0.8.3/lib/rake/rake_test_loader.rb:5
  [4;35;1mPluginTestModels::User Load (0.1ms)[0m   [0mSELECT * FROM "users" WHERE ("users"."id" = 1) [0m
  [4;36;1mPluginTestModels::Subscription Load (0.2ms)[0m   [0;1mSELECT * FROM "subscriptions" WHERE ("subscriptions"."id" = 1) [0m
  [4;35;1mPluginTestModels::User Load (0.1ms)[0m   [0mSELECT * FROM "users" WHERE ("users"."id" = 1) [0m
  [4;36;1mPluginTestModels::Subscription Load (0.2ms)[0m   [0;1mSELECT * FROM "subscriptions" WHERE ("subscriptions"."id" = 1) [0m
  [4;35;1mPluginTestModels::User Load (0.1ms)[0m   [0mSELECT * FROM "users" WHERE ("users"."id" = 1) [0m
  [4;36;1mPluginTestModels::Subscription Load (0.2ms)[0m   [0;1mSELECT * FROM "subscriptions" WHERE ("subscriptions"."id" = 1) [0m
  [4;35;1mPluginTestModels::Subscription Load (0.2ms)[0m   [0mSELECT * FROM "subscriptions" WHERE ("subscriptions".user_id = 1) LIMIT 1[0m
  [4;36;1mPluginTestModels::Subscription Update (0.1ms)[0m   [0;1mUPDATE "subscriptions" SET "user_id" = NULL WHERE "id" = 1[0m
WARNING: Can't mass-assign these protected attributes: id
  [4;35;1mPluginTestModels::Subscription Load (0.2ms)[0m   [0mSELECT * FROM "subscriptions" WHERE ("subscriptions"."id" = 1) [0m
  [4;36;1mPluginTestModels::Subscription Create (0.1ms)[0m   [0;1mINSERT INTO "subscriptions" ("name", "service_id", "user_id") VALUES('Bobtastic', NULL, 1)[0m
  [4;35;1mPluginTestModels::Subscription Load (0.2ms)[0m   [0mSELECT * FROM "subscriptions" WHERE ("subscriptions"."id" = 1) [0m
  [4;36;1mPluginTestModels::User Load (0.1ms)[0m   [0;1mSELECT * FROM "users" LIMIT 1[0m
  [4;35;1mPluginTestModels::User Load (0.1ms)[0m   [0mSELECT * FROM "users" LIMIT 1[0m
  [4;36;1mPluginTestModels::Role Load (0.2ms)[0m   [0;1mSELECT * FROM "roles" INNER JOIN "roles_users" ON "roles".id = "roles_users".role_id WHERE ("roles_users".user_id = 1 ) [0m
  [4;35;1mPluginTestModels::User Load (0.1ms)[0m   [0mSELECT * FROM "users" LIMIT 1[0m
  [4;36;1mPluginTestModels::Role Load (0.2ms)[0m   [0;1mSELECT * FROM "roles" INNER JOIN "roles_users" ON "roles".id = "roles_users".role_id WHERE ("roles_users".user_id = 1 ) [0m
  [4;35;1mPluginTestModels::User Load (0.1ms)[0m   [0mSELECT * FROM "users" LIMIT 1[0m
  [4;36;1mPluginTestModels::Address Load (0.2ms)[0m   [0;1mSELECT * FROM "addresses" WHERE ("addresses".addressable_id = 1 AND "addresses".addressable_type = 'PluginTestModels::User') LIMIT 1[0m
  [4;36;1mSQL (0.3ms)[0m   [0;1mselect sqlite_version(*)[0m
  [4;35;1mSQL (0.2ms)[0m   [0m SELECT name
 FROM sqlite_master
 WHERE type = 'table' AND NOT name = 'sqlite_sequence'
[0m
  [4;36;1mSQL (0.4ms)[0m   [0;1mCREATE TABLE "addresses" ("id" INTEGER PRIMARY KEY AUTOINCREMENT NOT NULL, "name" varchar(255), "addressable_id" integer, "addressable_type" varchar(255)) [0m
  [4;35;1mSQL (0.2ms)[0m   [0m SELECT name
 FROM sqlite_master
 WHERE type = 'table' AND NOT name = 'sqlite_sequence'
[0m
  [4;36;1mSQL (0.2ms)[0m   [0;1mCREATE TABLE "users" ("id" INTEGER PRIMARY KEY AUTOINCREMENT NOT NULL, "name" varchar(255)) [0m
  [4;35;1mSQL (0.3ms)[0m   [0m SELECT name
 FROM sqlite_master
 WHERE type = 'table' AND NOT name = 'sqlite_sequence'
[0m
  [4;36;1mSQL (0.2ms)[0m   [0;1mCREATE TABLE "roles_users" ("user_id" integer, "role_id" integer) [0m
  [4;35;1mSQL (0.3ms)[0m   [0m SELECT name
 FROM sqlite_master
 WHERE type = 'table' AND NOT name = 'sqlite_sequence'
[0m
  [4;36;1mSQL (0.2ms)[0m   [0;1mCREATE TABLE "services" ("id" INTEGER PRIMARY KEY AUTOINCREMENT NOT NULL, "name" varchar(255)) [0m
  [4;35;1mSQL (0.3ms)[0m   [0m SELECT name
 FROM sqlite_master
 WHERE type = 'table' AND NOT name = 'sqlite_sequence'
[0m
  [4;36;1mSQL (0.2ms)[0m   [0;1mCREATE TABLE "subscriptions" ("id" INTEGER PRIMARY KEY AUTOINCREMENT NOT NULL, "name" varchar(255), "service_id" integer, "user_id" integer) [0m
  [4;35;1mSQL (0.4ms)[0m   [0m SELECT name
 FROM sqlite_master
 WHERE type = 'table' AND NOT name = 'sqlite_sequence'
[0m
  [4;36;1mSQL (0.2ms)[0m   [0;1mCREATE TABLE "roles" ("id" INTEGER PRIMARY KEY AUTOINCREMENT NOT NULL, "name" varchar(255)) [0m
  [4;35;1mSQL (0.5ms)[0m   [0m SELECT name
 FROM sqlite_master
 WHERE type = 'table' AND NOT name = 'sqlite_sequence'
[0m
  [4;36;1mSQL (0.2ms)[0m   [0;1mCREATE TABLE "schema_migrations" ("version" varchar(255) NOT NULL) [0m
  [4;35;1mSQL (0.2ms)[0m   [0mCREATE UNIQUE INDEX "unique_schema_migrations" ON "schema_migrations" ("version")[0m
  [4;36;1mSQL (0.5ms)[0m   [0;1m SELECT name
 FROM sqlite_master
 WHERE type = 'table' AND NOT name = 'sqlite_sequence'
[0m
  [4;35;1mSQL (0.1ms)[0m   [0mSELECT version FROM "schema_migrations"[0m
  [4;36;1mSQL (0.1ms)[0m   [0;1mINSERT INTO "schema_migrations" (version) VALUES ('1')[0m
Unable to load roles_user, underlying cause no such file to load -- roles_user.rb 

 /usr/lib/ruby/gems/1.8/gems/activesupport-2.2.2/lib/active_support/dependencies.rb:382:in `load_without_new_constant_marking'
/usr/lib/ruby/gems/1.8/gems/activesupport-2.2.2/lib/active_support/dependencies.rb:382:in `load_file'
/usr/lib/ruby/gems/1.8/gems/activesupport-2.2.2/lib/active_support/dependencies.rb:521:in `new_constants_in'
/usr/lib/ruby/gems/1.8/gems/activesupport-2.2.2/lib/active_support/dependencies.rb:381:in `load_file'
/usr/lib/ruby/gems/1.8/gems/activesupport-2.2.2/lib/active_support/dependencies.rb:256:in `require_or_load'
/usr/lib/ruby/gems/1.8/gems/activesupport-2.2.2/lib/active_support/dependencies.rb:221:in `depend_on'
/usr/lib/ruby/gems/1.8/gems/activesupport-2.2.2/lib/active_support/dependencies.rb:133:in `require_dependency'
/usr/lib/ruby/gems/1.8/gems/activerecord-2.2.2/lib/active_record/fixtures.rb:856:in `try_to_load_dependency'
/usr/lib/ruby/gems/1.8/gems/activerecord-2.2.2/lib/active_record/fixtures.rb:871:in `require_fixture_classes'
/usr/lib/ruby/gems/1.8/gems/activerecord-2.2.2/lib/active_record/fixtures.rb:868:in `each'
/usr/lib/ruby/gems/1.8/gems/activerecord-2.2.2/lib/active_record/fixtures.rb:868:in `require_fixture_classes'
/usr/lib/ruby/gems/1.8/gems/activerecord-2.2.2/lib/active_record/fixtures.rb:851:in `fixtures'
./test/unit/../test_helper.rb:35
./test/unit/nested_assignment_test.rb:1:in `require'
./test/unit/nested_assignment_test.rb:1
/usr/lib/ruby/gems/1.8/gems/rake-0.8.3/lib/rake/rake_test_loader.rb:5:in `load'
/usr/lib/ruby/gems/1.8/gems/rake-0.8.3/lib/rake/rake_test_loader.rb:5
/usr/lib/ruby/gems/1.8/gems/rake-0.8.3/lib/rake/rake_test_loader.rb:5:in `each'
/usr/lib/ruby/gems/1.8/gems/rake-0.8.3/lib/rake/rake_test_loader.rb:5
Unable to load service, underlying cause no such file to load -- service.rb 

 /usr/lib/ruby/gems/1.8/gems/activesupport-2.2.2/lib/active_support/dependencies.rb:382:in `load_without_new_constant_marking'
/usr/lib/ruby/gems/1.8/gems/activesupport-2.2.2/lib/active_support/dependencies.rb:382:in `load_file'
/usr/lib/ruby/gems/1.8/gems/activesupport-2.2.2/lib/active_support/dependencies.rb:521:in `new_constants_in'
/usr/lib/ruby/gems/1.8/gems/activesupport-2.2.2/lib/active_support/dependencies.rb:381:in `load_file'
/usr/lib/ruby/gems/1.8/gems/activesupport-2.2.2/lib/active_support/dependencies.rb:256:in `require_or_load'
/usr/lib/ruby/gems/1.8/gems/activesupport-2.2.2/lib/active_support/dependencies.rb:221:in `depend_on'
/usr/lib/ruby/gems/1.8/gems/activesupport-2.2.2/lib/active_support/dependencies.rb:133:in `require_dependency'
/usr/lib/ruby/gems/1.8/gems/activerecord-2.2.2/lib/active_record/fixtures.rb:856:in `try_to_load_dependency'
/usr/lib/ruby/gems/1.8/gems/activerecord-2.2.2/lib/active_record/fixtures.rb:871:in `require_fixture_classes'
/usr/lib/ruby/gems/1.8/gems/activerecord-2.2.2/lib/active_record/fixtures.rb:868:in `each'
/usr/lib/ruby/gems/1.8/gems/activerecord-2.2.2/lib/active_record/fixtures.rb:868:in `require_fixture_classes'
/usr/lib/ruby/gems/1.8/gems/activerecord-2.2.2/lib/active_record/fixtures.rb:851:in `fixtures'
./test/unit/../test_helper.rb:35
./test/unit/nested_assignment_test.rb:1:in `require'
./test/unit/nested_assignment_test.rb:1
/usr/lib/ruby/gems/1.8/gems/rake-0.8.3/lib/rake/rake_test_loader.rb:5:in `load'
/usr/lib/ruby/gems/1.8/gems/rake-0.8.3/lib/rake/rake_test_loader.rb:5
/usr/lib/ruby/gems/1.8/gems/rake-0.8.3/lib/rake/rake_test_loader.rb:5:in `each'
/usr/lib/ruby/gems/1.8/gems/rake-0.8.3/lib/rake/rake_test_loader.rb:5
Unable to load subscription, underlying cause no such file to load -- subscription.rb 

 /usr/lib/ruby/gems/1.8/gems/activesupport-2.2.2/lib/active_support/dependencies.rb:382:in `load_without_new_constant_marking'
/usr/lib/ruby/gems/1.8/gems/activesupport-2.2.2/lib/active_support/dependencies.rb:382:in `load_file'
/usr/lib/ruby/gems/1.8/gems/activesupport-2.2.2/lib/active_support/dependencies.rb:521:in `new_constants_in'
/usr/lib/ruby/gems/1.8/gems/activesupport-2.2.2/lib/active_support/dependencies.rb:381:in `load_file'
/usr/lib/ruby/gems/1.8/gems/activesupport-2.2.2/lib/active_support/dependencies.rb:256:in `require_or_load'
/usr/lib/ruby/gems/1.8/gems/activesupport-2.2.2/lib/active_support/dependencies.rb:221:in `depend_on'
/usr/lib/ruby/gems/1.8/gems/activesupport-2.2.2/lib/active_support/dependencies.rb:133:in `require_dependency'
/usr/lib/ruby/gems/1.8/gems/activerecord-2.2.2/lib/active_record/fixtures.rb:856:in `try_to_load_dependency'
/usr/lib/ruby/gems/1.8/gems/activerecord-2.2.2/lib/active_record/fixtures.rb:871:in `require_fixture_classes'
/usr/lib/ruby/gems/1.8/gems/activerecord-2.2.2/lib/active_record/fixtures.rb:868:in `each'
/usr/lib/ruby/gems/1.8/gems/activerecord-2.2.2/lib/active_record/fixtures.rb:868:in `require_fixture_classes'
/usr/lib/ruby/gems/1.8/gems/activerecord-2.2.2/lib/active_record/fixtures.rb:851:in `fixtures'
./test/unit/../test_helper.rb:35
./test/unit/nested_assignment_test.rb:1:in `require'
./test/unit/nested_assignment_test.rb:1
/usr/lib/ruby/gems/1.8/gems/rake-0.8.3/lib/rake/rake_test_loader.rb:5:in `load'
/usr/lib/ruby/gems/1.8/gems/rake-0.8.3/lib/rake/rake_test_loader.rb:5
/usr/lib/ruby/gems/1.8/gems/rake-0.8.3/lib/rake/rake_test_loader.rb:5:in `each'
/usr/lib/ruby/gems/1.8/gems/rake-0.8.3/lib/rake/rake_test_loader.rb:5
Unable to load address, underlying cause no such file to load -- address.rb 

 /usr/lib/ruby/gems/1.8/gems/activesupport-2.2.2/lib/active_support/dependencies.rb:382:in `load_without_new_constant_marking'
/usr/lib/ruby/gems/1.8/gems/activesupport-2.2.2/lib/active_support/dependencies.rb:382:in `load_file'
/usr/lib/ruby/gems/1.8/gems/activesupport-2.2.2/lib/active_support/dependencies.rb:521:in `new_constants_in'
/usr/lib/ruby/gems/1.8/gems/activesupport-2.2.2/lib/active_support/dependencies.rb:381:in `load_file'
/usr/lib/ruby/gems/1.8/gems/activesupport-2.2.2/lib/active_support/dependencies.rb:256:in `require_or_load'
/usr/lib/ruby/gems/1.8/gems/activesupport-2.2.2/lib/active_support/dependencies.rb:221:in `depend_on'
/usr/lib/ruby/gems/1.8/gems/activesupport-2.2.2/lib/active_support/dependencies.rb:133:in `require_dependency'
/usr/lib/ruby/gems/1.8/gems/activerecord-2.2.2/lib/active_record/fixtures.rb:856:in `try_to_load_dependency'
/usr/lib/ruby/gems/1.8/gems/activerecord-2.2.2/lib/active_record/fixtures.rb:871:in `require_fixture_classes'
/usr/lib/ruby/gems/1.8/gems/activerecord-2.2.2/lib/active_record/fixtures.rb:868:in `each'
/usr/lib/ruby/gems/1.8/gems/activerecord-2.2.2/lib/active_record/fixtures.rb:868:in `require_fixture_classes'
/usr/lib/ruby/gems/1.8/gems/activerecord-2.2.2/lib/active_record/fixtures.rb:851:in `fixtures'
./test/unit/../test_helper.rb:35
./test/unit/nested_assignment_test.rb:1:in `require'
./test/unit/nested_assignment_test.rb:1
/usr/lib/ruby/gems/1.8/gems/rake-0.8.3/lib/rake/rake_test_loader.rb:5:in `load'
/usr/lib/ruby/gems/1.8/gems/rake-0.8.3/lib/rake/rake_test_loader.rb:5
/usr/lib/ruby/gems/1.8/gems/rake-0.8.3/lib/rake/rake_test_loader.rb:5:in `each'
/usr/lib/ruby/gems/1.8/gems/rake-0.8.3/lib/rake/rake_test_loader.rb:5
Unable to load user, underlying cause no such file to load -- user.rb 

 /usr/lib/ruby/gems/1.8/gems/activesupport-2.2.2/lib/active_support/dependencies.rb:382:in `load_without_new_constant_marking'
/usr/lib/ruby/gems/1.8/gems/activesupport-2.2.2/lib/active_support/dependencies.rb:382:in `load_file'
/usr/lib/ruby/gems/1.8/gems/activesupport-2.2.2/lib/active_support/dependencies.rb:521:in `new_constants_in'
/usr/lib/ruby/gems/1.8/gems/activesupport-2.2.2/lib/active_support/dependencies.rb:381:in `load_file'
/usr/lib/ruby/gems/1.8/gems/activesupport-2.2.2/lib/active_support/dependencies.rb:256:in `require_or_load'
/usr/lib/ruby/gems/1.8/gems/activesupport-2.2.2/lib/active_support/dependencies.rb:221:in `depend_on'
/usr/lib/ruby/gems/1.8/gems/activesupport-2.2.2/lib/active_support/dependencies.rb:133:in `require_dependency'
/usr/lib/ruby/gems/1.8/gems/activerecord-2.2.2/lib/active_record/fixtures.rb:856:in `try_to_load_dependency'
/usr/lib/ruby/gems/1.8/gems/activerecord-2.2.2/lib/active_record/fixtures.rb:871:in `require_fixture_classes'
/usr/lib/ruby/gems/1.8/gems/activerecord-2.2.2/lib/active_record/fixtures.rb:868:in `each'
/usr/lib/ruby/gems/1.8/gems/activerecord-2.2.2/lib/active_record/fixtures.rb:868:in `require_fixture_classes'
/usr/lib/ruby/gems/1.8/gems/activerecord-2.2.2/lib/active_record/fixtures.rb:851:in `fixtures'
./test/unit/../test_helper.rb:35
./test/unit/nested_assignment_test.rb:1:in `require'
./test/unit/nested_assignment_test.rb:1
/usr/lib/ruby/gems/1.8/gems/rake-0.8.3/lib/rake/rake_test_loader.rb:5:in `load'
/usr/lib/ruby/gems/1.8/gems/rake-0.8.3/lib/rake/rake_test_loader.rb:5
/usr/lib/ruby/gems/1.8/gems/rake-0.8.3/lib/rake/rake_test_loader.rb:5:in `each'
/usr/lib/ruby/gems/1.8/gems/rake-0.8.3/lib/rake/rake_test_loader.rb:5
Unable to load role, underlying cause no such file to load -- role.rb 

 /usr/lib/ruby/gems/1.8/gems/activesupport-2.2.2/lib/active_support/dependencies.rb:382:in `load_without_new_constant_marking'
/usr/lib/ruby/gems/1.8/gems/activesupport-2.2.2/lib/active_support/dependencies.rb:382:in `load_file'
/usr/lib/ruby/gems/1.8/gems/activesupport-2.2.2/lib/active_support/dependencies.rb:521:in `new_constants_in'
/usr/lib/ruby/gems/1.8/gems/activesupport-2.2.2/lib/active_support/dependencies.rb:381:in `load_file'
/usr/lib/ruby/gems/1.8/gems/activesupport-2.2.2/lib/active_support/dependencies.rb:256:in `require_or_load'
/usr/lib/ruby/gems/1.8/gems/activesupport-2.2.2/lib/active_support/dependencies.rb:221:in `depend_on'
/usr/lib/ruby/gems/1.8/gems/activesupport-2.2.2/lib/active_support/dependencies.rb:133:in `require_dependency'
/usr/lib/ruby/gems/1.8/gems/activerecord-2.2.2/lib/active_record/fixtures.rb:856:in `try_to_load_dependency'
/usr/lib/ruby/gems/1.8/gems/activerecord-2.2.2/lib/active_record/fixtures.rb:871:in `require_fixture_classes'
/usr/lib/ruby/gems/1.8/gems/activerecord-2.2.2/lib/active_record/fixtures.rb:868:in `each'
/usr/lib/ruby/gems/1.8/gems/activerecord-2.2.2/lib/active_record/fixtures.rb:868:in `require_fixture_classes'
/usr/lib/ruby/gems/1.8/gems/activerecord-2.2.2/lib/active_record/fixtures.rb:851:in `fixtures'
./test/unit/../test_helper.rb:35
./test/unit/nested_assignment_test.rb:1:in `require'
./test/unit/nested_assignment_test.rb:1
/usr/lib/ruby/gems/1.8/gems/rake-0.8.3/lib/rake/rake_test_loader.rb:5:in `load'
/usr/lib/ruby/gems/1.8/gems/rake-0.8.3/lib/rake/rake_test_loader.rb:5
/usr/lib/ruby/gems/1.8/gems/rake-0.8.3/lib/rake/rake_test_loader.rb:5:in `each'
/usr/lib/ruby/gems/1.8/gems/rake-0.8.3/lib/rake/rake_test_loader.rb:5
  [4;35;1mPluginTestModels::User Load (0.2ms)[0m   [0mSELECT * FROM "users" WHERE ("users"."id" = 1) [0m
  [4;36;1mPluginTestModels::Subscription Load (0.2ms)[0m   [0;1mSELECT * FROM "subscriptions" WHERE ("subscriptions"."id" = 1) [0m
  [4;35;1mPluginTestModels::User Load (0.2ms)[0m   [0mSELECT * FROM "users" WHERE ("users"."id" = 1) [0m
  [4;36;1mPluginTestModels::Subscription Load (0.2ms)[0m   [0;1mSELECT * FROM "subscriptions" WHERE ("subscriptions"."id" = 1) [0m
  [4;35;1mPluginTestModels::User Load (0.2ms)[0m   [0mSELECT * FROM "users" WHERE ("users"."id" = 1) [0m
  [4;36;1mPluginTestModels::Subscription Load (0.2ms)[0m   [0;1mSELECT * FROM "subscriptions" WHERE ("subscriptions"."id" = 1) [0m
  [4;35;1mPluginTestModels::Subscription Load (0.2ms)[0m   [0mSELECT * FROM "subscriptions" WHERE ("subscriptions".user_id = 1) LIMIT 1[0m
  [4;36;1mPluginTestModels::Subscription Update (0.1ms)[0m   [0;1mUPDATE "subscriptions" SET "user_id" = NULL WHERE "id" = 1[0m
WARNING: Can't mass-assign these protected attributes: id
  [4;35;1mPluginTestModels::User Load (0.2ms)[0m   [0mSELECT * FROM "users" LIMIT 1[0m
  [4;36;1mPluginTestModels::User Load (0.2ms)[0m   [0;1mSELECT * FROM "users" LIMIT 1[0m
  [4;35;1mPluginTestModels::Role Load (0.3ms)[0m   [0mSELECT * FROM "roles" INNER JOIN "roles_users" ON "roles".id = "roles_users".role_id WHERE ("roles_users".user_id = 1 ) [0m
  [4;36;1mPluginTestModels::User Load (0.2ms)[0m   [0;1mSELECT * FROM "users" LIMIT 1[0m
  [4;35;1mPluginTestModels::Role Load (0.3ms)[0m   [0mSELECT * FROM "roles" INNER JOIN "roles_users" ON "roles".id = "roles_users".role_id WHERE ("roles_users".user_id = 1 ) [0m
  [4;36;1mPluginTestModels::User Load (0.2ms)[0m   [0;1mSELECT * FROM "users" LIMIT 1[0m
  [4;35;1mPluginTestModels::Address Load (0.3ms)[0m   [0mSELECT * FROM "addresses" WHERE ("addresses".addressable_id = 1 AND "addresses".addressable_type = 'PluginTestModels::User') LIMIT 1[0m
  [4;36;1mSQL (0.3ms)[0m   [0;1mselect sqlite_version(*)[0m
  [4;35;1mSQL (0.2ms)[0m   [0m SELECT name
 FROM sqlite_master
 WHERE type = 'table' AND NOT name = 'sqlite_sequence'
[0m
  [4;36;1mSQL (0.4ms)[0m   [0;1mCREATE TABLE "addresses" ("id" INTEGER PRIMARY KEY AUTOINCREMENT NOT NULL, "name" varchar(255), "addressable_id" integer, "addressable_type" varchar(255)) [0m
  [4;35;1mSQL (0.2ms)[0m   [0m SELECT name
 FROM sqlite_master
 WHERE type = 'table' AND NOT name = 'sqlite_sequence'
[0m
  [4;36;1mSQL (0.2ms)[0m   [0;1mCREATE TABLE "users" ("id" INTEGER PRIMARY KEY AUTOINCREMENT NOT NULL, "name" varchar(255)) [0m
  [4;35;1mSQL (0.2ms)[0m   [0m SELECT name
 FROM sqlite_master
 WHERE type = 'table' AND NOT name = 'sqlite_sequence'
[0m
  [4;36;1mSQL (0.2ms)[0m   [0;1mCREATE TABLE "roles_users" ("user_id" integer, "role_id" integer) [0m
  [4;35;1mSQL (0.3ms)[0m   [0m SELECT name
 FROM sqlite_master
 WHERE type = 'table' AND NOT name = 'sqlite_sequence'
[0m
  [4;36;1mSQL (0.2ms)[0m   [0;1mCREATE TABLE "services" ("id" INTEGER PRIMARY KEY AUTOINCREMENT NOT NULL, "name" varchar(255)) [0m
  [4;35;1mSQL (0.4ms)[0m   [0m SELECT name
 FROM sqlite_master
 WHERE type = 'table' AND NOT name = 'sqlite_sequence'
[0m
  [4;36;1mSQL (0.2ms)[0m   [0;1mCREATE TABLE "subscriptions" ("id" INTEGER PRIMARY KEY AUTOINCREMENT NOT NULL, "name" varchar(255), "service_id" integer, "user_id" integer) [0m
  [4;35;1mSQL (0.4ms)[0m   [0m SELECT name
 FROM sqlite_master
 WHERE type = 'table' AND NOT name = 'sqlite_sequence'
[0m
  [4;36;1mSQL (0.2ms)[0m   [0;1mCREATE TABLE "roles" ("id" INTEGER PRIMARY KEY AUTOINCREMENT NOT NULL, "name" varchar(255)) [0m
  [4;35;1mSQL (0.5ms)[0m   [0m SELECT name
 FROM sqlite_master
 WHERE type = 'table' AND NOT name = 'sqlite_sequence'
[0m
  [4;36;1mSQL (0.2ms)[0m   [0;1mCREATE TABLE "schema_migrations" ("version" varchar(255) NOT NULL) [0m
  [4;35;1mSQL (0.2ms)[0m   [0mCREATE UNIQUE INDEX "unique_schema_migrations" ON "schema_migrations" ("version")[0m
  [4;36;1mSQL (0.6ms)[0m   [0;1m SELECT name
 FROM sqlite_master
 WHERE type = 'table' AND NOT name = 'sqlite_sequence'
[0m
  [4;35;1mSQL (0.1ms)[0m   [0mSELECT version FROM "schema_migrations"[0m
  [4;36;1mSQL (0.1ms)[0m   [0;1mINSERT INTO "schema_migrations" (version) VALUES ('1')[0m
Unable to load roles_user, underlying cause no such file to load -- roles_user.rb 

 /usr/lib/ruby/gems/1.8/gems/activesupport-2.2.2/lib/active_support/dependencies.rb:382:in `load_without_new_constant_marking'
/usr/lib/ruby/gems/1.8/gems/activesupport-2.2.2/lib/active_support/dependencies.rb:382:in `load_file'
/usr/lib/ruby/gems/1.8/gems/activesupport-2.2.2/lib/active_support/dependencies.rb:521:in `new_constants_in'
/usr/lib/ruby/gems/1.8/gems/activesupport-2.2.2/lib/active_support/dependencies.rb:381:in `load_file'
/usr/lib/ruby/gems/1.8/gems/activesupport-2.2.2/lib/active_support/dependencies.rb:256:in `require_or_load'
/usr/lib/ruby/gems/1.8/gems/activesupport-2.2.2/lib/active_support/dependencies.rb:221:in `depend_on'
/usr/lib/ruby/gems/1.8/gems/activesupport-2.2.2/lib/active_support/dependencies.rb:133:in `require_dependency'
/usr/lib/ruby/gems/1.8/gems/activerecord-2.2.2/lib/active_record/fixtures.rb:856:in `try_to_load_dependency'
/usr/lib/ruby/gems/1.8/gems/activerecord-2.2.2/lib/active_record/fixtures.rb:871:in `require_fixture_classes'
/usr/lib/ruby/gems/1.8/gems/activerecord-2.2.2/lib/active_record/fixtures.rb:868:in `each'
/usr/lib/ruby/gems/1.8/gems/activerecord-2.2.2/lib/active_record/fixtures.rb:868:in `require_fixture_classes'
/usr/lib/ruby/gems/1.8/gems/activerecord-2.2.2/lib/active_record/fixtures.rb:851:in `fixtures'
./test/unit/../test_helper.rb:35
./test/unit/nested_assignment_test.rb:1:in `require'
./test/unit/nested_assignment_test.rb:1
/usr/lib/ruby/gems/1.8/gems/rake-0.8.3/lib/rake/rake_test_loader.rb:5:in `load'
/usr/lib/ruby/gems/1.8/gems/rake-0.8.3/lib/rake/rake_test_loader.rb:5
/usr/lib/ruby/gems/1.8/gems/rake-0.8.3/lib/rake/rake_test_loader.rb:5:in `each'
/usr/lib/ruby/gems/1.8/gems/rake-0.8.3/lib/rake/rake_test_loader.rb:5
Unable to load service, underlying cause no such file to load -- service.rb 

 /usr/lib/ruby/gems/1.8/gems/activesupport-2.2.2/lib/active_support/dependencies.rb:382:in `load_without_new_constant_marking'
/usr/lib/ruby/gems/1.8/gems/activesupport-2.2.2/lib/active_support/dependencies.rb:382:in `load_file'
/usr/lib/ruby/gems/1.8/gems/activesupport-2.2.2/lib/active_support/dependencies.rb:521:in `new_constants_in'
/usr/lib/ruby/gems/1.8/gems/activesupport-2.2.2/lib/active_support/dependencies.rb:381:in `load_file'
/usr/lib/ruby/gems/1.8/gems/activesupport-2.2.2/lib/active_support/dependencies.rb:256:in `require_or_load'
/usr/lib/ruby/gems/1.8/gems/activesupport-2.2.2/lib/active_support/dependencies.rb:221:in `depend_on'
/usr/lib/ruby/gems/1.8/gems/activesupport-2.2.2/lib/active_support/dependencies.rb:133:in `require_dependency'
/usr/lib/ruby/gems/1.8/gems/activerecord-2.2.2/lib/active_record/fixtures.rb:856:in `try_to_load_dependency'
/usr/lib/ruby/gems/1.8/gems/activerecord-2.2.2/lib/active_record/fixtures.rb:871:in `require_fixture_classes'
/usr/lib/ruby/gems/1.8/gems/activerecord-2.2.2/lib/active_record/fixtures.rb:868:in `each'
/usr/lib/ruby/gems/1.8/gems/activerecord-2.2.2/lib/active_record/fixtures.rb:868:in `require_fixture_classes'
/usr/lib/ruby/gems/1.8/gems/activerecord-2.2.2/lib/active_record/fixtures.rb:851:in `fixtures'
./test/unit/../test_helper.rb:35
./test/unit/nested_assignment_test.rb:1:in `require'
./test/unit/nested_assignment_test.rb:1
/usr/lib/ruby/gems/1.8/gems/rake-0.8.3/lib/rake/rake_test_loader.rb:5:in `load'
/usr/lib/ruby/gems/1.8/gems/rake-0.8.3/lib/rake/rake_test_loader.rb:5
/usr/lib/ruby/gems/1.8/gems/rake-0.8.3/lib/rake/rake_test_loader.rb:5:in `each'
/usr/lib/ruby/gems/1.8/gems/rake-0.8.3/lib/rake/rake_test_loader.rb:5
Unable to load subscription, underlying cause no such file to load -- subscription.rb 

 /usr/lib/ruby/gems/1.8/gems/activesupport-2.2.2/lib/active_support/dependencies.rb:382:in `load_without_new_constant_marking'
/usr/lib/ruby/gems/1.8/gems/activesupport-2.2.2/lib/active_support/dependencies.rb:382:in `load_file'
/usr/lib/ruby/gems/1.8/gems/activesupport-2.2.2/lib/active_support/dependencies.rb:521:in `new_constants_in'
/usr/lib/ruby/gems/1.8/gems/activesupport-2.2.2/lib/active_support/dependencies.rb:381:in `load_file'
/usr/lib/ruby/gems/1.8/gems/activesupport-2.2.2/lib/active_support/dependencies.rb:256:in `require_or_load'
/usr/lib/ruby/gems/1.8/gems/activesupport-2.2.2/lib/active_support/dependencies.rb:221:in `depend_on'
/usr/lib/ruby/gems/1.8/gems/activesupport-2.2.2/lib/active_support/dependencies.rb:133:in `require_dependency'
/usr/lib/ruby/gems/1.8/gems/activerecord-2.2.2/lib/active_record/fixtures.rb:856:in `try_to_load_dependency'
/usr/lib/ruby/gems/1.8/gems/activerecord-2.2.2/lib/active_record/fixtures.rb:871:in `require_fixture_classes'
/usr/lib/ruby/gems/1.8/gems/activerecord-2.2.2/lib/active_record/fixtures.rb:868:in `each'
/usr/lib/ruby/gems/1.8/gems/activerecord-2.2.2/lib/active_record/fixtures.rb:868:in `require_fixture_classes'
/usr/lib/ruby/gems/1.8/gems/activerecord-2.2.2/lib/active_record/fixtures.rb:851:in `fixtures'
./test/unit/../test_helper.rb:35
./test/unit/nested_assignment_test.rb:1:in `require'
./test/unit/nested_assignment_test.rb:1
/usr/lib/ruby/gems/1.8/gems/rake-0.8.3/lib/rake/rake_test_loader.rb:5:in `load'
/usr/lib/ruby/gems/1.8/gems/rake-0.8.3/lib/rake/rake_test_loader.rb:5
/usr/lib/ruby/gems/1.8/gems/rake-0.8.3/lib/rake/rake_test_loader.rb:5:in `each'
/usr/lib/ruby/gems/1.8/gems/rake-0.8.3/lib/rake/rake_test_loader.rb:5
Unable to load address, underlying cause no such file to load -- address.rb 

 /usr/lib/ruby/gems/1.8/gems/activesupport-2.2.2/lib/active_support/dependencies.rb:382:in `load_without_new_constant_marking'
/usr/lib/ruby/gems/1.8/gems/activesupport-2.2.2/lib/active_support/dependencies.rb:382:in `load_file'
/usr/lib/ruby/gems/1.8/gems/activesupport-2.2.2/lib/active_support/dependencies.rb:521:in `new_constants_in'
/usr/lib/ruby/gems/1.8/gems/activesupport-2.2.2/lib/active_support/dependencies.rb:381:in `load_file'
/usr/lib/ruby/gems/1.8/gems/activesupport-2.2.2/lib/active_support/dependencies.rb:256:in `require_or_load'
/usr/lib/ruby/gems/1.8/gems/activesupport-2.2.2/lib/active_support/dependencies.rb:221:in `depend_on'
/usr/lib/ruby/gems/1.8/gems/activesupport-2.2.2/lib/active_support/dependencies.rb:133:in `require_dependency'
/usr/lib/ruby/gems/1.8/gems/activerecord-2.2.2/lib/active_record/fixtures.rb:856:in `try_to_load_dependency'
/usr/lib/ruby/gems/1.8/gems/activerecord-2.2.2/lib/active_record/fixtures.rb:871:in `require_fixture_classes'
/usr/lib/ruby/gems/1.8/gems/activerecord-2.2.2/lib/active_record/fixtures.rb:868:in `each'
/usr/lib/ruby/gems/1.8/gems/activerecord-2.2.2/lib/active_record/fixtures.rb:868:in `require_fixture_classes'
/usr/lib/ruby/gems/1.8/gems/activerecord-2.2.2/lib/active_record/fixtures.rb:851:in `fixtures'
./test/unit/../test_helper.rb:35
./test/unit/nested_assignment_test.rb:1:in `require'
./test/unit/nested_assignment_test.rb:1
/usr/lib/ruby/gems/1.8/gems/rake-0.8.3/lib/rake/rake_test_loader.rb:5:in `load'
/usr/lib/ruby/gems/1.8/gems/rake-0.8.3/lib/rake/rake_test_loader.rb:5
/usr/lib/ruby/gems/1.8/gems/rake-0.8.3/lib/rake/rake_test_loader.rb:5:in `each'
/usr/lib/ruby/gems/1.8/gems/rake-0.8.3/lib/rake/rake_test_loader.rb:5
Unable to load user, underlying cause no such file to load -- user.rb 

 /usr/lib/ruby/gems/1.8/gems/activesupport-2.2.2/lib/active_support/dependencies.rb:382:in `load_without_new_constant_marking'
/usr/lib/ruby/gems/1.8/gems/activesupport-2.2.2/lib/active_support/dependencies.rb:382:in `load_file'
/usr/lib/ruby/gems/1.8/gems/activesupport-2.2.2/lib/active_support/dependencies.rb:521:in `new_constants_in'
/usr/lib/ruby/gems/1.8/gems/activesupport-2.2.2/lib/active_support/dependencies.rb:381:in `load_file'
/usr/lib/ruby/gems/1.8/gems/activesupport-2.2.2/lib/active_support/dependencies.rb:256:in `require_or_load'
/usr/lib/ruby/gems/1.8/gems/activesupport-2.2.2/lib/active_support/dependencies.rb:221:in `depend_on'
/usr/lib/ruby/gems/1.8/gems/activesupport-2.2.2/lib/active_support/dependencies.rb:133:in `require_dependency'
/usr/lib/ruby/gems/1.8/gems/activerecord-2.2.2/lib/active_record/fixtures.rb:856:in `try_to_load_dependency'
/usr/lib/ruby/gems/1.8/gems/activerecord-2.2.2/lib/active_record/fixtures.rb:871:in `require_fixture_classes'
/usr/lib/ruby/gems/1.8/gems/activerecord-2.2.2/lib/active_record/fixtures.rb:868:in `each'
/usr/lib/ruby/gems/1.8/gems/activerecord-2.2.2/lib/active_record/fixtures.rb:868:in `require_fixture_classes'
/usr/lib/ruby/gems/1.8/gems/activerecord-2.2.2/lib/active_record/fixtures.rb:851:in `fixtures'
./test/unit/../test_helper.rb:35
./test/unit/nested_assignment_test.rb:1:in `require'
./test/unit/nested_assignment_test.rb:1
/usr/lib/ruby/gems/1.8/gems/rake-0.8.3/lib/rake/rake_test_loader.rb:5:in `load'
/usr/lib/ruby/gems/1.8/gems/rake-0.8.3/lib/rake/rake_test_loader.rb:5
/usr/lib/ruby/gems/1.8/gems/rake-0.8.3/lib/rake/rake_test_loader.rb:5:in `each'
/usr/lib/ruby/gems/1.8/gems/rake-0.8.3/lib/rake/rake_test_loader.rb:5
Unable to load role, underlying cause no such file to load -- role.rb 

 /usr/lib/ruby/gems/1.8/gems/activesupport-2.2.2/lib/active_support/dependencies.rb:382:in `load_without_new_constant_marking'
/usr/lib/ruby/gems/1.8/gems/activesupport-2.2.2/lib/active_support/dependencies.rb:382:in `load_file'
/usr/lib/ruby/gems/1.8/gems/activesupport-2.2.2/lib/active_support/dependencies.rb:521:in `new_constants_in'
/usr/lib/ruby/gems/1.8/gems/activesupport-2.2.2/lib/active_support/dependencies.rb:381:in `load_file'
/usr/lib/ruby/gems/1.8/gems/activesupport-2.2.2/lib/active_support/dependencies.rb:256:in `require_or_load'
/usr/lib/ruby/gems/1.8/gems/activesupport-2.2.2/lib/active_support/dependencies.rb:221:in `depend_on'
/usr/lib/ruby/gems/1.8/gems/activesupport-2.2.2/lib/active_support/dependencies.rb:133:in `require_dependency'
/usr/lib/ruby/gems/1.8/gems/activerecord-2.2.2/lib/active_record/fixtures.rb:856:in `try_to_load_dependency'
/usr/lib/ruby/gems/1.8/gems/activerecord-2.2.2/lib/active_record/fixtures.rb:871:in `require_fixture_classes'
/usr/lib/ruby/gems/1.8/gems/activerecord-2.2.2/lib/active_record/fixtures.rb:868:in `each'
/usr/lib/ruby/gems/1.8/gems/activerecord-2.2.2/lib/active_record/fixtures.rb:868:in `require_fixture_classes'
/usr/lib/ruby/gems/1.8/gems/activerecord-2.2.2/lib/active_record/fixtures.rb:851:in `fixtures'
./test/unit/../test_helper.rb:35
./test/unit/nested_assignment_test.rb:1:in `require'
./test/unit/nested_assignment_test.rb:1
/usr/lib/ruby/gems/1.8/gems/rake-0.8.3/lib/rake/rake_test_loader.rb:5:in `load'
/usr/lib/ruby/gems/1.8/gems/rake-0.8.3/lib/rake/rake_test_loader.rb:5
/usr/lib/ruby/gems/1.8/gems/rake-0.8.3/lib/rake/rake_test_loader.rb:5:in `each'
/usr/lib/ruby/gems/1.8/gems/rake-0.8.3/lib/rake/rake_test_loader.rb:5
  [4;35;1mPluginTestModels::User Load (0.2ms)[0m   [0mSELECT * FROM "users" WHERE ("users"."id" = 1) [0m
  [4;36;1mPluginTestModels::Subscription Load (0.2ms)[0m   [0;1mSELECT * FROM "subscriptions" WHERE ("subscriptions"."id" = 1) [0m
  [4;35;1mPluginTestModels::Subscription Load (0.2ms)[0m   [0mSELECT * FROM "subscriptions" WHERE ("subscriptions".user_id = 1) LIMIT 1[0m
  [4;36;1mPluginTestModels::Subscription Update (0.1ms)[0m   [0;1mUPDATE "subscriptions" SET "user_id" = NULL WHERE "id" = 1[0m
WARNING: Can't mass-assign these protected attributes: id
  [4;35;1mPluginTestModels::Subscription Load (0.2ms)[0m   [0mSELECT * FROM "subscriptions" WHERE ("subscriptions"."id" = 1) [0m
  [4;36;1mPluginTestModels::Subscription Create (0.1ms)[0m   [0;1mINSERT INTO "subscriptions" ("name", "service_id", "user_id") VALUES('Bobtastic', NULL, 1)[0m
  [4;35;1mPluginTestModels::Subscription Load (0.2ms)[0m   [0mSELECT * FROM "subscriptions" WHERE ("subscriptions"."id" = 1) [0m
  [4;36;1mPluginTestModels::User Load (0.2ms)[0m   [0;1mSELECT * FROM "users" WHERE ("users"."id" = 1) [0m
  [4;35;1mPluginTestModels::Subscription Load (0.2ms)[0m   [0mSELECT * FROM "subscriptions" WHERE ("subscriptions"."id" = 1) [0m
  [4;36;1mPluginTestModels::Subscription Load (0.2ms)[0m   [0;1mSELECT * FROM "subscriptions" WHERE ("subscriptions".user_id = 1) LIMIT 1[0m
  [4;35;1mPluginTestModels::Subscription Update (0.1ms)[0m   [0mUPDATE "subscriptions" SET "user_id" = NULL WHERE "id" = 1[0m
  [4;36;1mPluginTestModels::Subscription Load (0.2ms)[0m   [0;1mSELECT * FROM "subscriptions" WHERE ("subscriptions"."id" = 1) [0m
  [4;35;1mPluginTestModels::User Load (0.2ms)[0m   [0mSELECT * FROM "users" WHERE ("users"."id" = 1) [0m
  [4;36;1mPluginTestModels::Subscription Load (0.2ms)[0m   [0;1mSELECT * FROM "subscriptions" WHERE ("subscriptions"."id" = 1) [0m
  [4;35;1mPluginTestModels::Subscription Load (0.2ms)[0m   [0mSELECT * FROM "subscriptions" WHERE ("subscriptions".user_id = 1) LIMIT 1[0m
  [4;36;1mPluginTestModels::Subscription Update (0.1ms)[0m   [0;1mUPDATE "subscriptions" SET "user_id" = NULL WHERE "id" = 1[0m
WARNING: Can't mass-assign these protected attributes: id
  [4;35;1mPluginTestModels::User Load (0.2ms)[0m   [0mSELECT * FROM "users" LIMIT 1[0m
  [4;36;1mPluginTestModels::User Load (0.2ms)[0m   [0;1mSELECT * FROM "users" LIMIT 1[0m
  [4;35;1mPluginTestModels::Role Load (0.3ms)[0m   [0mSELECT * FROM "roles" INNER JOIN "roles_users" ON "roles".id = "roles_users".role_id WHERE ("roles_users".user_id = 1 ) [0m
  [4;36;1mPluginTestModels::User Load (0.2ms)[0m   [0;1mSELECT * FROM "users" LIMIT 1[0m
  [4;35;1mPluginTestModels::Role Load (0.3ms)[0m   [0mSELECT * FROM "roles" INNER JOIN "roles_users" ON "roles".id = "roles_users".role_id WHERE ("roles_users".user_id = 1 ) [0m
  [4;36;1mPluginTestModels::User Load (0.2ms)[0m   [0;1mSELECT * FROM "users" LIMIT 1[0m
  [4;35;1mPluginTestModels::Address Load (0.3ms)[0m   [0mSELECT * FROM "addresses" WHERE ("addresses".addressable_id = 1 AND "addresses".addressable_type = 'PluginTestModels::User') LIMIT 1[0m
  [4;36;1mSQL (0.3ms)[0m   [0;1mselect sqlite_version(*)[0m
  [4;35;1mSQL (0.2ms)[0m   [0m SELECT name
 FROM sqlite_master
 WHERE type = 'table' AND NOT name = 'sqlite_sequence'
[0m
  [4;36;1mSQL (0.4ms)[0m   [0;1mCREATE TABLE "addresses" ("id" INTEGER PRIMARY KEY AUTOINCREMENT NOT NULL, "name" varchar(255), "addressable_id" integer, "addressable_type" varchar(255)) [0m
  [4;35;1mSQL (0.2ms)[0m   [0m SELECT name
 FROM sqlite_master
 WHERE type = 'table' AND NOT name = 'sqlite_sequence'
[0m
  [4;36;1mSQL (0.2ms)[0m   [0;1mCREATE TABLE "users" ("id" INTEGER PRIMARY KEY AUTOINCREMENT NOT NULL, "name" varchar(255)) [0m
  [4;35;1mSQL (0.2ms)[0m   [0m SELECT name
 FROM sqlite_master
 WHERE type = 'table' AND NOT name = 'sqlite_sequence'
[0m
  [4;36;1mSQL (0.2ms)[0m   [0;1mCREATE TABLE "roles_users" ("user_id" integer, "role_id" integer) [0m
  [4;35;1mSQL (0.3ms)[0m   [0m SELECT name
 FROM sqlite_master
 WHERE type = 'table' AND NOT name = 'sqlite_sequence'
[0m
  [4;36;1mSQL (0.2ms)[0m   [0;1mCREATE TABLE "services" ("id" INTEGER PRIMARY KEY AUTOINCREMENT NOT NULL, "name" varchar(255)) [0m
  [4;35;1mSQL (0.4ms)[0m   [0m SELECT name
 FROM sqlite_master
 WHERE type = 'table' AND NOT name = 'sqlite_sequence'
[0m
  [4;36;1mSQL (0.2ms)[0m   [0;1mCREATE TABLE "subscriptions" ("id" INTEGER PRIMARY KEY AUTOINCREMENT NOT NULL, "name" varchar(255), "service_id" integer, "user_id" integer) [0m
  [4;35;1mSQL (0.4ms)[0m   [0m SELECT name
 FROM sqlite_master
 WHERE type = 'table' AND NOT name = 'sqlite_sequence'
[0m
  [4;36;1mSQL (0.2ms)[0m   [0;1mCREATE TABLE "roles" ("id" INTEGER PRIMARY KEY AUTOINCREMENT NOT NULL, "name" varchar(255)) [0m
  [4;35;1mSQL (0.5ms)[0m   [0m SELECT name
 FROM sqlite_master
 WHERE type = 'table' AND NOT name = 'sqlite_sequence'
[0m
  [4;36;1mSQL (0.2ms)[0m   [0;1mCREATE TABLE "schema_migrations" ("version" varchar(255) NOT NULL) [0m
  [4;35;1mSQL (0.2ms)[0m   [0mCREATE UNIQUE INDEX "unique_schema_migrations" ON "schema_migrations" ("version")[0m
  [4;36;1mSQL (0.5ms)[0m   [0;1m SELECT name
 FROM sqlite_master
 WHERE type = 'table' AND NOT name = 'sqlite_sequence'
[0m
  [4;35;1mSQL (0.1ms)[0m   [0mSELECT version FROM "schema_migrations"[0m
  [4;36;1mSQL (0.1ms)[0m   [0;1mINSERT INTO "schema_migrations" (version) VALUES ('1')[0m
Unable to load roles_user, underlying cause no such file to load -- roles_user.rb 

 /usr/lib/ruby/gems/1.8/gems/activesupport-2.2.2/lib/active_support/dependencies.rb:382:in `load_without_new_constant_marking'
/usr/lib/ruby/gems/1.8/gems/activesupport-2.2.2/lib/active_support/dependencies.rb:382:in `load_file'
/usr/lib/ruby/gems/1.8/gems/activesupport-2.2.2/lib/active_support/dependencies.rb:521:in `new_constants_in'
/usr/lib/ruby/gems/1.8/gems/activesupport-2.2.2/lib/active_support/dependencies.rb:381:in `load_file'
/usr/lib/ruby/gems/1.8/gems/activesupport-2.2.2/lib/active_support/dependencies.rb:256:in `require_or_load'
/usr/lib/ruby/gems/1.8/gems/activesupport-2.2.2/lib/active_support/dependencies.rb:221:in `depend_on'
/usr/lib/ruby/gems/1.8/gems/activesupport-2.2.2/lib/active_support/dependencies.rb:133:in `require_dependency'
/usr/lib/ruby/gems/1.8/gems/activerecord-2.2.2/lib/active_record/fixtures.rb:856:in `try_to_load_dependency'
/usr/lib/ruby/gems/1.8/gems/activerecord-2.2.2/lib/active_record/fixtures.rb:871:in `require_fixture_classes'
/usr/lib/ruby/gems/1.8/gems/activerecord-2.2.2/lib/active_record/fixtures.rb:868:in `each'
/usr/lib/ruby/gems/1.8/gems/activerecord-2.2.2/lib/active_record/fixtures.rb:868:in `require_fixture_classes'
/usr/lib/ruby/gems/1.8/gems/activerecord-2.2.2/lib/active_record/fixtures.rb:851:in `fixtures'
./test/unit/../test_helper.rb:35
./test/unit/nested_assignment_test.rb:1:in `require'
./test/unit/nested_assignment_test.rb:1
/usr/lib/ruby/gems/1.8/gems/rake-0.8.3/lib/rake/rake_test_loader.rb:5:in `load'
/usr/lib/ruby/gems/1.8/gems/rake-0.8.3/lib/rake/rake_test_loader.rb:5
/usr/lib/ruby/gems/1.8/gems/rake-0.8.3/lib/rake/rake_test_loader.rb:5:in `each'
/usr/lib/ruby/gems/1.8/gems/rake-0.8.3/lib/rake/rake_test_loader.rb:5
Unable to load service, underlying cause no such file to load -- service.rb 

 /usr/lib/ruby/gems/1.8/gems/activesupport-2.2.2/lib/active_support/dependencies.rb:382:in `load_without_new_constant_marking'
/usr/lib/ruby/gems/1.8/gems/activesupport-2.2.2/lib/active_support/dependencies.rb:382:in `load_file'
/usr/lib/ruby/gems/1.8/gems/activesupport-2.2.2/lib/active_support/dependencies.rb:521:in `new_constants_in'
/usr/lib/ruby/gems/1.8/gems/activesupport-2.2.2/lib/active_support/dependencies.rb:381:in `load_file'
/usr/lib/ruby/gems/1.8/gems/activesupport-2.2.2/lib/active_support/dependencies.rb:256:in `require_or_load'
/usr/lib/ruby/gems/1.8/gems/activesupport-2.2.2/lib/active_support/dependencies.rb:221:in `depend_on'
/usr/lib/ruby/gems/1.8/gems/activesupport-2.2.2/lib/active_support/dependencies.rb:133:in `require_dependency'
/usr/lib/ruby/gems/1.8/gems/activerecord-2.2.2/lib/active_record/fixtures.rb:856:in `try_to_load_dependency'
/usr/lib/ruby/gems/1.8/gems/activerecord-2.2.2/lib/active_record/fixtures.rb:871:in `require_fixture_classes'
/usr/lib/ruby/gems/1.8/gems/activerecord-2.2.2/lib/active_record/fixtures.rb:868:in `each'
/usr/lib/ruby/gems/1.8/gems/activerecord-2.2.2/lib/active_record/fixtures.rb:868:in `require_fixture_classes'
/usr/lib/ruby/gems/1.8/gems/activerecord-2.2.2/lib/active_record/fixtures.rb:851:in `fixtures'
./test/unit/../test_helper.rb:35
./test/unit/nested_assignment_test.rb:1:in `require'
./test/unit/nested_assignment_test.rb:1
/usr/lib/ruby/gems/1.8/gems/rake-0.8.3/lib/rake/rake_test_loader.rb:5:in `load'
/usr/lib/ruby/gems/1.8/gems/rake-0.8.3/lib/rake/rake_test_loader.rb:5
/usr/lib/ruby/gems/1.8/gems/rake-0.8.3/lib/rake/rake_test_loader.rb:5:in `each'
/usr/lib/ruby/gems/1.8/gems/rake-0.8.3/lib/rake/rake_test_loader.rb:5
Unable to load subscription, underlying cause no such file to load -- subscription.rb 

 /usr/lib/ruby/gems/1.8/gems/activesupport-2.2.2/lib/active_support/dependencies.rb:382:in `load_without_new_constant_marking'
/usr/lib/ruby/gems/1.8/gems/activesupport-2.2.2/lib/active_support/dependencies.rb:382:in `load_file'
/usr/lib/ruby/gems/1.8/gems/activesupport-2.2.2/lib/active_support/dependencies.rb:521:in `new_constants_in'
/usr/lib/ruby/gems/1.8/gems/activesupport-2.2.2/lib/active_support/dependencies.rb:381:in `load_file'
/usr/lib/ruby/gems/1.8/gems/activesupport-2.2.2/lib/active_support/dependencies.rb:256:in `require_or_load'
/usr/lib/ruby/gems/1.8/gems/activesupport-2.2.2/lib/active_support/dependencies.rb:221:in `depend_on'
/usr/lib/ruby/gems/1.8/gems/activesupport-2.2.2/lib/active_support/dependencies.rb:133:in `require_dependency'
/usr/lib/ruby/gems/1.8/gems/activerecord-2.2.2/lib/active_record/fixtures.rb:856:in `try_to_load_dependency'
/usr/lib/ruby/gems/1.8/gems/activerecord-2.2.2/lib/active_record/fixtures.rb:871:in `require_fixture_classes'
/usr/lib/ruby/gems/1.8/gems/activerecord-2.2.2/lib/active_record/fixtures.rb:868:in `each'
/usr/lib/ruby/gems/1.8/gems/activerecord-2.2.2/lib/active_record/fixtures.rb:868:in `require_fixture_classes'
/usr/lib/ruby/gems/1.8/gems/activerecord-2.2.2/lib/active_record/fixtures.rb:851:in `fixtures'
./test/unit/../test_helper.rb:35
./test/unit/nested_assignment_test.rb:1:in `require'
./test/unit/nested_assignment_test.rb:1
/usr/lib/ruby/gems/1.8/gems/rake-0.8.3/lib/rake/rake_test_loader.rb:5:in `load'
/usr/lib/ruby/gems/1.8/gems/rake-0.8.3/lib/rake/rake_test_loader.rb:5
/usr/lib/ruby/gems/1.8/gems/rake-0.8.3/lib/rake/rake_test_loader.rb:5:in `each'
/usr/lib/ruby/gems/1.8/gems/rake-0.8.3/lib/rake/rake_test_loader.rb:5
Unable to load address, underlying cause no such file to load -- address.rb 

 /usr/lib/ruby/gems/1.8/gems/activesupport-2.2.2/lib/active_support/dependencies.rb:382:in `load_without_new_constant_marking'
/usr/lib/ruby/gems/1.8/gems/activesupport-2.2.2/lib/active_support/dependencies.rb:382:in `load_file'
/usr/lib/ruby/gems/1.8/gems/activesupport-2.2.2/lib/active_support/dependencies.rb:521:in `new_constants_in'
/usr/lib/ruby/gems/1.8/gems/activesupport-2.2.2/lib/active_support/dependencies.rb:381:in `load_file'
/usr/lib/ruby/gems/1.8/gems/activesupport-2.2.2/lib/active_support/dependencies.rb:256:in `require_or_load'
/usr/lib/ruby/gems/1.8/gems/activesupport-2.2.2/lib/active_support/dependencies.rb:221:in `depend_on'
/usr/lib/ruby/gems/1.8/gems/activesupport-2.2.2/lib/active_support/dependencies.rb:133:in `require_dependency'
/usr/lib/ruby/gems/1.8/gems/activerecord-2.2.2/lib/active_record/fixtures.rb:856:in `try_to_load_dependency'
/usr/lib/ruby/gems/1.8/gems/activerecord-2.2.2/lib/active_record/fixtures.rb:871:in `require_fixture_classes'
/usr/lib/ruby/gems/1.8/gems/activerecord-2.2.2/lib/active_record/fixtures.rb:868:in `each'
/usr/lib/ruby/gems/1.8/gems/activerecord-2.2.2/lib/active_record/fixtures.rb:868:in `require_fixture_classes'
/usr/lib/ruby/gems/1.8/gems/activerecord-2.2.2/lib/active_record/fixtures.rb:851:in `fixtures'
./test/unit/../test_helper.rb:35
./test/unit/nested_assignment_test.rb:1:in `require'
./test/unit/nested_assignment_test.rb:1
/usr/lib/ruby/gems/1.8/gems/rake-0.8.3/lib/rake/rake_test_loader.rb:5:in `load'
/usr/lib/ruby/gems/1.8/gems/rake-0.8.3/lib/rake/rake_test_loader.rb:5
/usr/lib/ruby/gems/1.8/gems/rake-0.8.3/lib/rake/rake_test_loader.rb:5:in `each'
/usr/lib/ruby/gems/1.8/gems/rake-0.8.3/lib/rake/rake_test_loader.rb:5
Unable to load user, underlying cause no such file to load -- user.rb 

 /usr/lib/ruby/gems/1.8/gems/activesupport-2.2.2/lib/active_support/dependencies.rb:382:in `load_without_new_constant_marking'
/usr/lib/ruby/gems/1.8/gems/activesupport-2.2.2/lib/active_support/dependencies.rb:382:in `load_file'
/usr/lib/ruby/gems/1.8/gems/activesupport-2.2.2/lib/active_support/dependencies.rb:521:in `new_constants_in'
/usr/lib/ruby/gems/1.8/gems/activesupport-2.2.2/lib/active_support/dependencies.rb:381:in `load_file'
/usr/lib/ruby/gems/1.8/gems/activesupport-2.2.2/lib/active_support/dependencies.rb:256:in `require_or_load'
/usr/lib/ruby/gems/1.8/gems/activesupport-2.2.2/lib/active_support/dependencies.rb:221:in `depend_on'
/usr/lib/ruby/gems/1.8/gems/activesupport-2.2.2/lib/active_support/dependencies.rb:133:in `require_dependency'
/usr/lib/ruby/gems/1.8/gems/activerecord-2.2.2/lib/active_record/fixtures.rb:856:in `try_to_load_dependency'
/usr/lib/ruby/gems/1.8/gems/activerecord-2.2.2/lib/active_record/fixtures.rb:871:in `require_fixture_classes'
/usr/lib/ruby/gems/1.8/gems/activerecord-2.2.2/lib/active_record/fixtures.rb:868:in `each'
/usr/lib/ruby/gems/1.8/gems/activerecord-2.2.2/lib/active_record/fixtures.rb:868:in `require_fixture_classes'
/usr/lib/ruby/gems/1.8/gems/activerecord-2.2.2/lib/active_record/fixtures.rb:851:in `fixtures'
./test/unit/../test_helper.rb:35
./test/unit/nested_assignment_test.rb:1:in `require'
./test/unit/nested_assignment_test.rb:1
/usr/lib/ruby/gems/1.8/gems/rake-0.8.3/lib/rake/rake_test_loader.rb:5:in `load'
/usr/lib/ruby/gems/1.8/gems/rake-0.8.3/lib/rake/rake_test_loader.rb:5
/usr/lib/ruby/gems/1.8/gems/rake-0.8.3/lib/rake/rake_test_loader.rb:5:in `each'
/usr/lib/ruby/gems/1.8/gems/rake-0.8.3/lib/rake/rake_test_loader.rb:5
Unable to load role, underlying cause no such file to load -- role.rb 

 /usr/lib/ruby/gems/1.8/gems/activesupport-2.2.2/lib/active_support/dependencies.rb:382:in `load_without_new_constant_marking'
/usr/lib/ruby/gems/1.8/gems/activesupport-2.2.2/lib/active_support/dependencies.rb:382:in `load_file'
/usr/lib/ruby/gems/1.8/gems/activesupport-2.2.2/lib/active_support/dependencies.rb:521:in `new_constants_in'
/usr/lib/ruby/gems/1.8/gems/activesupport-2.2.2/lib/active_support/dependencies.rb:381:in `load_file'
/usr/lib/ruby/gems/1.8/gems/activesupport-2.2.2/lib/active_support/dependencies.rb:256:in `require_or_load'
/usr/lib/ruby/gems/1.8/gems/activesupport-2.2.2/lib/active_support/dependencies.rb:221:in `depend_on'
/usr/lib/ruby/gems/1.8/gems/activesupport-2.2.2/lib/active_support/dependencies.rb:133:in `require_dependency'
/usr/lib/ruby/gems/1.8/gems/activerecord-2.2.2/lib/active_record/fixtures.rb:856:in `try_to_load_dependency'
/usr/lib/ruby/gems/1.8/gems/activerecord-2.2.2/lib/active_record/fixtures.rb:871:in `require_fixture_classes'
/usr/lib/ruby/gems/1.8/gems/activerecord-2.2.2/lib/active_record/fixtures.rb:868:in `each'
/usr/lib/ruby/gems/1.8/gems/activerecord-2.2.2/lib/active_record/fixtures.rb:868:in `require_fixture_classes'
/usr/lib/ruby/gems/1.8/gems/activerecord-2.2.2/lib/active_record/fixtures.rb:851:in `fixtures'
./test/unit/../test_helper.rb:35
./test/unit/nested_assignment_test.rb:1:in `require'
./test/unit/nested_assignment_test.rb:1
/usr/lib/ruby/gems/1.8/gems/rake-0.8.3/lib/rake/rake_test_loader.rb:5:in `load'
/usr/lib/ruby/gems/1.8/gems/rake-0.8.3/lib/rake/rake_test_loader.rb:5
/usr/lib/ruby/gems/1.8/gems/rake-0.8.3/lib/rake/rake_test_loader.rb:5:in `each'
/usr/lib/ruby/gems/1.8/gems/rake-0.8.3/lib/rake/rake_test_loader.rb:5
  [4;35;1mPluginTestModels::User Load (0.2ms)[0m   [0mSELECT * FROM "users" WHERE ("users"."id" = 1) [0m
  [4;36;1mPluginTestModels::Subscription Load (0.2ms)[0m   [0;1mSELECT * FROM "subscriptions" WHERE ("subscriptions"."id" = 1) [0m
  [4;35;1mPluginTestModels::Subscription Load (0.2ms)[0m   [0mSELECT * FROM "subscriptions" WHERE ("subscriptions".user_id = 1) LIMIT 1[0m
  [4;36;1mPluginTestModels::User Load (0.2ms)[0m   [0;1mSELECT * FROM "users" WHERE ("users"."id" = 1) [0m
  [4;35;1mPluginTestModels::Subscription Load (0.2ms)[0m   [0mSELECT * FROM "subscriptions" WHERE ("subscriptions"."id" = 1) [0m
  [4;36;1mPluginTestModels::Subscription Load (0.2ms)[0m   [0;1mSELECT * FROM "subscriptions" WHERE ("subscriptions".user_id = 1) LIMIT 1[0m
  [4;35;1mPluginTestModels::Subscription Update (0.1ms)[0m   [0mUPDATE "subscriptions" SET "user_id" = NULL WHERE "id" = 1[0m
  [4;36;1mPluginTestModels::Subscription Load (0.2ms)[0m   [0;1mSELECT * FROM "subscriptions" WHERE ("subscriptions"."id" = 1) [0m
  [4;35;1mPluginTestModels::User Load (0.2ms)[0m   [0mSELECT * FROM "users" WHERE ("users"."id" = 1) [0m
  [4;36;1mPluginTestModels::Subscription Load (0.2ms)[0m   [0;1mSELECT * FROM "subscriptions" WHERE ("subscriptions"."id" = 1) [0m
  [4;35;1mPluginTestModels::Subscription Load (0.2ms)[0m   [0mSELECT * FROM "subscriptions" WHERE ("subscriptions".user_id = 1) LIMIT 1[0m
  [4;36;1mPluginTestModels::User Load (0.2ms)[0m   [0;1mSELECT * FROM "users" LIMIT 1[0m
  [4;35;1mPluginTestModels::User Load (0.2ms)[0m   [0mSELECT * FROM "users" LIMIT 1[0m
  [4;36;1mPluginTestModels::Role Load (0.3ms)[0m   [0;1mSELECT * FROM "roles" INNER JOIN "roles_users" ON "roles".id = "roles_users".role_id WHERE ("roles_users".user_id = 1 ) [0m
  [4;35;1mPluginTestModels::User Load (0.2ms)[0m   [0mSELECT * FROM "users" LIMIT 1[0m
  [4;36;1mPluginTestModels::Role Load (0.3ms)[0m   [0;1mSELECT * FROM "roles" INNER JOIN "roles_users" ON "roles".id = "roles_users".role_id WHERE ("roles_users".user_id = 1 ) [0m
  [4;35;1mPluginTestModels::User Load (0.2ms)[0m   [0mSELECT * FROM "users" LIMIT 1[0m
  [4;36;1mPluginTestModels::Address Load (0.3ms)[0m   [0;1mSELECT * FROM "addresses" WHERE ("addresses".addressable_id = 1 AND "addresses".addressable_type = 'PluginTestModels::User') LIMIT 1[0m
  [4;36;1mSQL (0.2ms)[0m   [0;1mselect sqlite_version(*)[0m
  [4;35;1mSQL (0.1ms)[0m   [0m SELECT name
 FROM sqlite_master
 WHERE type = 'table' AND NOT name = 'sqlite_sequence'
[0m
  [4;36;1mSQL (0.2ms)[0m   [0;1mCREATE TABLE "addresses" ("id" INTEGER PRIMARY KEY AUTOINCREMENT NOT NULL, "name" varchar(255), "addressable_id" integer, "addressable_type" varchar(255)) [0m
  [4;35;1mSQL (0.1ms)[0m   [0m SELECT name
 FROM sqlite_master
 WHERE type = 'table' AND NOT name = 'sqlite_sequence'
[0m
  [4;36;1mSQL (0.1ms)[0m   [0;1mCREATE TABLE "users" ("id" INTEGER PRIMARY KEY AUTOINCREMENT NOT NULL, "name" varchar(255)) [0m
  [4;35;1mSQL (0.2ms)[0m   [0m SELECT name
 FROM sqlite_master
 WHERE type = 'table' AND NOT name = 'sqlite_sequence'
[0m
  [4;36;1mSQL (0.1ms)[0m   [0;1mCREATE TABLE "roles_users" ("user_id" integer, "role_id" integer) [0m
  [4;35;1mSQL (0.2ms)[0m   [0m SELECT name
 FROM sqlite_master
 WHERE type = 'table' AND NOT name = 'sqlite_sequence'
[0m
  [4;36;1mSQL (0.1ms)[0m   [0;1mCREATE TABLE "services" ("id" INTEGER PRIMARY KEY AUTOINCREMENT NOT NULL, "name" varchar(255)) [0m
  [4;35;1mSQL (0.2ms)[0m   [0m SELECT name
 FROM sqlite_master
 WHERE type = 'table' AND NOT name = 'sqlite_sequence'
[0m
  [4;36;1mSQL (0.1ms)[0m   [0;1mCREATE TABLE "subscriptions" ("id" INTEGER PRIMARY KEY AUTOINCREMENT NOT NULL, "name" varchar(255), "service_id" integer, "user_id" integer) [0m
  [4;35;1mSQL (0.3ms)[0m   [0m SELECT name
 FROM sqlite_master
 WHERE type = 'table' AND NOT name = 'sqlite_sequence'
[0m
  [4;36;1mSQL (0.1ms)[0m   [0;1mCREATE TABLE "roles" ("id" INTEGER PRIMARY KEY AUTOINCREMENT NOT NULL, "name" varchar(255)) [0m
  [4;35;1mSQL (0.3ms)[0m   [0m SELECT name
 FROM sqlite_master
 WHERE type = 'table' AND NOT name = 'sqlite_sequence'
[0m
  [4;36;1mSQL (0.1ms)[0m   [0;1mCREATE TABLE "schema_migrations" ("version" varchar(255) NOT NULL) [0m
  [4;35;1mSQL (0.1ms)[0m   [0mCREATE UNIQUE INDEX "unique_schema_migrations" ON "schema_migrations" ("version")[0m
  [4;36;1mSQL (0.4ms)[0m   [0;1m SELECT name
 FROM sqlite_master
 WHERE type = 'table' AND NOT name = 'sqlite_sequence'
[0m
  [4;35;1mSQL (0.1ms)[0m   [0mSELECT version FROM "schema_migrations"[0m
  [4;36;1mSQL (0.1ms)[0m   [0;1mINSERT INTO "schema_migrations" (version) VALUES ('1')[0m
Unable to load roles_user, underlying cause no such file to load -- roles_user.rb 

 /usr/lib/ruby/gems/1.8/gems/activesupport-2.2.2/lib/active_support/dependencies.rb:382:in `load_without_new_constant_marking'
/usr/lib/ruby/gems/1.8/gems/activesupport-2.2.2/lib/active_support/dependencies.rb:382:in `load_file'
/usr/lib/ruby/gems/1.8/gems/activesupport-2.2.2/lib/active_support/dependencies.rb:521:in `new_constants_in'
/usr/lib/ruby/gems/1.8/gems/activesupport-2.2.2/lib/active_support/dependencies.rb:381:in `load_file'
/usr/lib/ruby/gems/1.8/gems/activesupport-2.2.2/lib/active_support/dependencies.rb:256:in `require_or_load'
/usr/lib/ruby/gems/1.8/gems/activesupport-2.2.2/lib/active_support/dependencies.rb:221:in `depend_on'
/usr/lib/ruby/gems/1.8/gems/activesupport-2.2.2/lib/active_support/dependencies.rb:133:in `require_dependency'
/usr/lib/ruby/gems/1.8/gems/activerecord-2.2.2/lib/active_record/fixtures.rb:856:in `try_to_load_dependency'
/usr/lib/ruby/gems/1.8/gems/activerecord-2.2.2/lib/active_record/fixtures.rb:871:in `require_fixture_classes'
/usr/lib/ruby/gems/1.8/gems/activerecord-2.2.2/lib/active_record/fixtures.rb:868:in `each'
/usr/lib/ruby/gems/1.8/gems/activerecord-2.2.2/lib/active_record/fixtures.rb:868:in `require_fixture_classes'
/usr/lib/ruby/gems/1.8/gems/activerecord-2.2.2/lib/active_record/fixtures.rb:851:in `fixtures'
./test/unit/../test_helper.rb:35
./test/unit/nested_assignment_test.rb:1:in `require'
./test/unit/nested_assignment_test.rb:1
/usr/lib/ruby/gems/1.8/gems/rake-0.8.3/lib/rake/rake_test_loader.rb:5:in `load'
/usr/lib/ruby/gems/1.8/gems/rake-0.8.3/lib/rake/rake_test_loader.rb:5
/usr/lib/ruby/gems/1.8/gems/rake-0.8.3/lib/rake/rake_test_loader.rb:5:in `each'
/usr/lib/ruby/gems/1.8/gems/rake-0.8.3/lib/rake/rake_test_loader.rb:5
Unable to load service, underlying cause no such file to load -- service.rb 

 /usr/lib/ruby/gems/1.8/gems/activesupport-2.2.2/lib/active_support/dependencies.rb:382:in `load_without_new_constant_marking'
/usr/lib/ruby/gems/1.8/gems/activesupport-2.2.2/lib/active_support/dependencies.rb:382:in `load_file'
/usr/lib/ruby/gems/1.8/gems/activesupport-2.2.2/lib/active_support/dependencies.rb:521:in `new_constants_in'
/usr/lib/ruby/gems/1.8/gems/activesupport-2.2.2/lib/active_support/dependencies.rb:381:in `load_file'
/usr/lib/ruby/gems/1.8/gems/activesupport-2.2.2/lib/active_support/dependencies.rb:256:in `require_or_load'
/usr/lib/ruby/gems/1.8/gems/activesupport-2.2.2/lib/active_support/dependencies.rb:221:in `depend_on'
/usr/lib/ruby/gems/1.8/gems/activesupport-2.2.2/lib/active_support/dependencies.rb:133:in `require_dependency'
/usr/lib/ruby/gems/1.8/gems/activerecord-2.2.2/lib/active_record/fixtures.rb:856:in `try_to_load_dependency'
/usr/lib/ruby/gems/1.8/gems/activerecord-2.2.2/lib/active_record/fixtures.rb:871:in `require_fixture_classes'
/usr/lib/ruby/gems/1.8/gems/activerecord-2.2.2/lib/active_record/fixtures.rb:868:in `each'
/usr/lib/ruby/gems/1.8/gems/activerecord-2.2.2/lib/active_record/fixtures.rb:868:in `require_fixture_classes'
/usr/lib/ruby/gems/1.8/gems/activerecord-2.2.2/lib/active_record/fixtures.rb:851:in `fixtures'
./test/unit/../test_helper.rb:35
./test/unit/nested_assignment_test.rb:1:in `require'
./test/unit/nested_assignment_test.rb:1
/usr/lib/ruby/gems/1.8/gems/rake-0.8.3/lib/rake/rake_test_loader.rb:5:in `load'
/usr/lib/ruby/gems/1.8/gems/rake-0.8.3/lib/rake/rake_test_loader.rb:5
/usr/lib/ruby/gems/1.8/gems/rake-0.8.3/lib/rake/rake_test_loader.rb:5:in `each'
/usr/lib/ruby/gems/1.8/gems/rake-0.8.3/lib/rake/rake_test_loader.rb:5
Unable to load subscription, underlying cause no such file to load -- subscription.rb 

 /usr/lib/ruby/gems/1.8/gems/activesupport-2.2.2/lib/active_support/dependencies.rb:382:in `load_without_new_constant_marking'
/usr/lib/ruby/gems/1.8/gems/activesupport-2.2.2/lib/active_support/dependencies.rb:382:in `load_file'
/usr/lib/ruby/gems/1.8/gems/activesupport-2.2.2/lib/active_support/dependencies.rb:521:in `new_constants_in'
/usr/lib/ruby/gems/1.8/gems/activesupport-2.2.2/lib/active_support/dependencies.rb:381:in `load_file'
/usr/lib/ruby/gems/1.8/gems/activesupport-2.2.2/lib/active_support/dependencies.rb:256:in `require_or_load'
/usr/lib/ruby/gems/1.8/gems/activesupport-2.2.2/lib/active_support/dependencies.rb:221:in `depend_on'
/usr/lib/ruby/gems/1.8/gems/activesupport-2.2.2/lib/active_support/dependencies.rb:133:in `require_dependency'
/usr/lib/ruby/gems/1.8/gems/activerecord-2.2.2/lib/active_record/fixtures.rb:856:in `try_to_load_dependency'
/usr/lib/ruby/gems/1.8/gems/activerecord-2.2.2/lib/active_record/fixtures.rb:871:in `require_fixture_classes'
/usr/lib/ruby/gems/1.8/gems/activerecord-2.2.2/lib/active_record/fixtures.rb:868:in `each'
/usr/lib/ruby/gems/1.8/gems/activerecord-2.2.2/lib/active_record/fixtures.rb:868:in `require_fixture_classes'
/usr/lib/ruby/gems/1.8/gems/activerecord-2.2.2/lib/active_record/fixtures.rb:851:in `fixtures'
./test/unit/../test_helper.rb:35
./test/unit/nested_assignment_test.rb:1:in `require'
./test/unit/nested_assignment_test.rb:1
/usr/lib/ruby/gems/1.8/gems/rake-0.8.3/lib/rake/rake_test_loader.rb:5:in `load'
/usr/lib/ruby/gems/1.8/gems/rake-0.8.3/lib/rake/rake_test_loader.rb:5
/usr/lib/ruby/gems/1.8/gems/rake-0.8.3/lib/rake/rake_test_loader.rb:5:in `each'
/usr/lib/ruby/gems/1.8/gems/rake-0.8.3/lib/rake/rake_test_loader.rb:5
Unable to load address, underlying cause no such file to load -- address.rb 

 /usr/lib/ruby/gems/1.8/gems/activesupport-2.2.2/lib/active_support/dependencies.rb:382:in `load_without_new_constant_marking'
/usr/lib/ruby/gems/1.8/gems/activesupport-2.2.2/lib/active_support/dependencies.rb:382:in `load_file'
/usr/lib/ruby/gems/1.8/gems/activesupport-2.2.2/lib/active_support/dependencies.rb:521:in `new_constants_in'
/usr/lib/ruby/gems/1.8/gems/activesupport-2.2.2/lib/active_support/dependencies.rb:381:in `load_file'
/usr/lib/ruby/gems/1.8/gems/activesupport-2.2.2/lib/active_support/dependencies.rb:256:in `require_or_load'
/usr/lib/ruby/gems/1.8/gems/activesupport-2.2.2/lib/active_support/dependencies.rb:221:in `depend_on'
/usr/lib/ruby/gems/1.8/gems/activesupport-2.2.2/lib/active_support/dependencies.rb:133:in `require_dependency'
/usr/lib/ruby/gems/1.8/gems/activerecord-2.2.2/lib/active_record/fixtures.rb:856:in `try_to_load_dependency'
/usr/lib/ruby/gems/1.8/gems/activerecord-2.2.2/lib/active_record/fixtures.rb:871:in `require_fixture_classes'
/usr/lib/ruby/gems/1.8/gems/activerecord-2.2.2/lib/active_record/fixtures.rb:868:in `each'
/usr/lib/ruby/gems/1.8/gems/activerecord-2.2.2/lib/active_record/fixtures.rb:868:in `require_fixture_classes'
/usr/lib/ruby/gems/1.8/gems/activerecord-2.2.2/lib/active_record/fixtures.rb:851:in `fixtures'
./test/unit/../test_helper.rb:35
./test/unit/nested_assignment_test.rb:1:in `require'
./test/unit/nested_assignment_test.rb:1
/usr/lib/ruby/gems/1.8/gems/rake-0.8.3/lib/rake/rake_test_loader.rb:5:in `load'
/usr/lib/ruby/gems/1.8/gems/rake-0.8.3/lib/rake/rake_test_loader.rb:5
/usr/lib/ruby/gems/1.8/gems/rake-0.8.3/lib/rake/rake_test_loader.rb:5:in `each'
/usr/lib/ruby/gems/1.8/gems/rake-0.8.3/lib/rake/rake_test_loader.rb:5
Unable to load user, underlying cause no such file to load -- user.rb 

 /usr/lib/ruby/gems/1.8/gems/activesupport-2.2.2/lib/active_support/dependencies.rb:382:in `load_without_new_constant_marking'
/usr/lib/ruby/gems/1.8/gems/activesupport-2.2.2/lib/active_support/dependencies.rb:382:in `load_file'
/usr/lib/ruby/gems/1.8/gems/activesupport-2.2.2/lib/active_support/dependencies.rb:521:in `new_constants_in'
/usr/lib/ruby/gems/1.8/gems/activesupport-2.2.2/lib/active_support/dependencies.rb:381:in `load_file'
/usr/lib/ruby/gems/1.8/gems/activesupport-2.2.2/lib/active_support/dependencies.rb:256:in `require_or_load'
/usr/lib/ruby/gems/1.8/gems/activesupport-2.2.2/lib/active_support/dependencies.rb:221:in `depend_on'
/usr/lib/ruby/gems/1.8/gems/activesupport-2.2.2/lib/active_support/dependencies.rb:133:in `require_dependency'
/usr/lib/ruby/gems/1.8/gems/activerecord-2.2.2/lib/active_record/fixtures.rb:856:in `try_to_load_dependency'
/usr/lib/ruby/gems/1.8/gems/activerecord-2.2.2/lib/active_record/fixtures.rb:871:in `require_fixture_classes'
/usr/lib/ruby/gems/1.8/gems/activerecord-2.2.2/lib/active_record/fixtures.rb:868:in `each'
/usr/lib/ruby/gems/1.8/gems/activerecord-2.2.2/lib/active_record/fixtures.rb:868:in `require_fixture_classes'
/usr/lib/ruby/gems/1.8/gems/activerecord-2.2.2/lib/active_record/fixtures.rb:851:in `fixtures'
./test/unit/../test_helper.rb:35
./test/unit/nested_assignment_test.rb:1:in `require'
./test/unit/nested_assignment_test.rb:1
/usr/lib/ruby/gems/1.8/gems/rake-0.8.3/lib/rake/rake_test_loader.rb:5:in `load'
/usr/lib/ruby/gems/1.8/gems/rake-0.8.3/lib/rake/rake_test_loader.rb:5
/usr/lib/ruby/gems/1.8/gems/rake-0.8.3/lib/rake/rake_test_loader.rb:5:in `each'
/usr/lib/ruby/gems/1.8/gems/rake-0.8.3/lib/rake/rake_test_loader.rb:5
Unable to load role, underlying cause no such file to load -- role.rb 

 /usr/lib/ruby/gems/1.8/gems/activesupport-2.2.2/lib/active_support/dependencies.rb:382:in `load_without_new_constant_marking'
/usr/lib/ruby/gems/1.8/gems/activesupport-2.2.2/lib/active_support/dependencies.rb:382:in `load_file'
/usr/lib/ruby/gems/1.8/gems/activesupport-2.2.2/lib/active_support/dependencies.rb:521:in `new_constants_in'
/usr/lib/ruby/gems/1.8/gems/activesupport-2.2.2/lib/active_support/dependencies.rb:381:in `load_file'
/usr/lib/ruby/gems/1.8/gems/activesupport-2.2.2/lib/active_support/dependencies.rb:256:in `require_or_load'
/usr/lib/ruby/gems/1.8/gems/activesupport-2.2.2/lib/active_support/dependencies.rb:221:in `depend_on'
/usr/lib/ruby/gems/1.8/gems/activesupport-2.2.2/lib/active_support/dependencies.rb:133:in `require_dependency'
/usr/lib/ruby/gems/1.8/gems/activerecord-2.2.2/lib/active_record/fixtures.rb:856:in `try_to_load_dependency'
/usr/lib/ruby/gems/1.8/gems/activerecord-2.2.2/lib/active_record/fixtures.rb:871:in `require_fixture_classes'
/usr/lib/ruby/gems/1.8/gems/activerecord-2.2.2/lib/active_record/fixtures.rb:868:in `each'
/usr/lib/ruby/gems/1.8/gems/activerecord-2.2.2/lib/active_record/fixtures.rb:868:in `require_fixture_classes'
/usr/lib/ruby/gems/1.8/gems/activerecord-2.2.2/lib/active_record/fixtures.rb:851:in `fixtures'
./test/unit/../test_helper.rb:35
./test/unit/nested_assignment_test.rb:1:in `require'
./test/unit/nested_assignment_test.rb:1
/usr/lib/ruby/gems/1.8/gems/rake-0.8.3/lib/rake/rake_test_loader.rb:5:in `load'
/usr/lib/ruby/gems/1.8/gems/rake-0.8.3/lib/rake/rake_test_loader.rb:5
/usr/lib/ruby/gems/1.8/gems/rake-0.8.3/lib/rake/rake_test_loader.rb:5:in `each'
/usr/lib/ruby/gems/1.8/gems/rake-0.8.3/lib/rake/rake_test_loader.rb:5
  [4;35;1mPluginTestModels::User Load (0.2ms)[0m   [0mSELECT * FROM "users" WHERE ("users"."id" = 1) [0m
  [4;36;1mPluginTestModels::Subscription Load (0.2ms)[0m   [0;1mSELECT * FROM "subscriptions" WHERE ("subscriptions"."id" = 1) [0m
  [4;35;1mPluginTestModels::Subscription Load (0.2ms)[0m   [0mSELECT * FROM "subscriptions" WHERE ("subscriptions".user_id = 1) LIMIT 1[0m
  [4;36;1mPluginTestModels::User Load (0.1ms)[0m   [0;1mSELECT * FROM "users" WHERE ("users"."id" = 1) [0m
  [4;35;1mPluginTestModels::Subscription Load (0.2ms)[0m   [0mSELECT * FROM "subscriptions" WHERE ("subscriptions"."id" = 1) [0m
  [4;36;1mPluginTestModels::Subscription Load (0.2ms)[0m   [0;1mSELECT * FROM "subscriptions" WHERE ("subscriptions".user_id = 1) LIMIT 1[0m
  [4;35;1mPluginTestModels::Subscription Update (0.1ms)[0m   [0mUPDATE "subscriptions" SET "user_id" = NULL WHERE "id" = 1[0m
  [4;36;1mPluginTestModels::Subscription Load (0.2ms)[0m   [0;1mSELECT * FROM "subscriptions" WHERE ("subscriptions"."id" = 1) [0m
  [4;35;1mPluginTestModels::User Load (0.1ms)[0m   [0mSELECT * FROM "users" WHERE ("users"."id" = 1) [0m
  [4;36;1mPluginTestModels::Subscription Load (0.2ms)[0m   [0;1mSELECT * FROM "subscriptions" WHERE ("subscriptions"."id" = 1) [0m
  [4;35;1mPluginTestModels::Subscription Load (0.2ms)[0m   [0mSELECT * FROM "subscriptions" WHERE ("subscriptions".user_id = 1) LIMIT 1[0m
  [4;36;1mPluginTestModels::User Load (0.1ms)[0m   [0;1mSELECT * FROM "users" LIMIT 1[0m
  [4;35;1mPluginTestModels::User Load (0.1ms)[0m   [0mSELECT * FROM "users" LIMIT 1[0m
  [4;36;1mPluginTestModels::Role Load (0.2ms)[0m   [0;1mSELECT * FROM "roles" INNER JOIN "roles_users" ON "roles".id = "roles_users".role_id WHERE ("roles_users".user_id = 1 ) [0m
  [4;35;1mPluginTestModels::User Load (0.1ms)[0m   [0mSELECT * FROM "users" LIMIT 1[0m
  [4;36;1mPluginTestModels::Role Load (0.2ms)[0m   [0;1mSELECT * FROM "roles" INNER JOIN "roles_users" ON "roles".id = "roles_users".role_id WHERE ("roles_users".user_id = 1 ) [0m
  [4;35;1mPluginTestModels::User Load (0.1ms)[0m   [0mSELECT * FROM "users" LIMIT 1[0m
  [4;36;1mPluginTestModels::Address Load (0.2ms)[0m   [0;1mSELECT * FROM "addresses" WHERE ("addresses".addressable_id = 1 AND "addresses".addressable_type = 'PluginTestModels::User') LIMIT 1[0m
  [4;36;1mSQL (0.2ms)[0m   [0;1mselect sqlite_version(*)[0m
  [4;35;1mSQL (0.1ms)[0m   [0m SELECT name
 FROM sqlite_master
 WHERE type = 'table' AND NOT name = 'sqlite_sequence'
[0m
  [4;36;1mSQL (0.3ms)[0m   [0;1mCREATE TABLE "addresses" ("id" INTEGER PRIMARY KEY AUTOINCREMENT NOT NULL, "name" varchar(255), "addressable_id" integer, "addressable_type" varchar(255)) [0m
  [4;35;1mSQL (0.1ms)[0m   [0m SELECT name
 FROM sqlite_master
 WHERE type = 'table' AND NOT name = 'sqlite_sequence'
[0m
  [4;36;1mSQL (0.1ms)[0m   [0;1mCREATE TABLE "users" ("id" INTEGER PRIMARY KEY AUTOINCREMENT NOT NULL, "name" varchar(255)) [0m
  [4;35;1mSQL (0.2ms)[0m   [0m SELECT name
 FROM sqlite_master
 WHERE type = 'table' AND NOT name = 'sqlite_sequence'
[0m
  [4;36;1mSQL (0.1ms)[0m   [0;1mCREATE TABLE "roles_users" ("user_id" integer, "role_id" integer) [0m
  [4;35;1mSQL (0.2ms)[0m   [0m SELECT name
 FROM sqlite_master
 WHERE type = 'table' AND NOT name = 'sqlite_sequence'
[0m
  [4;36;1mSQL (0.1ms)[0m   [0;1mCREATE TABLE "services" ("id" INTEGER PRIMARY KEY AUTOINCREMENT NOT NULL, "name" varchar(255)) [0m
  [4;35;1mSQL (0.2ms)[0m   [0m SELECT name
 FROM sqlite_master
 WHERE type = 'table' AND NOT name = 'sqlite_sequence'
[0m
  [4;36;1mSQL (0.1ms)[0m   [0;1mCREATE TABLE "subscriptions" ("id" INTEGER PRIMARY KEY AUTOINCREMENT NOT NULL, "name" varchar(255), "service_id" integer, "user_id" integer) [0m
  [4;35;1mSQL (0.3ms)[0m   [0m SELECT name
 FROM sqlite_master
 WHERE type = 'table' AND NOT name = 'sqlite_sequence'
[0m
  [4;36;1mSQL (0.1ms)[0m   [0;1mCREATE TABLE "roles" ("id" INTEGER PRIMARY KEY AUTOINCREMENT NOT NULL, "name" varchar(255)) [0m
  [4;35;1mSQL (0.3ms)[0m   [0m SELECT name
 FROM sqlite_master
 WHERE type = 'table' AND NOT name = 'sqlite_sequence'
[0m
  [4;36;1mSQL (0.1ms)[0m   [0;1mCREATE TABLE "schema_migrations" ("version" varchar(255) NOT NULL) [0m
  [4;35;1mSQL (0.1ms)[0m   [0mCREATE UNIQUE INDEX "unique_schema_migrations" ON "schema_migrations" ("version")[0m
  [4;36;1mSQL (0.4ms)[0m   [0;1m SELECT name
 FROM sqlite_master
 WHERE type = 'table' AND NOT name = 'sqlite_sequence'
[0m
  [4;35;1mSQL (0.1ms)[0m   [0mSELECT version FROM "schema_migrations"[0m
  [4;36;1mSQL (0.1ms)[0m   [0;1mINSERT INTO "schema_migrations" (version) VALUES ('1')[0m
Unable to load roles_user, underlying cause no such file to load -- roles_user.rb 

 /usr/lib/ruby/gems/1.8/gems/activesupport-2.2.2/lib/active_support/dependencies.rb:382:in `load_without_new_constant_marking'
/usr/lib/ruby/gems/1.8/gems/activesupport-2.2.2/lib/active_support/dependencies.rb:382:in `load_file'
/usr/lib/ruby/gems/1.8/gems/activesupport-2.2.2/lib/active_support/dependencies.rb:521:in `new_constants_in'
/usr/lib/ruby/gems/1.8/gems/activesupport-2.2.2/lib/active_support/dependencies.rb:381:in `load_file'
/usr/lib/ruby/gems/1.8/gems/activesupport-2.2.2/lib/active_support/dependencies.rb:256:in `require_or_load'
/usr/lib/ruby/gems/1.8/gems/activesupport-2.2.2/lib/active_support/dependencies.rb:221:in `depend_on'
/usr/lib/ruby/gems/1.8/gems/activesupport-2.2.2/lib/active_support/dependencies.rb:133:in `require_dependency'
/usr/lib/ruby/gems/1.8/gems/activerecord-2.2.2/lib/active_record/fixtures.rb:856:in `try_to_load_dependency'
/usr/lib/ruby/gems/1.8/gems/activerecord-2.2.2/lib/active_record/fixtures.rb:871:in `require_fixture_classes'
/usr/lib/ruby/gems/1.8/gems/activerecord-2.2.2/lib/active_record/fixtures.rb:868:in `each'
/usr/lib/ruby/gems/1.8/gems/activerecord-2.2.2/lib/active_record/fixtures.rb:868:in `require_fixture_classes'
/usr/lib/ruby/gems/1.8/gems/activerecord-2.2.2/lib/active_record/fixtures.rb:851:in `fixtures'
./test/unit/../test_helper.rb:35
./test/unit/nested_assignment_test.rb:1:in `require'
./test/unit/nested_assignment_test.rb:1
/usr/lib/ruby/gems/1.8/gems/rake-0.8.3/lib/rake/rake_test_loader.rb:5:in `load'
/usr/lib/ruby/gems/1.8/gems/rake-0.8.3/lib/rake/rake_test_loader.rb:5
/usr/lib/ruby/gems/1.8/gems/rake-0.8.3/lib/rake/rake_test_loader.rb:5:in `each'
/usr/lib/ruby/gems/1.8/gems/rake-0.8.3/lib/rake/rake_test_loader.rb:5
Unable to load service, underlying cause no such file to load -- service.rb 

 /usr/lib/ruby/gems/1.8/gems/activesupport-2.2.2/lib/active_support/dependencies.rb:382:in `load_without_new_constant_marking'
/usr/lib/ruby/gems/1.8/gems/activesupport-2.2.2/lib/active_support/dependencies.rb:382:in `load_file'
/usr/lib/ruby/gems/1.8/gems/activesupport-2.2.2/lib/active_support/dependencies.rb:521:in `new_constants_in'
/usr/lib/ruby/gems/1.8/gems/activesupport-2.2.2/lib/active_support/dependencies.rb:381:in `load_file'
/usr/lib/ruby/gems/1.8/gems/activesupport-2.2.2/lib/active_support/dependencies.rb:256:in `require_or_load'
/usr/lib/ruby/gems/1.8/gems/activesupport-2.2.2/lib/active_support/dependencies.rb:221:in `depend_on'
/usr/lib/ruby/gems/1.8/gems/activesupport-2.2.2/lib/active_support/dependencies.rb:133:in `require_dependency'
/usr/lib/ruby/gems/1.8/gems/activerecord-2.2.2/lib/active_record/fixtures.rb:856:in `try_to_load_dependency'
/usr/lib/ruby/gems/1.8/gems/activerecord-2.2.2/lib/active_record/fixtures.rb:871:in `require_fixture_classes'
/usr/lib/ruby/gems/1.8/gems/activerecord-2.2.2/lib/active_record/fixtures.rb:868:in `each'
/usr/lib/ruby/gems/1.8/gems/activerecord-2.2.2/lib/active_record/fixtures.rb:868:in `require_fixture_classes'
/usr/lib/ruby/gems/1.8/gems/activerecord-2.2.2/lib/active_record/fixtures.rb:851:in `fixtures'
./test/unit/../test_helper.rb:35
./test/unit/nested_assignment_test.rb:1:in `require'
./test/unit/nested_assignment_test.rb:1
/usr/lib/ruby/gems/1.8/gems/rake-0.8.3/lib/rake/rake_test_loader.rb:5:in `load'
/usr/lib/ruby/gems/1.8/gems/rake-0.8.3/lib/rake/rake_test_loader.rb:5
/usr/lib/ruby/gems/1.8/gems/rake-0.8.3/lib/rake/rake_test_loader.rb:5:in `each'
/usr/lib/ruby/gems/1.8/gems/rake-0.8.3/lib/rake/rake_test_loader.rb:5
Unable to load subscription, underlying cause no such file to load -- subscription.rb 

 /usr/lib/ruby/gems/1.8/gems/activesupport-2.2.2/lib/active_support/dependencies.rb:382:in `load_without_new_constant_marking'
/usr/lib/ruby/gems/1.8/gems/activesupport-2.2.2/lib/active_support/dependencies.rb:382:in `load_file'
/usr/lib/ruby/gems/1.8/gems/activesupport-2.2.2/lib/active_support/dependencies.rb:521:in `new_constants_in'
/usr/lib/ruby/gems/1.8/gems/activesupport-2.2.2/lib/active_support/dependencies.rb:381:in `load_file'
/usr/lib/ruby/gems/1.8/gems/activesupport-2.2.2/lib/active_support/dependencies.rb:256:in `require_or_load'
/usr/lib/ruby/gems/1.8/gems/activesupport-2.2.2/lib/active_support/dependencies.rb:221:in `depend_on'
/usr/lib/ruby/gems/1.8/gems/activesupport-2.2.2/lib/active_support/dependencies.rb:133:in `require_dependency'
/usr/lib/ruby/gems/1.8/gems/activerecord-2.2.2/lib/active_record/fixtures.rb:856:in `try_to_load_dependency'
/usr/lib/ruby/gems/1.8/gems/activerecord-2.2.2/lib/active_record/fixtures.rb:871:in `require_fixture_classes'
/usr/lib/ruby/gems/1.8/gems/activerecord-2.2.2/lib/active_record/fixtures.rb:868:in `each'
/usr/lib/ruby/gems/1.8/gems/activerecord-2.2.2/lib/active_record/fixtures.rb:868:in `require_fixture_classes'
/usr/lib/ruby/gems/1.8/gems/activerecord-2.2.2/lib/active_record/fixtures.rb:851:in `fixtures'
./test/unit/../test_helper.rb:35
./test/unit/nested_assignment_test.rb:1:in `require'
./test/unit/nested_assignment_test.rb:1
/usr/lib/ruby/gems/1.8/gems/rake-0.8.3/lib/rake/rake_test_loader.rb:5:in `load'
/usr/lib/ruby/gems/1.8/gems/rake-0.8.3/lib/rake/rake_test_loader.rb:5
/usr/lib/ruby/gems/1.8/gems/rake-0.8.3/lib/rake/rake_test_loader.rb:5:in `each'
/usr/lib/ruby/gems/1.8/gems/rake-0.8.3/lib/rake/rake_test_loader.rb:5
Unable to load address, underlying cause no such file to load -- address.rb 

 /usr/lib/ruby/gems/1.8/gems/activesupport-2.2.2/lib/active_support/dependencies.rb:382:in `load_without_new_constant_marking'
/usr/lib/ruby/gems/1.8/gems/activesupport-2.2.2/lib/active_support/dependencies.rb:382:in `load_file'
/usr/lib/ruby/gems/1.8/gems/activesupport-2.2.2/lib/active_support/dependencies.rb:521:in `new_constants_in'
/usr/lib/ruby/gems/1.8/gems/activesupport-2.2.2/lib/active_support/dependencies.rb:381:in `load_file'
/usr/lib/ruby/gems/1.8/gems/activesupport-2.2.2/lib/active_support/dependencies.rb:256:in `require_or_load'
/usr/lib/ruby/gems/1.8/gems/activesupport-2.2.2/lib/active_support/dependencies.rb:221:in `depend_on'
/usr/lib/ruby/gems/1.8/gems/activesupport-2.2.2/lib/active_support/dependencies.rb:133:in `require_dependency'
/usr/lib/ruby/gems/1.8/gems/activerecord-2.2.2/lib/active_record/fixtures.rb:856:in `try_to_load_dependency'
/usr/lib/ruby/gems/1.8/gems/activerecord-2.2.2/lib/active_record/fixtures.rb:871:in `require_fixture_classes'
/usr/lib/ruby/gems/1.8/gems/activerecord-2.2.2/lib/active_record/fixtures.rb:868:in `each'
/usr/lib/ruby/gems/1.8/gems/activerecord-2.2.2/lib/active_record/fixtures.rb:868:in `require_fixture_classes'
/usr/lib/ruby/gems/1.8/gems/activerecord-2.2.2/lib/active_record/fixtures.rb:851:in `fixtures'
./test/unit/../test_helper.rb:35
./test/unit/nested_assignment_test.rb:1:in `require'
./test/unit/nested_assignment_test.rb:1
/usr/lib/ruby/gems/1.8/gems/rake-0.8.3/lib/rake/rake_test_loader.rb:5:in `load'
/usr/lib/ruby/gems/1.8/gems/rake-0.8.3/lib/rake/rake_test_loader.rb:5
/usr/lib/ruby/gems/1.8/gems/rake-0.8.3/lib/rake/rake_test_loader.rb:5:in `each'
/usr/lib/ruby/gems/1.8/gems/rake-0.8.3/lib/rake/rake_test_loader.rb:5
Unable to load user, underlying cause no such file to load -- user.rb 

 /usr/lib/ruby/gems/1.8/gems/activesupport-2.2.2/lib/active_support/dependencies.rb:382:in `load_without_new_constant_marking'
/usr/lib/ruby/gems/1.8/gems/activesupport-2.2.2/lib/active_support/dependencies.rb:382:in `load_file'
/usr/lib/ruby/gems/1.8/gems/activesupport-2.2.2/lib/active_support/dependencies.rb:521:in `new_constants_in'
/usr/lib/ruby/gems/1.8/gems/activesupport-2.2.2/lib/active_support/dependencies.rb:381:in `load_file'
/usr/lib/ruby/gems/1.8/gems/activesupport-2.2.2/lib/active_support/dependencies.rb:256:in `require_or_load'
/usr/lib/ruby/gems/1.8/gems/activesupport-2.2.2/lib/active_support/dependencies.rb:221:in `depend_on'
/usr/lib/ruby/gems/1.8/gems/activesupport-2.2.2/lib/active_support/dependencies.rb:133:in `require_dependency'
/usr/lib/ruby/gems/1.8/gems/activerecord-2.2.2/lib/active_record/fixtures.rb:856:in `try_to_load_dependency'
/usr/lib/ruby/gems/1.8/gems/activerecord-2.2.2/lib/active_record/fixtures.rb:871:in `require_fixture_classes'
/usr/lib/ruby/gems/1.8/gems/activerecord-2.2.2/lib/active_record/fixtures.rb:868:in `each'
/usr/lib/ruby/gems/1.8/gems/activerecord-2.2.2/lib/active_record/fixtures.rb:868:in `require_fixture_classes'
/usr/lib/ruby/gems/1.8/gems/activerecord-2.2.2/lib/active_record/fixtures.rb:851:in `fixtures'
./test/unit/../test_helper.rb:35
./test/unit/nested_assignment_test.rb:1:in `require'
./test/unit/nested_assignment_test.rb:1
/usr/lib/ruby/gems/1.8/gems/rake-0.8.3/lib/rake/rake_test_loader.rb:5:in `load'
/usr/lib/ruby/gems/1.8/gems/rake-0.8.3/lib/rake/rake_test_loader.rb:5
/usr/lib/ruby/gems/1.8/gems/rake-0.8.3/lib/rake/rake_test_loader.rb:5:in `each'
/usr/lib/ruby/gems/1.8/gems/rake-0.8.3/lib/rake/rake_test_loader.rb:5
Unable to load role, underlying cause no such file to load -- role.rb 

 /usr/lib/ruby/gems/1.8/gems/activesupport-2.2.2/lib/active_support/dependencies.rb:382:in `load_without_new_constant_marking'
/usr/lib/ruby/gems/1.8/gems/activesupport-2.2.2/lib/active_support/dependencies.rb:382:in `load_file'
/usr/lib/ruby/gems/1.8/gems/activesupport-2.2.2/lib/active_support/dependencies.rb:521:in `new_constants_in'
/usr/lib/ruby/gems/1.8/gems/activesupport-2.2.2/lib/active_support/dependencies.rb:381:in `load_file'
/usr/lib/ruby/gems/1.8/gems/activesupport-2.2.2/lib/active_support/dependencies.rb:256:in `require_or_load'
/usr/lib/ruby/gems/1.8/gems/activesupport-2.2.2/lib/active_support/dependencies.rb:221:in `depend_on'
/usr/lib/ruby/gems/1.8/gems/activesupport-2.2.2/lib/active_support/dependencies.rb:133:in `require_dependency'
/usr/lib/ruby/gems/1.8/gems/activerecord-2.2.2/lib/active_record/fixtures.rb:856:in `try_to_load_dependency'
/usr/lib/ruby/gems/1.8/gems/activerecord-2.2.2/lib/active_record/fixtures.rb:871:in `require_fixture_classes'
/usr/lib/ruby/gems/1.8/gems/activerecord-2.2.2/lib/active_record/fixtures.rb:868:in `each'
/usr/lib/ruby/gems/1.8/gems/activerecord-2.2.2/lib/active_record/fixtures.rb:868:in `require_fixture_classes'
/usr/lib/ruby/gems/1.8/gems/activerecord-2.2.2/lib/active_record/fixtures.rb:851:in `fixtures'
./test/unit/../test_helper.rb:35
./test/unit/nested_assignment_test.rb:1:in `require'
./test/unit/nested_assignment_test.rb:1
/usr/lib/ruby/gems/1.8/gems/rake-0.8.3/lib/rake/rake_test_loader.rb:5:in `load'
/usr/lib/ruby/gems/1.8/gems/rake-0.8.3/lib/rake/rake_test_loader.rb:5
/usr/lib/ruby/gems/1.8/gems/rake-0.8.3/lib/rake/rake_test_loader.rb:5:in `each'
/usr/lib/ruby/gems/1.8/gems/rake-0.8.3/lib/rake/rake_test_loader.rb:5
  [4;35;1mPluginTestModels::User Load (0.2ms)[0m   [0mSELECT * FROM "users" WHERE ("users"."id" = 1) [0m
  [4;36;1mPluginTestModels::Subscription Load (0.2ms)[0m   [0;1mSELECT * FROM "subscriptions" WHERE ("subscriptions"."id" = 1) [0m
  [4;35;1mPluginTestModels::Subscription Load (0.2ms)[0m   [0mSELECT * FROM "subscriptions" WHERE ("subscriptions".user_id = 1) LIMIT 1[0m
  [4;36;1mPluginTestModels::Subscription Load (0.2ms)[0m   [0;1mSELECT * FROM "subscriptions" WHERE ("subscriptions"."id" = 1) [0m
  [4;35;1mPluginTestModels::Subscription Load (0.2ms)[0m   [0mSELECT * FROM "subscriptions" WHERE ("subscriptions"."id" = 1) [0m
  [4;36;1mPluginTestModels::User Load (0.1ms)[0m   [0;1mSELECT * FROM "users" WHERE ("users"."id" = 1) [0m
  [4;35;1mPluginTestModels::Subscription Load (0.2ms)[0m   [0mSELECT * FROM "subscriptions" WHERE ("subscriptions"."id" = 1) [0m
  [4;36;1mPluginTestModels::Subscription Load (0.2ms)[0m   [0;1mSELECT * FROM "subscriptions" WHERE ("subscriptions".user_id = 1) LIMIT 1[0m
  [4;35;1mPluginTestModels::Subscription Update (0.1ms)[0m   [0mUPDATE "subscriptions" SET "user_id" = NULL WHERE "id" = 1[0m
  [4;36;1mPluginTestModels::Subscription Load (0.2ms)[0m   [0;1mSELECT * FROM "subscriptions" WHERE ("subscriptions"."id" = 1) [0m
  [4;35;1mPluginTestModels::User Load (0.1ms)[0m   [0mSELECT * FROM "users" WHERE ("users"."id" = 1) [0m
  [4;36;1mPluginTestModels::Subscription Load (0.2ms)[0m   [0;1mSELECT * FROM "subscriptions" WHERE ("subscriptions"."id" = 1) [0m
  [4;35;1mPluginTestModels::Subscription Load (0.2ms)[0m   [0mSELECT * FROM "subscriptions" WHERE ("subscriptions".user_id = 1) LIMIT 1[0m
WARNING: Can't mass-assign these protected attributes: id
  [4;36;1mPluginTestModels::Subscription Load (0.2ms)[0m   [0;1mSELECT * FROM "subscriptions" WHERE ("subscriptions"."id" = 1) [0m
  [4;35;1mPluginTestModels::Subscription Load (0.2ms)[0m   [0mSELECT * FROM "subscriptions" WHERE ("subscriptions"."id" = 1) [0m
  [4;36;1mPluginTestModels::User Load (0.1ms)[0m   [0;1mSELECT * FROM "users" LIMIT 1[0m
  [4;35;1mPluginTestModels::User Load (0.1ms)[0m   [0mSELECT * FROM "users" LIMIT 1[0m
  [4;36;1mPluginTestModels::Role Load (0.2ms)[0m   [0;1mSELECT * FROM "roles" INNER JOIN "roles_users" ON "roles".id = "roles_users".role_id WHERE ("roles_users".user_id = 1 ) [0m
  [4;35;1mPluginTestModels::User Load (0.1ms)[0m   [0mSELECT * FROM "users" LIMIT 1[0m
  [4;36;1mPluginTestModels::Role Load (0.2ms)[0m   [0;1mSELECT * FROM "roles" INNER JOIN "roles_users" ON "roles".id = "roles_users".role_id WHERE ("roles_users".user_id = 1 ) [0m
  [4;35;1mPluginTestModels::User Load (0.1ms)[0m   [0mSELECT * FROM "users" LIMIT 1[0m
  [4;36;1mPluginTestModels::Address Load (0.2ms)[0m   [0;1mSELECT * FROM "addresses" WHERE ("addresses".addressable_id = 1 AND "addresses".addressable_type = 'PluginTestModels::User') LIMIT 1[0m
  [4;36;1mSQL (0.2ms)[0m   [0;1mselect sqlite_version(*)[0m
  [4;35;1mSQL (0.1ms)[0m   [0m SELECT name
 FROM sqlite_master
 WHERE type = 'table' AND NOT name = 'sqlite_sequence'
[0m
  [4;36;1mSQL (0.2ms)[0m   [0;1mCREATE TABLE "addresses" ("id" INTEGER PRIMARY KEY AUTOINCREMENT NOT NULL, "name" varchar(255), "addressable_id" integer, "addressable_type" varchar(255)) [0m
  [4;35;1mSQL (0.1ms)[0m   [0m SELECT name
 FROM sqlite_master
 WHERE type = 'table' AND NOT name = 'sqlite_sequence'
[0m
  [4;36;1mSQL (0.1ms)[0m   [0;1mCREATE TABLE "users" ("id" INTEGER PRIMARY KEY AUTOINCREMENT NOT NULL, "name" varchar(255)) [0m
  [4;35;1mSQL (0.2ms)[0m   [0m SELECT name
 FROM sqlite_master
 WHERE type = 'table' AND NOT name = 'sqlite_sequence'
[0m
  [4;36;1mSQL (0.1ms)[0m   [0;1mCREATE TABLE "roles_users" ("user_id" integer, "role_id" integer) [0m
  [4;35;1mSQL (0.2ms)[0m   [0m SELECT name
 FROM sqlite_master
 WHERE type = 'table' AND NOT name = 'sqlite_sequence'
[0m
  [4;36;1mSQL (0.1ms)[0m   [0;1mCREATE TABLE "services" ("id" INTEGER PRIMARY KEY AUTOINCREMENT NOT NULL, "name" varchar(255)) [0m
  [4;35;1mSQL (0.2ms)[0m   [0m SELECT name
 FROM sqlite_master
 WHERE type = 'table' AND NOT name = 'sqlite_sequence'
[0m
  [4;36;1mSQL (0.1ms)[0m   [0;1mCREATE TABLE "subscriptions" ("id" INTEGER PRIMARY KEY AUTOINCREMENT NOT NULL, "name" varchar(255), "service_id" integer, "user_id" integer) [0m
  [4;35;1mSQL (0.3ms)[0m   [0m SELECT name
 FROM sqlite_master
 WHERE type = 'table' AND NOT name = 'sqlite_sequence'
[0m
  [4;36;1mSQL (0.1ms)[0m   [0;1mCREATE TABLE "roles" ("id" INTEGER PRIMARY KEY AUTOINCREMENT NOT NULL, "name" varchar(255)) [0m
  [4;35;1mSQL (0.3ms)[0m   [0m SELECT name
 FROM sqlite_master
 WHERE type = 'table' AND NOT name = 'sqlite_sequence'
[0m
  [4;36;1mSQL (0.1ms)[0m   [0;1mCREATE TABLE "schema_migrations" ("version" varchar(255) NOT NULL) [0m
  [4;35;1mSQL (0.1ms)[0m   [0mCREATE UNIQUE INDEX "unique_schema_migrations" ON "schema_migrations" ("version")[0m
  [4;36;1mSQL (0.4ms)[0m   [0;1m SELECT name
 FROM sqlite_master
 WHERE type = 'table' AND NOT name = 'sqlite_sequence'
[0m
  [4;35;1mSQL (0.1ms)[0m   [0mSELECT version FROM "schema_migrations"[0m
  [4;36;1mSQL (0.1ms)[0m   [0;1mINSERT INTO "schema_migrations" (version) VALUES ('1')[0m
Unable to load roles_user, underlying cause no such file to load -- roles_user.rb 

 /usr/lib/ruby/gems/1.8/gems/activesupport-2.2.2/lib/active_support/dependencies.rb:382:in `load_without_new_constant_marking'
/usr/lib/ruby/gems/1.8/gems/activesupport-2.2.2/lib/active_support/dependencies.rb:382:in `load_file'
/usr/lib/ruby/gems/1.8/gems/activesupport-2.2.2/lib/active_support/dependencies.rb:521:in `new_constants_in'
/usr/lib/ruby/gems/1.8/gems/activesupport-2.2.2/lib/active_support/dependencies.rb:381:in `load_file'
/usr/lib/ruby/gems/1.8/gems/activesupport-2.2.2/lib/active_support/dependencies.rb:256:in `require_or_load'
/usr/lib/ruby/gems/1.8/gems/activesupport-2.2.2/lib/active_support/dependencies.rb:221:in `depend_on'
/usr/lib/ruby/gems/1.8/gems/activesupport-2.2.2/lib/active_support/dependencies.rb:133:in `require_dependency'
/usr/lib/ruby/gems/1.8/gems/activerecord-2.2.2/lib/active_record/fixtures.rb:856:in `try_to_load_dependency'
/usr/lib/ruby/gems/1.8/gems/activerecord-2.2.2/lib/active_record/fixtures.rb:871:in `require_fixture_classes'
/usr/lib/ruby/gems/1.8/gems/activerecord-2.2.2/lib/active_record/fixtures.rb:868:in `each'
/usr/lib/ruby/gems/1.8/gems/activerecord-2.2.2/lib/active_record/fixtures.rb:868:in `require_fixture_classes'
/usr/lib/ruby/gems/1.8/gems/activerecord-2.2.2/lib/active_record/fixtures.rb:851:in `fixtures'
./test/unit/../test_helper.rb:35
test/unit/nested_assignment_test.rb:1:in `require'
test/unit/nested_assignment_test.rb:1
Unable to load service, underlying cause no such file to load -- service.rb 

 /usr/lib/ruby/gems/1.8/gems/activesupport-2.2.2/lib/active_support/dependencies.rb:382:in `load_without_new_constant_marking'
/usr/lib/ruby/gems/1.8/gems/activesupport-2.2.2/lib/active_support/dependencies.rb:382:in `load_file'
/usr/lib/ruby/gems/1.8/gems/activesupport-2.2.2/lib/active_support/dependencies.rb:521:in `new_constants_in'
/usr/lib/ruby/gems/1.8/gems/activesupport-2.2.2/lib/active_support/dependencies.rb:381:in `load_file'
/usr/lib/ruby/gems/1.8/gems/activesupport-2.2.2/lib/active_support/dependencies.rb:256:in `require_or_load'
/usr/lib/ruby/gems/1.8/gems/activesupport-2.2.2/lib/active_support/dependencies.rb:221:in `depend_on'
/usr/lib/ruby/gems/1.8/gems/activesupport-2.2.2/lib/active_support/dependencies.rb:133:in `require_dependency'
/usr/lib/ruby/gems/1.8/gems/activerecord-2.2.2/lib/active_record/fixtures.rb:856:in `try_to_load_dependency'
/usr/lib/ruby/gems/1.8/gems/activerecord-2.2.2/lib/active_record/fixtures.rb:871:in `require_fixture_classes'
/usr/lib/ruby/gems/1.8/gems/activerecord-2.2.2/lib/active_record/fixtures.rb:868:in `each'
/usr/lib/ruby/gems/1.8/gems/activerecord-2.2.2/lib/active_record/fixtures.rb:868:in `require_fixture_classes'
/usr/lib/ruby/gems/1.8/gems/activerecord-2.2.2/lib/active_record/fixtures.rb:851:in `fixtures'
./test/unit/../test_helper.rb:35
test/unit/nested_assignment_test.rb:1:in `require'
test/unit/nested_assignment_test.rb:1
Unable to load subscription, underlying cause no such file to load -- subscription.rb 

 /usr/lib/ruby/gems/1.8/gems/activesupport-2.2.2/lib/active_support/dependencies.rb:382:in `load_without_new_constant_marking'
/usr/lib/ruby/gems/1.8/gems/activesupport-2.2.2/lib/active_support/dependencies.rb:382:in `load_file'
/usr/lib/ruby/gems/1.8/gems/activesupport-2.2.2/lib/active_support/dependencies.rb:521:in `new_constants_in'
/usr/lib/ruby/gems/1.8/gems/activesupport-2.2.2/lib/active_support/dependencies.rb:381:in `load_file'
/usr/lib/ruby/gems/1.8/gems/activesupport-2.2.2/lib/active_support/dependencies.rb:256:in `require_or_load'
/usr/lib/ruby/gems/1.8/gems/activesupport-2.2.2/lib/active_support/dependencies.rb:221:in `depend_on'
/usr/lib/ruby/gems/1.8/gems/activesupport-2.2.2/lib/active_support/dependencies.rb:133:in `require_dependency'
/usr/lib/ruby/gems/1.8/gems/activerecord-2.2.2/lib/active_record/fixtures.rb:856:in `try_to_load_dependency'
/usr/lib/ruby/gems/1.8/gems/activerecord-2.2.2/lib/active_record/fixtures.rb:871:in `require_fixture_classes'
/usr/lib/ruby/gems/1.8/gems/activerecord-2.2.2/lib/active_record/fixtures.rb:868:in `each'
/usr/lib/ruby/gems/1.8/gems/activerecord-2.2.2/lib/active_record/fixtures.rb:868:in `require_fixture_classes'
/usr/lib/ruby/gems/1.8/gems/activerecord-2.2.2/lib/active_record/fixtures.rb:851:in `fixtures'
./test/unit/../test_helper.rb:35
test/unit/nested_assignment_test.rb:1:in `require'
test/unit/nested_assignment_test.rb:1
Unable to load address, underlying cause no such file to load -- address.rb 

 /usr/lib/ruby/gems/1.8/gems/activesupport-2.2.2/lib/active_support/dependencies.rb:382:in `load_without_new_constant_marking'
/usr/lib/ruby/gems/1.8/gems/activesupport-2.2.2/lib/active_support/dependencies.rb:382:in `load_file'
/usr/lib/ruby/gems/1.8/gems/activesupport-2.2.2/lib/active_support/dependencies.rb:521:in `new_constants_in'
/usr/lib/ruby/gems/1.8/gems/activesupport-2.2.2/lib/active_support/dependencies.rb:381:in `load_file'
/usr/lib/ruby/gems/1.8/gems/activesupport-2.2.2/lib/active_support/dependencies.rb:256:in `require_or_load'
/usr/lib/ruby/gems/1.8/gems/activesupport-2.2.2/lib/active_support/dependencies.rb:221:in `depend_on'
/usr/lib/ruby/gems/1.8/gems/activesupport-2.2.2/lib/active_support/dependencies.rb:133:in `require_dependency'
/usr/lib/ruby/gems/1.8/gems/activerecord-2.2.2/lib/active_record/fixtures.rb:856:in `try_to_load_dependency'
/usr/lib/ruby/gems/1.8/gems/activerecord-2.2.2/lib/active_record/fixtures.rb:871:in `require_fixture_classes'
/usr/lib/ruby/gems/1.8/gems/activerecord-2.2.2/lib/active_record/fixtures.rb:868:in `each'
/usr/lib/ruby/gems/1.8/gems/activerecord-2.2.2/lib/active_record/fixtures.rb:868:in `require_fixture_classes'
/usr/lib/ruby/gems/1.8/gems/activerecord-2.2.2/lib/active_record/fixtures.rb:851:in `fixtures'
./test/unit/../test_helper.rb:35
test/unit/nested_assignment_test.rb:1:in `require'
test/unit/nested_assignment_test.rb:1
Unable to load user, underlying cause no such file to load -- user.rb 

 /usr/lib/ruby/gems/1.8/gems/activesupport-2.2.2/lib/active_support/dependencies.rb:382:in `load_without_new_constant_marking'
/usr/lib/ruby/gems/1.8/gems/activesupport-2.2.2/lib/active_support/dependencies.rb:382:in `load_file'
/usr/lib/ruby/gems/1.8/gems/activesupport-2.2.2/lib/active_support/dependencies.rb:521:in `new_constants_in'
/usr/lib/ruby/gems/1.8/gems/activesupport-2.2.2/lib/active_support/dependencies.rb:381:in `load_file'
/usr/lib/ruby/gems/1.8/gems/activesupport-2.2.2/lib/active_support/dependencies.rb:256:in `require_or_load'
/usr/lib/ruby/gems/1.8/gems/activesupport-2.2.2/lib/active_support/dependencies.rb:221:in `depend_on'
/usr/lib/ruby/gems/1.8/gems/activesupport-2.2.2/lib/active_support/dependencies.rb:133:in `require_dependency'
/usr/lib/ruby/gems/1.8/gems/activerecord-2.2.2/lib/active_record/fixtures.rb:856:in `try_to_load_dependency'
/usr/lib/ruby/gems/1.8/gems/activerecord-2.2.2/lib/active_record/fixtures.rb:871:in `require_fixture_classes'
/usr/lib/ruby/gems/1.8/gems/activerecord-2.2.2/lib/active_record/fixtures.rb:868:in `each'
/usr/lib/ruby/gems/1.8/gems/activerecord-2.2.2/lib/active_record/fixtures.rb:868:in `require_fixture_classes'
/usr/lib/ruby/gems/1.8/gems/activerecord-2.2.2/lib/active_record/fixtures.rb:851:in `fixtures'
./test/unit/../test_helper.rb:35
test/unit/nested_assignment_test.rb:1:in `require'
test/unit/nested_assignment_test.rb:1
Unable to load role, underlying cause no such file to load -- role.rb 

 /usr/lib/ruby/gems/1.8/gems/activesupport-2.2.2/lib/active_support/dependencies.rb:382:in `load_without_new_constant_marking'
/usr/lib/ruby/gems/1.8/gems/activesupport-2.2.2/lib/active_support/dependencies.rb:382:in `load_file'
/usr/lib/ruby/gems/1.8/gems/activesupport-2.2.2/lib/active_support/dependencies.rb:521:in `new_constants_in'
/usr/lib/ruby/gems/1.8/gems/activesupport-2.2.2/lib/active_support/dependencies.rb:381:in `load_file'
/usr/lib/ruby/gems/1.8/gems/activesupport-2.2.2/lib/active_support/dependencies.rb:256:in `require_or_load'
/usr/lib/ruby/gems/1.8/gems/activesupport-2.2.2/lib/active_support/dependencies.rb:221:in `depend_on'
/usr/lib/ruby/gems/1.8/gems/activesupport-2.2.2/lib/active_support/dependencies.rb:133:in `require_dependency'
/usr/lib/ruby/gems/1.8/gems/activerecord-2.2.2/lib/active_record/fixtures.rb:856:in `try_to_load_dependency'
/usr/lib/ruby/gems/1.8/gems/activerecord-2.2.2/lib/active_record/fixtures.rb:871:in `require_fixture_classes'
/usr/lib/ruby/gems/1.8/gems/activerecord-2.2.2/lib/active_record/fixtures.rb:868:in `each'
/usr/lib/ruby/gems/1.8/gems/activerecord-2.2.2/lib/active_record/fixtures.rb:868:in `require_fixture_classes'
/usr/lib/ruby/gems/1.8/gems/activerecord-2.2.2/lib/active_record/fixtures.rb:851:in `fixtures'
./test/unit/../test_helper.rb:35
test/unit/nested_assignment_test.rb:1:in `require'
test/unit/nested_assignment_test.rb:1
  [4;35;1mPluginTestModels::User Load (0.1ms)[0m   [0mSELECT * FROM "users" WHERE ("users"."id" = 1) [0m
  [4;36;1mPluginTestModels::Subscription Load (0.2ms)[0m   [0;1mSELECT * FROM "subscriptions" WHERE ("subscriptions"."id" = 1) [0m
  [4;35;1mPluginTestModels::Subscription Load (0.2ms)[0m   [0mSELECT * FROM "subscriptions" WHERE ("subscriptions".user_id = 1) LIMIT 1[0m
WARNING: Can't mass-assign these protected attributes: id
  [4;36;1mPluginTestModels::Subscription Load (0.2ms)[0m   [0;1mSELECT * FROM "subscriptions" WHERE ("subscriptions"."id" = 1) [0m
  [4;35;1mPluginTestModels::Subscription Load (0.2ms)[0m   [0mSELECT * FROM "subscriptions" WHERE ("subscriptions"."id" = 1) [0m
  [4;36;1mSQL (0.2ms)[0m   [0;1mselect sqlite_version(*)[0m
  [4;35;1mSQL (0.1ms)[0m   [0m SELECT name
 FROM sqlite_master
 WHERE type = 'table' AND NOT name = 'sqlite_sequence'
[0m
  [4;36;1mSQL (0.3ms)[0m   [0;1mCREATE TABLE "addresses" ("id" INTEGER PRIMARY KEY AUTOINCREMENT NOT NULL, "name" varchar(255), "addressable_id" integer, "addressable_type" varchar(255)) [0m
  [4;35;1mSQL (0.1ms)[0m   [0m SELECT name
 FROM sqlite_master
 WHERE type = 'table' AND NOT name = 'sqlite_sequence'
[0m
  [4;36;1mSQL (0.1ms)[0m   [0;1mCREATE TABLE "users" ("id" INTEGER PRIMARY KEY AUTOINCREMENT NOT NULL, "name" varchar(255)) [0m
  [4;35;1mSQL (0.2ms)[0m   [0m SELECT name
 FROM sqlite_master
 WHERE type = 'table' AND NOT name = 'sqlite_sequence'
[0m
  [4;36;1mSQL (0.1ms)[0m   [0;1mCREATE TABLE "roles_users" ("user_id" integer, "role_id" integer) [0m
  [4;35;1mSQL (0.2ms)[0m   [0m SELECT name
 FROM sqlite_master
 WHERE type = 'table' AND NOT name = 'sqlite_sequence'
[0m
  [4;36;1mSQL (0.1ms)[0m   [0;1mCREATE TABLE "services" ("id" INTEGER PRIMARY KEY AUTOINCREMENT NOT NULL, "name" varchar(255)) [0m
  [4;35;1mSQL (0.2ms)[0m   [0m SELECT name
 FROM sqlite_master
 WHERE type = 'table' AND NOT name = 'sqlite_sequence'
[0m
  [4;36;1mSQL (0.1ms)[0m   [0;1mCREATE TABLE "subscriptions" ("id" INTEGER PRIMARY KEY AUTOINCREMENT NOT NULL, "name" varchar(255), "service_id" integer, "user_id" integer) [0m
  [4;35;1mSQL (0.3ms)[0m   [0m SELECT name
 FROM sqlite_master
 WHERE type = 'table' AND NOT name = 'sqlite_sequence'
[0m
  [4;36;1mSQL (0.1ms)[0m   [0;1mCREATE TABLE "roles" ("id" INTEGER PRIMARY KEY AUTOINCREMENT NOT NULL, "name" varchar(255)) [0m
  [4;35;1mSQL (0.3ms)[0m   [0m SELECT name
 FROM sqlite_master
 WHERE type = 'table' AND NOT name = 'sqlite_sequence'
[0m
  [4;36;1mSQL (0.1ms)[0m   [0;1mCREATE TABLE "schema_migrations" ("version" varchar(255) NOT NULL) [0m
  [4;35;1mSQL (0.1ms)[0m   [0mCREATE UNIQUE INDEX "unique_schema_migrations" ON "schema_migrations" ("version")[0m
  [4;36;1mSQL (0.4ms)[0m   [0;1m SELECT name
 FROM sqlite_master
 WHERE type = 'table' AND NOT name = 'sqlite_sequence'
[0m
  [4;35;1mSQL (0.1ms)[0m   [0mSELECT version FROM "schema_migrations"[0m
  [4;36;1mSQL (0.1ms)[0m   [0;1mINSERT INTO "schema_migrations" (version) VALUES ('1')[0m
Unable to load roles_user, underlying cause no such file to load -- roles_user.rb 

 /usr/lib/ruby/gems/1.8/gems/activesupport-2.2.2/lib/active_support/dependencies.rb:382:in `load_without_new_constant_marking'
/usr/lib/ruby/gems/1.8/gems/activesupport-2.2.2/lib/active_support/dependencies.rb:382:in `load_file'
/usr/lib/ruby/gems/1.8/gems/activesupport-2.2.2/lib/active_support/dependencies.rb:521:in `new_constants_in'
/usr/lib/ruby/gems/1.8/gems/activesupport-2.2.2/lib/active_support/dependencies.rb:381:in `load_file'
/usr/lib/ruby/gems/1.8/gems/activesupport-2.2.2/lib/active_support/dependencies.rb:256:in `require_or_load'
/usr/lib/ruby/gems/1.8/gems/activesupport-2.2.2/lib/active_support/dependencies.rb:221:in `depend_on'
/usr/lib/ruby/gems/1.8/gems/activesupport-2.2.2/lib/active_support/dependencies.rb:133:in `require_dependency'
/usr/lib/ruby/gems/1.8/gems/activerecord-2.2.2/lib/active_record/fixtures.rb:856:in `try_to_load_dependency'
/usr/lib/ruby/gems/1.8/gems/activerecord-2.2.2/lib/active_record/fixtures.rb:871:in `require_fixture_classes'
/usr/lib/ruby/gems/1.8/gems/activerecord-2.2.2/lib/active_record/fixtures.rb:868:in `each'
/usr/lib/ruby/gems/1.8/gems/activerecord-2.2.2/lib/active_record/fixtures.rb:868:in `require_fixture_classes'
/usr/lib/ruby/gems/1.8/gems/activerecord-2.2.2/lib/active_record/fixtures.rb:851:in `fixtures'
./test/unit/../test_helper.rb:35
test/unit/nested_assignment_test.rb:1:in `require'
test/unit/nested_assignment_test.rb:1
Unable to load service, underlying cause no such file to load -- service.rb 

 /usr/lib/ruby/gems/1.8/gems/activesupport-2.2.2/lib/active_support/dependencies.rb:382:in `load_without_new_constant_marking'
/usr/lib/ruby/gems/1.8/gems/activesupport-2.2.2/lib/active_support/dependencies.rb:382:in `load_file'
/usr/lib/ruby/gems/1.8/gems/activesupport-2.2.2/lib/active_support/dependencies.rb:521:in `new_constants_in'
/usr/lib/ruby/gems/1.8/gems/activesupport-2.2.2/lib/active_support/dependencies.rb:381:in `load_file'
/usr/lib/ruby/gems/1.8/gems/activesupport-2.2.2/lib/active_support/dependencies.rb:256:in `require_or_load'
/usr/lib/ruby/gems/1.8/gems/activesupport-2.2.2/lib/active_support/dependencies.rb:221:in `depend_on'
/usr/lib/ruby/gems/1.8/gems/activesupport-2.2.2/lib/active_support/dependencies.rb:133:in `require_dependency'
/usr/lib/ruby/gems/1.8/gems/activerecord-2.2.2/lib/active_record/fixtures.rb:856:in `try_to_load_dependency'
/usr/lib/ruby/gems/1.8/gems/activerecord-2.2.2/lib/active_record/fixtures.rb:871:in `require_fixture_classes'
/usr/lib/ruby/gems/1.8/gems/activerecord-2.2.2/lib/active_record/fixtures.rb:868:in `each'
/usr/lib/ruby/gems/1.8/gems/activerecord-2.2.2/lib/active_record/fixtures.rb:868:in `require_fixture_classes'
/usr/lib/ruby/gems/1.8/gems/activerecord-2.2.2/lib/active_record/fixtures.rb:851:in `fixtures'
./test/unit/../test_helper.rb:35
test/unit/nested_assignment_test.rb:1:in `require'
test/unit/nested_assignment_test.rb:1
Unable to load subscription, underlying cause no such file to load -- subscription.rb 

 /usr/lib/ruby/gems/1.8/gems/activesupport-2.2.2/lib/active_support/dependencies.rb:382:in `load_without_new_constant_marking'
/usr/lib/ruby/gems/1.8/gems/activesupport-2.2.2/lib/active_support/dependencies.rb:382:in `load_file'
/usr/lib/ruby/gems/1.8/gems/activesupport-2.2.2/lib/active_support/dependencies.rb:521:in `new_constants_in'
/usr/lib/ruby/gems/1.8/gems/activesupport-2.2.2/lib/active_support/dependencies.rb:381:in `load_file'
/usr/lib/ruby/gems/1.8/gems/activesupport-2.2.2/lib/active_support/dependencies.rb:256:in `require_or_load'
/usr/lib/ruby/gems/1.8/gems/activesupport-2.2.2/lib/active_support/dependencies.rb:221:in `depend_on'
/usr/lib/ruby/gems/1.8/gems/activesupport-2.2.2/lib/active_support/dependencies.rb:133:in `require_dependency'
/usr/lib/ruby/gems/1.8/gems/activerecord-2.2.2/lib/active_record/fixtures.rb:856:in `try_to_load_dependency'
/usr/lib/ruby/gems/1.8/gems/activerecord-2.2.2/lib/active_record/fixtures.rb:871:in `require_fixture_classes'
/usr/lib/ruby/gems/1.8/gems/activerecord-2.2.2/lib/active_record/fixtures.rb:868:in `each'
/usr/lib/ruby/gems/1.8/gems/activerecord-2.2.2/lib/active_record/fixtures.rb:868:in `require_fixture_classes'
/usr/lib/ruby/gems/1.8/gems/activerecord-2.2.2/lib/active_record/fixtures.rb:851:in `fixtures'
./test/unit/../test_helper.rb:35
test/unit/nested_assignment_test.rb:1:in `require'
test/unit/nested_assignment_test.rb:1
Unable to load address, underlying cause no such file to load -- address.rb 

 /usr/lib/ruby/gems/1.8/gems/activesupport-2.2.2/lib/active_support/dependencies.rb:382:in `load_without_new_constant_marking'
/usr/lib/ruby/gems/1.8/gems/activesupport-2.2.2/lib/active_support/dependencies.rb:382:in `load_file'
/usr/lib/ruby/gems/1.8/gems/activesupport-2.2.2/lib/active_support/dependencies.rb:521:in `new_constants_in'
/usr/lib/ruby/gems/1.8/gems/activesupport-2.2.2/lib/active_support/dependencies.rb:381:in `load_file'
/usr/lib/ruby/gems/1.8/gems/activesupport-2.2.2/lib/active_support/dependencies.rb:256:in `require_or_load'
/usr/lib/ruby/gems/1.8/gems/activesupport-2.2.2/lib/active_support/dependencies.rb:221:in `depend_on'
/usr/lib/ruby/gems/1.8/gems/activesupport-2.2.2/lib/active_support/dependencies.rb:133:in `require_dependency'
/usr/lib/ruby/gems/1.8/gems/activerecord-2.2.2/lib/active_record/fixtures.rb:856:in `try_to_load_dependency'
/usr/lib/ruby/gems/1.8/gems/activerecord-2.2.2/lib/active_record/fixtures.rb:871:in `require_fixture_classes'
/usr/lib/ruby/gems/1.8/gems/activerecord-2.2.2/lib/active_record/fixtures.rb:868:in `each'
/usr/lib/ruby/gems/1.8/gems/activerecord-2.2.2/lib/active_record/fixtures.rb:868:in `require_fixture_classes'
/usr/lib/ruby/gems/1.8/gems/activerecord-2.2.2/lib/active_record/fixtures.rb:851:in `fixtures'
./test/unit/../test_helper.rb:35
test/unit/nested_assignment_test.rb:1:in `require'
test/unit/nested_assignment_test.rb:1
Unable to load user, underlying cause no such file to load -- user.rb 

 /usr/lib/ruby/gems/1.8/gems/activesupport-2.2.2/lib/active_support/dependencies.rb:382:in `load_without_new_constant_marking'
/usr/lib/ruby/gems/1.8/gems/activesupport-2.2.2/lib/active_support/dependencies.rb:382:in `load_file'
/usr/lib/ruby/gems/1.8/gems/activesupport-2.2.2/lib/active_support/dependencies.rb:521:in `new_constants_in'
/usr/lib/ruby/gems/1.8/gems/activesupport-2.2.2/lib/active_support/dependencies.rb:381:in `load_file'
/usr/lib/ruby/gems/1.8/gems/activesupport-2.2.2/lib/active_support/dependencies.rb:256:in `require_or_load'
/usr/lib/ruby/gems/1.8/gems/activesupport-2.2.2/lib/active_support/dependencies.rb:221:in `depend_on'
/usr/lib/ruby/gems/1.8/gems/activesupport-2.2.2/lib/active_support/dependencies.rb:133:in `require_dependency'
/usr/lib/ruby/gems/1.8/gems/activerecord-2.2.2/lib/active_record/fixtures.rb:856:in `try_to_load_dependency'
/usr/lib/ruby/gems/1.8/gems/activerecord-2.2.2/lib/active_record/fixtures.rb:871:in `require_fixture_classes'
/usr/lib/ruby/gems/1.8/gems/activerecord-2.2.2/lib/active_record/fixtures.rb:868:in `each'
/usr/lib/ruby/gems/1.8/gems/activerecord-2.2.2/lib/active_record/fixtures.rb:868:in `require_fixture_classes'
/usr/lib/ruby/gems/1.8/gems/activerecord-2.2.2/lib/active_record/fixtures.rb:851:in `fixtures'
./test/unit/../test_helper.rb:35
test/unit/nested_assignment_test.rb:1:in `require'
test/unit/nested_assignment_test.rb:1
Unable to load role, underlying cause no such file to load -- role.rb 

 /usr/lib/ruby/gems/1.8/gems/activesupport-2.2.2/lib/active_support/dependencies.rb:382:in `load_without_new_constant_marking'
/usr/lib/ruby/gems/1.8/gems/activesupport-2.2.2/lib/active_support/dependencies.rb:382:in `load_file'
/usr/lib/ruby/gems/1.8/gems/activesupport-2.2.2/lib/active_support/dependencies.rb:521:in `new_constants_in'
/usr/lib/ruby/gems/1.8/gems/activesupport-2.2.2/lib/active_support/dependencies.rb:381:in `load_file'
/usr/lib/ruby/gems/1.8/gems/activesupport-2.2.2/lib/active_support/dependencies.rb:256:in `require_or_load'
/usr/lib/ruby/gems/1.8/gems/activesupport-2.2.2/lib/active_support/dependencies.rb:221:in `depend_on'
/usr/lib/ruby/gems/1.8/gems/activesupport-2.2.2/lib/active_support/dependencies.rb:133:in `require_dependency'
/usr/lib/ruby/gems/1.8/gems/activerecord-2.2.2/lib/active_record/fixtures.rb:856:in `try_to_load_dependency'
/usr/lib/ruby/gems/1.8/gems/activerecord-2.2.2/lib/active_record/fixtures.rb:871:in `require_fixture_classes'
/usr/lib/ruby/gems/1.8/gems/activerecord-2.2.2/lib/active_record/fixtures.rb:868:in `each'
/usr/lib/ruby/gems/1.8/gems/activerecord-2.2.2/lib/active_record/fixtures.rb:868:in `require_fixture_classes'
/usr/lib/ruby/gems/1.8/gems/activerecord-2.2.2/lib/active_record/fixtures.rb:851:in `fixtures'
./test/unit/../test_helper.rb:35
test/unit/nested_assignment_test.rb:1:in `require'
test/unit/nested_assignment_test.rb:1
  [4;35;1mPluginTestModels::User Load (0.1ms)[0m   [0mSELECT * FROM "users" WHERE ("users"."id" = 1) [0m
  [4;36;1mPluginTestModels::Subscription Load (0.2ms)[0m   [0;1mSELECT * FROM "subscriptions" WHERE ("subscriptions"."id" = 1) [0m
  [4;35;1mPluginTestModels::Subscription Load (0.2ms)[0m   [0mSELECT * FROM "subscriptions" WHERE ("subscriptions".user_id = 1) LIMIT 1[0m
WARNING: Can't mass-assign these protected attributes: id
  [4;36;1mPluginTestModels::Subscription Load (0.2ms)[0m   [0;1mSELECT * FROM "subscriptions" WHERE ("subscriptions"."id" = 1) [0m
  [4;35;1mPluginTestModels::Subscription Load (0.2ms)[0m   [0mSELECT * FROM "subscriptions" WHERE ("subscriptions"."id" = 1) [0m
  [4;36;1mSQL (0.2ms)[0m   [0;1mselect sqlite_version(*)[0m
  [4;35;1mSQL (0.2ms)[0m   [0m SELECT name
 FROM sqlite_master
 WHERE type = 'table' AND NOT name = 'sqlite_sequence'
[0m
  [4;36;1mSQL (0.2ms)[0m   [0;1mCREATE TABLE "addresses" ("id" INTEGER PRIMARY KEY AUTOINCREMENT NOT NULL, "name" varchar(255), "addressable_id" integer, "addressable_type" varchar(255)) [0m
  [4;35;1mSQL (0.1ms)[0m   [0m SELECT name
 FROM sqlite_master
 WHERE type = 'table' AND NOT name = 'sqlite_sequence'
[0m
  [4;36;1mSQL (0.1ms)[0m   [0;1mCREATE TABLE "users" ("id" INTEGER PRIMARY KEY AUTOINCREMENT NOT NULL, "name" varchar(255)) [0m
  [4;35;1mSQL (0.2ms)[0m   [0m SELECT name
 FROM sqlite_master
 WHERE type = 'table' AND NOT name = 'sqlite_sequence'
[0m
  [4;36;1mSQL (0.1ms)[0m   [0;1mCREATE TABLE "roles_users" ("user_id" integer, "role_id" integer) [0m
  [4;35;1mSQL (0.2ms)[0m   [0m SELECT name
 FROM sqlite_master
 WHERE type = 'table' AND NOT name = 'sqlite_sequence'
[0m
  [4;36;1mSQL (0.1ms)[0m   [0;1mCREATE TABLE "services" ("id" INTEGER PRIMARY KEY AUTOINCREMENT NOT NULL, "name" varchar(255)) [0m
  [4;35;1mSQL (0.2ms)[0m   [0m SELECT name
 FROM sqlite_master
 WHERE type = 'table' AND NOT name = 'sqlite_sequence'
[0m
  [4;36;1mSQL (0.1ms)[0m   [0;1mCREATE TABLE "subscriptions" ("id" INTEGER PRIMARY KEY AUTOINCREMENT NOT NULL, "name" varchar(255), "service_id" integer, "user_id" integer) [0m
  [4;35;1mSQL (0.3ms)[0m   [0m SELECT name
 FROM sqlite_master
 WHERE type = 'table' AND NOT name = 'sqlite_sequence'
[0m
  [4;36;1mSQL (0.1ms)[0m   [0;1mCREATE TABLE "roles" ("id" INTEGER PRIMARY KEY AUTOINCREMENT NOT NULL, "name" varchar(255)) [0m
  [4;35;1mSQL (0.3ms)[0m   [0m SELECT name
 FROM sqlite_master
 WHERE type = 'table' AND NOT name = 'sqlite_sequence'
[0m
  [4;36;1mSQL (0.1ms)[0m   [0;1mCREATE TABLE "schema_migrations" ("version" varchar(255) NOT NULL) [0m
  [4;35;1mSQL (0.1ms)[0m   [0mCREATE UNIQUE INDEX "unique_schema_migrations" ON "schema_migrations" ("version")[0m
  [4;36;1mSQL (0.4ms)[0m   [0;1m SELECT name
 FROM sqlite_master
 WHERE type = 'table' AND NOT name = 'sqlite_sequence'
[0m
  [4;35;1mSQL (0.1ms)[0m   [0mSELECT version FROM "schema_migrations"[0m
  [4;36;1mSQL (0.1ms)[0m   [0;1mINSERT INTO "schema_migrations" (version) VALUES ('1')[0m
Unable to load roles_user, underlying cause no such file to load -- roles_user.rb 

 /usr/lib/ruby/gems/1.8/gems/activesupport-2.2.2/lib/active_support/dependencies.rb:382:in `load_without_new_constant_marking'
/usr/lib/ruby/gems/1.8/gems/activesupport-2.2.2/lib/active_support/dependencies.rb:382:in `load_file'
/usr/lib/ruby/gems/1.8/gems/activesupport-2.2.2/lib/active_support/dependencies.rb:521:in `new_constants_in'
/usr/lib/ruby/gems/1.8/gems/activesupport-2.2.2/lib/active_support/dependencies.rb:381:in `load_file'
/usr/lib/ruby/gems/1.8/gems/activesupport-2.2.2/lib/active_support/dependencies.rb:256:in `require_or_load'
/usr/lib/ruby/gems/1.8/gems/activesupport-2.2.2/lib/active_support/dependencies.rb:221:in `depend_on'
/usr/lib/ruby/gems/1.8/gems/activesupport-2.2.2/lib/active_support/dependencies.rb:133:in `require_dependency'
/usr/lib/ruby/gems/1.8/gems/activerecord-2.2.2/lib/active_record/fixtures.rb:856:in `try_to_load_dependency'
/usr/lib/ruby/gems/1.8/gems/activerecord-2.2.2/lib/active_record/fixtures.rb:871:in `require_fixture_classes'
/usr/lib/ruby/gems/1.8/gems/activerecord-2.2.2/lib/active_record/fixtures.rb:868:in `each'
/usr/lib/ruby/gems/1.8/gems/activerecord-2.2.2/lib/active_record/fixtures.rb:868:in `require_fixture_classes'
/usr/lib/ruby/gems/1.8/gems/activerecord-2.2.2/lib/active_record/fixtures.rb:851:in `fixtures'
./test/unit/../test_helper.rb:35
test/unit/nested_assignment_test.rb:1:in `require'
test/unit/nested_assignment_test.rb:1
Unable to load service, underlying cause no such file to load -- service.rb 

 /usr/lib/ruby/gems/1.8/gems/activesupport-2.2.2/lib/active_support/dependencies.rb:382:in `load_without_new_constant_marking'
/usr/lib/ruby/gems/1.8/gems/activesupport-2.2.2/lib/active_support/dependencies.rb:382:in `load_file'
/usr/lib/ruby/gems/1.8/gems/activesupport-2.2.2/lib/active_support/dependencies.rb:521:in `new_constants_in'
/usr/lib/ruby/gems/1.8/gems/activesupport-2.2.2/lib/active_support/dependencies.rb:381:in `load_file'
/usr/lib/ruby/gems/1.8/gems/activesupport-2.2.2/lib/active_support/dependencies.rb:256:in `require_or_load'
/usr/lib/ruby/gems/1.8/gems/activesupport-2.2.2/lib/active_support/dependencies.rb:221:in `depend_on'
/usr/lib/ruby/gems/1.8/gems/activesupport-2.2.2/lib/active_support/dependencies.rb:133:in `require_dependency'
/usr/lib/ruby/gems/1.8/gems/activerecord-2.2.2/lib/active_record/fixtures.rb:856:in `try_to_load_dependency'
/usr/lib/ruby/gems/1.8/gems/activerecord-2.2.2/lib/active_record/fixtures.rb:871:in `require_fixture_classes'
/usr/lib/ruby/gems/1.8/gems/activerecord-2.2.2/lib/active_record/fixtures.rb:868:in `each'
/usr/lib/ruby/gems/1.8/gems/activerecord-2.2.2/lib/active_record/fixtures.rb:868:in `require_fixture_classes'
/usr/lib/ruby/gems/1.8/gems/activerecord-2.2.2/lib/active_record/fixtures.rb:851:in `fixtures'
./test/unit/../test_helper.rb:35
test/unit/nested_assignment_test.rb:1:in `require'
test/unit/nested_assignment_test.rb:1
Unable to load subscription, underlying cause no such file to load -- subscription.rb 

 /usr/lib/ruby/gems/1.8/gems/activesupport-2.2.2/lib/active_support/dependencies.rb:382:in `load_without_new_constant_marking'
/usr/lib/ruby/gems/1.8/gems/activesupport-2.2.2/lib/active_support/dependencies.rb:382:in `load_file'
/usr/lib/ruby/gems/1.8/gems/activesupport-2.2.2/lib/active_support/dependencies.rb:521:in `new_constants_in'
/usr/lib/ruby/gems/1.8/gems/activesupport-2.2.2/lib/active_support/dependencies.rb:381:in `load_file'
/usr/lib/ruby/gems/1.8/gems/activesupport-2.2.2/lib/active_support/dependencies.rb:256:in `require_or_load'
/usr/lib/ruby/gems/1.8/gems/activesupport-2.2.2/lib/active_support/dependencies.rb:221:in `depend_on'
/usr/lib/ruby/gems/1.8/gems/activesupport-2.2.2/lib/active_support/dependencies.rb:133:in `require_dependency'
/usr/lib/ruby/gems/1.8/gems/activerecord-2.2.2/lib/active_record/fixtures.rb:856:in `try_to_load_dependency'
/usr/lib/ruby/gems/1.8/gems/activerecord-2.2.2/lib/active_record/fixtures.rb:871:in `require_fixture_classes'
/usr/lib/ruby/gems/1.8/gems/activerecord-2.2.2/lib/active_record/fixtures.rb:868:in `each'
/usr/lib/ruby/gems/1.8/gems/activerecord-2.2.2/lib/active_record/fixtures.rb:868:in `require_fixture_classes'
/usr/lib/ruby/gems/1.8/gems/activerecord-2.2.2/lib/active_record/fixtures.rb:851:in `fixtures'
./test/unit/../test_helper.rb:35
test/unit/nested_assignment_test.rb:1:in `require'
test/unit/nested_assignment_test.rb:1
Unable to load address, underlying cause no such file to load -- address.rb 

 /usr/lib/ruby/gems/1.8/gems/activesupport-2.2.2/lib/active_support/dependencies.rb:382:in `load_without_new_constant_marking'
/usr/lib/ruby/gems/1.8/gems/activesupport-2.2.2/lib/active_support/dependencies.rb:382:in `load_file'
/usr/lib/ruby/gems/1.8/gems/activesupport-2.2.2/lib/active_support/dependencies.rb:521:in `new_constants_in'
/usr/lib/ruby/gems/1.8/gems/activesupport-2.2.2/lib/active_support/dependencies.rb:381:in `load_file'
/usr/lib/ruby/gems/1.8/gems/activesupport-2.2.2/lib/active_support/dependencies.rb:256:in `require_or_load'
/usr/lib/ruby/gems/1.8/gems/activesupport-2.2.2/lib/active_support/dependencies.rb:221:in `depend_on'
/usr/lib/ruby/gems/1.8/gems/activesupport-2.2.2/lib/active_support/dependencies.rb:133:in `require_dependency'
/usr/lib/ruby/gems/1.8/gems/activerecord-2.2.2/lib/active_record/fixtures.rb:856:in `try_to_load_dependency'
/usr/lib/ruby/gems/1.8/gems/activerecord-2.2.2/lib/active_record/fixtures.rb:871:in `require_fixture_classes'
/usr/lib/ruby/gems/1.8/gems/activerecord-2.2.2/lib/active_record/fixtures.rb:868:in `each'
/usr/lib/ruby/gems/1.8/gems/activerecord-2.2.2/lib/active_record/fixtures.rb:868:in `require_fixture_classes'
/usr/lib/ruby/gems/1.8/gems/activerecord-2.2.2/lib/active_record/fixtures.rb:851:in `fixtures'
./test/unit/../test_helper.rb:35
test/unit/nested_assignment_test.rb:1:in `require'
test/unit/nested_assignment_test.rb:1
Unable to load user, underlying cause no such file to load -- user.rb 

 /usr/lib/ruby/gems/1.8/gems/activesupport-2.2.2/lib/active_support/dependencies.rb:382:in `load_without_new_constant_marking'
/usr/lib/ruby/gems/1.8/gems/activesupport-2.2.2/lib/active_support/dependencies.rb:382:in `load_file'
/usr/lib/ruby/gems/1.8/gems/activesupport-2.2.2/lib/active_support/dependencies.rb:521:in `new_constants_in'
/usr/lib/ruby/gems/1.8/gems/activesupport-2.2.2/lib/active_support/dependencies.rb:381:in `load_file'
/usr/lib/ruby/gems/1.8/gems/activesupport-2.2.2/lib/active_support/dependencies.rb:256:in `require_or_load'
/usr/lib/ruby/gems/1.8/gems/activesupport-2.2.2/lib/active_support/dependencies.rb:221:in `depend_on'
/usr/lib/ruby/gems/1.8/gems/activesupport-2.2.2/lib/active_support/dependencies.rb:133:in `require_dependency'
/usr/lib/ruby/gems/1.8/gems/activerecord-2.2.2/lib/active_record/fixtures.rb:856:in `try_to_load_dependency'
/usr/lib/ruby/gems/1.8/gems/activerecord-2.2.2/lib/active_record/fixtures.rb:871:in `require_fixture_classes'
/usr/lib/ruby/gems/1.8/gems/activerecord-2.2.2/lib/active_record/fixtures.rb:868:in `each'
/usr/lib/ruby/gems/1.8/gems/activerecord-2.2.2/lib/active_record/fixtures.rb:868:in `require_fixture_classes'
/usr/lib/ruby/gems/1.8/gems/activerecord-2.2.2/lib/active_record/fixtures.rb:851:in `fixtures'
./test/unit/../test_helper.rb:35
test/unit/nested_assignment_test.rb:1:in `require'
test/unit/nested_assignment_test.rb:1
Unable to load role, underlying cause no such file to load -- role.rb 

 /usr/lib/ruby/gems/1.8/gems/activesupport-2.2.2/lib/active_support/dependencies.rb:382:in `load_without_new_constant_marking'
/usr/lib/ruby/gems/1.8/gems/activesupport-2.2.2/lib/active_support/dependencies.rb:382:in `load_file'
/usr/lib/ruby/gems/1.8/gems/activesupport-2.2.2/lib/active_support/dependencies.rb:521:in `new_constants_in'
/usr/lib/ruby/gems/1.8/gems/activesupport-2.2.2/lib/active_support/dependencies.rb:381:in `load_file'
/usr/lib/ruby/gems/1.8/gems/activesupport-2.2.2/lib/active_support/dependencies.rb:256:in `require_or_load'
/usr/lib/ruby/gems/1.8/gems/activesupport-2.2.2/lib/active_support/dependencies.rb:221:in `depend_on'
/usr/lib/ruby/gems/1.8/gems/activesupport-2.2.2/lib/active_support/dependencies.rb:133:in `require_dependency'
/usr/lib/ruby/gems/1.8/gems/activerecord-2.2.2/lib/active_record/fixtures.rb:856:in `try_to_load_dependency'
/usr/lib/ruby/gems/1.8/gems/activerecord-2.2.2/lib/active_record/fixtures.rb:871:in `require_fixture_classes'
/usr/lib/ruby/gems/1.8/gems/activerecord-2.2.2/lib/active_record/fixtures.rb:868:in `each'
/usr/lib/ruby/gems/1.8/gems/activerecord-2.2.2/lib/active_record/fixtures.rb:868:in `require_fixture_classes'
/usr/lib/ruby/gems/1.8/gems/activerecord-2.2.2/lib/active_record/fixtures.rb:851:in `fixtures'
./test/unit/../test_helper.rb:35
test/unit/nested_assignment_test.rb:1:in `require'
test/unit/nested_assignment_test.rb:1
  [4;35;1mPluginTestModels::User Load (16.6ms)[0m   [0mSELECT * FROM "users" WHERE ("users"."id" = 1) [0m
  [4;36;1mPluginTestModels::Subscription Load (0.2ms)[0m   [0;1mSELECT * FROM "subscriptions" WHERE ("subscriptions"."id" = 1) [0m
  [4;35;1mPluginTestModels::Subscription Load (0.2ms)[0m   [0mSELECT * FROM "subscriptions" WHERE ("subscriptions".user_id = 1) LIMIT 1[0m
WARNING: Can't mass-assign these protected attributes: id
  [4;36;1mPluginTestModels::Subscription Load (0.2ms)[0m   [0;1mSELECT * FROM "subscriptions" WHERE ("subscriptions"."id" = 1) [0m
  [4;35;1mPluginTestModels::Subscription Load (0.2ms)[0m   [0mSELECT * FROM "subscriptions" WHERE ("subscriptions"."id" = 1) [0m
  [4;36;1mSQL (0.2ms)[0m   [0;1mselect sqlite_version(*)[0m
  [4;35;1mSQL (0.1ms)[0m   [0m SELECT name
 FROM sqlite_master
 WHERE type = 'table' AND NOT name = 'sqlite_sequence'
[0m
  [4;36;1mSQL (0.3ms)[0m   [0;1mCREATE TABLE "addresses" ("id" INTEGER PRIMARY KEY AUTOINCREMENT NOT NULL, "name" varchar(255), "addressable_id" integer, "addressable_type" varchar(255)) [0m
  [4;35;1mSQL (0.1ms)[0m   [0m SELECT name
 FROM sqlite_master
 WHERE type = 'table' AND NOT name = 'sqlite_sequence'
[0m
  [4;36;1mSQL (0.1ms)[0m   [0;1mCREATE TABLE "users" ("id" INTEGER PRIMARY KEY AUTOINCREMENT NOT NULL, "name" varchar(255)) [0m
  [4;35;1mSQL (0.2ms)[0m   [0m SELECT name
 FROM sqlite_master
 WHERE type = 'table' AND NOT name = 'sqlite_sequence'
[0m
  [4;36;1mSQL (0.1ms)[0m   [0;1mCREATE TABLE "roles_users" ("user_id" integer, "role_id" integer) [0m
  [4;35;1mSQL (0.2ms)[0m   [0m SELECT name
 FROM sqlite_master
 WHERE type = 'table' AND NOT name = 'sqlite_sequence'
[0m
  [4;36;1mSQL (0.1ms)[0m   [0;1mCREATE TABLE "services" ("id" INTEGER PRIMARY KEY AUTOINCREMENT NOT NULL, "name" varchar(255)) [0m
  [4;35;1mSQL (0.2ms)[0m   [0m SELECT name
 FROM sqlite_master
 WHERE type = 'table' AND NOT name = 'sqlite_sequence'
[0m
  [4;36;1mSQL (0.1ms)[0m   [0;1mCREATE TABLE "subscriptions" ("id" INTEGER PRIMARY KEY AUTOINCREMENT NOT NULL, "name" varchar(255), "service_id" integer, "user_id" integer) [0m
  [4;35;1mSQL (0.3ms)[0m   [0m SELECT name
 FROM sqlite_master
 WHERE type = 'table' AND NOT name = 'sqlite_sequence'
[0m
  [4;36;1mSQL (0.1ms)[0m   [0;1mCREATE TABLE "roles" ("id" INTEGER PRIMARY KEY AUTOINCREMENT NOT NULL, "name" varchar(255)) [0m
  [4;35;1mSQL (0.3ms)[0m   [0m SELECT name
 FROM sqlite_master
 WHERE type = 'table' AND NOT name = 'sqlite_sequence'
[0m
  [4;36;1mSQL (0.1ms)[0m   [0;1mCREATE TABLE "schema_migrations" ("version" varchar(255) NOT NULL) [0m
  [4;35;1mSQL (0.1ms)[0m   [0mCREATE UNIQUE INDEX "unique_schema_migrations" ON "schema_migrations" ("version")[0m
  [4;36;1mSQL (0.4ms)[0m   [0;1m SELECT name
 FROM sqlite_master
 WHERE type = 'table' AND NOT name = 'sqlite_sequence'
[0m
  [4;35;1mSQL (0.1ms)[0m   [0mSELECT version FROM "schema_migrations"[0m
  [4;36;1mSQL (0.1ms)[0m   [0;1mINSERT INTO "schema_migrations" (version) VALUES ('1')[0m
Unable to load roles_user, underlying cause no such file to load -- roles_user.rb 

 /usr/lib/ruby/gems/1.8/gems/activesupport-2.2.2/lib/active_support/dependencies.rb:382:in `load_without_new_constant_marking'
/usr/lib/ruby/gems/1.8/gems/activesupport-2.2.2/lib/active_support/dependencies.rb:382:in `load_file'
/usr/lib/ruby/gems/1.8/gems/activesupport-2.2.2/lib/active_support/dependencies.rb:521:in `new_constants_in'
/usr/lib/ruby/gems/1.8/gems/activesupport-2.2.2/lib/active_support/dependencies.rb:381:in `load_file'
/usr/lib/ruby/gems/1.8/gems/activesupport-2.2.2/lib/active_support/dependencies.rb:256:in `require_or_load'
/usr/lib/ruby/gems/1.8/gems/activesupport-2.2.2/lib/active_support/dependencies.rb:221:in `depend_on'
/usr/lib/ruby/gems/1.8/gems/activesupport-2.2.2/lib/active_support/dependencies.rb:133:in `require_dependency'
/usr/lib/ruby/gems/1.8/gems/activerecord-2.2.2/lib/active_record/fixtures.rb:856:in `try_to_load_dependency'
/usr/lib/ruby/gems/1.8/gems/activerecord-2.2.2/lib/active_record/fixtures.rb:871:in `require_fixture_classes'
/usr/lib/ruby/gems/1.8/gems/activerecord-2.2.2/lib/active_record/fixtures.rb:868:in `each'
/usr/lib/ruby/gems/1.8/gems/activerecord-2.2.2/lib/active_record/fixtures.rb:868:in `require_fixture_classes'
/usr/lib/ruby/gems/1.8/gems/activerecord-2.2.2/lib/active_record/fixtures.rb:851:in `fixtures'
./test/unit/../test_helper.rb:35
test/unit/nested_assignment_test.rb:1:in `require'
test/unit/nested_assignment_test.rb:1
Unable to load service, underlying cause no such file to load -- service.rb 

 /usr/lib/ruby/gems/1.8/gems/activesupport-2.2.2/lib/active_support/dependencies.rb:382:in `load_without_new_constant_marking'
/usr/lib/ruby/gems/1.8/gems/activesupport-2.2.2/lib/active_support/dependencies.rb:382:in `load_file'
/usr/lib/ruby/gems/1.8/gems/activesupport-2.2.2/lib/active_support/dependencies.rb:521:in `new_constants_in'
/usr/lib/ruby/gems/1.8/gems/activesupport-2.2.2/lib/active_support/dependencies.rb:381:in `load_file'
/usr/lib/ruby/gems/1.8/gems/activesupport-2.2.2/lib/active_support/dependencies.rb:256:in `require_or_load'
/usr/lib/ruby/gems/1.8/gems/activesupport-2.2.2/lib/active_support/dependencies.rb:221:in `depend_on'
/usr/lib/ruby/gems/1.8/gems/activesupport-2.2.2/lib/active_support/dependencies.rb:133:in `require_dependency'
/usr/lib/ruby/gems/1.8/gems/activerecord-2.2.2/lib/active_record/fixtures.rb:856:in `try_to_load_dependency'
/usr/lib/ruby/gems/1.8/gems/activerecord-2.2.2/lib/active_record/fixtures.rb:871:in `require_fixture_classes'
/usr/lib/ruby/gems/1.8/gems/activerecord-2.2.2/lib/active_record/fixtures.rb:868:in `each'
/usr/lib/ruby/gems/1.8/gems/activerecord-2.2.2/lib/active_record/fixtures.rb:868:in `require_fixture_classes'
/usr/lib/ruby/gems/1.8/gems/activerecord-2.2.2/lib/active_record/fixtures.rb:851:in `fixtures'
./test/unit/../test_helper.rb:35
test/unit/nested_assignment_test.rb:1:in `require'
test/unit/nested_assignment_test.rb:1
Unable to load subscription, underlying cause no such file to load -- subscription.rb 

 /usr/lib/ruby/gems/1.8/gems/activesupport-2.2.2/lib/active_support/dependencies.rb:382:in `load_without_new_constant_marking'
/usr/lib/ruby/gems/1.8/gems/activesupport-2.2.2/lib/active_support/dependencies.rb:382:in `load_file'
/usr/lib/ruby/gems/1.8/gems/activesupport-2.2.2/lib/active_support/dependencies.rb:521:in `new_constants_in'
/usr/lib/ruby/gems/1.8/gems/activesupport-2.2.2/lib/active_support/dependencies.rb:381:in `load_file'
/usr/lib/ruby/gems/1.8/gems/activesupport-2.2.2/lib/active_support/dependencies.rb:256:in `require_or_load'
/usr/lib/ruby/gems/1.8/gems/activesupport-2.2.2/lib/active_support/dependencies.rb:221:in `depend_on'
/usr/lib/ruby/gems/1.8/gems/activesupport-2.2.2/lib/active_support/dependencies.rb:133:in `require_dependency'
/usr/lib/ruby/gems/1.8/gems/activerecord-2.2.2/lib/active_record/fixtures.rb:856:in `try_to_load_dependency'
/usr/lib/ruby/gems/1.8/gems/activerecord-2.2.2/lib/active_record/fixtures.rb:871:in `require_fixture_classes'
/usr/lib/ruby/gems/1.8/gems/activerecord-2.2.2/lib/active_record/fixtures.rb:868:in `each'
/usr/lib/ruby/gems/1.8/gems/activerecord-2.2.2/lib/active_record/fixtures.rb:868:in `require_fixture_classes'
/usr/lib/ruby/gems/1.8/gems/activerecord-2.2.2/lib/active_record/fixtures.rb:851:in `fixtures'
./test/unit/../test_helper.rb:35
test/unit/nested_assignment_test.rb:1:in `require'
test/unit/nested_assignment_test.rb:1
Unable to load address, underlying cause no such file to load -- address.rb 

 /usr/lib/ruby/gems/1.8/gems/activesupport-2.2.2/lib/active_support/dependencies.rb:382:in `load_without_new_constant_marking'
/usr/lib/ruby/gems/1.8/gems/activesupport-2.2.2/lib/active_support/dependencies.rb:382:in `load_file'
/usr/lib/ruby/gems/1.8/gems/activesupport-2.2.2/lib/active_support/dependencies.rb:521:in `new_constants_in'
/usr/lib/ruby/gems/1.8/gems/activesupport-2.2.2/lib/active_support/dependencies.rb:381:in `load_file'
/usr/lib/ruby/gems/1.8/gems/activesupport-2.2.2/lib/active_support/dependencies.rb:256:in `require_or_load'
/usr/lib/ruby/gems/1.8/gems/activesupport-2.2.2/lib/active_support/dependencies.rb:221:in `depend_on'
/usr/lib/ruby/gems/1.8/gems/activesupport-2.2.2/lib/active_support/dependencies.rb:133:in `require_dependency'
/usr/lib/ruby/gems/1.8/gems/activerecord-2.2.2/lib/active_record/fixtures.rb:856:in `try_to_load_dependency'
/usr/lib/ruby/gems/1.8/gems/activerecord-2.2.2/lib/active_record/fixtures.rb:871:in `require_fixture_classes'
/usr/lib/ruby/gems/1.8/gems/activerecord-2.2.2/lib/active_record/fixtures.rb:868:in `each'
/usr/lib/ruby/gems/1.8/gems/activerecord-2.2.2/lib/active_record/fixtures.rb:868:in `require_fixture_classes'
/usr/lib/ruby/gems/1.8/gems/activerecord-2.2.2/lib/active_record/fixtures.rb:851:in `fixtures'
./test/unit/../test_helper.rb:35
test/unit/nested_assignment_test.rb:1:in `require'
test/unit/nested_assignment_test.rb:1
Unable to load user, underlying cause no such file to load -- user.rb 

 /usr/lib/ruby/gems/1.8/gems/activesupport-2.2.2/lib/active_support/dependencies.rb:382:in `load_without_new_constant_marking'
/usr/lib/ruby/gems/1.8/gems/activesupport-2.2.2/lib/active_support/dependencies.rb:382:in `load_file'
/usr/lib/ruby/gems/1.8/gems/activesupport-2.2.2/lib/active_support/dependencies.rb:521:in `new_constants_in'
/usr/lib/ruby/gems/1.8/gems/activesupport-2.2.2/lib/active_support/dependencies.rb:381:in `load_file'
/usr/lib/ruby/gems/1.8/gems/activesupport-2.2.2/lib/active_support/dependencies.rb:256:in `require_or_load'
/usr/lib/ruby/gems/1.8/gems/activesupport-2.2.2/lib/active_support/dependencies.rb:221:in `depend_on'
/usr/lib/ruby/gems/1.8/gems/activesupport-2.2.2/lib/active_support/dependencies.rb:133:in `require_dependency'
/usr/lib/ruby/gems/1.8/gems/activerecord-2.2.2/lib/active_record/fixtures.rb:856:in `try_to_load_dependency'
/usr/lib/ruby/gems/1.8/gems/activerecord-2.2.2/lib/active_record/fixtures.rb:871:in `require_fixture_classes'
/usr/lib/ruby/gems/1.8/gems/activerecord-2.2.2/lib/active_record/fixtures.rb:868:in `each'
/usr/lib/ruby/gems/1.8/gems/activerecord-2.2.2/lib/active_record/fixtures.rb:868:in `require_fixture_classes'
/usr/lib/ruby/gems/1.8/gems/activerecord-2.2.2/lib/active_record/fixtures.rb:851:in `fixtures'
./test/unit/../test_helper.rb:35
test/unit/nested_assignment_test.rb:1:in `require'
test/unit/nested_assignment_test.rb:1
Unable to load role, underlying cause no such file to load -- role.rb 

 /usr/lib/ruby/gems/1.8/gems/activesupport-2.2.2/lib/active_support/dependencies.rb:382:in `load_without_new_constant_marking'
/usr/lib/ruby/gems/1.8/gems/activesupport-2.2.2/lib/active_support/dependencies.rb:382:in `load_file'
/usr/lib/ruby/gems/1.8/gems/activesupport-2.2.2/lib/active_support/dependencies.rb:521:in `new_constants_in'
/usr/lib/ruby/gems/1.8/gems/activesupport-2.2.2/lib/active_support/dependencies.rb:381:in `load_file'
/usr/lib/ruby/gems/1.8/gems/activesupport-2.2.2/lib/active_support/dependencies.rb:256:in `require_or_load'
/usr/lib/ruby/gems/1.8/gems/activesupport-2.2.2/lib/active_support/dependencies.rb:221:in `depend_on'
/usr/lib/ruby/gems/1.8/gems/activesupport-2.2.2/lib/active_support/dependencies.rb:133:in `require_dependency'
/usr/lib/ruby/gems/1.8/gems/activerecord-2.2.2/lib/active_record/fixtures.rb:856:in `try_to_load_dependency'
/usr/lib/ruby/gems/1.8/gems/activerecord-2.2.2/lib/active_record/fixtures.rb:871:in `require_fixture_classes'
/usr/lib/ruby/gems/1.8/gems/activerecord-2.2.2/lib/active_record/fixtures.rb:868:in `each'
/usr/lib/ruby/gems/1.8/gems/activerecord-2.2.2/lib/active_record/fixtures.rb:868:in `require_fixture_classes'
/usr/lib/ruby/gems/1.8/gems/activerecord-2.2.2/lib/active_record/fixtures.rb:851:in `fixtures'
./test/unit/../test_helper.rb:35
test/unit/nested_assignment_test.rb:1:in `require'
test/unit/nested_assignment_test.rb:1
  [4;35;1mPluginTestModels::User Load (17.1ms)[0m   [0mSELECT * FROM "users" WHERE ("users"."id" = 1) [0m
  [4;36;1mPluginTestModels::Subscription Load (0.2ms)[0m   [0;1mSELECT * FROM "subscriptions" WHERE ("subscriptions"."id" = 1) [0m
  [4;35;1mPluginTestModels::Subscription Load (0.2ms)[0m   [0mSELECT * FROM "subscriptions" WHERE ("subscriptions".user_id = 1) LIMIT 1[0m
WARNING: Can't mass-assign these protected attributes: id
  [4;36;1mPluginTestModels::Subscription Load (0.2ms)[0m   [0;1mSELECT * FROM "subscriptions" WHERE ("subscriptions"."id" = 1) [0m
  [4;35;1mPluginTestModels::Subscription Load (0.2ms)[0m   [0mSELECT * FROM "subscriptions" WHERE ("subscriptions"."id" = 1) [0m
  [4;36;1mSQL (0.2ms)[0m   [0;1mselect sqlite_version(*)[0m
  [4;35;1mSQL (0.1ms)[0m   [0m SELECT name
 FROM sqlite_master
 WHERE type = 'table' AND NOT name = 'sqlite_sequence'
[0m
  [4;36;1mSQL (0.3ms)[0m   [0;1mCREATE TABLE "addresses" ("id" INTEGER PRIMARY KEY AUTOINCREMENT NOT NULL, "name" varchar(255), "addressable_id" integer, "addressable_type" varchar(255)) [0m
  [4;35;1mSQL (0.1ms)[0m   [0m SELECT name
 FROM sqlite_master
 WHERE type = 'table' AND NOT name = 'sqlite_sequence'
[0m
  [4;36;1mSQL (0.1ms)[0m   [0;1mCREATE TABLE "users" ("id" INTEGER PRIMARY KEY AUTOINCREMENT NOT NULL, "name" varchar(255)) [0m
  [4;35;1mSQL (0.2ms)[0m   [0m SELECT name
 FROM sqlite_master
 WHERE type = 'table' AND NOT name = 'sqlite_sequence'
[0m
  [4;36;1mSQL (0.1ms)[0m   [0;1mCREATE TABLE "roles_users" ("user_id" integer, "role_id" integer) [0m
  [4;35;1mSQL (0.2ms)[0m   [0m SELECT name
 FROM sqlite_master
 WHERE type = 'table' AND NOT name = 'sqlite_sequence'
[0m
  [4;36;1mSQL (0.1ms)[0m   [0;1mCREATE TABLE "services" ("id" INTEGER PRIMARY KEY AUTOINCREMENT NOT NULL, "name" varchar(255)) [0m
  [4;35;1mSQL (0.2ms)[0m   [0m SELECT name
 FROM sqlite_master
 WHERE type = 'table' AND NOT name = 'sqlite_sequence'
[0m
  [4;36;1mSQL (0.1ms)[0m   [0;1mCREATE TABLE "subscriptions" ("id" INTEGER PRIMARY KEY AUTOINCREMENT NOT NULL, "name" varchar(255), "service_id" integer, "user_id" integer) [0m
  [4;35;1mSQL (0.3ms)[0m   [0m SELECT name
 FROM sqlite_master
 WHERE type = 'table' AND NOT name = 'sqlite_sequence'
[0m
  [4;36;1mSQL (0.1ms)[0m   [0;1mCREATE TABLE "roles" ("id" INTEGER PRIMARY KEY AUTOINCREMENT NOT NULL, "name" varchar(255)) [0m
  [4;35;1mSQL (0.3ms)[0m   [0m SELECT name
 FROM sqlite_master
 WHERE type = 'table' AND NOT name = 'sqlite_sequence'
[0m
  [4;36;1mSQL (0.1ms)[0m   [0;1mCREATE TABLE "schema_migrations" ("version" varchar(255) NOT NULL) [0m
  [4;35;1mSQL (0.1ms)[0m   [0mCREATE UNIQUE INDEX "unique_schema_migrations" ON "schema_migrations" ("version")[0m
  [4;36;1mSQL (0.4ms)[0m   [0;1m SELECT name
 FROM sqlite_master
 WHERE type = 'table' AND NOT name = 'sqlite_sequence'
[0m
  [4;35;1mSQL (0.1ms)[0m   [0mSELECT version FROM "schema_migrations"[0m
  [4;36;1mSQL (0.1ms)[0m   [0;1mINSERT INTO "schema_migrations" (version) VALUES ('1')[0m
Unable to load roles_user, underlying cause no such file to load -- roles_user.rb 

 /usr/lib/ruby/gems/1.8/gems/activesupport-2.2.2/lib/active_support/dependencies.rb:382:in `load_without_new_constant_marking'
/usr/lib/ruby/gems/1.8/gems/activesupport-2.2.2/lib/active_support/dependencies.rb:382:in `load_file'
/usr/lib/ruby/gems/1.8/gems/activesupport-2.2.2/lib/active_support/dependencies.rb:521:in `new_constants_in'
/usr/lib/ruby/gems/1.8/gems/activesupport-2.2.2/lib/active_support/dependencies.rb:381:in `load_file'
/usr/lib/ruby/gems/1.8/gems/activesupport-2.2.2/lib/active_support/dependencies.rb:256:in `require_or_load'
/usr/lib/ruby/gems/1.8/gems/activesupport-2.2.2/lib/active_support/dependencies.rb:221:in `depend_on'
/usr/lib/ruby/gems/1.8/gems/activesupport-2.2.2/lib/active_support/dependencies.rb:133:in `require_dependency'
/usr/lib/ruby/gems/1.8/gems/activerecord-2.2.2/lib/active_record/fixtures.rb:856:in `try_to_load_dependency'
/usr/lib/ruby/gems/1.8/gems/activerecord-2.2.2/lib/active_record/fixtures.rb:871:in `require_fixture_classes'
/usr/lib/ruby/gems/1.8/gems/activerecord-2.2.2/lib/active_record/fixtures.rb:868:in `each'
/usr/lib/ruby/gems/1.8/gems/activerecord-2.2.2/lib/active_record/fixtures.rb:868:in `require_fixture_classes'
/usr/lib/ruby/gems/1.8/gems/activerecord-2.2.2/lib/active_record/fixtures.rb:851:in `fixtures'
./test/unit/../test_helper.rb:35
test/unit/nested_assignment_test.rb:1:in `require'
test/unit/nested_assignment_test.rb:1
Unable to load service, underlying cause no such file to load -- service.rb 

 /usr/lib/ruby/gems/1.8/gems/activesupport-2.2.2/lib/active_support/dependencies.rb:382:in `load_without_new_constant_marking'
/usr/lib/ruby/gems/1.8/gems/activesupport-2.2.2/lib/active_support/dependencies.rb:382:in `load_file'
/usr/lib/ruby/gems/1.8/gems/activesupport-2.2.2/lib/active_support/dependencies.rb:521:in `new_constants_in'
/usr/lib/ruby/gems/1.8/gems/activesupport-2.2.2/lib/active_support/dependencies.rb:381:in `load_file'
/usr/lib/ruby/gems/1.8/gems/activesupport-2.2.2/lib/active_support/dependencies.rb:256:in `require_or_load'
/usr/lib/ruby/gems/1.8/gems/activesupport-2.2.2/lib/active_support/dependencies.rb:221:in `depend_on'
/usr/lib/ruby/gems/1.8/gems/activesupport-2.2.2/lib/active_support/dependencies.rb:133:in `require_dependency'
/usr/lib/ruby/gems/1.8/gems/activerecord-2.2.2/lib/active_record/fixtures.rb:856:in `try_to_load_dependency'
/usr/lib/ruby/gems/1.8/gems/activerecord-2.2.2/lib/active_record/fixtures.rb:871:in `require_fixture_classes'
/usr/lib/ruby/gems/1.8/gems/activerecord-2.2.2/lib/active_record/fixtures.rb:868:in `each'
/usr/lib/ruby/gems/1.8/gems/activerecord-2.2.2/lib/active_record/fixtures.rb:868:in `require_fixture_classes'
/usr/lib/ruby/gems/1.8/gems/activerecord-2.2.2/lib/active_record/fixtures.rb:851:in `fixtures'
./test/unit/../test_helper.rb:35
test/unit/nested_assignment_test.rb:1:in `require'
test/unit/nested_assignment_test.rb:1
Unable to load subscription, underlying cause no such file to load -- subscription.rb 

 /usr/lib/ruby/gems/1.8/gems/activesupport-2.2.2/lib/active_support/dependencies.rb:382:in `load_without_new_constant_marking'
/usr/lib/ruby/gems/1.8/gems/activesupport-2.2.2/lib/active_support/dependencies.rb:382:in `load_file'
/usr/lib/ruby/gems/1.8/gems/activesupport-2.2.2/lib/active_support/dependencies.rb:521:in `new_constants_in'
/usr/lib/ruby/gems/1.8/gems/activesupport-2.2.2/lib/active_support/dependencies.rb:381:in `load_file'
/usr/lib/ruby/gems/1.8/gems/activesupport-2.2.2/lib/active_support/dependencies.rb:256:in `require_or_load'
/usr/lib/ruby/gems/1.8/gems/activesupport-2.2.2/lib/active_support/dependencies.rb:221:in `depend_on'
/usr/lib/ruby/gems/1.8/gems/activesupport-2.2.2/lib/active_support/dependencies.rb:133:in `require_dependency'
/usr/lib/ruby/gems/1.8/gems/activerecord-2.2.2/lib/active_record/fixtures.rb:856:in `try_to_load_dependency'
/usr/lib/ruby/gems/1.8/gems/activerecord-2.2.2/lib/active_record/fixtures.rb:871:in `require_fixture_classes'
/usr/lib/ruby/gems/1.8/gems/activerecord-2.2.2/lib/active_record/fixtures.rb:868:in `each'
/usr/lib/ruby/gems/1.8/gems/activerecord-2.2.2/lib/active_record/fixtures.rb:868:in `require_fixture_classes'
/usr/lib/ruby/gems/1.8/gems/activerecord-2.2.2/lib/active_record/fixtures.rb:851:in `fixtures'
./test/unit/../test_helper.rb:35
test/unit/nested_assignment_test.rb:1:in `require'
test/unit/nested_assignment_test.rb:1
Unable to load address, underlying cause no such file to load -- address.rb 

 /usr/lib/ruby/gems/1.8/gems/activesupport-2.2.2/lib/active_support/dependencies.rb:382:in `load_without_new_constant_marking'
/usr/lib/ruby/gems/1.8/gems/activesupport-2.2.2/lib/active_support/dependencies.rb:382:in `load_file'
/usr/lib/ruby/gems/1.8/gems/activesupport-2.2.2/lib/active_support/dependencies.rb:521:in `new_constants_in'
/usr/lib/ruby/gems/1.8/gems/activesupport-2.2.2/lib/active_support/dependencies.rb:381:in `load_file'
/usr/lib/ruby/gems/1.8/gems/activesupport-2.2.2/lib/active_support/dependencies.rb:256:in `require_or_load'
/usr/lib/ruby/gems/1.8/gems/activesupport-2.2.2/lib/active_support/dependencies.rb:221:in `depend_on'
/usr/lib/ruby/gems/1.8/gems/activesupport-2.2.2/lib/active_support/dependencies.rb:133:in `require_dependency'
/usr/lib/ruby/gems/1.8/gems/activerecord-2.2.2/lib/active_record/fixtures.rb:856:in `try_to_load_dependency'
/usr/lib/ruby/gems/1.8/gems/activerecord-2.2.2/lib/active_record/fixtures.rb:871:in `require_fixture_classes'
/usr/lib/ruby/gems/1.8/gems/activerecord-2.2.2/lib/active_record/fixtures.rb:868:in `each'
/usr/lib/ruby/gems/1.8/gems/activerecord-2.2.2/lib/active_record/fixtures.rb:868:in `require_fixture_classes'
/usr/lib/ruby/gems/1.8/gems/activerecord-2.2.2/lib/active_record/fixtures.rb:851:in `fixtures'
./test/unit/../test_helper.rb:35
test/unit/nested_assignment_test.rb:1:in `require'
test/unit/nested_assignment_test.rb:1
Unable to load user, underlying cause no such file to load -- user.rb 

 /usr/lib/ruby/gems/1.8/gems/activesupport-2.2.2/lib/active_support/dependencies.rb:382:in `load_without_new_constant_marking'
/usr/lib/ruby/gems/1.8/gems/activesupport-2.2.2/lib/active_support/dependencies.rb:382:in `load_file'
/usr/lib/ruby/gems/1.8/gems/activesupport-2.2.2/lib/active_support/dependencies.rb:521:in `new_constants_in'
/usr/lib/ruby/gems/1.8/gems/activesupport-2.2.2/lib/active_support/dependencies.rb:381:in `load_file'
/usr/lib/ruby/gems/1.8/gems/activesupport-2.2.2/lib/active_support/dependencies.rb:256:in `require_or_load'
/usr/lib/ruby/gems/1.8/gems/activesupport-2.2.2/lib/active_support/dependencies.rb:221:in `depend_on'
/usr/lib/ruby/gems/1.8/gems/activesupport-2.2.2/lib/active_support/dependencies.rb:133:in `require_dependency'
/usr/lib/ruby/gems/1.8/gems/activerecord-2.2.2/lib/active_record/fixtures.rb:856:in `try_to_load_dependency'
/usr/lib/ruby/gems/1.8/gems/activerecord-2.2.2/lib/active_record/fixtures.rb:871:in `require_fixture_classes'
/usr/lib/ruby/gems/1.8/gems/activerecord-2.2.2/lib/active_record/fixtures.rb:868:in `each'
/usr/lib/ruby/gems/1.8/gems/activerecord-2.2.2/lib/active_record/fixtures.rb:868:in `require_fixture_classes'
/usr/lib/ruby/gems/1.8/gems/activerecord-2.2.2/lib/active_record/fixtures.rb:851:in `fixtures'
./test/unit/../test_helper.rb:35
test/unit/nested_assignment_test.rb:1:in `require'
test/unit/nested_assignment_test.rb:1
Unable to load role, underlying cause no such file to load -- role.rb 

 /usr/lib/ruby/gems/1.8/gems/activesupport-2.2.2/lib/active_support/dependencies.rb:382:in `load_without_new_constant_marking'
/usr/lib/ruby/gems/1.8/gems/activesupport-2.2.2/lib/active_support/dependencies.rb:382:in `load_file'
/usr/lib/ruby/gems/1.8/gems/activesupport-2.2.2/lib/active_support/dependencies.rb:521:in `new_constants_in'
/usr/lib/ruby/gems/1.8/gems/activesupport-2.2.2/lib/active_support/dependencies.rb:381:in `load_file'
/usr/lib/ruby/gems/1.8/gems/activesupport-2.2.2/lib/active_support/dependencies.rb:256:in `require_or_load'
/usr/lib/ruby/gems/1.8/gems/activesupport-2.2.2/lib/active_support/dependencies.rb:221:in `depend_on'
/usr/lib/ruby/gems/1.8/gems/activesupport-2.2.2/lib/active_support/dependencies.rb:133:in `require_dependency'
/usr/lib/ruby/gems/1.8/gems/activerecord-2.2.2/lib/active_record/fixtures.rb:856:in `try_to_load_dependency'
/usr/lib/ruby/gems/1.8/gems/activerecord-2.2.2/lib/active_record/fixtures.rb:871:in `require_fixture_classes'
/usr/lib/ruby/gems/1.8/gems/activerecord-2.2.2/lib/active_record/fixtures.rb:868:in `each'
/usr/lib/ruby/gems/1.8/gems/activerecord-2.2.2/lib/active_record/fixtures.rb:868:in `require_fixture_classes'
/usr/lib/ruby/gems/1.8/gems/activerecord-2.2.2/lib/active_record/fixtures.rb:851:in `fixtures'
./test/unit/../test_helper.rb:35
test/unit/nested_assignment_test.rb:1:in `require'
test/unit/nested_assignment_test.rb:1
  [4;35;1mPluginTestModels::User Load (0.1ms)[0m   [0mSELECT * FROM "users" WHERE ("users"."id" = 1) [0m
  [4;36;1mPluginTestModels::Subscription Load (0.2ms)[0m   [0;1mSELECT * FROM "subscriptions" WHERE ("subscriptions"."id" = 1) [0m
  [4;35;1mPluginTestModels::Subscription Load (0.2ms)[0m   [0mSELECT * FROM "subscriptions" WHERE ("subscriptions".user_id = 1) LIMIT 1[0m
WARNING: Can't mass-assign these protected attributes: id
  [4;36;1mPluginTestModels::Subscription Load (0.2ms)[0m   [0;1mSELECT * FROM "subscriptions" WHERE ("subscriptions"."id" = 1) [0m
  [4;35;1mPluginTestModels::Subscription Load (0.2ms)[0m   [0mSELECT * FROM "subscriptions" WHERE ("subscriptions"."id" = 1) [0m
  [4;36;1mSQL (0.2ms)[0m   [0;1mselect sqlite_version(*)[0m
  [4;35;1mSQL (0.1ms)[0m   [0m SELECT name
 FROM sqlite_master
 WHERE type = 'table' AND NOT name = 'sqlite_sequence'
[0m
  [4;36;1mSQL (0.2ms)[0m   [0;1mCREATE TABLE "addresses" ("id" INTEGER PRIMARY KEY AUTOINCREMENT NOT NULL, "name" varchar(255), "addressable_id" integer, "addressable_type" varchar(255)) [0m
  [4;35;1mSQL (0.1ms)[0m   [0m SELECT name
 FROM sqlite_master
 WHERE type = 'table' AND NOT name = 'sqlite_sequence'
[0m
  [4;36;1mSQL (0.1ms)[0m   [0;1mCREATE TABLE "users" ("id" INTEGER PRIMARY KEY AUTOINCREMENT NOT NULL, "name" varchar(255)) [0m
  [4;35;1mSQL (0.2ms)[0m   [0m SELECT name
 FROM sqlite_master
 WHERE type = 'table' AND NOT name = 'sqlite_sequence'
[0m
  [4;36;1mSQL (0.1ms)[0m   [0;1mCREATE TABLE "roles_users" ("user_id" integer, "role_id" integer) [0m
  [4;35;1mSQL (0.2ms)[0m   [0m SELECT name
 FROM sqlite_master
 WHERE type = 'table' AND NOT name = 'sqlite_sequence'
[0m
  [4;36;1mSQL (0.1ms)[0m   [0;1mCREATE TABLE "services" ("id" INTEGER PRIMARY KEY AUTOINCREMENT NOT NULL, "name" varchar(255)) [0m
  [4;35;1mSQL (0.2ms)[0m   [0m SELECT name
 FROM sqlite_master
 WHERE type = 'table' AND NOT name = 'sqlite_sequence'
[0m
  [4;36;1mSQL (0.1ms)[0m   [0;1mCREATE TABLE "subscriptions" ("id" INTEGER PRIMARY KEY AUTOINCREMENT NOT NULL, "name" varchar(255), "service_id" integer, "user_id" integer) [0m
  [4;35;1mSQL (0.3ms)[0m   [0m SELECT name
 FROM sqlite_master
 WHERE type = 'table' AND NOT name = 'sqlite_sequence'
[0m
  [4;36;1mSQL (0.1ms)[0m   [0;1mCREATE TABLE "roles" ("id" INTEGER PRIMARY KEY AUTOINCREMENT NOT NULL, "name" varchar(255)) [0m
  [4;35;1mSQL (0.3ms)[0m   [0m SELECT name
 FROM sqlite_master
 WHERE type = 'table' AND NOT name = 'sqlite_sequence'
[0m
  [4;36;1mSQL (0.1ms)[0m   [0;1mCREATE TABLE "schema_migrations" ("version" varchar(255) NOT NULL) [0m
  [4;35;1mSQL (0.1ms)[0m   [0mCREATE UNIQUE INDEX "unique_schema_migrations" ON "schema_migrations" ("version")[0m
  [4;36;1mSQL (0.4ms)[0m   [0;1m SELECT name
 FROM sqlite_master
 WHERE type = 'table' AND NOT name = 'sqlite_sequence'
[0m
  [4;35;1mSQL (0.1ms)[0m   [0mSELECT version FROM "schema_migrations"[0m
  [4;36;1mSQL (0.1ms)[0m   [0;1mINSERT INTO "schema_migrations" (version) VALUES ('1')[0m
Unable to load roles_user, underlying cause no such file to load -- roles_user.rb 

 /usr/lib/ruby/gems/1.8/gems/activesupport-2.2.2/lib/active_support/dependencies.rb:382:in `load_without_new_constant_marking'
/usr/lib/ruby/gems/1.8/gems/activesupport-2.2.2/lib/active_support/dependencies.rb:382:in `load_file'
/usr/lib/ruby/gems/1.8/gems/activesupport-2.2.2/lib/active_support/dependencies.rb:521:in `new_constants_in'
/usr/lib/ruby/gems/1.8/gems/activesupport-2.2.2/lib/active_support/dependencies.rb:381:in `load_file'
/usr/lib/ruby/gems/1.8/gems/activesupport-2.2.2/lib/active_support/dependencies.rb:256:in `require_or_load'
/usr/lib/ruby/gems/1.8/gems/activesupport-2.2.2/lib/active_support/dependencies.rb:221:in `depend_on'
/usr/lib/ruby/gems/1.8/gems/activesupport-2.2.2/lib/active_support/dependencies.rb:133:in `require_dependency'
/usr/lib/ruby/gems/1.8/gems/activerecord-2.2.2/lib/active_record/fixtures.rb:856:in `try_to_load_dependency'
/usr/lib/ruby/gems/1.8/gems/activerecord-2.2.2/lib/active_record/fixtures.rb:871:in `require_fixture_classes'
/usr/lib/ruby/gems/1.8/gems/activerecord-2.2.2/lib/active_record/fixtures.rb:868:in `each'
/usr/lib/ruby/gems/1.8/gems/activerecord-2.2.2/lib/active_record/fixtures.rb:868:in `require_fixture_classes'
/usr/lib/ruby/gems/1.8/gems/activerecord-2.2.2/lib/active_record/fixtures.rb:851:in `fixtures'
./test/unit/../test_helper.rb:35
test/unit/nested_assignment_test.rb:1:in `require'
test/unit/nested_assignment_test.rb:1
Unable to load service, underlying cause no such file to load -- service.rb 

 /usr/lib/ruby/gems/1.8/gems/activesupport-2.2.2/lib/active_support/dependencies.rb:382:in `load_without_new_constant_marking'
/usr/lib/ruby/gems/1.8/gems/activesupport-2.2.2/lib/active_support/dependencies.rb:382:in `load_file'
/usr/lib/ruby/gems/1.8/gems/activesupport-2.2.2/lib/active_support/dependencies.rb:521:in `new_constants_in'
/usr/lib/ruby/gems/1.8/gems/activesupport-2.2.2/lib/active_support/dependencies.rb:381:in `load_file'
/usr/lib/ruby/gems/1.8/gems/activesupport-2.2.2/lib/active_support/dependencies.rb:256:in `require_or_load'
/usr/lib/ruby/gems/1.8/gems/activesupport-2.2.2/lib/active_support/dependencies.rb:221:in `depend_on'
/usr/lib/ruby/gems/1.8/gems/activesupport-2.2.2/lib/active_support/dependencies.rb:133:in `require_dependency'
/usr/lib/ruby/gems/1.8/gems/activerecord-2.2.2/lib/active_record/fixtures.rb:856:in `try_to_load_dependency'
/usr/lib/ruby/gems/1.8/gems/activerecord-2.2.2/lib/active_record/fixtures.rb:871:in `require_fixture_classes'
/usr/lib/ruby/gems/1.8/gems/activerecord-2.2.2/lib/active_record/fixtures.rb:868:in `each'
/usr/lib/ruby/gems/1.8/gems/activerecord-2.2.2/lib/active_record/fixtures.rb:868:in `require_fixture_classes'
/usr/lib/ruby/gems/1.8/gems/activerecord-2.2.2/lib/active_record/fixtures.rb:851:in `fixtures'
./test/unit/../test_helper.rb:35
test/unit/nested_assignment_test.rb:1:in `require'
test/unit/nested_assignment_test.rb:1
Unable to load subscription, underlying cause no such file to load -- subscription.rb 

 /usr/lib/ruby/gems/1.8/gems/activesupport-2.2.2/lib/active_support/dependencies.rb:382:in `load_without_new_constant_marking'
/usr/lib/ruby/gems/1.8/gems/activesupport-2.2.2/lib/active_support/dependencies.rb:382:in `load_file'
/usr/lib/ruby/gems/1.8/gems/activesupport-2.2.2/lib/active_support/dependencies.rb:521:in `new_constants_in'
/usr/lib/ruby/gems/1.8/gems/activesupport-2.2.2/lib/active_support/dependencies.rb:381:in `load_file'
/usr/lib/ruby/gems/1.8/gems/activesupport-2.2.2/lib/active_support/dependencies.rb:256:in `require_or_load'
/usr/lib/ruby/gems/1.8/gems/activesupport-2.2.2/lib/active_support/dependencies.rb:221:in `depend_on'
/usr/lib/ruby/gems/1.8/gems/activesupport-2.2.2/lib/active_support/dependencies.rb:133:in `require_dependency'
/usr/lib/ruby/gems/1.8/gems/activerecord-2.2.2/lib/active_record/fixtures.rb:856:in `try_to_load_dependency'
/usr/lib/ruby/gems/1.8/gems/activerecord-2.2.2/lib/active_record/fixtures.rb:871:in `require_fixture_classes'
/usr/lib/ruby/gems/1.8/gems/activerecord-2.2.2/lib/active_record/fixtures.rb:868:in `each'
/usr/lib/ruby/gems/1.8/gems/activerecord-2.2.2/lib/active_record/fixtures.rb:868:in `require_fixture_classes'
/usr/lib/ruby/gems/1.8/gems/activerecord-2.2.2/lib/active_record/fixtures.rb:851:in `fixtures'
./test/unit/../test_helper.rb:35
test/unit/nested_assignment_test.rb:1:in `require'
test/unit/nested_assignment_test.rb:1
Unable to load address, underlying cause no such file to load -- address.rb 

 /usr/lib/ruby/gems/1.8/gems/activesupport-2.2.2/lib/active_support/dependencies.rb:382:in `load_without_new_constant_marking'
/usr/lib/ruby/gems/1.8/gems/activesupport-2.2.2/lib/active_support/dependencies.rb:382:in `load_file'
/usr/lib/ruby/gems/1.8/gems/activesupport-2.2.2/lib/active_support/dependencies.rb:521:in `new_constants_in'
/usr/lib/ruby/gems/1.8/gems/activesupport-2.2.2/lib/active_support/dependencies.rb:381:in `load_file'
/usr/lib/ruby/gems/1.8/gems/activesupport-2.2.2/lib/active_support/dependencies.rb:256:in `require_or_load'
/usr/lib/ruby/gems/1.8/gems/activesupport-2.2.2/lib/active_support/dependencies.rb:221:in `depend_on'
/usr/lib/ruby/gems/1.8/gems/activesupport-2.2.2/lib/active_support/dependencies.rb:133:in `require_dependency'
/usr/lib/ruby/gems/1.8/gems/activerecord-2.2.2/lib/active_record/fixtures.rb:856:in `try_to_load_dependency'
/usr/lib/ruby/gems/1.8/gems/activerecord-2.2.2/lib/active_record/fixtures.rb:871:in `require_fixture_classes'
/usr/lib/ruby/gems/1.8/gems/activerecord-2.2.2/lib/active_record/fixtures.rb:868:in `each'
/usr/lib/ruby/gems/1.8/gems/activerecord-2.2.2/lib/active_record/fixtures.rb:868:in `require_fixture_classes'
/usr/lib/ruby/gems/1.8/gems/activerecord-2.2.2/lib/active_record/fixtures.rb:851:in `fixtures'
./test/unit/../test_helper.rb:35
test/unit/nested_assignment_test.rb:1:in `require'
test/unit/nested_assignment_test.rb:1
Unable to load user, underlying cause no such file to load -- user.rb 

 /usr/lib/ruby/gems/1.8/gems/activesupport-2.2.2/lib/active_support/dependencies.rb:382:in `load_without_new_constant_marking'
/usr/lib/ruby/gems/1.8/gems/activesupport-2.2.2/lib/active_support/dependencies.rb:382:in `load_file'
/usr/lib/ruby/gems/1.8/gems/activesupport-2.2.2/lib/active_support/dependencies.rb:521:in `new_constants_in'
/usr/lib/ruby/gems/1.8/gems/activesupport-2.2.2/lib/active_support/dependencies.rb:381:in `load_file'
/usr/lib/ruby/gems/1.8/gems/activesupport-2.2.2/lib/active_support/dependencies.rb:256:in `require_or_load'
/usr/lib/ruby/gems/1.8/gems/activesupport-2.2.2/lib/active_support/dependencies.rb:221:in `depend_on'
/usr/lib/ruby/gems/1.8/gems/activesupport-2.2.2/lib/active_support/dependencies.rb:133:in `require_dependency'
/usr/lib/ruby/gems/1.8/gems/activerecord-2.2.2/lib/active_record/fixtures.rb:856:in `try_to_load_dependency'
/usr/lib/ruby/gems/1.8/gems/activerecord-2.2.2/lib/active_record/fixtures.rb:871:in `require_fixture_classes'
/usr/lib/ruby/gems/1.8/gems/activerecord-2.2.2/lib/active_record/fixtures.rb:868:in `each'
/usr/lib/ruby/gems/1.8/gems/activerecord-2.2.2/lib/active_record/fixtures.rb:868:in `require_fixture_classes'
/usr/lib/ruby/gems/1.8/gems/activerecord-2.2.2/lib/active_record/fixtures.rb:851:in `fixtures'
./test/unit/../test_helper.rb:35
test/unit/nested_assignment_test.rb:1:in `require'
test/unit/nested_assignment_test.rb:1
Unable to load role, underlying cause no such file to load -- role.rb 

 /usr/lib/ruby/gems/1.8/gems/activesupport-2.2.2/lib/active_support/dependencies.rb:382:in `load_without_new_constant_marking'
/usr/lib/ruby/gems/1.8/gems/activesupport-2.2.2/lib/active_support/dependencies.rb:382:in `load_file'
/usr/lib/ruby/gems/1.8/gems/activesupport-2.2.2/lib/active_support/dependencies.rb:521:in `new_constants_in'
/usr/lib/ruby/gems/1.8/gems/activesupport-2.2.2/lib/active_support/dependencies.rb:381:in `load_file'
/usr/lib/ruby/gems/1.8/gems/activesupport-2.2.2/lib/active_support/dependencies.rb:256:in `require_or_load'
/usr/lib/ruby/gems/1.8/gems/activesupport-2.2.2/lib/active_support/dependencies.rb:221:in `depend_on'
/usr/lib/ruby/gems/1.8/gems/activesupport-2.2.2/lib/active_support/dependencies.rb:133:in `require_dependency'
/usr/lib/ruby/gems/1.8/gems/activerecord-2.2.2/lib/active_record/fixtures.rb:856:in `try_to_load_dependency'
/usr/lib/ruby/gems/1.8/gems/activerecord-2.2.2/lib/active_record/fixtures.rb:871:in `require_fixture_classes'
/usr/lib/ruby/gems/1.8/gems/activerecord-2.2.2/lib/active_record/fixtures.rb:868:in `each'
/usr/lib/ruby/gems/1.8/gems/activerecord-2.2.2/lib/active_record/fixtures.rb:868:in `require_fixture_classes'
/usr/lib/ruby/gems/1.8/gems/activerecord-2.2.2/lib/active_record/fixtures.rb:851:in `fixtures'
./test/unit/../test_helper.rb:35
test/unit/nested_assignment_test.rb:1:in `require'
test/unit/nested_assignment_test.rb:1
  [4;35;1mPluginTestModels::User Load (0.2ms)[0m   [0mSELECT * FROM "users" WHERE ("users"."id" = 1) [0m
  [4;36;1mPluginTestModels::Subscription Load (0.2ms)[0m   [0;1mSELECT * FROM "subscriptions" WHERE ("subscriptions"."id" = 1) [0m
  [4;35;1mPluginTestModels::Subscription Load (0.2ms)[0m   [0mSELECT * FROM "subscriptions" WHERE ("subscriptions".user_id = 1) LIMIT 1[0m
WARNING: Can't mass-assign these protected attributes: id
  [4;36;1mPluginTestModels::Subscription Load (0.4ms)[0m   [0;1mSELECT * FROM "subscriptions" WHERE ("subscriptions"."id" = 1) [0m
  [4;35;1mPluginTestModels::Subscription Load (0.2ms)[0m   [0mSELECT * FROM "subscriptions" WHERE ("subscriptions"."id" = 1) [0m
  [4;36;1mSQL (0.2ms)[0m   [0;1mselect sqlite_version(*)[0m
  [4;35;1mSQL (0.1ms)[0m   [0m SELECT name
 FROM sqlite_master
 WHERE type = 'table' AND NOT name = 'sqlite_sequence'
[0m
  [4;36;1mSQL (0.2ms)[0m   [0;1mCREATE TABLE "addresses" ("id" INTEGER PRIMARY KEY AUTOINCREMENT NOT NULL, "name" varchar(255), "addressable_id" integer, "addressable_type" varchar(255)) [0m
  [4;35;1mSQL (0.1ms)[0m   [0m SELECT name
 FROM sqlite_master
 WHERE type = 'table' AND NOT name = 'sqlite_sequence'
[0m
  [4;36;1mSQL (0.1ms)[0m   [0;1mCREATE TABLE "users" ("id" INTEGER PRIMARY KEY AUTOINCREMENT NOT NULL, "name" varchar(255)) [0m
  [4;35;1mSQL (0.2ms)[0m   [0m SELECT name
 FROM sqlite_master
 WHERE type = 'table' AND NOT name = 'sqlite_sequence'
[0m
  [4;36;1mSQL (0.1ms)[0m   [0;1mCREATE TABLE "roles_users" ("user_id" integer, "role_id" integer) [0m
  [4;35;1mSQL (0.2ms)[0m   [0m SELECT name
 FROM sqlite_master
 WHERE type = 'table' AND NOT name = 'sqlite_sequence'
[0m
  [4;36;1mSQL (0.1ms)[0m   [0;1mCREATE TABLE "services" ("id" INTEGER PRIMARY KEY AUTOINCREMENT NOT NULL, "name" varchar(255)) [0m
  [4;35;1mSQL (0.2ms)[0m   [0m SELECT name
 FROM sqlite_master
 WHERE type = 'table' AND NOT name = 'sqlite_sequence'
[0m
  [4;36;1mSQL (0.1ms)[0m   [0;1mCREATE TABLE "subscriptions" ("id" INTEGER PRIMARY KEY AUTOINCREMENT NOT NULL, "name" varchar(255), "service_id" integer, "user_id" integer) [0m
  [4;35;1mSQL (0.3ms)[0m   [0m SELECT name
 FROM sqlite_master
 WHERE type = 'table' AND NOT name = 'sqlite_sequence'
[0m
  [4;36;1mSQL (0.1ms)[0m   [0;1mCREATE TABLE "roles" ("id" INTEGER PRIMARY KEY AUTOINCREMENT NOT NULL, "name" varchar(255)) [0m
  [4;35;1mSQL (0.3ms)[0m   [0m SELECT name
 FROM sqlite_master
 WHERE type = 'table' AND NOT name = 'sqlite_sequence'
[0m
  [4;36;1mSQL (0.1ms)[0m   [0;1mCREATE TABLE "schema_migrations" ("version" varchar(255) NOT NULL) [0m
  [4;35;1mSQL (0.1ms)[0m   [0mCREATE UNIQUE INDEX "unique_schema_migrations" ON "schema_migrations" ("version")[0m
  [4;36;1mSQL (0.4ms)[0m   [0;1m SELECT name
 FROM sqlite_master
 WHERE type = 'table' AND NOT name = 'sqlite_sequence'
[0m
  [4;35;1mSQL (0.1ms)[0m   [0mSELECT version FROM "schema_migrations"[0m
  [4;36;1mSQL (0.1ms)[0m   [0;1mINSERT INTO "schema_migrations" (version) VALUES ('1')[0m
Unable to load roles_user, underlying cause no such file to load -- roles_user.rb 

 /usr/lib/ruby/gems/1.8/gems/activesupport-2.2.2/lib/active_support/dependencies.rb:382:in `load_without_new_constant_marking'
/usr/lib/ruby/gems/1.8/gems/activesupport-2.2.2/lib/active_support/dependencies.rb:382:in `load_file'
/usr/lib/ruby/gems/1.8/gems/activesupport-2.2.2/lib/active_support/dependencies.rb:521:in `new_constants_in'
/usr/lib/ruby/gems/1.8/gems/activesupport-2.2.2/lib/active_support/dependencies.rb:381:in `load_file'
/usr/lib/ruby/gems/1.8/gems/activesupport-2.2.2/lib/active_support/dependencies.rb:256:in `require_or_load'
/usr/lib/ruby/gems/1.8/gems/activesupport-2.2.2/lib/active_support/dependencies.rb:221:in `depend_on'
/usr/lib/ruby/gems/1.8/gems/activesupport-2.2.2/lib/active_support/dependencies.rb:133:in `require_dependency'
/usr/lib/ruby/gems/1.8/gems/activerecord-2.2.2/lib/active_record/fixtures.rb:856:in `try_to_load_dependency'
/usr/lib/ruby/gems/1.8/gems/activerecord-2.2.2/lib/active_record/fixtures.rb:871:in `require_fixture_classes'
/usr/lib/ruby/gems/1.8/gems/activerecord-2.2.2/lib/active_record/fixtures.rb:868:in `each'
/usr/lib/ruby/gems/1.8/gems/activerecord-2.2.2/lib/active_record/fixtures.rb:868:in `require_fixture_classes'
/usr/lib/ruby/gems/1.8/gems/activerecord-2.2.2/lib/active_record/fixtures.rb:851:in `fixtures'
./test/unit/../test_helper.rb:35
test/unit/nested_assignment_test.rb:1:in `require'
test/unit/nested_assignment_test.rb:1
Unable to load service, underlying cause no such file to load -- service.rb 

 /usr/lib/ruby/gems/1.8/gems/activesupport-2.2.2/lib/active_support/dependencies.rb:382:in `load_without_new_constant_marking'
/usr/lib/ruby/gems/1.8/gems/activesupport-2.2.2/lib/active_support/dependencies.rb:382:in `load_file'
/usr/lib/ruby/gems/1.8/gems/activesupport-2.2.2/lib/active_support/dependencies.rb:521:in `new_constants_in'
/usr/lib/ruby/gems/1.8/gems/activesupport-2.2.2/lib/active_support/dependencies.rb:381:in `load_file'
/usr/lib/ruby/gems/1.8/gems/activesupport-2.2.2/lib/active_support/dependencies.rb:256:in `require_or_load'
/usr/lib/ruby/gems/1.8/gems/activesupport-2.2.2/lib/active_support/dependencies.rb:221:in `depend_on'
/usr/lib/ruby/gems/1.8/gems/activesupport-2.2.2/lib/active_support/dependencies.rb:133:in `require_dependency'
/usr/lib/ruby/gems/1.8/gems/activerecord-2.2.2/lib/active_record/fixtures.rb:856:in `try_to_load_dependency'
/usr/lib/ruby/gems/1.8/gems/activerecord-2.2.2/lib/active_record/fixtures.rb:871:in `require_fixture_classes'
/usr/lib/ruby/gems/1.8/gems/activerecord-2.2.2/lib/active_record/fixtures.rb:868:in `each'
/usr/lib/ruby/gems/1.8/gems/activerecord-2.2.2/lib/active_record/fixtures.rb:868:in `require_fixture_classes'
/usr/lib/ruby/gems/1.8/gems/activerecord-2.2.2/lib/active_record/fixtures.rb:851:in `fixtures'
./test/unit/../test_helper.rb:35
test/unit/nested_assignment_test.rb:1:in `require'
test/unit/nested_assignment_test.rb:1
Unable to load subscription, underlying cause no such file to load -- subscription.rb 

 /usr/lib/ruby/gems/1.8/gems/activesupport-2.2.2/lib/active_support/dependencies.rb:382:in `load_without_new_constant_marking'
/usr/lib/ruby/gems/1.8/gems/activesupport-2.2.2/lib/active_support/dependencies.rb:382:in `load_file'
/usr/lib/ruby/gems/1.8/gems/activesupport-2.2.2/lib/active_support/dependencies.rb:521:in `new_constants_in'
/usr/lib/ruby/gems/1.8/gems/activesupport-2.2.2/lib/active_support/dependencies.rb:381:in `load_file'
/usr/lib/ruby/gems/1.8/gems/activesupport-2.2.2/lib/active_support/dependencies.rb:256:in `require_or_load'
/usr/lib/ruby/gems/1.8/gems/activesupport-2.2.2/lib/active_support/dependencies.rb:221:in `depend_on'
/usr/lib/ruby/gems/1.8/gems/activesupport-2.2.2/lib/active_support/dependencies.rb:133:in `require_dependency'
/usr/lib/ruby/gems/1.8/gems/activerecord-2.2.2/lib/active_record/fixtures.rb:856:in `try_to_load_dependency'
/usr/lib/ruby/gems/1.8/gems/activerecord-2.2.2/lib/active_record/fixtures.rb:871:in `require_fixture_classes'
/usr/lib/ruby/gems/1.8/gems/activerecord-2.2.2/lib/active_record/fixtures.rb:868:in `each'
/usr/lib/ruby/gems/1.8/gems/activerecord-2.2.2/lib/active_record/fixtures.rb:868:in `require_fixture_classes'
/usr/lib/ruby/gems/1.8/gems/activerecord-2.2.2/lib/active_record/fixtures.rb:851:in `fixtures'
./test/unit/../test_helper.rb:35
test/unit/nested_assignment_test.rb:1:in `require'
test/unit/nested_assignment_test.rb:1
Unable to load address, underlying cause no such file to load -- address.rb 

 /usr/lib/ruby/gems/1.8/gems/activesupport-2.2.2/lib/active_support/dependencies.rb:382:in `load_without_new_constant_marking'
/usr/lib/ruby/gems/1.8/gems/activesupport-2.2.2/lib/active_support/dependencies.rb:382:in `load_file'
/usr/lib/ruby/gems/1.8/gems/activesupport-2.2.2/lib/active_support/dependencies.rb:521:in `new_constants_in'
/usr/lib/ruby/gems/1.8/gems/activesupport-2.2.2/lib/active_support/dependencies.rb:381:in `load_file'
/usr/lib/ruby/gems/1.8/gems/activesupport-2.2.2/lib/active_support/dependencies.rb:256:in `require_or_load'
/usr/lib/ruby/gems/1.8/gems/activesupport-2.2.2/lib/active_support/dependencies.rb:221:in `depend_on'
/usr/lib/ruby/gems/1.8/gems/activesupport-2.2.2/lib/active_support/dependencies.rb:133:in `require_dependency'
/usr/lib/ruby/gems/1.8/gems/activerecord-2.2.2/lib/active_record/fixtures.rb:856:in `try_to_load_dependency'
/usr/lib/ruby/gems/1.8/gems/activerecord-2.2.2/lib/active_record/fixtures.rb:871:in `require_fixture_classes'
/usr/lib/ruby/gems/1.8/gems/activerecord-2.2.2/lib/active_record/fixtures.rb:868:in `each'
/usr/lib/ruby/gems/1.8/gems/activerecord-2.2.2/lib/active_record/fixtures.rb:868:in `require_fixture_classes'
/usr/lib/ruby/gems/1.8/gems/activerecord-2.2.2/lib/active_record/fixtures.rb:851:in `fixtures'
./test/unit/../test_helper.rb:35
test/unit/nested_assignment_test.rb:1:in `require'
test/unit/nested_assignment_test.rb:1
Unable to load user, underlying cause no such file to load -- user.rb 

 /usr/lib/ruby/gems/1.8/gems/activesupport-2.2.2/lib/active_support/dependencies.rb:382:in `load_without_new_constant_marking'
/usr/lib/ruby/gems/1.8/gems/activesupport-2.2.2/lib/active_support/dependencies.rb:382:in `load_file'
/usr/lib/ruby/gems/1.8/gems/activesupport-2.2.2/lib/active_support/dependencies.rb:521:in `new_constants_in'
/usr/lib/ruby/gems/1.8/gems/activesupport-2.2.2/lib/active_support/dependencies.rb:381:in `load_file'
/usr/lib/ruby/gems/1.8/gems/activesupport-2.2.2/lib/active_support/dependencies.rb:256:in `require_or_load'
/usr/lib/ruby/gems/1.8/gems/activesupport-2.2.2/lib/active_support/dependencies.rb:221:in `depend_on'
/usr/lib/ruby/gems/1.8/gems/activesupport-2.2.2/lib/active_support/dependencies.rb:133:in `require_dependency'
/usr/lib/ruby/gems/1.8/gems/activerecord-2.2.2/lib/active_record/fixtures.rb:856:in `try_to_load_dependency'
/usr/lib/ruby/gems/1.8/gems/activerecord-2.2.2/lib/active_record/fixtures.rb:871:in `require_fixture_classes'
/usr/lib/ruby/gems/1.8/gems/activerecord-2.2.2/lib/active_record/fixtures.rb:868:in `each'
/usr/lib/ruby/gems/1.8/gems/activerecord-2.2.2/lib/active_record/fixtures.rb:868:in `require_fixture_classes'
/usr/lib/ruby/gems/1.8/gems/activerecord-2.2.2/lib/active_record/fixtures.rb:851:in `fixtures'
./test/unit/../test_helper.rb:35
test/unit/nested_assignment_test.rb:1:in `require'
test/unit/nested_assignment_test.rb:1
Unable to load role, underlying cause no such file to load -- role.rb 

 /usr/lib/ruby/gems/1.8/gems/activesupport-2.2.2/lib/active_support/dependencies.rb:382:in `load_without_new_constant_marking'
/usr/lib/ruby/gems/1.8/gems/activesupport-2.2.2/lib/active_support/dependencies.rb:382:in `load_file'
/usr/lib/ruby/gems/1.8/gems/activesupport-2.2.2/lib/active_support/dependencies.rb:521:in `new_constants_in'
/usr/lib/ruby/gems/1.8/gems/activesupport-2.2.2/lib/active_support/dependencies.rb:381:in `load_file'
/usr/lib/ruby/gems/1.8/gems/activesupport-2.2.2/lib/active_support/dependencies.rb:256:in `require_or_load'
/usr/lib/ruby/gems/1.8/gems/activesupport-2.2.2/lib/active_support/dependencies.rb:221:in `depend_on'
/usr/lib/ruby/gems/1.8/gems/activesupport-2.2.2/lib/active_support/dependencies.rb:133:in `require_dependency'
/usr/lib/ruby/gems/1.8/gems/activerecord-2.2.2/lib/active_record/fixtures.rb:856:in `try_to_load_dependency'
/usr/lib/ruby/gems/1.8/gems/activerecord-2.2.2/lib/active_record/fixtures.rb:871:in `require_fixture_classes'
/usr/lib/ruby/gems/1.8/gems/activerecord-2.2.2/lib/active_record/fixtures.rb:868:in `each'
/usr/lib/ruby/gems/1.8/gems/activerecord-2.2.2/lib/active_record/fixtures.rb:868:in `require_fixture_classes'
/usr/lib/ruby/gems/1.8/gems/activerecord-2.2.2/lib/active_record/fixtures.rb:851:in `fixtures'
./test/unit/../test_helper.rb:35
test/unit/nested_assignment_test.rb:1:in `require'
test/unit/nested_assignment_test.rb:1
  [4;35;1mPluginTestModels::User Load (16.7ms)[0m   [0mSELECT * FROM "users" WHERE ("users"."id" = 1) [0m
  [4;36;1mPluginTestModels::Subscription Load (0.3ms)[0m   [0;1mSELECT * FROM "subscriptions" WHERE ("subscriptions"."id" = 1) [0m
  [4;35;1mPluginTestModels::Subscription Load (0.2ms)[0m   [0mSELECT * FROM "subscriptions" WHERE ("subscriptions".user_id = 1) LIMIT 1[0m
WARNING: Can't mass-assign these protected attributes: id
  [4;36;1mPluginTestModels::Subscription Load (0.2ms)[0m   [0;1mSELECT * FROM "subscriptions" WHERE ("subscriptions"."id" = 1) [0m
  [4;35;1mPluginTestModels::Subscription Load (0.2ms)[0m   [0mSELECT * FROM "subscriptions" WHERE ("subscriptions"."id" = 1) [0m
  [4;36;1mSQL (0.3ms)[0m   [0;1mselect sqlite_version(*)[0m
  [4;35;1mSQL (0.2ms)[0m   [0m SELECT name
 FROM sqlite_master
 WHERE type = 'table' AND NOT name = 'sqlite_sequence'
[0m
  [4;36;1mSQL (0.4ms)[0m   [0;1mCREATE TABLE "addresses" ("id" INTEGER PRIMARY KEY AUTOINCREMENT NOT NULL, "name" varchar(255), "addressable_id" integer, "addressable_type" varchar(255)) [0m
  [4;35;1mSQL (0.2ms)[0m   [0m SELECT name
 FROM sqlite_master
 WHERE type = 'table' AND NOT name = 'sqlite_sequence'
[0m
  [4;36;1mSQL (0.2ms)[0m   [0;1mCREATE TABLE "users" ("id" INTEGER PRIMARY KEY AUTOINCREMENT NOT NULL, "name" varchar(255)) [0m
  [4;35;1mSQL (0.2ms)[0m   [0m SELECT name
 FROM sqlite_master
 WHERE type = 'table' AND NOT name = 'sqlite_sequence'
[0m
  [4;36;1mSQL (0.2ms)[0m   [0;1mCREATE TABLE "roles_users" ("user_id" integer, "role_id" integer) [0m
  [4;35;1mSQL (0.3ms)[0m   [0m SELECT name
 FROM sqlite_master
 WHERE type = 'table' AND NOT name = 'sqlite_sequence'
[0m
  [4;36;1mSQL (0.2ms)[0m   [0;1mCREATE TABLE "services" ("id" INTEGER PRIMARY KEY AUTOINCREMENT NOT NULL, "name" varchar(255)) [0m
  [4;35;1mSQL (0.3ms)[0m   [0m SELECT name
 FROM sqlite_master
 WHERE type = 'table' AND NOT name = 'sqlite_sequence'
[0m
  [4;36;1mSQL (0.2ms)[0m   [0;1mCREATE TABLE "subscriptions" ("id" INTEGER PRIMARY KEY AUTOINCREMENT NOT NULL, "name" varchar(255), "service_id" integer, "user_id" integer) [0m
  [4;35;1mSQL (0.4ms)[0m   [0m SELECT name
 FROM sqlite_master
 WHERE type = 'table' AND NOT name = 'sqlite_sequence'
[0m
  [4;36;1mSQL (0.2ms)[0m   [0;1mCREATE TABLE "roles" ("id" INTEGER PRIMARY KEY AUTOINCREMENT NOT NULL, "name" varchar(255)) [0m
  [4;35;1mSQL (0.5ms)[0m   [0m SELECT name
 FROM sqlite_master
 WHERE type = 'table' AND NOT name = 'sqlite_sequence'
[0m
  [4;36;1mSQL (0.2ms)[0m   [0;1mCREATE TABLE "schema_migrations" ("version" varchar(255) NOT NULL) [0m
  [4;35;1mSQL (0.2ms)[0m   [0mCREATE UNIQUE INDEX "unique_schema_migrations" ON "schema_migrations" ("version")[0m
  [4;36;1mSQL (0.5ms)[0m   [0;1m SELECT name
 FROM sqlite_master
 WHERE type = 'table' AND NOT name = 'sqlite_sequence'
[0m
  [4;35;1mSQL (0.1ms)[0m   [0mSELECT version FROM "schema_migrations"[0m
  [4;36;1mSQL (0.1ms)[0m   [0;1mINSERT INTO "schema_migrations" (version) VALUES ('1')[0m
Unable to load roles_user, underlying cause no such file to load -- roles_user.rb 

 /usr/lib/ruby/gems/1.8/gems/activesupport-2.2.2/lib/active_support/dependencies.rb:382:in `load_without_new_constant_marking'
/usr/lib/ruby/gems/1.8/gems/activesupport-2.2.2/lib/active_support/dependencies.rb:382:in `load_file'
/usr/lib/ruby/gems/1.8/gems/activesupport-2.2.2/lib/active_support/dependencies.rb:521:in `new_constants_in'
/usr/lib/ruby/gems/1.8/gems/activesupport-2.2.2/lib/active_support/dependencies.rb:381:in `load_file'
/usr/lib/ruby/gems/1.8/gems/activesupport-2.2.2/lib/active_support/dependencies.rb:256:in `require_or_load'
/usr/lib/ruby/gems/1.8/gems/activesupport-2.2.2/lib/active_support/dependencies.rb:221:in `depend_on'
/usr/lib/ruby/gems/1.8/gems/activesupport-2.2.2/lib/active_support/dependencies.rb:133:in `require_dependency'
/usr/lib/ruby/gems/1.8/gems/activerecord-2.2.2/lib/active_record/fixtures.rb:856:in `try_to_load_dependency'
/usr/lib/ruby/gems/1.8/gems/activerecord-2.2.2/lib/active_record/fixtures.rb:871:in `require_fixture_classes'
/usr/lib/ruby/gems/1.8/gems/activerecord-2.2.2/lib/active_record/fixtures.rb:868:in `each'
/usr/lib/ruby/gems/1.8/gems/activerecord-2.2.2/lib/active_record/fixtures.rb:868:in `require_fixture_classes'
/usr/lib/ruby/gems/1.8/gems/activerecord-2.2.2/lib/active_record/fixtures.rb:851:in `fixtures'
./test/unit/../test_helper.rb:35
test/unit/nested_assignment_test.rb:1:in `require'
test/unit/nested_assignment_test.rb:1
Unable to load service, underlying cause no such file to load -- service.rb 

 /usr/lib/ruby/gems/1.8/gems/activesupport-2.2.2/lib/active_support/dependencies.rb:382:in `load_without_new_constant_marking'
/usr/lib/ruby/gems/1.8/gems/activesupport-2.2.2/lib/active_support/dependencies.rb:382:in `load_file'
/usr/lib/ruby/gems/1.8/gems/activesupport-2.2.2/lib/active_support/dependencies.rb:521:in `new_constants_in'
/usr/lib/ruby/gems/1.8/gems/activesupport-2.2.2/lib/active_support/dependencies.rb:381:in `load_file'
/usr/lib/ruby/gems/1.8/gems/activesupport-2.2.2/lib/active_support/dependencies.rb:256:in `require_or_load'
/usr/lib/ruby/gems/1.8/gems/activesupport-2.2.2/lib/active_support/dependencies.rb:221:in `depend_on'
/usr/lib/ruby/gems/1.8/gems/activesupport-2.2.2/lib/active_support/dependencies.rb:133:in `require_dependency'
/usr/lib/ruby/gems/1.8/gems/activerecord-2.2.2/lib/active_record/fixtures.rb:856:in `try_to_load_dependency'
/usr/lib/ruby/gems/1.8/gems/activerecord-2.2.2/lib/active_record/fixtures.rb:871:in `require_fixture_classes'
/usr/lib/ruby/gems/1.8/gems/activerecord-2.2.2/lib/active_record/fixtures.rb:868:in `each'
/usr/lib/ruby/gems/1.8/gems/activerecord-2.2.2/lib/active_record/fixtures.rb:868:in `require_fixture_classes'
/usr/lib/ruby/gems/1.8/gems/activerecord-2.2.2/lib/active_record/fixtures.rb:851:in `fixtures'
./test/unit/../test_helper.rb:35
test/unit/nested_assignment_test.rb:1:in `require'
test/unit/nested_assignment_test.rb:1
Unable to load subscription, underlying cause no such file to load -- subscription.rb 

 /usr/lib/ruby/gems/1.8/gems/activesupport-2.2.2/lib/active_support/dependencies.rb:382:in `load_without_new_constant_marking'
/usr/lib/ruby/gems/1.8/gems/activesupport-2.2.2/lib/active_support/dependencies.rb:382:in `load_file'
/usr/lib/ruby/gems/1.8/gems/activesupport-2.2.2/lib/active_support/dependencies.rb:521:in `new_constants_in'
/usr/lib/ruby/gems/1.8/gems/activesupport-2.2.2/lib/active_support/dependencies.rb:381:in `load_file'
/usr/lib/ruby/gems/1.8/gems/activesupport-2.2.2/lib/active_support/dependencies.rb:256:in `require_or_load'
/usr/lib/ruby/gems/1.8/gems/activesupport-2.2.2/lib/active_support/dependencies.rb:221:in `depend_on'
/usr/lib/ruby/gems/1.8/gems/activesupport-2.2.2/lib/active_support/dependencies.rb:133:in `require_dependency'
/usr/lib/ruby/gems/1.8/gems/activerecord-2.2.2/lib/active_record/fixtures.rb:856:in `try_to_load_dependency'
/usr/lib/ruby/gems/1.8/gems/activerecord-2.2.2/lib/active_record/fixtures.rb:871:in `require_fixture_classes'
/usr/lib/ruby/gems/1.8/gems/activerecord-2.2.2/lib/active_record/fixtures.rb:868:in `each'
/usr/lib/ruby/gems/1.8/gems/activerecord-2.2.2/lib/active_record/fixtures.rb:868:in `require_fixture_classes'
/usr/lib/ruby/gems/1.8/gems/activerecord-2.2.2/lib/active_record/fixtures.rb:851:in `fixtures'
./test/unit/../test_helper.rb:35
test/unit/nested_assignment_test.rb:1:in `require'
test/unit/nested_assignment_test.rb:1
Unable to load address, underlying cause no such file to load -- address.rb 

 /usr/lib/ruby/gems/1.8/gems/activesupport-2.2.2/lib/active_support/dependencies.rb:382:in `load_without_new_constant_marking'
/usr/lib/ruby/gems/1.8/gems/activesupport-2.2.2/lib/active_support/dependencies.rb:382:in `load_file'
/usr/lib/ruby/gems/1.8/gems/activesupport-2.2.2/lib/active_support/dependencies.rb:521:in `new_constants_in'
/usr/lib/ruby/gems/1.8/gems/activesupport-2.2.2/lib/active_support/dependencies.rb:381:in `load_file'
/usr/lib/ruby/gems/1.8/gems/activesupport-2.2.2/lib/active_support/dependencies.rb:256:in `require_or_load'
/usr/lib/ruby/gems/1.8/gems/activesupport-2.2.2/lib/active_support/dependencies.rb:221:in `depend_on'
/usr/lib/ruby/gems/1.8/gems/activesupport-2.2.2/lib/active_support/dependencies.rb:133:in `require_dependency'
/usr/lib/ruby/gems/1.8/gems/activerecord-2.2.2/lib/active_record/fixtures.rb:856:in `try_to_load_dependency'
/usr/lib/ruby/gems/1.8/gems/activerecord-2.2.2/lib/active_record/fixtures.rb:871:in `require_fixture_classes'
/usr/lib/ruby/gems/1.8/gems/activerecord-2.2.2/lib/active_record/fixtures.rb:868:in `each'
/usr/lib/ruby/gems/1.8/gems/activerecord-2.2.2/lib/active_record/fixtures.rb:868:in `require_fixture_classes'
/usr/lib/ruby/gems/1.8/gems/activerecord-2.2.2/lib/active_record/fixtures.rb:851:in `fixtures'
./test/unit/../test_helper.rb:35
test/unit/nested_assignment_test.rb:1:in `require'
test/unit/nested_assignment_test.rb:1
Unable to load user, underlying cause no such file to load -- user.rb 

 /usr/lib/ruby/gems/1.8/gems/activesupport-2.2.2/lib/active_support/dependencies.rb:382:in `load_without_new_constant_marking'
/usr/lib/ruby/gems/1.8/gems/activesupport-2.2.2/lib/active_support/dependencies.rb:382:in `load_file'
/usr/lib/ruby/gems/1.8/gems/activesupport-2.2.2/lib/active_support/dependencies.rb:521:in `new_constants_in'
/usr/lib/ruby/gems/1.8/gems/activesupport-2.2.2/lib/active_support/dependencies.rb:381:in `load_file'
/usr/lib/ruby/gems/1.8/gems/activesupport-2.2.2/lib/active_support/dependencies.rb:256:in `require_or_load'
/usr/lib/ruby/gems/1.8/gems/activesupport-2.2.2/lib/active_support/dependencies.rb:221:in `depend_on'
/usr/lib/ruby/gems/1.8/gems/activesupport-2.2.2/lib/active_support/dependencies.rb:133:in `require_dependency'
/usr/lib/ruby/gems/1.8/gems/activerecord-2.2.2/lib/active_record/fixtures.rb:856:in `try_to_load_dependency'
/usr/lib/ruby/gems/1.8/gems/activerecord-2.2.2/lib/active_record/fixtures.rb:871:in `require_fixture_classes'
/usr/lib/ruby/gems/1.8/gems/activerecord-2.2.2/lib/active_record/fixtures.rb:868:in `each'
/usr/lib/ruby/gems/1.8/gems/activerecord-2.2.2/lib/active_record/fixtures.rb:868:in `require_fixture_classes'
/usr/lib/ruby/gems/1.8/gems/activerecord-2.2.2/lib/active_record/fixtures.rb:851:in `fixtures'
./test/unit/../test_helper.rb:35
test/unit/nested_assignment_test.rb:1:in `require'
test/unit/nested_assignment_test.rb:1
Unable to load role, underlying cause no such file to load -- role.rb 

 /usr/lib/ruby/gems/1.8/gems/activesupport-2.2.2/lib/active_support/dependencies.rb:382:in `load_without_new_constant_marking'
/usr/lib/ruby/gems/1.8/gems/activesupport-2.2.2/lib/active_support/dependencies.rb:382:in `load_file'
/usr/lib/ruby/gems/1.8/gems/activesupport-2.2.2/lib/active_support/dependencies.rb:521:in `new_constants_in'
/usr/lib/ruby/gems/1.8/gems/activesupport-2.2.2/lib/active_support/dependencies.rb:381:in `load_file'
/usr/lib/ruby/gems/1.8/gems/activesupport-2.2.2/lib/active_support/dependencies.rb:256:in `require_or_load'
/usr/lib/ruby/gems/1.8/gems/activesupport-2.2.2/lib/active_support/dependencies.rb:221:in `depend_on'
/usr/lib/ruby/gems/1.8/gems/activesupport-2.2.2/lib/active_support/dependencies.rb:133:in `require_dependency'
/usr/lib/ruby/gems/1.8/gems/activerecord-2.2.2/lib/active_record/fixtures.rb:856:in `try_to_load_dependency'
/usr/lib/ruby/gems/1.8/gems/activerecord-2.2.2/lib/active_record/fixtures.rb:871:in `require_fixture_classes'
/usr/lib/ruby/gems/1.8/gems/activerecord-2.2.2/lib/active_record/fixtures.rb:868:in `each'
/usr/lib/ruby/gems/1.8/gems/activerecord-2.2.2/lib/active_record/fixtures.rb:868:in `require_fixture_classes'
/usr/lib/ruby/gems/1.8/gems/activerecord-2.2.2/lib/active_record/fixtures.rb:851:in `fixtures'
./test/unit/../test_helper.rb:35
test/unit/nested_assignment_test.rb:1:in `require'
test/unit/nested_assignment_test.rb:1
  [4;35;1mPluginTestModels::User Load (22.9ms)[0m   [0mSELECT * FROM "users" WHERE ("users"."id" = 1) [0m
  [4;36;1mPluginTestModels::Subscription Load (0.3ms)[0m   [0;1mSELECT * FROM "subscriptions" WHERE ("subscriptions"."id" = 1) [0m
  [4;35;1mPluginTestModels::Subscription Load (0.2ms)[0m   [0mSELECT * FROM "subscriptions" WHERE ("subscriptions".user_id = 1) LIMIT 1[0m
WARNING: Can't mass-assign these protected attributes: id
  [4;36;1mPluginTestModels::Subscription Load (0.2ms)[0m   [0;1mSELECT * FROM "subscriptions" WHERE ("subscriptions"."id" = 1) [0m
  [4;35;1mPluginTestModels::Subscription Load (0.2ms)[0m   [0mSELECT * FROM "subscriptions" WHERE ("subscriptions"."id" = 1) [0m
  [4;36;1mSQL (0.2ms)[0m   [0;1mselect sqlite_version(*)[0m
  [4;35;1mSQL (0.1ms)[0m   [0m SELECT name
 FROM sqlite_master
 WHERE type = 'table' AND NOT name = 'sqlite_sequence'
[0m
  [4;36;1mSQL (0.2ms)[0m   [0;1mCREATE TABLE "addresses" ("id" INTEGER PRIMARY KEY AUTOINCREMENT NOT NULL, "name" varchar(255), "addressable_id" integer, "addressable_type" varchar(255)) [0m
  [4;35;1mSQL (0.1ms)[0m   [0m SELECT name
 FROM sqlite_master
 WHERE type = 'table' AND NOT name = 'sqlite_sequence'
[0m
  [4;36;1mSQL (0.1ms)[0m   [0;1mCREATE TABLE "users" ("id" INTEGER PRIMARY KEY AUTOINCREMENT NOT NULL, "name" varchar(255)) [0m
  [4;35;1mSQL (0.2ms)[0m   [0m SELECT name
 FROM sqlite_master
 WHERE type = 'table' AND NOT name = 'sqlite_sequence'
[0m
  [4;36;1mSQL (0.1ms)[0m   [0;1mCREATE TABLE "roles_users" ("user_id" integer, "role_id" integer) [0m
  [4;35;1mSQL (0.2ms)[0m   [0m SELECT name
 FROM sqlite_master
 WHERE type = 'table' AND NOT name = 'sqlite_sequence'
[0m
  [4;36;1mSQL (0.1ms)[0m   [0;1mCREATE TABLE "services" ("id" INTEGER PRIMARY KEY AUTOINCREMENT NOT NULL, "name" varchar(255)) [0m
  [4;35;1mSQL (0.2ms)[0m   [0m SELECT name
 FROM sqlite_master
 WHERE type = 'table' AND NOT name = 'sqlite_sequence'
[0m
  [4;36;1mSQL (0.1ms)[0m   [0;1mCREATE TABLE "subscriptions" ("id" INTEGER PRIMARY KEY AUTOINCREMENT NOT NULL, "name" varchar(255), "service_id" integer, "user_id" integer) [0m
  [4;35;1mSQL (0.3ms)[0m   [0m SELECT name
 FROM sqlite_master
 WHERE type = 'table' AND NOT name = 'sqlite_sequence'
[0m
  [4;36;1mSQL (0.1ms)[0m   [0;1mCREATE TABLE "roles" ("id" INTEGER PRIMARY KEY AUTOINCREMENT NOT NULL, "name" varchar(255)) [0m
  [4;35;1mSQL (0.3ms)[0m   [0m SELECT name
 FROM sqlite_master
 WHERE type = 'table' AND NOT name = 'sqlite_sequence'
[0m
  [4;36;1mSQL (0.1ms)[0m   [0;1mCREATE TABLE "schema_migrations" ("version" varchar(255) NOT NULL) [0m
  [4;35;1mSQL (0.1ms)[0m   [0mCREATE UNIQUE INDEX "unique_schema_migrations" ON "schema_migrations" ("version")[0m
  [4;36;1mSQL (0.3ms)[0m   [0;1m SELECT name
 FROM sqlite_master
 WHERE type = 'table' AND NOT name = 'sqlite_sequence'
[0m
  [4;35;1mSQL (0.1ms)[0m   [0mSELECT version FROM "schema_migrations"[0m
  [4;36;1mSQL (0.1ms)[0m   [0;1mINSERT INTO "schema_migrations" (version) VALUES ('1')[0m
Unable to load roles_user, underlying cause no such file to load -- roles_user.rb 

 /usr/lib/ruby/gems/1.8/gems/activesupport-2.2.2/lib/active_support/dependencies.rb:382:in `load_without_new_constant_marking'
/usr/lib/ruby/gems/1.8/gems/activesupport-2.2.2/lib/active_support/dependencies.rb:382:in `load_file'
/usr/lib/ruby/gems/1.8/gems/activesupport-2.2.2/lib/active_support/dependencies.rb:521:in `new_constants_in'
/usr/lib/ruby/gems/1.8/gems/activesupport-2.2.2/lib/active_support/dependencies.rb:381:in `load_file'
/usr/lib/ruby/gems/1.8/gems/activesupport-2.2.2/lib/active_support/dependencies.rb:256:in `require_or_load'
/usr/lib/ruby/gems/1.8/gems/activesupport-2.2.2/lib/active_support/dependencies.rb:221:in `depend_on'
/usr/lib/ruby/gems/1.8/gems/activesupport-2.2.2/lib/active_support/dependencies.rb:133:in `require_dependency'
/usr/lib/ruby/gems/1.8/gems/activerecord-2.2.2/lib/active_record/fixtures.rb:856:in `try_to_load_dependency'
/usr/lib/ruby/gems/1.8/gems/activerecord-2.2.2/lib/active_record/fixtures.rb:871:in `require_fixture_classes'
/usr/lib/ruby/gems/1.8/gems/activerecord-2.2.2/lib/active_record/fixtures.rb:868:in `each'
/usr/lib/ruby/gems/1.8/gems/activerecord-2.2.2/lib/active_record/fixtures.rb:868:in `require_fixture_classes'
/usr/lib/ruby/gems/1.8/gems/activerecord-2.2.2/lib/active_record/fixtures.rb:851:in `fixtures'
./test/unit/../test_helper.rb:35
test/unit/nested_assignment_test.rb:1:in `require'
test/unit/nested_assignment_test.rb:1
Unable to load service, underlying cause no such file to load -- service.rb 

 /usr/lib/ruby/gems/1.8/gems/activesupport-2.2.2/lib/active_support/dependencies.rb:382:in `load_without_new_constant_marking'
/usr/lib/ruby/gems/1.8/gems/activesupport-2.2.2/lib/active_support/dependencies.rb:382:in `load_file'
/usr/lib/ruby/gems/1.8/gems/activesupport-2.2.2/lib/active_support/dependencies.rb:521:in `new_constants_in'
/usr/lib/ruby/gems/1.8/gems/activesupport-2.2.2/lib/active_support/dependencies.rb:381:in `load_file'
/usr/lib/ruby/gems/1.8/gems/activesupport-2.2.2/lib/active_support/dependencies.rb:256:in `require_or_load'
/usr/lib/ruby/gems/1.8/gems/activesupport-2.2.2/lib/active_support/dependencies.rb:221:in `depend_on'
/usr/lib/ruby/gems/1.8/gems/activesupport-2.2.2/lib/active_support/dependencies.rb:133:in `require_dependency'
/usr/lib/ruby/gems/1.8/gems/activerecord-2.2.2/lib/active_record/fixtures.rb:856:in `try_to_load_dependency'
/usr/lib/ruby/gems/1.8/gems/activerecord-2.2.2/lib/active_record/fixtures.rb:871:in `require_fixture_classes'
/usr/lib/ruby/gems/1.8/gems/activerecord-2.2.2/lib/active_record/fixtures.rb:868:in `each'
/usr/lib/ruby/gems/1.8/gems/activerecord-2.2.2/lib/active_record/fixtures.rb:868:in `require_fixture_classes'
/usr/lib/ruby/gems/1.8/gems/activerecord-2.2.2/lib/active_record/fixtures.rb:851:in `fixtures'
./test/unit/../test_helper.rb:35
test/unit/nested_assignment_test.rb:1:in `require'
test/unit/nested_assignment_test.rb:1
Unable to load subscription, underlying cause no such file to load -- subscription.rb 

 /usr/lib/ruby/gems/1.8/gems/activesupport-2.2.2/lib/active_support/dependencies.rb:382:in `load_without_new_constant_marking'
/usr/lib/ruby/gems/1.8/gems/activesupport-2.2.2/lib/active_support/dependencies.rb:382:in `load_file'
/usr/lib/ruby/gems/1.8/gems/activesupport-2.2.2/lib/active_support/dependencies.rb:521:in `new_constants_in'
/usr/lib/ruby/gems/1.8/gems/activesupport-2.2.2/lib/active_support/dependencies.rb:381:in `load_file'
/usr/lib/ruby/gems/1.8/gems/activesupport-2.2.2/lib/active_support/dependencies.rb:256:in `require_or_load'
/usr/lib/ruby/gems/1.8/gems/activesupport-2.2.2/lib/active_support/dependencies.rb:221:in `depend_on'
/usr/lib/ruby/gems/1.8/gems/activesupport-2.2.2/lib/active_support/dependencies.rb:133:in `require_dependency'
/usr/lib/ruby/gems/1.8/gems/activerecord-2.2.2/lib/active_record/fixtures.rb:856:in `try_to_load_dependency'
/usr/lib/ruby/gems/1.8/gems/activerecord-2.2.2/lib/active_record/fixtures.rb:871:in `require_fixture_classes'
/usr/lib/ruby/gems/1.8/gems/activerecord-2.2.2/lib/active_record/fixtures.rb:868:in `each'
/usr/lib/ruby/gems/1.8/gems/activerecord-2.2.2/lib/active_record/fixtures.rb:868:in `require_fixture_classes'
/usr/lib/ruby/gems/1.8/gems/activerecord-2.2.2/lib/active_record/fixtures.rb:851:in `fixtures'
./test/unit/../test_helper.rb:35
test/unit/nested_assignment_test.rb:1:in `require'
test/unit/nested_assignment_test.rb:1
Unable to load address, underlying cause no such file to load -- address.rb 

 /usr/lib/ruby/gems/1.8/gems/activesupport-2.2.2/lib/active_support/dependencies.rb:382:in `load_without_new_constant_marking'
/usr/lib/ruby/gems/1.8/gems/activesupport-2.2.2/lib/active_support/dependencies.rb:382:in `load_file'
/usr/lib/ruby/gems/1.8/gems/activesupport-2.2.2/lib/active_support/dependencies.rb:521:in `new_constants_in'
/usr/lib/ruby/gems/1.8/gems/activesupport-2.2.2/lib/active_support/dependencies.rb:381:in `load_file'
/usr/lib/ruby/gems/1.8/gems/activesupport-2.2.2/lib/active_support/dependencies.rb:256:in `require_or_load'
/usr/lib/ruby/gems/1.8/gems/activesupport-2.2.2/lib/active_support/dependencies.rb:221:in `depend_on'
/usr/lib/ruby/gems/1.8/gems/activesupport-2.2.2/lib/active_support/dependencies.rb:133:in `require_dependency'
/usr/lib/ruby/gems/1.8/gems/activerecord-2.2.2/lib/active_record/fixtures.rb:856:in `try_to_load_dependency'
/usr/lib/ruby/gems/1.8/gems/activerecord-2.2.2/lib/active_record/fixtures.rb:871:in `require_fixture_classes'
/usr/lib/ruby/gems/1.8/gems/activerecord-2.2.2/lib/active_record/fixtures.rb:868:in `each'
/usr/lib/ruby/gems/1.8/gems/activerecord-2.2.2/lib/active_record/fixtures.rb:868:in `require_fixture_classes'
/usr/lib/ruby/gems/1.8/gems/activerecord-2.2.2/lib/active_record/fixtures.rb:851:in `fixtures'
./test/unit/../test_helper.rb:35
test/unit/nested_assignment_test.rb:1:in `require'
test/unit/nested_assignment_test.rb:1
Unable to load user, underlying cause no such file to load -- user.rb 

 /usr/lib/ruby/gems/1.8/gems/activesupport-2.2.2/lib/active_support/dependencies.rb:382:in `load_without_new_constant_marking'
/usr/lib/ruby/gems/1.8/gems/activesupport-2.2.2/lib/active_support/dependencies.rb:382:in `load_file'
/usr/lib/ruby/gems/1.8/gems/activesupport-2.2.2/lib/active_support/dependencies.rb:521:in `new_constants_in'
/usr/lib/ruby/gems/1.8/gems/activesupport-2.2.2/lib/active_support/dependencies.rb:381:in `load_file'
/usr/lib/ruby/gems/1.8/gems/activesupport-2.2.2/lib/active_support/dependencies.rb:256:in `require_or_load'
/usr/lib/ruby/gems/1.8/gems/activesupport-2.2.2/lib/active_support/dependencies.rb:221:in `depend_on'
/usr/lib/ruby/gems/1.8/gems/activesupport-2.2.2/lib/active_support/dependencies.rb:133:in `require_dependency'
/usr/lib/ruby/gems/1.8/gems/activerecord-2.2.2/lib/active_record/fixtures.rb:856:in `try_to_load_dependency'
/usr/lib/ruby/gems/1.8/gems/activerecord-2.2.2/lib/active_record/fixtures.rb:871:in `require_fixture_classes'
/usr/lib/ruby/gems/1.8/gems/activerecord-2.2.2/lib/active_record/fixtures.rb:868:in `each'
/usr/lib/ruby/gems/1.8/gems/activerecord-2.2.2/lib/active_record/fixtures.rb:868:in `require_fixture_classes'
/usr/lib/ruby/gems/1.8/gems/activerecord-2.2.2/lib/active_record/fixtures.rb:851:in `fixtures'
./test/unit/../test_helper.rb:35
test/unit/nested_assignment_test.rb:1:in `require'
test/unit/nested_assignment_test.rb:1
Unable to load role, underlying cause no such file to load -- role.rb 

 /usr/lib/ruby/gems/1.8/gems/activesupport-2.2.2/lib/active_support/dependencies.rb:382:in `load_without_new_constant_marking'
/usr/lib/ruby/gems/1.8/gems/activesupport-2.2.2/lib/active_support/dependencies.rb:382:in `load_file'
/usr/lib/ruby/gems/1.8/gems/activesupport-2.2.2/lib/active_support/dependencies.rb:521:in `new_constants_in'
/usr/lib/ruby/gems/1.8/gems/activesupport-2.2.2/lib/active_support/dependencies.rb:381:in `load_file'
/usr/lib/ruby/gems/1.8/gems/activesupport-2.2.2/lib/active_support/dependencies.rb:256:in `require_or_load'
/usr/lib/ruby/gems/1.8/gems/activesupport-2.2.2/lib/active_support/dependencies.rb:221:in `depend_on'
/usr/lib/ruby/gems/1.8/gems/activesupport-2.2.2/lib/active_support/dependencies.rb:133:in `require_dependency'
/usr/lib/ruby/gems/1.8/gems/activerecord-2.2.2/lib/active_record/fixtures.rb:856:in `try_to_load_dependency'
/usr/lib/ruby/gems/1.8/gems/activerecord-2.2.2/lib/active_record/fixtures.rb:871:in `require_fixture_classes'
/usr/lib/ruby/gems/1.8/gems/activerecord-2.2.2/lib/active_record/fixtures.rb:868:in `each'
/usr/lib/ruby/gems/1.8/gems/activerecord-2.2.2/lib/active_record/fixtures.rb:868:in `require_fixture_classes'
/usr/lib/ruby/gems/1.8/gems/activerecord-2.2.2/lib/active_record/fixtures.rb:851:in `fixtures'
./test/unit/../test_helper.rb:35
test/unit/nested_assignment_test.rb:1:in `require'
test/unit/nested_assignment_test.rb:1
  [4;35;1mPluginTestModels::User Load (17.0ms)[0m   [0mSELECT * FROM "users" WHERE ("users"."id" = 1) [0m
  [4;36;1mPluginTestModels::Subscription Load (0.2ms)[0m   [0;1mSELECT * FROM "subscriptions" WHERE ("subscriptions"."id" = 1) [0m
  [4;35;1mPluginTestModels::Subscription Load (0.2ms)[0m   [0mSELECT * FROM "subscriptions" WHERE ("subscriptions".user_id = 1) LIMIT 1[0m
WARNING: Can't mass-assign these protected attributes: id
  [4;36;1mPluginTestModels::Subscription Load (0.2ms)[0m   [0;1mSELECT * FROM "subscriptions" WHERE ("subscriptions"."id" = 1) [0m
  [4;35;1mPluginTestModels::Subscription Load (0.2ms)[0m   [0mSELECT * FROM "subscriptions" WHERE ("subscriptions"."id" = 1) [0m
  [4;36;1mSQL (0.2ms)[0m   [0;1mselect sqlite_version(*)[0m
  [4;35;1mSQL (0.1ms)[0m   [0m SELECT name
 FROM sqlite_master
 WHERE type = 'table' AND NOT name = 'sqlite_sequence'
[0m
  [4;36;1mSQL (0.2ms)[0m   [0;1mCREATE TABLE "addresses" ("id" INTEGER PRIMARY KEY AUTOINCREMENT NOT NULL, "name" varchar(255), "addressable_id" integer, "addressable_type" varchar(255)) [0m
  [4;35;1mSQL (0.1ms)[0m   [0m SELECT name
 FROM sqlite_master
 WHERE type = 'table' AND NOT name = 'sqlite_sequence'
[0m
  [4;36;1mSQL (0.1ms)[0m   [0;1mCREATE TABLE "users" ("id" INTEGER PRIMARY KEY AUTOINCREMENT NOT NULL, "name" varchar(255)) [0m
  [4;35;1mSQL (0.2ms)[0m   [0m SELECT name
 FROM sqlite_master
 WHERE type = 'table' AND NOT name = 'sqlite_sequence'
[0m
  [4;36;1mSQL (0.1ms)[0m   [0;1mCREATE TABLE "roles_users" ("user_id" integer, "role_id" integer) [0m
  [4;35;1mSQL (0.2ms)[0m   [0m SELECT name
 FROM sqlite_master
 WHERE type = 'table' AND NOT name = 'sqlite_sequence'
[0m
  [4;36;1mSQL (0.1ms)[0m   [0;1mCREATE TABLE "services" ("id" INTEGER PRIMARY KEY AUTOINCREMENT NOT NULL, "name" varchar(255)) [0m
  [4;35;1mSQL (0.2ms)[0m   [0m SELECT name
 FROM sqlite_master
 WHERE type = 'table' AND NOT name = 'sqlite_sequence'
[0m
  [4;36;1mSQL (0.1ms)[0m   [0;1mCREATE TABLE "subscriptions" ("id" INTEGER PRIMARY KEY AUTOINCREMENT NOT NULL, "name" varchar(255), "service_id" integer, "user_id" integer) [0m
  [4;35;1mSQL (0.3ms)[0m   [0m SELECT name
 FROM sqlite_master
 WHERE type = 'table' AND NOT name = 'sqlite_sequence'
[0m
  [4;36;1mSQL (0.1ms)[0m   [0;1mCREATE TABLE "roles" ("id" INTEGER PRIMARY KEY AUTOINCREMENT NOT NULL, "name" varchar(255)) [0m
  [4;35;1mSQL (0.3ms)[0m   [0m SELECT name
 FROM sqlite_master
 WHERE type = 'table' AND NOT name = 'sqlite_sequence'
[0m
  [4;36;1mSQL (0.1ms)[0m   [0;1mCREATE TABLE "schema_migrations" ("version" varchar(255) NOT NULL) [0m
  [4;35;1mSQL (0.1ms)[0m   [0mCREATE UNIQUE INDEX "unique_schema_migrations" ON "schema_migrations" ("version")[0m
  [4;36;1mSQL (0.4ms)[0m   [0;1m SELECT name
 FROM sqlite_master
 WHERE type = 'table' AND NOT name = 'sqlite_sequence'
[0m
  [4;35;1mSQL (0.1ms)[0m   [0mSELECT version FROM "schema_migrations"[0m
  [4;36;1mSQL (0.1ms)[0m   [0;1mINSERT INTO "schema_migrations" (version) VALUES ('1')[0m
Unable to load roles_user, underlying cause no such file to load -- roles_user.rb 

 /usr/lib/ruby/gems/1.8/gems/activesupport-2.2.2/lib/active_support/dependencies.rb:382:in `load_without_new_constant_marking'
/usr/lib/ruby/gems/1.8/gems/activesupport-2.2.2/lib/active_support/dependencies.rb:382:in `load_file'
/usr/lib/ruby/gems/1.8/gems/activesupport-2.2.2/lib/active_support/dependencies.rb:521:in `new_constants_in'
/usr/lib/ruby/gems/1.8/gems/activesupport-2.2.2/lib/active_support/dependencies.rb:381:in `load_file'
/usr/lib/ruby/gems/1.8/gems/activesupport-2.2.2/lib/active_support/dependencies.rb:256:in `require_or_load'
/usr/lib/ruby/gems/1.8/gems/activesupport-2.2.2/lib/active_support/dependencies.rb:221:in `depend_on'
/usr/lib/ruby/gems/1.8/gems/activesupport-2.2.2/lib/active_support/dependencies.rb:133:in `require_dependency'
/usr/lib/ruby/gems/1.8/gems/activerecord-2.2.2/lib/active_record/fixtures.rb:856:in `try_to_load_dependency'
/usr/lib/ruby/gems/1.8/gems/activerecord-2.2.2/lib/active_record/fixtures.rb:871:in `require_fixture_classes'
/usr/lib/ruby/gems/1.8/gems/activerecord-2.2.2/lib/active_record/fixtures.rb:868:in `each'
/usr/lib/ruby/gems/1.8/gems/activerecord-2.2.2/lib/active_record/fixtures.rb:868:in `require_fixture_classes'
/usr/lib/ruby/gems/1.8/gems/activerecord-2.2.2/lib/active_record/fixtures.rb:851:in `fixtures'
./test/unit/../test_helper.rb:35
test/unit/nested_assignment_test.rb:1:in `require'
test/unit/nested_assignment_test.rb:1
Unable to load service, underlying cause no such file to load -- service.rb 

 /usr/lib/ruby/gems/1.8/gems/activesupport-2.2.2/lib/active_support/dependencies.rb:382:in `load_without_new_constant_marking'
/usr/lib/ruby/gems/1.8/gems/activesupport-2.2.2/lib/active_support/dependencies.rb:382:in `load_file'
/usr/lib/ruby/gems/1.8/gems/activesupport-2.2.2/lib/active_support/dependencies.rb:521:in `new_constants_in'
/usr/lib/ruby/gems/1.8/gems/activesupport-2.2.2/lib/active_support/dependencies.rb:381:in `load_file'
/usr/lib/ruby/gems/1.8/gems/activesupport-2.2.2/lib/active_support/dependencies.rb:256:in `require_or_load'
/usr/lib/ruby/gems/1.8/gems/activesupport-2.2.2/lib/active_support/dependencies.rb:221:in `depend_on'
/usr/lib/ruby/gems/1.8/gems/activesupport-2.2.2/lib/active_support/dependencies.rb:133:in `require_dependency'
/usr/lib/ruby/gems/1.8/gems/activerecord-2.2.2/lib/active_record/fixtures.rb:856:in `try_to_load_dependency'
/usr/lib/ruby/gems/1.8/gems/activerecord-2.2.2/lib/active_record/fixtures.rb:871:in `require_fixture_classes'
/usr/lib/ruby/gems/1.8/gems/activerecord-2.2.2/lib/active_record/fixtures.rb:868:in `each'
/usr/lib/ruby/gems/1.8/gems/activerecord-2.2.2/lib/active_record/fixtures.rb:868:in `require_fixture_classes'
/usr/lib/ruby/gems/1.8/gems/activerecord-2.2.2/lib/active_record/fixtures.rb:851:in `fixtures'
./test/unit/../test_helper.rb:35
test/unit/nested_assignment_test.rb:1:in `require'
test/unit/nested_assignment_test.rb:1
Unable to load subscription, underlying cause no such file to load -- subscription.rb 

 /usr/lib/ruby/gems/1.8/gems/activesupport-2.2.2/lib/active_support/dependencies.rb:382:in `load_without_new_constant_marking'
/usr/lib/ruby/gems/1.8/gems/activesupport-2.2.2/lib/active_support/dependencies.rb:382:in `load_file'
/usr/lib/ruby/gems/1.8/gems/activesupport-2.2.2/lib/active_support/dependencies.rb:521:in `new_constants_in'
/usr/lib/ruby/gems/1.8/gems/activesupport-2.2.2/lib/active_support/dependencies.rb:381:in `load_file'
/usr/lib/ruby/gems/1.8/gems/activesupport-2.2.2/lib/active_support/dependencies.rb:256:in `require_or_load'
/usr/lib/ruby/gems/1.8/gems/activesupport-2.2.2/lib/active_support/dependencies.rb:221:in `depend_on'
/usr/lib/ruby/gems/1.8/gems/activesupport-2.2.2/lib/active_support/dependencies.rb:133:in `require_dependency'
/usr/lib/ruby/gems/1.8/gems/activerecord-2.2.2/lib/active_record/fixtures.rb:856:in `try_to_load_dependency'
/usr/lib/ruby/gems/1.8/gems/activerecord-2.2.2/lib/active_record/fixtures.rb:871:in `require_fixture_classes'
/usr/lib/ruby/gems/1.8/gems/activerecord-2.2.2/lib/active_record/fixtures.rb:868:in `each'
/usr/lib/ruby/gems/1.8/gems/activerecord-2.2.2/lib/active_record/fixtures.rb:868:in `require_fixture_classes'
/usr/lib/ruby/gems/1.8/gems/activerecord-2.2.2/lib/active_record/fixtures.rb:851:in `fixtures'
./test/unit/../test_helper.rb:35
test/unit/nested_assignment_test.rb:1:in `require'
test/unit/nested_assignment_test.rb:1
Unable to load address, underlying cause no such file to load -- address.rb 

 /usr/lib/ruby/gems/1.8/gems/activesupport-2.2.2/lib/active_support/dependencies.rb:382:in `load_without_new_constant_marking'
/usr/lib/ruby/gems/1.8/gems/activesupport-2.2.2/lib/active_support/dependencies.rb:382:in `load_file'
/usr/lib/ruby/gems/1.8/gems/activesupport-2.2.2/lib/active_support/dependencies.rb:521:in `new_constants_in'
/usr/lib/ruby/gems/1.8/gems/activesupport-2.2.2/lib/active_support/dependencies.rb:381:in `load_file'
/usr/lib/ruby/gems/1.8/gems/activesupport-2.2.2/lib/active_support/dependencies.rb:256:in `require_or_load'
/usr/lib/ruby/gems/1.8/gems/activesupport-2.2.2/lib/active_support/dependencies.rb:221:in `depend_on'
/usr/lib/ruby/gems/1.8/gems/activesupport-2.2.2/lib/active_support/dependencies.rb:133:in `require_dependency'
/usr/lib/ruby/gems/1.8/gems/activerecord-2.2.2/lib/active_record/fixtures.rb:856:in `try_to_load_dependency'
/usr/lib/ruby/gems/1.8/gems/activerecord-2.2.2/lib/active_record/fixtures.rb:871:in `require_fixture_classes'
/usr/lib/ruby/gems/1.8/gems/activerecord-2.2.2/lib/active_record/fixtures.rb:868:in `each'
/usr/lib/ruby/gems/1.8/gems/activerecord-2.2.2/lib/active_record/fixtures.rb:868:in `require_fixture_classes'
/usr/lib/ruby/gems/1.8/gems/activerecord-2.2.2/lib/active_record/fixtures.rb:851:in `fixtures'
./test/unit/../test_helper.rb:35
test/unit/nested_assignment_test.rb:1:in `require'
test/unit/nested_assignment_test.rb:1
Unable to load user, underlying cause no such file to load -- user.rb 

 /usr/lib/ruby/gems/1.8/gems/activesupport-2.2.2/lib/active_support/dependencies.rb:382:in `load_without_new_constant_marking'
/usr/lib/ruby/gems/1.8/gems/activesupport-2.2.2/lib/active_support/dependencies.rb:382:in `load_file'
/usr/lib/ruby/gems/1.8/gems/activesupport-2.2.2/lib/active_support/dependencies.rb:521:in `new_constants_in'
/usr/lib/ruby/gems/1.8/gems/activesupport-2.2.2/lib/active_support/dependencies.rb:381:in `load_file'
/usr/lib/ruby/gems/1.8/gems/activesupport-2.2.2/lib/active_support/dependencies.rb:256:in `require_or_load'
/usr/lib/ruby/gems/1.8/gems/activesupport-2.2.2/lib/active_support/dependencies.rb:221:in `depend_on'
/usr/lib/ruby/gems/1.8/gems/activesupport-2.2.2/lib/active_support/dependencies.rb:133:in `require_dependency'
/usr/lib/ruby/gems/1.8/gems/activerecord-2.2.2/lib/active_record/fixtures.rb:856:in `try_to_load_dependency'
/usr/lib/ruby/gems/1.8/gems/activerecord-2.2.2/lib/active_record/fixtures.rb:871:in `require_fixture_classes'
/usr/lib/ruby/gems/1.8/gems/activerecord-2.2.2/lib/active_record/fixtures.rb:868:in `each'
/usr/lib/ruby/gems/1.8/gems/activerecord-2.2.2/lib/active_record/fixtures.rb:868:in `require_fixture_classes'
/usr/lib/ruby/gems/1.8/gems/activerecord-2.2.2/lib/active_record/fixtures.rb:851:in `fixtures'
./test/unit/../test_helper.rb:35
test/unit/nested_assignment_test.rb:1:in `require'
test/unit/nested_assignment_test.rb:1
Unable to load role, underlying cause no such file to load -- role.rb 

 /usr/lib/ruby/gems/1.8/gems/activesupport-2.2.2/lib/active_support/dependencies.rb:382:in `load_without_new_constant_marking'
/usr/lib/ruby/gems/1.8/gems/activesupport-2.2.2/lib/active_support/dependencies.rb:382:in `load_file'
/usr/lib/ruby/gems/1.8/gems/activesupport-2.2.2/lib/active_support/dependencies.rb:521:in `new_constants_in'
/usr/lib/ruby/gems/1.8/gems/activesupport-2.2.2/lib/active_support/dependencies.rb:381:in `load_file'
/usr/lib/ruby/gems/1.8/gems/activesupport-2.2.2/lib/active_support/dependencies.rb:256:in `require_or_load'
/usr/lib/ruby/gems/1.8/gems/activesupport-2.2.2/lib/active_support/dependencies.rb:221:in `depend_on'
/usr/lib/ruby/gems/1.8/gems/activesupport-2.2.2/lib/active_support/dependencies.rb:133:in `require_dependency'
/usr/lib/ruby/gems/1.8/gems/activerecord-2.2.2/lib/active_record/fixtures.rb:856:in `try_to_load_dependency'
/usr/lib/ruby/gems/1.8/gems/activerecord-2.2.2/lib/active_record/fixtures.rb:871:in `require_fixture_classes'
/usr/lib/ruby/gems/1.8/gems/activerecord-2.2.2/lib/active_record/fixtures.rb:868:in `each'
/usr/lib/ruby/gems/1.8/gems/activerecord-2.2.2/lib/active_record/fixtures.rb:868:in `require_fixture_classes'
/usr/lib/ruby/gems/1.8/gems/activerecord-2.2.2/lib/active_record/fixtures.rb:851:in `fixtures'
./test/unit/../test_helper.rb:35
test/unit/nested_assignment_test.rb:1:in `require'
test/unit/nested_assignment_test.rb:1
  [4;35;1mPluginTestModels::User Load (18.1ms)[0m   [0mSELECT * FROM "users" WHERE ("users"."id" = 1) [0m
  [4;36;1mPluginTestModels::Subscription Load (0.2ms)[0m   [0;1mSELECT * FROM "subscriptions" WHERE ("subscriptions"."id" = 1) [0m
  [4;35;1mPluginTestModels::Subscription Load (0.2ms)[0m   [0mSELECT * FROM "subscriptions" WHERE ("subscriptions".user_id = 1) LIMIT 1[0m
WARNING: Can't mass-assign these protected attributes: id
  [4;36;1mPluginTestModels::Subscription Load (0.2ms)[0m   [0;1mSELECT * FROM "subscriptions" WHERE ("subscriptions"."id" = 1) [0m
  [4;35;1mPluginTestModels::User Update (0.1ms)[0m   [0mUPDATE "users" SET "name" = 'ooo' WHERE "id" = 1[0m
  [4;36;1mPluginTestModels::Subscription Load (0.2ms)[0m   [0;1mSELECT * FROM "subscriptions" WHERE ("subscriptions"."id" = 1) [0m
  [4;36;1mSQL (0.2ms)[0m   [0;1mselect sqlite_version(*)[0m
  [4;35;1mSQL (0.1ms)[0m   [0m SELECT name
 FROM sqlite_master
 WHERE type = 'table' AND NOT name = 'sqlite_sequence'
[0m
  [4;36;1mSQL (0.3ms)[0m   [0;1mCREATE TABLE "addresses" ("id" INTEGER PRIMARY KEY AUTOINCREMENT NOT NULL, "name" varchar(255), "addressable_id" integer, "addressable_type" varchar(255)) [0m
  [4;35;1mSQL (0.1ms)[0m   [0m SELECT name
 FROM sqlite_master
 WHERE type = 'table' AND NOT name = 'sqlite_sequence'
[0m
  [4;36;1mSQL (0.1ms)[0m   [0;1mCREATE TABLE "users" ("id" INTEGER PRIMARY KEY AUTOINCREMENT NOT NULL, "name" varchar(255)) [0m
  [4;35;1mSQL (0.2ms)[0m   [0m SELECT name
 FROM sqlite_master
 WHERE type = 'table' AND NOT name = 'sqlite_sequence'
[0m
  [4;36;1mSQL (0.1ms)[0m   [0;1mCREATE TABLE "roles_users" ("user_id" integer, "role_id" integer) [0m
  [4;35;1mSQL (0.2ms)[0m   [0m SELECT name
 FROM sqlite_master
 WHERE type = 'table' AND NOT name = 'sqlite_sequence'
[0m
  [4;36;1mSQL (0.1ms)[0m   [0;1mCREATE TABLE "services" ("id" INTEGER PRIMARY KEY AUTOINCREMENT NOT NULL, "name" varchar(255)) [0m
  [4;35;1mSQL (0.2ms)[0m   [0m SELECT name
 FROM sqlite_master
 WHERE type = 'table' AND NOT name = 'sqlite_sequence'
[0m
  [4;36;1mSQL (0.1ms)[0m   [0;1mCREATE TABLE "subscriptions" ("id" INTEGER PRIMARY KEY AUTOINCREMENT NOT NULL, "name" varchar(255), "service_id" integer, "user_id" integer) [0m
  [4;35;1mSQL (0.3ms)[0m   [0m SELECT name
 FROM sqlite_master
 WHERE type = 'table' AND NOT name = 'sqlite_sequence'
[0m
  [4;36;1mSQL (0.1ms)[0m   [0;1mCREATE TABLE "roles" ("id" INTEGER PRIMARY KEY AUTOINCREMENT NOT NULL, "name" varchar(255)) [0m
  [4;35;1mSQL (0.3ms)[0m   [0m SELECT name
 FROM sqlite_master
 WHERE type = 'table' AND NOT name = 'sqlite_sequence'
[0m
  [4;36;1mSQL (0.1ms)[0m   [0;1mCREATE TABLE "schema_migrations" ("version" varchar(255) NOT NULL) [0m
  [4;35;1mSQL (0.1ms)[0m   [0mCREATE UNIQUE INDEX "unique_schema_migrations" ON "schema_migrations" ("version")[0m
  [4;36;1mSQL (0.4ms)[0m   [0;1m SELECT name
 FROM sqlite_master
 WHERE type = 'table' AND NOT name = 'sqlite_sequence'
[0m
  [4;35;1mSQL (0.1ms)[0m   [0mSELECT version FROM "schema_migrations"[0m
  [4;36;1mSQL (0.1ms)[0m   [0;1mINSERT INTO "schema_migrations" (version) VALUES ('1')[0m
Unable to load roles_user, underlying cause no such file to load -- roles_user.rb 

 /usr/lib/ruby/gems/1.8/gems/activesupport-2.2.2/lib/active_support/dependencies.rb:382:in `load_without_new_constant_marking'
/usr/lib/ruby/gems/1.8/gems/activesupport-2.2.2/lib/active_support/dependencies.rb:382:in `load_file'
/usr/lib/ruby/gems/1.8/gems/activesupport-2.2.2/lib/active_support/dependencies.rb:521:in `new_constants_in'
/usr/lib/ruby/gems/1.8/gems/activesupport-2.2.2/lib/active_support/dependencies.rb:381:in `load_file'
/usr/lib/ruby/gems/1.8/gems/activesupport-2.2.2/lib/active_support/dependencies.rb:256:in `require_or_load'
/usr/lib/ruby/gems/1.8/gems/activesupport-2.2.2/lib/active_support/dependencies.rb:221:in `depend_on'
/usr/lib/ruby/gems/1.8/gems/activesupport-2.2.2/lib/active_support/dependencies.rb:133:in `require_dependency'
/usr/lib/ruby/gems/1.8/gems/activerecord-2.2.2/lib/active_record/fixtures.rb:856:in `try_to_load_dependency'
/usr/lib/ruby/gems/1.8/gems/activerecord-2.2.2/lib/active_record/fixtures.rb:871:in `require_fixture_classes'
/usr/lib/ruby/gems/1.8/gems/activerecord-2.2.2/lib/active_record/fixtures.rb:868:in `each'
/usr/lib/ruby/gems/1.8/gems/activerecord-2.2.2/lib/active_record/fixtures.rb:868:in `require_fixture_classes'
/usr/lib/ruby/gems/1.8/gems/activerecord-2.2.2/lib/active_record/fixtures.rb:851:in `fixtures'
./test/unit/../test_helper.rb:35
test/unit/nested_assignment_test.rb:1:in `require'
test/unit/nested_assignment_test.rb:1
Unable to load service, underlying cause no such file to load -- service.rb 

 /usr/lib/ruby/gems/1.8/gems/activesupport-2.2.2/lib/active_support/dependencies.rb:382:in `load_without_new_constant_marking'
/usr/lib/ruby/gems/1.8/gems/activesupport-2.2.2/lib/active_support/dependencies.rb:382:in `load_file'
/usr/lib/ruby/gems/1.8/gems/activesupport-2.2.2/lib/active_support/dependencies.rb:521:in `new_constants_in'
/usr/lib/ruby/gems/1.8/gems/activesupport-2.2.2/lib/active_support/dependencies.rb:381:in `load_file'
/usr/lib/ruby/gems/1.8/gems/activesupport-2.2.2/lib/active_support/dependencies.rb:256:in `require_or_load'
/usr/lib/ruby/gems/1.8/gems/activesupport-2.2.2/lib/active_support/dependencies.rb:221:in `depend_on'
/usr/lib/ruby/gems/1.8/gems/activesupport-2.2.2/lib/active_support/dependencies.rb:133:in `require_dependency'
/usr/lib/ruby/gems/1.8/gems/activerecord-2.2.2/lib/active_record/fixtures.rb:856:in `try_to_load_dependency'
/usr/lib/ruby/gems/1.8/gems/activerecord-2.2.2/lib/active_record/fixtures.rb:871:in `require_fixture_classes'
/usr/lib/ruby/gems/1.8/gems/activerecord-2.2.2/lib/active_record/fixtures.rb:868:in `each'
/usr/lib/ruby/gems/1.8/gems/activerecord-2.2.2/lib/active_record/fixtures.rb:868:in `require_fixture_classes'
/usr/lib/ruby/gems/1.8/gems/activerecord-2.2.2/lib/active_record/fixtures.rb:851:in `fixtures'
./test/unit/../test_helper.rb:35
test/unit/nested_assignment_test.rb:1:in `require'
test/unit/nested_assignment_test.rb:1
Unable to load subscription, underlying cause no such file to load -- subscription.rb 

 /usr/lib/ruby/gems/1.8/gems/activesupport-2.2.2/lib/active_support/dependencies.rb:382:in `load_without_new_constant_marking'
/usr/lib/ruby/gems/1.8/gems/activesupport-2.2.2/lib/active_support/dependencies.rb:382:in `load_file'
/usr/lib/ruby/gems/1.8/gems/activesupport-2.2.2/lib/active_support/dependencies.rb:521:in `new_constants_in'
/usr/lib/ruby/gems/1.8/gems/activesupport-2.2.2/lib/active_support/dependencies.rb:381:in `load_file'
/usr/lib/ruby/gems/1.8/gems/activesupport-2.2.2/lib/active_support/dependencies.rb:256:in `require_or_load'
/usr/lib/ruby/gems/1.8/gems/activesupport-2.2.2/lib/active_support/dependencies.rb:221:in `depend_on'
/usr/lib/ruby/gems/1.8/gems/activesupport-2.2.2/lib/active_support/dependencies.rb:133:in `require_dependency'
/usr/lib/ruby/gems/1.8/gems/activerecord-2.2.2/lib/active_record/fixtures.rb:856:in `try_to_load_dependency'
/usr/lib/ruby/gems/1.8/gems/activerecord-2.2.2/lib/active_record/fixtures.rb:871:in `require_fixture_classes'
/usr/lib/ruby/gems/1.8/gems/activerecord-2.2.2/lib/active_record/fixtures.rb:868:in `each'
/usr/lib/ruby/gems/1.8/gems/activerecord-2.2.2/lib/active_record/fixtures.rb:868:in `require_fixture_classes'
/usr/lib/ruby/gems/1.8/gems/activerecord-2.2.2/lib/active_record/fixtures.rb:851:in `fixtures'
./test/unit/../test_helper.rb:35
test/unit/nested_assignment_test.rb:1:in `require'
test/unit/nested_assignment_test.rb:1
Unable to load address, underlying cause no such file to load -- address.rb 

 /usr/lib/ruby/gems/1.8/gems/activesupport-2.2.2/lib/active_support/dependencies.rb:382:in `load_without_new_constant_marking'
/usr/lib/ruby/gems/1.8/gems/activesupport-2.2.2/lib/active_support/dependencies.rb:382:in `load_file'
/usr/lib/ruby/gems/1.8/gems/activesupport-2.2.2/lib/active_support/dependencies.rb:521:in `new_constants_in'
/usr/lib/ruby/gems/1.8/gems/activesupport-2.2.2/lib/active_support/dependencies.rb:381:in `load_file'
/usr/lib/ruby/gems/1.8/gems/activesupport-2.2.2/lib/active_support/dependencies.rb:256:in `require_or_load'
/usr/lib/ruby/gems/1.8/gems/activesupport-2.2.2/lib/active_support/dependencies.rb:221:in `depend_on'
/usr/lib/ruby/gems/1.8/gems/activesupport-2.2.2/lib/active_support/dependencies.rb:133:in `require_dependency'
/usr/lib/ruby/gems/1.8/gems/activerecord-2.2.2/lib/active_record/fixtures.rb:856:in `try_to_load_dependency'
/usr/lib/ruby/gems/1.8/gems/activerecord-2.2.2/lib/active_record/fixtures.rb:871:in `require_fixture_classes'
/usr/lib/ruby/gems/1.8/gems/activerecord-2.2.2/lib/active_record/fixtures.rb:868:in `each'
/usr/lib/ruby/gems/1.8/gems/activerecord-2.2.2/lib/active_record/fixtures.rb:868:in `require_fixture_classes'
/usr/lib/ruby/gems/1.8/gems/activerecord-2.2.2/lib/active_record/fixtures.rb:851:in `fixtures'
./test/unit/../test_helper.rb:35
test/unit/nested_assignment_test.rb:1:in `require'
test/unit/nested_assignment_test.rb:1
Unable to load user, underlying cause no such file to load -- user.rb 

 /usr/lib/ruby/gems/1.8/gems/activesupport-2.2.2/lib/active_support/dependencies.rb:382:in `load_without_new_constant_marking'
/usr/lib/ruby/gems/1.8/gems/activesupport-2.2.2/lib/active_support/dependencies.rb:382:in `load_file'
/usr/lib/ruby/gems/1.8/gems/activesupport-2.2.2/lib/active_support/dependencies.rb:521:in `new_constants_in'
/usr/lib/ruby/gems/1.8/gems/activesupport-2.2.2/lib/active_support/dependencies.rb:381:in `load_file'
/usr/lib/ruby/gems/1.8/gems/activesupport-2.2.2/lib/active_support/dependencies.rb:256:in `require_or_load'
/usr/lib/ruby/gems/1.8/gems/activesupport-2.2.2/lib/active_support/dependencies.rb:221:in `depend_on'
/usr/lib/ruby/gems/1.8/gems/activesupport-2.2.2/lib/active_support/dependencies.rb:133:in `require_dependency'
/usr/lib/ruby/gems/1.8/gems/activerecord-2.2.2/lib/active_record/fixtures.rb:856:in `try_to_load_dependency'
/usr/lib/ruby/gems/1.8/gems/activerecord-2.2.2/lib/active_record/fixtures.rb:871:in `require_fixture_classes'
/usr/lib/ruby/gems/1.8/gems/activerecord-2.2.2/lib/active_record/fixtures.rb:868:in `each'
/usr/lib/ruby/gems/1.8/gems/activerecord-2.2.2/lib/active_record/fixtures.rb:868:in `require_fixture_classes'
/usr/lib/ruby/gems/1.8/gems/activerecord-2.2.2/lib/active_record/fixtures.rb:851:in `fixtures'
./test/unit/../test_helper.rb:35
test/unit/nested_assignment_test.rb:1:in `require'
test/unit/nested_assignment_test.rb:1
Unable to load role, underlying cause no such file to load -- role.rb 

 /usr/lib/ruby/gems/1.8/gems/activesupport-2.2.2/lib/active_support/dependencies.rb:382:in `load_without_new_constant_marking'
/usr/lib/ruby/gems/1.8/gems/activesupport-2.2.2/lib/active_support/dependencies.rb:382:in `load_file'
/usr/lib/ruby/gems/1.8/gems/activesupport-2.2.2/lib/active_support/dependencies.rb:521:in `new_constants_in'
/usr/lib/ruby/gems/1.8/gems/activesupport-2.2.2/lib/active_support/dependencies.rb:381:in `load_file'
/usr/lib/ruby/gems/1.8/gems/activesupport-2.2.2/lib/active_support/dependencies.rb:256:in `require_or_load'
/usr/lib/ruby/gems/1.8/gems/activesupport-2.2.2/lib/active_support/dependencies.rb:221:in `depend_on'
/usr/lib/ruby/gems/1.8/gems/activesupport-2.2.2/lib/active_support/dependencies.rb:133:in `require_dependency'
/usr/lib/ruby/gems/1.8/gems/activerecord-2.2.2/lib/active_record/fixtures.rb:856:in `try_to_load_dependency'
/usr/lib/ruby/gems/1.8/gems/activerecord-2.2.2/lib/active_record/fixtures.rb:871:in `require_fixture_classes'
/usr/lib/ruby/gems/1.8/gems/activerecord-2.2.2/lib/active_record/fixtures.rb:868:in `each'
/usr/lib/ruby/gems/1.8/gems/activerecord-2.2.2/lib/active_record/fixtures.rb:868:in `require_fixture_classes'
/usr/lib/ruby/gems/1.8/gems/activerecord-2.2.2/lib/active_record/fixtures.rb:851:in `fixtures'
./test/unit/../test_helper.rb:35
test/unit/nested_assignment_test.rb:1:in `require'
test/unit/nested_assignment_test.rb:1
  [4;35;1mPluginTestModels::User Load (18.1ms)[0m   [0mSELECT * FROM "users" WHERE ("users"."id" = 1) [0m
  [4;36;1mPluginTestModels::Subscription Load (0.2ms)[0m   [0;1mSELECT * FROM "subscriptions" WHERE ("subscriptions"."id" = 1) [0m
  [4;35;1mPluginTestModels::Subscription Load (0.2ms)[0m   [0mSELECT * FROM "subscriptions" WHERE ("subscriptions".user_id = 1) LIMIT 1[0m
WARNING: Can't mass-assign these protected attributes: id
  [4;36;1mPluginTestModels::Subscription Load (0.2ms)[0m   [0;1mSELECT * FROM "subscriptions" WHERE ("subscriptions"."id" = 1) [0m
  [4;35;1mPluginTestModels::User Update (0.1ms)[0m   [0mUPDATE "users" SET "name" = 'ooo' WHERE "id" = 1[0m
  [4;36;1mPluginTestModels::Subscription Load (0.2ms)[0m   [0;1mSELECT * FROM "subscriptions" WHERE ("subscriptions"."id" = 1) [0m
  [4;36;1mSQL (0.2ms)[0m   [0;1mselect sqlite_version(*)[0m
  [4;35;1mSQL (0.1ms)[0m   [0m SELECT name
 FROM sqlite_master
 WHERE type = 'table' AND NOT name = 'sqlite_sequence'
[0m
  [4;36;1mSQL (0.3ms)[0m   [0;1mCREATE TABLE "addresses" ("id" INTEGER PRIMARY KEY AUTOINCREMENT NOT NULL, "name" varchar(255), "addressable_id" integer, "addressable_type" varchar(255)) [0m
  [4;35;1mSQL (0.1ms)[0m   [0m SELECT name
 FROM sqlite_master
 WHERE type = 'table' AND NOT name = 'sqlite_sequence'
[0m
  [4;36;1mSQL (0.1ms)[0m   [0;1mCREATE TABLE "users" ("id" INTEGER PRIMARY KEY AUTOINCREMENT NOT NULL, "name" varchar(255)) [0m
  [4;35;1mSQL (0.2ms)[0m   [0m SELECT name
 FROM sqlite_master
 WHERE type = 'table' AND NOT name = 'sqlite_sequence'
[0m
  [4;36;1mSQL (0.1ms)[0m   [0;1mCREATE TABLE "roles_users" ("user_id" integer, "role_id" integer) [0m
  [4;35;1mSQL (0.2ms)[0m   [0m SELECT name
 FROM sqlite_master
 WHERE type = 'table' AND NOT name = 'sqlite_sequence'
[0m
  [4;36;1mSQL (0.1ms)[0m   [0;1mCREATE TABLE "services" ("id" INTEGER PRIMARY KEY AUTOINCREMENT NOT NULL, "name" varchar(255)) [0m
  [4;35;1mSQL (0.2ms)[0m   [0m SELECT name
 FROM sqlite_master
 WHERE type = 'table' AND NOT name = 'sqlite_sequence'
[0m
  [4;36;1mSQL (0.1ms)[0m   [0;1mCREATE TABLE "subscriptions" ("id" INTEGER PRIMARY KEY AUTOINCREMENT NOT NULL, "name" varchar(255), "service_id" integer, "user_id" integer) [0m
  [4;35;1mSQL (0.3ms)[0m   [0m SELECT name
 FROM sqlite_master
 WHERE type = 'table' AND NOT name = 'sqlite_sequence'
[0m
  [4;36;1mSQL (0.1ms)[0m   [0;1mCREATE TABLE "roles" ("id" INTEGER PRIMARY KEY AUTOINCREMENT NOT NULL, "name" varchar(255)) [0m
  [4;35;1mSQL (0.3ms)[0m   [0m SELECT name
 FROM sqlite_master
 WHERE type = 'table' AND NOT name = 'sqlite_sequence'
[0m
  [4;36;1mSQL (0.1ms)[0m   [0;1mCREATE TABLE "schema_migrations" ("version" varchar(255) NOT NULL) [0m
  [4;35;1mSQL (0.1ms)[0m   [0mCREATE UNIQUE INDEX "unique_schema_migrations" ON "schema_migrations" ("version")[0m
  [4;36;1mSQL (0.4ms)[0m   [0;1m SELECT name
 FROM sqlite_master
 WHERE type = 'table' AND NOT name = 'sqlite_sequence'
[0m
  [4;35;1mSQL (0.1ms)[0m   [0mSELECT version FROM "schema_migrations"[0m
  [4;36;1mSQL (0.1ms)[0m   [0;1mINSERT INTO "schema_migrations" (version) VALUES ('1')[0m
Unable to load roles_user, underlying cause no such file to load -- roles_user.rb 

 /usr/lib/ruby/gems/1.8/gems/activesupport-2.2.2/lib/active_support/dependencies.rb:382:in `load_without_new_constant_marking'
/usr/lib/ruby/gems/1.8/gems/activesupport-2.2.2/lib/active_support/dependencies.rb:382:in `load_file'
/usr/lib/ruby/gems/1.8/gems/activesupport-2.2.2/lib/active_support/dependencies.rb:521:in `new_constants_in'
/usr/lib/ruby/gems/1.8/gems/activesupport-2.2.2/lib/active_support/dependencies.rb:381:in `load_file'
/usr/lib/ruby/gems/1.8/gems/activesupport-2.2.2/lib/active_support/dependencies.rb:256:in `require_or_load'
/usr/lib/ruby/gems/1.8/gems/activesupport-2.2.2/lib/active_support/dependencies.rb:221:in `depend_on'
/usr/lib/ruby/gems/1.8/gems/activesupport-2.2.2/lib/active_support/dependencies.rb:133:in `require_dependency'
/usr/lib/ruby/gems/1.8/gems/activerecord-2.2.2/lib/active_record/fixtures.rb:856:in `try_to_load_dependency'
/usr/lib/ruby/gems/1.8/gems/activerecord-2.2.2/lib/active_record/fixtures.rb:871:in `require_fixture_classes'
/usr/lib/ruby/gems/1.8/gems/activerecord-2.2.2/lib/active_record/fixtures.rb:868:in `each'
/usr/lib/ruby/gems/1.8/gems/activerecord-2.2.2/lib/active_record/fixtures.rb:868:in `require_fixture_classes'
/usr/lib/ruby/gems/1.8/gems/activerecord-2.2.2/lib/active_record/fixtures.rb:851:in `fixtures'
./test/unit/../test_helper.rb:35
test/unit/nested_assignment_test.rb:1:in `require'
test/unit/nested_assignment_test.rb:1
Unable to load service, underlying cause no such file to load -- service.rb 

 /usr/lib/ruby/gems/1.8/gems/activesupport-2.2.2/lib/active_support/dependencies.rb:382:in `load_without_new_constant_marking'
/usr/lib/ruby/gems/1.8/gems/activesupport-2.2.2/lib/active_support/dependencies.rb:382:in `load_file'
/usr/lib/ruby/gems/1.8/gems/activesupport-2.2.2/lib/active_support/dependencies.rb:521:in `new_constants_in'
/usr/lib/ruby/gems/1.8/gems/activesupport-2.2.2/lib/active_support/dependencies.rb:381:in `load_file'
/usr/lib/ruby/gems/1.8/gems/activesupport-2.2.2/lib/active_support/dependencies.rb:256:in `require_or_load'
/usr/lib/ruby/gems/1.8/gems/activesupport-2.2.2/lib/active_support/dependencies.rb:221:in `depend_on'
/usr/lib/ruby/gems/1.8/gems/activesupport-2.2.2/lib/active_support/dependencies.rb:133:in `require_dependency'
/usr/lib/ruby/gems/1.8/gems/activerecord-2.2.2/lib/active_record/fixtures.rb:856:in `try_to_load_dependency'
/usr/lib/ruby/gems/1.8/gems/activerecord-2.2.2/lib/active_record/fixtures.rb:871:in `require_fixture_classes'
/usr/lib/ruby/gems/1.8/gems/activerecord-2.2.2/lib/active_record/fixtures.rb:868:in `each'
/usr/lib/ruby/gems/1.8/gems/activerecord-2.2.2/lib/active_record/fixtures.rb:868:in `require_fixture_classes'
/usr/lib/ruby/gems/1.8/gems/activerecord-2.2.2/lib/active_record/fixtures.rb:851:in `fixtures'
./test/unit/../test_helper.rb:35
test/unit/nested_assignment_test.rb:1:in `require'
test/unit/nested_assignment_test.rb:1
Unable to load subscription, underlying cause no such file to load -- subscription.rb 

 /usr/lib/ruby/gems/1.8/gems/activesupport-2.2.2/lib/active_support/dependencies.rb:382:in `load_without_new_constant_marking'
/usr/lib/ruby/gems/1.8/gems/activesupport-2.2.2/lib/active_support/dependencies.rb:382:in `load_file'
/usr/lib/ruby/gems/1.8/gems/activesupport-2.2.2/lib/active_support/dependencies.rb:521:in `new_constants_in'
/usr/lib/ruby/gems/1.8/gems/activesupport-2.2.2/lib/active_support/dependencies.rb:381:in `load_file'
/usr/lib/ruby/gems/1.8/gems/activesupport-2.2.2/lib/active_support/dependencies.rb:256:in `require_or_load'
/usr/lib/ruby/gems/1.8/gems/activesupport-2.2.2/lib/active_support/dependencies.rb:221:in `depend_on'
/usr/lib/ruby/gems/1.8/gems/activesupport-2.2.2/lib/active_support/dependencies.rb:133:in `require_dependency'
/usr/lib/ruby/gems/1.8/gems/activerecord-2.2.2/lib/active_record/fixtures.rb:856:in `try_to_load_dependency'
/usr/lib/ruby/gems/1.8/gems/activerecord-2.2.2/lib/active_record/fixtures.rb:871:in `require_fixture_classes'
/usr/lib/ruby/gems/1.8/gems/activerecord-2.2.2/lib/active_record/fixtures.rb:868:in `each'
/usr/lib/ruby/gems/1.8/gems/activerecord-2.2.2/lib/active_record/fixtures.rb:868:in `require_fixture_classes'
/usr/lib/ruby/gems/1.8/gems/activerecord-2.2.2/lib/active_record/fixtures.rb:851:in `fixtures'
./test/unit/../test_helper.rb:35
test/unit/nested_assignment_test.rb:1:in `require'
test/unit/nested_assignment_test.rb:1
Unable to load address, underlying cause no such file to load -- address.rb 

 /usr/lib/ruby/gems/1.8/gems/activesupport-2.2.2/lib/active_support/dependencies.rb:382:in `load_without_new_constant_marking'
/usr/lib/ruby/gems/1.8/gems/activesupport-2.2.2/lib/active_support/dependencies.rb:382:in `load_file'
/usr/lib/ruby/gems/1.8/gems/activesupport-2.2.2/lib/active_support/dependencies.rb:521:in `new_constants_in'
/usr/lib/ruby/gems/1.8/gems/activesupport-2.2.2/lib/active_support/dependencies.rb:381:in `load_file'
/usr/lib/ruby/gems/1.8/gems/activesupport-2.2.2/lib/active_support/dependencies.rb:256:in `require_or_load'
/usr/lib/ruby/gems/1.8/gems/activesupport-2.2.2/lib/active_support/dependencies.rb:221:in `depend_on'
/usr/lib/ruby/gems/1.8/gems/activesupport-2.2.2/lib/active_support/dependencies.rb:133:in `require_dependency'
/usr/lib/ruby/gems/1.8/gems/activerecord-2.2.2/lib/active_record/fixtures.rb:856:in `try_to_load_dependency'
/usr/lib/ruby/gems/1.8/gems/activerecord-2.2.2/lib/active_record/fixtures.rb:871:in `require_fixture_classes'
/usr/lib/ruby/gems/1.8/gems/activerecord-2.2.2/lib/active_record/fixtures.rb:868:in `each'
/usr/lib/ruby/gems/1.8/gems/activerecord-2.2.2/lib/active_record/fixtures.rb:868:in `require_fixture_classes'
/usr/lib/ruby/gems/1.8/gems/activerecord-2.2.2/lib/active_record/fixtures.rb:851:in `fixtures'
./test/unit/../test_helper.rb:35
test/unit/nested_assignment_test.rb:1:in `require'
test/unit/nested_assignment_test.rb:1
Unable to load user, underlying cause no such file to load -- user.rb 

 /usr/lib/ruby/gems/1.8/gems/activesupport-2.2.2/lib/active_support/dependencies.rb:382:in `load_without_new_constant_marking'
/usr/lib/ruby/gems/1.8/gems/activesupport-2.2.2/lib/active_support/dependencies.rb:382:in `load_file'
/usr/lib/ruby/gems/1.8/gems/activesupport-2.2.2/lib/active_support/dependencies.rb:521:in `new_constants_in'
/usr/lib/ruby/gems/1.8/gems/activesupport-2.2.2/lib/active_support/dependencies.rb:381:in `load_file'
/usr/lib/ruby/gems/1.8/gems/activesupport-2.2.2/lib/active_support/dependencies.rb:256:in `require_or_load'
/usr/lib/ruby/gems/1.8/gems/activesupport-2.2.2/lib/active_support/dependencies.rb:221:in `depend_on'
/usr/lib/ruby/gems/1.8/gems/activesupport-2.2.2/lib/active_support/dependencies.rb:133:in `require_dependency'
/usr/lib/ruby/gems/1.8/gems/activerecord-2.2.2/lib/active_record/fixtures.rb:856:in `try_to_load_dependency'
/usr/lib/ruby/gems/1.8/gems/activerecord-2.2.2/lib/active_record/fixtures.rb:871:in `require_fixture_classes'
/usr/lib/ruby/gems/1.8/gems/activerecord-2.2.2/lib/active_record/fixtures.rb:868:in `each'
/usr/lib/ruby/gems/1.8/gems/activerecord-2.2.2/lib/active_record/fixtures.rb:868:in `require_fixture_classes'
/usr/lib/ruby/gems/1.8/gems/activerecord-2.2.2/lib/active_record/fixtures.rb:851:in `fixtures'
./test/unit/../test_helper.rb:35
test/unit/nested_assignment_test.rb:1:in `require'
test/unit/nested_assignment_test.rb:1
Unable to load role, underlying cause no such file to load -- role.rb 

 /usr/lib/ruby/gems/1.8/gems/activesupport-2.2.2/lib/active_support/dependencies.rb:382:in `load_without_new_constant_marking'
/usr/lib/ruby/gems/1.8/gems/activesupport-2.2.2/lib/active_support/dependencies.rb:382:in `load_file'
/usr/lib/ruby/gems/1.8/gems/activesupport-2.2.2/lib/active_support/dependencies.rb:521:in `new_constants_in'
/usr/lib/ruby/gems/1.8/gems/activesupport-2.2.2/lib/active_support/dependencies.rb:381:in `load_file'
/usr/lib/ruby/gems/1.8/gems/activesupport-2.2.2/lib/active_support/dependencies.rb:256:in `require_or_load'
/usr/lib/ruby/gems/1.8/gems/activesupport-2.2.2/lib/active_support/dependencies.rb:221:in `depend_on'
/usr/lib/ruby/gems/1.8/gems/activesupport-2.2.2/lib/active_support/dependencies.rb:133:in `require_dependency'
/usr/lib/ruby/gems/1.8/gems/activerecord-2.2.2/lib/active_record/fixtures.rb:856:in `try_to_load_dependency'
/usr/lib/ruby/gems/1.8/gems/activerecord-2.2.2/lib/active_record/fixtures.rb:871:in `require_fixture_classes'
/usr/lib/ruby/gems/1.8/gems/activerecord-2.2.2/lib/active_record/fixtures.rb:868:in `each'
/usr/lib/ruby/gems/1.8/gems/activerecord-2.2.2/lib/active_record/fixtures.rb:868:in `require_fixture_classes'
/usr/lib/ruby/gems/1.8/gems/activerecord-2.2.2/lib/active_record/fixtures.rb:851:in `fixtures'
./test/unit/../test_helper.rb:35
test/unit/nested_assignment_test.rb:1:in `require'
test/unit/nested_assignment_test.rb:1
  [4;35;1mPluginTestModels::User Load (0.1ms)[0m   [0mSELECT * FROM "users" WHERE ("users"."id" = 1) [0m
  [4;36;1mPluginTestModels::Subscription Load (0.3ms)[0m   [0;1mSELECT * FROM "subscriptions" WHERE ("subscriptions"."id" = 1) [0m
  [4;35;1mPluginTestModels::Subscription Load (0.2ms)[0m   [0mSELECT * FROM "subscriptions" WHERE ("subscriptions".user_id = 1) LIMIT 1[0m
WARNING: Can't mass-assign these protected attributes: id
  [4;36;1mPluginTestModels::Subscription Load (0.2ms)[0m   [0;1mSELECT * FROM "subscriptions" WHERE ("subscriptions"."id" = 1) [0m
  [4;35;1mPluginTestModels::User Update (0.1ms)[0m   [0mUPDATE "users" SET "name" = 'ooo' WHERE "id" = 1[0m
  [4;36;1mPluginTestModels::Subscription Load (0.2ms)[0m   [0;1mSELECT * FROM "subscriptions" WHERE ("subscriptions"."id" = 1) [0m
  [4;36;1mSQL (0.2ms)[0m   [0;1mselect sqlite_version(*)[0m
  [4;35;1mSQL (0.1ms)[0m   [0m SELECT name
 FROM sqlite_master
 WHERE type = 'table' AND NOT name = 'sqlite_sequence'
[0m
  [4;36;1mSQL (0.2ms)[0m   [0;1mCREATE TABLE "addresses" ("id" INTEGER PRIMARY KEY AUTOINCREMENT NOT NULL, "name" varchar(255), "addressable_id" integer, "addressable_type" varchar(255)) [0m
  [4;35;1mSQL (0.1ms)[0m   [0m SELECT name
 FROM sqlite_master
 WHERE type = 'table' AND NOT name = 'sqlite_sequence'
[0m
  [4;36;1mSQL (0.1ms)[0m   [0;1mCREATE TABLE "users" ("id" INTEGER PRIMARY KEY AUTOINCREMENT NOT NULL, "name" varchar(255)) [0m
  [4;35;1mSQL (0.2ms)[0m   [0m SELECT name
 FROM sqlite_master
 WHERE type = 'table' AND NOT name = 'sqlite_sequence'
[0m
  [4;36;1mSQL (0.1ms)[0m   [0;1mCREATE TABLE "roles_users" ("user_id" integer, "role_id" integer) [0m
  [4;35;1mSQL (0.2ms)[0m   [0m SELECT name
 FROM sqlite_master
 WHERE type = 'table' AND NOT name = 'sqlite_sequence'
[0m
  [4;36;1mSQL (0.1ms)[0m   [0;1mCREATE TABLE "services" ("id" INTEGER PRIMARY KEY AUTOINCREMENT NOT NULL, "name" varchar(255)) [0m
  [4;35;1mSQL (0.2ms)[0m   [0m SELECT name
 FROM sqlite_master
 WHERE type = 'table' AND NOT name = 'sqlite_sequence'
[0m
  [4;36;1mSQL (0.1ms)[0m   [0;1mCREATE TABLE "subscriptions" ("id" INTEGER PRIMARY KEY AUTOINCREMENT NOT NULL, "name" varchar(255), "service_id" integer, "user_id" integer) [0m
  [4;35;1mSQL (0.3ms)[0m   [0m SELECT name
 FROM sqlite_master
 WHERE type = 'table' AND NOT name = 'sqlite_sequence'
[0m
  [4;36;1mSQL (0.1ms)[0m   [0;1mCREATE TABLE "roles" ("id" INTEGER PRIMARY KEY AUTOINCREMENT NOT NULL, "name" varchar(255)) [0m
  [4;35;1mSQL (0.3ms)[0m   [0m SELECT name
 FROM sqlite_master
 WHERE type = 'table' AND NOT name = 'sqlite_sequence'
[0m
  [4;36;1mSQL (0.1ms)[0m   [0;1mCREATE TABLE "schema_migrations" ("version" varchar(255) NOT NULL) [0m
  [4;35;1mSQL (0.1ms)[0m   [0mCREATE UNIQUE INDEX "unique_schema_migrations" ON "schema_migrations" ("version")[0m
  [4;36;1mSQL (0.4ms)[0m   [0;1m SELECT name
 FROM sqlite_master
 WHERE type = 'table' AND NOT name = 'sqlite_sequence'
[0m
  [4;35;1mSQL (0.1ms)[0m   [0mSELECT version FROM "schema_migrations"[0m
  [4;36;1mSQL (0.1ms)[0m   [0;1mINSERT INTO "schema_migrations" (version) VALUES ('1')[0m
Unable to load roles_user, underlying cause no such file to load -- roles_user.rb 

 /usr/lib/ruby/gems/1.8/gems/activesupport-2.2.2/lib/active_support/dependencies.rb:382:in `load_without_new_constant_marking'
/usr/lib/ruby/gems/1.8/gems/activesupport-2.2.2/lib/active_support/dependencies.rb:382:in `load_file'
/usr/lib/ruby/gems/1.8/gems/activesupport-2.2.2/lib/active_support/dependencies.rb:521:in `new_constants_in'
/usr/lib/ruby/gems/1.8/gems/activesupport-2.2.2/lib/active_support/dependencies.rb:381:in `load_file'
/usr/lib/ruby/gems/1.8/gems/activesupport-2.2.2/lib/active_support/dependencies.rb:256:in `require_or_load'
/usr/lib/ruby/gems/1.8/gems/activesupport-2.2.2/lib/active_support/dependencies.rb:221:in `depend_on'
/usr/lib/ruby/gems/1.8/gems/activesupport-2.2.2/lib/active_support/dependencies.rb:133:in `require_dependency'
/usr/lib/ruby/gems/1.8/gems/activerecord-2.2.2/lib/active_record/fixtures.rb:856:in `try_to_load_dependency'
/usr/lib/ruby/gems/1.8/gems/activerecord-2.2.2/lib/active_record/fixtures.rb:871:in `require_fixture_classes'
/usr/lib/ruby/gems/1.8/gems/activerecord-2.2.2/lib/active_record/fixtures.rb:868:in `each'
/usr/lib/ruby/gems/1.8/gems/activerecord-2.2.2/lib/active_record/fixtures.rb:868:in `require_fixture_classes'
/usr/lib/ruby/gems/1.8/gems/activerecord-2.2.2/lib/active_record/fixtures.rb:851:in `fixtures'
./test/unit/../test_helper.rb:35
test/unit/nested_assignment_test.rb:1:in `require'
test/unit/nested_assignment_test.rb:1
Unable to load service, underlying cause no such file to load -- service.rb 

 /usr/lib/ruby/gems/1.8/gems/activesupport-2.2.2/lib/active_support/dependencies.rb:382:in `load_without_new_constant_marking'
/usr/lib/ruby/gems/1.8/gems/activesupport-2.2.2/lib/active_support/dependencies.rb:382:in `load_file'
/usr/lib/ruby/gems/1.8/gems/activesupport-2.2.2/lib/active_support/dependencies.rb:521:in `new_constants_in'
/usr/lib/ruby/gems/1.8/gems/activesupport-2.2.2/lib/active_support/dependencies.rb:381:in `load_file'
/usr/lib/ruby/gems/1.8/gems/activesupport-2.2.2/lib/active_support/dependencies.rb:256:in `require_or_load'
/usr/lib/ruby/gems/1.8/gems/activesupport-2.2.2/lib/active_support/dependencies.rb:221:in `depend_on'
/usr/lib/ruby/gems/1.8/gems/activesupport-2.2.2/lib/active_support/dependencies.rb:133:in `require_dependency'
/usr/lib/ruby/gems/1.8/gems/activerecord-2.2.2/lib/active_record/fixtures.rb:856:in `try_to_load_dependency'
/usr/lib/ruby/gems/1.8/gems/activerecord-2.2.2/lib/active_record/fixtures.rb:871:in `require_fixture_classes'
/usr/lib/ruby/gems/1.8/gems/activerecord-2.2.2/lib/active_record/fixtures.rb:868:in `each'
/usr/lib/ruby/gems/1.8/gems/activerecord-2.2.2/lib/active_record/fixtures.rb:868:in `require_fixture_classes'
/usr/lib/ruby/gems/1.8/gems/activerecord-2.2.2/lib/active_record/fixtures.rb:851:in `fixtures'
./test/unit/../test_helper.rb:35
test/unit/nested_assignment_test.rb:1:in `require'
test/unit/nested_assignment_test.rb:1
Unable to load subscription, underlying cause no such file to load -- subscription.rb 

 /usr/lib/ruby/gems/1.8/gems/activesupport-2.2.2/lib/active_support/dependencies.rb:382:in `load_without_new_constant_marking'
/usr/lib/ruby/gems/1.8/gems/activesupport-2.2.2/lib/active_support/dependencies.rb:382:in `load_file'
/usr/lib/ruby/gems/1.8/gems/activesupport-2.2.2/lib/active_support/dependencies.rb:521:in `new_constants_in'
/usr/lib/ruby/gems/1.8/gems/activesupport-2.2.2/lib/active_support/dependencies.rb:381:in `load_file'
/usr/lib/ruby/gems/1.8/gems/activesupport-2.2.2/lib/active_support/dependencies.rb:256:in `require_or_load'
/usr/lib/ruby/gems/1.8/gems/activesupport-2.2.2/lib/active_support/dependencies.rb:221:in `depend_on'
/usr/lib/ruby/gems/1.8/gems/activesupport-2.2.2/lib/active_support/dependencies.rb:133:in `require_dependency'
/usr/lib/ruby/gems/1.8/gems/activerecord-2.2.2/lib/active_record/fixtures.rb:856:in `try_to_load_dependency'
/usr/lib/ruby/gems/1.8/gems/activerecord-2.2.2/lib/active_record/fixtures.rb:871:in `require_fixture_classes'
/usr/lib/ruby/gems/1.8/gems/activerecord-2.2.2/lib/active_record/fixtures.rb:868:in `each'
/usr/lib/ruby/gems/1.8/gems/activerecord-2.2.2/lib/active_record/fixtures.rb:868:in `require_fixture_classes'
/usr/lib/ruby/gems/1.8/gems/activerecord-2.2.2/lib/active_record/fixtures.rb:851:in `fixtures'
./test/unit/../test_helper.rb:35
test/unit/nested_assignment_test.rb:1:in `require'
test/unit/nested_assignment_test.rb:1
Unable to load address, underlying cause no such file to load -- address.rb 

 /usr/lib/ruby/gems/1.8/gems/activesupport-2.2.2/lib/active_support/dependencies.rb:382:in `load_without_new_constant_marking'
/usr/lib/ruby/gems/1.8/gems/activesupport-2.2.2/lib/active_support/dependencies.rb:382:in `load_file'
/usr/lib/ruby/gems/1.8/gems/activesupport-2.2.2/lib/active_support/dependencies.rb:521:in `new_constants_in'
/usr/lib/ruby/gems/1.8/gems/activesupport-2.2.2/lib/active_support/dependencies.rb:381:in `load_file'
/usr/lib/ruby/gems/1.8/gems/activesupport-2.2.2/lib/active_support/dependencies.rb:256:in `require_or_load'
/usr/lib/ruby/gems/1.8/gems/activesupport-2.2.2/lib/active_support/dependencies.rb:221:in `depend_on'
/usr/lib/ruby/gems/1.8/gems/activesupport-2.2.2/lib/active_support/dependencies.rb:133:in `require_dependency'
/usr/lib/ruby/gems/1.8/gems/activerecord-2.2.2/lib/active_record/fixtures.rb:856:in `try_to_load_dependency'
/usr/lib/ruby/gems/1.8/gems/activerecord-2.2.2/lib/active_record/fixtures.rb:871:in `require_fixture_classes'
/usr/lib/ruby/gems/1.8/gems/activerecord-2.2.2/lib/active_record/fixtures.rb:868:in `each'
/usr/lib/ruby/gems/1.8/gems/activerecord-2.2.2/lib/active_record/fixtures.rb:868:in `require_fixture_classes'
/usr/lib/ruby/gems/1.8/gems/activerecord-2.2.2/lib/active_record/fixtures.rb:851:in `fixtures'
./test/unit/../test_helper.rb:35
test/unit/nested_assignment_test.rb:1:in `require'
test/unit/nested_assignment_test.rb:1
Unable to load user, underlying cause no such file to load -- user.rb 

 /usr/lib/ruby/gems/1.8/gems/activesupport-2.2.2/lib/active_support/dependencies.rb:382:in `load_without_new_constant_marking'
/usr/lib/ruby/gems/1.8/gems/activesupport-2.2.2/lib/active_support/dependencies.rb:382:in `load_file'
/usr/lib/ruby/gems/1.8/gems/activesupport-2.2.2/lib/active_support/dependencies.rb:521:in `new_constants_in'
/usr/lib/ruby/gems/1.8/gems/activesupport-2.2.2/lib/active_support/dependencies.rb:381:in `load_file'
/usr/lib/ruby/gems/1.8/gems/activesupport-2.2.2/lib/active_support/dependencies.rb:256:in `require_or_load'
/usr/lib/ruby/gems/1.8/gems/activesupport-2.2.2/lib/active_support/dependencies.rb:221:in `depend_on'
/usr/lib/ruby/gems/1.8/gems/activesupport-2.2.2/lib/active_support/dependencies.rb:133:in `require_dependency'
/usr/lib/ruby/gems/1.8/gems/activerecord-2.2.2/lib/active_record/fixtures.rb:856:in `try_to_load_dependency'
/usr/lib/ruby/gems/1.8/gems/activerecord-2.2.2/lib/active_record/fixtures.rb:871:in `require_fixture_classes'
/usr/lib/ruby/gems/1.8/gems/activerecord-2.2.2/lib/active_record/fixtures.rb:868:in `each'
/usr/lib/ruby/gems/1.8/gems/activerecord-2.2.2/lib/active_record/fixtures.rb:868:in `require_fixture_classes'
/usr/lib/ruby/gems/1.8/gems/activerecord-2.2.2/lib/active_record/fixtures.rb:851:in `fixtures'
./test/unit/../test_helper.rb:35
test/unit/nested_assignment_test.rb:1:in `require'
test/unit/nested_assignment_test.rb:1
Unable to load role, underlying cause no such file to load -- role.rb 

 /usr/lib/ruby/gems/1.8/gems/activesupport-2.2.2/lib/active_support/dependencies.rb:382:in `load_without_new_constant_marking'
/usr/lib/ruby/gems/1.8/gems/activesupport-2.2.2/lib/active_support/dependencies.rb:382:in `load_file'
/usr/lib/ruby/gems/1.8/gems/activesupport-2.2.2/lib/active_support/dependencies.rb:521:in `new_constants_in'
/usr/lib/ruby/gems/1.8/gems/activesupport-2.2.2/lib/active_support/dependencies.rb:381:in `load_file'
/usr/lib/ruby/gems/1.8/gems/activesupport-2.2.2/lib/active_support/dependencies.rb:256:in `require_or_load'
/usr/lib/ruby/gems/1.8/gems/activesupport-2.2.2/lib/active_support/dependencies.rb:221:in `depend_on'
/usr/lib/ruby/gems/1.8/gems/activesupport-2.2.2/lib/active_support/dependencies.rb:133:in `require_dependency'
/usr/lib/ruby/gems/1.8/gems/activerecord-2.2.2/lib/active_record/fixtures.rb:856:in `try_to_load_dependency'
/usr/lib/ruby/gems/1.8/gems/activerecord-2.2.2/lib/active_record/fixtures.rb:871:in `require_fixture_classes'
/usr/lib/ruby/gems/1.8/gems/activerecord-2.2.2/lib/active_record/fixtures.rb:868:in `each'
/usr/lib/ruby/gems/1.8/gems/activerecord-2.2.2/lib/active_record/fixtures.rb:868:in `require_fixture_classes'
/usr/lib/ruby/gems/1.8/gems/activerecord-2.2.2/lib/active_record/fixtures.rb:851:in `fixtures'
./test/unit/../test_helper.rb:35
test/unit/nested_assignment_test.rb:1:in `require'
test/unit/nested_assignment_test.rb:1
  [4;35;1mPluginTestModels::User Load (16.4ms)[0m   [0mSELECT * FROM "users" WHERE ("users"."id" = 1) [0m
  [4;36;1mPluginTestModels::Subscription Load (0.2ms)[0m   [0;1mSELECT * FROM "subscriptions" WHERE ("subscriptions"."id" = 1) [0m
  [4;35;1mPluginTestModels::Subscription Load (0.2ms)[0m   [0mSELECT * FROM "subscriptions" WHERE ("subscriptions".user_id = 1) LIMIT 1[0m
WARNING: Can't mass-assign these protected attributes: id
  [4;36;1mPluginTestModels::Subscription Load (0.2ms)[0m   [0;1mSELECT * FROM "subscriptions" WHERE ("subscriptions"."id" = 1) [0m
  [4;35;1mPluginTestModels::User Update (0.1ms)[0m   [0mUPDATE "users" SET "name" = 'ooo' WHERE "id" = 1[0m
  [4;36;1mPluginTestModels::Subscription Load (0.2ms)[0m   [0;1mSELECT * FROM "subscriptions" WHERE ("subscriptions"."id" = 1) [0m
  [4;36;1mSQL (0.2ms)[0m   [0;1mselect sqlite_version(*)[0m
  [4;35;1mSQL (0.1ms)[0m   [0m SELECT name
 FROM sqlite_master
 WHERE type = 'table' AND NOT name = 'sqlite_sequence'
[0m
  [4;36;1mSQL (0.3ms)[0m   [0;1mCREATE TABLE "addresses" ("id" INTEGER PRIMARY KEY AUTOINCREMENT NOT NULL, "name" varchar(255), "addressable_id" integer, "addressable_type" varchar(255)) [0m
  [4;35;1mSQL (0.1ms)[0m   [0m SELECT name
 FROM sqlite_master
 WHERE type = 'table' AND NOT name = 'sqlite_sequence'
[0m
  [4;36;1mSQL (0.1ms)[0m   [0;1mCREATE TABLE "users" ("id" INTEGER PRIMARY KEY AUTOINCREMENT NOT NULL, "name" varchar(255)) [0m
  [4;35;1mSQL (0.2ms)[0m   [0m SELECT name
 FROM sqlite_master
 WHERE type = 'table' AND NOT name = 'sqlite_sequence'
[0m
  [4;36;1mSQL (0.1ms)[0m   [0;1mCREATE TABLE "roles_users" ("user_id" integer, "role_id" integer) [0m
  [4;35;1mSQL (0.2ms)[0m   [0m SELECT name
 FROM sqlite_master
 WHERE type = 'table' AND NOT name = 'sqlite_sequence'
[0m
  [4;36;1mSQL (0.1ms)[0m   [0;1mCREATE TABLE "services" ("id" INTEGER PRIMARY KEY AUTOINCREMENT NOT NULL, "name" varchar(255)) [0m
  [4;35;1mSQL (0.2ms)[0m   [0m SELECT name
 FROM sqlite_master
 WHERE type = 'table' AND NOT name = 'sqlite_sequence'
[0m
  [4;36;1mSQL (0.1ms)[0m   [0;1mCREATE TABLE "subscriptions" ("id" INTEGER PRIMARY KEY AUTOINCREMENT NOT NULL, "name" varchar(255), "service_id" integer, "user_id" integer) [0m
  [4;35;1mSQL (0.3ms)[0m   [0m SELECT name
 FROM sqlite_master
 WHERE type = 'table' AND NOT name = 'sqlite_sequence'
[0m
  [4;36;1mSQL (0.1ms)[0m   [0;1mCREATE TABLE "roles" ("id" INTEGER PRIMARY KEY AUTOINCREMENT NOT NULL, "name" varchar(255)) [0m
  [4;35;1mSQL (0.3ms)[0m   [0m SELECT name
 FROM sqlite_master
 WHERE type = 'table' AND NOT name = 'sqlite_sequence'
[0m
  [4;36;1mSQL (0.1ms)[0m   [0;1mCREATE TABLE "schema_migrations" ("version" varchar(255) NOT NULL) [0m
  [4;35;1mSQL (0.1ms)[0m   [0mCREATE UNIQUE INDEX "unique_schema_migrations" ON "schema_migrations" ("version")[0m
  [4;36;1mSQL (0.4ms)[0m   [0;1m SELECT name
 FROM sqlite_master
 WHERE type = 'table' AND NOT name = 'sqlite_sequence'
[0m
  [4;35;1mSQL (0.1ms)[0m   [0mSELECT version FROM "schema_migrations"[0m
  [4;36;1mSQL (0.1ms)[0m   [0;1mINSERT INTO "schema_migrations" (version) VALUES ('1')[0m
Unable to load roles_user, underlying cause no such file to load -- roles_user.rb 

 /usr/lib/ruby/gems/1.8/gems/activesupport-2.2.2/lib/active_support/dependencies.rb:382:in `load_without_new_constant_marking'
/usr/lib/ruby/gems/1.8/gems/activesupport-2.2.2/lib/active_support/dependencies.rb:382:in `load_file'
/usr/lib/ruby/gems/1.8/gems/activesupport-2.2.2/lib/active_support/dependencies.rb:521:in `new_constants_in'
/usr/lib/ruby/gems/1.8/gems/activesupport-2.2.2/lib/active_support/dependencies.rb:381:in `load_file'
/usr/lib/ruby/gems/1.8/gems/activesupport-2.2.2/lib/active_support/dependencies.rb:256:in `require_or_load'
/usr/lib/ruby/gems/1.8/gems/activesupport-2.2.2/lib/active_support/dependencies.rb:221:in `depend_on'
/usr/lib/ruby/gems/1.8/gems/activesupport-2.2.2/lib/active_support/dependencies.rb:133:in `require_dependency'
/usr/lib/ruby/gems/1.8/gems/activerecord-2.2.2/lib/active_record/fixtures.rb:856:in `try_to_load_dependency'
/usr/lib/ruby/gems/1.8/gems/activerecord-2.2.2/lib/active_record/fixtures.rb:871:in `require_fixture_classes'
/usr/lib/ruby/gems/1.8/gems/activerecord-2.2.2/lib/active_record/fixtures.rb:868:in `each'
/usr/lib/ruby/gems/1.8/gems/activerecord-2.2.2/lib/active_record/fixtures.rb:868:in `require_fixture_classes'
/usr/lib/ruby/gems/1.8/gems/activerecord-2.2.2/lib/active_record/fixtures.rb:851:in `fixtures'
./test/unit/../test_helper.rb:35
test/unit/nested_assignment_test.rb:1:in `require'
test/unit/nested_assignment_test.rb:1
Unable to load service, underlying cause no such file to load -- service.rb 

 /usr/lib/ruby/gems/1.8/gems/activesupport-2.2.2/lib/active_support/dependencies.rb:382:in `load_without_new_constant_marking'
/usr/lib/ruby/gems/1.8/gems/activesupport-2.2.2/lib/active_support/dependencies.rb:382:in `load_file'
/usr/lib/ruby/gems/1.8/gems/activesupport-2.2.2/lib/active_support/dependencies.rb:521:in `new_constants_in'
/usr/lib/ruby/gems/1.8/gems/activesupport-2.2.2/lib/active_support/dependencies.rb:381:in `load_file'
/usr/lib/ruby/gems/1.8/gems/activesupport-2.2.2/lib/active_support/dependencies.rb:256:in `require_or_load'
/usr/lib/ruby/gems/1.8/gems/activesupport-2.2.2/lib/active_support/dependencies.rb:221:in `depend_on'
/usr/lib/ruby/gems/1.8/gems/activesupport-2.2.2/lib/active_support/dependencies.rb:133:in `require_dependency'
/usr/lib/ruby/gems/1.8/gems/activerecord-2.2.2/lib/active_record/fixtures.rb:856:in `try_to_load_dependency'
/usr/lib/ruby/gems/1.8/gems/activerecord-2.2.2/lib/active_record/fixtures.rb:871:in `require_fixture_classes'
/usr/lib/ruby/gems/1.8/gems/activerecord-2.2.2/lib/active_record/fixtures.rb:868:in `each'
/usr/lib/ruby/gems/1.8/gems/activerecord-2.2.2/lib/active_record/fixtures.rb:868:in `require_fixture_classes'
/usr/lib/ruby/gems/1.8/gems/activerecord-2.2.2/lib/active_record/fixtures.rb:851:in `fixtures'
./test/unit/../test_helper.rb:35
test/unit/nested_assignment_test.rb:1:in `require'
test/unit/nested_assignment_test.rb:1
Unable to load subscription, underlying cause no such file to load -- subscription.rb 

 /usr/lib/ruby/gems/1.8/gems/activesupport-2.2.2/lib/active_support/dependencies.rb:382:in `load_without_new_constant_marking'
/usr/lib/ruby/gems/1.8/gems/activesupport-2.2.2/lib/active_support/dependencies.rb:382:in `load_file'
/usr/lib/ruby/gems/1.8/gems/activesupport-2.2.2/lib/active_support/dependencies.rb:521:in `new_constants_in'
/usr/lib/ruby/gems/1.8/gems/activesupport-2.2.2/lib/active_support/dependencies.rb:381:in `load_file'
/usr/lib/ruby/gems/1.8/gems/activesupport-2.2.2/lib/active_support/dependencies.rb:256:in `require_or_load'
/usr/lib/ruby/gems/1.8/gems/activesupport-2.2.2/lib/active_support/dependencies.rb:221:in `depend_on'
/usr/lib/ruby/gems/1.8/gems/activesupport-2.2.2/lib/active_support/dependencies.rb:133:in `require_dependency'
/usr/lib/ruby/gems/1.8/gems/activerecord-2.2.2/lib/active_record/fixtures.rb:856:in `try_to_load_dependency'
/usr/lib/ruby/gems/1.8/gems/activerecord-2.2.2/lib/active_record/fixtures.rb:871:in `require_fixture_classes'
/usr/lib/ruby/gems/1.8/gems/activerecord-2.2.2/lib/active_record/fixtures.rb:868:in `each'
/usr/lib/ruby/gems/1.8/gems/activerecord-2.2.2/lib/active_record/fixtures.rb:868:in `require_fixture_classes'
/usr/lib/ruby/gems/1.8/gems/activerecord-2.2.2/lib/active_record/fixtures.rb:851:in `fixtures'
./test/unit/../test_helper.rb:35
test/unit/nested_assignment_test.rb:1:in `require'
test/unit/nested_assignment_test.rb:1
Unable to load address, underlying cause no such file to load -- address.rb 

 /usr/lib/ruby/gems/1.8/gems/activesupport-2.2.2/lib/active_support/dependencies.rb:382:in `load_without_new_constant_marking'
/usr/lib/ruby/gems/1.8/gems/activesupport-2.2.2/lib/active_support/dependencies.rb:382:in `load_file'
/usr/lib/ruby/gems/1.8/gems/activesupport-2.2.2/lib/active_support/dependencies.rb:521:in `new_constants_in'
/usr/lib/ruby/gems/1.8/gems/activesupport-2.2.2/lib/active_support/dependencies.rb:381:in `load_file'
/usr/lib/ruby/gems/1.8/gems/activesupport-2.2.2/lib/active_support/dependencies.rb:256:in `require_or_load'
/usr/lib/ruby/gems/1.8/gems/activesupport-2.2.2/lib/active_support/dependencies.rb:221:in `depend_on'
/usr/lib/ruby/gems/1.8/gems/activesupport-2.2.2/lib/active_support/dependencies.rb:133:in `require_dependency'
/usr/lib/ruby/gems/1.8/gems/activerecord-2.2.2/lib/active_record/fixtures.rb:856:in `try_to_load_dependency'
/usr/lib/ruby/gems/1.8/gems/activerecord-2.2.2/lib/active_record/fixtures.rb:871:in `require_fixture_classes'
/usr/lib/ruby/gems/1.8/gems/activerecord-2.2.2/lib/active_record/fixtures.rb:868:in `each'
/usr/lib/ruby/gems/1.8/gems/activerecord-2.2.2/lib/active_record/fixtures.rb:868:in `require_fixture_classes'
/usr/lib/ruby/gems/1.8/gems/activerecord-2.2.2/lib/active_record/fixtures.rb:851:in `fixtures'
./test/unit/../test_helper.rb:35
test/unit/nested_assignment_test.rb:1:in `require'
test/unit/nested_assignment_test.rb:1
Unable to load user, underlying cause no such file to load -- user.rb 

 /usr/lib/ruby/gems/1.8/gems/activesupport-2.2.2/lib/active_support/dependencies.rb:382:in `load_without_new_constant_marking'
/usr/lib/ruby/gems/1.8/gems/activesupport-2.2.2/lib/active_support/dependencies.rb:382:in `load_file'
/usr/lib/ruby/gems/1.8/gems/activesupport-2.2.2/lib/active_support/dependencies.rb:521:in `new_constants_in'
/usr/lib/ruby/gems/1.8/gems/activesupport-2.2.2/lib/active_support/dependencies.rb:381:in `load_file'
/usr/lib/ruby/gems/1.8/gems/activesupport-2.2.2/lib/active_support/dependencies.rb:256:in `require_or_load'
/usr/lib/ruby/gems/1.8/gems/activesupport-2.2.2/lib/active_support/dependencies.rb:221:in `depend_on'
/usr/lib/ruby/gems/1.8/gems/activesupport-2.2.2/lib/active_support/dependencies.rb:133:in `require_dependency'
/usr/lib/ruby/gems/1.8/gems/activerecord-2.2.2/lib/active_record/fixtures.rb:856:in `try_to_load_dependency'
/usr/lib/ruby/gems/1.8/gems/activerecord-2.2.2/lib/active_record/fixtures.rb:871:in `require_fixture_classes'
/usr/lib/ruby/gems/1.8/gems/activerecord-2.2.2/lib/active_record/fixtures.rb:868:in `each'
/usr/lib/ruby/gems/1.8/gems/activerecord-2.2.2/lib/active_record/fixtures.rb:868:in `require_fixture_classes'
/usr/lib/ruby/gems/1.8/gems/activerecord-2.2.2/lib/active_record/fixtures.rb:851:in `fixtures'
./test/unit/../test_helper.rb:35
test/unit/nested_assignment_test.rb:1:in `require'
test/unit/nested_assignment_test.rb:1
Unable to load role, underlying cause no such file to load -- role.rb 

 /usr/lib/ruby/gems/1.8/gems/activesupport-2.2.2/lib/active_support/dependencies.rb:382:in `load_without_new_constant_marking'
/usr/lib/ruby/gems/1.8/gems/activesupport-2.2.2/lib/active_support/dependencies.rb:382:in `load_file'
/usr/lib/ruby/gems/1.8/gems/activesupport-2.2.2/lib/active_support/dependencies.rb:521:in `new_constants_in'
/usr/lib/ruby/gems/1.8/gems/activesupport-2.2.2/lib/active_support/dependencies.rb:381:in `load_file'
/usr/lib/ruby/gems/1.8/gems/activesupport-2.2.2/lib/active_support/dependencies.rb:256:in `require_or_load'
/usr/lib/ruby/gems/1.8/gems/activesupport-2.2.2/lib/active_support/dependencies.rb:221:in `depend_on'
/usr/lib/ruby/gems/1.8/gems/activesupport-2.2.2/lib/active_support/dependencies.rb:133:in `require_dependency'
/usr/lib/ruby/gems/1.8/gems/activerecord-2.2.2/lib/active_record/fixtures.rb:856:in `try_to_load_dependency'
/usr/lib/ruby/gems/1.8/gems/activerecord-2.2.2/lib/active_record/fixtures.rb:871:in `require_fixture_classes'
/usr/lib/ruby/gems/1.8/gems/activerecord-2.2.2/lib/active_record/fixtures.rb:868:in `each'
/usr/lib/ruby/gems/1.8/gems/activerecord-2.2.2/lib/active_record/fixtures.rb:868:in `require_fixture_classes'
/usr/lib/ruby/gems/1.8/gems/activerecord-2.2.2/lib/active_record/fixtures.rb:851:in `fixtures'
./test/unit/../test_helper.rb:35
test/unit/nested_assignment_test.rb:1:in `require'
test/unit/nested_assignment_test.rb:1
  [4;35;1mPluginTestModels::User Load (0.1ms)[0m   [0mSELECT * FROM "users" WHERE ("users"."id" = 1) [0m
  [4;36;1mPluginTestModels::Subscription Load (0.3ms)[0m   [0;1mSELECT * FROM "subscriptions" WHERE ("subscriptions"."id" = 1) [0m
  [4;35;1mPluginTestModels::Subscription Load (0.2ms)[0m   [0mSELECT * FROM "subscriptions" WHERE ("subscriptions".user_id = 1) LIMIT 1[0m
WARNING: Can't mass-assign these protected attributes: id
  [4;36;1mPluginTestModels::Subscription Load (0.2ms)[0m   [0;1mSELECT * FROM "subscriptions" WHERE ("subscriptions"."id" = 1) [0m
  [4;35;1mPluginTestModels::Subscription Update (0.1ms)[0m   [0mUPDATE "subscriptions" SET "name" = 'Bobtastic' WHERE "id" = 1[0m
  [4;36;1mPluginTestModels::Subscription Load (0.2ms)[0m   [0;1mSELECT * FROM "subscriptions" WHERE ("subscriptions"."id" = 1) [0m
  [4;36;1mSQL (0.2ms)[0m   [0;1mselect sqlite_version(*)[0m
  [4;35;1mSQL (0.1ms)[0m   [0m SELECT name
 FROM sqlite_master
 WHERE type = 'table' AND NOT name = 'sqlite_sequence'
[0m
  [4;36;1mSQL (0.2ms)[0m   [0;1mCREATE TABLE "addresses" ("id" INTEGER PRIMARY KEY AUTOINCREMENT NOT NULL, "name" varchar(255), "addressable_id" integer, "addressable_type" varchar(255)) [0m
  [4;35;1mSQL (0.1ms)[0m   [0m SELECT name
 FROM sqlite_master
 WHERE type = 'table' AND NOT name = 'sqlite_sequence'
[0m
  [4;36;1mSQL (0.1ms)[0m   [0;1mCREATE TABLE "users" ("id" INTEGER PRIMARY KEY AUTOINCREMENT NOT NULL, "name" varchar(255)) [0m
  [4;35;1mSQL (0.2ms)[0m   [0m SELECT name
 FROM sqlite_master
 WHERE type = 'table' AND NOT name = 'sqlite_sequence'
[0m
  [4;36;1mSQL (0.1ms)[0m   [0;1mCREATE TABLE "roles_users" ("user_id" integer, "role_id" integer) [0m
  [4;35;1mSQL (0.2ms)[0m   [0m SELECT name
 FROM sqlite_master
 WHERE type = 'table' AND NOT name = 'sqlite_sequence'
[0m
  [4;36;1mSQL (0.1ms)[0m   [0;1mCREATE TABLE "services" ("id" INTEGER PRIMARY KEY AUTOINCREMENT NOT NULL, "name" varchar(255)) [0m
  [4;35;1mSQL (0.2ms)[0m   [0m SELECT name
 FROM sqlite_master
 WHERE type = 'table' AND NOT name = 'sqlite_sequence'
[0m
  [4;36;1mSQL (0.1ms)[0m   [0;1mCREATE TABLE "subscriptions" ("id" INTEGER PRIMARY KEY AUTOINCREMENT NOT NULL, "name" varchar(255), "service_id" integer, "user_id" integer) [0m
  [4;35;1mSQL (0.3ms)[0m   [0m SELECT name
 FROM sqlite_master
 WHERE type = 'table' AND NOT name = 'sqlite_sequence'
[0m
  [4;36;1mSQL (0.1ms)[0m   [0;1mCREATE TABLE "roles" ("id" INTEGER PRIMARY KEY AUTOINCREMENT NOT NULL, "name" varchar(255)) [0m
  [4;35;1mSQL (0.3ms)[0m   [0m SELECT name
 FROM sqlite_master
 WHERE type = 'table' AND NOT name = 'sqlite_sequence'
[0m
  [4;36;1mSQL (0.1ms)[0m   [0;1mCREATE TABLE "schema_migrations" ("version" varchar(255) NOT NULL) [0m
  [4;35;1mSQL (0.1ms)[0m   [0mCREATE UNIQUE INDEX "unique_schema_migrations" ON "schema_migrations" ("version")[0m
  [4;36;1mSQL (0.4ms)[0m   [0;1m SELECT name
 FROM sqlite_master
 WHERE type = 'table' AND NOT name = 'sqlite_sequence'
[0m
  [4;35;1mSQL (0.1ms)[0m   [0mSELECT version FROM "schema_migrations"[0m
  [4;36;1mSQL (0.1ms)[0m   [0;1mINSERT INTO "schema_migrations" (version) VALUES ('1')[0m
Unable to load roles_user, underlying cause no such file to load -- roles_user.rb 

 /usr/lib/ruby/gems/1.8/gems/activesupport-2.2.2/lib/active_support/dependencies.rb:382:in `load_without_new_constant_marking'
/usr/lib/ruby/gems/1.8/gems/activesupport-2.2.2/lib/active_support/dependencies.rb:382:in `load_file'
/usr/lib/ruby/gems/1.8/gems/activesupport-2.2.2/lib/active_support/dependencies.rb:521:in `new_constants_in'
/usr/lib/ruby/gems/1.8/gems/activesupport-2.2.2/lib/active_support/dependencies.rb:381:in `load_file'
/usr/lib/ruby/gems/1.8/gems/activesupport-2.2.2/lib/active_support/dependencies.rb:256:in `require_or_load'
/usr/lib/ruby/gems/1.8/gems/activesupport-2.2.2/lib/active_support/dependencies.rb:221:in `depend_on'
/usr/lib/ruby/gems/1.8/gems/activesupport-2.2.2/lib/active_support/dependencies.rb:133:in `require_dependency'
/usr/lib/ruby/gems/1.8/gems/activerecord-2.2.2/lib/active_record/fixtures.rb:856:in `try_to_load_dependency'
/usr/lib/ruby/gems/1.8/gems/activerecord-2.2.2/lib/active_record/fixtures.rb:871:in `require_fixture_classes'
/usr/lib/ruby/gems/1.8/gems/activerecord-2.2.2/lib/active_record/fixtures.rb:868:in `each'
/usr/lib/ruby/gems/1.8/gems/activerecord-2.2.2/lib/active_record/fixtures.rb:868:in `require_fixture_classes'
/usr/lib/ruby/gems/1.8/gems/activerecord-2.2.2/lib/active_record/fixtures.rb:851:in `fixtures'
./test/unit/../test_helper.rb:35
test/unit/nested_assignment_test.rb:1:in `require'
test/unit/nested_assignment_test.rb:1
Unable to load service, underlying cause no such file to load -- service.rb 

 /usr/lib/ruby/gems/1.8/gems/activesupport-2.2.2/lib/active_support/dependencies.rb:382:in `load_without_new_constant_marking'
/usr/lib/ruby/gems/1.8/gems/activesupport-2.2.2/lib/active_support/dependencies.rb:382:in `load_file'
/usr/lib/ruby/gems/1.8/gems/activesupport-2.2.2/lib/active_support/dependencies.rb:521:in `new_constants_in'
/usr/lib/ruby/gems/1.8/gems/activesupport-2.2.2/lib/active_support/dependencies.rb:381:in `load_file'
/usr/lib/ruby/gems/1.8/gems/activesupport-2.2.2/lib/active_support/dependencies.rb:256:in `require_or_load'
/usr/lib/ruby/gems/1.8/gems/activesupport-2.2.2/lib/active_support/dependencies.rb:221:in `depend_on'
/usr/lib/ruby/gems/1.8/gems/activesupport-2.2.2/lib/active_support/dependencies.rb:133:in `require_dependency'
/usr/lib/ruby/gems/1.8/gems/activerecord-2.2.2/lib/active_record/fixtures.rb:856:in `try_to_load_dependency'
/usr/lib/ruby/gems/1.8/gems/activerecord-2.2.2/lib/active_record/fixtures.rb:871:in `require_fixture_classes'
/usr/lib/ruby/gems/1.8/gems/activerecord-2.2.2/lib/active_record/fixtures.rb:868:in `each'
/usr/lib/ruby/gems/1.8/gems/activerecord-2.2.2/lib/active_record/fixtures.rb:868:in `require_fixture_classes'
/usr/lib/ruby/gems/1.8/gems/activerecord-2.2.2/lib/active_record/fixtures.rb:851:in `fixtures'
./test/unit/../test_helper.rb:35
test/unit/nested_assignment_test.rb:1:in `require'
test/unit/nested_assignment_test.rb:1
Unable to load subscription, underlying cause no such file to load -- subscription.rb 

 /usr/lib/ruby/gems/1.8/gems/activesupport-2.2.2/lib/active_support/dependencies.rb:382:in `load_without_new_constant_marking'
/usr/lib/ruby/gems/1.8/gems/activesupport-2.2.2/lib/active_support/dependencies.rb:382:in `load_file'
/usr/lib/ruby/gems/1.8/gems/activesupport-2.2.2/lib/active_support/dependencies.rb:521:in `new_constants_in'
/usr/lib/ruby/gems/1.8/gems/activesupport-2.2.2/lib/active_support/dependencies.rb:381:in `load_file'
/usr/lib/ruby/gems/1.8/gems/activesupport-2.2.2/lib/active_support/dependencies.rb:256:in `require_or_load'
/usr/lib/ruby/gems/1.8/gems/activesupport-2.2.2/lib/active_support/dependencies.rb:221:in `depend_on'
/usr/lib/ruby/gems/1.8/gems/activesupport-2.2.2/lib/active_support/dependencies.rb:133:in `require_dependency'
/usr/lib/ruby/gems/1.8/gems/activerecord-2.2.2/lib/active_record/fixtures.rb:856:in `try_to_load_dependency'
/usr/lib/ruby/gems/1.8/gems/activerecord-2.2.2/lib/active_record/fixtures.rb:871:in `require_fixture_classes'
/usr/lib/ruby/gems/1.8/gems/activerecord-2.2.2/lib/active_record/fixtures.rb:868:in `each'
/usr/lib/ruby/gems/1.8/gems/activerecord-2.2.2/lib/active_record/fixtures.rb:868:in `require_fixture_classes'
/usr/lib/ruby/gems/1.8/gems/activerecord-2.2.2/lib/active_record/fixtures.rb:851:in `fixtures'
./test/unit/../test_helper.rb:35
test/unit/nested_assignment_test.rb:1:in `require'
test/unit/nested_assignment_test.rb:1
Unable to load address, underlying cause no such file to load -- address.rb 

 /usr/lib/ruby/gems/1.8/gems/activesupport-2.2.2/lib/active_support/dependencies.rb:382:in `load_without_new_constant_marking'
/usr/lib/ruby/gems/1.8/gems/activesupport-2.2.2/lib/active_support/dependencies.rb:382:in `load_file'
/usr/lib/ruby/gems/1.8/gems/activesupport-2.2.2/lib/active_support/dependencies.rb:521:in `new_constants_in'
/usr/lib/ruby/gems/1.8/gems/activesupport-2.2.2/lib/active_support/dependencies.rb:381:in `load_file'
/usr/lib/ruby/gems/1.8/gems/activesupport-2.2.2/lib/active_support/dependencies.rb:256:in `require_or_load'
/usr/lib/ruby/gems/1.8/gems/activesupport-2.2.2/lib/active_support/dependencies.rb:221:in `depend_on'
/usr/lib/ruby/gems/1.8/gems/activesupport-2.2.2/lib/active_support/dependencies.rb:133:in `require_dependency'
/usr/lib/ruby/gems/1.8/gems/activerecord-2.2.2/lib/active_record/fixtures.rb:856:in `try_to_load_dependency'
/usr/lib/ruby/gems/1.8/gems/activerecord-2.2.2/lib/active_record/fixtures.rb:871:in `require_fixture_classes'
/usr/lib/ruby/gems/1.8/gems/activerecord-2.2.2/lib/active_record/fixtures.rb:868:in `each'
/usr/lib/ruby/gems/1.8/gems/activerecord-2.2.2/lib/active_record/fixtures.rb:868:in `require_fixture_classes'
/usr/lib/ruby/gems/1.8/gems/activerecord-2.2.2/lib/active_record/fixtures.rb:851:in `fixtures'
./test/unit/../test_helper.rb:35
test/unit/nested_assignment_test.rb:1:in `require'
test/unit/nested_assignment_test.rb:1
Unable to load user, underlying cause no such file to load -- user.rb 

 /usr/lib/ruby/gems/1.8/gems/activesupport-2.2.2/lib/active_support/dependencies.rb:382:in `load_without_new_constant_marking'
/usr/lib/ruby/gems/1.8/gems/activesupport-2.2.2/lib/active_support/dependencies.rb:382:in `load_file'
/usr/lib/ruby/gems/1.8/gems/activesupport-2.2.2/lib/active_support/dependencies.rb:521:in `new_constants_in'
/usr/lib/ruby/gems/1.8/gems/activesupport-2.2.2/lib/active_support/dependencies.rb:381:in `load_file'
/usr/lib/ruby/gems/1.8/gems/activesupport-2.2.2/lib/active_support/dependencies.rb:256:in `require_or_load'
/usr/lib/ruby/gems/1.8/gems/activesupport-2.2.2/lib/active_support/dependencies.rb:221:in `depend_on'
/usr/lib/ruby/gems/1.8/gems/activesupport-2.2.2/lib/active_support/dependencies.rb:133:in `require_dependency'
/usr/lib/ruby/gems/1.8/gems/activerecord-2.2.2/lib/active_record/fixtures.rb:856:in `try_to_load_dependency'
/usr/lib/ruby/gems/1.8/gems/activerecord-2.2.2/lib/active_record/fixtures.rb:871:in `require_fixture_classes'
/usr/lib/ruby/gems/1.8/gems/activerecord-2.2.2/lib/active_record/fixtures.rb:868:in `each'
/usr/lib/ruby/gems/1.8/gems/activerecord-2.2.2/lib/active_record/fixtures.rb:868:in `require_fixture_classes'
/usr/lib/ruby/gems/1.8/gems/activerecord-2.2.2/lib/active_record/fixtures.rb:851:in `fixtures'
./test/unit/../test_helper.rb:35
test/unit/nested_assignment_test.rb:1:in `require'
test/unit/nested_assignment_test.rb:1
Unable to load role, underlying cause no such file to load -- role.rb 

 /usr/lib/ruby/gems/1.8/gems/activesupport-2.2.2/lib/active_support/dependencies.rb:382:in `load_without_new_constant_marking'
/usr/lib/ruby/gems/1.8/gems/activesupport-2.2.2/lib/active_support/dependencies.rb:382:in `load_file'
/usr/lib/ruby/gems/1.8/gems/activesupport-2.2.2/lib/active_support/dependencies.rb:521:in `new_constants_in'
/usr/lib/ruby/gems/1.8/gems/activesupport-2.2.2/lib/active_support/dependencies.rb:381:in `load_file'
/usr/lib/ruby/gems/1.8/gems/activesupport-2.2.2/lib/active_support/dependencies.rb:256:in `require_or_load'
/usr/lib/ruby/gems/1.8/gems/activesupport-2.2.2/lib/active_support/dependencies.rb:221:in `depend_on'
/usr/lib/ruby/gems/1.8/gems/activesupport-2.2.2/lib/active_support/dependencies.rb:133:in `require_dependency'
/usr/lib/ruby/gems/1.8/gems/activerecord-2.2.2/lib/active_record/fixtures.rb:856:in `try_to_load_dependency'
/usr/lib/ruby/gems/1.8/gems/activerecord-2.2.2/lib/active_record/fixtures.rb:871:in `require_fixture_classes'
/usr/lib/ruby/gems/1.8/gems/activerecord-2.2.2/lib/active_record/fixtures.rb:868:in `each'
/usr/lib/ruby/gems/1.8/gems/activerecord-2.2.2/lib/active_record/fixtures.rb:868:in `require_fixture_classes'
/usr/lib/ruby/gems/1.8/gems/activerecord-2.2.2/lib/active_record/fixtures.rb:851:in `fixtures'
./test/unit/../test_helper.rb:35
test/unit/nested_assignment_test.rb:1:in `require'
test/unit/nested_assignment_test.rb:1
  [4;35;1mPluginTestModels::User Load (0.2ms)[0m   [0mSELECT * FROM "users" WHERE ("users"."id" = 1) [0m
  [4;36;1mPluginTestModels::Subscription Load (3.6ms)[0m   [0;1mSELECT * FROM "subscriptions" WHERE ("subscriptions"."id" = 1) [0m
  [4;35;1mPluginTestModels::Subscription Load (0.2ms)[0m   [0mSELECT * FROM "subscriptions" WHERE ("subscriptions".user_id = 1) LIMIT 1[0m
  [4;36;1mPluginTestModels::Subscription Load (0.2ms)[0m   [0;1mSELECT * FROM "subscriptions" WHERE ("subscriptions"."id" = 1) [0m
  [4;35;1mPluginTestModels::Subscription Destroy (0.1ms)[0m   [0mDELETE FROM "subscriptions" WHERE "id" = 1[0m
  [4;36;1mPluginTestModels::Subscription Load (0.1ms)[0m   [0;1mSELECT * FROM "subscriptions" WHERE ("subscriptions"."id" = 1) [0m
  [4;35;1mPluginTestModels::User Load (0.2ms)[0m   [0mSELECT * FROM "users" WHERE ("users"."id" = 1) [0m
  [4;36;1mPluginTestModels::Subscription Load (0.2ms)[0m   [0;1mSELECT * FROM "subscriptions" WHERE ("subscriptions"."id" = 1) [0m
  [4;35;1mPluginTestModels::Subscription Load (0.3ms)[0m   [0mSELECT * FROM "subscriptions" WHERE ("subscriptions".user_id = 1) LIMIT 1[0m
  [4;36;1mPluginTestModels::Subscription Update (0.1ms)[0m   [0;1mUPDATE "subscriptions" SET "user_id" = NULL WHERE "id" = 1[0m
  [4;35;1mPluginTestModels::Subscription Load (0.2ms)[0m   [0mSELECT * FROM "subscriptions" WHERE ("subscriptions"."id" = 1) [0m
  [4;36;1mPluginTestModels::User Load (0.2ms)[0m   [0;1mSELECT * FROM "users" WHERE ("users"."id" = 1) [0m
  [4;35;1mPluginTestModels::Subscription Load (0.3ms)[0m   [0mSELECT * FROM "subscriptions" WHERE ("subscriptions"."id" = 1) [0m
  [4;36;1mPluginTestModels::Subscription Load (0.2ms)[0m   [0;1mSELECT * FROM "subscriptions" WHERE ("subscriptions".user_id = 1) LIMIT 1[0m
WARNING: Can't mass-assign these protected attributes: id
  [4;35;1mPluginTestModels::Subscription Load (0.3ms)[0m   [0mSELECT * FROM "subscriptions" WHERE ("subscriptions"."id" = 1) [0m
  [4;36;1mPluginTestModels::Subscription Update (0.1ms)[0m   [0;1mUPDATE "subscriptions" SET "name" = 'Bobtastic' WHERE "id" = 1[0m
  [4;35;1mPluginTestModels::Subscription Load (0.2ms)[0m   [0mSELECT * FROM "subscriptions" WHERE ("subscriptions"."id" = 1) [0m
  [4;36;1mPluginTestModels::User Load (0.2ms)[0m   [0;1mSELECT * FROM "users" LIMIT 1[0m
  [4;35;1mPluginTestModels::User Load (0.2ms)[0m   [0mSELECT * FROM "users" LIMIT 1[0m
  [4;36;1mPluginTestModels::Role Load (0.3ms)[0m   [0;1mSELECT * FROM "roles" INNER JOIN "roles_users" ON "roles".id = "roles_users".role_id WHERE ("roles_users".user_id = 1 ) [0m
  [4;35;1mPluginTestModels::User Load (0.2ms)[0m   [0mSELECT * FROM "users" LIMIT 1[0m
  [4;36;1mPluginTestModels::Role Load (0.3ms)[0m   [0;1mSELECT * FROM "roles" INNER JOIN "roles_users" ON "roles".id = "roles_users".role_id WHERE ("roles_users".user_id = 1 ) [0m
  [4;35;1mPluginTestModels::User Load (0.2ms)[0m   [0mSELECT * FROM "users" LIMIT 1[0m
  [4;36;1mPluginTestModels::Address Load (0.3ms)[0m   [0;1mSELECT * FROM "addresses" WHERE ("addresses".addressable_id = 1 AND "addresses".addressable_type = 'PluginTestModels::User') LIMIT 1[0m
  [4;36;1mSQL (0.2ms)[0m   [0;1mselect sqlite_version(*)[0m
  [4;35;1mSQL (0.1ms)[0m   [0m SELECT name
 FROM sqlite_master
 WHERE type = 'table' AND NOT name = 'sqlite_sequence'
[0m
  [4;36;1mSQL (0.2ms)[0m   [0;1mCREATE TABLE "addresses" ("id" INTEGER PRIMARY KEY AUTOINCREMENT NOT NULL, "name" varchar(255), "addressable_id" integer, "addressable_type" varchar(255)) [0m
  [4;35;1mSQL (0.1ms)[0m   [0m SELECT name
 FROM sqlite_master
 WHERE type = 'table' AND NOT name = 'sqlite_sequence'
[0m
  [4;36;1mSQL (0.1ms)[0m   [0;1mCREATE TABLE "users" ("id" INTEGER PRIMARY KEY AUTOINCREMENT NOT NULL, "name" varchar(255)) [0m
  [4;35;1mSQL (0.2ms)[0m   [0m SELECT name
 FROM sqlite_master
 WHERE type = 'table' AND NOT name = 'sqlite_sequence'
[0m
  [4;36;1mSQL (0.1ms)[0m   [0;1mCREATE TABLE "roles_users" ("user_id" integer, "role_id" integer) [0m
  [4;35;1mSQL (0.2ms)[0m   [0m SELECT name
 FROM sqlite_master
 WHERE type = 'table' AND NOT name = 'sqlite_sequence'
[0m
  [4;36;1mSQL (0.1ms)[0m   [0;1mCREATE TABLE "services" ("id" INTEGER PRIMARY KEY AUTOINCREMENT NOT NULL, "name" varchar(255)) [0m
  [4;35;1mSQL (0.2ms)[0m   [0m SELECT name
 FROM sqlite_master
 WHERE type = 'table' AND NOT name = 'sqlite_sequence'
[0m
  [4;36;1mSQL (0.1ms)[0m   [0;1mCREATE TABLE "subscriptions" ("id" INTEGER PRIMARY KEY AUTOINCREMENT NOT NULL, "name" varchar(255), "service_id" integer, "user_id" integer) [0m
  [4;35;1mSQL (0.3ms)[0m   [0m SELECT name
 FROM sqlite_master
 WHERE type = 'table' AND NOT name = 'sqlite_sequence'
[0m
  [4;36;1mSQL (0.1ms)[0m   [0;1mCREATE TABLE "roles" ("id" INTEGER PRIMARY KEY AUTOINCREMENT NOT NULL, "name" varchar(255)) [0m
  [4;35;1mSQL (0.3ms)[0m   [0m SELECT name
 FROM sqlite_master
 WHERE type = 'table' AND NOT name = 'sqlite_sequence'
[0m
  [4;36;1mSQL (0.1ms)[0m   [0;1mCREATE TABLE "schema_migrations" ("version" varchar(255) NOT NULL) [0m
  [4;35;1mSQL (0.1ms)[0m   [0mCREATE UNIQUE INDEX "unique_schema_migrations" ON "schema_migrations" ("version")[0m
  [4;36;1mSQL (0.4ms)[0m   [0;1m SELECT name
 FROM sqlite_master
 WHERE type = 'table' AND NOT name = 'sqlite_sequence'
[0m
  [4;35;1mSQL (0.1ms)[0m   [0mSELECT version FROM "schema_migrations"[0m
  [4;36;1mSQL (0.1ms)[0m   [0;1mINSERT INTO "schema_migrations" (version) VALUES ('1')[0m
Unable to load roles_user, underlying cause no such file to load -- roles_user.rb 

 /usr/lib/ruby/gems/1.8/gems/activesupport-2.2.2/lib/active_support/dependencies.rb:382:in `load_without_new_constant_marking'
/usr/lib/ruby/gems/1.8/gems/activesupport-2.2.2/lib/active_support/dependencies.rb:382:in `load_file'
/usr/lib/ruby/gems/1.8/gems/activesupport-2.2.2/lib/active_support/dependencies.rb:521:in `new_constants_in'
/usr/lib/ruby/gems/1.8/gems/activesupport-2.2.2/lib/active_support/dependencies.rb:381:in `load_file'
/usr/lib/ruby/gems/1.8/gems/activesupport-2.2.2/lib/active_support/dependencies.rb:256:in `require_or_load'
/usr/lib/ruby/gems/1.8/gems/activesupport-2.2.2/lib/active_support/dependencies.rb:221:in `depend_on'
/usr/lib/ruby/gems/1.8/gems/activesupport-2.2.2/lib/active_support/dependencies.rb:133:in `require_dependency'
/usr/lib/ruby/gems/1.8/gems/activerecord-2.2.2/lib/active_record/fixtures.rb:856:in `try_to_load_dependency'
/usr/lib/ruby/gems/1.8/gems/activerecord-2.2.2/lib/active_record/fixtures.rb:871:in `require_fixture_classes'
/usr/lib/ruby/gems/1.8/gems/activerecord-2.2.2/lib/active_record/fixtures.rb:868:in `each'
/usr/lib/ruby/gems/1.8/gems/activerecord-2.2.2/lib/active_record/fixtures.rb:868:in `require_fixture_classes'
/usr/lib/ruby/gems/1.8/gems/activerecord-2.2.2/lib/active_record/fixtures.rb:851:in `fixtures'
./test/unit/../test_helper.rb:35
test/unit/nested_assignment_test.rb:1:in `require'
test/unit/nested_assignment_test.rb:1
Unable to load service, underlying cause no such file to load -- service.rb 

 /usr/lib/ruby/gems/1.8/gems/activesupport-2.2.2/lib/active_support/dependencies.rb:382:in `load_without_new_constant_marking'
/usr/lib/ruby/gems/1.8/gems/activesupport-2.2.2/lib/active_support/dependencies.rb:382:in `load_file'
/usr/lib/ruby/gems/1.8/gems/activesupport-2.2.2/lib/active_support/dependencies.rb:521:in `new_constants_in'
/usr/lib/ruby/gems/1.8/gems/activesupport-2.2.2/lib/active_support/dependencies.rb:381:in `load_file'
/usr/lib/ruby/gems/1.8/gems/activesupport-2.2.2/lib/active_support/dependencies.rb:256:in `require_or_load'
/usr/lib/ruby/gems/1.8/gems/activesupport-2.2.2/lib/active_support/dependencies.rb:221:in `depend_on'
/usr/lib/ruby/gems/1.8/gems/activesupport-2.2.2/lib/active_support/dependencies.rb:133:in `require_dependency'
/usr/lib/ruby/gems/1.8/gems/activerecord-2.2.2/lib/active_record/fixtures.rb:856:in `try_to_load_dependency'
/usr/lib/ruby/gems/1.8/gems/activerecord-2.2.2/lib/active_record/fixtures.rb:871:in `require_fixture_classes'
/usr/lib/ruby/gems/1.8/gems/activerecord-2.2.2/lib/active_record/fixtures.rb:868:in `each'
/usr/lib/ruby/gems/1.8/gems/activerecord-2.2.2/lib/active_record/fixtures.rb:868:in `require_fixture_classes'
/usr/lib/ruby/gems/1.8/gems/activerecord-2.2.2/lib/active_record/fixtures.rb:851:in `fixtures'
./test/unit/../test_helper.rb:35
test/unit/nested_assignment_test.rb:1:in `require'
test/unit/nested_assignment_test.rb:1
Unable to load subscription, underlying cause no such file to load -- subscription.rb 

 /usr/lib/ruby/gems/1.8/gems/activesupport-2.2.2/lib/active_support/dependencies.rb:382:in `load_without_new_constant_marking'
/usr/lib/ruby/gems/1.8/gems/activesupport-2.2.2/lib/active_support/dependencies.rb:382:in `load_file'
/usr/lib/ruby/gems/1.8/gems/activesupport-2.2.2/lib/active_support/dependencies.rb:521:in `new_constants_in'
/usr/lib/ruby/gems/1.8/gems/activesupport-2.2.2/lib/active_support/dependencies.rb:381:in `load_file'
/usr/lib/ruby/gems/1.8/gems/activesupport-2.2.2/lib/active_support/dependencies.rb:256:in `require_or_load'
/usr/lib/ruby/gems/1.8/gems/activesupport-2.2.2/lib/active_support/dependencies.rb:221:in `depend_on'
/usr/lib/ruby/gems/1.8/gems/activesupport-2.2.2/lib/active_support/dependencies.rb:133:in `require_dependency'
/usr/lib/ruby/gems/1.8/gems/activerecord-2.2.2/lib/active_record/fixtures.rb:856:in `try_to_load_dependency'
/usr/lib/ruby/gems/1.8/gems/activerecord-2.2.2/lib/active_record/fixtures.rb:871:in `require_fixture_classes'
/usr/lib/ruby/gems/1.8/gems/activerecord-2.2.2/lib/active_record/fixtures.rb:868:in `each'
/usr/lib/ruby/gems/1.8/gems/activerecord-2.2.2/lib/active_record/fixtures.rb:868:in `require_fixture_classes'
/usr/lib/ruby/gems/1.8/gems/activerecord-2.2.2/lib/active_record/fixtures.rb:851:in `fixtures'
./test/unit/../test_helper.rb:35
test/unit/nested_assignment_test.rb:1:in `require'
test/unit/nested_assignment_test.rb:1
Unable to load address, underlying cause no such file to load -- address.rb 

 /usr/lib/ruby/gems/1.8/gems/activesupport-2.2.2/lib/active_support/dependencies.rb:382:in `load_without_new_constant_marking'
/usr/lib/ruby/gems/1.8/gems/activesupport-2.2.2/lib/active_support/dependencies.rb:382:in `load_file'
/usr/lib/ruby/gems/1.8/gems/activesupport-2.2.2/lib/active_support/dependencies.rb:521:in `new_constants_in'
/usr/lib/ruby/gems/1.8/gems/activesupport-2.2.2/lib/active_support/dependencies.rb:381:in `load_file'
/usr/lib/ruby/gems/1.8/gems/activesupport-2.2.2/lib/active_support/dependencies.rb:256:in `require_or_load'
/usr/lib/ruby/gems/1.8/gems/activesupport-2.2.2/lib/active_support/dependencies.rb:221:in `depend_on'
/usr/lib/ruby/gems/1.8/gems/activesupport-2.2.2/lib/active_support/dependencies.rb:133:in `require_dependency'
/usr/lib/ruby/gems/1.8/gems/activerecord-2.2.2/lib/active_record/fixtures.rb:856:in `try_to_load_dependency'
/usr/lib/ruby/gems/1.8/gems/activerecord-2.2.2/lib/active_record/fixtures.rb:871:in `require_fixture_classes'
/usr/lib/ruby/gems/1.8/gems/activerecord-2.2.2/lib/active_record/fixtures.rb:868:in `each'
/usr/lib/ruby/gems/1.8/gems/activerecord-2.2.2/lib/active_record/fixtures.rb:868:in `require_fixture_classes'
/usr/lib/ruby/gems/1.8/gems/activerecord-2.2.2/lib/active_record/fixtures.rb:851:in `fixtures'
./test/unit/../test_helper.rb:35
test/unit/nested_assignment_test.rb:1:in `require'
test/unit/nested_assignment_test.rb:1
Unable to load user, underlying cause no such file to load -- user.rb 

 /usr/lib/ruby/gems/1.8/gems/activesupport-2.2.2/lib/active_support/dependencies.rb:382:in `load_without_new_constant_marking'
/usr/lib/ruby/gems/1.8/gems/activesupport-2.2.2/lib/active_support/dependencies.rb:382:in `load_file'
/usr/lib/ruby/gems/1.8/gems/activesupport-2.2.2/lib/active_support/dependencies.rb:521:in `new_constants_in'
/usr/lib/ruby/gems/1.8/gems/activesupport-2.2.2/lib/active_support/dependencies.rb:381:in `load_file'
/usr/lib/ruby/gems/1.8/gems/activesupport-2.2.2/lib/active_support/dependencies.rb:256:in `require_or_load'
/usr/lib/ruby/gems/1.8/gems/activesupport-2.2.2/lib/active_support/dependencies.rb:221:in `depend_on'
/usr/lib/ruby/gems/1.8/gems/activesupport-2.2.2/lib/active_support/dependencies.rb:133:in `require_dependency'
/usr/lib/ruby/gems/1.8/gems/activerecord-2.2.2/lib/active_record/fixtures.rb:856:in `try_to_load_dependency'
/usr/lib/ruby/gems/1.8/gems/activerecord-2.2.2/lib/active_record/fixtures.rb:871:in `require_fixture_classes'
/usr/lib/ruby/gems/1.8/gems/activerecord-2.2.2/lib/active_record/fixtures.rb:868:in `each'
/usr/lib/ruby/gems/1.8/gems/activerecord-2.2.2/lib/active_record/fixtures.rb:868:in `require_fixture_classes'
/usr/lib/ruby/gems/1.8/gems/activerecord-2.2.2/lib/active_record/fixtures.rb:851:in `fixtures'
./test/unit/../test_helper.rb:35
test/unit/nested_assignment_test.rb:1:in `require'
test/unit/nested_assignment_test.rb:1
Unable to load role, underlying cause no such file to load -- role.rb 

 /usr/lib/ruby/gems/1.8/gems/activesupport-2.2.2/lib/active_support/dependencies.rb:382:in `load_without_new_constant_marking'
/usr/lib/ruby/gems/1.8/gems/activesupport-2.2.2/lib/active_support/dependencies.rb:382:in `load_file'
/usr/lib/ruby/gems/1.8/gems/activesupport-2.2.2/lib/active_support/dependencies.rb:521:in `new_constants_in'
/usr/lib/ruby/gems/1.8/gems/activesupport-2.2.2/lib/active_support/dependencies.rb:381:in `load_file'
/usr/lib/ruby/gems/1.8/gems/activesupport-2.2.2/lib/active_support/dependencies.rb:256:in `require_or_load'
/usr/lib/ruby/gems/1.8/gems/activesupport-2.2.2/lib/active_support/dependencies.rb:221:in `depend_on'
/usr/lib/ruby/gems/1.8/gems/activesupport-2.2.2/lib/active_support/dependencies.rb:133:in `require_dependency'
/usr/lib/ruby/gems/1.8/gems/activerecord-2.2.2/lib/active_record/fixtures.rb:856:in `try_to_load_dependency'
/usr/lib/ruby/gems/1.8/gems/activerecord-2.2.2/lib/active_record/fixtures.rb:871:in `require_fixture_classes'
/usr/lib/ruby/gems/1.8/gems/activerecord-2.2.2/lib/active_record/fixtures.rb:868:in `each'
/usr/lib/ruby/gems/1.8/gems/activerecord-2.2.2/lib/active_record/fixtures.rb:868:in `require_fixture_classes'
/usr/lib/ruby/gems/1.8/gems/activerecord-2.2.2/lib/active_record/fixtures.rb:851:in `fixtures'
./test/unit/../test_helper.rb:35
test/unit/nested_assignment_test.rb:1:in `require'
test/unit/nested_assignment_test.rb:1
  [4;35;1mPluginTestModels::User Load (19.6ms)[0m   [0mSELECT * FROM "users" WHERE ("users"."id" = 1) [0m
  [4;36;1mPluginTestModels::Subscription Load (0.2ms)[0m   [0;1mSELECT * FROM "subscriptions" WHERE ("subscriptions"."id" = 1) [0m
  [4;35;1mPluginTestModels::Subscription Load (0.2ms)[0m   [0mSELECT * FROM "subscriptions" WHERE ("subscriptions".user_id = 1) LIMIT 1[0m
  [4;36;1mPluginTestModels::Subscription Load (0.2ms)[0m   [0;1mSELECT * FROM "subscriptions" WHERE ("subscriptions"."id" = 1) [0m
  [4;35;1mPluginTestModels::Subscription Destroy (0.1ms)[0m   [0mDELETE FROM "subscriptions" WHERE "id" = 1[0m
  [4;36;1mPluginTestModels::Subscription Load (0.1ms)[0m   [0;1mSELECT * FROM "subscriptions" WHERE ("subscriptions"."id" = 1) [0m
  [4;35;1mPluginTestModels::User Load (0.1ms)[0m   [0mSELECT * FROM "users" WHERE ("users"."id" = 1) [0m
  [4;36;1mPluginTestModels::Subscription Load (0.2ms)[0m   [0;1mSELECT * FROM "subscriptions" WHERE ("subscriptions"."id" = 1) [0m
  [4;35;1mPluginTestModels::Subscription Load (0.2ms)[0m   [0mSELECT * FROM "subscriptions" WHERE ("subscriptions"."id" = 1) [0m
  [4;36;1mPluginTestModels::Subscription Load (0.2ms)[0m   [0;1mSELECT * FROM "subscriptions" WHERE ("subscriptions".user_id = 1) LIMIT 1[0m
  [4;35;1mPluginTestModels::Subscription Update (0.1ms)[0m   [0mUPDATE "subscriptions" SET "user_id" = NULL WHERE "id" = 1[0m
  [4;36;1mPluginTestModels::Subscription Load (0.2ms)[0m   [0;1mSELECT * FROM "subscriptions" WHERE ("subscriptions"."id" = 1) [0m
  [4;35;1mPluginTestModels::User Load (0.1ms)[0m   [0mSELECT * FROM "users" WHERE ("users"."id" = 1) [0m
  [4;36;1mPluginTestModels::Subscription Load (0.2ms)[0m   [0;1mSELECT * FROM "subscriptions" WHERE ("subscriptions"."id" = 1) [0m
  [4;35;1mPluginTestModels::Subscription Load (0.2ms)[0m   [0mSELECT * FROM "subscriptions" WHERE ("subscriptions".user_id = 1) LIMIT 1[0m
WARNING: Can't mass-assign these protected attributes: id
  [4;36;1mPluginTestModels::Subscription Load (0.2ms)[0m   [0;1mSELECT * FROM "subscriptions" WHERE ("subscriptions"."id" = 1) [0m
  [4;35;1mPluginTestModels::Subscription Update (0.1ms)[0m   [0mUPDATE "subscriptions" SET "name" = 'Bobtastic' WHERE "id" = 1[0m
  [4;36;1mPluginTestModels::Subscription Load (0.2ms)[0m   [0;1mSELECT * FROM "subscriptions" WHERE ("subscriptions"."id" = 1) [0m
  [4;35;1mPluginTestModels::User Load (0.1ms)[0m   [0mSELECT * FROM "users" LIMIT 1[0m
  [4;36;1mPluginTestModels::User Load (0.1ms)[0m   [0;1mSELECT * FROM "users" LIMIT 1[0m
  [4;35;1mPluginTestModels::Role Load (0.2ms)[0m   [0mSELECT * FROM "roles" INNER JOIN "roles_users" ON "roles".id = "roles_users".role_id WHERE ("roles_users".user_id = 1 ) [0m
  [4;36;1mPluginTestModels::User Load (0.1ms)[0m   [0;1mSELECT * FROM "users" LIMIT 1[0m
  [4;35;1mPluginTestModels::Role Load (0.2ms)[0m   [0mSELECT * FROM "roles" INNER JOIN "roles_users" ON "roles".id = "roles_users".role_id WHERE ("roles_users".user_id = 1 ) [0m
  [4;36;1mPluginTestModels::User Load (0.1ms)[0m   [0;1mSELECT * FROM "users" LIMIT 1[0m
  [4;35;1mPluginTestModels::Address Load (0.2ms)[0m   [0mSELECT * FROM "addresses" WHERE ("addresses".addressable_id = 1 AND "addresses".addressable_type = 'PluginTestModels::User') LIMIT 1[0m
  [4;36;1mSQL (0.2ms)[0m   [0;1mselect sqlite_version(*)[0m
  [4;35;1mSQL (0.1ms)[0m   [0m SELECT name
 FROM sqlite_master
 WHERE type = 'table' AND NOT name = 'sqlite_sequence'
[0m
  [4;36;1mSQL (0.2ms)[0m   [0;1mCREATE TABLE "addresses" ("id" INTEGER PRIMARY KEY AUTOINCREMENT NOT NULL, "name" varchar(255), "addressable_id" integer, "addressable_type" varchar(255)) [0m
  [4;35;1mSQL (0.1ms)[0m   [0m SELECT name
 FROM sqlite_master
 WHERE type = 'table' AND NOT name = 'sqlite_sequence'
[0m
  [4;36;1mSQL (0.1ms)[0m   [0;1mCREATE TABLE "users" ("id" INTEGER PRIMARY KEY AUTOINCREMENT NOT NULL, "name" varchar(255)) [0m
  [4;35;1mSQL (0.2ms)[0m   [0m SELECT name
 FROM sqlite_master
 WHERE type = 'table' AND NOT name = 'sqlite_sequence'
[0m
  [4;36;1mSQL (0.1ms)[0m   [0;1mCREATE TABLE "roles_users" ("user_id" integer, "role_id" integer) [0m
  [4;35;1mSQL (0.2ms)[0m   [0m SELECT name
 FROM sqlite_master
 WHERE type = 'table' AND NOT name = 'sqlite_sequence'
[0m
  [4;36;1mSQL (0.1ms)[0m   [0;1mCREATE TABLE "services" ("id" INTEGER PRIMARY KEY AUTOINCREMENT NOT NULL, "name" varchar(255)) [0m
  [4;35;1mSQL (0.2ms)[0m   [0m SELECT name
 FROM sqlite_master
 WHERE type = 'table' AND NOT name = 'sqlite_sequence'
[0m
  [4;36;1mSQL (0.1ms)[0m   [0;1mCREATE TABLE "subscriptions" ("id" INTEGER PRIMARY KEY AUTOINCREMENT NOT NULL, "name" varchar(255), "service_id" integer, "user_id" integer) [0m
  [4;35;1mSQL (0.3ms)[0m   [0m SELECT name
 FROM sqlite_master
 WHERE type = 'table' AND NOT name = 'sqlite_sequence'
[0m
  [4;36;1mSQL (0.1ms)[0m   [0;1mCREATE TABLE "roles" ("id" INTEGER PRIMARY KEY AUTOINCREMENT NOT NULL, "name" varchar(255)) [0m
  [4;35;1mSQL (0.3ms)[0m   [0m SELECT name
 FROM sqlite_master
 WHERE type = 'table' AND NOT name = 'sqlite_sequence'
[0m
  [4;36;1mSQL (0.1ms)[0m   [0;1mCREATE TABLE "schema_migrations" ("version" varchar(255) NOT NULL) [0m
  [4;35;1mSQL (0.1ms)[0m   [0mCREATE UNIQUE INDEX "unique_schema_migrations" ON "schema_migrations" ("version")[0m
  [4;36;1mSQL (0.4ms)[0m   [0;1m SELECT name
 FROM sqlite_master
 WHERE type = 'table' AND NOT name = 'sqlite_sequence'
[0m
  [4;35;1mSQL (0.1ms)[0m   [0mSELECT version FROM "schema_migrations"[0m
  [4;36;1mSQL (0.1ms)[0m   [0;1mINSERT INTO "schema_migrations" (version) VALUES ('1')[0m
Unable to load roles_user, underlying cause no such file to load -- roles_user.rb 

 /usr/lib/ruby/gems/1.8/gems/activesupport-2.2.2/lib/active_support/dependencies.rb:382:in `load_without_new_constant_marking'
/usr/lib/ruby/gems/1.8/gems/activesupport-2.2.2/lib/active_support/dependencies.rb:382:in `load_file'
/usr/lib/ruby/gems/1.8/gems/activesupport-2.2.2/lib/active_support/dependencies.rb:521:in `new_constants_in'
/usr/lib/ruby/gems/1.8/gems/activesupport-2.2.2/lib/active_support/dependencies.rb:381:in `load_file'
/usr/lib/ruby/gems/1.8/gems/activesupport-2.2.2/lib/active_support/dependencies.rb:256:in `require_or_load'
/usr/lib/ruby/gems/1.8/gems/activesupport-2.2.2/lib/active_support/dependencies.rb:221:in `depend_on'
/usr/lib/ruby/gems/1.8/gems/activesupport-2.2.2/lib/active_support/dependencies.rb:133:in `require_dependency'
/usr/lib/ruby/gems/1.8/gems/activerecord-2.2.2/lib/active_record/fixtures.rb:856:in `try_to_load_dependency'
/usr/lib/ruby/gems/1.8/gems/activerecord-2.2.2/lib/active_record/fixtures.rb:871:in `require_fixture_classes'
/usr/lib/ruby/gems/1.8/gems/activerecord-2.2.2/lib/active_record/fixtures.rb:868:in `each'
/usr/lib/ruby/gems/1.8/gems/activerecord-2.2.2/lib/active_record/fixtures.rb:868:in `require_fixture_classes'
/usr/lib/ruby/gems/1.8/gems/activerecord-2.2.2/lib/active_record/fixtures.rb:851:in `fixtures'
./test/unit/../test_helper.rb:35
test/unit/nested_assignment_test.rb:1:in `require'
test/unit/nested_assignment_test.rb:1
Unable to load service, underlying cause no such file to load -- service.rb 

 /usr/lib/ruby/gems/1.8/gems/activesupport-2.2.2/lib/active_support/dependencies.rb:382:in `load_without_new_constant_marking'
/usr/lib/ruby/gems/1.8/gems/activesupport-2.2.2/lib/active_support/dependencies.rb:382:in `load_file'
/usr/lib/ruby/gems/1.8/gems/activesupport-2.2.2/lib/active_support/dependencies.rb:521:in `new_constants_in'
/usr/lib/ruby/gems/1.8/gems/activesupport-2.2.2/lib/active_support/dependencies.rb:381:in `load_file'
/usr/lib/ruby/gems/1.8/gems/activesupport-2.2.2/lib/active_support/dependencies.rb:256:in `require_or_load'
/usr/lib/ruby/gems/1.8/gems/activesupport-2.2.2/lib/active_support/dependencies.rb:221:in `depend_on'
/usr/lib/ruby/gems/1.8/gems/activesupport-2.2.2/lib/active_support/dependencies.rb:133:in `require_dependency'
/usr/lib/ruby/gems/1.8/gems/activerecord-2.2.2/lib/active_record/fixtures.rb:856:in `try_to_load_dependency'
/usr/lib/ruby/gems/1.8/gems/activerecord-2.2.2/lib/active_record/fixtures.rb:871:in `require_fixture_classes'
/usr/lib/ruby/gems/1.8/gems/activerecord-2.2.2/lib/active_record/fixtures.rb:868:in `each'
/usr/lib/ruby/gems/1.8/gems/activerecord-2.2.2/lib/active_record/fixtures.rb:868:in `require_fixture_classes'
/usr/lib/ruby/gems/1.8/gems/activerecord-2.2.2/lib/active_record/fixtures.rb:851:in `fixtures'
./test/unit/../test_helper.rb:35
test/unit/nested_assignment_test.rb:1:in `require'
test/unit/nested_assignment_test.rb:1
Unable to load subscription, underlying cause no such file to load -- subscription.rb 

 /usr/lib/ruby/gems/1.8/gems/activesupport-2.2.2/lib/active_support/dependencies.rb:382:in `load_without_new_constant_marking'
/usr/lib/ruby/gems/1.8/gems/activesupport-2.2.2/lib/active_support/dependencies.rb:382:in `load_file'
/usr/lib/ruby/gems/1.8/gems/activesupport-2.2.2/lib/active_support/dependencies.rb:521:in `new_constants_in'
/usr/lib/ruby/gems/1.8/gems/activesupport-2.2.2/lib/active_support/dependencies.rb:381:in `load_file'
/usr/lib/ruby/gems/1.8/gems/activesupport-2.2.2/lib/active_support/dependencies.rb:256:in `require_or_load'
/usr/lib/ruby/gems/1.8/gems/activesupport-2.2.2/lib/active_support/dependencies.rb:221:in `depend_on'
/usr/lib/ruby/gems/1.8/gems/activesupport-2.2.2/lib/active_support/dependencies.rb:133:in `require_dependency'
/usr/lib/ruby/gems/1.8/gems/activerecord-2.2.2/lib/active_record/fixtures.rb:856:in `try_to_load_dependency'
/usr/lib/ruby/gems/1.8/gems/activerecord-2.2.2/lib/active_record/fixtures.rb:871:in `require_fixture_classes'
/usr/lib/ruby/gems/1.8/gems/activerecord-2.2.2/lib/active_record/fixtures.rb:868:in `each'
/usr/lib/ruby/gems/1.8/gems/activerecord-2.2.2/lib/active_record/fixtures.rb:868:in `require_fixture_classes'
/usr/lib/ruby/gems/1.8/gems/activerecord-2.2.2/lib/active_record/fixtures.rb:851:in `fixtures'
./test/unit/../test_helper.rb:35
test/unit/nested_assignment_test.rb:1:in `require'
test/unit/nested_assignment_test.rb:1
Unable to load address, underlying cause no such file to load -- address.rb 

 /usr/lib/ruby/gems/1.8/gems/activesupport-2.2.2/lib/active_support/dependencies.rb:382:in `load_without_new_constant_marking'
/usr/lib/ruby/gems/1.8/gems/activesupport-2.2.2/lib/active_support/dependencies.rb:382:in `load_file'
/usr/lib/ruby/gems/1.8/gems/activesupport-2.2.2/lib/active_support/dependencies.rb:521:in `new_constants_in'
/usr/lib/ruby/gems/1.8/gems/activesupport-2.2.2/lib/active_support/dependencies.rb:381:in `load_file'
/usr/lib/ruby/gems/1.8/gems/activesupport-2.2.2/lib/active_support/dependencies.rb:256:in `require_or_load'
/usr/lib/ruby/gems/1.8/gems/activesupport-2.2.2/lib/active_support/dependencies.rb:221:in `depend_on'
/usr/lib/ruby/gems/1.8/gems/activesupport-2.2.2/lib/active_support/dependencies.rb:133:in `require_dependency'
/usr/lib/ruby/gems/1.8/gems/activerecord-2.2.2/lib/active_record/fixtures.rb:856:in `try_to_load_dependency'
/usr/lib/ruby/gems/1.8/gems/activerecord-2.2.2/lib/active_record/fixtures.rb:871:in `require_fixture_classes'
/usr/lib/ruby/gems/1.8/gems/activerecord-2.2.2/lib/active_record/fixtures.rb:868:in `each'
/usr/lib/ruby/gems/1.8/gems/activerecord-2.2.2/lib/active_record/fixtures.rb:868:in `require_fixture_classes'
/usr/lib/ruby/gems/1.8/gems/activerecord-2.2.2/lib/active_record/fixtures.rb:851:in `fixtures'
./test/unit/../test_helper.rb:35
test/unit/nested_assignment_test.rb:1:in `require'
test/unit/nested_assignment_test.rb:1
Unable to load user, underlying cause no such file to load -- user.rb 

 /usr/lib/ruby/gems/1.8/gems/activesupport-2.2.2/lib/active_support/dependencies.rb:382:in `load_without_new_constant_marking'
/usr/lib/ruby/gems/1.8/gems/activesupport-2.2.2/lib/active_support/dependencies.rb:382:in `load_file'
/usr/lib/ruby/gems/1.8/gems/activesupport-2.2.2/lib/active_support/dependencies.rb:521:in `new_constants_in'
/usr/lib/ruby/gems/1.8/gems/activesupport-2.2.2/lib/active_support/dependencies.rb:381:in `load_file'
/usr/lib/ruby/gems/1.8/gems/activesupport-2.2.2/lib/active_support/dependencies.rb:256:in `require_or_load'
/usr/lib/ruby/gems/1.8/gems/activesupport-2.2.2/lib/active_support/dependencies.rb:221:in `depend_on'
/usr/lib/ruby/gems/1.8/gems/activesupport-2.2.2/lib/active_support/dependencies.rb:133:in `require_dependency'
/usr/lib/ruby/gems/1.8/gems/activerecord-2.2.2/lib/active_record/fixtures.rb:856:in `try_to_load_dependency'
/usr/lib/ruby/gems/1.8/gems/activerecord-2.2.2/lib/active_record/fixtures.rb:871:in `require_fixture_classes'
/usr/lib/ruby/gems/1.8/gems/activerecord-2.2.2/lib/active_record/fixtures.rb:868:in `each'
/usr/lib/ruby/gems/1.8/gems/activerecord-2.2.2/lib/active_record/fixtures.rb:868:in `require_fixture_classes'
/usr/lib/ruby/gems/1.8/gems/activerecord-2.2.2/lib/active_record/fixtures.rb:851:in `fixtures'
./test/unit/../test_helper.rb:35
test/unit/nested_assignment_test.rb:1:in `require'
test/unit/nested_assignment_test.rb:1
Unable to load role, underlying cause no such file to load -- role.rb 

 /usr/lib/ruby/gems/1.8/gems/activesupport-2.2.2/lib/active_support/dependencies.rb:382:in `load_without_new_constant_marking'
/usr/lib/ruby/gems/1.8/gems/activesupport-2.2.2/lib/active_support/dependencies.rb:382:in `load_file'
/usr/lib/ruby/gems/1.8/gems/activesupport-2.2.2/lib/active_support/dependencies.rb:521:in `new_constants_in'
/usr/lib/ruby/gems/1.8/gems/activesupport-2.2.2/lib/active_support/dependencies.rb:381:in `load_file'
/usr/lib/ruby/gems/1.8/gems/activesupport-2.2.2/lib/active_support/dependencies.rb:256:in `require_or_load'
/usr/lib/ruby/gems/1.8/gems/activesupport-2.2.2/lib/active_support/dependencies.rb:221:in `depend_on'
/usr/lib/ruby/gems/1.8/gems/activesupport-2.2.2/lib/active_support/dependencies.rb:133:in `require_dependency'
/usr/lib/ruby/gems/1.8/gems/activerecord-2.2.2/lib/active_record/fixtures.rb:856:in `try_to_load_dependency'
/usr/lib/ruby/gems/1.8/gems/activerecord-2.2.2/lib/active_record/fixtures.rb:871:in `require_fixture_classes'
/usr/lib/ruby/gems/1.8/gems/activerecord-2.2.2/lib/active_record/fixtures.rb:868:in `each'
/usr/lib/ruby/gems/1.8/gems/activerecord-2.2.2/lib/active_record/fixtures.rb:868:in `require_fixture_classes'
/usr/lib/ruby/gems/1.8/gems/activerecord-2.2.2/lib/active_record/fixtures.rb:851:in `fixtures'
./test/unit/../test_helper.rb:35
test/unit/nested_assignment_test.rb:1:in `require'
test/unit/nested_assignment_test.rb:1
  [4;35;1mPluginTestModels::User Load (0.1ms)[0m   [0mSELECT * FROM "users" WHERE ("users"."id" = 1) [0m
  [4;36;1mPluginTestModels::Subscription Load (17.1ms)[0m   [0;1mSELECT * FROM "subscriptions" WHERE ("subscriptions"."id" = 1) [0m
  [4;35;1mPluginTestModels::Subscription Load (0.2ms)[0m   [0mSELECT * FROM "subscriptions" WHERE ("subscriptions".user_id = 1) LIMIT 1[0m
  [4;36;1mPluginTestModels::Subscription Load (0.2ms)[0m   [0;1mSELECT * FROM "subscriptions" WHERE ("subscriptions"."id" = 1) [0m
  [4;35;1mPluginTestModels::User Load (0.1ms)[0m   [0mSELECT * FROM "users" WHERE ("users"."id" = 1) [0m
  [4;36;1mPluginTestModels::Subscription Load (0.2ms)[0m   [0;1mSELECT * FROM "subscriptions" WHERE ("subscriptions"."id" = 1) [0m
  [4;35;1mPluginTestModels::Subscription Load (0.2ms)[0m   [0mSELECT * FROM "subscriptions" WHERE ("subscriptions".user_id = 1) LIMIT 1[0m
  [4;36;1mPluginTestModels::Subscription Update (0.1ms)[0m   [0;1mUPDATE "subscriptions" SET "user_id" = NULL WHERE "id" = 1[0m
  [4;35;1mPluginTestModels::Subscription Load (0.2ms)[0m   [0mSELECT * FROM "subscriptions" WHERE ("subscriptions"."id" = 1) [0m
  [4;36;1mPluginTestModels::User Load (0.1ms)[0m   [0;1mSELECT * FROM "users" WHERE ("users"."id" = 1) [0m
  [4;35;1mPluginTestModels::Subscription Load (0.2ms)[0m   [0mSELECT * FROM "subscriptions" WHERE ("subscriptions"."id" = 1) [0m
  [4;36;1mPluginTestModels::Subscription Load (0.2ms)[0m   [0;1mSELECT * FROM "subscriptions" WHERE ("subscriptions".user_id = 1) LIMIT 1[0m
WARNING: Can't mass-assign these protected attributes: id
  [4;35;1mPluginTestModels::Subscription Load (0.2ms)[0m   [0mSELECT * FROM "subscriptions" WHERE ("subscriptions"."id" = 1) [0m
  [4;36;1mPluginTestModels::User Load (0.1ms)[0m   [0;1mSELECT * FROM "users" LIMIT 1[0m
  [4;35;1mPluginTestModels::User Load (0.1ms)[0m   [0mSELECT * FROM "users" LIMIT 1[0m
  [4;36;1mPluginTestModels::Role Load (0.2ms)[0m   [0;1mSELECT * FROM "roles" INNER JOIN "roles_users" ON "roles".id = "roles_users".role_id WHERE ("roles_users".user_id = 1 ) [0m
  [4;35;1mPluginTestModels::User Load (0.1ms)[0m   [0mSELECT * FROM "users" LIMIT 1[0m
  [4;36;1mPluginTestModels::Role Load (0.2ms)[0m   [0;1mSELECT * FROM "roles" INNER JOIN "roles_users" ON "roles".id = "roles_users".role_id WHERE ("roles_users".user_id = 1 ) [0m
  [4;35;1mPluginTestModels::User Load (0.1ms)[0m   [0mSELECT * FROM "users" LIMIT 1[0m
  [4;36;1mPluginTestModels::Address Load (0.2ms)[0m   [0;1mSELECT * FROM "addresses" WHERE ("addresses".addressable_id = 1 AND "addresses".addressable_type = 'PluginTestModels::User') LIMIT 1[0m
  [4;36;1mSQL (0.2ms)[0m   [0;1mselect sqlite_version(*)[0m
  [4;35;1mSQL (0.1ms)[0m   [0m SELECT name
 FROM sqlite_master
 WHERE type = 'table' AND NOT name = 'sqlite_sequence'
[0m
  [4;36;1mSQL (0.3ms)[0m   [0;1mCREATE TABLE "addresses" ("id" INTEGER PRIMARY KEY AUTOINCREMENT NOT NULL, "name" varchar(255), "addressable_id" integer, "addressable_type" varchar(255)) [0m
  [4;35;1mSQL (0.1ms)[0m   [0m SELECT name
 FROM sqlite_master
 WHERE type = 'table' AND NOT name = 'sqlite_sequence'
[0m
  [4;36;1mSQL (0.1ms)[0m   [0;1mCREATE TABLE "users" ("id" INTEGER PRIMARY KEY AUTOINCREMENT NOT NULL, "name" varchar(255)) [0m
  [4;35;1mSQL (0.2ms)[0m   [0m SELECT name
 FROM sqlite_master
 WHERE type = 'table' AND NOT name = 'sqlite_sequence'
[0m
  [4;36;1mSQL (0.1ms)[0m   [0;1mCREATE TABLE "roles_users" ("user_id" integer, "role_id" integer) [0m
  [4;35;1mSQL (0.2ms)[0m   [0m SELECT name
 FROM sqlite_master
 WHERE type = 'table' AND NOT name = 'sqlite_sequence'
[0m
  [4;36;1mSQL (0.1ms)[0m   [0;1mCREATE TABLE "services" ("id" INTEGER PRIMARY KEY AUTOINCREMENT NOT NULL, "name" varchar(255)) [0m
  [4;35;1mSQL (0.2ms)[0m   [0m SELECT name
 FROM sqlite_master
 WHERE type = 'table' AND NOT name = 'sqlite_sequence'
[0m
  [4;36;1mSQL (0.1ms)[0m   [0;1mCREATE TABLE "subscriptions" ("id" INTEGER PRIMARY KEY AUTOINCREMENT NOT NULL, "name" varchar(255), "service_id" integer, "user_id" integer) [0m
  [4;35;1mSQL (0.3ms)[0m   [0m SELECT name
 FROM sqlite_master
 WHERE type = 'table' AND NOT name = 'sqlite_sequence'
[0m
  [4;36;1mSQL (0.1ms)[0m   [0;1mCREATE TABLE "roles" ("id" INTEGER PRIMARY KEY AUTOINCREMENT NOT NULL, "name" varchar(255)) [0m
  [4;35;1mSQL (0.3ms)[0m   [0m SELECT name
 FROM sqlite_master
 WHERE type = 'table' AND NOT name = 'sqlite_sequence'
[0m
  [4;36;1mSQL (0.1ms)[0m   [0;1mCREATE TABLE "schema_migrations" ("version" varchar(255) NOT NULL) [0m
  [4;35;1mSQL (0.1ms)[0m   [0mCREATE UNIQUE INDEX "unique_schema_migrations" ON "schema_migrations" ("version")[0m
  [4;36;1mSQL (0.4ms)[0m   [0;1m SELECT name
 FROM sqlite_master
 WHERE type = 'table' AND NOT name = 'sqlite_sequence'
[0m
  [4;35;1mSQL (0.1ms)[0m   [0mSELECT version FROM "schema_migrations"[0m
  [4;36;1mSQL (0.1ms)[0m   [0;1mINSERT INTO "schema_migrations" (version) VALUES ('1')[0m
Unable to load roles_user, underlying cause no such file to load -- roles_user.rb 

 /usr/lib/ruby/gems/1.8/gems/activesupport-2.2.2/lib/active_support/dependencies.rb:382:in `load_without_new_constant_marking'
/usr/lib/ruby/gems/1.8/gems/activesupport-2.2.2/lib/active_support/dependencies.rb:382:in `load_file'
/usr/lib/ruby/gems/1.8/gems/activesupport-2.2.2/lib/active_support/dependencies.rb:521:in `new_constants_in'
/usr/lib/ruby/gems/1.8/gems/activesupport-2.2.2/lib/active_support/dependencies.rb:381:in `load_file'
/usr/lib/ruby/gems/1.8/gems/activesupport-2.2.2/lib/active_support/dependencies.rb:256:in `require_or_load'
/usr/lib/ruby/gems/1.8/gems/activesupport-2.2.2/lib/active_support/dependencies.rb:221:in `depend_on'
/usr/lib/ruby/gems/1.8/gems/activesupport-2.2.2/lib/active_support/dependencies.rb:133:in `require_dependency'
/usr/lib/ruby/gems/1.8/gems/activerecord-2.2.2/lib/active_record/fixtures.rb:856:in `try_to_load_dependency'
/usr/lib/ruby/gems/1.8/gems/activerecord-2.2.2/lib/active_record/fixtures.rb:871:in `require_fixture_classes'
/usr/lib/ruby/gems/1.8/gems/activerecord-2.2.2/lib/active_record/fixtures.rb:868:in `each'
/usr/lib/ruby/gems/1.8/gems/activerecord-2.2.2/lib/active_record/fixtures.rb:868:in `require_fixture_classes'
/usr/lib/ruby/gems/1.8/gems/activerecord-2.2.2/lib/active_record/fixtures.rb:851:in `fixtures'
./test/unit/../test_helper.rb:35
test/unit/nested_assignment_test.rb:1:in `require'
test/unit/nested_assignment_test.rb:1
Unable to load service, underlying cause no such file to load -- service.rb 

 /usr/lib/ruby/gems/1.8/gems/activesupport-2.2.2/lib/active_support/dependencies.rb:382:in `load_without_new_constant_marking'
/usr/lib/ruby/gems/1.8/gems/activesupport-2.2.2/lib/active_support/dependencies.rb:382:in `load_file'
/usr/lib/ruby/gems/1.8/gems/activesupport-2.2.2/lib/active_support/dependencies.rb:521:in `new_constants_in'
/usr/lib/ruby/gems/1.8/gems/activesupport-2.2.2/lib/active_support/dependencies.rb:381:in `load_file'
/usr/lib/ruby/gems/1.8/gems/activesupport-2.2.2/lib/active_support/dependencies.rb:256:in `require_or_load'
/usr/lib/ruby/gems/1.8/gems/activesupport-2.2.2/lib/active_support/dependencies.rb:221:in `depend_on'
/usr/lib/ruby/gems/1.8/gems/activesupport-2.2.2/lib/active_support/dependencies.rb:133:in `require_dependency'
/usr/lib/ruby/gems/1.8/gems/activerecord-2.2.2/lib/active_record/fixtures.rb:856:in `try_to_load_dependency'
/usr/lib/ruby/gems/1.8/gems/activerecord-2.2.2/lib/active_record/fixtures.rb:871:in `require_fixture_classes'
/usr/lib/ruby/gems/1.8/gems/activerecord-2.2.2/lib/active_record/fixtures.rb:868:in `each'
/usr/lib/ruby/gems/1.8/gems/activerecord-2.2.2/lib/active_record/fixtures.rb:868:in `require_fixture_classes'
/usr/lib/ruby/gems/1.8/gems/activerecord-2.2.2/lib/active_record/fixtures.rb:851:in `fixtures'
./test/unit/../test_helper.rb:35
test/unit/nested_assignment_test.rb:1:in `require'
test/unit/nested_assignment_test.rb:1
Unable to load subscription, underlying cause no such file to load -- subscription.rb 

 /usr/lib/ruby/gems/1.8/gems/activesupport-2.2.2/lib/active_support/dependencies.rb:382:in `load_without_new_constant_marking'
/usr/lib/ruby/gems/1.8/gems/activesupport-2.2.2/lib/active_support/dependencies.rb:382:in `load_file'
/usr/lib/ruby/gems/1.8/gems/activesupport-2.2.2/lib/active_support/dependencies.rb:521:in `new_constants_in'
/usr/lib/ruby/gems/1.8/gems/activesupport-2.2.2/lib/active_support/dependencies.rb:381:in `load_file'
/usr/lib/ruby/gems/1.8/gems/activesupport-2.2.2/lib/active_support/dependencies.rb:256:in `require_or_load'
/usr/lib/ruby/gems/1.8/gems/activesupport-2.2.2/lib/active_support/dependencies.rb:221:in `depend_on'
/usr/lib/ruby/gems/1.8/gems/activesupport-2.2.2/lib/active_support/dependencies.rb:133:in `require_dependency'
/usr/lib/ruby/gems/1.8/gems/activerecord-2.2.2/lib/active_record/fixtures.rb:856:in `try_to_load_dependency'
/usr/lib/ruby/gems/1.8/gems/activerecord-2.2.2/lib/active_record/fixtures.rb:871:in `require_fixture_classes'
/usr/lib/ruby/gems/1.8/gems/activerecord-2.2.2/lib/active_record/fixtures.rb:868:in `each'
/usr/lib/ruby/gems/1.8/gems/activerecord-2.2.2/lib/active_record/fixtures.rb:868:in `require_fixture_classes'
/usr/lib/ruby/gems/1.8/gems/activerecord-2.2.2/lib/active_record/fixtures.rb:851:in `fixtures'
./test/unit/../test_helper.rb:35
test/unit/nested_assignment_test.rb:1:in `require'
test/unit/nested_assignment_test.rb:1
Unable to load address, underlying cause no such file to load -- address.rb 

 /usr/lib/ruby/gems/1.8/gems/activesupport-2.2.2/lib/active_support/dependencies.rb:382:in `load_without_new_constant_marking'
/usr/lib/ruby/gems/1.8/gems/activesupport-2.2.2/lib/active_support/dependencies.rb:382:in `load_file'
/usr/lib/ruby/gems/1.8/gems/activesupport-2.2.2/lib/active_support/dependencies.rb:521:in `new_constants_in'
/usr/lib/ruby/gems/1.8/gems/activesupport-2.2.2/lib/active_support/dependencies.rb:381:in `load_file'
/usr/lib/ruby/gems/1.8/gems/activesupport-2.2.2/lib/active_support/dependencies.rb:256:in `require_or_load'
/usr/lib/ruby/gems/1.8/gems/activesupport-2.2.2/lib/active_support/dependencies.rb:221:in `depend_on'
/usr/lib/ruby/gems/1.8/gems/activesupport-2.2.2/lib/active_support/dependencies.rb:133:in `require_dependency'
/usr/lib/ruby/gems/1.8/gems/activerecord-2.2.2/lib/active_record/fixtures.rb:856:in `try_to_load_dependency'
/usr/lib/ruby/gems/1.8/gems/activerecord-2.2.2/lib/active_record/fixtures.rb:871:in `require_fixture_classes'
/usr/lib/ruby/gems/1.8/gems/activerecord-2.2.2/lib/active_record/fixtures.rb:868:in `each'
/usr/lib/ruby/gems/1.8/gems/activerecord-2.2.2/lib/active_record/fixtures.rb:868:in `require_fixture_classes'
/usr/lib/ruby/gems/1.8/gems/activerecord-2.2.2/lib/active_record/fixtures.rb:851:in `fixtures'
./test/unit/../test_helper.rb:35
test/unit/nested_assignment_test.rb:1:in `require'
test/unit/nested_assignment_test.rb:1
Unable to load user, underlying cause no such file to load -- user.rb 

 /usr/lib/ruby/gems/1.8/gems/activesupport-2.2.2/lib/active_support/dependencies.rb:382:in `load_without_new_constant_marking'
/usr/lib/ruby/gems/1.8/gems/activesupport-2.2.2/lib/active_support/dependencies.rb:382:in `load_file'
/usr/lib/ruby/gems/1.8/gems/activesupport-2.2.2/lib/active_support/dependencies.rb:521:in `new_constants_in'
/usr/lib/ruby/gems/1.8/gems/activesupport-2.2.2/lib/active_support/dependencies.rb:381:in `load_file'
/usr/lib/ruby/gems/1.8/gems/activesupport-2.2.2/lib/active_support/dependencies.rb:256:in `require_or_load'
/usr/lib/ruby/gems/1.8/gems/activesupport-2.2.2/lib/active_support/dependencies.rb:221:in `depend_on'
/usr/lib/ruby/gems/1.8/gems/activesupport-2.2.2/lib/active_support/dependencies.rb:133:in `require_dependency'
/usr/lib/ruby/gems/1.8/gems/activerecord-2.2.2/lib/active_record/fixtures.rb:856:in `try_to_load_dependency'
/usr/lib/ruby/gems/1.8/gems/activerecord-2.2.2/lib/active_record/fixtures.rb:871:in `require_fixture_classes'
/usr/lib/ruby/gems/1.8/gems/activerecord-2.2.2/lib/active_record/fixtures.rb:868:in `each'
/usr/lib/ruby/gems/1.8/gems/activerecord-2.2.2/lib/active_record/fixtures.rb:868:in `require_fixture_classes'
/usr/lib/ruby/gems/1.8/gems/activerecord-2.2.2/lib/active_record/fixtures.rb:851:in `fixtures'
./test/unit/../test_helper.rb:35
test/unit/nested_assignment_test.rb:1:in `require'
test/unit/nested_assignment_test.rb:1
Unable to load role, underlying cause no such file to load -- role.rb 

 /usr/lib/ruby/gems/1.8/gems/activesupport-2.2.2/lib/active_support/dependencies.rb:382:in `load_without_new_constant_marking'
/usr/lib/ruby/gems/1.8/gems/activesupport-2.2.2/lib/active_support/dependencies.rb:382:in `load_file'
/usr/lib/ruby/gems/1.8/gems/activesupport-2.2.2/lib/active_support/dependencies.rb:521:in `new_constants_in'
/usr/lib/ruby/gems/1.8/gems/activesupport-2.2.2/lib/active_support/dependencies.rb:381:in `load_file'
/usr/lib/ruby/gems/1.8/gems/activesupport-2.2.2/lib/active_support/dependencies.rb:256:in `require_or_load'
/usr/lib/ruby/gems/1.8/gems/activesupport-2.2.2/lib/active_support/dependencies.rb:221:in `depend_on'
/usr/lib/ruby/gems/1.8/gems/activesupport-2.2.2/lib/active_support/dependencies.rb:133:in `require_dependency'
/usr/lib/ruby/gems/1.8/gems/activerecord-2.2.2/lib/active_record/fixtures.rb:856:in `try_to_load_dependency'
/usr/lib/ruby/gems/1.8/gems/activerecord-2.2.2/lib/active_record/fixtures.rb:871:in `require_fixture_classes'
/usr/lib/ruby/gems/1.8/gems/activerecord-2.2.2/lib/active_record/fixtures.rb:868:in `each'
/usr/lib/ruby/gems/1.8/gems/activerecord-2.2.2/lib/active_record/fixtures.rb:868:in `require_fixture_classes'
/usr/lib/ruby/gems/1.8/gems/activerecord-2.2.2/lib/active_record/fixtures.rb:851:in `fixtures'
./test/unit/../test_helper.rb:35
test/unit/nested_assignment_test.rb:1:in `require'
test/unit/nested_assignment_test.rb:1
  [4;35;1mPluginTestModels::User Load (0.1ms)[0m   [0mSELECT * FROM "users" WHERE ("users"."id" = 1) [0m
  [4;36;1mPluginTestModels::Subscription Load (19.8ms)[0m   [0;1mSELECT * FROM "subscriptions" WHERE ("subscriptions"."id" = 1) [0m
  [4;35;1mPluginTestModels::Subscription Load (0.2ms)[0m   [0mSELECT * FROM "subscriptions" WHERE ("subscriptions".user_id = 1) LIMIT 1[0m
  [4;36;1mPluginTestModels::Subscription Load (0.2ms)[0m   [0;1mSELECT * FROM "subscriptions" WHERE ("subscriptions"."id" = 1) [0m
  [4;35;1mPluginTestModels::User Load (0.1ms)[0m   [0mSELECT * FROM "users" WHERE ("users"."id" = 1) [0m
  [4;36;1mPluginTestModels::Subscription Load (0.2ms)[0m   [0;1mSELECT * FROM "subscriptions" WHERE ("subscriptions"."id" = 1) [0m
  [4;35;1mPluginTestModels::Subscription Load (0.2ms)[0m   [0mSELECT * FROM "subscriptions" WHERE ("subscriptions".user_id = 1) LIMIT 1[0m
  [4;36;1mPluginTestModels::Subscription Update (0.1ms)[0m   [0;1mUPDATE "subscriptions" SET "user_id" = NULL WHERE "id" = 1[0m
  [4;35;1mPluginTestModels::Subscription Load (0.2ms)[0m   [0mSELECT * FROM "subscriptions" WHERE ("subscriptions"."id" = 1) [0m
  [4;36;1mPluginTestModels::User Load (0.1ms)[0m   [0;1mSELECT * FROM "users" WHERE ("users"."id" = 1) [0m
  [4;35;1mPluginTestModels::Subscription Load (0.2ms)[0m   [0mSELECT * FROM "subscriptions" WHERE ("subscriptions"."id" = 1) [0m
  [4;36;1mPluginTestModels::Subscription Load (0.2ms)[0m   [0;1mSELECT * FROM "subscriptions" WHERE ("subscriptions".user_id = 1) LIMIT 1[0m
WARNING: Can't mass-assign these protected attributes: id
  [4;35;1mPluginTestModels::Subscription Load (0.2ms)[0m   [0mSELECT * FROM "subscriptions" WHERE ("subscriptions"."id" = 1) [0m
  [4;36;1mPluginTestModels::User Load (0.1ms)[0m   [0;1mSELECT * FROM "users" LIMIT 1[0m
  [4;35;1mPluginTestModels::User Load (0.1ms)[0m   [0mSELECT * FROM "users" LIMIT 1[0m
  [4;36;1mPluginTestModels::Role Load (0.2ms)[0m   [0;1mSELECT * FROM "roles" INNER JOIN "roles_users" ON "roles".id = "roles_users".role_id WHERE ("roles_users".user_id = 1 ) [0m
  [4;35;1mPluginTestModels::User Load (0.1ms)[0m   [0mSELECT * FROM "users" LIMIT 1[0m
  [4;36;1mPluginTestModels::Role Load (0.2ms)[0m   [0;1mSELECT * FROM "roles" INNER JOIN "roles_users" ON "roles".id = "roles_users".role_id WHERE ("roles_users".user_id = 1 ) [0m
  [4;35;1mPluginTestModels::User Load (0.1ms)[0m   [0mSELECT * FROM "users" LIMIT 1[0m
  [4;36;1mPluginTestModels::Address Load (0.2ms)[0m   [0;1mSELECT * FROM "addresses" WHERE ("addresses".addressable_id = 1 AND "addresses".addressable_type = 'PluginTestModels::User') LIMIT 1[0m
  [4;36;1mSQL (0.2ms)[0m   [0;1mselect sqlite_version(*)[0m
  [4;35;1mSQL (0.1ms)[0m   [0m SELECT name
 FROM sqlite_master
 WHERE type = 'table' AND NOT name = 'sqlite_sequence'
[0m
  [4;36;1mSQL (0.3ms)[0m   [0;1mCREATE TABLE "addresses" ("id" INTEGER PRIMARY KEY AUTOINCREMENT NOT NULL, "name" varchar(255), "addressable_id" integer, "addressable_type" varchar(255)) [0m
  [4;35;1mSQL (0.1ms)[0m   [0m SELECT name
 FROM sqlite_master
 WHERE type = 'table' AND NOT name = 'sqlite_sequence'
[0m
  [4;36;1mSQL (0.1ms)[0m   [0;1mCREATE TABLE "users" ("id" INTEGER PRIMARY KEY AUTOINCREMENT NOT NULL, "name" varchar(255)) [0m
  [4;35;1mSQL (0.2ms)[0m   [0m SELECT name
 FROM sqlite_master
 WHERE type = 'table' AND NOT name = 'sqlite_sequence'
[0m
  [4;36;1mSQL (0.1ms)[0m   [0;1mCREATE TABLE "roles_users" ("user_id" integer, "role_id" integer) [0m
  [4;35;1mSQL (0.2ms)[0m   [0m SELECT name
 FROM sqlite_master
 WHERE type = 'table' AND NOT name = 'sqlite_sequence'
[0m
  [4;36;1mSQL (0.1ms)[0m   [0;1mCREATE TABLE "services" ("id" INTEGER PRIMARY KEY AUTOINCREMENT NOT NULL, "name" varchar(255)) [0m
  [4;35;1mSQL (0.2ms)[0m   [0m SELECT name
 FROM sqlite_master
 WHERE type = 'table' AND NOT name = 'sqlite_sequence'
[0m
  [4;36;1mSQL (0.1ms)[0m   [0;1mCREATE TABLE "subscriptions" ("id" INTEGER PRIMARY KEY AUTOINCREMENT NOT NULL, "name" varchar(255), "service_id" integer, "user_id" integer) [0m
  [4;35;1mSQL (0.3ms)[0m   [0m SELECT name
 FROM sqlite_master
 WHERE type = 'table' AND NOT name = 'sqlite_sequence'
[0m
  [4;36;1mSQL (0.1ms)[0m   [0;1mCREATE TABLE "roles" ("id" INTEGER PRIMARY KEY AUTOINCREMENT NOT NULL, "name" varchar(255)) [0m
  [4;35;1mSQL (0.3ms)[0m   [0m SELECT name
 FROM sqlite_master
 WHERE type = 'table' AND NOT name = 'sqlite_sequence'
[0m
  [4;36;1mSQL (0.1ms)[0m   [0;1mCREATE TABLE "schema_migrations" ("version" varchar(255) NOT NULL) [0m
  [4;35;1mSQL (0.1ms)[0m   [0mCREATE UNIQUE INDEX "unique_schema_migrations" ON "schema_migrations" ("version")[0m
  [4;36;1mSQL (0.4ms)[0m   [0;1m SELECT name
 FROM sqlite_master
 WHERE type = 'table' AND NOT name = 'sqlite_sequence'
[0m
  [4;35;1mSQL (0.1ms)[0m   [0mSELECT version FROM "schema_migrations"[0m
  [4;36;1mSQL (0.1ms)[0m   [0;1mINSERT INTO "schema_migrations" (version) VALUES ('1')[0m
Unable to load roles_user, underlying cause no such file to load -- roles_user.rb 

 /usr/lib/ruby/gems/1.8/gems/activesupport-2.2.2/lib/active_support/dependencies.rb:382:in `load_without_new_constant_marking'
/usr/lib/ruby/gems/1.8/gems/activesupport-2.2.2/lib/active_support/dependencies.rb:382:in `load_file'
/usr/lib/ruby/gems/1.8/gems/activesupport-2.2.2/lib/active_support/dependencies.rb:521:in `new_constants_in'
/usr/lib/ruby/gems/1.8/gems/activesupport-2.2.2/lib/active_support/dependencies.rb:381:in `load_file'
/usr/lib/ruby/gems/1.8/gems/activesupport-2.2.2/lib/active_support/dependencies.rb:256:in `require_or_load'
/usr/lib/ruby/gems/1.8/gems/activesupport-2.2.2/lib/active_support/dependencies.rb:221:in `depend_on'
/usr/lib/ruby/gems/1.8/gems/activesupport-2.2.2/lib/active_support/dependencies.rb:133:in `require_dependency'
/usr/lib/ruby/gems/1.8/gems/activerecord-2.2.2/lib/active_record/fixtures.rb:856:in `try_to_load_dependency'
/usr/lib/ruby/gems/1.8/gems/activerecord-2.2.2/lib/active_record/fixtures.rb:871:in `require_fixture_classes'
/usr/lib/ruby/gems/1.8/gems/activerecord-2.2.2/lib/active_record/fixtures.rb:868:in `each'
/usr/lib/ruby/gems/1.8/gems/activerecord-2.2.2/lib/active_record/fixtures.rb:868:in `require_fixture_classes'
/usr/lib/ruby/gems/1.8/gems/activerecord-2.2.2/lib/active_record/fixtures.rb:851:in `fixtures'
./test/unit/../test_helper.rb:35
test/unit/nested_assignment_test.rb:1:in `require'
test/unit/nested_assignment_test.rb:1
Unable to load service, underlying cause no such file to load -- service.rb 

 /usr/lib/ruby/gems/1.8/gems/activesupport-2.2.2/lib/active_support/dependencies.rb:382:in `load_without_new_constant_marking'
/usr/lib/ruby/gems/1.8/gems/activesupport-2.2.2/lib/active_support/dependencies.rb:382:in `load_file'
/usr/lib/ruby/gems/1.8/gems/activesupport-2.2.2/lib/active_support/dependencies.rb:521:in `new_constants_in'
/usr/lib/ruby/gems/1.8/gems/activesupport-2.2.2/lib/active_support/dependencies.rb:381:in `load_file'
/usr/lib/ruby/gems/1.8/gems/activesupport-2.2.2/lib/active_support/dependencies.rb:256:in `require_or_load'
/usr/lib/ruby/gems/1.8/gems/activesupport-2.2.2/lib/active_support/dependencies.rb:221:in `depend_on'
/usr/lib/ruby/gems/1.8/gems/activesupport-2.2.2/lib/active_support/dependencies.rb:133:in `require_dependency'
/usr/lib/ruby/gems/1.8/gems/activerecord-2.2.2/lib/active_record/fixtures.rb:856:in `try_to_load_dependency'
/usr/lib/ruby/gems/1.8/gems/activerecord-2.2.2/lib/active_record/fixtures.rb:871:in `require_fixture_classes'
/usr/lib/ruby/gems/1.8/gems/activerecord-2.2.2/lib/active_record/fixtures.rb:868:in `each'
/usr/lib/ruby/gems/1.8/gems/activerecord-2.2.2/lib/active_record/fixtures.rb:868:in `require_fixture_classes'
/usr/lib/ruby/gems/1.8/gems/activerecord-2.2.2/lib/active_record/fixtures.rb:851:in `fixtures'
./test/unit/../test_helper.rb:35
test/unit/nested_assignment_test.rb:1:in `require'
test/unit/nested_assignment_test.rb:1
Unable to load subscription, underlying cause no such file to load -- subscription.rb 

 /usr/lib/ruby/gems/1.8/gems/activesupport-2.2.2/lib/active_support/dependencies.rb:382:in `load_without_new_constant_marking'
/usr/lib/ruby/gems/1.8/gems/activesupport-2.2.2/lib/active_support/dependencies.rb:382:in `load_file'
/usr/lib/ruby/gems/1.8/gems/activesupport-2.2.2/lib/active_support/dependencies.rb:521:in `new_constants_in'
/usr/lib/ruby/gems/1.8/gems/activesupport-2.2.2/lib/active_support/dependencies.rb:381:in `load_file'
/usr/lib/ruby/gems/1.8/gems/activesupport-2.2.2/lib/active_support/dependencies.rb:256:in `require_or_load'
/usr/lib/ruby/gems/1.8/gems/activesupport-2.2.2/lib/active_support/dependencies.rb:221:in `depend_on'
/usr/lib/ruby/gems/1.8/gems/activesupport-2.2.2/lib/active_support/dependencies.rb:133:in `require_dependency'
/usr/lib/ruby/gems/1.8/gems/activerecord-2.2.2/lib/active_record/fixtures.rb:856:in `try_to_load_dependency'
/usr/lib/ruby/gems/1.8/gems/activerecord-2.2.2/lib/active_record/fixtures.rb:871:in `require_fixture_classes'
/usr/lib/ruby/gems/1.8/gems/activerecord-2.2.2/lib/active_record/fixtures.rb:868:in `each'
/usr/lib/ruby/gems/1.8/gems/activerecord-2.2.2/lib/active_record/fixtures.rb:868:in `require_fixture_classes'
/usr/lib/ruby/gems/1.8/gems/activerecord-2.2.2/lib/active_record/fixtures.rb:851:in `fixtures'
./test/unit/../test_helper.rb:35
test/unit/nested_assignment_test.rb:1:in `require'
test/unit/nested_assignment_test.rb:1
Unable to load address, underlying cause no such file to load -- address.rb 

 /usr/lib/ruby/gems/1.8/gems/activesupport-2.2.2/lib/active_support/dependencies.rb:382:in `load_without_new_constant_marking'
/usr/lib/ruby/gems/1.8/gems/activesupport-2.2.2/lib/active_support/dependencies.rb:382:in `load_file'
/usr/lib/ruby/gems/1.8/gems/activesupport-2.2.2/lib/active_support/dependencies.rb:521:in `new_constants_in'
/usr/lib/ruby/gems/1.8/gems/activesupport-2.2.2/lib/active_support/dependencies.rb:381:in `load_file'
/usr/lib/ruby/gems/1.8/gems/activesupport-2.2.2/lib/active_support/dependencies.rb:256:in `require_or_load'
/usr/lib/ruby/gems/1.8/gems/activesupport-2.2.2/lib/active_support/dependencies.rb:221:in `depend_on'
/usr/lib/ruby/gems/1.8/gems/activesupport-2.2.2/lib/active_support/dependencies.rb:133:in `require_dependency'
/usr/lib/ruby/gems/1.8/gems/activerecord-2.2.2/lib/active_record/fixtures.rb:856:in `try_to_load_dependency'
/usr/lib/ruby/gems/1.8/gems/activerecord-2.2.2/lib/active_record/fixtures.rb:871:in `require_fixture_classes'
/usr/lib/ruby/gems/1.8/gems/activerecord-2.2.2/lib/active_record/fixtures.rb:868:in `each'
/usr/lib/ruby/gems/1.8/gems/activerecord-2.2.2/lib/active_record/fixtures.rb:868:in `require_fixture_classes'
/usr/lib/ruby/gems/1.8/gems/activerecord-2.2.2/lib/active_record/fixtures.rb:851:in `fixtures'
./test/unit/../test_helper.rb:35
test/unit/nested_assignment_test.rb:1:in `require'
test/unit/nested_assignment_test.rb:1
Unable to load user, underlying cause no such file to load -- user.rb 

 /usr/lib/ruby/gems/1.8/gems/activesupport-2.2.2/lib/active_support/dependencies.rb:382:in `load_without_new_constant_marking'
/usr/lib/ruby/gems/1.8/gems/activesupport-2.2.2/lib/active_support/dependencies.rb:382:in `load_file'
/usr/lib/ruby/gems/1.8/gems/activesupport-2.2.2/lib/active_support/dependencies.rb:521:in `new_constants_in'
/usr/lib/ruby/gems/1.8/gems/activesupport-2.2.2/lib/active_support/dependencies.rb:381:in `load_file'
/usr/lib/ruby/gems/1.8/gems/activesupport-2.2.2/lib/active_support/dependencies.rb:256:in `require_or_load'
/usr/lib/ruby/gems/1.8/gems/activesupport-2.2.2/lib/active_support/dependencies.rb:221:in `depend_on'
/usr/lib/ruby/gems/1.8/gems/activesupport-2.2.2/lib/active_support/dependencies.rb:133:in `require_dependency'
/usr/lib/ruby/gems/1.8/gems/activerecord-2.2.2/lib/active_record/fixtures.rb:856:in `try_to_load_dependency'
/usr/lib/ruby/gems/1.8/gems/activerecord-2.2.2/lib/active_record/fixtures.rb:871:in `require_fixture_classes'
/usr/lib/ruby/gems/1.8/gems/activerecord-2.2.2/lib/active_record/fixtures.rb:868:in `each'
/usr/lib/ruby/gems/1.8/gems/activerecord-2.2.2/lib/active_record/fixtures.rb:868:in `require_fixture_classes'
/usr/lib/ruby/gems/1.8/gems/activerecord-2.2.2/lib/active_record/fixtures.rb:851:in `fixtures'
./test/unit/../test_helper.rb:35
test/unit/nested_assignment_test.rb:1:in `require'
test/unit/nested_assignment_test.rb:1
Unable to load role, underlying cause no such file to load -- role.rb 

 /usr/lib/ruby/gems/1.8/gems/activesupport-2.2.2/lib/active_support/dependencies.rb:382:in `load_without_new_constant_marking'
/usr/lib/ruby/gems/1.8/gems/activesupport-2.2.2/lib/active_support/dependencies.rb:382:in `load_file'
/usr/lib/ruby/gems/1.8/gems/activesupport-2.2.2/lib/active_support/dependencies.rb:521:in `new_constants_in'
/usr/lib/ruby/gems/1.8/gems/activesupport-2.2.2/lib/active_support/dependencies.rb:381:in `load_file'
/usr/lib/ruby/gems/1.8/gems/activesupport-2.2.2/lib/active_support/dependencies.rb:256:in `require_or_load'
/usr/lib/ruby/gems/1.8/gems/activesupport-2.2.2/lib/active_support/dependencies.rb:221:in `depend_on'
/usr/lib/ruby/gems/1.8/gems/activesupport-2.2.2/lib/active_support/dependencies.rb:133:in `require_dependency'
/usr/lib/ruby/gems/1.8/gems/activerecord-2.2.2/lib/active_record/fixtures.rb:856:in `try_to_load_dependency'
/usr/lib/ruby/gems/1.8/gems/activerecord-2.2.2/lib/active_record/fixtures.rb:871:in `require_fixture_classes'
/usr/lib/ruby/gems/1.8/gems/activerecord-2.2.2/lib/active_record/fixtures.rb:868:in `each'
/usr/lib/ruby/gems/1.8/gems/activerecord-2.2.2/lib/active_record/fixtures.rb:868:in `require_fixture_classes'
/usr/lib/ruby/gems/1.8/gems/activerecord-2.2.2/lib/active_record/fixtures.rb:851:in `fixtures'
./test/unit/../test_helper.rb:35
test/unit/nested_assignment_test.rb:1:in `require'
test/unit/nested_assignment_test.rb:1
  [4;35;1mPluginTestModels::User Load (0.1ms)[0m   [0mSELECT * FROM "users" WHERE ("users"."id" = 1) [0m
  [4;36;1mPluginTestModels::Subscription Load (0.4ms)[0m   [0;1mSELECT * FROM "subscriptions" WHERE ("subscriptions"."id" = 1) [0m
  [4;35;1mPluginTestModels::Subscription Load (0.2ms)[0m   [0mSELECT * FROM "subscriptions" WHERE ("subscriptions".user_id = 1) LIMIT 1[0m
  [4;36;1mPluginTestModels::Subscription Load (0.2ms)[0m   [0;1mSELECT * FROM "subscriptions" WHERE ("subscriptions"."id" = 1) [0m
  [4;35;1mPluginTestModels::User Load (0.1ms)[0m   [0mSELECT * FROM "users" WHERE ("users"."id" = 1) [0m
  [4;36;1mPluginTestModels::Subscription Load (0.2ms)[0m   [0;1mSELECT * FROM "subscriptions" WHERE ("subscriptions"."id" = 1) [0m
  [4;35;1mPluginTestModels::Subscription Load (0.2ms)[0m   [0mSELECT * FROM "subscriptions" WHERE ("subscriptions".user_id = 1) LIMIT 1[0m
  [4;36;1mPluginTestModels::Subscription Update (0.1ms)[0m   [0;1mUPDATE "subscriptions" SET "user_id" = NULL WHERE "id" = 1[0m
  [4;35;1mPluginTestModels::Subscription Load (0.2ms)[0m   [0mSELECT * FROM "subscriptions" WHERE ("subscriptions"."id" = 1) [0m
  [4;36;1mPluginTestModels::User Load (0.1ms)[0m   [0;1mSELECT * FROM "users" WHERE ("users"."id" = 1) [0m
  [4;35;1mPluginTestModels::Subscription Load (0.2ms)[0m   [0mSELECT * FROM "subscriptions" WHERE ("subscriptions"."id" = 1) [0m
  [4;36;1mPluginTestModels::Subscription Load (0.2ms)[0m   [0;1mSELECT * FROM "subscriptions" WHERE ("subscriptions".user_id = 1) LIMIT 1[0m
WARNING: Can't mass-assign these protected attributes: id
  [4;35;1mPluginTestModels::Subscription Load (0.2ms)[0m   [0mSELECT * FROM "subscriptions" WHERE ("subscriptions"."id" = 1) [0m
  [4;36;1mPluginTestModels::User Load (0.1ms)[0m   [0;1mSELECT * FROM "users" LIMIT 1[0m
  [4;35;1mPluginTestModels::User Load (0.1ms)[0m   [0mSELECT * FROM "users" LIMIT 1[0m
  [4;36;1mPluginTestModels::Role Load (0.2ms)[0m   [0;1mSELECT * FROM "roles" INNER JOIN "roles_users" ON "roles".id = "roles_users".role_id WHERE ("roles_users".user_id = 1 ) [0m
  [4;35;1mPluginTestModels::User Load (0.1ms)[0m   [0mSELECT * FROM "users" LIMIT 1[0m
  [4;36;1mPluginTestModels::Role Load (0.2ms)[0m   [0;1mSELECT * FROM "roles" INNER JOIN "roles_users" ON "roles".id = "roles_users".role_id WHERE ("roles_users".user_id = 1 ) [0m
  [4;35;1mPluginTestModels::User Load (0.1ms)[0m   [0mSELECT * FROM "users" LIMIT 1[0m
  [4;36;1mPluginTestModels::Address Load (0.2ms)[0m   [0;1mSELECT * FROM "addresses" WHERE ("addresses".addressable_id = 1 AND "addresses".addressable_type = 'PluginTestModels::User') LIMIT 1[0m
  [4;36;1mSQL (0.2ms)[0m   [0;1mselect sqlite_version(*)[0m
  [4;35;1mSQL (0.1ms)[0m   [0m SELECT name
 FROM sqlite_master
 WHERE type = 'table' AND NOT name = 'sqlite_sequence'
[0m
  [4;36;1mSQL (0.2ms)[0m   [0;1mCREATE TABLE "addresses" ("id" INTEGER PRIMARY KEY AUTOINCREMENT NOT NULL, "name" varchar(255), "addressable_id" integer, "addressable_type" varchar(255)) [0m
  [4;35;1mSQL (0.1ms)[0m   [0m SELECT name
 FROM sqlite_master
 WHERE type = 'table' AND NOT name = 'sqlite_sequence'
[0m
  [4;36;1mSQL (0.1ms)[0m   [0;1mCREATE TABLE "users" ("id" INTEGER PRIMARY KEY AUTOINCREMENT NOT NULL, "name" varchar(255)) [0m
  [4;35;1mSQL (0.2ms)[0m   [0m SELECT name
 FROM sqlite_master
 WHERE type = 'table' AND NOT name = 'sqlite_sequence'
[0m
  [4;36;1mSQL (0.1ms)[0m   [0;1mCREATE TABLE "roles_users" ("user_id" integer, "role_id" integer) [0m
  [4;35;1mSQL (0.2ms)[0m   [0m SELECT name
 FROM sqlite_master
 WHERE type = 'table' AND NOT name = 'sqlite_sequence'
[0m
  [4;36;1mSQL (0.1ms)[0m   [0;1mCREATE TABLE "services" ("id" INTEGER PRIMARY KEY AUTOINCREMENT NOT NULL, "name" varchar(255)) [0m
  [4;35;1mSQL (0.2ms)[0m   [0m SELECT name
 FROM sqlite_master
 WHERE type = 'table' AND NOT name = 'sqlite_sequence'
[0m
  [4;36;1mSQL (0.1ms)[0m   [0;1mCREATE TABLE "subscriptions" ("id" INTEGER PRIMARY KEY AUTOINCREMENT NOT NULL, "name" varchar(255), "service_id" integer, "user_id" integer) [0m
  [4;35;1mSQL (0.3ms)[0m   [0m SELECT name
 FROM sqlite_master
 WHERE type = 'table' AND NOT name = 'sqlite_sequence'
[0m
  [4;36;1mSQL (0.1ms)[0m   [0;1mCREATE TABLE "roles" ("id" INTEGER PRIMARY KEY AUTOINCREMENT NOT NULL, "name" varchar(255)) [0m
  [4;35;1mSQL (0.3ms)[0m   [0m SELECT name
 FROM sqlite_master
 WHERE type = 'table' AND NOT name = 'sqlite_sequence'
[0m
  [4;36;1mSQL (0.1ms)[0m   [0;1mCREATE TABLE "schema_migrations" ("version" varchar(255) NOT NULL) [0m
  [4;35;1mSQL (0.1ms)[0m   [0mCREATE UNIQUE INDEX "unique_schema_migrations" ON "schema_migrations" ("version")[0m
  [4;36;1mSQL (0.4ms)[0m   [0;1m SELECT name
 FROM sqlite_master
 WHERE type = 'table' AND NOT name = 'sqlite_sequence'
[0m
  [4;35;1mSQL (0.1ms)[0m   [0mSELECT version FROM "schema_migrations"[0m
  [4;36;1mSQL (0.1ms)[0m   [0;1mINSERT INTO "schema_migrations" (version) VALUES ('1')[0m
Unable to load roles_user, underlying cause no such file to load -- roles_user.rb 

 /usr/lib/ruby/gems/1.8/gems/activesupport-2.2.2/lib/active_support/dependencies.rb:382:in `load_without_new_constant_marking'
/usr/lib/ruby/gems/1.8/gems/activesupport-2.2.2/lib/active_support/dependencies.rb:382:in `load_file'
/usr/lib/ruby/gems/1.8/gems/activesupport-2.2.2/lib/active_support/dependencies.rb:521:in `new_constants_in'
/usr/lib/ruby/gems/1.8/gems/activesupport-2.2.2/lib/active_support/dependencies.rb:381:in `load_file'
/usr/lib/ruby/gems/1.8/gems/activesupport-2.2.2/lib/active_support/dependencies.rb:256:in `require_or_load'
/usr/lib/ruby/gems/1.8/gems/activesupport-2.2.2/lib/active_support/dependencies.rb:221:in `depend_on'
/usr/lib/ruby/gems/1.8/gems/activesupport-2.2.2/lib/active_support/dependencies.rb:133:in `require_dependency'
/usr/lib/ruby/gems/1.8/gems/activerecord-2.2.2/lib/active_record/fixtures.rb:856:in `try_to_load_dependency'
/usr/lib/ruby/gems/1.8/gems/activerecord-2.2.2/lib/active_record/fixtures.rb:871:in `require_fixture_classes'
/usr/lib/ruby/gems/1.8/gems/activerecord-2.2.2/lib/active_record/fixtures.rb:868:in `each'
/usr/lib/ruby/gems/1.8/gems/activerecord-2.2.2/lib/active_record/fixtures.rb:868:in `require_fixture_classes'
/usr/lib/ruby/gems/1.8/gems/activerecord-2.2.2/lib/active_record/fixtures.rb:851:in `fixtures'
./test/unit/../test_helper.rb:35
test/unit/nested_assignment_test.rb:1:in `require'
test/unit/nested_assignment_test.rb:1
Unable to load service, underlying cause no such file to load -- service.rb 

 /usr/lib/ruby/gems/1.8/gems/activesupport-2.2.2/lib/active_support/dependencies.rb:382:in `load_without_new_constant_marking'
/usr/lib/ruby/gems/1.8/gems/activesupport-2.2.2/lib/active_support/dependencies.rb:382:in `load_file'
/usr/lib/ruby/gems/1.8/gems/activesupport-2.2.2/lib/active_support/dependencies.rb:521:in `new_constants_in'
/usr/lib/ruby/gems/1.8/gems/activesupport-2.2.2/lib/active_support/dependencies.rb:381:in `load_file'
/usr/lib/ruby/gems/1.8/gems/activesupport-2.2.2/lib/active_support/dependencies.rb:256:in `require_or_load'
/usr/lib/ruby/gems/1.8/gems/activesupport-2.2.2/lib/active_support/dependencies.rb:221:in `depend_on'
/usr/lib/ruby/gems/1.8/gems/activesupport-2.2.2/lib/active_support/dependencies.rb:133:in `require_dependency'
/usr/lib/ruby/gems/1.8/gems/activerecord-2.2.2/lib/active_record/fixtures.rb:856:in `try_to_load_dependency'
/usr/lib/ruby/gems/1.8/gems/activerecord-2.2.2/lib/active_record/fixtures.rb:871:in `require_fixture_classes'
/usr/lib/ruby/gems/1.8/gems/activerecord-2.2.2/lib/active_record/fixtures.rb:868:in `each'
/usr/lib/ruby/gems/1.8/gems/activerecord-2.2.2/lib/active_record/fixtures.rb:868:in `require_fixture_classes'
/usr/lib/ruby/gems/1.8/gems/activerecord-2.2.2/lib/active_record/fixtures.rb:851:in `fixtures'
./test/unit/../test_helper.rb:35
test/unit/nested_assignment_test.rb:1:in `require'
test/unit/nested_assignment_test.rb:1
Unable to load subscription, underlying cause no such file to load -- subscription.rb 

 /usr/lib/ruby/gems/1.8/gems/activesupport-2.2.2/lib/active_support/dependencies.rb:382:in `load_without_new_constant_marking'
/usr/lib/ruby/gems/1.8/gems/activesupport-2.2.2/lib/active_support/dependencies.rb:382:in `load_file'
/usr/lib/ruby/gems/1.8/gems/activesupport-2.2.2/lib/active_support/dependencies.rb:521:in `new_constants_in'
/usr/lib/ruby/gems/1.8/gems/activesupport-2.2.2/lib/active_support/dependencies.rb:381:in `load_file'
/usr/lib/ruby/gems/1.8/gems/activesupport-2.2.2/lib/active_support/dependencies.rb:256:in `require_or_load'
/usr/lib/ruby/gems/1.8/gems/activesupport-2.2.2/lib/active_support/dependencies.rb:221:in `depend_on'
/usr/lib/ruby/gems/1.8/gems/activesupport-2.2.2/lib/active_support/dependencies.rb:133:in `require_dependency'
/usr/lib/ruby/gems/1.8/gems/activerecord-2.2.2/lib/active_record/fixtures.rb:856:in `try_to_load_dependency'
/usr/lib/ruby/gems/1.8/gems/activerecord-2.2.2/lib/active_record/fixtures.rb:871:in `require_fixture_classes'
/usr/lib/ruby/gems/1.8/gems/activerecord-2.2.2/lib/active_record/fixtures.rb:868:in `each'
/usr/lib/ruby/gems/1.8/gems/activerecord-2.2.2/lib/active_record/fixtures.rb:868:in `require_fixture_classes'
/usr/lib/ruby/gems/1.8/gems/activerecord-2.2.2/lib/active_record/fixtures.rb:851:in `fixtures'
./test/unit/../test_helper.rb:35
test/unit/nested_assignment_test.rb:1:in `require'
test/unit/nested_assignment_test.rb:1
Unable to load address, underlying cause no such file to load -- address.rb 

 /usr/lib/ruby/gems/1.8/gems/activesupport-2.2.2/lib/active_support/dependencies.rb:382:in `load_without_new_constant_marking'
/usr/lib/ruby/gems/1.8/gems/activesupport-2.2.2/lib/active_support/dependencies.rb:382:in `load_file'
/usr/lib/ruby/gems/1.8/gems/activesupport-2.2.2/lib/active_support/dependencies.rb:521:in `new_constants_in'
/usr/lib/ruby/gems/1.8/gems/activesupport-2.2.2/lib/active_support/dependencies.rb:381:in `load_file'
/usr/lib/ruby/gems/1.8/gems/activesupport-2.2.2/lib/active_support/dependencies.rb:256:in `require_or_load'
/usr/lib/ruby/gems/1.8/gems/activesupport-2.2.2/lib/active_support/dependencies.rb:221:in `depend_on'
/usr/lib/ruby/gems/1.8/gems/activesupport-2.2.2/lib/active_support/dependencies.rb:133:in `require_dependency'
/usr/lib/ruby/gems/1.8/gems/activerecord-2.2.2/lib/active_record/fixtures.rb:856:in `try_to_load_dependency'
/usr/lib/ruby/gems/1.8/gems/activerecord-2.2.2/lib/active_record/fixtures.rb:871:in `require_fixture_classes'
/usr/lib/ruby/gems/1.8/gems/activerecord-2.2.2/lib/active_record/fixtures.rb:868:in `each'
/usr/lib/ruby/gems/1.8/gems/activerecord-2.2.2/lib/active_record/fixtures.rb:868:in `require_fixture_classes'
/usr/lib/ruby/gems/1.8/gems/activerecord-2.2.2/lib/active_record/fixtures.rb:851:in `fixtures'
./test/unit/../test_helper.rb:35
test/unit/nested_assignment_test.rb:1:in `require'
test/unit/nested_assignment_test.rb:1
Unable to load user, underlying cause no such file to load -- user.rb 

 /usr/lib/ruby/gems/1.8/gems/activesupport-2.2.2/lib/active_support/dependencies.rb:382:in `load_without_new_constant_marking'
/usr/lib/ruby/gems/1.8/gems/activesupport-2.2.2/lib/active_support/dependencies.rb:382:in `load_file'
/usr/lib/ruby/gems/1.8/gems/activesupport-2.2.2/lib/active_support/dependencies.rb:521:in `new_constants_in'
/usr/lib/ruby/gems/1.8/gems/activesupport-2.2.2/lib/active_support/dependencies.rb:381:in `load_file'
/usr/lib/ruby/gems/1.8/gems/activesupport-2.2.2/lib/active_support/dependencies.rb:256:in `require_or_load'
/usr/lib/ruby/gems/1.8/gems/activesupport-2.2.2/lib/active_support/dependencies.rb:221:in `depend_on'
/usr/lib/ruby/gems/1.8/gems/activesupport-2.2.2/lib/active_support/dependencies.rb:133:in `require_dependency'
/usr/lib/ruby/gems/1.8/gems/activerecord-2.2.2/lib/active_record/fixtures.rb:856:in `try_to_load_dependency'
/usr/lib/ruby/gems/1.8/gems/activerecord-2.2.2/lib/active_record/fixtures.rb:871:in `require_fixture_classes'
/usr/lib/ruby/gems/1.8/gems/activerecord-2.2.2/lib/active_record/fixtures.rb:868:in `each'
/usr/lib/ruby/gems/1.8/gems/activerecord-2.2.2/lib/active_record/fixtures.rb:868:in `require_fixture_classes'
/usr/lib/ruby/gems/1.8/gems/activerecord-2.2.2/lib/active_record/fixtures.rb:851:in `fixtures'
./test/unit/../test_helper.rb:35
test/unit/nested_assignment_test.rb:1:in `require'
test/unit/nested_assignment_test.rb:1
Unable to load role, underlying cause no such file to load -- role.rb 

 /usr/lib/ruby/gems/1.8/gems/activesupport-2.2.2/lib/active_support/dependencies.rb:382:in `load_without_new_constant_marking'
/usr/lib/ruby/gems/1.8/gems/activesupport-2.2.2/lib/active_support/dependencies.rb:382:in `load_file'
/usr/lib/ruby/gems/1.8/gems/activesupport-2.2.2/lib/active_support/dependencies.rb:521:in `new_constants_in'
/usr/lib/ruby/gems/1.8/gems/activesupport-2.2.2/lib/active_support/dependencies.rb:381:in `load_file'
/usr/lib/ruby/gems/1.8/gems/activesupport-2.2.2/lib/active_support/dependencies.rb:256:in `require_or_load'
/usr/lib/ruby/gems/1.8/gems/activesupport-2.2.2/lib/active_support/dependencies.rb:221:in `depend_on'
/usr/lib/ruby/gems/1.8/gems/activesupport-2.2.2/lib/active_support/dependencies.rb:133:in `require_dependency'
/usr/lib/ruby/gems/1.8/gems/activerecord-2.2.2/lib/active_record/fixtures.rb:856:in `try_to_load_dependency'
/usr/lib/ruby/gems/1.8/gems/activerecord-2.2.2/lib/active_record/fixtures.rb:871:in `require_fixture_classes'
/usr/lib/ruby/gems/1.8/gems/activerecord-2.2.2/lib/active_record/fixtures.rb:868:in `each'
/usr/lib/ruby/gems/1.8/gems/activerecord-2.2.2/lib/active_record/fixtures.rb:868:in `require_fixture_classes'
/usr/lib/ruby/gems/1.8/gems/activerecord-2.2.2/lib/active_record/fixtures.rb:851:in `fixtures'
./test/unit/../test_helper.rb:35
test/unit/nested_assignment_test.rb:1:in `require'
test/unit/nested_assignment_test.rb:1
  [4;35;1mPluginTestModels::User Load (0.1ms)[0m   [0mSELECT * FROM "users" WHERE ("users"."id" = 1) [0m
  [4;36;1mPluginTestModels::Subscription Load (0.2ms)[0m   [0;1mSELECT * FROM "subscriptions" WHERE ("subscriptions"."id" = 1) [0m
  [4;35;1mPluginTestModels::Subscription Load (0.2ms)[0m   [0mSELECT * FROM "subscriptions" WHERE ("subscriptions".user_id = 1) LIMIT 1[0m
  [4;36;1mPluginTestModels::Subscription Load (0.2ms)[0m   [0;1mSELECT * FROM "subscriptions" WHERE ("subscriptions"."id" = 1) [0m
  [4;35;1mPluginTestModels::User Load (0.1ms)[0m   [0mSELECT * FROM "users" WHERE ("users"."id" = 1) [0m
  [4;36;1mPluginTestModels::Subscription Load (0.2ms)[0m   [0;1mSELECT * FROM "subscriptions" WHERE ("subscriptions"."id" = 1) [0m
  [4;35;1mPluginTestModels::Subscription Load (0.2ms)[0m   [0mSELECT * FROM "subscriptions" WHERE ("subscriptions".user_id = 1) LIMIT 1[0m
  [4;36;1mPluginTestModels::Subscription Update (0.1ms)[0m   [0;1mUPDATE "subscriptions" SET "user_id" = NULL WHERE "id" = 1[0m
  [4;35;1mPluginTestModels::Subscription Load (0.2ms)[0m   [0mSELECT * FROM "subscriptions" WHERE ("subscriptions"."id" = 1) [0m
  [4;36;1mPluginTestModels::Subscription Load (0.2ms)[0m   [0;1mSELECT * FROM "subscriptions" WHERE ("subscriptions"."id" = 1) [0m
  [4;35;1mPluginTestModels::User Load (0.1ms)[0m   [0mSELECT * FROM "users" WHERE ("users"."id" = 1) [0m
  [4;36;1mPluginTestModels::Subscription Load (0.2ms)[0m   [0;1mSELECT * FROM "subscriptions" WHERE ("subscriptions"."id" = 1) [0m
  [4;35;1mPluginTestModels::Subscription Load (0.2ms)[0m   [0mSELECT * FROM "subscriptions" WHERE ("subscriptions".user_id = 1) LIMIT 1[0m
WARNING: Can't mass-assign these protected attributes: id
  [4;36;1mPluginTestModels::Subscription Load (0.2ms)[0m   [0;1mSELECT * FROM "subscriptions" WHERE ("subscriptions"."id" = 1) [0m
  [4;35;1mPluginTestModels::User Load (0.1ms)[0m   [0mSELECT * FROM "users" LIMIT 1[0m
  [4;36;1mPluginTestModels::User Load (0.1ms)[0m   [0;1mSELECT * FROM "users" LIMIT 1[0m
  [4;35;1mPluginTestModels::Role Load (0.2ms)[0m   [0mSELECT * FROM "roles" INNER JOIN "roles_users" ON "roles".id = "roles_users".role_id WHERE ("roles_users".user_id = 1 ) [0m
  [4;36;1mPluginTestModels::User Load (0.1ms)[0m   [0;1mSELECT * FROM "users" LIMIT 1[0m
  [4;35;1mPluginTestModels::Role Load (0.2ms)[0m   [0mSELECT * FROM "roles" INNER JOIN "roles_users" ON "roles".id = "roles_users".role_id WHERE ("roles_users".user_id = 1 ) [0m
  [4;36;1mPluginTestModels::User Load (0.1ms)[0m   [0;1mSELECT * FROM "users" LIMIT 1[0m
  [4;35;1mPluginTestModels::Address Load (0.2ms)[0m   [0mSELECT * FROM "addresses" WHERE ("addresses".addressable_id = 1 AND "addresses".addressable_type = 'PluginTestModels::User') LIMIT 1[0m
  [4;36;1mSQL (0.2ms)[0m   [0;1mselect sqlite_version(*)[0m
  [4;35;1mSQL (0.1ms)[0m   [0m SELECT name
 FROM sqlite_master
 WHERE type = 'table' AND NOT name = 'sqlite_sequence'
[0m
  [4;36;1mSQL (0.2ms)[0m   [0;1mCREATE TABLE "addresses" ("id" INTEGER PRIMARY KEY AUTOINCREMENT NOT NULL, "name" varchar(255), "addressable_id" integer, "addressable_type" varchar(255)) [0m
  [4;35;1mSQL (0.1ms)[0m   [0m SELECT name
 FROM sqlite_master
 WHERE type = 'table' AND NOT name = 'sqlite_sequence'
[0m
  [4;36;1mSQL (0.1ms)[0m   [0;1mCREATE TABLE "users" ("id" INTEGER PRIMARY KEY AUTOINCREMENT NOT NULL, "name" varchar(255)) [0m
  [4;35;1mSQL (0.2ms)[0m   [0m SELECT name
 FROM sqlite_master
 WHERE type = 'table' AND NOT name = 'sqlite_sequence'
[0m
  [4;36;1mSQL (0.1ms)[0m   [0;1mCREATE TABLE "roles_users" ("user_id" integer, "role_id" integer) [0m
  [4;35;1mSQL (0.2ms)[0m   [0m SELECT name
 FROM sqlite_master
 WHERE type = 'table' AND NOT name = 'sqlite_sequence'
[0m
  [4;36;1mSQL (0.1ms)[0m   [0;1mCREATE TABLE "services" ("id" INTEGER PRIMARY KEY AUTOINCREMENT NOT NULL, "name" varchar(255)) [0m
  [4;35;1mSQL (0.2ms)[0m   [0m SELECT name
 FROM sqlite_master
 WHERE type = 'table' AND NOT name = 'sqlite_sequence'
[0m
  [4;36;1mSQL (0.1ms)[0m   [0;1mCREATE TABLE "subscriptions" ("id" INTEGER PRIMARY KEY AUTOINCREMENT NOT NULL, "name" varchar(255), "service_id" integer, "user_id" integer) [0m
  [4;35;1mSQL (0.3ms)[0m   [0m SELECT name
 FROM sqlite_master
 WHERE type = 'table' AND NOT name = 'sqlite_sequence'
[0m
  [4;36;1mSQL (0.1ms)[0m   [0;1mCREATE TABLE "roles" ("id" INTEGER PRIMARY KEY AUTOINCREMENT NOT NULL, "name" varchar(255)) [0m
  [4;35;1mSQL (0.3ms)[0m   [0m SELECT name
 FROM sqlite_master
 WHERE type = 'table' AND NOT name = 'sqlite_sequence'
[0m
  [4;36;1mSQL (0.1ms)[0m   [0;1mCREATE TABLE "schema_migrations" ("version" varchar(255) NOT NULL) [0m
  [4;35;1mSQL (0.1ms)[0m   [0mCREATE UNIQUE INDEX "unique_schema_migrations" ON "schema_migrations" ("version")[0m
  [4;36;1mSQL (0.4ms)[0m   [0;1m SELECT name
 FROM sqlite_master
 WHERE type = 'table' AND NOT name = 'sqlite_sequence'
[0m
  [4;35;1mSQL (0.1ms)[0m   [0mSELECT version FROM "schema_migrations"[0m
  [4;36;1mSQL (0.1ms)[0m   [0;1mINSERT INTO "schema_migrations" (version) VALUES ('1')[0m
Unable to load roles_user, underlying cause no such file to load -- roles_user.rb 

 /usr/lib/ruby/gems/1.8/gems/activesupport-2.2.2/lib/active_support/dependencies.rb:382:in `load_without_new_constant_marking'
/usr/lib/ruby/gems/1.8/gems/activesupport-2.2.2/lib/active_support/dependencies.rb:382:in `load_file'
/usr/lib/ruby/gems/1.8/gems/activesupport-2.2.2/lib/active_support/dependencies.rb:521:in `new_constants_in'
/usr/lib/ruby/gems/1.8/gems/activesupport-2.2.2/lib/active_support/dependencies.rb:381:in `load_file'
/usr/lib/ruby/gems/1.8/gems/activesupport-2.2.2/lib/active_support/dependencies.rb:256:in `require_or_load'
/usr/lib/ruby/gems/1.8/gems/activesupport-2.2.2/lib/active_support/dependencies.rb:221:in `depend_on'
/usr/lib/ruby/gems/1.8/gems/activesupport-2.2.2/lib/active_support/dependencies.rb:133:in `require_dependency'
/usr/lib/ruby/gems/1.8/gems/activerecord-2.2.2/lib/active_record/fixtures.rb:856:in `try_to_load_dependency'
/usr/lib/ruby/gems/1.8/gems/activerecord-2.2.2/lib/active_record/fixtures.rb:871:in `require_fixture_classes'
/usr/lib/ruby/gems/1.8/gems/activerecord-2.2.2/lib/active_record/fixtures.rb:868:in `each'
/usr/lib/ruby/gems/1.8/gems/activerecord-2.2.2/lib/active_record/fixtures.rb:868:in `require_fixture_classes'
/usr/lib/ruby/gems/1.8/gems/activerecord-2.2.2/lib/active_record/fixtures.rb:851:in `fixtures'
./test/unit/../test_helper.rb:35
test/unit/nested_assignment_test.rb:1:in `require'
test/unit/nested_assignment_test.rb:1
Unable to load service, underlying cause no such file to load -- service.rb 

 /usr/lib/ruby/gems/1.8/gems/activesupport-2.2.2/lib/active_support/dependencies.rb:382:in `load_without_new_constant_marking'
/usr/lib/ruby/gems/1.8/gems/activesupport-2.2.2/lib/active_support/dependencies.rb:382:in `load_file'
/usr/lib/ruby/gems/1.8/gems/activesupport-2.2.2/lib/active_support/dependencies.rb:521:in `new_constants_in'
/usr/lib/ruby/gems/1.8/gems/activesupport-2.2.2/lib/active_support/dependencies.rb:381:in `load_file'
/usr/lib/ruby/gems/1.8/gems/activesupport-2.2.2/lib/active_support/dependencies.rb:256:in `require_or_load'
/usr/lib/ruby/gems/1.8/gems/activesupport-2.2.2/lib/active_support/dependencies.rb:221:in `depend_on'
/usr/lib/ruby/gems/1.8/gems/activesupport-2.2.2/lib/active_support/dependencies.rb:133:in `require_dependency'
/usr/lib/ruby/gems/1.8/gems/activerecord-2.2.2/lib/active_record/fixtures.rb:856:in `try_to_load_dependency'
/usr/lib/ruby/gems/1.8/gems/activerecord-2.2.2/lib/active_record/fixtures.rb:871:in `require_fixture_classes'
/usr/lib/ruby/gems/1.8/gems/activerecord-2.2.2/lib/active_record/fixtures.rb:868:in `each'
/usr/lib/ruby/gems/1.8/gems/activerecord-2.2.2/lib/active_record/fixtures.rb:868:in `require_fixture_classes'
/usr/lib/ruby/gems/1.8/gems/activerecord-2.2.2/lib/active_record/fixtures.rb:851:in `fixtures'
./test/unit/../test_helper.rb:35
test/unit/nested_assignment_test.rb:1:in `require'
test/unit/nested_assignment_test.rb:1
Unable to load subscription, underlying cause no such file to load -- subscription.rb 

 /usr/lib/ruby/gems/1.8/gems/activesupport-2.2.2/lib/active_support/dependencies.rb:382:in `load_without_new_constant_marking'
/usr/lib/ruby/gems/1.8/gems/activesupport-2.2.2/lib/active_support/dependencies.rb:382:in `load_file'
/usr/lib/ruby/gems/1.8/gems/activesupport-2.2.2/lib/active_support/dependencies.rb:521:in `new_constants_in'
/usr/lib/ruby/gems/1.8/gems/activesupport-2.2.2/lib/active_support/dependencies.rb:381:in `load_file'
/usr/lib/ruby/gems/1.8/gems/activesupport-2.2.2/lib/active_support/dependencies.rb:256:in `require_or_load'
/usr/lib/ruby/gems/1.8/gems/activesupport-2.2.2/lib/active_support/dependencies.rb:221:in `depend_on'
/usr/lib/ruby/gems/1.8/gems/activesupport-2.2.2/lib/active_support/dependencies.rb:133:in `require_dependency'
/usr/lib/ruby/gems/1.8/gems/activerecord-2.2.2/lib/active_record/fixtures.rb:856:in `try_to_load_dependency'
/usr/lib/ruby/gems/1.8/gems/activerecord-2.2.2/lib/active_record/fixtures.rb:871:in `require_fixture_classes'
/usr/lib/ruby/gems/1.8/gems/activerecord-2.2.2/lib/active_record/fixtures.rb:868:in `each'
/usr/lib/ruby/gems/1.8/gems/activerecord-2.2.2/lib/active_record/fixtures.rb:868:in `require_fixture_classes'
/usr/lib/ruby/gems/1.8/gems/activerecord-2.2.2/lib/active_record/fixtures.rb:851:in `fixtures'
./test/unit/../test_helper.rb:35
test/unit/nested_assignment_test.rb:1:in `require'
test/unit/nested_assignment_test.rb:1
Unable to load address, underlying cause no such file to load -- address.rb 

 /usr/lib/ruby/gems/1.8/gems/activesupport-2.2.2/lib/active_support/dependencies.rb:382:in `load_without_new_constant_marking'
/usr/lib/ruby/gems/1.8/gems/activesupport-2.2.2/lib/active_support/dependencies.rb:382:in `load_file'
/usr/lib/ruby/gems/1.8/gems/activesupport-2.2.2/lib/active_support/dependencies.rb:521:in `new_constants_in'
/usr/lib/ruby/gems/1.8/gems/activesupport-2.2.2/lib/active_support/dependencies.rb:381:in `load_file'
/usr/lib/ruby/gems/1.8/gems/activesupport-2.2.2/lib/active_support/dependencies.rb:256:in `require_or_load'
/usr/lib/ruby/gems/1.8/gems/activesupport-2.2.2/lib/active_support/dependencies.rb:221:in `depend_on'
/usr/lib/ruby/gems/1.8/gems/activesupport-2.2.2/lib/active_support/dependencies.rb:133:in `require_dependency'
/usr/lib/ruby/gems/1.8/gems/activerecord-2.2.2/lib/active_record/fixtures.rb:856:in `try_to_load_dependency'
/usr/lib/ruby/gems/1.8/gems/activerecord-2.2.2/lib/active_record/fixtures.rb:871:in `require_fixture_classes'
/usr/lib/ruby/gems/1.8/gems/activerecord-2.2.2/lib/active_record/fixtures.rb:868:in `each'
/usr/lib/ruby/gems/1.8/gems/activerecord-2.2.2/lib/active_record/fixtures.rb:868:in `require_fixture_classes'
/usr/lib/ruby/gems/1.8/gems/activerecord-2.2.2/lib/active_record/fixtures.rb:851:in `fixtures'
./test/unit/../test_helper.rb:35
test/unit/nested_assignment_test.rb:1:in `require'
test/unit/nested_assignment_test.rb:1
Unable to load user, underlying cause no such file to load -- user.rb 

 /usr/lib/ruby/gems/1.8/gems/activesupport-2.2.2/lib/active_support/dependencies.rb:382:in `load_without_new_constant_marking'
/usr/lib/ruby/gems/1.8/gems/activesupport-2.2.2/lib/active_support/dependencies.rb:382:in `load_file'
/usr/lib/ruby/gems/1.8/gems/activesupport-2.2.2/lib/active_support/dependencies.rb:521:in `new_constants_in'
/usr/lib/ruby/gems/1.8/gems/activesupport-2.2.2/lib/active_support/dependencies.rb:381:in `load_file'
/usr/lib/ruby/gems/1.8/gems/activesupport-2.2.2/lib/active_support/dependencies.rb:256:in `require_or_load'
/usr/lib/ruby/gems/1.8/gems/activesupport-2.2.2/lib/active_support/dependencies.rb:221:in `depend_on'
/usr/lib/ruby/gems/1.8/gems/activesupport-2.2.2/lib/active_support/dependencies.rb:133:in `require_dependency'
/usr/lib/ruby/gems/1.8/gems/activerecord-2.2.2/lib/active_record/fixtures.rb:856:in `try_to_load_dependency'
/usr/lib/ruby/gems/1.8/gems/activerecord-2.2.2/lib/active_record/fixtures.rb:871:in `require_fixture_classes'
/usr/lib/ruby/gems/1.8/gems/activerecord-2.2.2/lib/active_record/fixtures.rb:868:in `each'
/usr/lib/ruby/gems/1.8/gems/activerecord-2.2.2/lib/active_record/fixtures.rb:868:in `require_fixture_classes'
/usr/lib/ruby/gems/1.8/gems/activerecord-2.2.2/lib/active_record/fixtures.rb:851:in `fixtures'
./test/unit/../test_helper.rb:35
test/unit/nested_assignment_test.rb:1:in `require'
test/unit/nested_assignment_test.rb:1
Unable to load role, underlying cause no such file to load -- role.rb 

 /usr/lib/ruby/gems/1.8/gems/activesupport-2.2.2/lib/active_support/dependencies.rb:382:in `load_without_new_constant_marking'
/usr/lib/ruby/gems/1.8/gems/activesupport-2.2.2/lib/active_support/dependencies.rb:382:in `load_file'
/usr/lib/ruby/gems/1.8/gems/activesupport-2.2.2/lib/active_support/dependencies.rb:521:in `new_constants_in'
/usr/lib/ruby/gems/1.8/gems/activesupport-2.2.2/lib/active_support/dependencies.rb:381:in `load_file'
/usr/lib/ruby/gems/1.8/gems/activesupport-2.2.2/lib/active_support/dependencies.rb:256:in `require_or_load'
/usr/lib/ruby/gems/1.8/gems/activesupport-2.2.2/lib/active_support/dependencies.rb:221:in `depend_on'
/usr/lib/ruby/gems/1.8/gems/activesupport-2.2.2/lib/active_support/dependencies.rb:133:in `require_dependency'
/usr/lib/ruby/gems/1.8/gems/activerecord-2.2.2/lib/active_record/fixtures.rb:856:in `try_to_load_dependency'
/usr/lib/ruby/gems/1.8/gems/activerecord-2.2.2/lib/active_record/fixtures.rb:871:in `require_fixture_classes'
/usr/lib/ruby/gems/1.8/gems/activerecord-2.2.2/lib/active_record/fixtures.rb:868:in `each'
/usr/lib/ruby/gems/1.8/gems/activerecord-2.2.2/lib/active_record/fixtures.rb:868:in `require_fixture_classes'
/usr/lib/ruby/gems/1.8/gems/activerecord-2.2.2/lib/active_record/fixtures.rb:851:in `fixtures'
./test/unit/../test_helper.rb:35
test/unit/nested_assignment_test.rb:1:in `require'
test/unit/nested_assignment_test.rb:1
  [4;35;1mPluginTestModels::User Load (0.1ms)[0m   [0mSELECT * FROM "users" WHERE ("users"."id" = 1) [0m
  [4;36;1mPluginTestModels::Subscription Load (0.2ms)[0m   [0;1mSELECT * FROM "subscriptions" WHERE ("subscriptions"."id" = 1) [0m
  [4;35;1mPluginTestModels::Subscription Load (0.2ms)[0m   [0mSELECT * FROM "subscriptions" WHERE ("subscriptions".user_id = 1) LIMIT 1[0m
  [4;36;1mPluginTestModels::Subscription Load (0.2ms)[0m   [0;1mSELECT * FROM "subscriptions" WHERE ("subscriptions"."id" = 1) [0m
  [4;35;1mPluginTestModels::User Load (0.1ms)[0m   [0mSELECT * FROM "users" WHERE ("users"."id" = 1) [0m
  [4;36;1mPluginTestModels::Subscription Load (0.2ms)[0m   [0;1mSELECT * FROM "subscriptions" WHERE ("subscriptions"."id" = 1) [0m
  [4;35;1mPluginTestModels::Subscription Load (0.2ms)[0m   [0mSELECT * FROM "subscriptions" WHERE ("subscriptions"."id" = 1) [0m
  [4;36;1mPluginTestModels::Subscription Load (0.2ms)[0m   [0;1mSELECT * FROM "subscriptions" WHERE ("subscriptions".user_id = 1) LIMIT 1[0m
  [4;35;1mPluginTestModels::Subscription Update (0.1ms)[0m   [0mUPDATE "subscriptions" SET "user_id" = NULL WHERE "id" = 1[0m
  [4;36;1mPluginTestModels::Subscription Load (0.2ms)[0m   [0;1mSELECT * FROM "subscriptions" WHERE ("subscriptions"."id" = 1) [0m
  [4;35;1mPluginTestModels::Subscription Load (0.2ms)[0m   [0mSELECT * FROM "subscriptions" WHERE ("subscriptions"."id" = 1) [0m
  [4;36;1mPluginTestModels::User Load (0.1ms)[0m   [0;1mSELECT * FROM "users" WHERE ("users"."id" = 1) [0m
  [4;35;1mPluginTestModels::Subscription Load (0.2ms)[0m   [0mSELECT * FROM "subscriptions" WHERE ("subscriptions"."id" = 1) [0m
  [4;36;1mPluginTestModels::Subscription Load (0.2ms)[0m   [0;1mSELECT * FROM "subscriptions" WHERE ("subscriptions".user_id = 1) LIMIT 1[0m
WARNING: Can't mass-assign these protected attributes: id
  [4;35;1mPluginTestModels::Subscription Load (0.2ms)[0m   [0mSELECT * FROM "subscriptions" WHERE ("subscriptions"."id" = 1) [0m
  [4;36;1mPluginTestModels::User Load (0.1ms)[0m   [0;1mSELECT * FROM "users" LIMIT 1[0m
  [4;35;1mPluginTestModels::User Load (0.1ms)[0m   [0mSELECT * FROM "users" LIMIT 1[0m
  [4;36;1mPluginTestModels::Role Load (0.2ms)[0m   [0;1mSELECT * FROM "roles" INNER JOIN "roles_users" ON "roles".id = "roles_users".role_id WHERE ("roles_users".user_id = 1 ) [0m
  [4;35;1mPluginTestModels::User Load (0.1ms)[0m   [0mSELECT * FROM "users" LIMIT 1[0m
  [4;36;1mPluginTestModels::Role Load (0.2ms)[0m   [0;1mSELECT * FROM "roles" INNER JOIN "roles_users" ON "roles".id = "roles_users".role_id WHERE ("roles_users".user_id = 1 ) [0m
  [4;35;1mPluginTestModels::User Load (0.1ms)[0m   [0mSELECT * FROM "users" LIMIT 1[0m
  [4;36;1mPluginTestModels::Address Load (0.2ms)[0m   [0;1mSELECT * FROM "addresses" WHERE ("addresses".addressable_id = 1 AND "addresses".addressable_type = 'PluginTestModels::User') LIMIT 1[0m
  [4;36;1mSQL (0.2ms)[0m   [0;1mselect sqlite_version(*)[0m
  [4;35;1mSQL (0.1ms)[0m   [0m SELECT name
 FROM sqlite_master
 WHERE type = 'table' AND NOT name = 'sqlite_sequence'
[0m
  [4;36;1mSQL (0.2ms)[0m   [0;1mCREATE TABLE "addresses" ("id" INTEGER PRIMARY KEY AUTOINCREMENT NOT NULL, "name" varchar(255), "addressable_id" integer, "addressable_type" varchar(255)) [0m
  [4;35;1mSQL (0.1ms)[0m   [0m SELECT name
 FROM sqlite_master
 WHERE type = 'table' AND NOT name = 'sqlite_sequence'
[0m
  [4;36;1mSQL (0.1ms)[0m   [0;1mCREATE TABLE "users" ("id" INTEGER PRIMARY KEY AUTOINCREMENT NOT NULL, "name" varchar(255)) [0m
  [4;35;1mSQL (0.2ms)[0m   [0m SELECT name
 FROM sqlite_master
 WHERE type = 'table' AND NOT name = 'sqlite_sequence'
[0m
  [4;36;1mSQL (0.1ms)[0m   [0;1mCREATE TABLE "roles_users" ("user_id" integer, "role_id" integer) [0m
  [4;35;1mSQL (0.2ms)[0m   [0m SELECT name
 FROM sqlite_master
 WHERE type = 'table' AND NOT name = 'sqlite_sequence'
[0m
  [4;36;1mSQL (0.1ms)[0m   [0;1mCREATE TABLE "services" ("id" INTEGER PRIMARY KEY AUTOINCREMENT NOT NULL, "name" varchar(255)) [0m
  [4;35;1mSQL (0.2ms)[0m   [0m SELECT name
 FROM sqlite_master
 WHERE type = 'table' AND NOT name = 'sqlite_sequence'
[0m
  [4;36;1mSQL (0.1ms)[0m   [0;1mCREATE TABLE "subscriptions" ("id" INTEGER PRIMARY KEY AUTOINCREMENT NOT NULL, "name" varchar(255), "service_id" integer, "user_id" integer) [0m
  [4;35;1mSQL (0.3ms)[0m   [0m SELECT name
 FROM sqlite_master
 WHERE type = 'table' AND NOT name = 'sqlite_sequence'
[0m
  [4;36;1mSQL (0.1ms)[0m   [0;1mCREATE TABLE "roles" ("id" INTEGER PRIMARY KEY AUTOINCREMENT NOT NULL, "name" varchar(255)) [0m
  [4;35;1mSQL (0.3ms)[0m   [0m SELECT name
 FROM sqlite_master
 WHERE type = 'table' AND NOT name = 'sqlite_sequence'
[0m
  [4;36;1mSQL (0.1ms)[0m   [0;1mCREATE TABLE "schema_migrations" ("version" varchar(255) NOT NULL) [0m
  [4;35;1mSQL (0.1ms)[0m   [0mCREATE UNIQUE INDEX "unique_schema_migrations" ON "schema_migrations" ("version")[0m
  [4;36;1mSQL (0.4ms)[0m   [0;1m SELECT name
 FROM sqlite_master
 WHERE type = 'table' AND NOT name = 'sqlite_sequence'
[0m
  [4;35;1mSQL (0.1ms)[0m   [0mSELECT version FROM "schema_migrations"[0m
  [4;36;1mSQL (0.1ms)[0m   [0;1mINSERT INTO "schema_migrations" (version) VALUES ('1')[0m
Unable to load roles_user, underlying cause no such file to load -- roles_user.rb 

 /usr/lib/ruby/gems/1.8/gems/activesupport-2.2.2/lib/active_support/dependencies.rb:382:in `load_without_new_constant_marking'
/usr/lib/ruby/gems/1.8/gems/activesupport-2.2.2/lib/active_support/dependencies.rb:382:in `load_file'
/usr/lib/ruby/gems/1.8/gems/activesupport-2.2.2/lib/active_support/dependencies.rb:521:in `new_constants_in'
/usr/lib/ruby/gems/1.8/gems/activesupport-2.2.2/lib/active_support/dependencies.rb:381:in `load_file'
/usr/lib/ruby/gems/1.8/gems/activesupport-2.2.2/lib/active_support/dependencies.rb:256:in `require_or_load'
/usr/lib/ruby/gems/1.8/gems/activesupport-2.2.2/lib/active_support/dependencies.rb:221:in `depend_on'
/usr/lib/ruby/gems/1.8/gems/activesupport-2.2.2/lib/active_support/dependencies.rb:133:in `require_dependency'
/usr/lib/ruby/gems/1.8/gems/activerecord-2.2.2/lib/active_record/fixtures.rb:856:in `try_to_load_dependency'
/usr/lib/ruby/gems/1.8/gems/activerecord-2.2.2/lib/active_record/fixtures.rb:871:in `require_fixture_classes'
/usr/lib/ruby/gems/1.8/gems/activerecord-2.2.2/lib/active_record/fixtures.rb:868:in `each'
/usr/lib/ruby/gems/1.8/gems/activerecord-2.2.2/lib/active_record/fixtures.rb:868:in `require_fixture_classes'
/usr/lib/ruby/gems/1.8/gems/activerecord-2.2.2/lib/active_record/fixtures.rb:851:in `fixtures'
./test/unit/../test_helper.rb:35
test/unit/nested_assignment_test.rb:1:in `require'
test/unit/nested_assignment_test.rb:1
Unable to load service, underlying cause no such file to load -- service.rb 

 /usr/lib/ruby/gems/1.8/gems/activesupport-2.2.2/lib/active_support/dependencies.rb:382:in `load_without_new_constant_marking'
/usr/lib/ruby/gems/1.8/gems/activesupport-2.2.2/lib/active_support/dependencies.rb:382:in `load_file'
/usr/lib/ruby/gems/1.8/gems/activesupport-2.2.2/lib/active_support/dependencies.rb:521:in `new_constants_in'
/usr/lib/ruby/gems/1.8/gems/activesupport-2.2.2/lib/active_support/dependencies.rb:381:in `load_file'
/usr/lib/ruby/gems/1.8/gems/activesupport-2.2.2/lib/active_support/dependencies.rb:256:in `require_or_load'
/usr/lib/ruby/gems/1.8/gems/activesupport-2.2.2/lib/active_support/dependencies.rb:221:in `depend_on'
/usr/lib/ruby/gems/1.8/gems/activesupport-2.2.2/lib/active_support/dependencies.rb:133:in `require_dependency'
/usr/lib/ruby/gems/1.8/gems/activerecord-2.2.2/lib/active_record/fixtures.rb:856:in `try_to_load_dependency'
/usr/lib/ruby/gems/1.8/gems/activerecord-2.2.2/lib/active_record/fixtures.rb:871:in `require_fixture_classes'
/usr/lib/ruby/gems/1.8/gems/activerecord-2.2.2/lib/active_record/fixtures.rb:868:in `each'
/usr/lib/ruby/gems/1.8/gems/activerecord-2.2.2/lib/active_record/fixtures.rb:868:in `require_fixture_classes'
/usr/lib/ruby/gems/1.8/gems/activerecord-2.2.2/lib/active_record/fixtures.rb:851:in `fixtures'
./test/unit/../test_helper.rb:35
test/unit/nested_assignment_test.rb:1:in `require'
test/unit/nested_assignment_test.rb:1
Unable to load subscription, underlying cause no such file to load -- subscription.rb 

 /usr/lib/ruby/gems/1.8/gems/activesupport-2.2.2/lib/active_support/dependencies.rb:382:in `load_without_new_constant_marking'
/usr/lib/ruby/gems/1.8/gems/activesupport-2.2.2/lib/active_support/dependencies.rb:382:in `load_file'
/usr/lib/ruby/gems/1.8/gems/activesupport-2.2.2/lib/active_support/dependencies.rb:521:in `new_constants_in'
/usr/lib/ruby/gems/1.8/gems/activesupport-2.2.2/lib/active_support/dependencies.rb:381:in `load_file'
/usr/lib/ruby/gems/1.8/gems/activesupport-2.2.2/lib/active_support/dependencies.rb:256:in `require_or_load'
/usr/lib/ruby/gems/1.8/gems/activesupport-2.2.2/lib/active_support/dependencies.rb:221:in `depend_on'
/usr/lib/ruby/gems/1.8/gems/activesupport-2.2.2/lib/active_support/dependencies.rb:133:in `require_dependency'
/usr/lib/ruby/gems/1.8/gems/activerecord-2.2.2/lib/active_record/fixtures.rb:856:in `try_to_load_dependency'
/usr/lib/ruby/gems/1.8/gems/activerecord-2.2.2/lib/active_record/fixtures.rb:871:in `require_fixture_classes'
/usr/lib/ruby/gems/1.8/gems/activerecord-2.2.2/lib/active_record/fixtures.rb:868:in `each'
/usr/lib/ruby/gems/1.8/gems/activerecord-2.2.2/lib/active_record/fixtures.rb:868:in `require_fixture_classes'
/usr/lib/ruby/gems/1.8/gems/activerecord-2.2.2/lib/active_record/fixtures.rb:851:in `fixtures'
./test/unit/../test_helper.rb:35
test/unit/nested_assignment_test.rb:1:in `require'
test/unit/nested_assignment_test.rb:1
Unable to load address, underlying cause no such file to load -- address.rb 

 /usr/lib/ruby/gems/1.8/gems/activesupport-2.2.2/lib/active_support/dependencies.rb:382:in `load_without_new_constant_marking'
/usr/lib/ruby/gems/1.8/gems/activesupport-2.2.2/lib/active_support/dependencies.rb:382:in `load_file'
/usr/lib/ruby/gems/1.8/gems/activesupport-2.2.2/lib/active_support/dependencies.rb:521:in `new_constants_in'
/usr/lib/ruby/gems/1.8/gems/activesupport-2.2.2/lib/active_support/dependencies.rb:381:in `load_file'
/usr/lib/ruby/gems/1.8/gems/activesupport-2.2.2/lib/active_support/dependencies.rb:256:in `require_or_load'
/usr/lib/ruby/gems/1.8/gems/activesupport-2.2.2/lib/active_support/dependencies.rb:221:in `depend_on'
/usr/lib/ruby/gems/1.8/gems/activesupport-2.2.2/lib/active_support/dependencies.rb:133:in `require_dependency'
/usr/lib/ruby/gems/1.8/gems/activerecord-2.2.2/lib/active_record/fixtures.rb:856:in `try_to_load_dependency'
/usr/lib/ruby/gems/1.8/gems/activerecord-2.2.2/lib/active_record/fixtures.rb:871:in `require_fixture_classes'
/usr/lib/ruby/gems/1.8/gems/activerecord-2.2.2/lib/active_record/fixtures.rb:868:in `each'
/usr/lib/ruby/gems/1.8/gems/activerecord-2.2.2/lib/active_record/fixtures.rb:868:in `require_fixture_classes'
/usr/lib/ruby/gems/1.8/gems/activerecord-2.2.2/lib/active_record/fixtures.rb:851:in `fixtures'
./test/unit/../test_helper.rb:35
test/unit/nested_assignment_test.rb:1:in `require'
test/unit/nested_assignment_test.rb:1
Unable to load user, underlying cause no such file to load -- user.rb 

 /usr/lib/ruby/gems/1.8/gems/activesupport-2.2.2/lib/active_support/dependencies.rb:382:in `load_without_new_constant_marking'
/usr/lib/ruby/gems/1.8/gems/activesupport-2.2.2/lib/active_support/dependencies.rb:382:in `load_file'
/usr/lib/ruby/gems/1.8/gems/activesupport-2.2.2/lib/active_support/dependencies.rb:521:in `new_constants_in'
/usr/lib/ruby/gems/1.8/gems/activesupport-2.2.2/lib/active_support/dependencies.rb:381:in `load_file'
/usr/lib/ruby/gems/1.8/gems/activesupport-2.2.2/lib/active_support/dependencies.rb:256:in `require_or_load'
/usr/lib/ruby/gems/1.8/gems/activesupport-2.2.2/lib/active_support/dependencies.rb:221:in `depend_on'
/usr/lib/ruby/gems/1.8/gems/activesupport-2.2.2/lib/active_support/dependencies.rb:133:in `require_dependency'
/usr/lib/ruby/gems/1.8/gems/activerecord-2.2.2/lib/active_record/fixtures.rb:856:in `try_to_load_dependency'
/usr/lib/ruby/gems/1.8/gems/activerecord-2.2.2/lib/active_record/fixtures.rb:871:in `require_fixture_classes'
/usr/lib/ruby/gems/1.8/gems/activerecord-2.2.2/lib/active_record/fixtures.rb:868:in `each'
/usr/lib/ruby/gems/1.8/gems/activerecord-2.2.2/lib/active_record/fixtures.rb:868:in `require_fixture_classes'
/usr/lib/ruby/gems/1.8/gems/activerecord-2.2.2/lib/active_record/fixtures.rb:851:in `fixtures'
./test/unit/../test_helper.rb:35
test/unit/nested_assignment_test.rb:1:in `require'
test/unit/nested_assignment_test.rb:1
Unable to load role, underlying cause no such file to load -- role.rb 

 /usr/lib/ruby/gems/1.8/gems/activesupport-2.2.2/lib/active_support/dependencies.rb:382:in `load_without_new_constant_marking'
/usr/lib/ruby/gems/1.8/gems/activesupport-2.2.2/lib/active_support/dependencies.rb:382:in `load_file'
/usr/lib/ruby/gems/1.8/gems/activesupport-2.2.2/lib/active_support/dependencies.rb:521:in `new_constants_in'
/usr/lib/ruby/gems/1.8/gems/activesupport-2.2.2/lib/active_support/dependencies.rb:381:in `load_file'
/usr/lib/ruby/gems/1.8/gems/activesupport-2.2.2/lib/active_support/dependencies.rb:256:in `require_or_load'
/usr/lib/ruby/gems/1.8/gems/activesupport-2.2.2/lib/active_support/dependencies.rb:221:in `depend_on'
/usr/lib/ruby/gems/1.8/gems/activesupport-2.2.2/lib/active_support/dependencies.rb:133:in `require_dependency'
/usr/lib/ruby/gems/1.8/gems/activerecord-2.2.2/lib/active_record/fixtures.rb:856:in `try_to_load_dependency'
/usr/lib/ruby/gems/1.8/gems/activerecord-2.2.2/lib/active_record/fixtures.rb:871:in `require_fixture_classes'
/usr/lib/ruby/gems/1.8/gems/activerecord-2.2.2/lib/active_record/fixtures.rb:868:in `each'
/usr/lib/ruby/gems/1.8/gems/activerecord-2.2.2/lib/active_record/fixtures.rb:868:in `require_fixture_classes'
/usr/lib/ruby/gems/1.8/gems/activerecord-2.2.2/lib/active_record/fixtures.rb:851:in `fixtures'
./test/unit/../test_helper.rb:35
test/unit/nested_assignment_test.rb:1:in `require'
test/unit/nested_assignment_test.rb:1
  [4;36;1mSQL (0.3ms)[0m   [0;1mselect sqlite_version(*)[0m
  [4;35;1mSQL (0.2ms)[0m   [0m SELECT name
 FROM sqlite_master
 WHERE type = 'table' AND NOT name = 'sqlite_sequence'
[0m
  [4;36;1mSQL (0.4ms)[0m   [0;1mCREATE TABLE "addresses" ("id" INTEGER PRIMARY KEY AUTOINCREMENT NOT NULL, "name" varchar(255), "addressable_id" integer, "addressable_type" varchar(255)) [0m
  [4;35;1mSQL (0.2ms)[0m   [0m SELECT name
 FROM sqlite_master
 WHERE type = 'table' AND NOT name = 'sqlite_sequence'
[0m
  [4;36;1mSQL (0.2ms)[0m   [0;1mCREATE TABLE "users" ("id" INTEGER PRIMARY KEY AUTOINCREMENT NOT NULL, "name" varchar(255)) [0m
  [4;35;1mSQL (0.2ms)[0m   [0m SELECT name
 FROM sqlite_master
 WHERE type = 'table' AND NOT name = 'sqlite_sequence'
[0m
  [4;36;1mSQL (0.2ms)[0m   [0;1mCREATE TABLE "roles_users" ("user_id" integer, "role_id" integer) [0m
  [4;35;1mSQL (0.3ms)[0m   [0m SELECT name
 FROM sqlite_master
 WHERE type = 'table' AND NOT name = 'sqlite_sequence'
[0m
  [4;36;1mSQL (0.2ms)[0m   [0;1mCREATE TABLE "services" ("id" INTEGER PRIMARY KEY AUTOINCREMENT NOT NULL, "name" varchar(255)) [0m
  [4;35;1mSQL (0.3ms)[0m   [0m SELECT name
 FROM sqlite_master
 WHERE type = 'table' AND NOT name = 'sqlite_sequence'
[0m
  [4;36;1mSQL (0.2ms)[0m   [0;1mCREATE TABLE "subscriptions" ("id" INTEGER PRIMARY KEY AUTOINCREMENT NOT NULL, "name" varchar(255), "service_id" integer, "user_id" integer) [0m
  [4;35;1mSQL (0.4ms)[0m   [0m SELECT name
 FROM sqlite_master
 WHERE type = 'table' AND NOT name = 'sqlite_sequence'
[0m
  [4;36;1mSQL (0.2ms)[0m   [0;1mCREATE TABLE "roles" ("id" INTEGER PRIMARY KEY AUTOINCREMENT NOT NULL, "name" varchar(255)) [0m
  [4;35;1mSQL (0.5ms)[0m   [0m SELECT name
 FROM sqlite_master
 WHERE type = 'table' AND NOT name = 'sqlite_sequence'
[0m
  [4;36;1mSQL (0.2ms)[0m   [0;1mCREATE TABLE "schema_migrations" ("version" varchar(255) NOT NULL) [0m
  [4;35;1mSQL (0.2ms)[0m   [0mCREATE UNIQUE INDEX "unique_schema_migrations" ON "schema_migrations" ("version")[0m
  [4;36;1mSQL (0.5ms)[0m   [0;1m SELECT name
 FROM sqlite_master
 WHERE type = 'table' AND NOT name = 'sqlite_sequence'
[0m
  [4;35;1mSQL (0.1ms)[0m   [0mSELECT version FROM "schema_migrations"[0m
  [4;36;1mSQL (0.1ms)[0m   [0;1mINSERT INTO "schema_migrations" (version) VALUES ('1')[0m
Unable to load roles_user, underlying cause no such file to load -- roles_user.rb 

 /usr/lib/ruby/gems/1.8/gems/activesupport-2.2.2/lib/active_support/dependencies.rb:382:in `load_without_new_constant_marking'
/usr/lib/ruby/gems/1.8/gems/activesupport-2.2.2/lib/active_support/dependencies.rb:382:in `load_file'
/usr/lib/ruby/gems/1.8/gems/activesupport-2.2.2/lib/active_support/dependencies.rb:521:in `new_constants_in'
/usr/lib/ruby/gems/1.8/gems/activesupport-2.2.2/lib/active_support/dependencies.rb:381:in `load_file'
/usr/lib/ruby/gems/1.8/gems/activesupport-2.2.2/lib/active_support/dependencies.rb:256:in `require_or_load'
/usr/lib/ruby/gems/1.8/gems/activesupport-2.2.2/lib/active_support/dependencies.rb:221:in `depend_on'
/usr/lib/ruby/gems/1.8/gems/activesupport-2.2.2/lib/active_support/dependencies.rb:133:in `require_dependency'
/usr/lib/ruby/gems/1.8/gems/activerecord-2.2.2/lib/active_record/fixtures.rb:856:in `try_to_load_dependency'
/usr/lib/ruby/gems/1.8/gems/activerecord-2.2.2/lib/active_record/fixtures.rb:871:in `require_fixture_classes'
/usr/lib/ruby/gems/1.8/gems/activerecord-2.2.2/lib/active_record/fixtures.rb:868:in `each'
/usr/lib/ruby/gems/1.8/gems/activerecord-2.2.2/lib/active_record/fixtures.rb:868:in `require_fixture_classes'
/usr/lib/ruby/gems/1.8/gems/activerecord-2.2.2/lib/active_record/fixtures.rb:851:in `fixtures'
./test/unit/../test_helper.rb:35
test/unit/nested_assignment_test.rb:1:in `require'
test/unit/nested_assignment_test.rb:1
Unable to load service, underlying cause no such file to load -- service.rb 

 /usr/lib/ruby/gems/1.8/gems/activesupport-2.2.2/lib/active_support/dependencies.rb:382:in `load_without_new_constant_marking'
/usr/lib/ruby/gems/1.8/gems/activesupport-2.2.2/lib/active_support/dependencies.rb:382:in `load_file'
/usr/lib/ruby/gems/1.8/gems/activesupport-2.2.2/lib/active_support/dependencies.rb:521:in `new_constants_in'
/usr/lib/ruby/gems/1.8/gems/activesupport-2.2.2/lib/active_support/dependencies.rb:381:in `load_file'
/usr/lib/ruby/gems/1.8/gems/activesupport-2.2.2/lib/active_support/dependencies.rb:256:in `require_or_load'
/usr/lib/ruby/gems/1.8/gems/activesupport-2.2.2/lib/active_support/dependencies.rb:221:in `depend_on'
/usr/lib/ruby/gems/1.8/gems/activesupport-2.2.2/lib/active_support/dependencies.rb:133:in `require_dependency'
/usr/lib/ruby/gems/1.8/gems/activerecord-2.2.2/lib/active_record/fixtures.rb:856:in `try_to_load_dependency'
/usr/lib/ruby/gems/1.8/gems/activerecord-2.2.2/lib/active_record/fixtures.rb:871:in `require_fixture_classes'
/usr/lib/ruby/gems/1.8/gems/activerecord-2.2.2/lib/active_record/fixtures.rb:868:in `each'
/usr/lib/ruby/gems/1.8/gems/activerecord-2.2.2/lib/active_record/fixtures.rb:868:in `require_fixture_classes'
/usr/lib/ruby/gems/1.8/gems/activerecord-2.2.2/lib/active_record/fixtures.rb:851:in `fixtures'
./test/unit/../test_helper.rb:35
test/unit/nested_assignment_test.rb:1:in `require'
test/unit/nested_assignment_test.rb:1
Unable to load subscription, underlying cause no such file to load -- subscription.rb 

 /usr/lib/ruby/gems/1.8/gems/activesupport-2.2.2/lib/active_support/dependencies.rb:382:in `load_without_new_constant_marking'
/usr/lib/ruby/gems/1.8/gems/activesupport-2.2.2/lib/active_support/dependencies.rb:382:in `load_file'
/usr/lib/ruby/gems/1.8/gems/activesupport-2.2.2/lib/active_support/dependencies.rb:521:in `new_constants_in'
/usr/lib/ruby/gems/1.8/gems/activesupport-2.2.2/lib/active_support/dependencies.rb:381:in `load_file'
/usr/lib/ruby/gems/1.8/gems/activesupport-2.2.2/lib/active_support/dependencies.rb:256:in `require_or_load'
/usr/lib/ruby/gems/1.8/gems/activesupport-2.2.2/lib/active_support/dependencies.rb:221:in `depend_on'
/usr/lib/ruby/gems/1.8/gems/activesupport-2.2.2/lib/active_support/dependencies.rb:133:in `require_dependency'
/usr/lib/ruby/gems/1.8/gems/activerecord-2.2.2/lib/active_record/fixtures.rb:856:in `try_to_load_dependency'
/usr/lib/ruby/gems/1.8/gems/activerecord-2.2.2/lib/active_record/fixtures.rb:871:in `require_fixture_classes'
/usr/lib/ruby/gems/1.8/gems/activerecord-2.2.2/lib/active_record/fixtures.rb:868:in `each'
/usr/lib/ruby/gems/1.8/gems/activerecord-2.2.2/lib/active_record/fixtures.rb:868:in `require_fixture_classes'
/usr/lib/ruby/gems/1.8/gems/activerecord-2.2.2/lib/active_record/fixtures.rb:851:in `fixtures'
./test/unit/../test_helper.rb:35
test/unit/nested_assignment_test.rb:1:in `require'
test/unit/nested_assignment_test.rb:1
Unable to load address, underlying cause no such file to load -- address.rb 

 /usr/lib/ruby/gems/1.8/gems/activesupport-2.2.2/lib/active_support/dependencies.rb:382:in `load_without_new_constant_marking'
/usr/lib/ruby/gems/1.8/gems/activesupport-2.2.2/lib/active_support/dependencies.rb:382:in `load_file'
/usr/lib/ruby/gems/1.8/gems/activesupport-2.2.2/lib/active_support/dependencies.rb:521:in `new_constants_in'
/usr/lib/ruby/gems/1.8/gems/activesupport-2.2.2/lib/active_support/dependencies.rb:381:in `load_file'
/usr/lib/ruby/gems/1.8/gems/activesupport-2.2.2/lib/active_support/dependencies.rb:256:in `require_or_load'
/usr/lib/ruby/gems/1.8/gems/activesupport-2.2.2/lib/active_support/dependencies.rb:221:in `depend_on'
/usr/lib/ruby/gems/1.8/gems/activesupport-2.2.2/lib/active_support/dependencies.rb:133:in `require_dependency'
/usr/lib/ruby/gems/1.8/gems/activerecord-2.2.2/lib/active_record/fixtures.rb:856:in `try_to_load_dependency'
/usr/lib/ruby/gems/1.8/gems/activerecord-2.2.2/lib/active_record/fixtures.rb:871:in `require_fixture_classes'
/usr/lib/ruby/gems/1.8/gems/activerecord-2.2.2/lib/active_record/fixtures.rb:868:in `each'
/usr/lib/ruby/gems/1.8/gems/activerecord-2.2.2/lib/active_record/fixtures.rb:868:in `require_fixture_classes'
/usr/lib/ruby/gems/1.8/gems/activerecord-2.2.2/lib/active_record/fixtures.rb:851:in `fixtures'
./test/unit/../test_helper.rb:35
test/unit/nested_assignment_test.rb:1:in `require'
test/unit/nested_assignment_test.rb:1
Unable to load user, underlying cause no such file to load -- user.rb 

 /usr/lib/ruby/gems/1.8/gems/activesupport-2.2.2/lib/active_support/dependencies.rb:382:in `load_without_new_constant_marking'
/usr/lib/ruby/gems/1.8/gems/activesupport-2.2.2/lib/active_support/dependencies.rb:382:in `load_file'
/usr/lib/ruby/gems/1.8/gems/activesupport-2.2.2/lib/active_support/dependencies.rb:521:in `new_constants_in'
/usr/lib/ruby/gems/1.8/gems/activesupport-2.2.2/lib/active_support/dependencies.rb:381:in `load_file'
/usr/lib/ruby/gems/1.8/gems/activesupport-2.2.2/lib/active_support/dependencies.rb:256:in `require_or_load'
/usr/lib/ruby/gems/1.8/gems/activesupport-2.2.2/lib/active_support/dependencies.rb:221:in `depend_on'
/usr/lib/ruby/gems/1.8/gems/activesupport-2.2.2/lib/active_support/dependencies.rb:133:in `require_dependency'
/usr/lib/ruby/gems/1.8/gems/activerecord-2.2.2/lib/active_record/fixtures.rb:856:in `try_to_load_dependency'
/usr/lib/ruby/gems/1.8/gems/activerecord-2.2.2/lib/active_record/fixtures.rb:871:in `require_fixture_classes'
/usr/lib/ruby/gems/1.8/gems/activerecord-2.2.2/lib/active_record/fixtures.rb:868:in `each'
/usr/lib/ruby/gems/1.8/gems/activerecord-2.2.2/lib/active_record/fixtures.rb:868:in `require_fixture_classes'
/usr/lib/ruby/gems/1.8/gems/activerecord-2.2.2/lib/active_record/fixtures.rb:851:in `fixtures'
./test/unit/../test_helper.rb:35
test/unit/nested_assignment_test.rb:1:in `require'
test/unit/nested_assignment_test.rb:1
Unable to load role, underlying cause no such file to load -- role.rb 

 /usr/lib/ruby/gems/1.8/gems/activesupport-2.2.2/lib/active_support/dependencies.rb:382:in `load_without_new_constant_marking'
/usr/lib/ruby/gems/1.8/gems/activesupport-2.2.2/lib/active_support/dependencies.rb:382:in `load_file'
/usr/lib/ruby/gems/1.8/gems/activesupport-2.2.2/lib/active_support/dependencies.rb:521:in `new_constants_in'
/usr/lib/ruby/gems/1.8/gems/activesupport-2.2.2/lib/active_support/dependencies.rb:381:in `load_file'
/usr/lib/ruby/gems/1.8/gems/activesupport-2.2.2/lib/active_support/dependencies.rb:256:in `require_or_load'
/usr/lib/ruby/gems/1.8/gems/activesupport-2.2.2/lib/active_support/dependencies.rb:221:in `depend_on'
/usr/lib/ruby/gems/1.8/gems/activesupport-2.2.2/lib/active_support/dependencies.rb:133:in `require_dependency'
/usr/lib/ruby/gems/1.8/gems/activerecord-2.2.2/lib/active_record/fixtures.rb:856:in `try_to_load_dependency'
/usr/lib/ruby/gems/1.8/gems/activerecord-2.2.2/lib/active_record/fixtures.rb:871:in `require_fixture_classes'
/usr/lib/ruby/gems/1.8/gems/activerecord-2.2.2/lib/active_record/fixtures.rb:868:in `each'
/usr/lib/ruby/gems/1.8/gems/activerecord-2.2.2/lib/active_record/fixtures.rb:868:in `require_fixture_classes'
/usr/lib/ruby/gems/1.8/gems/activerecord-2.2.2/lib/active_record/fixtures.rb:851:in `fixtures'
./test/unit/../test_helper.rb:35
test/unit/nested_assignment_test.rb:1:in `require'
test/unit/nested_assignment_test.rb:1
  [4;35;1mPluginTestModels::User Load (0.2ms)[0m   [0mSELECT * FROM "users" WHERE ("users"."id" = 1) [0m
  [4;36;1mPluginTestModels::Subscription Load (0.3ms)[0m   [0;1mSELECT * FROM "subscriptions" WHERE ("subscriptions"."id" = 1) [0m
  [4;35;1mPluginTestModels::Subscription Load (0.2ms)[0m   [0mSELECT * FROM "subscriptions" WHERE ("subscriptions".user_id = 1) LIMIT 1[0m
  [4;36;1mPluginTestModels::Subscription Update (0.1ms)[0m   [0;1mUPDATE "subscriptions" SET "user_id" = NULL WHERE "id" = 1[0m
  [4;35;1mPluginTestModels::Subscription Load (0.2ms)[0m   [0mSELECT * FROM "subscriptions" WHERE ("subscriptions"."id" = 1) [0m
  [4;36;1mSQL (0.2ms)[0m   [0;1mselect sqlite_version(*)[0m
  [4;35;1mSQL (0.2ms)[0m   [0m SELECT name
 FROM sqlite_master
 WHERE type = 'table' AND NOT name = 'sqlite_sequence'
[0m
  [4;36;1mSQL (0.2ms)[0m   [0;1mCREATE TABLE "addresses" ("id" INTEGER PRIMARY KEY AUTOINCREMENT NOT NULL, "name" varchar(255), "addressable_id" integer, "addressable_type" varchar(255)) [0m
  [4;35;1mSQL (0.1ms)[0m   [0m SELECT name
 FROM sqlite_master
 WHERE type = 'table' AND NOT name = 'sqlite_sequence'
[0m
  [4;36;1mSQL (0.1ms)[0m   [0;1mCREATE TABLE "users" ("id" INTEGER PRIMARY KEY AUTOINCREMENT NOT NULL, "name" varchar(255)) [0m
  [4;35;1mSQL (0.2ms)[0m   [0m SELECT name
 FROM sqlite_master
 WHERE type = 'table' AND NOT name = 'sqlite_sequence'
[0m
  [4;36;1mSQL (0.1ms)[0m   [0;1mCREATE TABLE "roles_users" ("user_id" integer, "role_id" integer) [0m
  [4;35;1mSQL (0.2ms)[0m   [0m SELECT name
 FROM sqlite_master
 WHERE type = 'table' AND NOT name = 'sqlite_sequence'
[0m
  [4;36;1mSQL (0.1ms)[0m   [0;1mCREATE TABLE "services" ("id" INTEGER PRIMARY KEY AUTOINCREMENT NOT NULL, "name" varchar(255)) [0m
  [4;35;1mSQL (0.2ms)[0m   [0m SELECT name
 FROM sqlite_master
 WHERE type = 'table' AND NOT name = 'sqlite_sequence'
[0m
  [4;36;1mSQL (0.1ms)[0m   [0;1mCREATE TABLE "subscriptions" ("id" INTEGER PRIMARY KEY AUTOINCREMENT NOT NULL, "name" varchar(255), "service_id" integer, "user_id" integer) [0m
  [4;35;1mSQL (0.3ms)[0m   [0m SELECT name
 FROM sqlite_master
 WHERE type = 'table' AND NOT name = 'sqlite_sequence'
[0m
  [4;36;1mSQL (0.1ms)[0m   [0;1mCREATE TABLE "roles" ("id" INTEGER PRIMARY KEY AUTOINCREMENT NOT NULL, "name" varchar(255)) [0m
  [4;35;1mSQL (0.3ms)[0m   [0m SELECT name
 FROM sqlite_master
 WHERE type = 'table' AND NOT name = 'sqlite_sequence'
[0m
  [4;36;1mSQL (0.1ms)[0m   [0;1mCREATE TABLE "schema_migrations" ("version" varchar(255) NOT NULL) [0m
  [4;35;1mSQL (0.1ms)[0m   [0mCREATE UNIQUE INDEX "unique_schema_migrations" ON "schema_migrations" ("version")[0m
  [4;36;1mSQL (0.4ms)[0m   [0;1m SELECT name
 FROM sqlite_master
 WHERE type = 'table' AND NOT name = 'sqlite_sequence'
[0m
  [4;35;1mSQL (0.1ms)[0m   [0mSELECT version FROM "schema_migrations"[0m
  [4;36;1mSQL (0.1ms)[0m   [0;1mINSERT INTO "schema_migrations" (version) VALUES ('1')[0m
Unable to load roles_user, underlying cause no such file to load -- roles_user.rb 

 /usr/lib/ruby/gems/1.8/gems/activesupport-2.2.2/lib/active_support/dependencies.rb:382:in `load_without_new_constant_marking'
/usr/lib/ruby/gems/1.8/gems/activesupport-2.2.2/lib/active_support/dependencies.rb:382:in `load_file'
/usr/lib/ruby/gems/1.8/gems/activesupport-2.2.2/lib/active_support/dependencies.rb:521:in `new_constants_in'
/usr/lib/ruby/gems/1.8/gems/activesupport-2.2.2/lib/active_support/dependencies.rb:381:in `load_file'
/usr/lib/ruby/gems/1.8/gems/activesupport-2.2.2/lib/active_support/dependencies.rb:256:in `require_or_load'
/usr/lib/ruby/gems/1.8/gems/activesupport-2.2.2/lib/active_support/dependencies.rb:221:in `depend_on'
/usr/lib/ruby/gems/1.8/gems/activesupport-2.2.2/lib/active_support/dependencies.rb:133:in `require_dependency'
/usr/lib/ruby/gems/1.8/gems/activerecord-2.2.2/lib/active_record/fixtures.rb:856:in `try_to_load_dependency'
/usr/lib/ruby/gems/1.8/gems/activerecord-2.2.2/lib/active_record/fixtures.rb:871:in `require_fixture_classes'
/usr/lib/ruby/gems/1.8/gems/activerecord-2.2.2/lib/active_record/fixtures.rb:868:in `each'
/usr/lib/ruby/gems/1.8/gems/activerecord-2.2.2/lib/active_record/fixtures.rb:868:in `require_fixture_classes'
/usr/lib/ruby/gems/1.8/gems/activerecord-2.2.2/lib/active_record/fixtures.rb:851:in `fixtures'
./test/unit/../test_helper.rb:35
./test/unit/nested_assignment_test.rb:1:in `require'
./test/unit/nested_assignment_test.rb:1
/usr/lib/ruby/gems/1.8/gems/rake-0.8.3/lib/rake/rake_test_loader.rb:5:in `load'
/usr/lib/ruby/gems/1.8/gems/rake-0.8.3/lib/rake/rake_test_loader.rb:5
/usr/lib/ruby/gems/1.8/gems/rake-0.8.3/lib/rake/rake_test_loader.rb:5:in `each'
/usr/lib/ruby/gems/1.8/gems/rake-0.8.3/lib/rake/rake_test_loader.rb:5
Unable to load service, underlying cause no such file to load -- service.rb 

 /usr/lib/ruby/gems/1.8/gems/activesupport-2.2.2/lib/active_support/dependencies.rb:382:in `load_without_new_constant_marking'
/usr/lib/ruby/gems/1.8/gems/activesupport-2.2.2/lib/active_support/dependencies.rb:382:in `load_file'
/usr/lib/ruby/gems/1.8/gems/activesupport-2.2.2/lib/active_support/dependencies.rb:521:in `new_constants_in'
/usr/lib/ruby/gems/1.8/gems/activesupport-2.2.2/lib/active_support/dependencies.rb:381:in `load_file'
/usr/lib/ruby/gems/1.8/gems/activesupport-2.2.2/lib/active_support/dependencies.rb:256:in `require_or_load'
/usr/lib/ruby/gems/1.8/gems/activesupport-2.2.2/lib/active_support/dependencies.rb:221:in `depend_on'
/usr/lib/ruby/gems/1.8/gems/activesupport-2.2.2/lib/active_support/dependencies.rb:133:in `require_dependency'
/usr/lib/ruby/gems/1.8/gems/activerecord-2.2.2/lib/active_record/fixtures.rb:856:in `try_to_load_dependency'
/usr/lib/ruby/gems/1.8/gems/activerecord-2.2.2/lib/active_record/fixtures.rb:871:in `require_fixture_classes'
/usr/lib/ruby/gems/1.8/gems/activerecord-2.2.2/lib/active_record/fixtures.rb:868:in `each'
/usr/lib/ruby/gems/1.8/gems/activerecord-2.2.2/lib/active_record/fixtures.rb:868:in `require_fixture_classes'
/usr/lib/ruby/gems/1.8/gems/activerecord-2.2.2/lib/active_record/fixtures.rb:851:in `fixtures'
./test/unit/../test_helper.rb:35
./test/unit/nested_assignment_test.rb:1:in `require'
./test/unit/nested_assignment_test.rb:1
/usr/lib/ruby/gems/1.8/gems/rake-0.8.3/lib/rake/rake_test_loader.rb:5:in `load'
/usr/lib/ruby/gems/1.8/gems/rake-0.8.3/lib/rake/rake_test_loader.rb:5
/usr/lib/ruby/gems/1.8/gems/rake-0.8.3/lib/rake/rake_test_loader.rb:5:in `each'
/usr/lib/ruby/gems/1.8/gems/rake-0.8.3/lib/rake/rake_test_loader.rb:5
Unable to load subscription, underlying cause no such file to load -- subscription.rb 

 /usr/lib/ruby/gems/1.8/gems/activesupport-2.2.2/lib/active_support/dependencies.rb:382:in `load_without_new_constant_marking'
/usr/lib/ruby/gems/1.8/gems/activesupport-2.2.2/lib/active_support/dependencies.rb:382:in `load_file'
/usr/lib/ruby/gems/1.8/gems/activesupport-2.2.2/lib/active_support/dependencies.rb:521:in `new_constants_in'
/usr/lib/ruby/gems/1.8/gems/activesupport-2.2.2/lib/active_support/dependencies.rb:381:in `load_file'
/usr/lib/ruby/gems/1.8/gems/activesupport-2.2.2/lib/active_support/dependencies.rb:256:in `require_or_load'
/usr/lib/ruby/gems/1.8/gems/activesupport-2.2.2/lib/active_support/dependencies.rb:221:in `depend_on'
/usr/lib/ruby/gems/1.8/gems/activesupport-2.2.2/lib/active_support/dependencies.rb:133:in `require_dependency'
/usr/lib/ruby/gems/1.8/gems/activerecord-2.2.2/lib/active_record/fixtures.rb:856:in `try_to_load_dependency'
/usr/lib/ruby/gems/1.8/gems/activerecord-2.2.2/lib/active_record/fixtures.rb:871:in `require_fixture_classes'
/usr/lib/ruby/gems/1.8/gems/activerecord-2.2.2/lib/active_record/fixtures.rb:868:in `each'
/usr/lib/ruby/gems/1.8/gems/activerecord-2.2.2/lib/active_record/fixtures.rb:868:in `require_fixture_classes'
/usr/lib/ruby/gems/1.8/gems/activerecord-2.2.2/lib/active_record/fixtures.rb:851:in `fixtures'
./test/unit/../test_helper.rb:35
./test/unit/nested_assignment_test.rb:1:in `require'
./test/unit/nested_assignment_test.rb:1
/usr/lib/ruby/gems/1.8/gems/rake-0.8.3/lib/rake/rake_test_loader.rb:5:in `load'
/usr/lib/ruby/gems/1.8/gems/rake-0.8.3/lib/rake/rake_test_loader.rb:5
/usr/lib/ruby/gems/1.8/gems/rake-0.8.3/lib/rake/rake_test_loader.rb:5:in `each'
/usr/lib/ruby/gems/1.8/gems/rake-0.8.3/lib/rake/rake_test_loader.rb:5
Unable to load address, underlying cause no such file to load -- address.rb 

 /usr/lib/ruby/gems/1.8/gems/activesupport-2.2.2/lib/active_support/dependencies.rb:382:in `load_without_new_constant_marking'
/usr/lib/ruby/gems/1.8/gems/activesupport-2.2.2/lib/active_support/dependencies.rb:382:in `load_file'
/usr/lib/ruby/gems/1.8/gems/activesupport-2.2.2/lib/active_support/dependencies.rb:521:in `new_constants_in'
/usr/lib/ruby/gems/1.8/gems/activesupport-2.2.2/lib/active_support/dependencies.rb:381:in `load_file'
/usr/lib/ruby/gems/1.8/gems/activesupport-2.2.2/lib/active_support/dependencies.rb:256:in `require_or_load'
/usr/lib/ruby/gems/1.8/gems/activesupport-2.2.2/lib/active_support/dependencies.rb:221:in `depend_on'
/usr/lib/ruby/gems/1.8/gems/activesupport-2.2.2/lib/active_support/dependencies.rb:133:in `require_dependency'
/usr/lib/ruby/gems/1.8/gems/activerecord-2.2.2/lib/active_record/fixtures.rb:856:in `try_to_load_dependency'
/usr/lib/ruby/gems/1.8/gems/activerecord-2.2.2/lib/active_record/fixtures.rb:871:in `require_fixture_classes'
/usr/lib/ruby/gems/1.8/gems/activerecord-2.2.2/lib/active_record/fixtures.rb:868:in `each'
/usr/lib/ruby/gems/1.8/gems/activerecord-2.2.2/lib/active_record/fixtures.rb:868:in `require_fixture_classes'
/usr/lib/ruby/gems/1.8/gems/activerecord-2.2.2/lib/active_record/fixtures.rb:851:in `fixtures'
./test/unit/../test_helper.rb:35
./test/unit/nested_assignment_test.rb:1:in `require'
./test/unit/nested_assignment_test.rb:1
/usr/lib/ruby/gems/1.8/gems/rake-0.8.3/lib/rake/rake_test_loader.rb:5:in `load'
/usr/lib/ruby/gems/1.8/gems/rake-0.8.3/lib/rake/rake_test_loader.rb:5
/usr/lib/ruby/gems/1.8/gems/rake-0.8.3/lib/rake/rake_test_loader.rb:5:in `each'
/usr/lib/ruby/gems/1.8/gems/rake-0.8.3/lib/rake/rake_test_loader.rb:5
Unable to load user, underlying cause no such file to load -- user.rb 

 /usr/lib/ruby/gems/1.8/gems/activesupport-2.2.2/lib/active_support/dependencies.rb:382:in `load_without_new_constant_marking'
/usr/lib/ruby/gems/1.8/gems/activesupport-2.2.2/lib/active_support/dependencies.rb:382:in `load_file'
/usr/lib/ruby/gems/1.8/gems/activesupport-2.2.2/lib/active_support/dependencies.rb:521:in `new_constants_in'
/usr/lib/ruby/gems/1.8/gems/activesupport-2.2.2/lib/active_support/dependencies.rb:381:in `load_file'
/usr/lib/ruby/gems/1.8/gems/activesupport-2.2.2/lib/active_support/dependencies.rb:256:in `require_or_load'
/usr/lib/ruby/gems/1.8/gems/activesupport-2.2.2/lib/active_support/dependencies.rb:221:in `depend_on'
/usr/lib/ruby/gems/1.8/gems/activesupport-2.2.2/lib/active_support/dependencies.rb:133:in `require_dependency'
/usr/lib/ruby/gems/1.8/gems/activerecord-2.2.2/lib/active_record/fixtures.rb:856:in `try_to_load_dependency'
/usr/lib/ruby/gems/1.8/gems/activerecord-2.2.2/lib/active_record/fixtures.rb:871:in `require_fixture_classes'
/usr/lib/ruby/gems/1.8/gems/activerecord-2.2.2/lib/active_record/fixtures.rb:868:in `each'
/usr/lib/ruby/gems/1.8/gems/activerecord-2.2.2/lib/active_record/fixtures.rb:868:in `require_fixture_classes'
/usr/lib/ruby/gems/1.8/gems/activerecord-2.2.2/lib/active_record/fixtures.rb:851:in `fixtures'
./test/unit/../test_helper.rb:35
./test/unit/nested_assignment_test.rb:1:in `require'
./test/unit/nested_assignment_test.rb:1
/usr/lib/ruby/gems/1.8/gems/rake-0.8.3/lib/rake/rake_test_loader.rb:5:in `load'
/usr/lib/ruby/gems/1.8/gems/rake-0.8.3/lib/rake/rake_test_loader.rb:5
/usr/lib/ruby/gems/1.8/gems/rake-0.8.3/lib/rake/rake_test_loader.rb:5:in `each'
/usr/lib/ruby/gems/1.8/gems/rake-0.8.3/lib/rake/rake_test_loader.rb:5
Unable to load role, underlying cause no such file to load -- role.rb 

 /usr/lib/ruby/gems/1.8/gems/activesupport-2.2.2/lib/active_support/dependencies.rb:382:in `load_without_new_constant_marking'
/usr/lib/ruby/gems/1.8/gems/activesupport-2.2.2/lib/active_support/dependencies.rb:382:in `load_file'
/usr/lib/ruby/gems/1.8/gems/activesupport-2.2.2/lib/active_support/dependencies.rb:521:in `new_constants_in'
/usr/lib/ruby/gems/1.8/gems/activesupport-2.2.2/lib/active_support/dependencies.rb:381:in `load_file'
/usr/lib/ruby/gems/1.8/gems/activesupport-2.2.2/lib/active_support/dependencies.rb:256:in `require_or_load'
/usr/lib/ruby/gems/1.8/gems/activesupport-2.2.2/lib/active_support/dependencies.rb:221:in `depend_on'
/usr/lib/ruby/gems/1.8/gems/activesupport-2.2.2/lib/active_support/dependencies.rb:133:in `require_dependency'
/usr/lib/ruby/gems/1.8/gems/activerecord-2.2.2/lib/active_record/fixtures.rb:856:in `try_to_load_dependency'
/usr/lib/ruby/gems/1.8/gems/activerecord-2.2.2/lib/active_record/fixtures.rb:871:in `require_fixture_classes'
/usr/lib/ruby/gems/1.8/gems/activerecord-2.2.2/lib/active_record/fixtures.rb:868:in `each'
/usr/lib/ruby/gems/1.8/gems/activerecord-2.2.2/lib/active_record/fixtures.rb:868:in `require_fixture_classes'
/usr/lib/ruby/gems/1.8/gems/activerecord-2.2.2/lib/active_record/fixtures.rb:851:in `fixtures'
./test/unit/../test_helper.rb:35
./test/unit/nested_assignment_test.rb:1:in `require'
./test/unit/nested_assignment_test.rb:1
/usr/lib/ruby/gems/1.8/gems/rake-0.8.3/lib/rake/rake_test_loader.rb:5:in `load'
/usr/lib/ruby/gems/1.8/gems/rake-0.8.3/lib/rake/rake_test_loader.rb:5
/usr/lib/ruby/gems/1.8/gems/rake-0.8.3/lib/rake/rake_test_loader.rb:5:in `each'
/usr/lib/ruby/gems/1.8/gems/rake-0.8.3/lib/rake/rake_test_loader.rb:5
  [4;35;1mPluginTestModels::User Load (0.1ms)[0m   [0mSELECT * FROM "users" WHERE ("users"."id" = 1) [0m
  [4;36;1mPluginTestModels::Subscription Load (0.2ms)[0m   [0;1mSELECT * FROM "subscriptions" WHERE ("subscriptions"."id" = 1) [0m
  [4;35;1mPluginTestModels::User Load (0.1ms)[0m   [0mSELECT * FROM "users" WHERE ("users"."id" = 1) [0m
  [4;36;1mPluginTestModels::User Load (0.1ms)[0m   [0;1mSELECT * FROM "users" WHERE ("users"."id" = 1) [0m
  [4;35;1mPluginTestModels::Subscription Load (0.2ms)[0m   [0mSELECT * FROM "subscriptions" WHERE ("subscriptions"."id" = 1) [0m
  [4;36;1mPluginTestModels::User Load (0.1ms)[0m   [0;1mSELECT * FROM "users" WHERE ("users"."id" = 1) [0m
  [4;35;1mPluginTestModels::Subscription Load (0.2ms)[0m   [0mSELECT * FROM "subscriptions" WHERE ("subscriptions"."id" = 1) [0m
  [4;36;1mPluginTestModels::User Load (0.1ms)[0m   [0;1mSELECT * FROM "users" WHERE ("users"."id" = 1) [0m
  [4;35;1mPluginTestModels::User Load (0.1ms)[0m   [0mSELECT * FROM "users" WHERE ("users"."id" = 1) [0m
  [4;36;1mPluginTestModels::Subscription Load (0.2ms)[0m   [0;1mSELECT * FROM "subscriptions" WHERE ("subscriptions"."id" = 1) [0m
  [4;35;1mPluginTestModels::User Load (0.1ms)[0m   [0mSELECT * FROM "users" WHERE ("users"."id" = 1) [0m
WARNING: Can't mass-assign these protected attributes: id
  [4;36;1mPluginTestModels::User Load (0.1ms)[0m   [0;1mSELECT * FROM "users" WHERE ("users"."id" = 1) [0m
  [4;35;1mPluginTestModels::User Load (0.1ms)[0m   [0mSELECT * FROM "users" WHERE ("users"."id" = 1) [0m
  [4;36;1mPluginTestModels::Subscription Load (0.2ms)[0m   [0;1mSELECT * FROM "subscriptions" WHERE ("subscriptions"."id" = 1) [0m
  [4;35;1mPluginTestModels::Subscription Load (0.2ms)[0m   [0mSELECT * FROM "subscriptions" WHERE ("subscriptions".user_id = 1) LIMIT 1[0m
  [4;36;1mPluginTestModels::User Load (0.1ms)[0m   [0;1mSELECT * FROM "users" WHERE ("users"."id" = 1) [0m
  [4;35;1mPluginTestModels::Subscription Load (0.2ms)[0m   [0mSELECT * FROM "subscriptions" WHERE ("subscriptions"."id" = 1) [0m
  [4;36;1mPluginTestModels::Subscription Load (0.2ms)[0m   [0;1mSELECT * FROM "subscriptions" WHERE ("subscriptions".user_id = 1) LIMIT 1[0m
  [4;35;1mPluginTestModels::Subscription Update (0.1ms)[0m   [0mUPDATE "subscriptions" SET "user_id" = NULL WHERE "id" = 1[0m
  [4;36;1mPluginTestModels::Subscription Load (0.2ms)[0m   [0;1mSELECT * FROM "subscriptions" WHERE ("subscriptions"."id" = 1) [0m
  [4;35;1mPluginTestModels::User Load (0.1ms)[0m   [0mSELECT * FROM "users" WHERE ("users"."id" = 1) [0m
  [4;36;1mPluginTestModels::Subscription Load (0.2ms)[0m   [0;1mSELECT * FROM "subscriptions" WHERE ("subscriptions"."id" = 1) [0m
  [4;35;1mPluginTestModels::Subscription Load (0.2ms)[0m   [0mSELECT * FROM "subscriptions" WHERE ("subscriptions".user_id = 1) LIMIT 1[0m
WARNING: Can't mass-assign these protected attributes: id
  [4;36;1mPluginTestModels::Subscription Load (0.2ms)[0m   [0;1mSELECT * FROM "subscriptions" WHERE ("subscriptions"."id" = 1) [0m
  [4;35;1mPluginTestModels::User Load (0.1ms)[0m   [0mSELECT * FROM "users" LIMIT 1[0m
  [4;36;1mPluginTestModels::User Load (0.1ms)[0m   [0;1mSELECT * FROM "users" LIMIT 1[0m
  [4;35;1mPluginTestModels::Role Load (0.2ms)[0m   [0mSELECT * FROM "roles" INNER JOIN "roles_users" ON "roles".id = "roles_users".role_id WHERE ("roles_users".user_id = 1 ) [0m
  [4;36;1mPluginTestModels::User Load (0.1ms)[0m   [0;1mSELECT * FROM "users" LIMIT 1[0m
  [4;35;1mPluginTestModels::Role Load (0.2ms)[0m   [0mSELECT * FROM "roles" INNER JOIN "roles_users" ON "roles".id = "roles_users".role_id WHERE ("roles_users".user_id = 1 ) [0m
  [4;36;1mPluginTestModels::User Load (0.1ms)[0m   [0;1mSELECT * FROM "users" LIMIT 1[0m
  [4;35;1mPluginTestModels::Address Load (0.2ms)[0m   [0mSELECT * FROM "addresses" WHERE ("addresses".addressable_id = 1 AND "addresses".addressable_type = 'PluginTestModels::User') LIMIT 1[0m
  [4;36;1mSQL (0.3ms)[0m   [0;1mselect sqlite_version(*)[0m
  [4;35;1mSQL (0.2ms)[0m   [0m SELECT name
 FROM sqlite_master
 WHERE type = 'table' AND NOT name = 'sqlite_sequence'
[0m
  [4;36;1mSQL (0.4ms)[0m   [0;1mCREATE TABLE "addresses" ("id" INTEGER PRIMARY KEY AUTOINCREMENT NOT NULL, "name" varchar(255), "addressable_id" integer, "addressable_type" varchar(255)) [0m
  [4;35;1mSQL (0.2ms)[0m   [0m SELECT name
 FROM sqlite_master
 WHERE type = 'table' AND NOT name = 'sqlite_sequence'
[0m
  [4;36;1mSQL (0.2ms)[0m   [0;1mCREATE TABLE "users" ("id" INTEGER PRIMARY KEY AUTOINCREMENT NOT NULL, "name" varchar(255)) [0m
  [4;35;1mSQL (0.2ms)[0m   [0m SELECT name
 FROM sqlite_master
 WHERE type = 'table' AND NOT name = 'sqlite_sequence'
[0m
  [4;36;1mSQL (0.2ms)[0m   [0;1mCREATE TABLE "roles_users" ("user_id" integer, "role_id" integer) [0m
  [4;35;1mSQL (0.3ms)[0m   [0m SELECT name
 FROM sqlite_master
 WHERE type = 'table' AND NOT name = 'sqlite_sequence'
[0m
  [4;36;1mSQL (0.2ms)[0m   [0;1mCREATE TABLE "services" ("id" INTEGER PRIMARY KEY AUTOINCREMENT NOT NULL, "name" varchar(255)) [0m
  [4;35;1mSQL (0.3ms)[0m   [0m SELECT name
 FROM sqlite_master
 WHERE type = 'table' AND NOT name = 'sqlite_sequence'
[0m
  [4;36;1mSQL (0.2ms)[0m   [0;1mCREATE TABLE "subscriptions" ("id" INTEGER PRIMARY KEY AUTOINCREMENT NOT NULL, "name" varchar(255), "service_id" integer, "user_id" integer) [0m
  [4;35;1mSQL (0.4ms)[0m   [0m SELECT name
 FROM sqlite_master
 WHERE type = 'table' AND NOT name = 'sqlite_sequence'
[0m
  [4;36;1mSQL (0.2ms)[0m   [0;1mCREATE TABLE "roles" ("id" INTEGER PRIMARY KEY AUTOINCREMENT NOT NULL, "name" varchar(255)) [0m
  [4;35;1mSQL (0.5ms)[0m   [0m SELECT name
 FROM sqlite_master
 WHERE type = 'table' AND NOT name = 'sqlite_sequence'
[0m
  [4;36;1mSQL (0.2ms)[0m   [0;1mCREATE TABLE "schema_migrations" ("version" varchar(255) NOT NULL) [0m
  [4;35;1mSQL (0.2ms)[0m   [0mCREATE UNIQUE INDEX "unique_schema_migrations" ON "schema_migrations" ("version")[0m
  [4;36;1mSQL (0.5ms)[0m   [0;1m SELECT name
 FROM sqlite_master
 WHERE type = 'table' AND NOT name = 'sqlite_sequence'
[0m
  [4;35;1mSQL (0.1ms)[0m   [0mSELECT version FROM "schema_migrations"[0m
  [4;36;1mSQL (0.1ms)[0m   [0;1mINSERT INTO "schema_migrations" (version) VALUES ('1')[0m
Unable to load roles_user, underlying cause no such file to load -- roles_user.rb 

 /usr/lib/ruby/gems/1.8/gems/activesupport-2.2.2/lib/active_support/dependencies.rb:382:in `load_without_new_constant_marking'
/usr/lib/ruby/gems/1.8/gems/activesupport-2.2.2/lib/active_support/dependencies.rb:382:in `load_file'
/usr/lib/ruby/gems/1.8/gems/activesupport-2.2.2/lib/active_support/dependencies.rb:521:in `new_constants_in'
/usr/lib/ruby/gems/1.8/gems/activesupport-2.2.2/lib/active_support/dependencies.rb:381:in `load_file'
/usr/lib/ruby/gems/1.8/gems/activesupport-2.2.2/lib/active_support/dependencies.rb:256:in `require_or_load'
/usr/lib/ruby/gems/1.8/gems/activesupport-2.2.2/lib/active_support/dependencies.rb:221:in `depend_on'
/usr/lib/ruby/gems/1.8/gems/activesupport-2.2.2/lib/active_support/dependencies.rb:133:in `require_dependency'
/usr/lib/ruby/gems/1.8/gems/activerecord-2.2.2/lib/active_record/fixtures.rb:856:in `try_to_load_dependency'
/usr/lib/ruby/gems/1.8/gems/activerecord-2.2.2/lib/active_record/fixtures.rb:871:in `require_fixture_classes'
/usr/lib/ruby/gems/1.8/gems/activerecord-2.2.2/lib/active_record/fixtures.rb:868:in `each'
/usr/lib/ruby/gems/1.8/gems/activerecord-2.2.2/lib/active_record/fixtures.rb:868:in `require_fixture_classes'
/usr/lib/ruby/gems/1.8/gems/activerecord-2.2.2/lib/active_record/fixtures.rb:851:in `fixtures'
./test/unit/../test_helper.rb:35
./test/unit/nested_assignment_test.rb:1:in `require'
./test/unit/nested_assignment_test.rb:1
/usr/lib/ruby/gems/1.8/gems/rake-0.8.3/lib/rake/rake_test_loader.rb:5:in `load'
/usr/lib/ruby/gems/1.8/gems/rake-0.8.3/lib/rake/rake_test_loader.rb:5
/usr/lib/ruby/gems/1.8/gems/rake-0.8.3/lib/rake/rake_test_loader.rb:5:in `each'
/usr/lib/ruby/gems/1.8/gems/rake-0.8.3/lib/rake/rake_test_loader.rb:5
Unable to load service, underlying cause no such file to load -- service.rb 

 /usr/lib/ruby/gems/1.8/gems/activesupport-2.2.2/lib/active_support/dependencies.rb:382:in `load_without_new_constant_marking'
/usr/lib/ruby/gems/1.8/gems/activesupport-2.2.2/lib/active_support/dependencies.rb:382:in `load_file'
/usr/lib/ruby/gems/1.8/gems/activesupport-2.2.2/lib/active_support/dependencies.rb:521:in `new_constants_in'
/usr/lib/ruby/gems/1.8/gems/activesupport-2.2.2/lib/active_support/dependencies.rb:381:in `load_file'
/usr/lib/ruby/gems/1.8/gems/activesupport-2.2.2/lib/active_support/dependencies.rb:256:in `require_or_load'
/usr/lib/ruby/gems/1.8/gems/activesupport-2.2.2/lib/active_support/dependencies.rb:221:in `depend_on'
/usr/lib/ruby/gems/1.8/gems/activesupport-2.2.2/lib/active_support/dependencies.rb:133:in `require_dependency'
/usr/lib/ruby/gems/1.8/gems/activerecord-2.2.2/lib/active_record/fixtures.rb:856:in `try_to_load_dependency'
/usr/lib/ruby/gems/1.8/gems/activerecord-2.2.2/lib/active_record/fixtures.rb:871:in `require_fixture_classes'
/usr/lib/ruby/gems/1.8/gems/activerecord-2.2.2/lib/active_record/fixtures.rb:868:in `each'
/usr/lib/ruby/gems/1.8/gems/activerecord-2.2.2/lib/active_record/fixtures.rb:868:in `require_fixture_classes'
/usr/lib/ruby/gems/1.8/gems/activerecord-2.2.2/lib/active_record/fixtures.rb:851:in `fixtures'
./test/unit/../test_helper.rb:35
./test/unit/nested_assignment_test.rb:1:in `require'
./test/unit/nested_assignment_test.rb:1
/usr/lib/ruby/gems/1.8/gems/rake-0.8.3/lib/rake/rake_test_loader.rb:5:in `load'
/usr/lib/ruby/gems/1.8/gems/rake-0.8.3/lib/rake/rake_test_loader.rb:5
/usr/lib/ruby/gems/1.8/gems/rake-0.8.3/lib/rake/rake_test_loader.rb:5:in `each'
/usr/lib/ruby/gems/1.8/gems/rake-0.8.3/lib/rake/rake_test_loader.rb:5
Unable to load subscription, underlying cause no such file to load -- subscription.rb 

 /usr/lib/ruby/gems/1.8/gems/activesupport-2.2.2/lib/active_support/dependencies.rb:382:in `load_without_new_constant_marking'
/usr/lib/ruby/gems/1.8/gems/activesupport-2.2.2/lib/active_support/dependencies.rb:382:in `load_file'
/usr/lib/ruby/gems/1.8/gems/activesupport-2.2.2/lib/active_support/dependencies.rb:521:in `new_constants_in'
/usr/lib/ruby/gems/1.8/gems/activesupport-2.2.2/lib/active_support/dependencies.rb:381:in `load_file'
/usr/lib/ruby/gems/1.8/gems/activesupport-2.2.2/lib/active_support/dependencies.rb:256:in `require_or_load'
/usr/lib/ruby/gems/1.8/gems/activesupport-2.2.2/lib/active_support/dependencies.rb:221:in `depend_on'
/usr/lib/ruby/gems/1.8/gems/activesupport-2.2.2/lib/active_support/dependencies.rb:133:in `require_dependency'
/usr/lib/ruby/gems/1.8/gems/activerecord-2.2.2/lib/active_record/fixtures.rb:856:in `try_to_load_dependency'
/usr/lib/ruby/gems/1.8/gems/activerecord-2.2.2/lib/active_record/fixtures.rb:871:in `require_fixture_classes'
/usr/lib/ruby/gems/1.8/gems/activerecord-2.2.2/lib/active_record/fixtures.rb:868:in `each'
/usr/lib/ruby/gems/1.8/gems/activerecord-2.2.2/lib/active_record/fixtures.rb:868:in `require_fixture_classes'
/usr/lib/ruby/gems/1.8/gems/activerecord-2.2.2/lib/active_record/fixtures.rb:851:in `fixtures'
./test/unit/../test_helper.rb:35
./test/unit/nested_assignment_test.rb:1:in `require'
./test/unit/nested_assignment_test.rb:1
/usr/lib/ruby/gems/1.8/gems/rake-0.8.3/lib/rake/rake_test_loader.rb:5:in `load'
/usr/lib/ruby/gems/1.8/gems/rake-0.8.3/lib/rake/rake_test_loader.rb:5
/usr/lib/ruby/gems/1.8/gems/rake-0.8.3/lib/rake/rake_test_loader.rb:5:in `each'
/usr/lib/ruby/gems/1.8/gems/rake-0.8.3/lib/rake/rake_test_loader.rb:5
Unable to load address, underlying cause no such file to load -- address.rb 

 /usr/lib/ruby/gems/1.8/gems/activesupport-2.2.2/lib/active_support/dependencies.rb:382:in `load_without_new_constant_marking'
/usr/lib/ruby/gems/1.8/gems/activesupport-2.2.2/lib/active_support/dependencies.rb:382:in `load_file'
/usr/lib/ruby/gems/1.8/gems/activesupport-2.2.2/lib/active_support/dependencies.rb:521:in `new_constants_in'
/usr/lib/ruby/gems/1.8/gems/activesupport-2.2.2/lib/active_support/dependencies.rb:381:in `load_file'
/usr/lib/ruby/gems/1.8/gems/activesupport-2.2.2/lib/active_support/dependencies.rb:256:in `require_or_load'
/usr/lib/ruby/gems/1.8/gems/activesupport-2.2.2/lib/active_support/dependencies.rb:221:in `depend_on'
/usr/lib/ruby/gems/1.8/gems/activesupport-2.2.2/lib/active_support/dependencies.rb:133:in `require_dependency'
/usr/lib/ruby/gems/1.8/gems/activerecord-2.2.2/lib/active_record/fixtures.rb:856:in `try_to_load_dependency'
/usr/lib/ruby/gems/1.8/gems/activerecord-2.2.2/lib/active_record/fixtures.rb:871:in `require_fixture_classes'
/usr/lib/ruby/gems/1.8/gems/activerecord-2.2.2/lib/active_record/fixtures.rb:868:in `each'
/usr/lib/ruby/gems/1.8/gems/activerecord-2.2.2/lib/active_record/fixtures.rb:868:in `require_fixture_classes'
/usr/lib/ruby/gems/1.8/gems/activerecord-2.2.2/lib/active_record/fixtures.rb:851:in `fixtures'
./test/unit/../test_helper.rb:35
./test/unit/nested_assignment_test.rb:1:in `require'
./test/unit/nested_assignment_test.rb:1
/usr/lib/ruby/gems/1.8/gems/rake-0.8.3/lib/rake/rake_test_loader.rb:5:in `load'
/usr/lib/ruby/gems/1.8/gems/rake-0.8.3/lib/rake/rake_test_loader.rb:5
/usr/lib/ruby/gems/1.8/gems/rake-0.8.3/lib/rake/rake_test_loader.rb:5:in `each'
/usr/lib/ruby/gems/1.8/gems/rake-0.8.3/lib/rake/rake_test_loader.rb:5
Unable to load user, underlying cause no such file to load -- user.rb 

 /usr/lib/ruby/gems/1.8/gems/activesupport-2.2.2/lib/active_support/dependencies.rb:382:in `load_without_new_constant_marking'
/usr/lib/ruby/gems/1.8/gems/activesupport-2.2.2/lib/active_support/dependencies.rb:382:in `load_file'
/usr/lib/ruby/gems/1.8/gems/activesupport-2.2.2/lib/active_support/dependencies.rb:521:in `new_constants_in'
/usr/lib/ruby/gems/1.8/gems/activesupport-2.2.2/lib/active_support/dependencies.rb:381:in `load_file'
/usr/lib/ruby/gems/1.8/gems/activesupport-2.2.2/lib/active_support/dependencies.rb:256:in `require_or_load'
/usr/lib/ruby/gems/1.8/gems/activesupport-2.2.2/lib/active_support/dependencies.rb:221:in `depend_on'
/usr/lib/ruby/gems/1.8/gems/activesupport-2.2.2/lib/active_support/dependencies.rb:133:in `require_dependency'
/usr/lib/ruby/gems/1.8/gems/activerecord-2.2.2/lib/active_record/fixtures.rb:856:in `try_to_load_dependency'
/usr/lib/ruby/gems/1.8/gems/activerecord-2.2.2/lib/active_record/fixtures.rb:871:in `require_fixture_classes'
/usr/lib/ruby/gems/1.8/gems/activerecord-2.2.2/lib/active_record/fixtures.rb:868:in `each'
/usr/lib/ruby/gems/1.8/gems/activerecord-2.2.2/lib/active_record/fixtures.rb:868:in `require_fixture_classes'
/usr/lib/ruby/gems/1.8/gems/activerecord-2.2.2/lib/active_record/fixtures.rb:851:in `fixtures'
./test/unit/../test_helper.rb:35
./test/unit/nested_assignment_test.rb:1:in `require'
./test/unit/nested_assignment_test.rb:1
/usr/lib/ruby/gems/1.8/gems/rake-0.8.3/lib/rake/rake_test_loader.rb:5:in `load'
/usr/lib/ruby/gems/1.8/gems/rake-0.8.3/lib/rake/rake_test_loader.rb:5
/usr/lib/ruby/gems/1.8/gems/rake-0.8.3/lib/rake/rake_test_loader.rb:5:in `each'
/usr/lib/ruby/gems/1.8/gems/rake-0.8.3/lib/rake/rake_test_loader.rb:5
Unable to load role, underlying cause no such file to load -- role.rb 

 /usr/lib/ruby/gems/1.8/gems/activesupport-2.2.2/lib/active_support/dependencies.rb:382:in `load_without_new_constant_marking'
/usr/lib/ruby/gems/1.8/gems/activesupport-2.2.2/lib/active_support/dependencies.rb:382:in `load_file'
/usr/lib/ruby/gems/1.8/gems/activesupport-2.2.2/lib/active_support/dependencies.rb:521:in `new_constants_in'
/usr/lib/ruby/gems/1.8/gems/activesupport-2.2.2/lib/active_support/dependencies.rb:381:in `load_file'
/usr/lib/ruby/gems/1.8/gems/activesupport-2.2.2/lib/active_support/dependencies.rb:256:in `require_or_load'
/usr/lib/ruby/gems/1.8/gems/activesupport-2.2.2/lib/active_support/dependencies.rb:221:in `depend_on'
/usr/lib/ruby/gems/1.8/gems/activesupport-2.2.2/lib/active_support/dependencies.rb:133:in `require_dependency'
/usr/lib/ruby/gems/1.8/gems/activerecord-2.2.2/lib/active_record/fixtures.rb:856:in `try_to_load_dependency'
/usr/lib/ruby/gems/1.8/gems/activerecord-2.2.2/lib/active_record/fixtures.rb:871:in `require_fixture_classes'
/usr/lib/ruby/gems/1.8/gems/activerecord-2.2.2/lib/active_record/fixtures.rb:868:in `each'
/usr/lib/ruby/gems/1.8/gems/activerecord-2.2.2/lib/active_record/fixtures.rb:868:in `require_fixture_classes'
/usr/lib/ruby/gems/1.8/gems/activerecord-2.2.2/lib/active_record/fixtures.rb:851:in `fixtures'
./test/unit/../test_helper.rb:35
./test/unit/nested_assignment_test.rb:1:in `require'
./test/unit/nested_assignment_test.rb:1
/usr/lib/ruby/gems/1.8/gems/rake-0.8.3/lib/rake/rake_test_loader.rb:5:in `load'
/usr/lib/ruby/gems/1.8/gems/rake-0.8.3/lib/rake/rake_test_loader.rb:5
/usr/lib/ruby/gems/1.8/gems/rake-0.8.3/lib/rake/rake_test_loader.rb:5:in `each'
/usr/lib/ruby/gems/1.8/gems/rake-0.8.3/lib/rake/rake_test_loader.rb:5
  [4;35;1mPluginTestModels::User Load (0.2ms)[0m   [0mSELECT * FROM "users" WHERE ("users"."id" = 1) [0m
  [4;36;1mPluginTestModels::Subscription Load (0.2ms)[0m   [0;1mSELECT * FROM "subscriptions" WHERE ("subscriptions"."id" = 1) [0m
  [4;35;1mPluginTestModels::User Load (0.2ms)[0m   [0mSELECT * FROM "users" WHERE ("users"."id" = 1) [0m
  [4;36;1mPluginTestModels::User Load (0.2ms)[0m   [0;1mSELECT * FROM "users" WHERE ("users"."id" = 1) [0m
  [4;35;1mPluginTestModels::User Load (0.2ms)[0m   [0mSELECT * FROM "users" WHERE ("users"."id" = 1) [0m
  [4;36;1mPluginTestModels::Subscription Load (0.2ms)[0m   [0;1mSELECT * FROM "subscriptions" WHERE ("subscriptions"."id" = 1) [0m
  [4;35;1mPluginTestModels::User Load (0.2ms)[0m   [0mSELECT * FROM "users" WHERE ("users"."id" = 1) [0m
  [4;36;1mPluginTestModels::Subscription Load (0.2ms)[0m   [0;1mSELECT * FROM "subscriptions" WHERE ("subscriptions"."id" = 1) [0m
  [4;35;1mPluginTestModels::User Load (0.2ms)[0m   [0mSELECT * FROM "users" WHERE ("users"."id" = 1) [0m
  [4;36;1mPluginTestModels::User Load (0.2ms)[0m   [0;1mSELECT * FROM "users" WHERE ("users"."id" = 1) [0m
  [4;35;1mPluginTestModels::Subscription Load (0.2ms)[0m   [0mSELECT * FROM "subscriptions" WHERE ("subscriptions"."id" = 1) [0m
  [4;36;1mPluginTestModels::User Load (0.2ms)[0m   [0;1mSELECT * FROM "users" WHERE ("users"."id" = 1) [0m
WARNING: Can't mass-assign these protected attributes: id
  [4;35;1mPluginTestModels::User Load (0.2ms)[0m   [0mSELECT * FROM "users" WHERE ("users"."id" = 1) [0m
  [4;36;1mPluginTestModels::User Load (0.2ms)[0m   [0;1mSELECT * FROM "users" WHERE ("users"."id" = 1) [0m
  [4;35;1mPluginTestModels::Subscription Load (0.2ms)[0m   [0mSELECT * FROM "subscriptions" WHERE ("subscriptions"."id" = 1) [0m
  [4;36;1mPluginTestModels::Subscription Load (0.3ms)[0m   [0;1mSELECT * FROM "subscriptions" WHERE ("subscriptions".user_id = 1) LIMIT 1[0m
  [4;35;1mPluginTestModels::Subscription Load (0.2ms)[0m   [0mSELECT * FROM "subscriptions" WHERE ("subscriptions"."id" = 1) [0m
  [4;36;1mPluginTestModels::User Load (0.2ms)[0m   [0;1mSELECT * FROM "users" WHERE ("users"."id" = 1) [0m
  [4;35;1mPluginTestModels::Subscription Load (0.2ms)[0m   [0mSELECT * FROM "subscriptions" WHERE ("subscriptions"."id" = 1) [0m
  [4;36;1mPluginTestModels::Subscription Load (0.2ms)[0m   [0;1mSELECT * FROM "subscriptions" WHERE ("subscriptions".user_id = 1) LIMIT 1[0m
  [4;35;1mPluginTestModels::Subscription Update (0.1ms)[0m   [0mUPDATE "subscriptions" SET "user_id" = NULL WHERE "id" = 1[0m
  [4;36;1mPluginTestModels::Subscription Load (0.2ms)[0m   [0;1mSELECT * FROM "subscriptions" WHERE ("subscriptions"."id" = 1) [0m
  [4;35;1mPluginTestModels::User Load (0.2ms)[0m   [0mSELECT * FROM "users" WHERE ("users"."id" = 1) [0m
  [4;36;1mPluginTestModels::Subscription Load (0.2ms)[0m   [0;1mSELECT * FROM "subscriptions" WHERE ("subscriptions"."id" = 1) [0m
  [4;35;1mPluginTestModels::Subscription Load (0.2ms)[0m   [0mSELECT * FROM "subscriptions" WHERE ("subscriptions".user_id = 1) LIMIT 1[0m
WARNING: Can't mass-assign these protected attributes: id
  [4;36;1mPluginTestModels::Subscription Load (0.2ms)[0m   [0;1mSELECT * FROM "subscriptions" WHERE ("subscriptions"."id" = 1) [0m
  [4;35;1mPluginTestModels::User Load (0.2ms)[0m   [0mSELECT * FROM "users" LIMIT 1[0m
  [4;36;1mPluginTestModels::User Load (0.2ms)[0m   [0;1mSELECT * FROM "users" LIMIT 1[0m
  [4;35;1mPluginTestModels::Role Load (0.3ms)[0m   [0mSELECT * FROM "roles" INNER JOIN "roles_users" ON "roles".id = "roles_users".role_id WHERE ("roles_users".user_id = 1 ) [0m
  [4;36;1mPluginTestModels::User Load (0.2ms)[0m   [0;1mSELECT * FROM "users" LIMIT 1[0m
  [4;35;1mPluginTestModels::Role Load (0.3ms)[0m   [0mSELECT * FROM "roles" INNER JOIN "roles_users" ON "roles".id = "roles_users".role_id WHERE ("roles_users".user_id = 1 ) [0m
  [4;36;1mPluginTestModels::User Load (0.2ms)[0m   [0;1mSELECT * FROM "users" LIMIT 1[0m
  [4;35;1mPluginTestModels::Address Load (0.3ms)[0m   [0mSELECT * FROM "addresses" WHERE ("addresses".addressable_id = 1 AND "addresses".addressable_type = 'PluginTestModels::User') LIMIT 1[0m
  [4;36;1mSQL (0.3ms)[0m   [0;1mselect sqlite_version(*)[0m
  [4;35;1mSQL (0.2ms)[0m   [0m SELECT name
 FROM sqlite_master
 WHERE type = 'table' AND NOT name = 'sqlite_sequence'
[0m
  [4;36;1mSQL (0.4ms)[0m   [0;1mCREATE TABLE "addresses" ("id" INTEGER PRIMARY KEY AUTOINCREMENT NOT NULL, "name" varchar(255), "addressable_id" integer, "addressable_type" varchar(255)) [0m
  [4;35;1mSQL (0.2ms)[0m   [0m SELECT name
 FROM sqlite_master
 WHERE type = 'table' AND NOT name = 'sqlite_sequence'
[0m
  [4;36;1mSQL (0.2ms)[0m   [0;1mCREATE TABLE "users" ("id" INTEGER PRIMARY KEY AUTOINCREMENT NOT NULL, "name" varchar(255)) [0m
  [4;35;1mSQL (0.2ms)[0m   [0m SELECT name
 FROM sqlite_master
 WHERE type = 'table' AND NOT name = 'sqlite_sequence'
[0m
  [4;36;1mSQL (0.2ms)[0m   [0;1mCREATE TABLE "roles_users" ("user_id" integer, "role_id" integer) [0m
  [4;35;1mSQL (0.3ms)[0m   [0m SELECT name
 FROM sqlite_master
 WHERE type = 'table' AND NOT name = 'sqlite_sequence'
[0m
  [4;36;1mSQL (0.2ms)[0m   [0;1mCREATE TABLE "services" ("id" INTEGER PRIMARY KEY AUTOINCREMENT NOT NULL, "name" varchar(255)) [0m
  [4;35;1mSQL (0.3ms)[0m   [0m SELECT name
 FROM sqlite_master
 WHERE type = 'table' AND NOT name = 'sqlite_sequence'
[0m
  [4;36;1mSQL (0.2ms)[0m   [0;1mCREATE TABLE "subscriptions" ("id" INTEGER PRIMARY KEY AUTOINCREMENT NOT NULL, "name" varchar(255), "service_id" integer, "user_id" integer) [0m
  [4;35;1mSQL (0.4ms)[0m   [0m SELECT name
 FROM sqlite_master
 WHERE type = 'table' AND NOT name = 'sqlite_sequence'
[0m
  [4;36;1mSQL (0.2ms)[0m   [0;1mCREATE TABLE "roles" ("id" INTEGER PRIMARY KEY AUTOINCREMENT NOT NULL, "name" varchar(255)) [0m
  [4;35;1mSQL (0.5ms)[0m   [0m SELECT name
 FROM sqlite_master
 WHERE type = 'table' AND NOT name = 'sqlite_sequence'
[0m
  [4;36;1mSQL (0.2ms)[0m   [0;1mCREATE TABLE "schema_migrations" ("version" varchar(255) NOT NULL) [0m
  [4;35;1mSQL (0.2ms)[0m   [0mCREATE UNIQUE INDEX "unique_schema_migrations" ON "schema_migrations" ("version")[0m
  [4;36;1mSQL (0.5ms)[0m   [0;1m SELECT name
 FROM sqlite_master
 WHERE type = 'table' AND NOT name = 'sqlite_sequence'
[0m
  [4;35;1mSQL (0.1ms)[0m   [0mSELECT version FROM "schema_migrations"[0m
  [4;36;1mSQL (0.1ms)[0m   [0;1mINSERT INTO "schema_migrations" (version) VALUES ('1')[0m
Unable to load roles_user, underlying cause no such file to load -- roles_user.rb 

 /usr/lib/ruby/gems/1.8/gems/activesupport-2.2.2/lib/active_support/dependencies.rb:382:in `load_without_new_constant_marking'
/usr/lib/ruby/gems/1.8/gems/activesupport-2.2.2/lib/active_support/dependencies.rb:382:in `load_file'
/usr/lib/ruby/gems/1.8/gems/activesupport-2.2.2/lib/active_support/dependencies.rb:521:in `new_constants_in'
/usr/lib/ruby/gems/1.8/gems/activesupport-2.2.2/lib/active_support/dependencies.rb:381:in `load_file'
/usr/lib/ruby/gems/1.8/gems/activesupport-2.2.2/lib/active_support/dependencies.rb:256:in `require_or_load'
/usr/lib/ruby/gems/1.8/gems/activesupport-2.2.2/lib/active_support/dependencies.rb:221:in `depend_on'
/usr/lib/ruby/gems/1.8/gems/activesupport-2.2.2/lib/active_support/dependencies.rb:133:in `require_dependency'
/usr/lib/ruby/gems/1.8/gems/activerecord-2.2.2/lib/active_record/fixtures.rb:856:in `try_to_load_dependency'
/usr/lib/ruby/gems/1.8/gems/activerecord-2.2.2/lib/active_record/fixtures.rb:871:in `require_fixture_classes'
/usr/lib/ruby/gems/1.8/gems/activerecord-2.2.2/lib/active_record/fixtures.rb:868:in `each'
/usr/lib/ruby/gems/1.8/gems/activerecord-2.2.2/lib/active_record/fixtures.rb:868:in `require_fixture_classes'
/usr/lib/ruby/gems/1.8/gems/activerecord-2.2.2/lib/active_record/fixtures.rb:851:in `fixtures'
./test/unit/../test_helper.rb:35
./test/unit/nested_assignment_test.rb:1:in `require'
./test/unit/nested_assignment_test.rb:1
/usr/lib/ruby/gems/1.8/gems/rake-0.8.3/lib/rake/rake_test_loader.rb:5:in `load'
/usr/lib/ruby/gems/1.8/gems/rake-0.8.3/lib/rake/rake_test_loader.rb:5
/usr/lib/ruby/gems/1.8/gems/rake-0.8.3/lib/rake/rake_test_loader.rb:5:in `each'
/usr/lib/ruby/gems/1.8/gems/rake-0.8.3/lib/rake/rake_test_loader.rb:5
Unable to load service, underlying cause no such file to load -- service.rb 

 /usr/lib/ruby/gems/1.8/gems/activesupport-2.2.2/lib/active_support/dependencies.rb:382:in `load_without_new_constant_marking'
/usr/lib/ruby/gems/1.8/gems/activesupport-2.2.2/lib/active_support/dependencies.rb:382:in `load_file'
/usr/lib/ruby/gems/1.8/gems/activesupport-2.2.2/lib/active_support/dependencies.rb:521:in `new_constants_in'
/usr/lib/ruby/gems/1.8/gems/activesupport-2.2.2/lib/active_support/dependencies.rb:381:in `load_file'
/usr/lib/ruby/gems/1.8/gems/activesupport-2.2.2/lib/active_support/dependencies.rb:256:in `require_or_load'
/usr/lib/ruby/gems/1.8/gems/activesupport-2.2.2/lib/active_support/dependencies.rb:221:in `depend_on'
/usr/lib/ruby/gems/1.8/gems/activesupport-2.2.2/lib/active_support/dependencies.rb:133:in `require_dependency'
/usr/lib/ruby/gems/1.8/gems/activerecord-2.2.2/lib/active_record/fixtures.rb:856:in `try_to_load_dependency'
/usr/lib/ruby/gems/1.8/gems/activerecord-2.2.2/lib/active_record/fixtures.rb:871:in `require_fixture_classes'
/usr/lib/ruby/gems/1.8/gems/activerecord-2.2.2/lib/active_record/fixtures.rb:868:in `each'
/usr/lib/ruby/gems/1.8/gems/activerecord-2.2.2/lib/active_record/fixtures.rb:868:in `require_fixture_classes'
/usr/lib/ruby/gems/1.8/gems/activerecord-2.2.2/lib/active_record/fixtures.rb:851:in `fixtures'
./test/unit/../test_helper.rb:35
./test/unit/nested_assignment_test.rb:1:in `require'
./test/unit/nested_assignment_test.rb:1
/usr/lib/ruby/gems/1.8/gems/rake-0.8.3/lib/rake/rake_test_loader.rb:5:in `load'
/usr/lib/ruby/gems/1.8/gems/rake-0.8.3/lib/rake/rake_test_loader.rb:5
/usr/lib/ruby/gems/1.8/gems/rake-0.8.3/lib/rake/rake_test_loader.rb:5:in `each'
/usr/lib/ruby/gems/1.8/gems/rake-0.8.3/lib/rake/rake_test_loader.rb:5
Unable to load subscription, underlying cause no such file to load -- subscription.rb 

 /usr/lib/ruby/gems/1.8/gems/activesupport-2.2.2/lib/active_support/dependencies.rb:382:in `load_without_new_constant_marking'
/usr/lib/ruby/gems/1.8/gems/activesupport-2.2.2/lib/active_support/dependencies.rb:382:in `load_file'
/usr/lib/ruby/gems/1.8/gems/activesupport-2.2.2/lib/active_support/dependencies.rb:521:in `new_constants_in'
/usr/lib/ruby/gems/1.8/gems/activesupport-2.2.2/lib/active_support/dependencies.rb:381:in `load_file'
/usr/lib/ruby/gems/1.8/gems/activesupport-2.2.2/lib/active_support/dependencies.rb:256:in `require_or_load'
/usr/lib/ruby/gems/1.8/gems/activesupport-2.2.2/lib/active_support/dependencies.rb:221:in `depend_on'
/usr/lib/ruby/gems/1.8/gems/activesupport-2.2.2/lib/active_support/dependencies.rb:133:in `require_dependency'
/usr/lib/ruby/gems/1.8/gems/activerecord-2.2.2/lib/active_record/fixtures.rb:856:in `try_to_load_dependency'
/usr/lib/ruby/gems/1.8/gems/activerecord-2.2.2/lib/active_record/fixtures.rb:871:in `require_fixture_classes'
/usr/lib/ruby/gems/1.8/gems/activerecord-2.2.2/lib/active_record/fixtures.rb:868:in `each'
/usr/lib/ruby/gems/1.8/gems/activerecord-2.2.2/lib/active_record/fixtures.rb:868:in `require_fixture_classes'
/usr/lib/ruby/gems/1.8/gems/activerecord-2.2.2/lib/active_record/fixtures.rb:851:in `fixtures'
./test/unit/../test_helper.rb:35
./test/unit/nested_assignment_test.rb:1:in `require'
./test/unit/nested_assignment_test.rb:1
/usr/lib/ruby/gems/1.8/gems/rake-0.8.3/lib/rake/rake_test_loader.rb:5:in `load'
/usr/lib/ruby/gems/1.8/gems/rake-0.8.3/lib/rake/rake_test_loader.rb:5
/usr/lib/ruby/gems/1.8/gems/rake-0.8.3/lib/rake/rake_test_loader.rb:5:in `each'
/usr/lib/ruby/gems/1.8/gems/rake-0.8.3/lib/rake/rake_test_loader.rb:5
Unable to load address, underlying cause no such file to load -- address.rb 

 /usr/lib/ruby/gems/1.8/gems/activesupport-2.2.2/lib/active_support/dependencies.rb:382:in `load_without_new_constant_marking'
/usr/lib/ruby/gems/1.8/gems/activesupport-2.2.2/lib/active_support/dependencies.rb:382:in `load_file'
/usr/lib/ruby/gems/1.8/gems/activesupport-2.2.2/lib/active_support/dependencies.rb:521:in `new_constants_in'
/usr/lib/ruby/gems/1.8/gems/activesupport-2.2.2/lib/active_support/dependencies.rb:381:in `load_file'
/usr/lib/ruby/gems/1.8/gems/activesupport-2.2.2/lib/active_support/dependencies.rb:256:in `require_or_load'
/usr/lib/ruby/gems/1.8/gems/activesupport-2.2.2/lib/active_support/dependencies.rb:221:in `depend_on'
/usr/lib/ruby/gems/1.8/gems/activesupport-2.2.2/lib/active_support/dependencies.rb:133:in `require_dependency'
/usr/lib/ruby/gems/1.8/gems/activerecord-2.2.2/lib/active_record/fixtures.rb:856:in `try_to_load_dependency'
/usr/lib/ruby/gems/1.8/gems/activerecord-2.2.2/lib/active_record/fixtures.rb:871:in `require_fixture_classes'
/usr/lib/ruby/gems/1.8/gems/activerecord-2.2.2/lib/active_record/fixtures.rb:868:in `each'
/usr/lib/ruby/gems/1.8/gems/activerecord-2.2.2/lib/active_record/fixtures.rb:868:in `require_fixture_classes'
/usr/lib/ruby/gems/1.8/gems/activerecord-2.2.2/lib/active_record/fixtures.rb:851:in `fixtures'
./test/unit/../test_helper.rb:35
./test/unit/nested_assignment_test.rb:1:in `require'
./test/unit/nested_assignment_test.rb:1
/usr/lib/ruby/gems/1.8/gems/rake-0.8.3/lib/rake/rake_test_loader.rb:5:in `load'
/usr/lib/ruby/gems/1.8/gems/rake-0.8.3/lib/rake/rake_test_loader.rb:5
/usr/lib/ruby/gems/1.8/gems/rake-0.8.3/lib/rake/rake_test_loader.rb:5:in `each'
/usr/lib/ruby/gems/1.8/gems/rake-0.8.3/lib/rake/rake_test_loader.rb:5
Unable to load user, underlying cause no such file to load -- user.rb 

 /usr/lib/ruby/gems/1.8/gems/activesupport-2.2.2/lib/active_support/dependencies.rb:382:in `load_without_new_constant_marking'
/usr/lib/ruby/gems/1.8/gems/activesupport-2.2.2/lib/active_support/dependencies.rb:382:in `load_file'
/usr/lib/ruby/gems/1.8/gems/activesupport-2.2.2/lib/active_support/dependencies.rb:521:in `new_constants_in'
/usr/lib/ruby/gems/1.8/gems/activesupport-2.2.2/lib/active_support/dependencies.rb:381:in `load_file'
/usr/lib/ruby/gems/1.8/gems/activesupport-2.2.2/lib/active_support/dependencies.rb:256:in `require_or_load'
/usr/lib/ruby/gems/1.8/gems/activesupport-2.2.2/lib/active_support/dependencies.rb:221:in `depend_on'
/usr/lib/ruby/gems/1.8/gems/activesupport-2.2.2/lib/active_support/dependencies.rb:133:in `require_dependency'
/usr/lib/ruby/gems/1.8/gems/activerecord-2.2.2/lib/active_record/fixtures.rb:856:in `try_to_load_dependency'
/usr/lib/ruby/gems/1.8/gems/activerecord-2.2.2/lib/active_record/fixtures.rb:871:in `require_fixture_classes'
/usr/lib/ruby/gems/1.8/gems/activerecord-2.2.2/lib/active_record/fixtures.rb:868:in `each'
/usr/lib/ruby/gems/1.8/gems/activerecord-2.2.2/lib/active_record/fixtures.rb:868:in `require_fixture_classes'
/usr/lib/ruby/gems/1.8/gems/activerecord-2.2.2/lib/active_record/fixtures.rb:851:in `fixtures'
./test/unit/../test_helper.rb:35
./test/unit/nested_assignment_test.rb:1:in `require'
./test/unit/nested_assignment_test.rb:1
/usr/lib/ruby/gems/1.8/gems/rake-0.8.3/lib/rake/rake_test_loader.rb:5:in `load'
/usr/lib/ruby/gems/1.8/gems/rake-0.8.3/lib/rake/rake_test_loader.rb:5
/usr/lib/ruby/gems/1.8/gems/rake-0.8.3/lib/rake/rake_test_loader.rb:5:in `each'
/usr/lib/ruby/gems/1.8/gems/rake-0.8.3/lib/rake/rake_test_loader.rb:5
Unable to load role, underlying cause no such file to load -- role.rb 

 /usr/lib/ruby/gems/1.8/gems/activesupport-2.2.2/lib/active_support/dependencies.rb:382:in `load_without_new_constant_marking'
/usr/lib/ruby/gems/1.8/gems/activesupport-2.2.2/lib/active_support/dependencies.rb:382:in `load_file'
/usr/lib/ruby/gems/1.8/gems/activesupport-2.2.2/lib/active_support/dependencies.rb:521:in `new_constants_in'
/usr/lib/ruby/gems/1.8/gems/activesupport-2.2.2/lib/active_support/dependencies.rb:381:in `load_file'
/usr/lib/ruby/gems/1.8/gems/activesupport-2.2.2/lib/active_support/dependencies.rb:256:in `require_or_load'
/usr/lib/ruby/gems/1.8/gems/activesupport-2.2.2/lib/active_support/dependencies.rb:221:in `depend_on'
/usr/lib/ruby/gems/1.8/gems/activesupport-2.2.2/lib/active_support/dependencies.rb:133:in `require_dependency'
/usr/lib/ruby/gems/1.8/gems/activerecord-2.2.2/lib/active_record/fixtures.rb:856:in `try_to_load_dependency'
/usr/lib/ruby/gems/1.8/gems/activerecord-2.2.2/lib/active_record/fixtures.rb:871:in `require_fixture_classes'
/usr/lib/ruby/gems/1.8/gems/activerecord-2.2.2/lib/active_record/fixtures.rb:868:in `each'
/usr/lib/ruby/gems/1.8/gems/activerecord-2.2.2/lib/active_record/fixtures.rb:868:in `require_fixture_classes'
/usr/lib/ruby/gems/1.8/gems/activerecord-2.2.2/lib/active_record/fixtures.rb:851:in `fixtures'
./test/unit/../test_helper.rb:35
./test/unit/nested_assignment_test.rb:1:in `require'
./test/unit/nested_assignment_test.rb:1
/usr/lib/ruby/gems/1.8/gems/rake-0.8.3/lib/rake/rake_test_loader.rb:5:in `load'
/usr/lib/ruby/gems/1.8/gems/rake-0.8.3/lib/rake/rake_test_loader.rb:5
/usr/lib/ruby/gems/1.8/gems/rake-0.8.3/lib/rake/rake_test_loader.rb:5:in `each'
/usr/lib/ruby/gems/1.8/gems/rake-0.8.3/lib/rake/rake_test_loader.rb:5
  [4;35;1mPluginTestModels::User Load (0.2ms)[0m   [0mSELECT * FROM "users" WHERE ("users"."id" = 1) [0m
  [4;36;1mPluginTestModels::Subscription Load (0.2ms)[0m   [0;1mSELECT * FROM "subscriptions" WHERE ("subscriptions"."id" = 1) [0m
  [4;35;1mPluginTestModels::User Load (0.2ms)[0m   [0mSELECT * FROM "users" WHERE ("users"."id" = 1) [0m
  [4;36;1mPluginTestModels::User Load (0.2ms)[0m   [0;1mSELECT * FROM "users" WHERE ("users"."id" = 1) [0m
  [4;35;1mPluginTestModels::User Load (0.2ms)[0m   [0mSELECT * FROM "users" WHERE ("users"."id" = 1) [0m
  [4;36;1mPluginTestModels::Subscription Load (0.2ms)[0m   [0;1mSELECT * FROM "subscriptions" WHERE ("subscriptions"."id" = 1) [0m
  [4;35;1mPluginTestModels::User Load (0.2ms)[0m   [0mSELECT * FROM "users" WHERE ("users"."id" = 1) [0m
  [4;36;1mPluginTestModels::Subscription Load (0.2ms)[0m   [0;1mSELECT * FROM "subscriptions" WHERE ("subscriptions"."id" = 1) [0m
  [4;35;1mPluginTestModels::User Load (0.2ms)[0m   [0mSELECT * FROM "users" WHERE ("users"."id" = 1) [0m
  [4;36;1mPluginTestModels::User Load (0.2ms)[0m   [0;1mSELECT * FROM "users" WHERE ("users"."id" = 1) [0m
  [4;35;1mPluginTestModels::Subscription Load (0.2ms)[0m   [0mSELECT * FROM "subscriptions" WHERE ("subscriptions"."id" = 1) [0m
  [4;36;1mPluginTestModels::User Load (0.2ms)[0m   [0;1mSELECT * FROM "users" WHERE ("users"."id" = 1) [0m
WARNING: Can't mass-assign these protected attributes: id
  [4;35;1mPluginTestModels::User Load (0.2ms)[0m   [0mSELECT * FROM "users" WHERE ("users"."id" = 1) [0m
  [4;36;1mPluginTestModels::Service Load (0.2ms)[0m   [0;1mSELECT * FROM "services" WHERE ("services"."id" = 1) [0m
  [4;35;1mPluginTestModels::Subscription Load (0.2ms)[0m   [0mSELECT * FROM "subscriptions" WHERE ("subscriptions"."id" = 1) [0m
  [4;36;1mPluginTestModels::Subscription Load (0.3ms)[0m   [0;1mSELECT * FROM "subscriptions" WHERE ("subscriptions".service_id = 1) [0m
  [4;35;1mPluginTestModels::Service Load (0.2ms)[0m   [0mSELECT * FROM "services" WHERE ("services"."id" = 1) [0m
  [4;36;1mPluginTestModels::Subscription Load (0.2ms)[0m   [0;1mSELECT * FROM "subscriptions" WHERE ("subscriptions"."id" = 1) [0m
  [4;35;1mPluginTestModels::Service Load (0.2ms)[0m   [0mSELECT * FROM "services" WHERE ("services"."id" = 1) [0m
  [4;36;1mPluginTestModels::Subscription Load (0.2ms)[0m   [0;1mSELECT * FROM "subscriptions" WHERE ("subscriptions"."id" = 1) [0m
  [4;35;1mPluginTestModels::Subscription Load (0.2ms)[0m   [0mSELECT * FROM "subscriptions" WHERE ("subscriptions".service_id = 1) [0m
WARNING: Can't mass-assign these protected attributes: id
  [4;36;1mPluginTestModels::User Load (0.2ms)[0m   [0;1mSELECT * FROM "users" WHERE ("users"."id" = 1) [0m
  [4;35;1mPluginTestModels::Subscription Load (0.2ms)[0m   [0mSELECT * FROM "subscriptions" WHERE ("subscriptions"."id" = 1) [0m
  [4;36;1mPluginTestModels::Subscription Load (0.2ms)[0m   [0;1mSELECT * FROM "subscriptions" WHERE ("subscriptions".user_id = 1) LIMIT 1[0m
  [4;35;1mPluginTestModels::Subscription Load (0.2ms)[0m   [0mSELECT * FROM "subscriptions" WHERE ("subscriptions"."id" = 1) [0m
  [4;36;1mPluginTestModels::User Load (0.2ms)[0m   [0;1mSELECT * FROM "users" WHERE ("users"."id" = 1) [0m
  [4;35;1mPluginTestModels::Subscription Load (0.2ms)[0m   [0mSELECT * FROM "subscriptions" WHERE ("subscriptions"."id" = 1) [0m
  [4;36;1mPluginTestModels::Subscription Load (0.2ms)[0m   [0;1mSELECT * FROM "subscriptions" WHERE ("subscriptions".user_id = 1) LIMIT 1[0m
  [4;35;1mPluginTestModels::Subscription Update (0.1ms)[0m   [0mUPDATE "subscriptions" SET "user_id" = NULL WHERE "id" = 1[0m
  [4;36;1mPluginTestModels::Subscription Load (0.2ms)[0m   [0;1mSELECT * FROM "subscriptions" WHERE ("subscriptions"."id" = 1) [0m
  [4;35;1mPluginTestModels::User Load (0.2ms)[0m   [0mSELECT * FROM "users" WHERE ("users"."id" = 1) [0m
  [4;36;1mPluginTestModels::Subscription Load (0.2ms)[0m   [0;1mSELECT * FROM "subscriptions" WHERE ("subscriptions"."id" = 1) [0m
  [4;35;1mPluginTestModels::Subscription Load (0.2ms)[0m   [0mSELECT * FROM "subscriptions" WHERE ("subscriptions".user_id = 1) LIMIT 1[0m
WARNING: Can't mass-assign these protected attributes: id
  [4;36;1mPluginTestModels::Subscription Load (0.2ms)[0m   [0;1mSELECT * FROM "subscriptions" WHERE ("subscriptions"."id" = 1) [0m
  [4;35;1mPluginTestModels::User Load (0.2ms)[0m   [0mSELECT * FROM "users" LIMIT 1[0m
  [4;36;1mPluginTestModels::User Load (0.2ms)[0m   [0;1mSELECT * FROM "users" LIMIT 1[0m
  [4;35;1mPluginTestModels::Role Load (0.3ms)[0m   [0mSELECT * FROM "roles" INNER JOIN "roles_users" ON "roles".id = "roles_users".role_id WHERE ("roles_users".user_id = 1 ) [0m
  [4;36;1mPluginTestModels::User Load (0.2ms)[0m   [0;1mSELECT * FROM "users" LIMIT 1[0m
  [4;35;1mPluginTestModels::Role Load (0.3ms)[0m   [0mSELECT * FROM "roles" INNER JOIN "roles_users" ON "roles".id = "roles_users".role_id WHERE ("roles_users".user_id = 1 ) [0m
  [4;36;1mPluginTestModels::User Load (0.2ms)[0m   [0;1mSELECT * FROM "users" LIMIT 1[0m
  [4;35;1mPluginTestModels::Address Load (0.3ms)[0m   [0mSELECT * FROM "addresses" WHERE ("addresses".addressable_id = 1 AND "addresses".addressable_type = 'PluginTestModels::User') LIMIT 1[0m
  [4;36;1mSQL (0.2ms)[0m   [0;1mselect sqlite_version(*)[0m
  [4;35;1mSQL (0.1ms)[0m   [0m SELECT name
 FROM sqlite_master
 WHERE type = 'table' AND NOT name = 'sqlite_sequence'
[0m
  [4;36;1mSQL (0.2ms)[0m   [0;1mCREATE TABLE "addresses" ("id" INTEGER PRIMARY KEY AUTOINCREMENT NOT NULL, "name" varchar(255), "addressable_id" integer, "addressable_type" varchar(255)) [0m
  [4;35;1mSQL (0.1ms)[0m   [0m SELECT name
 FROM sqlite_master
 WHERE type = 'table' AND NOT name = 'sqlite_sequence'
[0m
  [4;36;1mSQL (0.1ms)[0m   [0;1mCREATE TABLE "users" ("id" INTEGER PRIMARY KEY AUTOINCREMENT NOT NULL, "name" varchar(255)) [0m
  [4;35;1mSQL (0.2ms)[0m   [0m SELECT name
 FROM sqlite_master
 WHERE type = 'table' AND NOT name = 'sqlite_sequence'
[0m
  [4;36;1mSQL (0.1ms)[0m   [0;1mCREATE TABLE "roles_users" ("user_id" integer, "role_id" integer) [0m
  [4;35;1mSQL (0.2ms)[0m   [0m SELECT name
 FROM sqlite_master
 WHERE type = 'table' AND NOT name = 'sqlite_sequence'
[0m
  [4;36;1mSQL (0.1ms)[0m   [0;1mCREATE TABLE "services" ("id" INTEGER PRIMARY KEY AUTOINCREMENT NOT NULL, "name" varchar(255)) [0m
  [4;35;1mSQL (0.2ms)[0m   [0m SELECT name
 FROM sqlite_master
 WHERE type = 'table' AND NOT name = 'sqlite_sequence'
[0m
  [4;36;1mSQL (0.1ms)[0m   [0;1mCREATE TABLE "subscriptions" ("id" INTEGER PRIMARY KEY AUTOINCREMENT NOT NULL, "name" varchar(255), "service_id" integer, "user_id" integer) [0m
  [4;35;1mSQL (0.3ms)[0m   [0m SELECT name
 FROM sqlite_master
 WHERE type = 'table' AND NOT name = 'sqlite_sequence'
[0m
  [4;36;1mSQL (0.1ms)[0m   [0;1mCREATE TABLE "roles" ("id" INTEGER PRIMARY KEY AUTOINCREMENT NOT NULL, "name" varchar(255)) [0m
  [4;35;1mSQL (0.3ms)[0m   [0m SELECT name
 FROM sqlite_master
 WHERE type = 'table' AND NOT name = 'sqlite_sequence'
[0m
  [4;36;1mSQL (0.1ms)[0m   [0;1mCREATE TABLE "schema_migrations" ("version" varchar(255) NOT NULL) [0m
  [4;35;1mSQL (0.1ms)[0m   [0mCREATE UNIQUE INDEX "unique_schema_migrations" ON "schema_migrations" ("version")[0m
  [4;36;1mSQL (0.3ms)[0m   [0;1m SELECT name
 FROM sqlite_master
 WHERE type = 'table' AND NOT name = 'sqlite_sequence'
[0m
  [4;35;1mSQL (0.1ms)[0m   [0mSELECT version FROM "schema_migrations"[0m
  [4;36;1mSQL (0.1ms)[0m   [0;1mINSERT INTO "schema_migrations" (version) VALUES ('1')[0m
Unable to load roles_user, underlying cause no such file to load -- roles_user.rb 

 /usr/lib/ruby/gems/1.8/gems/activesupport-2.2.2/lib/active_support/dependencies.rb:382:in `load_without_new_constant_marking'
/usr/lib/ruby/gems/1.8/gems/activesupport-2.2.2/lib/active_support/dependencies.rb:382:in `load_file'
/usr/lib/ruby/gems/1.8/gems/activesupport-2.2.2/lib/active_support/dependencies.rb:521:in `new_constants_in'
/usr/lib/ruby/gems/1.8/gems/activesupport-2.2.2/lib/active_support/dependencies.rb:381:in `load_file'
/usr/lib/ruby/gems/1.8/gems/activesupport-2.2.2/lib/active_support/dependencies.rb:256:in `require_or_load'
/usr/lib/ruby/gems/1.8/gems/activesupport-2.2.2/lib/active_support/dependencies.rb:221:in `depend_on'
/usr/lib/ruby/gems/1.8/gems/activesupport-2.2.2/lib/active_support/dependencies.rb:133:in `require_dependency'
/usr/lib/ruby/gems/1.8/gems/activerecord-2.2.2/lib/active_record/fixtures.rb:856:in `try_to_load_dependency'
/usr/lib/ruby/gems/1.8/gems/activerecord-2.2.2/lib/active_record/fixtures.rb:871:in `require_fixture_classes'
/usr/lib/ruby/gems/1.8/gems/activerecord-2.2.2/lib/active_record/fixtures.rb:868:in `each'
/usr/lib/ruby/gems/1.8/gems/activerecord-2.2.2/lib/active_record/fixtures.rb:868:in `require_fixture_classes'
/usr/lib/ruby/gems/1.8/gems/activerecord-2.2.2/lib/active_record/fixtures.rb:851:in `fixtures'
./test/unit/../test_helper.rb:35
./test/unit/nested_assignment_test.rb:1:in `require'
./test/unit/nested_assignment_test.rb:1
/usr/lib/ruby/gems/1.8/gems/rake-0.8.3/lib/rake/rake_test_loader.rb:5:in `load'
/usr/lib/ruby/gems/1.8/gems/rake-0.8.3/lib/rake/rake_test_loader.rb:5
/usr/lib/ruby/gems/1.8/gems/rake-0.8.3/lib/rake/rake_test_loader.rb:5:in `each'
/usr/lib/ruby/gems/1.8/gems/rake-0.8.3/lib/rake/rake_test_loader.rb:5
Unable to load service, underlying cause no such file to load -- service.rb 

 /usr/lib/ruby/gems/1.8/gems/activesupport-2.2.2/lib/active_support/dependencies.rb:382:in `load_without_new_constant_marking'
/usr/lib/ruby/gems/1.8/gems/activesupport-2.2.2/lib/active_support/dependencies.rb:382:in `load_file'
/usr/lib/ruby/gems/1.8/gems/activesupport-2.2.2/lib/active_support/dependencies.rb:521:in `new_constants_in'
/usr/lib/ruby/gems/1.8/gems/activesupport-2.2.2/lib/active_support/dependencies.rb:381:in `load_file'
/usr/lib/ruby/gems/1.8/gems/activesupport-2.2.2/lib/active_support/dependencies.rb:256:in `require_or_load'
/usr/lib/ruby/gems/1.8/gems/activesupport-2.2.2/lib/active_support/dependencies.rb:221:in `depend_on'
/usr/lib/ruby/gems/1.8/gems/activesupport-2.2.2/lib/active_support/dependencies.rb:133:in `require_dependency'
/usr/lib/ruby/gems/1.8/gems/activerecord-2.2.2/lib/active_record/fixtures.rb:856:in `try_to_load_dependency'
/usr/lib/ruby/gems/1.8/gems/activerecord-2.2.2/lib/active_record/fixtures.rb:871:in `require_fixture_classes'
/usr/lib/ruby/gems/1.8/gems/activerecord-2.2.2/lib/active_record/fixtures.rb:868:in `each'
/usr/lib/ruby/gems/1.8/gems/activerecord-2.2.2/lib/active_record/fixtures.rb:868:in `require_fixture_classes'
/usr/lib/ruby/gems/1.8/gems/activerecord-2.2.2/lib/active_record/fixtures.rb:851:in `fixtures'
./test/unit/../test_helper.rb:35
./test/unit/nested_assignment_test.rb:1:in `require'
./test/unit/nested_assignment_test.rb:1
/usr/lib/ruby/gems/1.8/gems/rake-0.8.3/lib/rake/rake_test_loader.rb:5:in `load'
/usr/lib/ruby/gems/1.8/gems/rake-0.8.3/lib/rake/rake_test_loader.rb:5
/usr/lib/ruby/gems/1.8/gems/rake-0.8.3/lib/rake/rake_test_loader.rb:5:in `each'
/usr/lib/ruby/gems/1.8/gems/rake-0.8.3/lib/rake/rake_test_loader.rb:5
Unable to load subscription, underlying cause no such file to load -- subscription.rb 

 /usr/lib/ruby/gems/1.8/gems/activesupport-2.2.2/lib/active_support/dependencies.rb:382:in `load_without_new_constant_marking'
/usr/lib/ruby/gems/1.8/gems/activesupport-2.2.2/lib/active_support/dependencies.rb:382:in `load_file'
/usr/lib/ruby/gems/1.8/gems/activesupport-2.2.2/lib/active_support/dependencies.rb:521:in `new_constants_in'
/usr/lib/ruby/gems/1.8/gems/activesupport-2.2.2/lib/active_support/dependencies.rb:381:in `load_file'
/usr/lib/ruby/gems/1.8/gems/activesupport-2.2.2/lib/active_support/dependencies.rb:256:in `require_or_load'
/usr/lib/ruby/gems/1.8/gems/activesupport-2.2.2/lib/active_support/dependencies.rb:221:in `depend_on'
/usr/lib/ruby/gems/1.8/gems/activesupport-2.2.2/lib/active_support/dependencies.rb:133:in `require_dependency'
/usr/lib/ruby/gems/1.8/gems/activerecord-2.2.2/lib/active_record/fixtures.rb:856:in `try_to_load_dependency'
/usr/lib/ruby/gems/1.8/gems/activerecord-2.2.2/lib/active_record/fixtures.rb:871:in `require_fixture_classes'
/usr/lib/ruby/gems/1.8/gems/activerecord-2.2.2/lib/active_record/fixtures.rb:868:in `each'
/usr/lib/ruby/gems/1.8/gems/activerecord-2.2.2/lib/active_record/fixtures.rb:868:in `require_fixture_classes'
/usr/lib/ruby/gems/1.8/gems/activerecord-2.2.2/lib/active_record/fixtures.rb:851:in `fixtures'
./test/unit/../test_helper.rb:35
./test/unit/nested_assignment_test.rb:1:in `require'
./test/unit/nested_assignment_test.rb:1
/usr/lib/ruby/gems/1.8/gems/rake-0.8.3/lib/rake/rake_test_loader.rb:5:in `load'
/usr/lib/ruby/gems/1.8/gems/rake-0.8.3/lib/rake/rake_test_loader.rb:5
/usr/lib/ruby/gems/1.8/gems/rake-0.8.3/lib/rake/rake_test_loader.rb:5:in `each'
/usr/lib/ruby/gems/1.8/gems/rake-0.8.3/lib/rake/rake_test_loader.rb:5
Unable to load address, underlying cause no such file to load -- address.rb 

 /usr/lib/ruby/gems/1.8/gems/activesupport-2.2.2/lib/active_support/dependencies.rb:382:in `load_without_new_constant_marking'
/usr/lib/ruby/gems/1.8/gems/activesupport-2.2.2/lib/active_support/dependencies.rb:382:in `load_file'
/usr/lib/ruby/gems/1.8/gems/activesupport-2.2.2/lib/active_support/dependencies.rb:521:in `new_constants_in'
/usr/lib/ruby/gems/1.8/gems/activesupport-2.2.2/lib/active_support/dependencies.rb:381:in `load_file'
/usr/lib/ruby/gems/1.8/gems/activesupport-2.2.2/lib/active_support/dependencies.rb:256:in `require_or_load'
/usr/lib/ruby/gems/1.8/gems/activesupport-2.2.2/lib/active_support/dependencies.rb:221:in `depend_on'
/usr/lib/ruby/gems/1.8/gems/activesupport-2.2.2/lib/active_support/dependencies.rb:133:in `require_dependency'
/usr/lib/ruby/gems/1.8/gems/activerecord-2.2.2/lib/active_record/fixtures.rb:856:in `try_to_load_dependency'
/usr/lib/ruby/gems/1.8/gems/activerecord-2.2.2/lib/active_record/fixtures.rb:871:in `require_fixture_classes'
/usr/lib/ruby/gems/1.8/gems/activerecord-2.2.2/lib/active_record/fixtures.rb:868:in `each'
/usr/lib/ruby/gems/1.8/gems/activerecord-2.2.2/lib/active_record/fixtures.rb:868:in `require_fixture_classes'
/usr/lib/ruby/gems/1.8/gems/activerecord-2.2.2/lib/active_record/fixtures.rb:851:in `fixtures'
./test/unit/../test_helper.rb:35
./test/unit/nested_assignment_test.rb:1:in `require'
./test/unit/nested_assignment_test.rb:1
/usr/lib/ruby/gems/1.8/gems/rake-0.8.3/lib/rake/rake_test_loader.rb:5:in `load'
/usr/lib/ruby/gems/1.8/gems/rake-0.8.3/lib/rake/rake_test_loader.rb:5
/usr/lib/ruby/gems/1.8/gems/rake-0.8.3/lib/rake/rake_test_loader.rb:5:in `each'
/usr/lib/ruby/gems/1.8/gems/rake-0.8.3/lib/rake/rake_test_loader.rb:5
Unable to load user, underlying cause no such file to load -- user.rb 

 /usr/lib/ruby/gems/1.8/gems/activesupport-2.2.2/lib/active_support/dependencies.rb:382:in `load_without_new_constant_marking'
/usr/lib/ruby/gems/1.8/gems/activesupport-2.2.2/lib/active_support/dependencies.rb:382:in `load_file'
/usr/lib/ruby/gems/1.8/gems/activesupport-2.2.2/lib/active_support/dependencies.rb:521:in `new_constants_in'
/usr/lib/ruby/gems/1.8/gems/activesupport-2.2.2/lib/active_support/dependencies.rb:381:in `load_file'
/usr/lib/ruby/gems/1.8/gems/activesupport-2.2.2/lib/active_support/dependencies.rb:256:in `require_or_load'
/usr/lib/ruby/gems/1.8/gems/activesupport-2.2.2/lib/active_support/dependencies.rb:221:in `depend_on'
/usr/lib/ruby/gems/1.8/gems/activesupport-2.2.2/lib/active_support/dependencies.rb:133:in `require_dependency'
/usr/lib/ruby/gems/1.8/gems/activerecord-2.2.2/lib/active_record/fixtures.rb:856:in `try_to_load_dependency'
/usr/lib/ruby/gems/1.8/gems/activerecord-2.2.2/lib/active_record/fixtures.rb:871:in `require_fixture_classes'
/usr/lib/ruby/gems/1.8/gems/activerecord-2.2.2/lib/active_record/fixtures.rb:868:in `each'
/usr/lib/ruby/gems/1.8/gems/activerecord-2.2.2/lib/active_record/fixtures.rb:868:in `require_fixture_classes'
/usr/lib/ruby/gems/1.8/gems/activerecord-2.2.2/lib/active_record/fixtures.rb:851:in `fixtures'
./test/unit/../test_helper.rb:35
./test/unit/nested_assignment_test.rb:1:in `require'
./test/unit/nested_assignment_test.rb:1
/usr/lib/ruby/gems/1.8/gems/rake-0.8.3/lib/rake/rake_test_loader.rb:5:in `load'
/usr/lib/ruby/gems/1.8/gems/rake-0.8.3/lib/rake/rake_test_loader.rb:5
/usr/lib/ruby/gems/1.8/gems/rake-0.8.3/lib/rake/rake_test_loader.rb:5:in `each'
/usr/lib/ruby/gems/1.8/gems/rake-0.8.3/lib/rake/rake_test_loader.rb:5
Unable to load role, underlying cause no such file to load -- role.rb 

 /usr/lib/ruby/gems/1.8/gems/activesupport-2.2.2/lib/active_support/dependencies.rb:382:in `load_without_new_constant_marking'
/usr/lib/ruby/gems/1.8/gems/activesupport-2.2.2/lib/active_support/dependencies.rb:382:in `load_file'
/usr/lib/ruby/gems/1.8/gems/activesupport-2.2.2/lib/active_support/dependencies.rb:521:in `new_constants_in'
/usr/lib/ruby/gems/1.8/gems/activesupport-2.2.2/lib/active_support/dependencies.rb:381:in `load_file'
/usr/lib/ruby/gems/1.8/gems/activesupport-2.2.2/lib/active_support/dependencies.rb:256:in `require_or_load'
/usr/lib/ruby/gems/1.8/gems/activesupport-2.2.2/lib/active_support/dependencies.rb:221:in `depend_on'
/usr/lib/ruby/gems/1.8/gems/activesupport-2.2.2/lib/active_support/dependencies.rb:133:in `require_dependency'
/usr/lib/ruby/gems/1.8/gems/activerecord-2.2.2/lib/active_record/fixtures.rb:856:in `try_to_load_dependency'
/usr/lib/ruby/gems/1.8/gems/activerecord-2.2.2/lib/active_record/fixtures.rb:871:in `require_fixture_classes'
/usr/lib/ruby/gems/1.8/gems/activerecord-2.2.2/lib/active_record/fixtures.rb:868:in `each'
/usr/lib/ruby/gems/1.8/gems/activerecord-2.2.2/lib/active_record/fixtures.rb:868:in `require_fixture_classes'
/usr/lib/ruby/gems/1.8/gems/activerecord-2.2.2/lib/active_record/fixtures.rb:851:in `fixtures'
./test/unit/../test_helper.rb:35
./test/unit/nested_assignment_test.rb:1:in `require'
./test/unit/nested_assignment_test.rb:1
/usr/lib/ruby/gems/1.8/gems/rake-0.8.3/lib/rake/rake_test_loader.rb:5:in `load'
/usr/lib/ruby/gems/1.8/gems/rake-0.8.3/lib/rake/rake_test_loader.rb:5
/usr/lib/ruby/gems/1.8/gems/rake-0.8.3/lib/rake/rake_test_loader.rb:5:in `each'
/usr/lib/ruby/gems/1.8/gems/rake-0.8.3/lib/rake/rake_test_loader.rb:5
  [4;35;1mPluginTestModels::User Load (0.2ms)[0m   [0mSELECT * FROM "users" WHERE ("users"."id" = 1) [0m
  [4;36;1mPluginTestModels::Subscription Load (0.2ms)[0m   [0;1mSELECT * FROM "subscriptions" WHERE ("subscriptions"."id" = 1) [0m
  [4;35;1mPluginTestModels::User Load (0.2ms)[0m   [0mSELECT * FROM "users" WHERE ("users"."id" = 1) [0m
  [4;36;1mPluginTestModels::User Load (0.2ms)[0m   [0;1mSELECT * FROM "users" WHERE ("users"."id" = 1) [0m
  [4;35;1mPluginTestModels::User Load (0.2ms)[0m   [0mSELECT * FROM "users" WHERE ("users"."id" = 1) [0m
  [4;36;1mPluginTestModels::Subscription Load (0.2ms)[0m   [0;1mSELECT * FROM "subscriptions" WHERE ("subscriptions"."id" = 1) [0m
  [4;35;1mPluginTestModels::User Load (0.2ms)[0m   [0mSELECT * FROM "users" WHERE ("users"."id" = 1) [0m
  [4;36;1mPluginTestModels::Subscription Load (0.2ms)[0m   [0;1mSELECT * FROM "subscriptions" WHERE ("subscriptions"."id" = 1) [0m
  [4;35;1mPluginTestModels::User Load (0.2ms)[0m   [0mSELECT * FROM "users" WHERE ("users"."id" = 1) [0m
  [4;36;1mPluginTestModels::User Load (0.2ms)[0m   [0;1mSELECT * FROM "users" WHERE ("users"."id" = 1) [0m
  [4;35;1mPluginTestModels::Subscription Load (0.2ms)[0m   [0mSELECT * FROM "subscriptions" WHERE ("subscriptions"."id" = 1) [0m
  [4;36;1mPluginTestModels::User Load (0.2ms)[0m   [0;1mSELECT * FROM "users" WHERE ("users"."id" = 1) [0m
WARNING: Can't mass-assign these protected attributes: id
  [4;35;1mPluginTestModels::User Load (0.2ms)[0m   [0mSELECT * FROM "users" WHERE ("users"."id" = 1) [0m
  [4;36;1mPluginTestModels::Service Load (0.2ms)[0m   [0;1mSELECT * FROM "services" WHERE ("services"."id" = 1) [0m
  [4;35;1mPluginTestModels::Subscription Load (0.2ms)[0m   [0mSELECT * FROM "subscriptions" WHERE ("subscriptions"."id" = 1) [0m
  [4;36;1mPluginTestModels::Subscription Load (0.2ms)[0m   [0;1mSELECT * FROM "subscriptions" WHERE ("subscriptions".service_id = 1) [0m
  [4;35;1mPluginTestModels::Service Load (0.2ms)[0m   [0mSELECT * FROM "services" WHERE ("services"."id" = 1) [0m
  [4;36;1mPluginTestModels::Subscription Load (0.2ms)[0m   [0;1mSELECT * FROM "subscriptions" WHERE ("subscriptions"."id" = 1) [0m
  [4;35;1mPluginTestModels::Service Load (0.2ms)[0m   [0mSELECT * FROM "services" WHERE ("services"."id" = 1) [0m
  [4;36;1mPluginTestModels::Subscription Load (0.2ms)[0m   [0;1mSELECT * FROM "subscriptions" WHERE ("subscriptions"."id" = 1) [0m
  [4;35;1mPluginTestModels::Subscription Load (0.2ms)[0m   [0mSELECT * FROM "subscriptions" WHERE ("subscriptions".service_id = 1) [0m
WARNING: Can't mass-assign these protected attributes: id
  [4;36;1mPluginTestModels::Subscription Load (0.2ms)[0m   [0;1mSELECT * FROM "subscriptions" WHERE ("subscriptions"."id" = 1) [0m
  [4;35;1mPluginTestModels::User Load (0.2ms)[0m   [0mSELECT * FROM "users" WHERE ("users"."id" = 1) [0m
  [4;36;1mPluginTestModels::Subscription Load (0.2ms)[0m   [0;1mSELECT * FROM "subscriptions" WHERE ("subscriptions"."id" = 1) [0m
  [4;35;1mPluginTestModels::Subscription Load (0.3ms)[0m   [0mSELECT * FROM "subscriptions" WHERE ("subscriptions".user_id = 1) LIMIT 1[0m
  [4;36;1mPluginTestModels::Subscription Load (0.2ms)[0m   [0;1mSELECT * FROM "subscriptions" WHERE ("subscriptions"."id" = 1) [0m
  [4;35;1mPluginTestModels::User Load (0.2ms)[0m   [0mSELECT * FROM "users" WHERE ("users"."id" = 1) [0m
  [4;36;1mPluginTestModels::Subscription Load (0.2ms)[0m   [0;1mSELECT * FROM "subscriptions" WHERE ("subscriptions"."id" = 1) [0m
  [4;35;1mPluginTestModels::Subscription Load (0.2ms)[0m   [0mSELECT * FROM "subscriptions" WHERE ("subscriptions".user_id = 1) LIMIT 1[0m
  [4;36;1mPluginTestModels::Subscription Update (0.1ms)[0m   [0;1mUPDATE "subscriptions" SET "user_id" = NULL WHERE "id" = 1[0m
  [4;35;1mPluginTestModels::Subscription Load (0.2ms)[0m   [0mSELECT * FROM "subscriptions" WHERE ("subscriptions"."id" = 1) [0m
  [4;36;1mPluginTestModels::User Load (0.2ms)[0m   [0;1mSELECT * FROM "users" WHERE ("users"."id" = 1) [0m
  [4;35;1mPluginTestModels::Subscription Load (0.2ms)[0m   [0mSELECT * FROM "subscriptions" WHERE ("subscriptions"."id" = 1) [0m
  [4;36;1mPluginTestModels::Subscription Load (0.2ms)[0m   [0;1mSELECT * FROM "subscriptions" WHERE ("subscriptions".user_id = 1) LIMIT 1[0m
WARNING: Can't mass-assign these protected attributes: id
  [4;35;1mPluginTestModels::Subscription Load (0.2ms)[0m   [0mSELECT * FROM "subscriptions" WHERE ("subscriptions"."id" = 1) [0m
  [4;36;1mPluginTestModels::User Load (0.2ms)[0m   [0;1mSELECT * FROM "users" LIMIT 1[0m
  [4;35;1mPluginTestModels::User Load (0.2ms)[0m   [0mSELECT * FROM "users" LIMIT 1[0m
  [4;36;1mPluginTestModels::Role Load (0.3ms)[0m   [0;1mSELECT * FROM "roles" INNER JOIN "roles_users" ON "roles".id = "roles_users".role_id WHERE ("roles_users".user_id = 1 ) [0m
  [4;35;1mPluginTestModels::User Load (0.2ms)[0m   [0mSELECT * FROM "users" LIMIT 1[0m
  [4;36;1mPluginTestModels::Role Load (0.3ms)[0m   [0;1mSELECT * FROM "roles" INNER JOIN "roles_users" ON "roles".id = "roles_users".role_id WHERE ("roles_users".user_id = 1 ) [0m
  [4;35;1mPluginTestModels::User Load (0.2ms)[0m   [0mSELECT * FROM "users" LIMIT 1[0m
  [4;36;1mPluginTestModels::Address Load (0.3ms)[0m   [0;1mSELECT * FROM "addresses" WHERE ("addresses".addressable_id = 1 AND "addresses".addressable_type = 'PluginTestModels::User') LIMIT 1[0m
  [4;36;1mSQL (0.3ms)[0m   [0;1mselect sqlite_version(*)[0m
  [4;35;1mSQL (0.2ms)[0m   [0m SELECT name
 FROM sqlite_master
 WHERE type = 'table' AND NOT name = 'sqlite_sequence'
[0m
  [4;36;1mSQL (0.4ms)[0m   [0;1mCREATE TABLE "addresses" ("id" INTEGER PRIMARY KEY AUTOINCREMENT NOT NULL, "name" varchar(255), "addressable_id" integer, "addressable_type" varchar(255)) [0m
  [4;35;1mSQL (0.2ms)[0m   [0m SELECT name
 FROM sqlite_master
 WHERE type = 'table' AND NOT name = 'sqlite_sequence'
[0m
  [4;36;1mSQL (0.2ms)[0m   [0;1mCREATE TABLE "users" ("id" INTEGER PRIMARY KEY AUTOINCREMENT NOT NULL, "name" varchar(255)) [0m
  [4;35;1mSQL (0.2ms)[0m   [0m SELECT name
 FROM sqlite_master
 WHERE type = 'table' AND NOT name = 'sqlite_sequence'
[0m
  [4;36;1mSQL (0.2ms)[0m   [0;1mCREATE TABLE "roles_users" ("user_id" integer, "role_id" integer) [0m
  [4;35;1mSQL (0.3ms)[0m   [0m SELECT name
 FROM sqlite_master
 WHERE type = 'table' AND NOT name = 'sqlite_sequence'
[0m
  [4;36;1mSQL (0.2ms)[0m   [0;1mCREATE TABLE "services" ("id" INTEGER PRIMARY KEY AUTOINCREMENT NOT NULL, "name" varchar(255)) [0m
  [4;35;1mSQL (0.3ms)[0m   [0m SELECT name
 FROM sqlite_master
 WHERE type = 'table' AND NOT name = 'sqlite_sequence'
[0m
  [4;36;1mSQL (0.2ms)[0m   [0;1mCREATE TABLE "subscriptions" ("id" INTEGER PRIMARY KEY AUTOINCREMENT NOT NULL, "name" varchar(255), "service_id" integer, "user_id" integer) [0m
  [4;35;1mSQL (0.4ms)[0m   [0m SELECT name
 FROM sqlite_master
 WHERE type = 'table' AND NOT name = 'sqlite_sequence'
[0m
  [4;36;1mSQL (0.2ms)[0m   [0;1mCREATE TABLE "roles" ("id" INTEGER PRIMARY KEY AUTOINCREMENT NOT NULL, "name" varchar(255)) [0m
  [4;35;1mSQL (0.5ms)[0m   [0m SELECT name
 FROM sqlite_master
 WHERE type = 'table' AND NOT name = 'sqlite_sequence'
[0m
  [4;36;1mSQL (0.2ms)[0m   [0;1mCREATE TABLE "schema_migrations" ("version" varchar(255) NOT NULL) [0m
  [4;35;1mSQL (0.2ms)[0m   [0mCREATE UNIQUE INDEX "unique_schema_migrations" ON "schema_migrations" ("version")[0m
  [4;36;1mSQL (0.5ms)[0m   [0;1m SELECT name
 FROM sqlite_master
 WHERE type = 'table' AND NOT name = 'sqlite_sequence'
[0m
  [4;35;1mSQL (0.1ms)[0m   [0mSELECT version FROM "schema_migrations"[0m
  [4;36;1mSQL (0.1ms)[0m   [0;1mINSERT INTO "schema_migrations" (version) VALUES ('1')[0m
Unable to load roles_user, underlying cause no such file to load -- roles_user.rb 

 /usr/lib/ruby/gems/1.8/gems/activesupport-2.2.2/lib/active_support/dependencies.rb:382:in `load_without_new_constant_marking'
/usr/lib/ruby/gems/1.8/gems/activesupport-2.2.2/lib/active_support/dependencies.rb:382:in `load_file'
/usr/lib/ruby/gems/1.8/gems/activesupport-2.2.2/lib/active_support/dependencies.rb:521:in `new_constants_in'
/usr/lib/ruby/gems/1.8/gems/activesupport-2.2.2/lib/active_support/dependencies.rb:381:in `load_file'
/usr/lib/ruby/gems/1.8/gems/activesupport-2.2.2/lib/active_support/dependencies.rb:256:in `require_or_load'
/usr/lib/ruby/gems/1.8/gems/activesupport-2.2.2/lib/active_support/dependencies.rb:221:in `depend_on'
/usr/lib/ruby/gems/1.8/gems/activesupport-2.2.2/lib/active_support/dependencies.rb:133:in `require_dependency'
/usr/lib/ruby/gems/1.8/gems/activerecord-2.2.2/lib/active_record/fixtures.rb:856:in `try_to_load_dependency'
/usr/lib/ruby/gems/1.8/gems/activerecord-2.2.2/lib/active_record/fixtures.rb:871:in `require_fixture_classes'
/usr/lib/ruby/gems/1.8/gems/activerecord-2.2.2/lib/active_record/fixtures.rb:868:in `each'
/usr/lib/ruby/gems/1.8/gems/activerecord-2.2.2/lib/active_record/fixtures.rb:868:in `require_fixture_classes'
/usr/lib/ruby/gems/1.8/gems/activerecord-2.2.2/lib/active_record/fixtures.rb:851:in `fixtures'
./test/unit/../test_helper.rb:35
./test/unit/nested_assignment_test.rb:1:in `require'
./test/unit/nested_assignment_test.rb:1
/usr/lib/ruby/gems/1.8/gems/rake-0.8.3/lib/rake/rake_test_loader.rb:5:in `load'
/usr/lib/ruby/gems/1.8/gems/rake-0.8.3/lib/rake/rake_test_loader.rb:5
/usr/lib/ruby/gems/1.8/gems/rake-0.8.3/lib/rake/rake_test_loader.rb:5:in `each'
/usr/lib/ruby/gems/1.8/gems/rake-0.8.3/lib/rake/rake_test_loader.rb:5
Unable to load service, underlying cause no such file to load -- service.rb 

 /usr/lib/ruby/gems/1.8/gems/activesupport-2.2.2/lib/active_support/dependencies.rb:382:in `load_without_new_constant_marking'
/usr/lib/ruby/gems/1.8/gems/activesupport-2.2.2/lib/active_support/dependencies.rb:382:in `load_file'
/usr/lib/ruby/gems/1.8/gems/activesupport-2.2.2/lib/active_support/dependencies.rb:521:in `new_constants_in'
/usr/lib/ruby/gems/1.8/gems/activesupport-2.2.2/lib/active_support/dependencies.rb:381:in `load_file'
/usr/lib/ruby/gems/1.8/gems/activesupport-2.2.2/lib/active_support/dependencies.rb:256:in `require_or_load'
/usr/lib/ruby/gems/1.8/gems/activesupport-2.2.2/lib/active_support/dependencies.rb:221:in `depend_on'
/usr/lib/ruby/gems/1.8/gems/activesupport-2.2.2/lib/active_support/dependencies.rb:133:in `require_dependency'
/usr/lib/ruby/gems/1.8/gems/activerecord-2.2.2/lib/active_record/fixtures.rb:856:in `try_to_load_dependency'
/usr/lib/ruby/gems/1.8/gems/activerecord-2.2.2/lib/active_record/fixtures.rb:871:in `require_fixture_classes'
/usr/lib/ruby/gems/1.8/gems/activerecord-2.2.2/lib/active_record/fixtures.rb:868:in `each'
/usr/lib/ruby/gems/1.8/gems/activerecord-2.2.2/lib/active_record/fixtures.rb:868:in `require_fixture_classes'
/usr/lib/ruby/gems/1.8/gems/activerecord-2.2.2/lib/active_record/fixtures.rb:851:in `fixtures'
./test/unit/../test_helper.rb:35
./test/unit/nested_assignment_test.rb:1:in `require'
./test/unit/nested_assignment_test.rb:1
/usr/lib/ruby/gems/1.8/gems/rake-0.8.3/lib/rake/rake_test_loader.rb:5:in `load'
/usr/lib/ruby/gems/1.8/gems/rake-0.8.3/lib/rake/rake_test_loader.rb:5
/usr/lib/ruby/gems/1.8/gems/rake-0.8.3/lib/rake/rake_test_loader.rb:5:in `each'
/usr/lib/ruby/gems/1.8/gems/rake-0.8.3/lib/rake/rake_test_loader.rb:5
Unable to load subscription, underlying cause no such file to load -- subscription.rb 

 /usr/lib/ruby/gems/1.8/gems/activesupport-2.2.2/lib/active_support/dependencies.rb:382:in `load_without_new_constant_marking'
/usr/lib/ruby/gems/1.8/gems/activesupport-2.2.2/lib/active_support/dependencies.rb:382:in `load_file'
/usr/lib/ruby/gems/1.8/gems/activesupport-2.2.2/lib/active_support/dependencies.rb:521:in `new_constants_in'
/usr/lib/ruby/gems/1.8/gems/activesupport-2.2.2/lib/active_support/dependencies.rb:381:in `load_file'
/usr/lib/ruby/gems/1.8/gems/activesupport-2.2.2/lib/active_support/dependencies.rb:256:in `require_or_load'
/usr/lib/ruby/gems/1.8/gems/activesupport-2.2.2/lib/active_support/dependencies.rb:221:in `depend_on'
/usr/lib/ruby/gems/1.8/gems/activesupport-2.2.2/lib/active_support/dependencies.rb:133:in `require_dependency'
/usr/lib/ruby/gems/1.8/gems/activerecord-2.2.2/lib/active_record/fixtures.rb:856:in `try_to_load_dependency'
/usr/lib/ruby/gems/1.8/gems/activerecord-2.2.2/lib/active_record/fixtures.rb:871:in `require_fixture_classes'
/usr/lib/ruby/gems/1.8/gems/activerecord-2.2.2/lib/active_record/fixtures.rb:868:in `each'
/usr/lib/ruby/gems/1.8/gems/activerecord-2.2.2/lib/active_record/fixtures.rb:868:in `require_fixture_classes'
/usr/lib/ruby/gems/1.8/gems/activerecord-2.2.2/lib/active_record/fixtures.rb:851:in `fixtures'
./test/unit/../test_helper.rb:35
./test/unit/nested_assignment_test.rb:1:in `require'
./test/unit/nested_assignment_test.rb:1
/usr/lib/ruby/gems/1.8/gems/rake-0.8.3/lib/rake/rake_test_loader.rb:5:in `load'
/usr/lib/ruby/gems/1.8/gems/rake-0.8.3/lib/rake/rake_test_loader.rb:5
/usr/lib/ruby/gems/1.8/gems/rake-0.8.3/lib/rake/rake_test_loader.rb:5:in `each'
/usr/lib/ruby/gems/1.8/gems/rake-0.8.3/lib/rake/rake_test_loader.rb:5
Unable to load address, underlying cause no such file to load -- address.rb 

 /usr/lib/ruby/gems/1.8/gems/activesupport-2.2.2/lib/active_support/dependencies.rb:382:in `load_without_new_constant_marking'
/usr/lib/ruby/gems/1.8/gems/activesupport-2.2.2/lib/active_support/dependencies.rb:382:in `load_file'
/usr/lib/ruby/gems/1.8/gems/activesupport-2.2.2/lib/active_support/dependencies.rb:521:in `new_constants_in'
/usr/lib/ruby/gems/1.8/gems/activesupport-2.2.2/lib/active_support/dependencies.rb:381:in `load_file'
/usr/lib/ruby/gems/1.8/gems/activesupport-2.2.2/lib/active_support/dependencies.rb:256:in `require_or_load'
/usr/lib/ruby/gems/1.8/gems/activesupport-2.2.2/lib/active_support/dependencies.rb:221:in `depend_on'
/usr/lib/ruby/gems/1.8/gems/activesupport-2.2.2/lib/active_support/dependencies.rb:133:in `require_dependency'
/usr/lib/ruby/gems/1.8/gems/activerecord-2.2.2/lib/active_record/fixtures.rb:856:in `try_to_load_dependency'
/usr/lib/ruby/gems/1.8/gems/activerecord-2.2.2/lib/active_record/fixtures.rb:871:in `require_fixture_classes'
/usr/lib/ruby/gems/1.8/gems/activerecord-2.2.2/lib/active_record/fixtures.rb:868:in `each'
/usr/lib/ruby/gems/1.8/gems/activerecord-2.2.2/lib/active_record/fixtures.rb:868:in `require_fixture_classes'
/usr/lib/ruby/gems/1.8/gems/activerecord-2.2.2/lib/active_record/fixtures.rb:851:in `fixtures'
./test/unit/../test_helper.rb:35
./test/unit/nested_assignment_test.rb:1:in `require'
./test/unit/nested_assignment_test.rb:1
/usr/lib/ruby/gems/1.8/gems/rake-0.8.3/lib/rake/rake_test_loader.rb:5:in `load'
/usr/lib/ruby/gems/1.8/gems/rake-0.8.3/lib/rake/rake_test_loader.rb:5
/usr/lib/ruby/gems/1.8/gems/rake-0.8.3/lib/rake/rake_test_loader.rb:5:in `each'
/usr/lib/ruby/gems/1.8/gems/rake-0.8.3/lib/rake/rake_test_loader.rb:5
Unable to load user, underlying cause no such file to load -- user.rb 

 /usr/lib/ruby/gems/1.8/gems/activesupport-2.2.2/lib/active_support/dependencies.rb:382:in `load_without_new_constant_marking'
/usr/lib/ruby/gems/1.8/gems/activesupport-2.2.2/lib/active_support/dependencies.rb:382:in `load_file'
/usr/lib/ruby/gems/1.8/gems/activesupport-2.2.2/lib/active_support/dependencies.rb:521:in `new_constants_in'
/usr/lib/ruby/gems/1.8/gems/activesupport-2.2.2/lib/active_support/dependencies.rb:381:in `load_file'
/usr/lib/ruby/gems/1.8/gems/activesupport-2.2.2/lib/active_support/dependencies.rb:256:in `require_or_load'
/usr/lib/ruby/gems/1.8/gems/activesupport-2.2.2/lib/active_support/dependencies.rb:221:in `depend_on'
/usr/lib/ruby/gems/1.8/gems/activesupport-2.2.2/lib/active_support/dependencies.rb:133:in `require_dependency'
/usr/lib/ruby/gems/1.8/gems/activerecord-2.2.2/lib/active_record/fixtures.rb:856:in `try_to_load_dependency'
/usr/lib/ruby/gems/1.8/gems/activerecord-2.2.2/lib/active_record/fixtures.rb:871:in `require_fixture_classes'
/usr/lib/ruby/gems/1.8/gems/activerecord-2.2.2/lib/active_record/fixtures.rb:868:in `each'
/usr/lib/ruby/gems/1.8/gems/activerecord-2.2.2/lib/active_record/fixtures.rb:868:in `require_fixture_classes'
/usr/lib/ruby/gems/1.8/gems/activerecord-2.2.2/lib/active_record/fixtures.rb:851:in `fixtures'
./test/unit/../test_helper.rb:35
./test/unit/nested_assignment_test.rb:1:in `require'
./test/unit/nested_assignment_test.rb:1
/usr/lib/ruby/gems/1.8/gems/rake-0.8.3/lib/rake/rake_test_loader.rb:5:in `load'
/usr/lib/ruby/gems/1.8/gems/rake-0.8.3/lib/rake/rake_test_loader.rb:5
/usr/lib/ruby/gems/1.8/gems/rake-0.8.3/lib/rake/rake_test_loader.rb:5:in `each'
/usr/lib/ruby/gems/1.8/gems/rake-0.8.3/lib/rake/rake_test_loader.rb:5
Unable to load role, underlying cause no such file to load -- role.rb 

 /usr/lib/ruby/gems/1.8/gems/activesupport-2.2.2/lib/active_support/dependencies.rb:382:in `load_without_new_constant_marking'
/usr/lib/ruby/gems/1.8/gems/activesupport-2.2.2/lib/active_support/dependencies.rb:382:in `load_file'
/usr/lib/ruby/gems/1.8/gems/activesupport-2.2.2/lib/active_support/dependencies.rb:521:in `new_constants_in'
/usr/lib/ruby/gems/1.8/gems/activesupport-2.2.2/lib/active_support/dependencies.rb:381:in `load_file'
/usr/lib/ruby/gems/1.8/gems/activesupport-2.2.2/lib/active_support/dependencies.rb:256:in `require_or_load'
/usr/lib/ruby/gems/1.8/gems/activesupport-2.2.2/lib/active_support/dependencies.rb:221:in `depend_on'
/usr/lib/ruby/gems/1.8/gems/activesupport-2.2.2/lib/active_support/dependencies.rb:133:in `require_dependency'
/usr/lib/ruby/gems/1.8/gems/activerecord-2.2.2/lib/active_record/fixtures.rb:856:in `try_to_load_dependency'
/usr/lib/ruby/gems/1.8/gems/activerecord-2.2.2/lib/active_record/fixtures.rb:871:in `require_fixture_classes'
/usr/lib/ruby/gems/1.8/gems/activerecord-2.2.2/lib/active_record/fixtures.rb:868:in `each'
/usr/lib/ruby/gems/1.8/gems/activerecord-2.2.2/lib/active_record/fixtures.rb:868:in `require_fixture_classes'
/usr/lib/ruby/gems/1.8/gems/activerecord-2.2.2/lib/active_record/fixtures.rb:851:in `fixtures'
./test/unit/../test_helper.rb:35
./test/unit/nested_assignment_test.rb:1:in `require'
./test/unit/nested_assignment_test.rb:1
/usr/lib/ruby/gems/1.8/gems/rake-0.8.3/lib/rake/rake_test_loader.rb:5:in `load'
/usr/lib/ruby/gems/1.8/gems/rake-0.8.3/lib/rake/rake_test_loader.rb:5
/usr/lib/ruby/gems/1.8/gems/rake-0.8.3/lib/rake/rake_test_loader.rb:5:in `each'
/usr/lib/ruby/gems/1.8/gems/rake-0.8.3/lib/rake/rake_test_loader.rb:5
  [4;35;1mPluginTestModels::User Load (0.2ms)[0m   [0mSELECT * FROM "users" WHERE ("users"."id" = 1) [0m
  [4;36;1mPluginTestModels::Subscription Load (0.2ms)[0m   [0;1mSELECT * FROM "subscriptions" WHERE ("subscriptions"."id" = 1) [0m
  [4;35;1mPluginTestModels::User Load (0.2ms)[0m   [0mSELECT * FROM "users" WHERE ("users"."id" = 1) [0m
  [4;36;1mPluginTestModels::User Load (0.2ms)[0m   [0;1mSELECT * FROM "users" WHERE ("users"."id" = 1) [0m
  [4;35;1mPluginTestModels::User Load (0.2ms)[0m   [0mSELECT * FROM "users" WHERE ("users"."id" = 1) [0m
  [4;36;1mPluginTestModels::Subscription Load (0.2ms)[0m   [0;1mSELECT * FROM "subscriptions" WHERE ("subscriptions"."id" = 1) [0m
  [4;35;1mPluginTestModels::User Load (0.2ms)[0m   [0mSELECT * FROM "users" WHERE ("users"."id" = 1) [0m
  [4;36;1mPluginTestModels::Subscription Load (0.2ms)[0m   [0;1mSELECT * FROM "subscriptions" WHERE ("subscriptions"."id" = 1) [0m
  [4;35;1mPluginTestModels::User Load (0.2ms)[0m   [0mSELECT * FROM "users" WHERE ("users"."id" = 1) [0m
  [4;36;1mPluginTestModels::User Load (0.2ms)[0m   [0;1mSELECT * FROM "users" WHERE ("users"."id" = 1) [0m
  [4;35;1mPluginTestModels::Subscription Load (0.2ms)[0m   [0mSELECT * FROM "subscriptions" WHERE ("subscriptions"."id" = 1) [0m
  [4;36;1mPluginTestModels::User Load (0.2ms)[0m   [0;1mSELECT * FROM "users" WHERE ("users"."id" = 1) [0m
WARNING: Can't mass-assign these protected attributes: id
  [4;35;1mPluginTestModels::User Load (0.2ms)[0m   [0mSELECT * FROM "users" WHERE ("users"."id" = 1) [0m
  [4;36;1mPluginTestModels::Service Load (0.2ms)[0m   [0;1mSELECT * FROM "services" WHERE ("services"."id" = 1) [0m
  [4;35;1mPluginTestModels::Subscription Load (0.2ms)[0m   [0mSELECT * FROM "subscriptions" WHERE ("subscriptions"."id" = 1) [0m
  [4;36;1mPluginTestModels::Subscription Load (0.2ms)[0m   [0;1mSELECT * FROM "subscriptions" WHERE ("subscriptions".service_id = 1) [0m
  [4;35;1mPluginTestModels::Service Load (0.2ms)[0m   [0mSELECT * FROM "services" WHERE ("services"."id" = 1) [0m
  [4;36;1mPluginTestModels::Subscription Load (0.2ms)[0m   [0;1mSELECT * FROM "subscriptions" WHERE ("subscriptions"."id" = 1) [0m
  [4;35;1mPluginTestModels::Subscription Load (0.2ms)[0m   [0mSELECT * FROM "subscriptions" WHERE ("subscriptions".service_id = 1) [0m
  [4;36;1mPluginTestModels::Service Load (0.2ms)[0m   [0;1mSELECT * FROM "services" WHERE ("services"."id" = 1) [0m
  [4;35;1mPluginTestModels::Subscription Load (0.2ms)[0m   [0mSELECT * FROM "subscriptions" WHERE ("subscriptions"."id" = 1) [0m
  [4;36;1mPluginTestModels::Subscription Load (0.2ms)[0m   [0;1mSELECT * FROM "subscriptions" WHERE ("subscriptions".service_id = 1) [0m
WARNING: Can't mass-assign these protected attributes: id
  [4;35;1mPluginTestModels::Subscription Load (0.2ms)[0m   [0mSELECT * FROM "subscriptions" WHERE ("subscriptions"."id" = 1) [0m
  [4;36;1mPluginTestModels::User Load (0.2ms)[0m   [0;1mSELECT * FROM "users" WHERE ("users"."id" = 1) [0m
  [4;35;1mPluginTestModels::Subscription Load (0.2ms)[0m   [0mSELECT * FROM "subscriptions" WHERE ("subscriptions"."id" = 1) [0m
  [4;36;1mPluginTestModels::Subscription Load (0.2ms)[0m   [0;1mSELECT * FROM "subscriptions" WHERE ("subscriptions".user_id = 1) LIMIT 1[0m
  [4;35;1mPluginTestModels::Subscription Load (0.2ms)[0m   [0mSELECT * FROM "subscriptions" WHERE ("subscriptions"."id" = 1) [0m
  [4;36;1mPluginTestModels::User Load (0.2ms)[0m   [0;1mSELECT * FROM "users" WHERE ("users"."id" = 1) [0m
  [4;35;1mPluginTestModels::Subscription Load (0.4ms)[0m   [0mSELECT * FROM "subscriptions" WHERE ("subscriptions"."id" = 1) [0m
  [4;36;1mPluginTestModels::Subscription Load (0.2ms)[0m   [0;1mSELECT * FROM "subscriptions" WHERE ("subscriptions".user_id = 1) LIMIT 1[0m
  [4;35;1mPluginTestModels::Subscription Update (0.1ms)[0m   [0mUPDATE "subscriptions" SET "user_id" = NULL WHERE "id" = 1[0m
  [4;36;1mPluginTestModels::Subscription Load (0.2ms)[0m   [0;1mSELECT * FROM "subscriptions" WHERE ("subscriptions"."id" = 1) [0m
  [4;35;1mPluginTestModels::User Load (0.2ms)[0m   [0mSELECT * FROM "users" WHERE ("users"."id" = 1) [0m
  [4;36;1mPluginTestModels::Subscription Load (0.2ms)[0m   [0;1mSELECT * FROM "subscriptions" WHERE ("subscriptions"."id" = 1) [0m
  [4;35;1mPluginTestModels::Subscription Load (0.2ms)[0m   [0mSELECT * FROM "subscriptions" WHERE ("subscriptions".user_id = 1) LIMIT 1[0m
WARNING: Can't mass-assign these protected attributes: id
  [4;36;1mPluginTestModels::Subscription Load (0.2ms)[0m   [0;1mSELECT * FROM "subscriptions" WHERE ("subscriptions"."id" = 1) [0m
  [4;35;1mPluginTestModels::User Load (0.2ms)[0m   [0mSELECT * FROM "users" LIMIT 1[0m
  [4;36;1mPluginTestModels::User Load (0.2ms)[0m   [0;1mSELECT * FROM "users" LIMIT 1[0m
  [4;35;1mPluginTestModels::Role Load (0.3ms)[0m   [0mSELECT * FROM "roles" INNER JOIN "roles_users" ON "roles".id = "roles_users".role_id WHERE ("roles_users".user_id = 1 ) [0m
  [4;36;1mPluginTestModels::User Load (0.2ms)[0m   [0;1mSELECT * FROM "users" LIMIT 1[0m
  [4;35;1mPluginTestModels::Role Load (0.2ms)[0m   [0mSELECT * FROM "roles" INNER JOIN "roles_users" ON "roles".id = "roles_users".role_id WHERE ("roles_users".user_id = 1 ) [0m
  [4;36;1mPluginTestModels::User Load (0.1ms)[0m   [0;1mSELECT * FROM "users" LIMIT 1[0m
  [4;35;1mPluginTestModels::Address Load (0.2ms)[0m   [0mSELECT * FROM "addresses" WHERE ("addresses".addressable_id = 1 AND "addresses".addressable_type = 'PluginTestModels::User') LIMIT 1[0m
  [4;36;1mSQL (0.3ms)[0m   [0;1mselect sqlite_version(*)[0m
  [4;35;1mSQL (0.2ms)[0m   [0m SELECT name
 FROM sqlite_master
 WHERE type = 'table' AND NOT name = 'sqlite_sequence'
[0m
  [4;36;1mSQL (0.4ms)[0m   [0;1mCREATE TABLE "addresses" ("id" INTEGER PRIMARY KEY AUTOINCREMENT NOT NULL, "name" varchar(255), "addressable_id" integer, "addressable_type" varchar(255)) [0m
  [4;35;1mSQL (0.2ms)[0m   [0m SELECT name
 FROM sqlite_master
 WHERE type = 'table' AND NOT name = 'sqlite_sequence'
[0m
  [4;36;1mSQL (0.2ms)[0m   [0;1mCREATE TABLE "users" ("id" INTEGER PRIMARY KEY AUTOINCREMENT NOT NULL, "name" varchar(255)) [0m
  [4;35;1mSQL (0.2ms)[0m   [0m SELECT name
 FROM sqlite_master
 WHERE type = 'table' AND NOT name = 'sqlite_sequence'
[0m
  [4;36;1mSQL (0.2ms)[0m   [0;1mCREATE TABLE "roles_users" ("user_id" integer, "role_id" integer) [0m
  [4;35;1mSQL (0.3ms)[0m   [0m SELECT name
 FROM sqlite_master
 WHERE type = 'table' AND NOT name = 'sqlite_sequence'
[0m
  [4;36;1mSQL (0.2ms)[0m   [0;1mCREATE TABLE "services" ("id" INTEGER PRIMARY KEY AUTOINCREMENT NOT NULL, "name" varchar(255)) [0m
  [4;35;1mSQL (0.3ms)[0m   [0m SELECT name
 FROM sqlite_master
 WHERE type = 'table' AND NOT name = 'sqlite_sequence'
[0m
  [4;36;1mSQL (0.2ms)[0m   [0;1mCREATE TABLE "subscriptions" ("id" INTEGER PRIMARY KEY AUTOINCREMENT NOT NULL, "name" varchar(255), "service_id" integer, "user_id" integer) [0m
  [4;35;1mSQL (0.4ms)[0m   [0m SELECT name
 FROM sqlite_master
 WHERE type = 'table' AND NOT name = 'sqlite_sequence'
[0m
  [4;36;1mSQL (0.2ms)[0m   [0;1mCREATE TABLE "roles" ("id" INTEGER PRIMARY KEY AUTOINCREMENT NOT NULL, "name" varchar(255)) [0m
  [4;35;1mSQL (0.5ms)[0m   [0m SELECT name
 FROM sqlite_master
 WHERE type = 'table' AND NOT name = 'sqlite_sequence'
[0m
  [4;36;1mSQL (0.2ms)[0m   [0;1mCREATE TABLE "schema_migrations" ("version" varchar(255) NOT NULL) [0m
  [4;35;1mSQL (0.2ms)[0m   [0mCREATE UNIQUE INDEX "unique_schema_migrations" ON "schema_migrations" ("version")[0m
  [4;36;1mSQL (0.5ms)[0m   [0;1m SELECT name
 FROM sqlite_master
 WHERE type = 'table' AND NOT name = 'sqlite_sequence'
[0m
  [4;35;1mSQL (0.1ms)[0m   [0mSELECT version FROM "schema_migrations"[0m
  [4;36;1mSQL (0.1ms)[0m   [0;1mINSERT INTO "schema_migrations" (version) VALUES ('1')[0m
Unable to load roles_user, underlying cause no such file to load -- roles_user.rb 

 /usr/lib/ruby/gems/1.8/gems/activesupport-2.2.2/lib/active_support/dependencies.rb:382:in `load_without_new_constant_marking'
/usr/lib/ruby/gems/1.8/gems/activesupport-2.2.2/lib/active_support/dependencies.rb:382:in `load_file'
/usr/lib/ruby/gems/1.8/gems/activesupport-2.2.2/lib/active_support/dependencies.rb:521:in `new_constants_in'
/usr/lib/ruby/gems/1.8/gems/activesupport-2.2.2/lib/active_support/dependencies.rb:381:in `load_file'
/usr/lib/ruby/gems/1.8/gems/activesupport-2.2.2/lib/active_support/dependencies.rb:256:in `require_or_load'
/usr/lib/ruby/gems/1.8/gems/activesupport-2.2.2/lib/active_support/dependencies.rb:221:in `depend_on'
/usr/lib/ruby/gems/1.8/gems/activesupport-2.2.2/lib/active_support/dependencies.rb:133:in `require_dependency'
/usr/lib/ruby/gems/1.8/gems/activerecord-2.2.2/lib/active_record/fixtures.rb:856:in `try_to_load_dependency'
/usr/lib/ruby/gems/1.8/gems/activerecord-2.2.2/lib/active_record/fixtures.rb:871:in `require_fixture_classes'
/usr/lib/ruby/gems/1.8/gems/activerecord-2.2.2/lib/active_record/fixtures.rb:868:in `each'
/usr/lib/ruby/gems/1.8/gems/activerecord-2.2.2/lib/active_record/fixtures.rb:868:in `require_fixture_classes'
/usr/lib/ruby/gems/1.8/gems/activerecord-2.2.2/lib/active_record/fixtures.rb:851:in `fixtures'
./test/unit/../test_helper.rb:35
./test/unit/nested_assignment_test.rb:1:in `require'
./test/unit/nested_assignment_test.rb:1
/usr/lib/ruby/gems/1.8/gems/rake-0.8.3/lib/rake/rake_test_loader.rb:5:in `load'
/usr/lib/ruby/gems/1.8/gems/rake-0.8.3/lib/rake/rake_test_loader.rb:5
/usr/lib/ruby/gems/1.8/gems/rake-0.8.3/lib/rake/rake_test_loader.rb:5:in `each'
/usr/lib/ruby/gems/1.8/gems/rake-0.8.3/lib/rake/rake_test_loader.rb:5
Unable to load service, underlying cause no such file to load -- service.rb 

 /usr/lib/ruby/gems/1.8/gems/activesupport-2.2.2/lib/active_support/dependencies.rb:382:in `load_without_new_constant_marking'
/usr/lib/ruby/gems/1.8/gems/activesupport-2.2.2/lib/active_support/dependencies.rb:382:in `load_file'
/usr/lib/ruby/gems/1.8/gems/activesupport-2.2.2/lib/active_support/dependencies.rb:521:in `new_constants_in'
/usr/lib/ruby/gems/1.8/gems/activesupport-2.2.2/lib/active_support/dependencies.rb:381:in `load_file'
/usr/lib/ruby/gems/1.8/gems/activesupport-2.2.2/lib/active_support/dependencies.rb:256:in `require_or_load'
/usr/lib/ruby/gems/1.8/gems/activesupport-2.2.2/lib/active_support/dependencies.rb:221:in `depend_on'
/usr/lib/ruby/gems/1.8/gems/activesupport-2.2.2/lib/active_support/dependencies.rb:133:in `require_dependency'
/usr/lib/ruby/gems/1.8/gems/activerecord-2.2.2/lib/active_record/fixtures.rb:856:in `try_to_load_dependency'
/usr/lib/ruby/gems/1.8/gems/activerecord-2.2.2/lib/active_record/fixtures.rb:871:in `require_fixture_classes'
/usr/lib/ruby/gems/1.8/gems/activerecord-2.2.2/lib/active_record/fixtures.rb:868:in `each'
/usr/lib/ruby/gems/1.8/gems/activerecord-2.2.2/lib/active_record/fixtures.rb:868:in `require_fixture_classes'
/usr/lib/ruby/gems/1.8/gems/activerecord-2.2.2/lib/active_record/fixtures.rb:851:in `fixtures'
./test/unit/../test_helper.rb:35
./test/unit/nested_assignment_test.rb:1:in `require'
./test/unit/nested_assignment_test.rb:1
/usr/lib/ruby/gems/1.8/gems/rake-0.8.3/lib/rake/rake_test_loader.rb:5:in `load'
/usr/lib/ruby/gems/1.8/gems/rake-0.8.3/lib/rake/rake_test_loader.rb:5
/usr/lib/ruby/gems/1.8/gems/rake-0.8.3/lib/rake/rake_test_loader.rb:5:in `each'
/usr/lib/ruby/gems/1.8/gems/rake-0.8.3/lib/rake/rake_test_loader.rb:5
Unable to load subscription, underlying cause no such file to load -- subscription.rb 

 /usr/lib/ruby/gems/1.8/gems/activesupport-2.2.2/lib/active_support/dependencies.rb:382:in `load_without_new_constant_marking'
/usr/lib/ruby/gems/1.8/gems/activesupport-2.2.2/lib/active_support/dependencies.rb:382:in `load_file'
/usr/lib/ruby/gems/1.8/gems/activesupport-2.2.2/lib/active_support/dependencies.rb:521:in `new_constants_in'
/usr/lib/ruby/gems/1.8/gems/activesupport-2.2.2/lib/active_support/dependencies.rb:381:in `load_file'
/usr/lib/ruby/gems/1.8/gems/activesupport-2.2.2/lib/active_support/dependencies.rb:256:in `require_or_load'
/usr/lib/ruby/gems/1.8/gems/activesupport-2.2.2/lib/active_support/dependencies.rb:221:in `depend_on'
/usr/lib/ruby/gems/1.8/gems/activesupport-2.2.2/lib/active_support/dependencies.rb:133:in `require_dependency'
/usr/lib/ruby/gems/1.8/gems/activerecord-2.2.2/lib/active_record/fixtures.rb:856:in `try_to_load_dependency'
/usr/lib/ruby/gems/1.8/gems/activerecord-2.2.2/lib/active_record/fixtures.rb:871:in `require_fixture_classes'
/usr/lib/ruby/gems/1.8/gems/activerecord-2.2.2/lib/active_record/fixtures.rb:868:in `each'
/usr/lib/ruby/gems/1.8/gems/activerecord-2.2.2/lib/active_record/fixtures.rb:868:in `require_fixture_classes'
/usr/lib/ruby/gems/1.8/gems/activerecord-2.2.2/lib/active_record/fixtures.rb:851:in `fixtures'
./test/unit/../test_helper.rb:35
./test/unit/nested_assignment_test.rb:1:in `require'
./test/unit/nested_assignment_test.rb:1
/usr/lib/ruby/gems/1.8/gems/rake-0.8.3/lib/rake/rake_test_loader.rb:5:in `load'
/usr/lib/ruby/gems/1.8/gems/rake-0.8.3/lib/rake/rake_test_loader.rb:5
/usr/lib/ruby/gems/1.8/gems/rake-0.8.3/lib/rake/rake_test_loader.rb:5:in `each'
/usr/lib/ruby/gems/1.8/gems/rake-0.8.3/lib/rake/rake_test_loader.rb:5
Unable to load address, underlying cause no such file to load -- address.rb 

 /usr/lib/ruby/gems/1.8/gems/activesupport-2.2.2/lib/active_support/dependencies.rb:382:in `load_without_new_constant_marking'
/usr/lib/ruby/gems/1.8/gems/activesupport-2.2.2/lib/active_support/dependencies.rb:382:in `load_file'
/usr/lib/ruby/gems/1.8/gems/activesupport-2.2.2/lib/active_support/dependencies.rb:521:in `new_constants_in'
/usr/lib/ruby/gems/1.8/gems/activesupport-2.2.2/lib/active_support/dependencies.rb:381:in `load_file'
/usr/lib/ruby/gems/1.8/gems/activesupport-2.2.2/lib/active_support/dependencies.rb:256:in `require_or_load'
/usr/lib/ruby/gems/1.8/gems/activesupport-2.2.2/lib/active_support/dependencies.rb:221:in `depend_on'
/usr/lib/ruby/gems/1.8/gems/activesupport-2.2.2/lib/active_support/dependencies.rb:133:in `require_dependency'
/usr/lib/ruby/gems/1.8/gems/activerecord-2.2.2/lib/active_record/fixtures.rb:856:in `try_to_load_dependency'
/usr/lib/ruby/gems/1.8/gems/activerecord-2.2.2/lib/active_record/fixtures.rb:871:in `require_fixture_classes'
/usr/lib/ruby/gems/1.8/gems/activerecord-2.2.2/lib/active_record/fixtures.rb:868:in `each'
/usr/lib/ruby/gems/1.8/gems/activerecord-2.2.2/lib/active_record/fixtures.rb:868:in `require_fixture_classes'
/usr/lib/ruby/gems/1.8/gems/activerecord-2.2.2/lib/active_record/fixtures.rb:851:in `fixtures'
./test/unit/../test_helper.rb:35
./test/unit/nested_assignment_test.rb:1:in `require'
./test/unit/nested_assignment_test.rb:1
/usr/lib/ruby/gems/1.8/gems/rake-0.8.3/lib/rake/rake_test_loader.rb:5:in `load'
/usr/lib/ruby/gems/1.8/gems/rake-0.8.3/lib/rake/rake_test_loader.rb:5
/usr/lib/ruby/gems/1.8/gems/rake-0.8.3/lib/rake/rake_test_loader.rb:5:in `each'
/usr/lib/ruby/gems/1.8/gems/rake-0.8.3/lib/rake/rake_test_loader.rb:5
Unable to load user, underlying cause no such file to load -- user.rb 

 /usr/lib/ruby/gems/1.8/gems/activesupport-2.2.2/lib/active_support/dependencies.rb:382:in `load_without_new_constant_marking'
/usr/lib/ruby/gems/1.8/gems/activesupport-2.2.2/lib/active_support/dependencies.rb:382:in `load_file'
/usr/lib/ruby/gems/1.8/gems/activesupport-2.2.2/lib/active_support/dependencies.rb:521:in `new_constants_in'
/usr/lib/ruby/gems/1.8/gems/activesupport-2.2.2/lib/active_support/dependencies.rb:381:in `load_file'
/usr/lib/ruby/gems/1.8/gems/activesupport-2.2.2/lib/active_support/dependencies.rb:256:in `require_or_load'
/usr/lib/ruby/gems/1.8/gems/activesupport-2.2.2/lib/active_support/dependencies.rb:221:in `depend_on'
/usr/lib/ruby/gems/1.8/gems/activesupport-2.2.2/lib/active_support/dependencies.rb:133:in `require_dependency'
/usr/lib/ruby/gems/1.8/gems/activerecord-2.2.2/lib/active_record/fixtures.rb:856:in `try_to_load_dependency'
/usr/lib/ruby/gems/1.8/gems/activerecord-2.2.2/lib/active_record/fixtures.rb:871:in `require_fixture_classes'
/usr/lib/ruby/gems/1.8/gems/activerecord-2.2.2/lib/active_record/fixtures.rb:868:in `each'
/usr/lib/ruby/gems/1.8/gems/activerecord-2.2.2/lib/active_record/fixtures.rb:868:in `require_fixture_classes'
/usr/lib/ruby/gems/1.8/gems/activerecord-2.2.2/lib/active_record/fixtures.rb:851:in `fixtures'
./test/unit/../test_helper.rb:35
./test/unit/nested_assignment_test.rb:1:in `require'
./test/unit/nested_assignment_test.rb:1
/usr/lib/ruby/gems/1.8/gems/rake-0.8.3/lib/rake/rake_test_loader.rb:5:in `load'
/usr/lib/ruby/gems/1.8/gems/rake-0.8.3/lib/rake/rake_test_loader.rb:5
/usr/lib/ruby/gems/1.8/gems/rake-0.8.3/lib/rake/rake_test_loader.rb:5:in `each'
/usr/lib/ruby/gems/1.8/gems/rake-0.8.3/lib/rake/rake_test_loader.rb:5
Unable to load role, underlying cause no such file to load -- role.rb 

 /usr/lib/ruby/gems/1.8/gems/activesupport-2.2.2/lib/active_support/dependencies.rb:382:in `load_without_new_constant_marking'
/usr/lib/ruby/gems/1.8/gems/activesupport-2.2.2/lib/active_support/dependencies.rb:382:in `load_file'
/usr/lib/ruby/gems/1.8/gems/activesupport-2.2.2/lib/active_support/dependencies.rb:521:in `new_constants_in'
/usr/lib/ruby/gems/1.8/gems/activesupport-2.2.2/lib/active_support/dependencies.rb:381:in `load_file'
/usr/lib/ruby/gems/1.8/gems/activesupport-2.2.2/lib/active_support/dependencies.rb:256:in `require_or_load'
/usr/lib/ruby/gems/1.8/gems/activesupport-2.2.2/lib/active_support/dependencies.rb:221:in `depend_on'
/usr/lib/ruby/gems/1.8/gems/activesupport-2.2.2/lib/active_support/dependencies.rb:133:in `require_dependency'
/usr/lib/ruby/gems/1.8/gems/activerecord-2.2.2/lib/active_record/fixtures.rb:856:in `try_to_load_dependency'
/usr/lib/ruby/gems/1.8/gems/activerecord-2.2.2/lib/active_record/fixtures.rb:871:in `require_fixture_classes'
/usr/lib/ruby/gems/1.8/gems/activerecord-2.2.2/lib/active_record/fixtures.rb:868:in `each'
/usr/lib/ruby/gems/1.8/gems/activerecord-2.2.2/lib/active_record/fixtures.rb:868:in `require_fixture_classes'
/usr/lib/ruby/gems/1.8/gems/activerecord-2.2.2/lib/active_record/fixtures.rb:851:in `fixtures'
./test/unit/../test_helper.rb:35
./test/unit/nested_assignment_test.rb:1:in `require'
./test/unit/nested_assignment_test.rb:1
/usr/lib/ruby/gems/1.8/gems/rake-0.8.3/lib/rake/rake_test_loader.rb:5:in `load'
/usr/lib/ruby/gems/1.8/gems/rake-0.8.3/lib/rake/rake_test_loader.rb:5
/usr/lib/ruby/gems/1.8/gems/rake-0.8.3/lib/rake/rake_test_loader.rb:5:in `each'
/usr/lib/ruby/gems/1.8/gems/rake-0.8.3/lib/rake/rake_test_loader.rb:5
  [4;35;1mPluginTestModels::User Load (0.2ms)[0m   [0mSELECT * FROM "users" WHERE ("users"."id" = 1) [0m
  [4;36;1mPluginTestModels::Subscription Load (0.2ms)[0m   [0;1mSELECT * FROM "subscriptions" WHERE ("subscriptions"."id" = 1) [0m
  [4;35;1mPluginTestModels::User Load (0.2ms)[0m   [0mSELECT * FROM "users" WHERE ("users"."id" = 1) [0m
  [4;36;1mPluginTestModels::User Load (0.2ms)[0m   [0;1mSELECT * FROM "users" WHERE ("users"."id" = 1) [0m
  [4;35;1mPluginTestModels::User Load (0.2ms)[0m   [0mSELECT * FROM "users" WHERE ("users"."id" = 1) [0m
  [4;36;1mPluginTestModels::Subscription Load (0.2ms)[0m   [0;1mSELECT * FROM "subscriptions" WHERE ("subscriptions"."id" = 1) [0m
  [4;35;1mPluginTestModels::User Load (0.2ms)[0m   [0mSELECT * FROM "users" WHERE ("users"."id" = 1) [0m
  [4;36;1mPluginTestModels::Subscription Load (0.2ms)[0m   [0;1mSELECT * FROM "subscriptions" WHERE ("subscriptions"."id" = 1) [0m
  [4;35;1mPluginTestModels::User Load (0.2ms)[0m   [0mSELECT * FROM "users" WHERE ("users"."id" = 1) [0m
  [4;36;1mPluginTestModels::User Load (0.2ms)[0m   [0;1mSELECT * FROM "users" WHERE ("users"."id" = 1) [0m
  [4;35;1mPluginTestModels::Subscription Load (0.2ms)[0m   [0mSELECT * FROM "subscriptions" WHERE ("subscriptions"."id" = 1) [0m
  [4;36;1mPluginTestModels::User Load (0.2ms)[0m   [0;1mSELECT * FROM "users" WHERE ("users"."id" = 1) [0m
WARNING: Can't mass-assign these protected attributes: id
  [4;35;1mPluginTestModels::User Load (0.2ms)[0m   [0mSELECT * FROM "users" WHERE ("users"."id" = 1) [0m
  [4;36;1mPluginTestModels::Service Load (0.2ms)[0m   [0;1mSELECT * FROM "services" WHERE ("services"."id" = 1) [0m
  [4;35;1mPluginTestModels::Subscription Load (0.2ms)[0m   [0mSELECT * FROM "subscriptions" WHERE ("subscriptions"."id" = 1) [0m
  [4;36;1mPluginTestModels::Subscription Load (0.2ms)[0m   [0;1mSELECT * FROM "subscriptions" WHERE ("subscriptions".service_id = 1) [0m
  [4;35;1mPluginTestModels::Service Load (0.2ms)[0m   [0mSELECT * FROM "services" WHERE ("services"."id" = 1) [0m
  [4;36;1mPluginTestModels::Subscription Load (0.2ms)[0m   [0;1mSELECT * FROM "subscriptions" WHERE ("subscriptions"."id" = 1) [0m
  [4;35;1mPluginTestModels::Subscription Load (0.2ms)[0m   [0mSELECT * FROM "subscriptions" WHERE ("subscriptions".service_id = 1) [0m
  [4;36;1mPluginTestModels::Service Load (0.2ms)[0m   [0;1mSELECT * FROM "services" WHERE ("services"."id" = 1) [0m
  [4;35;1mPluginTestModels::Subscription Load (0.2ms)[0m   [0mSELECT * FROM "subscriptions" WHERE ("subscriptions"."id" = 1) [0m
  [4;36;1mPluginTestModels::Subscription Load (0.2ms)[0m   [0;1mSELECT * FROM "subscriptions" WHERE ("subscriptions".service_id = 1) [0m
WARNING: Can't mass-assign these protected attributes: id
  [4;35;1mPluginTestModels::Subscription Load (0.2ms)[0m   [0mSELECT * FROM "subscriptions" WHERE ("subscriptions"."id" = 1) [0m
  [4;36;1mPluginTestModels::User Load (0.2ms)[0m   [0;1mSELECT * FROM "users" WHERE ("users"."id" = 1) [0m
  [4;35;1mPluginTestModels::Subscription Load (0.2ms)[0m   [0mSELECT * FROM "subscriptions" WHERE ("subscriptions"."id" = 1) [0m
  [4;36;1mPluginTestModels::Subscription Load (0.2ms)[0m   [0;1mSELECT * FROM "subscriptions" WHERE ("subscriptions".user_id = 1) LIMIT 1[0m
  [4;35;1mPluginTestModels::Subscription Load (0.2ms)[0m   [0mSELECT * FROM "subscriptions" WHERE ("subscriptions"."id" = 1) [0m
  [4;36;1mPluginTestModels::User Load (0.2ms)[0m   [0;1mSELECT * FROM "users" WHERE ("users"."id" = 1) [0m
  [4;35;1mPluginTestModels::Subscription Load (0.2ms)[0m   [0mSELECT * FROM "subscriptions" WHERE ("subscriptions"."id" = 1) [0m
  [4;36;1mPluginTestModels::Subscription Load (0.2ms)[0m   [0;1mSELECT * FROM "subscriptions" WHERE ("subscriptions".user_id = 1) LIMIT 1[0m
  [4;35;1mPluginTestModels::Subscription Update (0.1ms)[0m   [0mUPDATE "subscriptions" SET "user_id" = NULL WHERE "id" = 1[0m
  [4;36;1mPluginTestModels::Subscription Load (0.2ms)[0m   [0;1mSELECT * FROM "subscriptions" WHERE ("subscriptions"."id" = 1) [0m
  [4;35;1mPluginTestModels::User Load (0.2ms)[0m   [0mSELECT * FROM "users" WHERE ("users"."id" = 1) [0m
  [4;36;1mPluginTestModels::Subscription Load (0.2ms)[0m   [0;1mSELECT * FROM "subscriptions" WHERE ("subscriptions"."id" = 1) [0m
  [4;35;1mPluginTestModels::Subscription Load (0.2ms)[0m   [0mSELECT * FROM "subscriptions" WHERE ("subscriptions".user_id = 1) LIMIT 1[0m
WARNING: Can't mass-assign these protected attributes: id
  [4;36;1mPluginTestModels::Subscription Load (0.2ms)[0m   [0;1mSELECT * FROM "subscriptions" WHERE ("subscriptions"."id" = 1) [0m
  [4;35;1mPluginTestModels::User Load (0.2ms)[0m   [0mSELECT * FROM "users" LIMIT 1[0m
  [4;36;1mPluginTestModels::User Load (0.2ms)[0m   [0;1mSELECT * FROM "users" LIMIT 1[0m
  [4;35;1mPluginTestModels::Role Load (0.3ms)[0m   [0mSELECT * FROM "roles" INNER JOIN "roles_users" ON "roles".id = "roles_users".role_id WHERE ("roles_users".user_id = 1 ) [0m
  [4;36;1mPluginTestModels::User Load (0.2ms)[0m   [0;1mSELECT * FROM "users" LIMIT 1[0m
  [4;35;1mPluginTestModels::Role Load (0.3ms)[0m   [0mSELECT * FROM "roles" INNER JOIN "roles_users" ON "roles".id = "roles_users".role_id WHERE ("roles_users".user_id = 1 ) [0m
  [4;36;1mPluginTestModels::User Load (0.2ms)[0m   [0;1mSELECT * FROM "users" LIMIT 1[0m
  [4;35;1mPluginTestModels::Address Load (0.2ms)[0m   [0mSELECT * FROM "addresses" WHERE ("addresses".addressable_id = 1 AND "addresses".addressable_type = 'PluginTestModels::User') LIMIT 1[0m
  [4;36;1mSQL (0.2ms)[0m   [0;1mselect sqlite_version(*)[0m
  [4;35;1mSQL (0.1ms)[0m   [0m SELECT name
 FROM sqlite_master
 WHERE type = 'table' AND NOT name = 'sqlite_sequence'
[0m
  [4;36;1mSQL (0.2ms)[0m   [0;1mCREATE TABLE "addresses" ("id" INTEGER PRIMARY KEY AUTOINCREMENT NOT NULL, "name" varchar(255), "addressable_id" integer, "addressable_type" varchar(255)) [0m
  [4;35;1mSQL (0.1ms)[0m   [0m SELECT name
 FROM sqlite_master
 WHERE type = 'table' AND NOT name = 'sqlite_sequence'
[0m
  [4;36;1mSQL (0.1ms)[0m   [0;1mCREATE TABLE "users" ("id" INTEGER PRIMARY KEY AUTOINCREMENT NOT NULL, "name" varchar(255)) [0m
  [4;35;1mSQL (0.2ms)[0m   [0m SELECT name
 FROM sqlite_master
 WHERE type = 'table' AND NOT name = 'sqlite_sequence'
[0m
  [4;36;1mSQL (0.1ms)[0m   [0;1mCREATE TABLE "roles_users" ("user_id" integer, "role_id" integer) [0m
  [4;35;1mSQL (0.2ms)[0m   [0m SELECT name
 FROM sqlite_master
 WHERE type = 'table' AND NOT name = 'sqlite_sequence'
[0m
  [4;36;1mSQL (0.1ms)[0m   [0;1mCREATE TABLE "services" ("id" INTEGER PRIMARY KEY AUTOINCREMENT NOT NULL, "name" varchar(255)) [0m
  [4;35;1mSQL (0.2ms)[0m   [0m SELECT name
 FROM sqlite_master
 WHERE type = 'table' AND NOT name = 'sqlite_sequence'
[0m
  [4;36;1mSQL (0.1ms)[0m   [0;1mCREATE TABLE "subscriptions" ("id" INTEGER PRIMARY KEY AUTOINCREMENT NOT NULL, "name" varchar(255), "service_id" integer, "user_id" integer) [0m
  [4;35;1mSQL (0.3ms)[0m   [0m SELECT name
 FROM sqlite_master
 WHERE type = 'table' AND NOT name = 'sqlite_sequence'
[0m
  [4;36;1mSQL (0.1ms)[0m   [0;1mCREATE TABLE "roles" ("id" INTEGER PRIMARY KEY AUTOINCREMENT NOT NULL, "name" varchar(255)) [0m
  [4;35;1mSQL (0.3ms)[0m   [0m SELECT name
 FROM sqlite_master
 WHERE type = 'table' AND NOT name = 'sqlite_sequence'
[0m
  [4;36;1mSQL (0.1ms)[0m   [0;1mCREATE TABLE "schema_migrations" ("version" varchar(255) NOT NULL) [0m
  [4;35;1mSQL (0.1ms)[0m   [0mCREATE UNIQUE INDEX "unique_schema_migrations" ON "schema_migrations" ("version")[0m
  [4;36;1mSQL (0.3ms)[0m   [0;1m SELECT name
 FROM sqlite_master
 WHERE type = 'table' AND NOT name = 'sqlite_sequence'
[0m
  [4;35;1mSQL (0.1ms)[0m   [0mSELECT version FROM "schema_migrations"[0m
  [4;36;1mSQL (0.1ms)[0m   [0;1mINSERT INTO "schema_migrations" (version) VALUES ('1')[0m
Unable to load roles_user, underlying cause no such file to load -- roles_user.rb 

 /usr/lib/ruby/gems/1.8/gems/activesupport-2.2.2/lib/active_support/dependencies.rb:382:in `load_without_new_constant_marking'
/usr/lib/ruby/gems/1.8/gems/activesupport-2.2.2/lib/active_support/dependencies.rb:382:in `load_file'
/usr/lib/ruby/gems/1.8/gems/activesupport-2.2.2/lib/active_support/dependencies.rb:521:in `new_constants_in'
/usr/lib/ruby/gems/1.8/gems/activesupport-2.2.2/lib/active_support/dependencies.rb:381:in `load_file'
/usr/lib/ruby/gems/1.8/gems/activesupport-2.2.2/lib/active_support/dependencies.rb:256:in `require_or_load'
/usr/lib/ruby/gems/1.8/gems/activesupport-2.2.2/lib/active_support/dependencies.rb:221:in `depend_on'
/usr/lib/ruby/gems/1.8/gems/activesupport-2.2.2/lib/active_support/dependencies.rb:133:in `require_dependency'
/usr/lib/ruby/gems/1.8/gems/activerecord-2.2.2/lib/active_record/fixtures.rb:856:in `try_to_load_dependency'
/usr/lib/ruby/gems/1.8/gems/activerecord-2.2.2/lib/active_record/fixtures.rb:871:in `require_fixture_classes'
/usr/lib/ruby/gems/1.8/gems/activerecord-2.2.2/lib/active_record/fixtures.rb:868:in `each'
/usr/lib/ruby/gems/1.8/gems/activerecord-2.2.2/lib/active_record/fixtures.rb:868:in `require_fixture_classes'
/usr/lib/ruby/gems/1.8/gems/activerecord-2.2.2/lib/active_record/fixtures.rb:851:in `fixtures'
./test/unit/../test_helper.rb:35
./test/unit/nested_assignment_test.rb:1:in `require'
./test/unit/nested_assignment_test.rb:1
/usr/lib/ruby/gems/1.8/gems/rake-0.8.3/lib/rake/rake_test_loader.rb:5:in `load'
/usr/lib/ruby/gems/1.8/gems/rake-0.8.3/lib/rake/rake_test_loader.rb:5
/usr/lib/ruby/gems/1.8/gems/rake-0.8.3/lib/rake/rake_test_loader.rb:5:in `each'
/usr/lib/ruby/gems/1.8/gems/rake-0.8.3/lib/rake/rake_test_loader.rb:5
Unable to load service, underlying cause no such file to load -- service.rb 

 /usr/lib/ruby/gems/1.8/gems/activesupport-2.2.2/lib/active_support/dependencies.rb:382:in `load_without_new_constant_marking'
/usr/lib/ruby/gems/1.8/gems/activesupport-2.2.2/lib/active_support/dependencies.rb:382:in `load_file'
/usr/lib/ruby/gems/1.8/gems/activesupport-2.2.2/lib/active_support/dependencies.rb:521:in `new_constants_in'
/usr/lib/ruby/gems/1.8/gems/activesupport-2.2.2/lib/active_support/dependencies.rb:381:in `load_file'
/usr/lib/ruby/gems/1.8/gems/activesupport-2.2.2/lib/active_support/dependencies.rb:256:in `require_or_load'
/usr/lib/ruby/gems/1.8/gems/activesupport-2.2.2/lib/active_support/dependencies.rb:221:in `depend_on'
/usr/lib/ruby/gems/1.8/gems/activesupport-2.2.2/lib/active_support/dependencies.rb:133:in `require_dependency'
/usr/lib/ruby/gems/1.8/gems/activerecord-2.2.2/lib/active_record/fixtures.rb:856:in `try_to_load_dependency'
/usr/lib/ruby/gems/1.8/gems/activerecord-2.2.2/lib/active_record/fixtures.rb:871:in `require_fixture_classes'
/usr/lib/ruby/gems/1.8/gems/activerecord-2.2.2/lib/active_record/fixtures.rb:868:in `each'
/usr/lib/ruby/gems/1.8/gems/activerecord-2.2.2/lib/active_record/fixtures.rb:868:in `require_fixture_classes'
/usr/lib/ruby/gems/1.8/gems/activerecord-2.2.2/lib/active_record/fixtures.rb:851:in `fixtures'
./test/unit/../test_helper.rb:35
./test/unit/nested_assignment_test.rb:1:in `require'
./test/unit/nested_assignment_test.rb:1
/usr/lib/ruby/gems/1.8/gems/rake-0.8.3/lib/rake/rake_test_loader.rb:5:in `load'
/usr/lib/ruby/gems/1.8/gems/rake-0.8.3/lib/rake/rake_test_loader.rb:5
/usr/lib/ruby/gems/1.8/gems/rake-0.8.3/lib/rake/rake_test_loader.rb:5:in `each'
/usr/lib/ruby/gems/1.8/gems/rake-0.8.3/lib/rake/rake_test_loader.rb:5
Unable to load subscription, underlying cause no such file to load -- subscription.rb 

 /usr/lib/ruby/gems/1.8/gems/activesupport-2.2.2/lib/active_support/dependencies.rb:382:in `load_without_new_constant_marking'
/usr/lib/ruby/gems/1.8/gems/activesupport-2.2.2/lib/active_support/dependencies.rb:382:in `load_file'
/usr/lib/ruby/gems/1.8/gems/activesupport-2.2.2/lib/active_support/dependencies.rb:521:in `new_constants_in'
/usr/lib/ruby/gems/1.8/gems/activesupport-2.2.2/lib/active_support/dependencies.rb:381:in `load_file'
/usr/lib/ruby/gems/1.8/gems/activesupport-2.2.2/lib/active_support/dependencies.rb:256:in `require_or_load'
/usr/lib/ruby/gems/1.8/gems/activesupport-2.2.2/lib/active_support/dependencies.rb:221:in `depend_on'
/usr/lib/ruby/gems/1.8/gems/activesupport-2.2.2/lib/active_support/dependencies.rb:133:in `require_dependency'
/usr/lib/ruby/gems/1.8/gems/activerecord-2.2.2/lib/active_record/fixtures.rb:856:in `try_to_load_dependency'
/usr/lib/ruby/gems/1.8/gems/activerecord-2.2.2/lib/active_record/fixtures.rb:871:in `require_fixture_classes'
/usr/lib/ruby/gems/1.8/gems/activerecord-2.2.2/lib/active_record/fixtures.rb:868:in `each'
/usr/lib/ruby/gems/1.8/gems/activerecord-2.2.2/lib/active_record/fixtures.rb:868:in `require_fixture_classes'
/usr/lib/ruby/gems/1.8/gems/activerecord-2.2.2/lib/active_record/fixtures.rb:851:in `fixtures'
./test/unit/../test_helper.rb:35
./test/unit/nested_assignment_test.rb:1:in `require'
./test/unit/nested_assignment_test.rb:1
/usr/lib/ruby/gems/1.8/gems/rake-0.8.3/lib/rake/rake_test_loader.rb:5:in `load'
/usr/lib/ruby/gems/1.8/gems/rake-0.8.3/lib/rake/rake_test_loader.rb:5
/usr/lib/ruby/gems/1.8/gems/rake-0.8.3/lib/rake/rake_test_loader.rb:5:in `each'
/usr/lib/ruby/gems/1.8/gems/rake-0.8.3/lib/rake/rake_test_loader.rb:5
Unable to load address, underlying cause no such file to load -- address.rb 

 /usr/lib/ruby/gems/1.8/gems/activesupport-2.2.2/lib/active_support/dependencies.rb:382:in `load_without_new_constant_marking'
/usr/lib/ruby/gems/1.8/gems/activesupport-2.2.2/lib/active_support/dependencies.rb:382:in `load_file'
/usr/lib/ruby/gems/1.8/gems/activesupport-2.2.2/lib/active_support/dependencies.rb:521:in `new_constants_in'
/usr/lib/ruby/gems/1.8/gems/activesupport-2.2.2/lib/active_support/dependencies.rb:381:in `load_file'
/usr/lib/ruby/gems/1.8/gems/activesupport-2.2.2/lib/active_support/dependencies.rb:256:in `require_or_load'
/usr/lib/ruby/gems/1.8/gems/activesupport-2.2.2/lib/active_support/dependencies.rb:221:in `depend_on'
/usr/lib/ruby/gems/1.8/gems/activesupport-2.2.2/lib/active_support/dependencies.rb:133:in `require_dependency'
/usr/lib/ruby/gems/1.8/gems/activerecord-2.2.2/lib/active_record/fixtures.rb:856:in `try_to_load_dependency'
/usr/lib/ruby/gems/1.8/gems/activerecord-2.2.2/lib/active_record/fixtures.rb:871:in `require_fixture_classes'
/usr/lib/ruby/gems/1.8/gems/activerecord-2.2.2/lib/active_record/fixtures.rb:868:in `each'
/usr/lib/ruby/gems/1.8/gems/activerecord-2.2.2/lib/active_record/fixtures.rb:868:in `require_fixture_classes'
/usr/lib/ruby/gems/1.8/gems/activerecord-2.2.2/lib/active_record/fixtures.rb:851:in `fixtures'
./test/unit/../test_helper.rb:35
./test/unit/nested_assignment_test.rb:1:in `require'
./test/unit/nested_assignment_test.rb:1
/usr/lib/ruby/gems/1.8/gems/rake-0.8.3/lib/rake/rake_test_loader.rb:5:in `load'
/usr/lib/ruby/gems/1.8/gems/rake-0.8.3/lib/rake/rake_test_loader.rb:5
/usr/lib/ruby/gems/1.8/gems/rake-0.8.3/lib/rake/rake_test_loader.rb:5:in `each'
/usr/lib/ruby/gems/1.8/gems/rake-0.8.3/lib/rake/rake_test_loader.rb:5
Unable to load user, underlying cause no such file to load -- user.rb 

 /usr/lib/ruby/gems/1.8/gems/activesupport-2.2.2/lib/active_support/dependencies.rb:382:in `load_without_new_constant_marking'
/usr/lib/ruby/gems/1.8/gems/activesupport-2.2.2/lib/active_support/dependencies.rb:382:in `load_file'
/usr/lib/ruby/gems/1.8/gems/activesupport-2.2.2/lib/active_support/dependencies.rb:521:in `new_constants_in'
/usr/lib/ruby/gems/1.8/gems/activesupport-2.2.2/lib/active_support/dependencies.rb:381:in `load_file'
/usr/lib/ruby/gems/1.8/gems/activesupport-2.2.2/lib/active_support/dependencies.rb:256:in `require_or_load'
/usr/lib/ruby/gems/1.8/gems/activesupport-2.2.2/lib/active_support/dependencies.rb:221:in `depend_on'
/usr/lib/ruby/gems/1.8/gems/activesupport-2.2.2/lib/active_support/dependencies.rb:133:in `require_dependency'
/usr/lib/ruby/gems/1.8/gems/activerecord-2.2.2/lib/active_record/fixtures.rb:856:in `try_to_load_dependency'
/usr/lib/ruby/gems/1.8/gems/activerecord-2.2.2/lib/active_record/fixtures.rb:871:in `require_fixture_classes'
/usr/lib/ruby/gems/1.8/gems/activerecord-2.2.2/lib/active_record/fixtures.rb:868:in `each'
/usr/lib/ruby/gems/1.8/gems/activerecord-2.2.2/lib/active_record/fixtures.rb:868:in `require_fixture_classes'
/usr/lib/ruby/gems/1.8/gems/activerecord-2.2.2/lib/active_record/fixtures.rb:851:in `fixtures'
./test/unit/../test_helper.rb:35
./test/unit/nested_assignment_test.rb:1:in `require'
./test/unit/nested_assignment_test.rb:1
/usr/lib/ruby/gems/1.8/gems/rake-0.8.3/lib/rake/rake_test_loader.rb:5:in `load'
/usr/lib/ruby/gems/1.8/gems/rake-0.8.3/lib/rake/rake_test_loader.rb:5
/usr/lib/ruby/gems/1.8/gems/rake-0.8.3/lib/rake/rake_test_loader.rb:5:in `each'
/usr/lib/ruby/gems/1.8/gems/rake-0.8.3/lib/rake/rake_test_loader.rb:5
Unable to load role, underlying cause no such file to load -- role.rb 

 /usr/lib/ruby/gems/1.8/gems/activesupport-2.2.2/lib/active_support/dependencies.rb:382:in `load_without_new_constant_marking'
/usr/lib/ruby/gems/1.8/gems/activesupport-2.2.2/lib/active_support/dependencies.rb:382:in `load_file'
/usr/lib/ruby/gems/1.8/gems/activesupport-2.2.2/lib/active_support/dependencies.rb:521:in `new_constants_in'
/usr/lib/ruby/gems/1.8/gems/activesupport-2.2.2/lib/active_support/dependencies.rb:381:in `load_file'
/usr/lib/ruby/gems/1.8/gems/activesupport-2.2.2/lib/active_support/dependencies.rb:256:in `require_or_load'
/usr/lib/ruby/gems/1.8/gems/activesupport-2.2.2/lib/active_support/dependencies.rb:221:in `depend_on'
/usr/lib/ruby/gems/1.8/gems/activesupport-2.2.2/lib/active_support/dependencies.rb:133:in `require_dependency'
/usr/lib/ruby/gems/1.8/gems/activerecord-2.2.2/lib/active_record/fixtures.rb:856:in `try_to_load_dependency'
/usr/lib/ruby/gems/1.8/gems/activerecord-2.2.2/lib/active_record/fixtures.rb:871:in `require_fixture_classes'
/usr/lib/ruby/gems/1.8/gems/activerecord-2.2.2/lib/active_record/fixtures.rb:868:in `each'
/usr/lib/ruby/gems/1.8/gems/activerecord-2.2.2/lib/active_record/fixtures.rb:868:in `require_fixture_classes'
/usr/lib/ruby/gems/1.8/gems/activerecord-2.2.2/lib/active_record/fixtures.rb:851:in `fixtures'
./test/unit/../test_helper.rb:35
./test/unit/nested_assignment_test.rb:1:in `require'
./test/unit/nested_assignment_test.rb:1
/usr/lib/ruby/gems/1.8/gems/rake-0.8.3/lib/rake/rake_test_loader.rb:5:in `load'
/usr/lib/ruby/gems/1.8/gems/rake-0.8.3/lib/rake/rake_test_loader.rb:5
/usr/lib/ruby/gems/1.8/gems/rake-0.8.3/lib/rake/rake_test_loader.rb:5:in `each'
/usr/lib/ruby/gems/1.8/gems/rake-0.8.3/lib/rake/rake_test_loader.rb:5
  [4;35;1mPluginTestModels::User Load (0.1ms)[0m   [0mSELECT * FROM "users" WHERE ("users"."id" = 1) [0m
  [4;36;1mPluginTestModels::Subscription Load (0.2ms)[0m   [0;1mSELECT * FROM "subscriptions" WHERE ("subscriptions"."id" = 1) [0m
  [4;35;1mPluginTestModels::User Load (0.1ms)[0m   [0mSELECT * FROM "users" WHERE ("users"."id" = 1) [0m
  [4;36;1mPluginTestModels::User Load (0.1ms)[0m   [0;1mSELECT * FROM "users" WHERE ("users"."id" = 1) [0m
  [4;35;1mPluginTestModels::User Load (0.1ms)[0m   [0mSELECT * FROM "users" WHERE ("users"."id" = 1) [0m
  [4;36;1mPluginTestModels::Subscription Load (0.2ms)[0m   [0;1mSELECT * FROM "subscriptions" WHERE ("subscriptions"."id" = 1) [0m
  [4;35;1mPluginTestModels::User Load (0.1ms)[0m   [0mSELECT * FROM "users" WHERE ("users"."id" = 1) [0m
  [4;36;1mPluginTestModels::Subscription Load (0.2ms)[0m   [0;1mSELECT * FROM "subscriptions" WHERE ("subscriptions"."id" = 1) [0m
  [4;35;1mPluginTestModels::User Load (0.1ms)[0m   [0mSELECT * FROM "users" WHERE ("users"."id" = 1) [0m
  [4;36;1mPluginTestModels::User Load (0.1ms)[0m   [0;1mSELECT * FROM "users" WHERE ("users"."id" = 1) [0m
  [4;35;1mPluginTestModels::Subscription Load (0.2ms)[0m   [0mSELECT * FROM "subscriptions" WHERE ("subscriptions"."id" = 1) [0m
  [4;36;1mPluginTestModels::User Load (0.1ms)[0m   [0;1mSELECT * FROM "users" WHERE ("users"."id" = 1) [0m
WARNING: Can't mass-assign these protected attributes: id
  [4;35;1mPluginTestModels::User Load (0.1ms)[0m   [0mSELECT * FROM "users" WHERE ("users"."id" = 1) [0m
  [4;36;1mPluginTestModels::Service Load (0.1ms)[0m   [0;1mSELECT * FROM "services" WHERE ("services"."id" = 1) [0m
  [4;35;1mPluginTestModels::Subscription Load (0.2ms)[0m   [0mSELECT * FROM "subscriptions" WHERE ("subscriptions"."id" = 1) [0m
  [4;36;1mPluginTestModels::Subscription Load (0.2ms)[0m   [0;1mSELECT * FROM "subscriptions" WHERE ("subscriptions".service_id = 1) [0m
  [4;35;1mPluginTestModels::Service Load (0.1ms)[0m   [0mSELECT * FROM "services" WHERE ("services"."id" = 1) [0m
  [4;36;1mPluginTestModels::Subscription Load (0.2ms)[0m   [0;1mSELECT * FROM "subscriptions" WHERE ("subscriptions"."id" = 1) [0m
  [4;35;1mPluginTestModels::Subscription Load (0.2ms)[0m   [0mSELECT * FROM "subscriptions" WHERE ("subscriptions".service_id = 1) [0m
  [4;36;1mPluginTestModels::Service Load (0.1ms)[0m   [0;1mSELECT * FROM "services" WHERE ("services"."id" = 1) [0m
  [4;35;1mPluginTestModels::Subscription Load (0.2ms)[0m   [0mSELECT * FROM "subscriptions" WHERE ("subscriptions"."id" = 1) [0m
  [4;36;1mPluginTestModels::Subscription Load (0.2ms)[0m   [0;1mSELECT * FROM "subscriptions" WHERE ("subscriptions".service_id = 1) [0m
  [4;35;1mPluginTestModels::Service Load (0.1ms)[0m   [0mSELECT * FROM "services" WHERE ("services"."id" = 1) [0m
  [4;36;1mPluginTestModels::Subscription Load (0.2ms)[0m   [0;1mSELECT * FROM "subscriptions" WHERE ("subscriptions"."id" = 1) [0m
  [4;35;1mPluginTestModels::Subscription Load (0.2ms)[0m   [0mSELECT * FROM "subscriptions" WHERE ("subscriptions".service_id = 1) [0m
WARNING: Can't mass-assign these protected attributes: id
  [4;36;1mPluginTestModels::Subscription Load (0.2ms)[0m   [0;1mSELECT * FROM "subscriptions" WHERE ("subscriptions"."id" = 1) [0m
  [4;35;1mPluginTestModels::User Load (0.1ms)[0m   [0mSELECT * FROM "users" WHERE ("users"."id" = 1) [0m
  [4;36;1mPluginTestModels::Subscription Load (0.2ms)[0m   [0;1mSELECT * FROM "subscriptions" WHERE ("subscriptions"."id" = 1) [0m
  [4;35;1mPluginTestModels::Subscription Load (0.2ms)[0m   [0mSELECT * FROM "subscriptions" WHERE ("subscriptions".user_id = 1) LIMIT 1[0m
  [4;36;1mPluginTestModels::Subscription Load (0.2ms)[0m   [0;1mSELECT * FROM "subscriptions" WHERE ("subscriptions"."id" = 1) [0m
  [4;35;1mPluginTestModels::User Load (0.1ms)[0m   [0mSELECT * FROM "users" WHERE ("users"."id" = 1) [0m
  [4;36;1mPluginTestModels::Subscription Load (0.2ms)[0m   [0;1mSELECT * FROM "subscriptions" WHERE ("subscriptions"."id" = 1) [0m
  [4;35;1mPluginTestModels::Subscription Load (0.2ms)[0m   [0mSELECT * FROM "subscriptions" WHERE ("subscriptions".user_id = 1) LIMIT 1[0m
  [4;36;1mPluginTestModels::Subscription Update (0.1ms)[0m   [0;1mUPDATE "subscriptions" SET "user_id" = NULL WHERE "id" = 1[0m
  [4;35;1mPluginTestModels::Subscription Load (0.2ms)[0m   [0mSELECT * FROM "subscriptions" WHERE ("subscriptions"."id" = 1) [0m
  [4;36;1mPluginTestModels::User Load (0.1ms)[0m   [0;1mSELECT * FROM "users" WHERE ("users"."id" = 1) [0m
  [4;35;1mPluginTestModels::Subscription Load (0.2ms)[0m   [0mSELECT * FROM "subscriptions" WHERE ("subscriptions"."id" = 1) [0m
  [4;36;1mPluginTestModels::Subscription Load (0.2ms)[0m   [0;1mSELECT * FROM "subscriptions" WHERE ("subscriptions".user_id = 1) LIMIT 1[0m
WARNING: Can't mass-assign these protected attributes: id
  [4;35;1mPluginTestModels::Subscription Load (0.2ms)[0m   [0mSELECT * FROM "subscriptions" WHERE ("subscriptions"."id" = 1) [0m
  [4;36;1mPluginTestModels::User Load (0.1ms)[0m   [0;1mSELECT * FROM "users" LIMIT 1[0m
  [4;35;1mPluginTestModels::User Load (0.1ms)[0m   [0mSELECT * FROM "users" LIMIT 1[0m
  [4;36;1mPluginTestModels::Role Load (0.2ms)[0m   [0;1mSELECT * FROM "roles" INNER JOIN "roles_users" ON "roles".id = "roles_users".role_id WHERE ("roles_users".user_id = 1 ) [0m
  [4;35;1mPluginTestModels::User Load (0.1ms)[0m   [0mSELECT * FROM "users" LIMIT 1[0m
  [4;36;1mPluginTestModels::Role Load (0.2ms)[0m   [0;1mSELECT * FROM "roles" INNER JOIN "roles_users" ON "roles".id = "roles_users".role_id WHERE ("roles_users".user_id = 1 ) [0m
  [4;35;1mPluginTestModels::User Load (0.1ms)[0m   [0mSELECT * FROM "users" LIMIT 1[0m
  [4;36;1mPluginTestModels::Address Load (0.2ms)[0m   [0;1mSELECT * FROM "addresses" WHERE ("addresses".addressable_id = 1 AND "addresses".addressable_type = 'PluginTestModels::User') LIMIT 1[0m
  [4;36;1mSQL (0.2ms)[0m   [0;1mselect sqlite_version(*)[0m
  [4;35;1mSQL (0.1ms)[0m   [0m SELECT name
 FROM sqlite_master
 WHERE type = 'table' AND NOT name = 'sqlite_sequence'
[0m
  [4;36;1mSQL (0.2ms)[0m   [0;1mCREATE TABLE "addresses" ("id" INTEGER PRIMARY KEY AUTOINCREMENT NOT NULL, "name" varchar(255), "addressable_id" integer, "addressable_type" varchar(255)) [0m
  [4;35;1mSQL (0.1ms)[0m   [0m SELECT name
 FROM sqlite_master
 WHERE type = 'table' AND NOT name = 'sqlite_sequence'
[0m
  [4;36;1mSQL (0.1ms)[0m   [0;1mCREATE TABLE "users" ("id" INTEGER PRIMARY KEY AUTOINCREMENT NOT NULL, "name" varchar(255)) [0m
  [4;35;1mSQL (0.2ms)[0m   [0m SELECT name
 FROM sqlite_master
 WHERE type = 'table' AND NOT name = 'sqlite_sequence'
[0m
  [4;36;1mSQL (0.1ms)[0m   [0;1mCREATE TABLE "roles_users" ("user_id" integer, "role_id" integer) [0m
  [4;35;1mSQL (0.2ms)[0m   [0m SELECT name
 FROM sqlite_master
 WHERE type = 'table' AND NOT name = 'sqlite_sequence'
[0m
  [4;36;1mSQL (0.1ms)[0m   [0;1mCREATE TABLE "services" ("id" INTEGER PRIMARY KEY AUTOINCREMENT NOT NULL, "name" varchar(255)) [0m
  [4;35;1mSQL (0.2ms)[0m   [0m SELECT name
 FROM sqlite_master
 WHERE type = 'table' AND NOT name = 'sqlite_sequence'
[0m
  [4;36;1mSQL (0.1ms)[0m   [0;1mCREATE TABLE "subscriptions" ("id" INTEGER PRIMARY KEY AUTOINCREMENT NOT NULL, "name" varchar(255), "service_id" integer, "user_id" integer) [0m
  [4;35;1mSQL (0.3ms)[0m   [0m SELECT name
 FROM sqlite_master
 WHERE type = 'table' AND NOT name = 'sqlite_sequence'
[0m
  [4;36;1mSQL (0.1ms)[0m   [0;1mCREATE TABLE "roles" ("id" INTEGER PRIMARY KEY AUTOINCREMENT NOT NULL, "name" varchar(255)) [0m
  [4;35;1mSQL (0.3ms)[0m   [0m SELECT name
 FROM sqlite_master
 WHERE type = 'table' AND NOT name = 'sqlite_sequence'
[0m
  [4;36;1mSQL (0.1ms)[0m   [0;1mCREATE TABLE "schema_migrations" ("version" varchar(255) NOT NULL) [0m
  [4;35;1mSQL (0.1ms)[0m   [0mCREATE UNIQUE INDEX "unique_schema_migrations" ON "schema_migrations" ("version")[0m
  [4;36;1mSQL (0.4ms)[0m   [0;1m SELECT name
 FROM sqlite_master
 WHERE type = 'table' AND NOT name = 'sqlite_sequence'
[0m
  [4;35;1mSQL (0.1ms)[0m   [0mSELECT version FROM "schema_migrations"[0m
  [4;36;1mSQL (0.1ms)[0m   [0;1mINSERT INTO "schema_migrations" (version) VALUES ('1')[0m
Unable to load roles_user, underlying cause no such file to load -- roles_user.rb 

 /usr/lib/ruby/gems/1.8/gems/activesupport-2.2.2/lib/active_support/dependencies.rb:382:in `load_without_new_constant_marking'
/usr/lib/ruby/gems/1.8/gems/activesupport-2.2.2/lib/active_support/dependencies.rb:382:in `load_file'
/usr/lib/ruby/gems/1.8/gems/activesupport-2.2.2/lib/active_support/dependencies.rb:521:in `new_constants_in'
/usr/lib/ruby/gems/1.8/gems/activesupport-2.2.2/lib/active_support/dependencies.rb:381:in `load_file'
/usr/lib/ruby/gems/1.8/gems/activesupport-2.2.2/lib/active_support/dependencies.rb:256:in `require_or_load'
/usr/lib/ruby/gems/1.8/gems/activesupport-2.2.2/lib/active_support/dependencies.rb:221:in `depend_on'
/usr/lib/ruby/gems/1.8/gems/activesupport-2.2.2/lib/active_support/dependencies.rb:133:in `require_dependency'
/usr/lib/ruby/gems/1.8/gems/activerecord-2.2.2/lib/active_record/fixtures.rb:856:in `try_to_load_dependency'
/usr/lib/ruby/gems/1.8/gems/activerecord-2.2.2/lib/active_record/fixtures.rb:871:in `require_fixture_classes'
/usr/lib/ruby/gems/1.8/gems/activerecord-2.2.2/lib/active_record/fixtures.rb:868:in `each'
/usr/lib/ruby/gems/1.8/gems/activerecord-2.2.2/lib/active_record/fixtures.rb:868:in `require_fixture_classes'
/usr/lib/ruby/gems/1.8/gems/activerecord-2.2.2/lib/active_record/fixtures.rb:851:in `fixtures'
./test/unit/../test_helper.rb:35
./test/unit/nested_assignment_test.rb:1:in `require'
./test/unit/nested_assignment_test.rb:1
/usr/lib/ruby/gems/1.8/gems/rake-0.8.3/lib/rake/rake_test_loader.rb:5:in `load'
/usr/lib/ruby/gems/1.8/gems/rake-0.8.3/lib/rake/rake_test_loader.rb:5
/usr/lib/ruby/gems/1.8/gems/rake-0.8.3/lib/rake/rake_test_loader.rb:5:in `each'
/usr/lib/ruby/gems/1.8/gems/rake-0.8.3/lib/rake/rake_test_loader.rb:5
Unable to load service, underlying cause no such file to load -- service.rb 

 /usr/lib/ruby/gems/1.8/gems/activesupport-2.2.2/lib/active_support/dependencies.rb:382:in `load_without_new_constant_marking'
/usr/lib/ruby/gems/1.8/gems/activesupport-2.2.2/lib/active_support/dependencies.rb:382:in `load_file'
/usr/lib/ruby/gems/1.8/gems/activesupport-2.2.2/lib/active_support/dependencies.rb:521:in `new_constants_in'
/usr/lib/ruby/gems/1.8/gems/activesupport-2.2.2/lib/active_support/dependencies.rb:381:in `load_file'
/usr/lib/ruby/gems/1.8/gems/activesupport-2.2.2/lib/active_support/dependencies.rb:256:in `require_or_load'
/usr/lib/ruby/gems/1.8/gems/activesupport-2.2.2/lib/active_support/dependencies.rb:221:in `depend_on'
/usr/lib/ruby/gems/1.8/gems/activesupport-2.2.2/lib/active_support/dependencies.rb:133:in `require_dependency'
/usr/lib/ruby/gems/1.8/gems/activerecord-2.2.2/lib/active_record/fixtures.rb:856:in `try_to_load_dependency'
/usr/lib/ruby/gems/1.8/gems/activerecord-2.2.2/lib/active_record/fixtures.rb:871:in `require_fixture_classes'
/usr/lib/ruby/gems/1.8/gems/activerecord-2.2.2/lib/active_record/fixtures.rb:868:in `each'
/usr/lib/ruby/gems/1.8/gems/activerecord-2.2.2/lib/active_record/fixtures.rb:868:in `require_fixture_classes'
/usr/lib/ruby/gems/1.8/gems/activerecord-2.2.2/lib/active_record/fixtures.rb:851:in `fixtures'
./test/unit/../test_helper.rb:35
./test/unit/nested_assignment_test.rb:1:in `require'
./test/unit/nested_assignment_test.rb:1
/usr/lib/ruby/gems/1.8/gems/rake-0.8.3/lib/rake/rake_test_loader.rb:5:in `load'
/usr/lib/ruby/gems/1.8/gems/rake-0.8.3/lib/rake/rake_test_loader.rb:5
/usr/lib/ruby/gems/1.8/gems/rake-0.8.3/lib/rake/rake_test_loader.rb:5:in `each'
/usr/lib/ruby/gems/1.8/gems/rake-0.8.3/lib/rake/rake_test_loader.rb:5
Unable to load subscription, underlying cause no such file to load -- subscription.rb 

 /usr/lib/ruby/gems/1.8/gems/activesupport-2.2.2/lib/active_support/dependencies.rb:382:in `load_without_new_constant_marking'
/usr/lib/ruby/gems/1.8/gems/activesupport-2.2.2/lib/active_support/dependencies.rb:382:in `load_file'
/usr/lib/ruby/gems/1.8/gems/activesupport-2.2.2/lib/active_support/dependencies.rb:521:in `new_constants_in'
/usr/lib/ruby/gems/1.8/gems/activesupport-2.2.2/lib/active_support/dependencies.rb:381:in `load_file'
/usr/lib/ruby/gems/1.8/gems/activesupport-2.2.2/lib/active_support/dependencies.rb:256:in `require_or_load'
/usr/lib/ruby/gems/1.8/gems/activesupport-2.2.2/lib/active_support/dependencies.rb:221:in `depend_on'
/usr/lib/ruby/gems/1.8/gems/activesupport-2.2.2/lib/active_support/dependencies.rb:133:in `require_dependency'
/usr/lib/ruby/gems/1.8/gems/activerecord-2.2.2/lib/active_record/fixtures.rb:856:in `try_to_load_dependency'
/usr/lib/ruby/gems/1.8/gems/activerecord-2.2.2/lib/active_record/fixtures.rb:871:in `require_fixture_classes'
/usr/lib/ruby/gems/1.8/gems/activerecord-2.2.2/lib/active_record/fixtures.rb:868:in `each'
/usr/lib/ruby/gems/1.8/gems/activerecord-2.2.2/lib/active_record/fixtures.rb:868:in `require_fixture_classes'
/usr/lib/ruby/gems/1.8/gems/activerecord-2.2.2/lib/active_record/fixtures.rb:851:in `fixtures'
./test/unit/../test_helper.rb:35
./test/unit/nested_assignment_test.rb:1:in `require'
./test/unit/nested_assignment_test.rb:1
/usr/lib/ruby/gems/1.8/gems/rake-0.8.3/lib/rake/rake_test_loader.rb:5:in `load'
/usr/lib/ruby/gems/1.8/gems/rake-0.8.3/lib/rake/rake_test_loader.rb:5
/usr/lib/ruby/gems/1.8/gems/rake-0.8.3/lib/rake/rake_test_loader.rb:5:in `each'
/usr/lib/ruby/gems/1.8/gems/rake-0.8.3/lib/rake/rake_test_loader.rb:5
Unable to load address, underlying cause no such file to load -- address.rb 

 /usr/lib/ruby/gems/1.8/gems/activesupport-2.2.2/lib/active_support/dependencies.rb:382:in `load_without_new_constant_marking'
/usr/lib/ruby/gems/1.8/gems/activesupport-2.2.2/lib/active_support/dependencies.rb:382:in `load_file'
/usr/lib/ruby/gems/1.8/gems/activesupport-2.2.2/lib/active_support/dependencies.rb:521:in `new_constants_in'
/usr/lib/ruby/gems/1.8/gems/activesupport-2.2.2/lib/active_support/dependencies.rb:381:in `load_file'
/usr/lib/ruby/gems/1.8/gems/activesupport-2.2.2/lib/active_support/dependencies.rb:256:in `require_or_load'
/usr/lib/ruby/gems/1.8/gems/activesupport-2.2.2/lib/active_support/dependencies.rb:221:in `depend_on'
/usr/lib/ruby/gems/1.8/gems/activesupport-2.2.2/lib/active_support/dependencies.rb:133:in `require_dependency'
/usr/lib/ruby/gems/1.8/gems/activerecord-2.2.2/lib/active_record/fixtures.rb:856:in `try_to_load_dependency'
/usr/lib/ruby/gems/1.8/gems/activerecord-2.2.2/lib/active_record/fixtures.rb:871:in `require_fixture_classes'
/usr/lib/ruby/gems/1.8/gems/activerecord-2.2.2/lib/active_record/fixtures.rb:868:in `each'
/usr/lib/ruby/gems/1.8/gems/activerecord-2.2.2/lib/active_record/fixtures.rb:868:in `require_fixture_classes'
/usr/lib/ruby/gems/1.8/gems/activerecord-2.2.2/lib/active_record/fixtures.rb:851:in `fixtures'
./test/unit/../test_helper.rb:35
./test/unit/nested_assignment_test.rb:1:in `require'
./test/unit/nested_assignment_test.rb:1
/usr/lib/ruby/gems/1.8/gems/rake-0.8.3/lib/rake/rake_test_loader.rb:5:in `load'
/usr/lib/ruby/gems/1.8/gems/rake-0.8.3/lib/rake/rake_test_loader.rb:5
/usr/lib/ruby/gems/1.8/gems/rake-0.8.3/lib/rake/rake_test_loader.rb:5:in `each'
/usr/lib/ruby/gems/1.8/gems/rake-0.8.3/lib/rake/rake_test_loader.rb:5
Unable to load user, underlying cause no such file to load -- user.rb 

 /usr/lib/ruby/gems/1.8/gems/activesupport-2.2.2/lib/active_support/dependencies.rb:382:in `load_without_new_constant_marking'
/usr/lib/ruby/gems/1.8/gems/activesupport-2.2.2/lib/active_support/dependencies.rb:382:in `load_file'
/usr/lib/ruby/gems/1.8/gems/activesupport-2.2.2/lib/active_support/dependencies.rb:521:in `new_constants_in'
/usr/lib/ruby/gems/1.8/gems/activesupport-2.2.2/lib/active_support/dependencies.rb:381:in `load_file'
/usr/lib/ruby/gems/1.8/gems/activesupport-2.2.2/lib/active_support/dependencies.rb:256:in `require_or_load'
/usr/lib/ruby/gems/1.8/gems/activesupport-2.2.2/lib/active_support/dependencies.rb:221:in `depend_on'
/usr/lib/ruby/gems/1.8/gems/activesupport-2.2.2/lib/active_support/dependencies.rb:133:in `require_dependency'
/usr/lib/ruby/gems/1.8/gems/activerecord-2.2.2/lib/active_record/fixtures.rb:856:in `try_to_load_dependency'
/usr/lib/ruby/gems/1.8/gems/activerecord-2.2.2/lib/active_record/fixtures.rb:871:in `require_fixture_classes'
/usr/lib/ruby/gems/1.8/gems/activerecord-2.2.2/lib/active_record/fixtures.rb:868:in `each'
/usr/lib/ruby/gems/1.8/gems/activerecord-2.2.2/lib/active_record/fixtures.rb:868:in `require_fixture_classes'
/usr/lib/ruby/gems/1.8/gems/activerecord-2.2.2/lib/active_record/fixtures.rb:851:in `fixtures'
./test/unit/../test_helper.rb:35
./test/unit/nested_assignment_test.rb:1:in `require'
./test/unit/nested_assignment_test.rb:1
/usr/lib/ruby/gems/1.8/gems/rake-0.8.3/lib/rake/rake_test_loader.rb:5:in `load'
/usr/lib/ruby/gems/1.8/gems/rake-0.8.3/lib/rake/rake_test_loader.rb:5
/usr/lib/ruby/gems/1.8/gems/rake-0.8.3/lib/rake/rake_test_loader.rb:5:in `each'
/usr/lib/ruby/gems/1.8/gems/rake-0.8.3/lib/rake/rake_test_loader.rb:5
Unable to load role, underlying cause no such file to load -- role.rb 

 /usr/lib/ruby/gems/1.8/gems/activesupport-2.2.2/lib/active_support/dependencies.rb:382:in `load_without_new_constant_marking'
/usr/lib/ruby/gems/1.8/gems/activesupport-2.2.2/lib/active_support/dependencies.rb:382:in `load_file'
/usr/lib/ruby/gems/1.8/gems/activesupport-2.2.2/lib/active_support/dependencies.rb:521:in `new_constants_in'
/usr/lib/ruby/gems/1.8/gems/activesupport-2.2.2/lib/active_support/dependencies.rb:381:in `load_file'
/usr/lib/ruby/gems/1.8/gems/activesupport-2.2.2/lib/active_support/dependencies.rb:256:in `require_or_load'
/usr/lib/ruby/gems/1.8/gems/activesupport-2.2.2/lib/active_support/dependencies.rb:221:in `depend_on'
/usr/lib/ruby/gems/1.8/gems/activesupport-2.2.2/lib/active_support/dependencies.rb:133:in `require_dependency'
/usr/lib/ruby/gems/1.8/gems/activerecord-2.2.2/lib/active_record/fixtures.rb:856:in `try_to_load_dependency'
/usr/lib/ruby/gems/1.8/gems/activerecord-2.2.2/lib/active_record/fixtures.rb:871:in `require_fixture_classes'
/usr/lib/ruby/gems/1.8/gems/activerecord-2.2.2/lib/active_record/fixtures.rb:868:in `each'
/usr/lib/ruby/gems/1.8/gems/activerecord-2.2.2/lib/active_record/fixtures.rb:868:in `require_fixture_classes'
/usr/lib/ruby/gems/1.8/gems/activerecord-2.2.2/lib/active_record/fixtures.rb:851:in `fixtures'
./test/unit/../test_helper.rb:35
./test/unit/nested_assignment_test.rb:1:in `require'
./test/unit/nested_assignment_test.rb:1
/usr/lib/ruby/gems/1.8/gems/rake-0.8.3/lib/rake/rake_test_loader.rb:5:in `load'
/usr/lib/ruby/gems/1.8/gems/rake-0.8.3/lib/rake/rake_test_loader.rb:5
/usr/lib/ruby/gems/1.8/gems/rake-0.8.3/lib/rake/rake_test_loader.rb:5:in `each'
/usr/lib/ruby/gems/1.8/gems/rake-0.8.3/lib/rake/rake_test_loader.rb:5
  [4;35;1mPluginTestModels::User Load (0.1ms)[0m   [0mSELECT * FROM "users" WHERE ("users"."id" = 1) [0m
  [4;36;1mPluginTestModels::Subscription Load (0.2ms)[0m   [0;1mSELECT * FROM "subscriptions" WHERE ("subscriptions"."id" = 1) [0m
  [4;35;1mPluginTestModels::User Load (0.1ms)[0m   [0mSELECT * FROM "users" WHERE ("users"."id" = 1) [0m
  [4;36;1mPluginTestModels::User Load (0.1ms)[0m   [0;1mSELECT * FROM "users" WHERE ("users"."id" = 1) [0m
  [4;35;1mPluginTestModels::User Load (0.1ms)[0m   [0mSELECT * FROM "users" WHERE ("users"."id" = 1) [0m
  [4;36;1mPluginTestModels::Subscription Load (0.2ms)[0m   [0;1mSELECT * FROM "subscriptions" WHERE ("subscriptions"."id" = 1) [0m
  [4;35;1mPluginTestModels::User Load (0.1ms)[0m   [0mSELECT * FROM "users" WHERE ("users"."id" = 1) [0m
  [4;36;1mPluginTestModels::Subscription Load (0.2ms)[0m   [0;1mSELECT * FROM "subscriptions" WHERE ("subscriptions"."id" = 1) [0m
  [4;35;1mPluginTestModels::User Load (0.1ms)[0m   [0mSELECT * FROM "users" WHERE ("users"."id" = 1) [0m
  [4;36;1mPluginTestModels::User Load (0.1ms)[0m   [0;1mSELECT * FROM "users" WHERE ("users"."id" = 1) [0m
  [4;35;1mPluginTestModels::Subscription Load (0.2ms)[0m   [0mSELECT * FROM "subscriptions" WHERE ("subscriptions"."id" = 1) [0m
  [4;36;1mPluginTestModels::User Load (0.1ms)[0m   [0;1mSELECT * FROM "users" WHERE ("users"."id" = 1) [0m
WARNING: Can't mass-assign these protected attributes: id
  [4;35;1mPluginTestModels::User Load (0.1ms)[0m   [0mSELECT * FROM "users" WHERE ("users"."id" = 1) [0m
  [4;36;1mPluginTestModels::User Load (0.1ms)[0m   [0;1mSELECT * FROM "users" WHERE ("users"."id" = 1) [0m
  [4;35;1mPluginTestModels::Role Load (0.1ms)[0m   [0mSELECT * FROM "roles" WHERE ("roles"."id" = 1) [0m
  [4;36;1mPluginTestModels::Role Load (0.2ms)[0m   [0;1mSELECT * FROM "roles" INNER JOIN "roles_users" ON "roles".id = "roles_users".role_id WHERE ("roles_users".user_id = 1 ) [0m
  [4;35;1mPluginTestModels::User Load (0.1ms)[0m   [0mSELECT * FROM "users" WHERE ("users"."id" = 1) [0m
  [4;36;1mPluginTestModels::Role Load (0.1ms)[0m   [0;1mSELECT * FROM "roles" WHERE ("roles"."id" = 1) [0m
  [4;35;1mPluginTestModels::Role Load (0.2ms)[0m   [0mSELECT * FROM "roles" INNER JOIN "roles_users" ON "roles".id = "roles_users".role_id WHERE ("roles_users".user_id = 1 ) [0m
  [4;36;1mPluginTestModels::User Load (0.1ms)[0m   [0;1mSELECT * FROM "users" WHERE ("users"."id" = 1) [0m
  [4;35;1mPluginTestModels::Role Load (0.1ms)[0m   [0mSELECT * FROM "roles" WHERE ("roles"."id" = 1) [0m
  [4;36;1mPluginTestModels::Role Load (0.2ms)[0m   [0;1mSELECT * FROM "roles" INNER JOIN "roles_users" ON "roles".id = "roles_users".role_id WHERE ("roles_users".user_id = 1 ) [0m
  [4;35;1mPluginTestModels::User Load (0.1ms)[0m   [0mSELECT * FROM "users" WHERE ("users"."id" = 1) [0m
  [4;36;1mPluginTestModels::Role Load (0.1ms)[0m   [0;1mSELECT * FROM "roles" WHERE ("roles"."id" = 1) [0m
  [4;35;1mPluginTestModels::Role Load (0.2ms)[0m   [0mSELECT * FROM "roles" INNER JOIN "roles_users" ON "roles".id = "roles_users".role_id WHERE ("roles_users".user_id = 1 ) [0m
WARNING: Can't mass-assign these protected attributes: id
  [4;36;1mPluginTestModels::Role Load (0.1ms)[0m   [0;1mSELECT * FROM "roles" WHERE ("roles"."id" = 1) [0m
  [4;35;1mPluginTestModels::Service Load (0.1ms)[0m   [0mSELECT * FROM "services" WHERE ("services"."id" = 1) [0m
  [4;36;1mPluginTestModels::Subscription Load (0.2ms)[0m   [0;1mSELECT * FROM "subscriptions" WHERE ("subscriptions"."id" = 1) [0m
  [4;35;1mPluginTestModels::Subscription Load (0.2ms)[0m   [0mSELECT * FROM "subscriptions" WHERE ("subscriptions".service_id = 1) [0m
  [4;36;1mPluginTestModels::Service Load (0.1ms)[0m   [0;1mSELECT * FROM "services" WHERE ("services"."id" = 1) [0m
  [4;35;1mPluginTestModels::Subscription Load (0.2ms)[0m   [0mSELECT * FROM "subscriptions" WHERE ("subscriptions"."id" = 1) [0m
  [4;36;1mPluginTestModels::Subscription Load (0.2ms)[0m   [0;1mSELECT * FROM "subscriptions" WHERE ("subscriptions".service_id = 1) [0m
  [4;35;1mPluginTestModels::Service Load (0.1ms)[0m   [0mSELECT * FROM "services" WHERE ("services"."id" = 1) [0m
  [4;36;1mPluginTestModels::Subscription Load (0.2ms)[0m   [0;1mSELECT * FROM "subscriptions" WHERE ("subscriptions"."id" = 1) [0m
  [4;35;1mPluginTestModels::Subscription Load (0.2ms)[0m   [0mSELECT * FROM "subscriptions" WHERE ("subscriptions".service_id = 1) [0m
  [4;36;1mPluginTestModels::Service Load (0.1ms)[0m   [0;1mSELECT * FROM "services" WHERE ("services"."id" = 1) [0m
  [4;35;1mPluginTestModels::Subscription Load (0.2ms)[0m   [0mSELECT * FROM "subscriptions" WHERE ("subscriptions"."id" = 1) [0m
  [4;36;1mPluginTestModels::Subscription Load (0.2ms)[0m   [0;1mSELECT * FROM "subscriptions" WHERE ("subscriptions".service_id = 1) [0m
WARNING: Can't mass-assign these protected attributes: id
  [4;35;1mPluginTestModels::Subscription Load (0.2ms)[0m   [0mSELECT * FROM "subscriptions" WHERE ("subscriptions"."id" = 1) [0m
  [4;36;1mPluginTestModels::User Load (0.1ms)[0m   [0;1mSELECT * FROM "users" WHERE ("users"."id" = 1) [0m
  [4;35;1mPluginTestModels::Subscription Load (0.2ms)[0m   [0mSELECT * FROM "subscriptions" WHERE ("subscriptions"."id" = 1) [0m
  [4;36;1mPluginTestModels::Subscription Load (0.2ms)[0m   [0;1mSELECT * FROM "subscriptions" WHERE ("subscriptions".user_id = 1) LIMIT 1[0m
  [4;35;1mPluginTestModels::Subscription Load (0.2ms)[0m   [0mSELECT * FROM "subscriptions" WHERE ("subscriptions"."id" = 1) [0m
  [4;36;1mPluginTestModels::User Load (0.1ms)[0m   [0;1mSELECT * FROM "users" WHERE ("users"."id" = 1) [0m
  [4;35;1mPluginTestModels::Subscription Load (0.2ms)[0m   [0mSELECT * FROM "subscriptions" WHERE ("subscriptions"."id" = 1) [0m
  [4;36;1mPluginTestModels::Subscription Load (0.2ms)[0m   [0;1mSELECT * FROM "subscriptions" WHERE ("subscriptions".user_id = 1) LIMIT 1[0m
  [4;35;1mPluginTestModels::Subscription Update (0.1ms)[0m   [0mUPDATE "subscriptions" SET "user_id" = NULL WHERE "id" = 1[0m
  [4;36;1mPluginTestModels::Subscription Load (0.2ms)[0m   [0;1mSELECT * FROM "subscriptions" WHERE ("subscriptions"."id" = 1) [0m
  [4;35;1mPluginTestModels::User Load (0.1ms)[0m   [0mSELECT * FROM "users" WHERE ("users"."id" = 1) [0m
  [4;36;1mPluginTestModels::Subscription Load (0.2ms)[0m   [0;1mSELECT * FROM "subscriptions" WHERE ("subscriptions"."id" = 1) [0m
  [4;35;1mPluginTestModels::Subscription Load (0.2ms)[0m   [0mSELECT * FROM "subscriptions" WHERE ("subscriptions".user_id = 1) LIMIT 1[0m
WARNING: Can't mass-assign these protected attributes: id
  [4;36;1mPluginTestModels::Subscription Load (0.2ms)[0m   [0;1mSELECT * FROM "subscriptions" WHERE ("subscriptions"."id" = 1) [0m
  [4;35;1mPluginTestModels::User Load (0.1ms)[0m   [0mSELECT * FROM "users" LIMIT 1[0m
  [4;36;1mPluginTestModels::User Load (0.1ms)[0m   [0;1mSELECT * FROM "users" LIMIT 1[0m
  [4;35;1mPluginTestModels::Role Load (0.2ms)[0m   [0mSELECT * FROM "roles" INNER JOIN "roles_users" ON "roles".id = "roles_users".role_id WHERE ("roles_users".user_id = 1 ) [0m
  [4;36;1mPluginTestModels::User Load (0.1ms)[0m   [0;1mSELECT * FROM "users" LIMIT 1[0m
  [4;35;1mPluginTestModels::Role Load (0.2ms)[0m   [0mSELECT * FROM "roles" INNER JOIN "roles_users" ON "roles".id = "roles_users".role_id WHERE ("roles_users".user_id = 1 ) [0m
  [4;36;1mPluginTestModels::User Load (0.1ms)[0m   [0;1mSELECT * FROM "users" LIMIT 1[0m
  [4;35;1mPluginTestModels::Address Load (0.2ms)[0m   [0mSELECT * FROM "addresses" WHERE ("addresses".addressable_id = 1 AND "addresses".addressable_type = 'PluginTestModels::User') LIMIT 1[0m
  [4;36;1mSQL (0.3ms)[0m   [0;1mselect sqlite_version(*)[0m
  [4;35;1mSQL (0.2ms)[0m   [0m SELECT name
 FROM sqlite_master
 WHERE type = 'table' AND NOT name = 'sqlite_sequence'
[0m
  [4;36;1mSQL (0.4ms)[0m   [0;1mCREATE TABLE "addresses" ("id" INTEGER PRIMARY KEY AUTOINCREMENT NOT NULL, "name" varchar(255), "addressable_id" integer, "addressable_type" varchar(255)) [0m
  [4;35;1mSQL (0.2ms)[0m   [0m SELECT name
 FROM sqlite_master
 WHERE type = 'table' AND NOT name = 'sqlite_sequence'
[0m
  [4;36;1mSQL (0.2ms)[0m   [0;1mCREATE TABLE "users" ("id" INTEGER PRIMARY KEY AUTOINCREMENT NOT NULL, "name" varchar(255)) [0m
  [4;35;1mSQL (0.2ms)[0m   [0m SELECT name
 FROM sqlite_master
 WHERE type = 'table' AND NOT name = 'sqlite_sequence'
[0m
  [4;36;1mSQL (0.2ms)[0m   [0;1mCREATE TABLE "roles_users" ("user_id" integer, "role_id" integer) [0m
  [4;35;1mSQL (0.3ms)[0m   [0m SELECT name
 FROM sqlite_master
 WHERE type = 'table' AND NOT name = 'sqlite_sequence'
[0m
  [4;36;1mSQL (0.2ms)[0m   [0;1mCREATE TABLE "services" ("id" INTEGER PRIMARY KEY AUTOINCREMENT NOT NULL, "name" varchar(255)) [0m
  [4;35;1mSQL (0.4ms)[0m   [0m SELECT name
 FROM sqlite_master
 WHERE type = 'table' AND NOT name = 'sqlite_sequence'
[0m
  [4;36;1mSQL (0.2ms)[0m   [0;1mCREATE TABLE "subscriptions" ("id" INTEGER PRIMARY KEY AUTOINCREMENT NOT NULL, "name" varchar(255), "service_id" integer, "user_id" integer) [0m
  [4;35;1mSQL (0.4ms)[0m   [0m SELECT name
 FROM sqlite_master
 WHERE type = 'table' AND NOT name = 'sqlite_sequence'
[0m
  [4;36;1mSQL (0.2ms)[0m   [0;1mCREATE TABLE "roles" ("id" INTEGER PRIMARY KEY AUTOINCREMENT NOT NULL, "name" varchar(255)) [0m
  [4;35;1mSQL (0.5ms)[0m   [0m SELECT name
 FROM sqlite_master
 WHERE type = 'table' AND NOT name = 'sqlite_sequence'
[0m
  [4;36;1mSQL (0.2ms)[0m   [0;1mCREATE TABLE "schema_migrations" ("version" varchar(255) NOT NULL) [0m
  [4;35;1mSQL (0.2ms)[0m   [0mCREATE UNIQUE INDEX "unique_schema_migrations" ON "schema_migrations" ("version")[0m
  [4;36;1mSQL (0.5ms)[0m   [0;1m SELECT name
 FROM sqlite_master
 WHERE type = 'table' AND NOT name = 'sqlite_sequence'
[0m
  [4;35;1mSQL (0.1ms)[0m   [0mSELECT version FROM "schema_migrations"[0m
  [4;36;1mSQL (0.1ms)[0m   [0;1mINSERT INTO "schema_migrations" (version) VALUES ('1')[0m
Unable to load roles_user, underlying cause no such file to load -- roles_user.rb 

 /usr/lib/ruby/gems/1.8/gems/activesupport-2.2.2/lib/active_support/dependencies.rb:382:in `load_without_new_constant_marking'
/usr/lib/ruby/gems/1.8/gems/activesupport-2.2.2/lib/active_support/dependencies.rb:382:in `load_file'
/usr/lib/ruby/gems/1.8/gems/activesupport-2.2.2/lib/active_support/dependencies.rb:521:in `new_constants_in'
/usr/lib/ruby/gems/1.8/gems/activesupport-2.2.2/lib/active_support/dependencies.rb:381:in `load_file'
/usr/lib/ruby/gems/1.8/gems/activesupport-2.2.2/lib/active_support/dependencies.rb:256:in `require_or_load'
/usr/lib/ruby/gems/1.8/gems/activesupport-2.2.2/lib/active_support/dependencies.rb:221:in `depend_on'
/usr/lib/ruby/gems/1.8/gems/activesupport-2.2.2/lib/active_support/dependencies.rb:133:in `require_dependency'
/usr/lib/ruby/gems/1.8/gems/activerecord-2.2.2/lib/active_record/fixtures.rb:856:in `try_to_load_dependency'
/usr/lib/ruby/gems/1.8/gems/activerecord-2.2.2/lib/active_record/fixtures.rb:871:in `require_fixture_classes'
/usr/lib/ruby/gems/1.8/gems/activerecord-2.2.2/lib/active_record/fixtures.rb:868:in `each'
/usr/lib/ruby/gems/1.8/gems/activerecord-2.2.2/lib/active_record/fixtures.rb:868:in `require_fixture_classes'
/usr/lib/ruby/gems/1.8/gems/activerecord-2.2.2/lib/active_record/fixtures.rb:851:in `fixtures'
./test/unit/../test_helper.rb:35
./test/unit/nested_assignment_test.rb:1:in `require'
./test/unit/nested_assignment_test.rb:1
/usr/lib/ruby/gems/1.8/gems/rake-0.8.3/lib/rake/rake_test_loader.rb:5:in `load'
/usr/lib/ruby/gems/1.8/gems/rake-0.8.3/lib/rake/rake_test_loader.rb:5
/usr/lib/ruby/gems/1.8/gems/rake-0.8.3/lib/rake/rake_test_loader.rb:5:in `each'
/usr/lib/ruby/gems/1.8/gems/rake-0.8.3/lib/rake/rake_test_loader.rb:5
Unable to load service, underlying cause no such file to load -- service.rb 

 /usr/lib/ruby/gems/1.8/gems/activesupport-2.2.2/lib/active_support/dependencies.rb:382:in `load_without_new_constant_marking'
/usr/lib/ruby/gems/1.8/gems/activesupport-2.2.2/lib/active_support/dependencies.rb:382:in `load_file'
/usr/lib/ruby/gems/1.8/gems/activesupport-2.2.2/lib/active_support/dependencies.rb:521:in `new_constants_in'
/usr/lib/ruby/gems/1.8/gems/activesupport-2.2.2/lib/active_support/dependencies.rb:381:in `load_file'
/usr/lib/ruby/gems/1.8/gems/activesupport-2.2.2/lib/active_support/dependencies.rb:256:in `require_or_load'
/usr/lib/ruby/gems/1.8/gems/activesupport-2.2.2/lib/active_support/dependencies.rb:221:in `depend_on'
/usr/lib/ruby/gems/1.8/gems/activesupport-2.2.2/lib/active_support/dependencies.rb:133:in `require_dependency'
/usr/lib/ruby/gems/1.8/gems/activerecord-2.2.2/lib/active_record/fixtures.rb:856:in `try_to_load_dependency'
/usr/lib/ruby/gems/1.8/gems/activerecord-2.2.2/lib/active_record/fixtures.rb:871:in `require_fixture_classes'
/usr/lib/ruby/gems/1.8/gems/activerecord-2.2.2/lib/active_record/fixtures.rb:868:in `each'
/usr/lib/ruby/gems/1.8/gems/activerecord-2.2.2/lib/active_record/fixtures.rb:868:in `require_fixture_classes'
/usr/lib/ruby/gems/1.8/gems/activerecord-2.2.2/lib/active_record/fixtures.rb:851:in `fixtures'
./test/unit/../test_helper.rb:35
./test/unit/nested_assignment_test.rb:1:in `require'
./test/unit/nested_assignment_test.rb:1
/usr/lib/ruby/gems/1.8/gems/rake-0.8.3/lib/rake/rake_test_loader.rb:5:in `load'
/usr/lib/ruby/gems/1.8/gems/rake-0.8.3/lib/rake/rake_test_loader.rb:5
/usr/lib/ruby/gems/1.8/gems/rake-0.8.3/lib/rake/rake_test_loader.rb:5:in `each'
/usr/lib/ruby/gems/1.8/gems/rake-0.8.3/lib/rake/rake_test_loader.rb:5
Unable to load subscription, underlying cause no such file to load -- subscription.rb 

 /usr/lib/ruby/gems/1.8/gems/activesupport-2.2.2/lib/active_support/dependencies.rb:382:in `load_without_new_constant_marking'
/usr/lib/ruby/gems/1.8/gems/activesupport-2.2.2/lib/active_support/dependencies.rb:382:in `load_file'
/usr/lib/ruby/gems/1.8/gems/activesupport-2.2.2/lib/active_support/dependencies.rb:521:in `new_constants_in'
/usr/lib/ruby/gems/1.8/gems/activesupport-2.2.2/lib/active_support/dependencies.rb:381:in `load_file'
/usr/lib/ruby/gems/1.8/gems/activesupport-2.2.2/lib/active_support/dependencies.rb:256:in `require_or_load'
/usr/lib/ruby/gems/1.8/gems/activesupport-2.2.2/lib/active_support/dependencies.rb:221:in `depend_on'
/usr/lib/ruby/gems/1.8/gems/activesupport-2.2.2/lib/active_support/dependencies.rb:133:in `require_dependency'
/usr/lib/ruby/gems/1.8/gems/activerecord-2.2.2/lib/active_record/fixtures.rb:856:in `try_to_load_dependency'
/usr/lib/ruby/gems/1.8/gems/activerecord-2.2.2/lib/active_record/fixtures.rb:871:in `require_fixture_classes'
/usr/lib/ruby/gems/1.8/gems/activerecord-2.2.2/lib/active_record/fixtures.rb:868:in `each'
/usr/lib/ruby/gems/1.8/gems/activerecord-2.2.2/lib/active_record/fixtures.rb:868:in `require_fixture_classes'
/usr/lib/ruby/gems/1.8/gems/activerecord-2.2.2/lib/active_record/fixtures.rb:851:in `fixtures'
./test/unit/../test_helper.rb:35
./test/unit/nested_assignment_test.rb:1:in `require'
./test/unit/nested_assignment_test.rb:1
/usr/lib/ruby/gems/1.8/gems/rake-0.8.3/lib/rake/rake_test_loader.rb:5:in `load'
/usr/lib/ruby/gems/1.8/gems/rake-0.8.3/lib/rake/rake_test_loader.rb:5
/usr/lib/ruby/gems/1.8/gems/rake-0.8.3/lib/rake/rake_test_loader.rb:5:in `each'
/usr/lib/ruby/gems/1.8/gems/rake-0.8.3/lib/rake/rake_test_loader.rb:5
Unable to load address, underlying cause no such file to load -- address.rb 

 /usr/lib/ruby/gems/1.8/gems/activesupport-2.2.2/lib/active_support/dependencies.rb:382:in `load_without_new_constant_marking'
/usr/lib/ruby/gems/1.8/gems/activesupport-2.2.2/lib/active_support/dependencies.rb:382:in `load_file'
/usr/lib/ruby/gems/1.8/gems/activesupport-2.2.2/lib/active_support/dependencies.rb:521:in `new_constants_in'
/usr/lib/ruby/gems/1.8/gems/activesupport-2.2.2/lib/active_support/dependencies.rb:381:in `load_file'
/usr/lib/ruby/gems/1.8/gems/activesupport-2.2.2/lib/active_support/dependencies.rb:256:in `require_or_load'
/usr/lib/ruby/gems/1.8/gems/activesupport-2.2.2/lib/active_support/dependencies.rb:221:in `depend_on'
/usr/lib/ruby/gems/1.8/gems/activesupport-2.2.2/lib/active_support/dependencies.rb:133:in `require_dependency'
/usr/lib/ruby/gems/1.8/gems/activerecord-2.2.2/lib/active_record/fixtures.rb:856:in `try_to_load_dependency'
/usr/lib/ruby/gems/1.8/gems/activerecord-2.2.2/lib/active_record/fixtures.rb:871:in `require_fixture_classes'
/usr/lib/ruby/gems/1.8/gems/activerecord-2.2.2/lib/active_record/fixtures.rb:868:in `each'
/usr/lib/ruby/gems/1.8/gems/activerecord-2.2.2/lib/active_record/fixtures.rb:868:in `require_fixture_classes'
/usr/lib/ruby/gems/1.8/gems/activerecord-2.2.2/lib/active_record/fixtures.rb:851:in `fixtures'
./test/unit/../test_helper.rb:35
./test/unit/nested_assignment_test.rb:1:in `require'
./test/unit/nested_assignment_test.rb:1
/usr/lib/ruby/gems/1.8/gems/rake-0.8.3/lib/rake/rake_test_loader.rb:5:in `load'
/usr/lib/ruby/gems/1.8/gems/rake-0.8.3/lib/rake/rake_test_loader.rb:5
/usr/lib/ruby/gems/1.8/gems/rake-0.8.3/lib/rake/rake_test_loader.rb:5:in `each'
/usr/lib/ruby/gems/1.8/gems/rake-0.8.3/lib/rake/rake_test_loader.rb:5
Unable to load user, underlying cause no such file to load -- user.rb 

 /usr/lib/ruby/gems/1.8/gems/activesupport-2.2.2/lib/active_support/dependencies.rb:382:in `load_without_new_constant_marking'
/usr/lib/ruby/gems/1.8/gems/activesupport-2.2.2/lib/active_support/dependencies.rb:382:in `load_file'
/usr/lib/ruby/gems/1.8/gems/activesupport-2.2.2/lib/active_support/dependencies.rb:521:in `new_constants_in'
/usr/lib/ruby/gems/1.8/gems/activesupport-2.2.2/lib/active_support/dependencies.rb:381:in `load_file'
/usr/lib/ruby/gems/1.8/gems/activesupport-2.2.2/lib/active_support/dependencies.rb:256:in `require_or_load'
/usr/lib/ruby/gems/1.8/gems/activesupport-2.2.2/lib/active_support/dependencies.rb:221:in `depend_on'
/usr/lib/ruby/gems/1.8/gems/activesupport-2.2.2/lib/active_support/dependencies.rb:133:in `require_dependency'
/usr/lib/ruby/gems/1.8/gems/activerecord-2.2.2/lib/active_record/fixtures.rb:856:in `try_to_load_dependency'
/usr/lib/ruby/gems/1.8/gems/activerecord-2.2.2/lib/active_record/fixtures.rb:871:in `require_fixture_classes'
/usr/lib/ruby/gems/1.8/gems/activerecord-2.2.2/lib/active_record/fixtures.rb:868:in `each'
/usr/lib/ruby/gems/1.8/gems/activerecord-2.2.2/lib/active_record/fixtures.rb:868:in `require_fixture_classes'
/usr/lib/ruby/gems/1.8/gems/activerecord-2.2.2/lib/active_record/fixtures.rb:851:in `fixtures'
./test/unit/../test_helper.rb:35
./test/unit/nested_assignment_test.rb:1:in `require'
./test/unit/nested_assignment_test.rb:1
/usr/lib/ruby/gems/1.8/gems/rake-0.8.3/lib/rake/rake_test_loader.rb:5:in `load'
/usr/lib/ruby/gems/1.8/gems/rake-0.8.3/lib/rake/rake_test_loader.rb:5
/usr/lib/ruby/gems/1.8/gems/rake-0.8.3/lib/rake/rake_test_loader.rb:5:in `each'
/usr/lib/ruby/gems/1.8/gems/rake-0.8.3/lib/rake/rake_test_loader.rb:5
Unable to load role, underlying cause no such file to load -- role.rb 

 /usr/lib/ruby/gems/1.8/gems/activesupport-2.2.2/lib/active_support/dependencies.rb:382:in `load_without_new_constant_marking'
/usr/lib/ruby/gems/1.8/gems/activesupport-2.2.2/lib/active_support/dependencies.rb:382:in `load_file'
/usr/lib/ruby/gems/1.8/gems/activesupport-2.2.2/lib/active_support/dependencies.rb:521:in `new_constants_in'
/usr/lib/ruby/gems/1.8/gems/activesupport-2.2.2/lib/active_support/dependencies.rb:381:in `load_file'
/usr/lib/ruby/gems/1.8/gems/activesupport-2.2.2/lib/active_support/dependencies.rb:256:in `require_or_load'
/usr/lib/ruby/gems/1.8/gems/activesupport-2.2.2/lib/active_support/dependencies.rb:221:in `depend_on'
/usr/lib/ruby/gems/1.8/gems/activesupport-2.2.2/lib/active_support/dependencies.rb:133:in `require_dependency'
/usr/lib/ruby/gems/1.8/gems/activerecord-2.2.2/lib/active_record/fixtures.rb:856:in `try_to_load_dependency'
/usr/lib/ruby/gems/1.8/gems/activerecord-2.2.2/lib/active_record/fixtures.rb:871:in `require_fixture_classes'
/usr/lib/ruby/gems/1.8/gems/activerecord-2.2.2/lib/active_record/fixtures.rb:868:in `each'
/usr/lib/ruby/gems/1.8/gems/activerecord-2.2.2/lib/active_record/fixtures.rb:868:in `require_fixture_classes'
/usr/lib/ruby/gems/1.8/gems/activerecord-2.2.2/lib/active_record/fixtures.rb:851:in `fixtures'
./test/unit/../test_helper.rb:35
./test/unit/nested_assignment_test.rb:1:in `require'
./test/unit/nested_assignment_test.rb:1
/usr/lib/ruby/gems/1.8/gems/rake-0.8.3/lib/rake/rake_test_loader.rb:5:in `load'
/usr/lib/ruby/gems/1.8/gems/rake-0.8.3/lib/rake/rake_test_loader.rb:5
/usr/lib/ruby/gems/1.8/gems/rake-0.8.3/lib/rake/rake_test_loader.rb:5:in `each'
/usr/lib/ruby/gems/1.8/gems/rake-0.8.3/lib/rake/rake_test_loader.rb:5
  [4;35;1mPluginTestModels::User Load (0.2ms)[0m   [0mSELECT * FROM "users" WHERE ("users"."id" = 1) [0m
  [4;36;1mPluginTestModels::Subscription Load (0.2ms)[0m   [0;1mSELECT * FROM "subscriptions" WHERE ("subscriptions"."id" = 1) [0m
  [4;35;1mPluginTestModels::User Load (0.2ms)[0m   [0mSELECT * FROM "users" WHERE ("users"."id" = 1) [0m
  [4;36;1mPluginTestModels::User Load (0.2ms)[0m   [0;1mSELECT * FROM "users" WHERE ("users"."id" = 1) [0m
  [4;35;1mPluginTestModels::User Load (0.2ms)[0m   [0mSELECT * FROM "users" WHERE ("users"."id" = 1) [0m
  [4;36;1mPluginTestModels::Subscription Load (0.2ms)[0m   [0;1mSELECT * FROM "subscriptions" WHERE ("subscriptions"."id" = 1) [0m
  [4;35;1mPluginTestModels::User Load (0.2ms)[0m   [0mSELECT * FROM "users" WHERE ("users"."id" = 1) [0m
  [4;36;1mPluginTestModels::Subscription Load (0.2ms)[0m   [0;1mSELECT * FROM "subscriptions" WHERE ("subscriptions"."id" = 1) [0m
  [4;35;1mPluginTestModels::User Load (0.2ms)[0m   [0mSELECT * FROM "users" WHERE ("users"."id" = 1) [0m
  [4;36;1mPluginTestModels::User Load (0.2ms)[0m   [0;1mSELECT * FROM "users" WHERE ("users"."id" = 1) [0m
  [4;35;1mPluginTestModels::Subscription Load (0.2ms)[0m   [0mSELECT * FROM "subscriptions" WHERE ("subscriptions"."id" = 1) [0m
  [4;36;1mPluginTestModels::User Load (0.2ms)[0m   [0;1mSELECT * FROM "users" WHERE ("users"."id" = 1) [0m
WARNING: Can't mass-assign these protected attributes: id
  [4;35;1mPluginTestModels::User Load (0.2ms)[0m   [0mSELECT * FROM "users" WHERE ("users"."id" = 1) [0m
  [4;36;1mPluginTestModels::User Load (0.2ms)[0m   [0;1mSELECT * FROM "users" WHERE ("users"."id" = 1) [0m
  [4;35;1mPluginTestModels::Role Load (0.2ms)[0m   [0mSELECT * FROM "roles" WHERE ("roles"."id" = 1) [0m
  [4;36;1mPluginTestModels::Role Load (0.3ms)[0m   [0;1mSELECT * FROM "roles" INNER JOIN "roles_users" ON "roles".id = "roles_users".role_id WHERE ("roles_users".user_id = 1 ) [0m
  [4;35;1mPluginTestModels::User Load (0.2ms)[0m   [0mSELECT * FROM "users" WHERE ("users"."id" = 1) [0m
  [4;36;1mPluginTestModels::Role Load (0.2ms)[0m   [0;1mSELECT * FROM "roles" WHERE ("roles"."id" = 1) [0m
  [4;35;1mPluginTestModels::Role Load (0.3ms)[0m   [0mSELECT * FROM "roles" INNER JOIN "roles_users" ON "roles".id = "roles_users".role_id WHERE ("roles_users".user_id = 1 ) [0m
  [4;36;1mPluginTestModels::User Load (0.2ms)[0m   [0;1mSELECT * FROM "users" WHERE ("users"."id" = 1) [0m
  [4;35;1mPluginTestModels::Role Load (0.2ms)[0m   [0mSELECT * FROM "roles" WHERE ("roles"."id" = 1) [0m
  [4;36;1mPluginTestModels::Role Load (0.3ms)[0m   [0;1mSELECT * FROM "roles" INNER JOIN "roles_users" ON "roles".id = "roles_users".role_id WHERE ("roles_users".user_id = 1 ) [0m
  [4;35;1mPluginTestModels::User Load (0.2ms)[0m   [0mSELECT * FROM "users" WHERE ("users"."id" = 1) [0m
  [4;36;1mPluginTestModels::Role Load (0.2ms)[0m   [0;1mSELECT * FROM "roles" WHERE ("roles"."id" = 1) [0m
  [4;35;1mPluginTestModels::Role Load (0.3ms)[0m   [0mSELECT * FROM "roles" INNER JOIN "roles_users" ON "roles".id = "roles_users".role_id WHERE ("roles_users".user_id = 1 ) [0m
WARNING: Can't mass-assign these protected attributes: id
  [4;36;1mPluginTestModels::Role Load (0.2ms)[0m   [0;1mSELECT * FROM "roles" WHERE ("roles"."id" = 1) [0m
  [4;35;1mPluginTestModels::Service Load (0.2ms)[0m   [0mSELECT * FROM "services" WHERE ("services"."id" = 1) [0m
  [4;36;1mPluginTestModels::Subscription Load (0.2ms)[0m   [0;1mSELECT * FROM "subscriptions" WHERE ("subscriptions"."id" = 1) [0m
  [4;35;1mPluginTestModels::Subscription Load (0.2ms)[0m   [0mSELECT * FROM "subscriptions" WHERE ("subscriptions".service_id = 1) [0m
  [4;36;1mPluginTestModels::Service Load (0.2ms)[0m   [0;1mSELECT * FROM "services" WHERE ("services"."id" = 1) [0m
  [4;35;1mPluginTestModels::Subscription Load (0.2ms)[0m   [0mSELECT * FROM "subscriptions" WHERE ("subscriptions"."id" = 1) [0m
  [4;36;1mPluginTestModels::Subscription Load (0.2ms)[0m   [0;1mSELECT * FROM "subscriptions" WHERE ("subscriptions".service_id = 1) [0m
  [4;35;1mPluginTestModels::Service Load (0.2ms)[0m   [0mSELECT * FROM "services" WHERE ("services"."id" = 1) [0m
  [4;36;1mPluginTestModels::Subscription Load (0.2ms)[0m   [0;1mSELECT * FROM "subscriptions" WHERE ("subscriptions"."id" = 1) [0m
  [4;35;1mPluginTestModels::Subscription Load (0.2ms)[0m   [0mSELECT * FROM "subscriptions" WHERE ("subscriptions".service_id = 1) [0m
  [4;36;1mPluginTestModels::Service Load (0.2ms)[0m   [0;1mSELECT * FROM "services" WHERE ("services"."id" = 1) [0m
  [4;35;1mPluginTestModels::Subscription Load (0.2ms)[0m   [0mSELECT * FROM "subscriptions" WHERE ("subscriptions"."id" = 1) [0m
  [4;36;1mPluginTestModels::Subscription Load (0.2ms)[0m   [0;1mSELECT * FROM "subscriptions" WHERE ("subscriptions".service_id = 1) [0m
WARNING: Can't mass-assign these protected attributes: id
  [4;35;1mPluginTestModels::Subscription Load (0.2ms)[0m   [0mSELECT * FROM "subscriptions" WHERE ("subscriptions"."id" = 1) [0m
  [4;36;1mPluginTestModels::User Load (0.2ms)[0m   [0;1mSELECT * FROM "users" WHERE ("users"."id" = 1) [0m
  [4;35;1mPluginTestModels::Subscription Load (0.2ms)[0m   [0mSELECT * FROM "subscriptions" WHERE ("subscriptions"."id" = 1) [0m
  [4;36;1mPluginTestModels::Subscription Load (0.2ms)[0m   [0;1mSELECT * FROM "subscriptions" WHERE ("subscriptions".user_id = 1) LIMIT 1[0m
  [4;35;1mPluginTestModels::Subscription Load (0.2ms)[0m   [0mSELECT * FROM "subscriptions" WHERE ("subscriptions"."id" = 1) [0m
  [4;36;1mPluginTestModels::User Load (0.2ms)[0m   [0;1mSELECT * FROM "users" WHERE ("users"."id" = 1) [0m
  [4;35;1mPluginTestModels::Subscription Load (0.2ms)[0m   [0mSELECT * FROM "subscriptions" WHERE ("subscriptions"."id" = 1) [0m
  [4;36;1mPluginTestModels::Subscription Load (0.2ms)[0m   [0;1mSELECT * FROM "subscriptions" WHERE ("subscriptions".user_id = 1) LIMIT 1[0m
  [4;35;1mPluginTestModels::Subscription Update (0.1ms)[0m   [0mUPDATE "subscriptions" SET "user_id" = NULL WHERE "id" = 1[0m
  [4;36;1mPluginTestModels::Subscription Load (0.2ms)[0m   [0;1mSELECT * FROM "subscriptions" WHERE ("subscriptions"."id" = 1) [0m
  [4;35;1mPluginTestModels::User Load (0.2ms)[0m   [0mSELECT * FROM "users" WHERE ("users"."id" = 1) [0m
  [4;36;1mPluginTestModels::Subscription Load (0.2ms)[0m   [0;1mSELECT * FROM "subscriptions" WHERE ("subscriptions"."id" = 1) [0m
  [4;35;1mPluginTestModels::Subscription Load (0.2ms)[0m   [0mSELECT * FROM "subscriptions" WHERE ("subscriptions".user_id = 1) LIMIT 1[0m
WARNING: Can't mass-assign these protected attributes: id
  [4;36;1mPluginTestModels::Subscription Load (0.2ms)[0m   [0;1mSELECT * FROM "subscriptions" WHERE ("subscriptions"."id" = 1) [0m
  [4;35;1mPluginTestModels::User Load (0.2ms)[0m   [0mSELECT * FROM "users" LIMIT 1[0m
  [4;36;1mPluginTestModels::User Load (0.2ms)[0m   [0;1mSELECT * FROM "users" LIMIT 1[0m
  [4;35;1mPluginTestModels::Role Load (0.3ms)[0m   [0mSELECT * FROM "roles" INNER JOIN "roles_users" ON "roles".id = "roles_users".role_id WHERE ("roles_users".user_id = 1 ) [0m
  [4;36;1mPluginTestModels::User Load (0.2ms)[0m   [0;1mSELECT * FROM "users" LIMIT 1[0m
  [4;35;1mPluginTestModels::Role Load (0.3ms)[0m   [0mSELECT * FROM "roles" INNER JOIN "roles_users" ON "roles".id = "roles_users".role_id WHERE ("roles_users".user_id = 1 ) [0m
  [4;36;1mPluginTestModels::User Load (0.2ms)[0m   [0;1mSELECT * FROM "users" LIMIT 1[0m
  [4;35;1mPluginTestModels::Address Load (0.3ms)[0m   [0mSELECT * FROM "addresses" WHERE ("addresses".addressable_id = 1 AND "addresses".addressable_type = 'PluginTestModels::User') LIMIT 1[0m
  [4;36;1mSQL (0.2ms)[0m   [0;1mselect sqlite_version(*)[0m
  [4;35;1mSQL (0.1ms)[0m   [0m SELECT name
 FROM sqlite_master
 WHERE type = 'table' AND NOT name = 'sqlite_sequence'
[0m
  [4;36;1mSQL (0.3ms)[0m   [0;1mCREATE TABLE "addresses" ("id" INTEGER PRIMARY KEY AUTOINCREMENT NOT NULL, "name" varchar(255), "addressable_id" integer, "addressable_type" varchar(255)) [0m
  [4;35;1mSQL (0.1ms)[0m   [0m SELECT name
 FROM sqlite_master
 WHERE type = 'table' AND NOT name = 'sqlite_sequence'
[0m
  [4;36;1mSQL (0.1ms)[0m   [0;1mCREATE TABLE "users" ("id" INTEGER PRIMARY KEY AUTOINCREMENT NOT NULL, "name" varchar(255)) [0m
  [4;35;1mSQL (0.2ms)[0m   [0m SELECT name
 FROM sqlite_master
 WHERE type = 'table' AND NOT name = 'sqlite_sequence'
[0m
  [4;36;1mSQL (0.1ms)[0m   [0;1mCREATE TABLE "roles_users" ("user_id" integer, "role_id" integer) [0m
  [4;35;1mSQL (0.2ms)[0m   [0m SELECT name
 FROM sqlite_master
 WHERE type = 'table' AND NOT name = 'sqlite_sequence'
[0m
  [4;36;1mSQL (0.1ms)[0m   [0;1mCREATE TABLE "services" ("id" INTEGER PRIMARY KEY AUTOINCREMENT NOT NULL, "name" varchar(255)) [0m
  [4;35;1mSQL (0.2ms)[0m   [0m SELECT name
 FROM sqlite_master
 WHERE type = 'table' AND NOT name = 'sqlite_sequence'
[0m
  [4;36;1mSQL (0.1ms)[0m   [0;1mCREATE TABLE "subscriptions" ("id" INTEGER PRIMARY KEY AUTOINCREMENT NOT NULL, "name" varchar(255), "service_id" integer, "user_id" integer) [0m
  [4;35;1mSQL (0.3ms)[0m   [0m SELECT name
 FROM sqlite_master
 WHERE type = 'table' AND NOT name = 'sqlite_sequence'
[0m
  [4;36;1mSQL (0.1ms)[0m   [0;1mCREATE TABLE "roles" ("id" INTEGER PRIMARY KEY AUTOINCREMENT NOT NULL, "name" varchar(255)) [0m
  [4;35;1mSQL (0.3ms)[0m   [0m SELECT name
 FROM sqlite_master
 WHERE type = 'table' AND NOT name = 'sqlite_sequence'
[0m
  [4;36;1mSQL (0.1ms)[0m   [0;1mCREATE TABLE "schema_migrations" ("version" varchar(255) NOT NULL) [0m
  [4;35;1mSQL (0.1ms)[0m   [0mCREATE UNIQUE INDEX "unique_schema_migrations" ON "schema_migrations" ("version")[0m
  [4;36;1mSQL (0.4ms)[0m   [0;1m SELECT name
 FROM sqlite_master
 WHERE type = 'table' AND NOT name = 'sqlite_sequence'
[0m
  [4;35;1mSQL (0.1ms)[0m   [0mSELECT version FROM "schema_migrations"[0m
  [4;36;1mSQL (0.1ms)[0m   [0;1mINSERT INTO "schema_migrations" (version) VALUES ('1')[0m
Unable to load roles_user, underlying cause no such file to load -- roles_user.rb 

 /usr/lib/ruby/gems/1.8/gems/activesupport-2.2.2/lib/active_support/dependencies.rb:382:in `load_without_new_constant_marking'
/usr/lib/ruby/gems/1.8/gems/activesupport-2.2.2/lib/active_support/dependencies.rb:382:in `load_file'
/usr/lib/ruby/gems/1.8/gems/activesupport-2.2.2/lib/active_support/dependencies.rb:521:in `new_constants_in'
/usr/lib/ruby/gems/1.8/gems/activesupport-2.2.2/lib/active_support/dependencies.rb:381:in `load_file'
/usr/lib/ruby/gems/1.8/gems/activesupport-2.2.2/lib/active_support/dependencies.rb:256:in `require_or_load'
/usr/lib/ruby/gems/1.8/gems/activesupport-2.2.2/lib/active_support/dependencies.rb:221:in `depend_on'
/usr/lib/ruby/gems/1.8/gems/activesupport-2.2.2/lib/active_support/dependencies.rb:133:in `require_dependency'
/usr/lib/ruby/gems/1.8/gems/activerecord-2.2.2/lib/active_record/fixtures.rb:856:in `try_to_load_dependency'
/usr/lib/ruby/gems/1.8/gems/activerecord-2.2.2/lib/active_record/fixtures.rb:871:in `require_fixture_classes'
/usr/lib/ruby/gems/1.8/gems/activerecord-2.2.2/lib/active_record/fixtures.rb:868:in `each'
/usr/lib/ruby/gems/1.8/gems/activerecord-2.2.2/lib/active_record/fixtures.rb:868:in `require_fixture_classes'
/usr/lib/ruby/gems/1.8/gems/activerecord-2.2.2/lib/active_record/fixtures.rb:851:in `fixtures'
./test/unit/../test_helper.rb:35
./test/unit/nested_assignment_test.rb:1:in `require'
./test/unit/nested_assignment_test.rb:1
/usr/lib/ruby/gems/1.8/gems/rake-0.8.3/lib/rake/rake_test_loader.rb:5:in `load'
/usr/lib/ruby/gems/1.8/gems/rake-0.8.3/lib/rake/rake_test_loader.rb:5
/usr/lib/ruby/gems/1.8/gems/rake-0.8.3/lib/rake/rake_test_loader.rb:5:in `each'
/usr/lib/ruby/gems/1.8/gems/rake-0.8.3/lib/rake/rake_test_loader.rb:5
Unable to load service, underlying cause no such file to load -- service.rb 

 /usr/lib/ruby/gems/1.8/gems/activesupport-2.2.2/lib/active_support/dependencies.rb:382:in `load_without_new_constant_marking'
/usr/lib/ruby/gems/1.8/gems/activesupport-2.2.2/lib/active_support/dependencies.rb:382:in `load_file'
/usr/lib/ruby/gems/1.8/gems/activesupport-2.2.2/lib/active_support/dependencies.rb:521:in `new_constants_in'
/usr/lib/ruby/gems/1.8/gems/activesupport-2.2.2/lib/active_support/dependencies.rb:381:in `load_file'
/usr/lib/ruby/gems/1.8/gems/activesupport-2.2.2/lib/active_support/dependencies.rb:256:in `require_or_load'
/usr/lib/ruby/gems/1.8/gems/activesupport-2.2.2/lib/active_support/dependencies.rb:221:in `depend_on'
/usr/lib/ruby/gems/1.8/gems/activesupport-2.2.2/lib/active_support/dependencies.rb:133:in `require_dependency'
/usr/lib/ruby/gems/1.8/gems/activerecord-2.2.2/lib/active_record/fixtures.rb:856:in `try_to_load_dependency'
/usr/lib/ruby/gems/1.8/gems/activerecord-2.2.2/lib/active_record/fixtures.rb:871:in `require_fixture_classes'
/usr/lib/ruby/gems/1.8/gems/activerecord-2.2.2/lib/active_record/fixtures.rb:868:in `each'
/usr/lib/ruby/gems/1.8/gems/activerecord-2.2.2/lib/active_record/fixtures.rb:868:in `require_fixture_classes'
/usr/lib/ruby/gems/1.8/gems/activerecord-2.2.2/lib/active_record/fixtures.rb:851:in `fixtures'
./test/unit/../test_helper.rb:35
./test/unit/nested_assignment_test.rb:1:in `require'
./test/unit/nested_assignment_test.rb:1
/usr/lib/ruby/gems/1.8/gems/rake-0.8.3/lib/rake/rake_test_loader.rb:5:in `load'
/usr/lib/ruby/gems/1.8/gems/rake-0.8.3/lib/rake/rake_test_loader.rb:5
/usr/lib/ruby/gems/1.8/gems/rake-0.8.3/lib/rake/rake_test_loader.rb:5:in `each'
/usr/lib/ruby/gems/1.8/gems/rake-0.8.3/lib/rake/rake_test_loader.rb:5
Unable to load subscription, underlying cause no such file to load -- subscription.rb 

 /usr/lib/ruby/gems/1.8/gems/activesupport-2.2.2/lib/active_support/dependencies.rb:382:in `load_without_new_constant_marking'
/usr/lib/ruby/gems/1.8/gems/activesupport-2.2.2/lib/active_support/dependencies.rb:382:in `load_file'
/usr/lib/ruby/gems/1.8/gems/activesupport-2.2.2/lib/active_support/dependencies.rb:521:in `new_constants_in'
/usr/lib/ruby/gems/1.8/gems/activesupport-2.2.2/lib/active_support/dependencies.rb:381:in `load_file'
/usr/lib/ruby/gems/1.8/gems/activesupport-2.2.2/lib/active_support/dependencies.rb:256:in `require_or_load'
/usr/lib/ruby/gems/1.8/gems/activesupport-2.2.2/lib/active_support/dependencies.rb:221:in `depend_on'
/usr/lib/ruby/gems/1.8/gems/activesupport-2.2.2/lib/active_support/dependencies.rb:133:in `require_dependency'
/usr/lib/ruby/gems/1.8/gems/activerecord-2.2.2/lib/active_record/fixtures.rb:856:in `try_to_load_dependency'
/usr/lib/ruby/gems/1.8/gems/activerecord-2.2.2/lib/active_record/fixtures.rb:871:in `require_fixture_classes'
/usr/lib/ruby/gems/1.8/gems/activerecord-2.2.2/lib/active_record/fixtures.rb:868:in `each'
/usr/lib/ruby/gems/1.8/gems/activerecord-2.2.2/lib/active_record/fixtures.rb:868:in `require_fixture_classes'
/usr/lib/ruby/gems/1.8/gems/activerecord-2.2.2/lib/active_record/fixtures.rb:851:in `fixtures'
./test/unit/../test_helper.rb:35
./test/unit/nested_assignment_test.rb:1:in `require'
./test/unit/nested_assignment_test.rb:1
/usr/lib/ruby/gems/1.8/gems/rake-0.8.3/lib/rake/rake_test_loader.rb:5:in `load'
/usr/lib/ruby/gems/1.8/gems/rake-0.8.3/lib/rake/rake_test_loader.rb:5
/usr/lib/ruby/gems/1.8/gems/rake-0.8.3/lib/rake/rake_test_loader.rb:5:in `each'
/usr/lib/ruby/gems/1.8/gems/rake-0.8.3/lib/rake/rake_test_loader.rb:5
Unable to load address, underlying cause no such file to load -- address.rb 

 /usr/lib/ruby/gems/1.8/gems/activesupport-2.2.2/lib/active_support/dependencies.rb:382:in `load_without_new_constant_marking'
/usr/lib/ruby/gems/1.8/gems/activesupport-2.2.2/lib/active_support/dependencies.rb:382:in `load_file'
/usr/lib/ruby/gems/1.8/gems/activesupport-2.2.2/lib/active_support/dependencies.rb:521:in `new_constants_in'
/usr/lib/ruby/gems/1.8/gems/activesupport-2.2.2/lib/active_support/dependencies.rb:381:in `load_file'
/usr/lib/ruby/gems/1.8/gems/activesupport-2.2.2/lib/active_support/dependencies.rb:256:in `require_or_load'
/usr/lib/ruby/gems/1.8/gems/activesupport-2.2.2/lib/active_support/dependencies.rb:221:in `depend_on'
/usr/lib/ruby/gems/1.8/gems/activesupport-2.2.2/lib/active_support/dependencies.rb:133:in `require_dependency'
/usr/lib/ruby/gems/1.8/gems/activerecord-2.2.2/lib/active_record/fixtures.rb:856:in `try_to_load_dependency'
/usr/lib/ruby/gems/1.8/gems/activerecord-2.2.2/lib/active_record/fixtures.rb:871:in `require_fixture_classes'
/usr/lib/ruby/gems/1.8/gems/activerecord-2.2.2/lib/active_record/fixtures.rb:868:in `each'
/usr/lib/ruby/gems/1.8/gems/activerecord-2.2.2/lib/active_record/fixtures.rb:868:in `require_fixture_classes'
/usr/lib/ruby/gems/1.8/gems/activerecord-2.2.2/lib/active_record/fixtures.rb:851:in `fixtures'
./test/unit/../test_helper.rb:35
./test/unit/nested_assignment_test.rb:1:in `require'
./test/unit/nested_assignment_test.rb:1
/usr/lib/ruby/gems/1.8/gems/rake-0.8.3/lib/rake/rake_test_loader.rb:5:in `load'
/usr/lib/ruby/gems/1.8/gems/rake-0.8.3/lib/rake/rake_test_loader.rb:5
/usr/lib/ruby/gems/1.8/gems/rake-0.8.3/lib/rake/rake_test_loader.rb:5:in `each'
/usr/lib/ruby/gems/1.8/gems/rake-0.8.3/lib/rake/rake_test_loader.rb:5
Unable to load user, underlying cause no such file to load -- user.rb 

 /usr/lib/ruby/gems/1.8/gems/activesupport-2.2.2/lib/active_support/dependencies.rb:382:in `load_without_new_constant_marking'
/usr/lib/ruby/gems/1.8/gems/activesupport-2.2.2/lib/active_support/dependencies.rb:382:in `load_file'
/usr/lib/ruby/gems/1.8/gems/activesupport-2.2.2/lib/active_support/dependencies.rb:521:in `new_constants_in'
/usr/lib/ruby/gems/1.8/gems/activesupport-2.2.2/lib/active_support/dependencies.rb:381:in `load_file'
/usr/lib/ruby/gems/1.8/gems/activesupport-2.2.2/lib/active_support/dependencies.rb:256:in `require_or_load'
/usr/lib/ruby/gems/1.8/gems/activesupport-2.2.2/lib/active_support/dependencies.rb:221:in `depend_on'
/usr/lib/ruby/gems/1.8/gems/activesupport-2.2.2/lib/active_support/dependencies.rb:133:in `require_dependency'
/usr/lib/ruby/gems/1.8/gems/activerecord-2.2.2/lib/active_record/fixtures.rb:856:in `try_to_load_dependency'
/usr/lib/ruby/gems/1.8/gems/activerecord-2.2.2/lib/active_record/fixtures.rb:871:in `require_fixture_classes'
/usr/lib/ruby/gems/1.8/gems/activerecord-2.2.2/lib/active_record/fixtures.rb:868:in `each'
/usr/lib/ruby/gems/1.8/gems/activerecord-2.2.2/lib/active_record/fixtures.rb:868:in `require_fixture_classes'
/usr/lib/ruby/gems/1.8/gems/activerecord-2.2.2/lib/active_record/fixtures.rb:851:in `fixtures'
./test/unit/../test_helper.rb:35
./test/unit/nested_assignment_test.rb:1:in `require'
./test/unit/nested_assignment_test.rb:1
/usr/lib/ruby/gems/1.8/gems/rake-0.8.3/lib/rake/rake_test_loader.rb:5:in `load'
/usr/lib/ruby/gems/1.8/gems/rake-0.8.3/lib/rake/rake_test_loader.rb:5
/usr/lib/ruby/gems/1.8/gems/rake-0.8.3/lib/rake/rake_test_loader.rb:5:in `each'
/usr/lib/ruby/gems/1.8/gems/rake-0.8.3/lib/rake/rake_test_loader.rb:5
Unable to load role, underlying cause no such file to load -- role.rb 

 /usr/lib/ruby/gems/1.8/gems/activesupport-2.2.2/lib/active_support/dependencies.rb:382:in `load_without_new_constant_marking'
/usr/lib/ruby/gems/1.8/gems/activesupport-2.2.2/lib/active_support/dependencies.rb:382:in `load_file'
/usr/lib/ruby/gems/1.8/gems/activesupport-2.2.2/lib/active_support/dependencies.rb:521:in `new_constants_in'
/usr/lib/ruby/gems/1.8/gems/activesupport-2.2.2/lib/active_support/dependencies.rb:381:in `load_file'
/usr/lib/ruby/gems/1.8/gems/activesupport-2.2.2/lib/active_support/dependencies.rb:256:in `require_or_load'
/usr/lib/ruby/gems/1.8/gems/activesupport-2.2.2/lib/active_support/dependencies.rb:221:in `depend_on'
/usr/lib/ruby/gems/1.8/gems/activesupport-2.2.2/lib/active_support/dependencies.rb:133:in `require_dependency'
/usr/lib/ruby/gems/1.8/gems/activerecord-2.2.2/lib/active_record/fixtures.rb:856:in `try_to_load_dependency'
/usr/lib/ruby/gems/1.8/gems/activerecord-2.2.2/lib/active_record/fixtures.rb:871:in `require_fixture_classes'
/usr/lib/ruby/gems/1.8/gems/activerecord-2.2.2/lib/active_record/fixtures.rb:868:in `each'
/usr/lib/ruby/gems/1.8/gems/activerecord-2.2.2/lib/active_record/fixtures.rb:868:in `require_fixture_classes'
/usr/lib/ruby/gems/1.8/gems/activerecord-2.2.2/lib/active_record/fixtures.rb:851:in `fixtures'
./test/unit/../test_helper.rb:35
./test/unit/nested_assignment_test.rb:1:in `require'
./test/unit/nested_assignment_test.rb:1
/usr/lib/ruby/gems/1.8/gems/rake-0.8.3/lib/rake/rake_test_loader.rb:5:in `load'
/usr/lib/ruby/gems/1.8/gems/rake-0.8.3/lib/rake/rake_test_loader.rb:5
/usr/lib/ruby/gems/1.8/gems/rake-0.8.3/lib/rake/rake_test_loader.rb:5:in `each'
/usr/lib/ruby/gems/1.8/gems/rake-0.8.3/lib/rake/rake_test_loader.rb:5
  [4;35;1mPluginTestModels::User Load (0.1ms)[0m   [0mSELECT * FROM "users" WHERE ("users"."id" = 1) [0m
  [4;36;1mPluginTestModels::Subscription Load (0.2ms)[0m   [0;1mSELECT * FROM "subscriptions" WHERE ("subscriptions"."id" = 1) [0m
  [4;35;1mPluginTestModels::User Load (0.1ms)[0m   [0mSELECT * FROM "users" WHERE ("users"."id" = 1) [0m
  [4;36;1mPluginTestModels::User Load (0.1ms)[0m   [0;1mSELECT * FROM "users" WHERE ("users"."id" = 1) [0m
  [4;35;1mPluginTestModels::User Load (0.1ms)[0m   [0mSELECT * FROM "users" WHERE ("users"."id" = 1) [0m
  [4;36;1mPluginTestModels::Subscription Load (0.2ms)[0m   [0;1mSELECT * FROM "subscriptions" WHERE ("subscriptions"."id" = 1) [0m
  [4;35;1mPluginTestModels::User Load (0.1ms)[0m   [0mSELECT * FROM "users" WHERE ("users"."id" = 1) [0m
  [4;36;1mPluginTestModels::Subscription Load (0.2ms)[0m   [0;1mSELECT * FROM "subscriptions" WHERE ("subscriptions"."id" = 1) [0m
  [4;35;1mPluginTestModels::User Load (0.1ms)[0m   [0mSELECT * FROM "users" WHERE ("users"."id" = 1) [0m
  [4;36;1mPluginTestModels::User Load (0.1ms)[0m   [0;1mSELECT * FROM "users" WHERE ("users"."id" = 1) [0m
  [4;35;1mPluginTestModels::Subscription Load (0.2ms)[0m   [0mSELECT * FROM "subscriptions" WHERE ("subscriptions"."id" = 1) [0m
  [4;36;1mPluginTestModels::User Load (0.1ms)[0m   [0;1mSELECT * FROM "users" WHERE ("users"."id" = 1) [0m
WARNING: Can't mass-assign these protected attributes: id
  [4;35;1mPluginTestModels::User Load (0.1ms)[0m   [0mSELECT * FROM "users" WHERE ("users"."id" = 1) [0m
  [4;36;1mPluginTestModels::User Load (0.1ms)[0m   [0;1mSELECT * FROM "users" WHERE ("users"."id" = 1) [0m
  [4;35;1mPluginTestModels::Role Load (0.1ms)[0m   [0mSELECT * FROM "roles" WHERE ("roles"."id" = 1) [0m
  [4;36;1mPluginTestModels::Role Load (0.2ms)[0m   [0;1mSELECT * FROM "roles" INNER JOIN "roles_users" ON "roles".id = "roles_users".role_id WHERE ("roles_users".user_id = 1 ) [0m
  [4;35;1mPluginTestModels::User Load (0.1ms)[0m   [0mSELECT * FROM "users" WHERE ("users"."id" = 1) [0m
  [4;36;1mPluginTestModels::Role Load (0.1ms)[0m   [0;1mSELECT * FROM "roles" WHERE ("roles"."id" = 1) [0m
  [4;35;1mPluginTestModels::Role Load (0.2ms)[0m   [0mSELECT * FROM "roles" INNER JOIN "roles_users" ON "roles".id = "roles_users".role_id WHERE ("roles_users".user_id = 1 ) [0m
  [4;36;1mPluginTestModels::User Load (0.1ms)[0m   [0;1mSELECT * FROM "users" WHERE ("users"."id" = 1) [0m
  [4;35;1mPluginTestModels::Role Load (0.1ms)[0m   [0mSELECT * FROM "roles" WHERE ("roles"."id" = 1) [0m
  [4;36;1mPluginTestModels::Role Load (0.2ms)[0m   [0;1mSELECT * FROM "roles" INNER JOIN "roles_users" ON "roles".id = "roles_users".role_id WHERE ("roles_users".user_id = 1 ) [0m
  [4;35;1mPluginTestModels::User Load (0.1ms)[0m   [0mSELECT * FROM "users" WHERE ("users"."id" = 1) [0m
  [4;36;1mPluginTestModels::Role Load (0.1ms)[0m   [0;1mSELECT * FROM "roles" WHERE ("roles"."id" = 1) [0m
  [4;35;1mPluginTestModels::Role Load (0.2ms)[0m   [0mSELECT * FROM "roles" INNER JOIN "roles_users" ON "roles".id = "roles_users".role_id WHERE ("roles_users".user_id = 1 ) [0m
WARNING: Can't mass-assign these protected attributes: id
  [4;36;1mPluginTestModels::Role Load (0.1ms)[0m   [0;1mSELECT * FROM "roles" WHERE ("roles"."id" = 1) [0m
  [4;35;1mPluginTestModels::Service Load (0.1ms)[0m   [0mSELECT * FROM "services" WHERE ("services"."id" = 1) [0m
  [4;36;1mPluginTestModels::Subscription Load (0.2ms)[0m   [0;1mSELECT * FROM "subscriptions" WHERE ("subscriptions"."id" = 1) [0m
  [4;35;1mPluginTestModels::Subscription Load (0.2ms)[0m   [0mSELECT * FROM "subscriptions" WHERE ("subscriptions".service_id = 1) [0m
  [4;36;1mPluginTestModels::Service Load (0.1ms)[0m   [0;1mSELECT * FROM "services" WHERE ("services"."id" = 1) [0m
  [4;35;1mPluginTestModels::Subscription Load (0.2ms)[0m   [0mSELECT * FROM "subscriptions" WHERE ("subscriptions"."id" = 1) [0m
  [4;36;1mPluginTestModels::Subscription Load (0.2ms)[0m   [0;1mSELECT * FROM "subscriptions" WHERE ("subscriptions".service_id = 1) [0m
  [4;35;1mPluginTestModels::Service Load (0.1ms)[0m   [0mSELECT * FROM "services" WHERE ("services"."id" = 1) [0m
  [4;36;1mPluginTestModels::Subscription Load (0.2ms)[0m   [0;1mSELECT * FROM "subscriptions" WHERE ("subscriptions"."id" = 1) [0m
  [4;35;1mPluginTestModels::Subscription Load (0.2ms)[0m   [0mSELECT * FROM "subscriptions" WHERE ("subscriptions".service_id = 1) [0m
  [4;36;1mPluginTestModels::Service Load (0.1ms)[0m   [0;1mSELECT * FROM "services" WHERE ("services"."id" = 1) [0m
  [4;35;1mPluginTestModels::Subscription Load (0.2ms)[0m   [0mSELECT * FROM "subscriptions" WHERE ("subscriptions"."id" = 1) [0m
  [4;36;1mPluginTestModels::Subscription Load (0.2ms)[0m   [0;1mSELECT * FROM "subscriptions" WHERE ("subscriptions".service_id = 1) [0m
WARNING: Can't mass-assign these protected attributes: id
  [4;35;1mPluginTestModels::Subscription Load (0.2ms)[0m   [0mSELECT * FROM "subscriptions" WHERE ("subscriptions"."id" = 1) [0m
  [4;36;1mPluginTestModels::User Load (0.1ms)[0m   [0;1mSELECT * FROM "users" WHERE ("users"."id" = 1) [0m
  [4;35;1mPluginTestModels::Subscription Load (0.2ms)[0m   [0mSELECT * FROM "subscriptions" WHERE ("subscriptions"."id" = 1) [0m
  [4;36;1mPluginTestModels::Subscription Load (0.2ms)[0m   [0;1mSELECT * FROM "subscriptions" WHERE ("subscriptions".user_id = 1) LIMIT 1[0m
  [4;35;1mPluginTestModels::Subscription Load (0.2ms)[0m   [0mSELECT * FROM "subscriptions" WHERE ("subscriptions"."id" = 1) [0m
  [4;36;1mPluginTestModels::User Load (0.1ms)[0m   [0;1mSELECT * FROM "users" WHERE ("users"."id" = 1) [0m
  [4;35;1mPluginTestModels::Subscription Load (0.2ms)[0m   [0mSELECT * FROM "subscriptions" WHERE ("subscriptions"."id" = 1) [0m
  [4;36;1mPluginTestModels::Subscription Load (0.2ms)[0m   [0;1mSELECT * FROM "subscriptions" WHERE ("subscriptions".user_id = 1) LIMIT 1[0m
  [4;35;1mPluginTestModels::Subscription Update (0.1ms)[0m   [0mUPDATE "subscriptions" SET "user_id" = NULL WHERE "id" = 1[0m
  [4;36;1mPluginTestModels::Subscription Load (0.2ms)[0m   [0;1mSELECT * FROM "subscriptions" WHERE ("subscriptions"."id" = 1) [0m
  [4;35;1mPluginTestModels::User Load (0.1ms)[0m   [0mSELECT * FROM "users" WHERE ("users"."id" = 1) [0m
  [4;36;1mPluginTestModels::Subscription Load (0.2ms)[0m   [0;1mSELECT * FROM "subscriptions" WHERE ("subscriptions"."id" = 1) [0m
  [4;35;1mPluginTestModels::Subscription Load (0.2ms)[0m   [0mSELECT * FROM "subscriptions" WHERE ("subscriptions".user_id = 1) LIMIT 1[0m
WARNING: Can't mass-assign these protected attributes: id
  [4;36;1mPluginTestModels::Subscription Load (0.2ms)[0m   [0;1mSELECT * FROM "subscriptions" WHERE ("subscriptions"."id" = 1) [0m
  [4;35;1mPluginTestModels::User Load (0.1ms)[0m   [0mSELECT * FROM "users" LIMIT 1[0m
  [4;36;1mPluginTestModels::User Load (0.1ms)[0m   [0;1mSELECT * FROM "users" LIMIT 1[0m
  [4;35;1mPluginTestModels::Role Load (0.2ms)[0m   [0mSELECT * FROM "roles" INNER JOIN "roles_users" ON "roles".id = "roles_users".role_id WHERE ("roles_users".user_id = 1 ) [0m
  [4;36;1mPluginTestModels::User Load (0.1ms)[0m   [0;1mSELECT * FROM "users" LIMIT 1[0m
  [4;35;1mPluginTestModels::Role Load (0.2ms)[0m   [0mSELECT * FROM "roles" INNER JOIN "roles_users" ON "roles".id = "roles_users".role_id WHERE ("roles_users".user_id = 1 ) [0m
  [4;36;1mPluginTestModels::User Load (0.1ms)[0m   [0;1mSELECT * FROM "users" LIMIT 1[0m
  [4;35;1mPluginTestModels::Address Load (0.2ms)[0m   [0mSELECT * FROM "addresses" WHERE ("addresses".addressable_id = 1 AND "addresses".addressable_type = 'PluginTestModels::User') LIMIT 1[0m
  [4;36;1mSQL (0.2ms)[0m   [0;1mselect sqlite_version(*)[0m
  [4;35;1mSQL (0.1ms)[0m   [0m SELECT name
 FROM sqlite_master
 WHERE type = 'table' AND NOT name = 'sqlite_sequence'
[0m
  [4;36;1mSQL (0.2ms)[0m   [0;1mCREATE TABLE "addresses" ("id" INTEGER PRIMARY KEY AUTOINCREMENT NOT NULL, "name" varchar(255), "addressable_id" integer, "addressable_type" varchar(255)) [0m
  [4;35;1mSQL (0.1ms)[0m   [0m SELECT name
 FROM sqlite_master
 WHERE type = 'table' AND NOT name = 'sqlite_sequence'
[0m
  [4;36;1mSQL (0.1ms)[0m   [0;1mCREATE TABLE "users" ("id" INTEGER PRIMARY KEY AUTOINCREMENT NOT NULL, "name" varchar(255)) [0m
  [4;35;1mSQL (0.2ms)[0m   [0m SELECT name
 FROM sqlite_master
 WHERE type = 'table' AND NOT name = 'sqlite_sequence'
[0m
  [4;36;1mSQL (0.1ms)[0m   [0;1mCREATE TABLE "roles_users" ("user_id" integer, "role_id" integer) [0m
  [4;35;1mSQL (0.2ms)[0m   [0m SELECT name
 FROM sqlite_master
 WHERE type = 'table' AND NOT name = 'sqlite_sequence'
[0m
  [4;36;1mSQL (0.1ms)[0m   [0;1mCREATE TABLE "services" ("id" INTEGER PRIMARY KEY AUTOINCREMENT NOT NULL, "name" varchar(255)) [0m
  [4;35;1mSQL (0.2ms)[0m   [0m SELECT name
 FROM sqlite_master
 WHERE type = 'table' AND NOT name = 'sqlite_sequence'
[0m
  [4;36;1mSQL (0.1ms)[0m   [0;1mCREATE TABLE "subscriptions" ("id" INTEGER PRIMARY KEY AUTOINCREMENT NOT NULL, "name" varchar(255), "service_id" integer, "user_id" integer) [0m
  [4;35;1mSQL (0.3ms)[0m   [0m SELECT name
 FROM sqlite_master
 WHERE type = 'table' AND NOT name = 'sqlite_sequence'
[0m
  [4;36;1mSQL (0.1ms)[0m   [0;1mCREATE TABLE "roles" ("id" INTEGER PRIMARY KEY AUTOINCREMENT NOT NULL, "name" varchar(255)) [0m
  [4;35;1mSQL (0.3ms)[0m   [0m SELECT name
 FROM sqlite_master
 WHERE type = 'table' AND NOT name = 'sqlite_sequence'
[0m
  [4;36;1mSQL (0.1ms)[0m   [0;1mCREATE TABLE "schema_migrations" ("version" varchar(255) NOT NULL) [0m
  [4;35;1mSQL (0.1ms)[0m   [0mCREATE UNIQUE INDEX "unique_schema_migrations" ON "schema_migrations" ("version")[0m
  [4;36;1mSQL (0.4ms)[0m   [0;1m SELECT name
 FROM sqlite_master
 WHERE type = 'table' AND NOT name = 'sqlite_sequence'
[0m
  [4;35;1mSQL (0.1ms)[0m   [0mSELECT version FROM "schema_migrations"[0m
  [4;36;1mSQL (0.1ms)[0m   [0;1mINSERT INTO "schema_migrations" (version) VALUES ('1')[0m
Unable to load roles_user, underlying cause no such file to load -- roles_user.rb 

 /usr/lib/ruby/gems/1.8/gems/activesupport-2.2.2/lib/active_support/dependencies.rb:382:in `load_without_new_constant_marking'
/usr/lib/ruby/gems/1.8/gems/activesupport-2.2.2/lib/active_support/dependencies.rb:382:in `load_file'
/usr/lib/ruby/gems/1.8/gems/activesupport-2.2.2/lib/active_support/dependencies.rb:521:in `new_constants_in'
/usr/lib/ruby/gems/1.8/gems/activesupport-2.2.2/lib/active_support/dependencies.rb:381:in `load_file'
/usr/lib/ruby/gems/1.8/gems/activesupport-2.2.2/lib/active_support/dependencies.rb:256:in `require_or_load'
/usr/lib/ruby/gems/1.8/gems/activesupport-2.2.2/lib/active_support/dependencies.rb:221:in `depend_on'
/usr/lib/ruby/gems/1.8/gems/activesupport-2.2.2/lib/active_support/dependencies.rb:133:in `require_dependency'
/usr/lib/ruby/gems/1.8/gems/activerecord-2.2.2/lib/active_record/fixtures.rb:856:in `try_to_load_dependency'
/usr/lib/ruby/gems/1.8/gems/activerecord-2.2.2/lib/active_record/fixtures.rb:871:in `require_fixture_classes'
/usr/lib/ruby/gems/1.8/gems/activerecord-2.2.2/lib/active_record/fixtures.rb:868:in `each'
/usr/lib/ruby/gems/1.8/gems/activerecord-2.2.2/lib/active_record/fixtures.rb:868:in `require_fixture_classes'
/usr/lib/ruby/gems/1.8/gems/activerecord-2.2.2/lib/active_record/fixtures.rb:851:in `fixtures'
./test/unit/../test_helper.rb:35
./test/unit/nested_assignment_test.rb:1:in `require'
./test/unit/nested_assignment_test.rb:1
/usr/lib/ruby/gems/1.8/gems/rake-0.8.3/lib/rake/rake_test_loader.rb:5:in `load'
/usr/lib/ruby/gems/1.8/gems/rake-0.8.3/lib/rake/rake_test_loader.rb:5
/usr/lib/ruby/gems/1.8/gems/rake-0.8.3/lib/rake/rake_test_loader.rb:5:in `each'
/usr/lib/ruby/gems/1.8/gems/rake-0.8.3/lib/rake/rake_test_loader.rb:5
Unable to load service, underlying cause no such file to load -- service.rb 

 /usr/lib/ruby/gems/1.8/gems/activesupport-2.2.2/lib/active_support/dependencies.rb:382:in `load_without_new_constant_marking'
/usr/lib/ruby/gems/1.8/gems/activesupport-2.2.2/lib/active_support/dependencies.rb:382:in `load_file'
/usr/lib/ruby/gems/1.8/gems/activesupport-2.2.2/lib/active_support/dependencies.rb:521:in `new_constants_in'
/usr/lib/ruby/gems/1.8/gems/activesupport-2.2.2/lib/active_support/dependencies.rb:381:in `load_file'
/usr/lib/ruby/gems/1.8/gems/activesupport-2.2.2/lib/active_support/dependencies.rb:256:in `require_or_load'
/usr/lib/ruby/gems/1.8/gems/activesupport-2.2.2/lib/active_support/dependencies.rb:221:in `depend_on'
/usr/lib/ruby/gems/1.8/gems/activesupport-2.2.2/lib/active_support/dependencies.rb:133:in `require_dependency'
/usr/lib/ruby/gems/1.8/gems/activerecord-2.2.2/lib/active_record/fixtures.rb:856:in `try_to_load_dependency'
/usr/lib/ruby/gems/1.8/gems/activerecord-2.2.2/lib/active_record/fixtures.rb:871:in `require_fixture_classes'
/usr/lib/ruby/gems/1.8/gems/activerecord-2.2.2/lib/active_record/fixtures.rb:868:in `each'
/usr/lib/ruby/gems/1.8/gems/activerecord-2.2.2/lib/active_record/fixtures.rb:868:in `require_fixture_classes'
/usr/lib/ruby/gems/1.8/gems/activerecord-2.2.2/lib/active_record/fixtures.rb:851:in `fixtures'
./test/unit/../test_helper.rb:35
./test/unit/nested_assignment_test.rb:1:in `require'
./test/unit/nested_assignment_test.rb:1
/usr/lib/ruby/gems/1.8/gems/rake-0.8.3/lib/rake/rake_test_loader.rb:5:in `load'
/usr/lib/ruby/gems/1.8/gems/rake-0.8.3/lib/rake/rake_test_loader.rb:5
/usr/lib/ruby/gems/1.8/gems/rake-0.8.3/lib/rake/rake_test_loader.rb:5:in `each'
/usr/lib/ruby/gems/1.8/gems/rake-0.8.3/lib/rake/rake_test_loader.rb:5
Unable to load subscription, underlying cause no such file to load -- subscription.rb 

 /usr/lib/ruby/gems/1.8/gems/activesupport-2.2.2/lib/active_support/dependencies.rb:382:in `load_without_new_constant_marking'
/usr/lib/ruby/gems/1.8/gems/activesupport-2.2.2/lib/active_support/dependencies.rb:382:in `load_file'
/usr/lib/ruby/gems/1.8/gems/activesupport-2.2.2/lib/active_support/dependencies.rb:521:in `new_constants_in'
/usr/lib/ruby/gems/1.8/gems/activesupport-2.2.2/lib/active_support/dependencies.rb:381:in `load_file'
/usr/lib/ruby/gems/1.8/gems/activesupport-2.2.2/lib/active_support/dependencies.rb:256:in `require_or_load'
/usr/lib/ruby/gems/1.8/gems/activesupport-2.2.2/lib/active_support/dependencies.rb:221:in `depend_on'
/usr/lib/ruby/gems/1.8/gems/activesupport-2.2.2/lib/active_support/dependencies.rb:133:in `require_dependency'
/usr/lib/ruby/gems/1.8/gems/activerecord-2.2.2/lib/active_record/fixtures.rb:856:in `try_to_load_dependency'
/usr/lib/ruby/gems/1.8/gems/activerecord-2.2.2/lib/active_record/fixtures.rb:871:in `require_fixture_classes'
/usr/lib/ruby/gems/1.8/gems/activerecord-2.2.2/lib/active_record/fixtures.rb:868:in `each'
/usr/lib/ruby/gems/1.8/gems/activerecord-2.2.2/lib/active_record/fixtures.rb:868:in `require_fixture_classes'
/usr/lib/ruby/gems/1.8/gems/activerecord-2.2.2/lib/active_record/fixtures.rb:851:in `fixtures'
./test/unit/../test_helper.rb:35
./test/unit/nested_assignment_test.rb:1:in `require'
./test/unit/nested_assignment_test.rb:1
/usr/lib/ruby/gems/1.8/gems/rake-0.8.3/lib/rake/rake_test_loader.rb:5:in `load'
/usr/lib/ruby/gems/1.8/gems/rake-0.8.3/lib/rake/rake_test_loader.rb:5
/usr/lib/ruby/gems/1.8/gems/rake-0.8.3/lib/rake/rake_test_loader.rb:5:in `each'
/usr/lib/ruby/gems/1.8/gems/rake-0.8.3/lib/rake/rake_test_loader.rb:5
Unable to load address, underlying cause no such file to load -- address.rb 

 /usr/lib/ruby/gems/1.8/gems/activesupport-2.2.2/lib/active_support/dependencies.rb:382:in `load_without_new_constant_marking'
/usr/lib/ruby/gems/1.8/gems/activesupport-2.2.2/lib/active_support/dependencies.rb:382:in `load_file'
/usr/lib/ruby/gems/1.8/gems/activesupport-2.2.2/lib/active_support/dependencies.rb:521:in `new_constants_in'
/usr/lib/ruby/gems/1.8/gems/activesupport-2.2.2/lib/active_support/dependencies.rb:381:in `load_file'
/usr/lib/ruby/gems/1.8/gems/activesupport-2.2.2/lib/active_support/dependencies.rb:256:in `require_or_load'
/usr/lib/ruby/gems/1.8/gems/activesupport-2.2.2/lib/active_support/dependencies.rb:221:in `depend_on'
/usr/lib/ruby/gems/1.8/gems/activesupport-2.2.2/lib/active_support/dependencies.rb:133:in `require_dependency'
/usr/lib/ruby/gems/1.8/gems/activerecord-2.2.2/lib/active_record/fixtures.rb:856:in `try_to_load_dependency'
/usr/lib/ruby/gems/1.8/gems/activerecord-2.2.2/lib/active_record/fixtures.rb:871:in `require_fixture_classes'
/usr/lib/ruby/gems/1.8/gems/activerecord-2.2.2/lib/active_record/fixtures.rb:868:in `each'
/usr/lib/ruby/gems/1.8/gems/activerecord-2.2.2/lib/active_record/fixtures.rb:868:in `require_fixture_classes'
/usr/lib/ruby/gems/1.8/gems/activerecord-2.2.2/lib/active_record/fixtures.rb:851:in `fixtures'
./test/unit/../test_helper.rb:35
./test/unit/nested_assignment_test.rb:1:in `require'
./test/unit/nested_assignment_test.rb:1
/usr/lib/ruby/gems/1.8/gems/rake-0.8.3/lib/rake/rake_test_loader.rb:5:in `load'
/usr/lib/ruby/gems/1.8/gems/rake-0.8.3/lib/rake/rake_test_loader.rb:5
/usr/lib/ruby/gems/1.8/gems/rake-0.8.3/lib/rake/rake_test_loader.rb:5:in `each'
/usr/lib/ruby/gems/1.8/gems/rake-0.8.3/lib/rake/rake_test_loader.rb:5
Unable to load user, underlying cause no such file to load -- user.rb 

 /usr/lib/ruby/gems/1.8/gems/activesupport-2.2.2/lib/active_support/dependencies.rb:382:in `load_without_new_constant_marking'
/usr/lib/ruby/gems/1.8/gems/activesupport-2.2.2/lib/active_support/dependencies.rb:382:in `load_file'
/usr/lib/ruby/gems/1.8/gems/activesupport-2.2.2/lib/active_support/dependencies.rb:521:in `new_constants_in'
/usr/lib/ruby/gems/1.8/gems/activesupport-2.2.2/lib/active_support/dependencies.rb:381:in `load_file'
/usr/lib/ruby/gems/1.8/gems/activesupport-2.2.2/lib/active_support/dependencies.rb:256:in `require_or_load'
/usr/lib/ruby/gems/1.8/gems/activesupport-2.2.2/lib/active_support/dependencies.rb:221:in `depend_on'
/usr/lib/ruby/gems/1.8/gems/activesupport-2.2.2/lib/active_support/dependencies.rb:133:in `require_dependency'
/usr/lib/ruby/gems/1.8/gems/activerecord-2.2.2/lib/active_record/fixtures.rb:856:in `try_to_load_dependency'
/usr/lib/ruby/gems/1.8/gems/activerecord-2.2.2/lib/active_record/fixtures.rb:871:in `require_fixture_classes'
/usr/lib/ruby/gems/1.8/gems/activerecord-2.2.2/lib/active_record/fixtures.rb:868:in `each'
/usr/lib/ruby/gems/1.8/gems/activerecord-2.2.2/lib/active_record/fixtures.rb:868:in `require_fixture_classes'
/usr/lib/ruby/gems/1.8/gems/activerecord-2.2.2/lib/active_record/fixtures.rb:851:in `fixtures'
./test/unit/../test_helper.rb:35
./test/unit/nested_assignment_test.rb:1:in `require'
./test/unit/nested_assignment_test.rb:1
/usr/lib/ruby/gems/1.8/gems/rake-0.8.3/lib/rake/rake_test_loader.rb:5:in `load'
/usr/lib/ruby/gems/1.8/gems/rake-0.8.3/lib/rake/rake_test_loader.rb:5
/usr/lib/ruby/gems/1.8/gems/rake-0.8.3/lib/rake/rake_test_loader.rb:5:in `each'
/usr/lib/ruby/gems/1.8/gems/rake-0.8.3/lib/rake/rake_test_loader.rb:5
Unable to load role, underlying cause no such file to load -- role.rb 

 /usr/lib/ruby/gems/1.8/gems/activesupport-2.2.2/lib/active_support/dependencies.rb:382:in `load_without_new_constant_marking'
/usr/lib/ruby/gems/1.8/gems/activesupport-2.2.2/lib/active_support/dependencies.rb:382:in `load_file'
/usr/lib/ruby/gems/1.8/gems/activesupport-2.2.2/lib/active_support/dependencies.rb:521:in `new_constants_in'
/usr/lib/ruby/gems/1.8/gems/activesupport-2.2.2/lib/active_support/dependencies.rb:381:in `load_file'
/usr/lib/ruby/gems/1.8/gems/activesupport-2.2.2/lib/active_support/dependencies.rb:256:in `require_or_load'
/usr/lib/ruby/gems/1.8/gems/activesupport-2.2.2/lib/active_support/dependencies.rb:221:in `depend_on'
/usr/lib/ruby/gems/1.8/gems/activesupport-2.2.2/lib/active_support/dependencies.rb:133:in `require_dependency'
/usr/lib/ruby/gems/1.8/gems/activerecord-2.2.2/lib/active_record/fixtures.rb:856:in `try_to_load_dependency'
/usr/lib/ruby/gems/1.8/gems/activerecord-2.2.2/lib/active_record/fixtures.rb:871:in `require_fixture_classes'
/usr/lib/ruby/gems/1.8/gems/activerecord-2.2.2/lib/active_record/fixtures.rb:868:in `each'
/usr/lib/ruby/gems/1.8/gems/activerecord-2.2.2/lib/active_record/fixtures.rb:868:in `require_fixture_classes'
/usr/lib/ruby/gems/1.8/gems/activerecord-2.2.2/lib/active_record/fixtures.rb:851:in `fixtures'
./test/unit/../test_helper.rb:35
./test/unit/nested_assignment_test.rb:1:in `require'
./test/unit/nested_assignment_test.rb:1
/usr/lib/ruby/gems/1.8/gems/rake-0.8.3/lib/rake/rake_test_loader.rb:5:in `load'
/usr/lib/ruby/gems/1.8/gems/rake-0.8.3/lib/rake/rake_test_loader.rb:5
/usr/lib/ruby/gems/1.8/gems/rake-0.8.3/lib/rake/rake_test_loader.rb:5:in `each'
/usr/lib/ruby/gems/1.8/gems/rake-0.8.3/lib/rake/rake_test_loader.rb:5
  [4;35;1mPluginTestModels::User Load (0.2ms)[0m   [0mSELECT * FROM "users" WHERE ("users"."id" = 1) [0m
  [4;36;1mPluginTestModels::Subscription Load (0.2ms)[0m   [0;1mSELECT * FROM "subscriptions" WHERE ("subscriptions"."id" = 1) [0m
  [4;35;1mPluginTestModels::User Load (0.2ms)[0m   [0mSELECT * FROM "users" WHERE ("users"."id" = 1) [0m
  [4;36;1mPluginTestModels::User Load (0.2ms)[0m   [0;1mSELECT * FROM "users" WHERE ("users"."id" = 1) [0m
  [4;35;1mPluginTestModels::User Load (0.2ms)[0m   [0mSELECT * FROM "users" WHERE ("users"."id" = 1) [0m
  [4;36;1mPluginTestModels::Subscription Load (0.2ms)[0m   [0;1mSELECT * FROM "subscriptions" WHERE ("subscriptions"."id" = 1) [0m
  [4;35;1mPluginTestModels::User Load (0.2ms)[0m   [0mSELECT * FROM "users" WHERE ("users"."id" = 1) [0m
  [4;36;1mPluginTestModels::Subscription Load (0.2ms)[0m   [0;1mSELECT * FROM "subscriptions" WHERE ("subscriptions"."id" = 1) [0m
  [4;35;1mPluginTestModels::User Load (0.2ms)[0m   [0mSELECT * FROM "users" WHERE ("users"."id" = 1) [0m
  [4;36;1mPluginTestModels::User Load (0.2ms)[0m   [0;1mSELECT * FROM "users" WHERE ("users"."id" = 1) [0m
  [4;35;1mPluginTestModels::Subscription Load (0.2ms)[0m   [0mSELECT * FROM "subscriptions" WHERE ("subscriptions"."id" = 1) [0m
  [4;36;1mPluginTestModels::User Load (0.2ms)[0m   [0;1mSELECT * FROM "users" WHERE ("users"."id" = 1) [0m
WARNING: Can't mass-assign these protected attributes: id
  [4;35;1mPluginTestModels::User Load (0.2ms)[0m   [0mSELECT * FROM "users" WHERE ("users"."id" = 1) [0m
  [4;36;1mPluginTestModels::User Load (0.2ms)[0m   [0;1mSELECT * FROM "users" WHERE ("users"."id" = 1) [0m
  [4;35;1mPluginTestModels::Role Load (0.2ms)[0m   [0mSELECT * FROM "roles" WHERE ("roles"."id" = 1) [0m
  [4;36;1mPluginTestModels::Role Load (0.3ms)[0m   [0;1mSELECT * FROM "roles" INNER JOIN "roles_users" ON "roles".id = "roles_users".role_id WHERE ("roles_users".user_id = 1 ) [0m
  [4;35;1mPluginTestModels::User Load (0.2ms)[0m   [0mSELECT * FROM "users" WHERE ("users"."id" = 1) [0m
  [4;36;1mPluginTestModels::Role Load (0.2ms)[0m   [0;1mSELECT * FROM "roles" WHERE ("roles"."id" = 1) [0m
  [4;35;1mPluginTestModels::Role Load (0.3ms)[0m   [0mSELECT * FROM "roles" INNER JOIN "roles_users" ON "roles".id = "roles_users".role_id WHERE ("roles_users".user_id = 1 ) [0m
  [4;36;1mPluginTestModels::User Load (0.2ms)[0m   [0;1mSELECT * FROM "users" WHERE ("users"."id" = 1) [0m
  [4;35;1mPluginTestModels::Role Load (0.2ms)[0m   [0mSELECT * FROM "roles" WHERE ("roles"."id" = 1) [0m
  [4;36;1mPluginTestModels::Role Load (0.3ms)[0m   [0;1mSELECT * FROM "roles" INNER JOIN "roles_users" ON "roles".id = "roles_users".role_id WHERE ("roles_users".user_id = 1 ) [0m
  [4;35;1mPluginTestModels::User Load (0.2ms)[0m   [0mSELECT * FROM "users" WHERE ("users"."id" = 1) [0m
  [4;36;1mPluginTestModels::Role Load (0.2ms)[0m   [0;1mSELECT * FROM "roles" WHERE ("roles"."id" = 1) [0m
  [4;35;1mPluginTestModels::Role Load (0.3ms)[0m   [0mSELECT * FROM "roles" INNER JOIN "roles_users" ON "roles".id = "roles_users".role_id WHERE ("roles_users".user_id = 1 ) [0m
WARNING: Can't mass-assign these protected attributes: id
  [4;36;1mPluginTestModels::Role Load (0.2ms)[0m   [0;1mSELECT * FROM "roles" WHERE ("roles"."id" = 1) [0m
  [4;35;1mPluginTestModels::Service Load (0.2ms)[0m   [0mSELECT * FROM "services" WHERE ("services"."id" = 1) [0m
  [4;36;1mPluginTestModels::Subscription Load (0.2ms)[0m   [0;1mSELECT * FROM "subscriptions" WHERE ("subscriptions"."id" = 1) [0m
  [4;35;1mPluginTestModels::Subscription Load (0.2ms)[0m   [0mSELECT * FROM "subscriptions" WHERE ("subscriptions".service_id = 1) [0m
  [4;36;1mPluginTestModels::Service Load (0.2ms)[0m   [0;1mSELECT * FROM "services" WHERE ("services"."id" = 1) [0m
  [4;35;1mPluginTestModels::Subscription Load (0.2ms)[0m   [0mSELECT * FROM "subscriptions" WHERE ("subscriptions"."id" = 1) [0m
  [4;36;1mPluginTestModels::Subscription Load (0.2ms)[0m   [0;1mSELECT * FROM "subscriptions" WHERE ("subscriptions".service_id = 1) [0m
  [4;35;1mPluginTestModels::Service Load (0.2ms)[0m   [0mSELECT * FROM "services" WHERE ("services"."id" = 1) [0m
  [4;36;1mPluginTestModels::Subscription Load (0.2ms)[0m   [0;1mSELECT * FROM "subscriptions" WHERE ("subscriptions"."id" = 1) [0m
  [4;35;1mPluginTestModels::Subscription Load (0.2ms)[0m   [0mSELECT * FROM "subscriptions" WHERE ("subscriptions".service_id = 1) [0m
  [4;36;1mPluginTestModels::Service Load (0.2ms)[0m   [0;1mSELECT * FROM "services" WHERE ("services"."id" = 1) [0m
  [4;35;1mPluginTestModels::Subscription Load (0.2ms)[0m   [0mSELECT * FROM "subscriptions" WHERE ("subscriptions"."id" = 1) [0m
  [4;36;1mPluginTestModels::Subscription Load (0.2ms)[0m   [0;1mSELECT * FROM "subscriptions" WHERE ("subscriptions".service_id = 1) [0m
WARNING: Can't mass-assign these protected attributes: id
  [4;35;1mPluginTestModels::Subscription Load (0.2ms)[0m   [0mSELECT * FROM "subscriptions" WHERE ("subscriptions"."id" = 1) [0m
  [4;36;1mPluginTestModels::User Load (0.2ms)[0m   [0;1mSELECT * FROM "users" WHERE ("users"."id" = 1) [0m
  [4;35;1mPluginTestModels::Service Load (0.2ms)[0m   [0mSELECT * FROM "services" WHERE ("services"."id" = 1) [0m
  [4;36;1mPluginTestModels::User Load (0.2ms)[0m   [0;1mSELECT * FROM "users" WHERE ("users"."id" = 1) [0m
  [4;35;1mPluginTestModels::Service Load (0.2ms)[0m   [0mSELECT * FROM "services" WHERE ("services"."id" = 1) [0m
  [4;36;1mPluginTestModels::User Load (0.2ms)[0m   [0;1mSELECT * FROM "users" WHERE ("users"."id" = 1) [0m
  [4;35;1mPluginTestModels::Service Load (0.2ms)[0m   [0mSELECT * FROM "services" WHERE ("services"."id" = 1) [0m
  [4;36;1mPluginTestModels::User Load (0.2ms)[0m   [0;1mSELECT * FROM "users" WHERE ("users"."id" = 1) [0m
  [4;35;1mPluginTestModels::Service Load (0.2ms)[0m   [0mSELECT * FROM "services" WHERE ("services"."id" = 1) [0m
  [4;36;1mPluginTestModels::User Load (0.2ms)[0m   [0;1mSELECT * FROM "users" WHERE ("users"."id" = 1) [0m
  [4;35;1mPluginTestModels::Subscription Load (0.2ms)[0m   [0mSELECT * FROM "subscriptions" WHERE ("subscriptions"."id" = 1) [0m
  [4;36;1mPluginTestModels::Subscription Load (0.2ms)[0m   [0;1mSELECT * FROM "subscriptions" WHERE ("subscriptions".user_id = 1) LIMIT 1[0m
  [4;35;1mPluginTestModels::Subscription Load (0.2ms)[0m   [0mSELECT * FROM "subscriptions" WHERE ("subscriptions"."id" = 1) [0m
  [4;36;1mPluginTestModels::User Load (0.2ms)[0m   [0;1mSELECT * FROM "users" WHERE ("users"."id" = 1) [0m
  [4;35;1mPluginTestModels::Subscription Load (0.2ms)[0m   [0mSELECT * FROM "subscriptions" WHERE ("subscriptions"."id" = 1) [0m
  [4;36;1mPluginTestModels::Subscription Load (0.2ms)[0m   [0;1mSELECT * FROM "subscriptions" WHERE ("subscriptions".user_id = 1) LIMIT 1[0m
  [4;35;1mPluginTestModels::Subscription Update (0.1ms)[0m   [0mUPDATE "subscriptions" SET "user_id" = NULL WHERE "id" = 1[0m
  [4;36;1mPluginTestModels::Subscription Load (0.2ms)[0m   [0;1mSELECT * FROM "subscriptions" WHERE ("subscriptions"."id" = 1) [0m
  [4;35;1mPluginTestModels::User Load (0.2ms)[0m   [0mSELECT * FROM "users" WHERE ("users"."id" = 1) [0m
  [4;36;1mPluginTestModels::Subscription Load (0.2ms)[0m   [0;1mSELECT * FROM "subscriptions" WHERE ("subscriptions"."id" = 1) [0m
  [4;35;1mPluginTestModels::Subscription Load (0.2ms)[0m   [0mSELECT * FROM "subscriptions" WHERE ("subscriptions".user_id = 1) LIMIT 1[0m
WARNING: Can't mass-assign these protected attributes: id
  [4;36;1mPluginTestModels::Subscription Load (0.2ms)[0m   [0;1mSELECT * FROM "subscriptions" WHERE ("subscriptions"."id" = 1) [0m
  [4;35;1mPluginTestModels::User Load (0.2ms)[0m   [0mSELECT * FROM "users" LIMIT 1[0m
  [4;36;1mPluginTestModels::User Load (0.2ms)[0m   [0;1mSELECT * FROM "users" LIMIT 1[0m
  [4;35;1mPluginTestModels::Role Load (0.3ms)[0m   [0mSELECT * FROM "roles" INNER JOIN "roles_users" ON "roles".id = "roles_users".role_id WHERE ("roles_users".user_id = 1 ) [0m
  [4;36;1mPluginTestModels::User Load (0.2ms)[0m   [0;1mSELECT * FROM "users" LIMIT 1[0m
  [4;35;1mPluginTestModels::Role Load (0.3ms)[0m   [0mSELECT * FROM "roles" INNER JOIN "roles_users" ON "roles".id = "roles_users".role_id WHERE ("roles_users".user_id = 1 ) [0m
  [4;36;1mPluginTestModels::User Load (0.2ms)[0m   [0;1mSELECT * FROM "users" LIMIT 1[0m
  [4;35;1mPluginTestModels::Address Load (0.3ms)[0m   [0mSELECT * FROM "addresses" WHERE ("addresses".addressable_id = 1 AND "addresses".addressable_type = 'PluginTestModels::User') LIMIT 1[0m
  [4;36;1mSQL (0.2ms)[0m   [0;1mselect sqlite_version(*)[0m
  [4;35;1mSQL (0.1ms)[0m   [0m SELECT name
 FROM sqlite_master
 WHERE type = 'table' AND NOT name = 'sqlite_sequence'
[0m
  [4;36;1mSQL (0.3ms)[0m   [0;1mCREATE TABLE "addresses" ("id" INTEGER PRIMARY KEY AUTOINCREMENT NOT NULL, "name" varchar(255), "addressable_id" integer, "addressable_type" varchar(255)) [0m
  [4;35;1mSQL (0.1ms)[0m   [0m SELECT name
 FROM sqlite_master
 WHERE type = 'table' AND NOT name = 'sqlite_sequence'
[0m
  [4;36;1mSQL (0.1ms)[0m   [0;1mCREATE TABLE "users" ("id" INTEGER PRIMARY KEY AUTOINCREMENT NOT NULL, "name" varchar(255)) [0m
  [4;35;1mSQL (0.2ms)[0m   [0m SELECT name
 FROM sqlite_master
 WHERE type = 'table' AND NOT name = 'sqlite_sequence'
[0m
  [4;36;1mSQL (0.1ms)[0m   [0;1mCREATE TABLE "roles_users" ("user_id" integer, "role_id" integer) [0m
  [4;35;1mSQL (0.2ms)[0m   [0m SELECT name
 FROM sqlite_master
 WHERE type = 'table' AND NOT name = 'sqlite_sequence'
[0m
  [4;36;1mSQL (0.1ms)[0m   [0;1mCREATE TABLE "services" ("id" INTEGER PRIMARY KEY AUTOINCREMENT NOT NULL, "name" varchar(255)) [0m
  [4;35;1mSQL (0.2ms)[0m   [0m SELECT name
 FROM sqlite_master
 WHERE type = 'table' AND NOT name = 'sqlite_sequence'
[0m
  [4;36;1mSQL (0.1ms)[0m   [0;1mCREATE TABLE "subscriptions" ("id" INTEGER PRIMARY KEY AUTOINCREMENT NOT NULL, "name" varchar(255), "service_id" integer, "user_id" integer) [0m
  [4;35;1mSQL (0.3ms)[0m   [0m SELECT name
 FROM sqlite_master
 WHERE type = 'table' AND NOT name = 'sqlite_sequence'
[0m
  [4;36;1mSQL (0.1ms)[0m   [0;1mCREATE TABLE "roles" ("id" INTEGER PRIMARY KEY AUTOINCREMENT NOT NULL, "name" varchar(255)) [0m
  [4;35;1mSQL (0.3ms)[0m   [0m SELECT name
 FROM sqlite_master
 WHERE type = 'table' AND NOT name = 'sqlite_sequence'
[0m
  [4;36;1mSQL (0.1ms)[0m   [0;1mCREATE TABLE "schema_migrations" ("version" varchar(255) NOT NULL) [0m
  [4;35;1mSQL (0.1ms)[0m   [0mCREATE UNIQUE INDEX "unique_schema_migrations" ON "schema_migrations" ("version")[0m
  [4;36;1mSQL (0.4ms)[0m   [0;1m SELECT name
 FROM sqlite_master
 WHERE type = 'table' AND NOT name = 'sqlite_sequence'
[0m
  [4;35;1mSQL (0.1ms)[0m   [0mSELECT version FROM "schema_migrations"[0m
  [4;36;1mSQL (0.1ms)[0m   [0;1mINSERT INTO "schema_migrations" (version) VALUES ('1')[0m
Unable to load roles_user, underlying cause no such file to load -- roles_user.rb 

 /usr/lib/ruby/gems/1.8/gems/activesupport-2.2.2/lib/active_support/dependencies.rb:382:in `load_without_new_constant_marking'
/usr/lib/ruby/gems/1.8/gems/activesupport-2.2.2/lib/active_support/dependencies.rb:382:in `load_file'
/usr/lib/ruby/gems/1.8/gems/activesupport-2.2.2/lib/active_support/dependencies.rb:521:in `new_constants_in'
/usr/lib/ruby/gems/1.8/gems/activesupport-2.2.2/lib/active_support/dependencies.rb:381:in `load_file'
/usr/lib/ruby/gems/1.8/gems/activesupport-2.2.2/lib/active_support/dependencies.rb:256:in `require_or_load'
/usr/lib/ruby/gems/1.8/gems/activesupport-2.2.2/lib/active_support/dependencies.rb:221:in `depend_on'
/usr/lib/ruby/gems/1.8/gems/activesupport-2.2.2/lib/active_support/dependencies.rb:133:in `require_dependency'
/usr/lib/ruby/gems/1.8/gems/activerecord-2.2.2/lib/active_record/fixtures.rb:856:in `try_to_load_dependency'
/usr/lib/ruby/gems/1.8/gems/activerecord-2.2.2/lib/active_record/fixtures.rb:871:in `require_fixture_classes'
/usr/lib/ruby/gems/1.8/gems/activerecord-2.2.2/lib/active_record/fixtures.rb:868:in `each'
/usr/lib/ruby/gems/1.8/gems/activerecord-2.2.2/lib/active_record/fixtures.rb:868:in `require_fixture_classes'
/usr/lib/ruby/gems/1.8/gems/activerecord-2.2.2/lib/active_record/fixtures.rb:851:in `fixtures'
./test/unit/../test_helper.rb:35
./test/unit/nested_assignment_test.rb:1:in `require'
./test/unit/nested_assignment_test.rb:1
/usr/lib/ruby/gems/1.8/gems/rake-0.8.3/lib/rake/rake_test_loader.rb:5:in `load'
/usr/lib/ruby/gems/1.8/gems/rake-0.8.3/lib/rake/rake_test_loader.rb:5
/usr/lib/ruby/gems/1.8/gems/rake-0.8.3/lib/rake/rake_test_loader.rb:5:in `each'
/usr/lib/ruby/gems/1.8/gems/rake-0.8.3/lib/rake/rake_test_loader.rb:5
Unable to load service, underlying cause no such file to load -- service.rb 

 /usr/lib/ruby/gems/1.8/gems/activesupport-2.2.2/lib/active_support/dependencies.rb:382:in `load_without_new_constant_marking'
/usr/lib/ruby/gems/1.8/gems/activesupport-2.2.2/lib/active_support/dependencies.rb:382:in `load_file'
/usr/lib/ruby/gems/1.8/gems/activesupport-2.2.2/lib/active_support/dependencies.rb:521:in `new_constants_in'
/usr/lib/ruby/gems/1.8/gems/activesupport-2.2.2/lib/active_support/dependencies.rb:381:in `load_file'
/usr/lib/ruby/gems/1.8/gems/activesupport-2.2.2/lib/active_support/dependencies.rb:256:in `require_or_load'
/usr/lib/ruby/gems/1.8/gems/activesupport-2.2.2/lib/active_support/dependencies.rb:221:in `depend_on'
/usr/lib/ruby/gems/1.8/gems/activesupport-2.2.2/lib/active_support/dependencies.rb:133:in `require_dependency'
/usr/lib/ruby/gems/1.8/gems/activerecord-2.2.2/lib/active_record/fixtures.rb:856:in `try_to_load_dependency'
/usr/lib/ruby/gems/1.8/gems/activerecord-2.2.2/lib/active_record/fixtures.rb:871:in `require_fixture_classes'
/usr/lib/ruby/gems/1.8/gems/activerecord-2.2.2/lib/active_record/fixtures.rb:868:in `each'
/usr/lib/ruby/gems/1.8/gems/activerecord-2.2.2/lib/active_record/fixtures.rb:868:in `require_fixture_classes'
/usr/lib/ruby/gems/1.8/gems/activerecord-2.2.2/lib/active_record/fixtures.rb:851:in `fixtures'
./test/unit/../test_helper.rb:35
./test/unit/nested_assignment_test.rb:1:in `require'
./test/unit/nested_assignment_test.rb:1
/usr/lib/ruby/gems/1.8/gems/rake-0.8.3/lib/rake/rake_test_loader.rb:5:in `load'
/usr/lib/ruby/gems/1.8/gems/rake-0.8.3/lib/rake/rake_test_loader.rb:5
/usr/lib/ruby/gems/1.8/gems/rake-0.8.3/lib/rake/rake_test_loader.rb:5:in `each'
/usr/lib/ruby/gems/1.8/gems/rake-0.8.3/lib/rake/rake_test_loader.rb:5
Unable to load subscription, underlying cause no such file to load -- subscription.rb 

 /usr/lib/ruby/gems/1.8/gems/activesupport-2.2.2/lib/active_support/dependencies.rb:382:in `load_without_new_constant_marking'
/usr/lib/ruby/gems/1.8/gems/activesupport-2.2.2/lib/active_support/dependencies.rb:382:in `load_file'
/usr/lib/ruby/gems/1.8/gems/activesupport-2.2.2/lib/active_support/dependencies.rb:521:in `new_constants_in'
/usr/lib/ruby/gems/1.8/gems/activesupport-2.2.2/lib/active_support/dependencies.rb:381:in `load_file'
/usr/lib/ruby/gems/1.8/gems/activesupport-2.2.2/lib/active_support/dependencies.rb:256:in `require_or_load'
/usr/lib/ruby/gems/1.8/gems/activesupport-2.2.2/lib/active_support/dependencies.rb:221:in `depend_on'
/usr/lib/ruby/gems/1.8/gems/activesupport-2.2.2/lib/active_support/dependencies.rb:133:in `require_dependency'
/usr/lib/ruby/gems/1.8/gems/activerecord-2.2.2/lib/active_record/fixtures.rb:856:in `try_to_load_dependency'
/usr/lib/ruby/gems/1.8/gems/activerecord-2.2.2/lib/active_record/fixtures.rb:871:in `require_fixture_classes'
/usr/lib/ruby/gems/1.8/gems/activerecord-2.2.2/lib/active_record/fixtures.rb:868:in `each'
/usr/lib/ruby/gems/1.8/gems/activerecord-2.2.2/lib/active_record/fixtures.rb:868:in `require_fixture_classes'
/usr/lib/ruby/gems/1.8/gems/activerecord-2.2.2/lib/active_record/fixtures.rb:851:in `fixtures'
./test/unit/../test_helper.rb:35
./test/unit/nested_assignment_test.rb:1:in `require'
./test/unit/nested_assignment_test.rb:1
/usr/lib/ruby/gems/1.8/gems/rake-0.8.3/lib/rake/rake_test_loader.rb:5:in `load'
/usr/lib/ruby/gems/1.8/gems/rake-0.8.3/lib/rake/rake_test_loader.rb:5
/usr/lib/ruby/gems/1.8/gems/rake-0.8.3/lib/rake/rake_test_loader.rb:5:in `each'
/usr/lib/ruby/gems/1.8/gems/rake-0.8.3/lib/rake/rake_test_loader.rb:5
Unable to load address, underlying cause no such file to load -- address.rb 

 /usr/lib/ruby/gems/1.8/gems/activesupport-2.2.2/lib/active_support/dependencies.rb:382:in `load_without_new_constant_marking'
/usr/lib/ruby/gems/1.8/gems/activesupport-2.2.2/lib/active_support/dependencies.rb:382:in `load_file'
/usr/lib/ruby/gems/1.8/gems/activesupport-2.2.2/lib/active_support/dependencies.rb:521:in `new_constants_in'
/usr/lib/ruby/gems/1.8/gems/activesupport-2.2.2/lib/active_support/dependencies.rb:381:in `load_file'
/usr/lib/ruby/gems/1.8/gems/activesupport-2.2.2/lib/active_support/dependencies.rb:256:in `require_or_load'
/usr/lib/ruby/gems/1.8/gems/activesupport-2.2.2/lib/active_support/dependencies.rb:221:in `depend_on'
/usr/lib/ruby/gems/1.8/gems/activesupport-2.2.2/lib/active_support/dependencies.rb:133:in `require_dependency'
/usr/lib/ruby/gems/1.8/gems/activerecord-2.2.2/lib/active_record/fixtures.rb:856:in `try_to_load_dependency'
/usr/lib/ruby/gems/1.8/gems/activerecord-2.2.2/lib/active_record/fixtures.rb:871:in `require_fixture_classes'
/usr/lib/ruby/gems/1.8/gems/activerecord-2.2.2/lib/active_record/fixtures.rb:868:in `each'
/usr/lib/ruby/gems/1.8/gems/activerecord-2.2.2/lib/active_record/fixtures.rb:868:in `require_fixture_classes'
/usr/lib/ruby/gems/1.8/gems/activerecord-2.2.2/lib/active_record/fixtures.rb:851:in `fixtures'
./test/unit/../test_helper.rb:35
./test/unit/nested_assignment_test.rb:1:in `require'
./test/unit/nested_assignment_test.rb:1
/usr/lib/ruby/gems/1.8/gems/rake-0.8.3/lib/rake/rake_test_loader.rb:5:in `load'
/usr/lib/ruby/gems/1.8/gems/rake-0.8.3/lib/rake/rake_test_loader.rb:5
/usr/lib/ruby/gems/1.8/gems/rake-0.8.3/lib/rake/rake_test_loader.rb:5:in `each'
/usr/lib/ruby/gems/1.8/gems/rake-0.8.3/lib/rake/rake_test_loader.rb:5
Unable to load user, underlying cause no such file to load -- user.rb 

 /usr/lib/ruby/gems/1.8/gems/activesupport-2.2.2/lib/active_support/dependencies.rb:382:in `load_without_new_constant_marking'
/usr/lib/ruby/gems/1.8/gems/activesupport-2.2.2/lib/active_support/dependencies.rb:382:in `load_file'
/usr/lib/ruby/gems/1.8/gems/activesupport-2.2.2/lib/active_support/dependencies.rb:521:in `new_constants_in'
/usr/lib/ruby/gems/1.8/gems/activesupport-2.2.2/lib/active_support/dependencies.rb:381:in `load_file'
/usr/lib/ruby/gems/1.8/gems/activesupport-2.2.2/lib/active_support/dependencies.rb:256:in `require_or_load'
/usr/lib/ruby/gems/1.8/gems/activesupport-2.2.2/lib/active_support/dependencies.rb:221:in `depend_on'
/usr/lib/ruby/gems/1.8/gems/activesupport-2.2.2/lib/active_support/dependencies.rb:133:in `require_dependency'
/usr/lib/ruby/gems/1.8/gems/activerecord-2.2.2/lib/active_record/fixtures.rb:856:in `try_to_load_dependency'
/usr/lib/ruby/gems/1.8/gems/activerecord-2.2.2/lib/active_record/fixtures.rb:871:in `require_fixture_classes'
/usr/lib/ruby/gems/1.8/gems/activerecord-2.2.2/lib/active_record/fixtures.rb:868:in `each'
/usr/lib/ruby/gems/1.8/gems/activerecord-2.2.2/lib/active_record/fixtures.rb:868:in `require_fixture_classes'
/usr/lib/ruby/gems/1.8/gems/activerecord-2.2.2/lib/active_record/fixtures.rb:851:in `fixtures'
./test/unit/../test_helper.rb:35
./test/unit/nested_assignment_test.rb:1:in `require'
./test/unit/nested_assignment_test.rb:1
/usr/lib/ruby/gems/1.8/gems/rake-0.8.3/lib/rake/rake_test_loader.rb:5:in `load'
/usr/lib/ruby/gems/1.8/gems/rake-0.8.3/lib/rake/rake_test_loader.rb:5
/usr/lib/ruby/gems/1.8/gems/rake-0.8.3/lib/rake/rake_test_loader.rb:5:in `each'
/usr/lib/ruby/gems/1.8/gems/rake-0.8.3/lib/rake/rake_test_loader.rb:5
Unable to load role, underlying cause no such file to load -- role.rb 

 /usr/lib/ruby/gems/1.8/gems/activesupport-2.2.2/lib/active_support/dependencies.rb:382:in `load_without_new_constant_marking'
/usr/lib/ruby/gems/1.8/gems/activesupport-2.2.2/lib/active_support/dependencies.rb:382:in `load_file'
/usr/lib/ruby/gems/1.8/gems/activesupport-2.2.2/lib/active_support/dependencies.rb:521:in `new_constants_in'
/usr/lib/ruby/gems/1.8/gems/activesupport-2.2.2/lib/active_support/dependencies.rb:381:in `load_file'
/usr/lib/ruby/gems/1.8/gems/activesupport-2.2.2/lib/active_support/dependencies.rb:256:in `require_or_load'
/usr/lib/ruby/gems/1.8/gems/activesupport-2.2.2/lib/active_support/dependencies.rb:221:in `depend_on'
/usr/lib/ruby/gems/1.8/gems/activesupport-2.2.2/lib/active_support/dependencies.rb:133:in `require_dependency'
/usr/lib/ruby/gems/1.8/gems/activerecord-2.2.2/lib/active_record/fixtures.rb:856:in `try_to_load_dependency'
/usr/lib/ruby/gems/1.8/gems/activerecord-2.2.2/lib/active_record/fixtures.rb:871:in `require_fixture_classes'
/usr/lib/ruby/gems/1.8/gems/activerecord-2.2.2/lib/active_record/fixtures.rb:868:in `each'
/usr/lib/ruby/gems/1.8/gems/activerecord-2.2.2/lib/active_record/fixtures.rb:868:in `require_fixture_classes'
/usr/lib/ruby/gems/1.8/gems/activerecord-2.2.2/lib/active_record/fixtures.rb:851:in `fixtures'
./test/unit/../test_helper.rb:35
./test/unit/nested_assignment_test.rb:1:in `require'
./test/unit/nested_assignment_test.rb:1
/usr/lib/ruby/gems/1.8/gems/rake-0.8.3/lib/rake/rake_test_loader.rb:5:in `load'
/usr/lib/ruby/gems/1.8/gems/rake-0.8.3/lib/rake/rake_test_loader.rb:5
/usr/lib/ruby/gems/1.8/gems/rake-0.8.3/lib/rake/rake_test_loader.rb:5:in `each'
/usr/lib/ruby/gems/1.8/gems/rake-0.8.3/lib/rake/rake_test_loader.rb:5
  [4;35;1mPluginTestModels::User Load (0.1ms)[0m   [0mSELECT * FROM "users" WHERE ("users"."id" = 1) [0m
  [4;36;1mPluginTestModels::Subscription Load (0.2ms)[0m   [0;1mSELECT * FROM "subscriptions" WHERE ("subscriptions"."id" = 1) [0m
  [4;35;1mPluginTestModels::User Load (0.1ms)[0m   [0mSELECT * FROM "users" WHERE ("users"."id" = 1) [0m
  [4;36;1mPluginTestModels::User Load (0.1ms)[0m   [0;1mSELECT * FROM "users" WHERE ("users"."id" = 1) [0m
  [4;35;1mPluginTestModels::User Load (0.1ms)[0m   [0mSELECT * FROM "users" WHERE ("users"."id" = 1) [0m
  [4;36;1mPluginTestModels::Subscription Load (0.2ms)[0m   [0;1mSELECT * FROM "subscriptions" WHERE ("subscriptions"."id" = 1) [0m
  [4;35;1mPluginTestModels::User Load (0.1ms)[0m   [0mSELECT * FROM "users" WHERE ("users"."id" = 1) [0m
  [4;36;1mPluginTestModels::Subscription Load (0.2ms)[0m   [0;1mSELECT * FROM "subscriptions" WHERE ("subscriptions"."id" = 1) [0m
  [4;35;1mPluginTestModels::User Load (0.1ms)[0m   [0mSELECT * FROM "users" WHERE ("users"."id" = 1) [0m
  [4;36;1mPluginTestModels::User Load (0.1ms)[0m   [0;1mSELECT * FROM "users" WHERE ("users"."id" = 1) [0m
  [4;35;1mPluginTestModels::Subscription Load (0.2ms)[0m   [0mSELECT * FROM "subscriptions" WHERE ("subscriptions"."id" = 1) [0m
  [4;36;1mPluginTestModels::User Load (0.1ms)[0m   [0;1mSELECT * FROM "users" WHERE ("users"."id" = 1) [0m
WARNING: Can't mass-assign these protected attributes: id
  [4;35;1mPluginTestModels::User Load (0.1ms)[0m   [0mSELECT * FROM "users" WHERE ("users"."id" = 1) [0m
  [4;36;1mPluginTestModels::User Load (0.1ms)[0m   [0;1mSELECT * FROM "users" WHERE ("users"."id" = 1) [0m
  [4;35;1mPluginTestModels::Role Load (0.1ms)[0m   [0mSELECT * FROM "roles" WHERE ("roles"."id" = 1) [0m
  [4;36;1mPluginTestModels::Role Load (0.2ms)[0m   [0;1mSELECT * FROM "roles" INNER JOIN "roles_users" ON "roles".id = "roles_users".role_id WHERE ("roles_users".user_id = 1 ) [0m
  [4;35;1mPluginTestModels::User Load (0.1ms)[0m   [0mSELECT * FROM "users" WHERE ("users"."id" = 1) [0m
  [4;36;1mPluginTestModels::Role Load (0.1ms)[0m   [0;1mSELECT * FROM "roles" WHERE ("roles"."id" = 1) [0m
  [4;35;1mPluginTestModels::Role Load (0.2ms)[0m   [0mSELECT * FROM "roles" INNER JOIN "roles_users" ON "roles".id = "roles_users".role_id WHERE ("roles_users".user_id = 1 ) [0m
  [4;36;1mPluginTestModels::User Load (0.1ms)[0m   [0;1mSELECT * FROM "users" WHERE ("users"."id" = 1) [0m
  [4;35;1mPluginTestModels::Role Load (0.1ms)[0m   [0mSELECT * FROM "roles" WHERE ("roles"."id" = 1) [0m
  [4;36;1mPluginTestModels::Role Load (0.2ms)[0m   [0;1mSELECT * FROM "roles" INNER JOIN "roles_users" ON "roles".id = "roles_users".role_id WHERE ("roles_users".user_id = 1 ) [0m
  [4;35;1mPluginTestModels::User Load (0.1ms)[0m   [0mSELECT * FROM "users" WHERE ("users"."id" = 1) [0m
  [4;36;1mPluginTestModels::Role Load (0.1ms)[0m   [0;1mSELECT * FROM "roles" WHERE ("roles"."id" = 1) [0m
  [4;35;1mPluginTestModels::Role Load (0.2ms)[0m   [0mSELECT * FROM "roles" INNER JOIN "roles_users" ON "roles".id = "roles_users".role_id WHERE ("roles_users".user_id = 1 ) [0m
WARNING: Can't mass-assign these protected attributes: id
  [4;36;1mPluginTestModels::Role Load (0.1ms)[0m   [0;1mSELECT * FROM "roles" WHERE ("roles"."id" = 1) [0m
  [4;35;1mPluginTestModels::Service Load (0.1ms)[0m   [0mSELECT * FROM "services" WHERE ("services"."id" = 1) [0m
  [4;36;1mPluginTestModels::Subscription Load (0.2ms)[0m   [0;1mSELECT * FROM "subscriptions" WHERE ("subscriptions"."id" = 1) [0m
  [4;35;1mPluginTestModels::Subscription Load (0.2ms)[0m   [0mSELECT * FROM "subscriptions" WHERE ("subscriptions".service_id = 1) [0m
  [4;36;1mPluginTestModels::Service Load (0.1ms)[0m   [0;1mSELECT * FROM "services" WHERE ("services"."id" = 1) [0m
  [4;35;1mPluginTestModels::Subscription Load (0.2ms)[0m   [0mSELECT * FROM "subscriptions" WHERE ("subscriptions"."id" = 1) [0m
  [4;36;1mPluginTestModels::Subscription Load (0.2ms)[0m   [0;1mSELECT * FROM "subscriptions" WHERE ("subscriptions".service_id = 1) [0m
  [4;35;1mPluginTestModels::Service Load (0.1ms)[0m   [0mSELECT * FROM "services" WHERE ("services"."id" = 1) [0m
  [4;36;1mPluginTestModels::Subscription Load (0.2ms)[0m   [0;1mSELECT * FROM "subscriptions" WHERE ("subscriptions"."id" = 1) [0m
  [4;35;1mPluginTestModels::Subscription Load (0.2ms)[0m   [0mSELECT * FROM "subscriptions" WHERE ("subscriptions".service_id = 1) [0m
  [4;36;1mPluginTestModels::Service Load (0.1ms)[0m   [0;1mSELECT * FROM "services" WHERE ("services"."id" = 1) [0m
  [4;35;1mPluginTestModels::Subscription Load (0.2ms)[0m   [0mSELECT * FROM "subscriptions" WHERE ("subscriptions"."id" = 1) [0m
  [4;36;1mPluginTestModels::Subscription Load (0.2ms)[0m   [0;1mSELECT * FROM "subscriptions" WHERE ("subscriptions".service_id = 1) [0m
WARNING: Can't mass-assign these protected attributes: id
  [4;35;1mPluginTestModels::Subscription Load (0.2ms)[0m   [0mSELECT * FROM "subscriptions" WHERE ("subscriptions"."id" = 1) [0m
  [4;36;1mPluginTestModels::User Load (0.1ms)[0m   [0;1mSELECT * FROM "users" WHERE ("users"."id" = 1) [0m
  [4;35;1mPluginTestModels::Service Load (0.1ms)[0m   [0mSELECT * FROM "services" WHERE ("services"."id" = 1) [0m
  [4;36;1mPluginTestModels::User Load (0.1ms)[0m   [0;1mSELECT * FROM "users" WHERE ("users"."id" = 1) [0m
  [4;35;1mPluginTestModels::Service Load (0.1ms)[0m   [0mSELECT * FROM "services" WHERE ("services"."id" = 1) [0m
  [4;36;1mPluginTestModels::User Load (0.1ms)[0m   [0;1mSELECT * FROM "users" WHERE ("users"."id" = 1) [0m
  [4;35;1mPluginTestModels::Service Load (0.1ms)[0m   [0mSELECT * FROM "services" WHERE ("services"."id" = 1) [0m
  [4;36;1mPluginTestModels::User Load (0.1ms)[0m   [0;1mSELECT * FROM "users" WHERE ("users"."id" = 1) [0m
  [4;35;1mPluginTestModels::Service Load (0.1ms)[0m   [0mSELECT * FROM "services" WHERE ("services"."id" = 1) [0m
  [4;36;1mPluginTestModels::User Load (0.1ms)[0m   [0;1mSELECT * FROM "users" WHERE ("users"."id" = 1) [0m
  [4;35;1mPluginTestModels::Subscription Load (0.2ms)[0m   [0mSELECT * FROM "subscriptions" WHERE ("subscriptions"."id" = 1) [0m
  [4;36;1mPluginTestModels::Subscription Load (0.2ms)[0m   [0;1mSELECT * FROM "subscriptions" WHERE ("subscriptions".user_id = 1) LIMIT 1[0m
  [4;35;1mPluginTestModels::Subscription Load (0.2ms)[0m   [0mSELECT * FROM "subscriptions" WHERE ("subscriptions"."id" = 1) [0m
  [4;36;1mPluginTestModels::User Load (0.1ms)[0m   [0;1mSELECT * FROM "users" WHERE ("users"."id" = 1) [0m
  [4;35;1mPluginTestModels::Subscription Load (0.2ms)[0m   [0mSELECT * FROM "subscriptions" WHERE ("subscriptions"."id" = 1) [0m
  [4;36;1mPluginTestModels::Subscription Load (0.2ms)[0m   [0;1mSELECT * FROM "subscriptions" WHERE ("subscriptions".user_id = 1) LIMIT 1[0m
  [4;35;1mPluginTestModels::Subscription Update (0.1ms)[0m   [0mUPDATE "subscriptions" SET "user_id" = NULL WHERE "id" = 1[0m
  [4;36;1mPluginTestModels::Subscription Load (0.2ms)[0m   [0;1mSELECT * FROM "subscriptions" WHERE ("subscriptions"."id" = 1) [0m
  [4;35;1mPluginTestModels::User Load (0.1ms)[0m   [0mSELECT * FROM "users" WHERE ("users"."id" = 1) [0m
  [4;36;1mPluginTestModels::Subscription Load (0.2ms)[0m   [0;1mSELECT * FROM "subscriptions" WHERE ("subscriptions"."id" = 1) [0m
  [4;35;1mPluginTestModels::Subscription Load (0.2ms)[0m   [0mSELECT * FROM "subscriptions" WHERE ("subscriptions".user_id = 1) LIMIT 1[0m
WARNING: Can't mass-assign these protected attributes: id
  [4;36;1mPluginTestModels::Subscription Load (0.2ms)[0m   [0;1mSELECT * FROM "subscriptions" WHERE ("subscriptions"."id" = 1) [0m
  [4;35;1mPluginTestModels::User Load (0.1ms)[0m   [0mSELECT * FROM "users" LIMIT 1[0m
  [4;36;1mPluginTestModels::User Load (0.1ms)[0m   [0;1mSELECT * FROM "users" LIMIT 1[0m
  [4;35;1mPluginTestModels::Role Load (0.2ms)[0m   [0mSELECT * FROM "roles" INNER JOIN "roles_users" ON "roles".id = "roles_users".role_id WHERE ("roles_users".user_id = 1 ) [0m
  [4;36;1mPluginTestModels::User Load (0.1ms)[0m   [0;1mSELECT * FROM "users" LIMIT 1[0m
  [4;35;1mPluginTestModels::Role Load (0.2ms)[0m   [0mSELECT * FROM "roles" INNER JOIN "roles_users" ON "roles".id = "roles_users".role_id WHERE ("roles_users".user_id = 1 ) [0m
  [4;36;1mPluginTestModels::User Load (0.1ms)[0m   [0;1mSELECT * FROM "users" LIMIT 1[0m
  [4;35;1mPluginTestModels::Address Load (0.2ms)[0m   [0mSELECT * FROM "addresses" WHERE ("addresses".addressable_id = 1 AND "addresses".addressable_type = 'PluginTestModels::User') LIMIT 1[0m
  [4;36;1mSQL (0.2ms)[0m   [0;1mselect sqlite_version(*)[0m
  [4;35;1mSQL (0.1ms)[0m   [0m SELECT name
 FROM sqlite_master
 WHERE type = 'table' AND NOT name = 'sqlite_sequence'
[0m
  [4;36;1mSQL (0.3ms)[0m   [0;1mCREATE TABLE "addresses" ("id" INTEGER PRIMARY KEY AUTOINCREMENT NOT NULL, "name" varchar(255), "addressable_id" integer, "addressable_type" varchar(255)) [0m
  [4;35;1mSQL (0.1ms)[0m   [0m SELECT name
 FROM sqlite_master
 WHERE type = 'table' AND NOT name = 'sqlite_sequence'
[0m
  [4;36;1mSQL (0.1ms)[0m   [0;1mCREATE TABLE "users" ("id" INTEGER PRIMARY KEY AUTOINCREMENT NOT NULL, "name" varchar(255)) [0m
  [4;35;1mSQL (0.2ms)[0m   [0m SELECT name
 FROM sqlite_master
 WHERE type = 'table' AND NOT name = 'sqlite_sequence'
[0m
  [4;36;1mSQL (0.1ms)[0m   [0;1mCREATE TABLE "roles_users" ("user_id" integer, "role_id" integer) [0m
  [4;35;1mSQL (0.2ms)[0m   [0m SELECT name
 FROM sqlite_master
 WHERE type = 'table' AND NOT name = 'sqlite_sequence'
[0m
  [4;36;1mSQL (0.1ms)[0m   [0;1mCREATE TABLE "services" ("id" INTEGER PRIMARY KEY AUTOINCREMENT NOT NULL, "name" varchar(255)) [0m
  [4;35;1mSQL (0.2ms)[0m   [0m SELECT name
 FROM sqlite_master
 WHERE type = 'table' AND NOT name = 'sqlite_sequence'
[0m
  [4;36;1mSQL (0.1ms)[0m   [0;1mCREATE TABLE "subscriptions" ("id" INTEGER PRIMARY KEY AUTOINCREMENT NOT NULL, "name" varchar(255), "service_id" integer, "user_id" integer) [0m
  [4;35;1mSQL (0.3ms)[0m   [0m SELECT name
 FROM sqlite_master
 WHERE type = 'table' AND NOT name = 'sqlite_sequence'
[0m
  [4;36;1mSQL (0.1ms)[0m   [0;1mCREATE TABLE "roles" ("id" INTEGER PRIMARY KEY AUTOINCREMENT NOT NULL, "name" varchar(255)) [0m
  [4;35;1mSQL (0.3ms)[0m   [0m SELECT name
 FROM sqlite_master
 WHERE type = 'table' AND NOT name = 'sqlite_sequence'
[0m
  [4;36;1mSQL (0.1ms)[0m   [0;1mCREATE TABLE "schema_migrations" ("version" varchar(255) NOT NULL) [0m
  [4;35;1mSQL (0.1ms)[0m   [0mCREATE UNIQUE INDEX "unique_schema_migrations" ON "schema_migrations" ("version")[0m
  [4;36;1mSQL (0.4ms)[0m   [0;1m SELECT name
 FROM sqlite_master
 WHERE type = 'table' AND NOT name = 'sqlite_sequence'
[0m
  [4;35;1mSQL (0.1ms)[0m   [0mSELECT version FROM "schema_migrations"[0m
  [4;36;1mSQL (0.1ms)[0m   [0;1mINSERT INTO "schema_migrations" (version) VALUES ('1')[0m
Unable to load roles_user, underlying cause no such file to load -- roles_user.rb 

 /usr/lib/ruby/gems/1.8/gems/activesupport-2.2.2/lib/active_support/dependencies.rb:382:in `load_without_new_constant_marking'
/usr/lib/ruby/gems/1.8/gems/activesupport-2.2.2/lib/active_support/dependencies.rb:382:in `load_file'
/usr/lib/ruby/gems/1.8/gems/activesupport-2.2.2/lib/active_support/dependencies.rb:521:in `new_constants_in'
/usr/lib/ruby/gems/1.8/gems/activesupport-2.2.2/lib/active_support/dependencies.rb:381:in `load_file'
/usr/lib/ruby/gems/1.8/gems/activesupport-2.2.2/lib/active_support/dependencies.rb:256:in `require_or_load'
/usr/lib/ruby/gems/1.8/gems/activesupport-2.2.2/lib/active_support/dependencies.rb:221:in `depend_on'
/usr/lib/ruby/gems/1.8/gems/activesupport-2.2.2/lib/active_support/dependencies.rb:133:in `require_dependency'
/usr/lib/ruby/gems/1.8/gems/activerecord-2.2.2/lib/active_record/fixtures.rb:856:in `try_to_load_dependency'
/usr/lib/ruby/gems/1.8/gems/activerecord-2.2.2/lib/active_record/fixtures.rb:871:in `require_fixture_classes'
/usr/lib/ruby/gems/1.8/gems/activerecord-2.2.2/lib/active_record/fixtures.rb:868:in `each'
/usr/lib/ruby/gems/1.8/gems/activerecord-2.2.2/lib/active_record/fixtures.rb:868:in `require_fixture_classes'
/usr/lib/ruby/gems/1.8/gems/activerecord-2.2.2/lib/active_record/fixtures.rb:851:in `fixtures'
./test/unit/../test_helper.rb:35
./test/unit/nested_assignment_test.rb:1:in `require'
./test/unit/nested_assignment_test.rb:1
/usr/lib/ruby/gems/1.8/gems/rake-0.8.3/lib/rake/rake_test_loader.rb:5:in `load'
/usr/lib/ruby/gems/1.8/gems/rake-0.8.3/lib/rake/rake_test_loader.rb:5
/usr/lib/ruby/gems/1.8/gems/rake-0.8.3/lib/rake/rake_test_loader.rb:5:in `each'
/usr/lib/ruby/gems/1.8/gems/rake-0.8.3/lib/rake/rake_test_loader.rb:5
Unable to load service, underlying cause no such file to load -- service.rb 

 /usr/lib/ruby/gems/1.8/gems/activesupport-2.2.2/lib/active_support/dependencies.rb:382:in `load_without_new_constant_marking'
/usr/lib/ruby/gems/1.8/gems/activesupport-2.2.2/lib/active_support/dependencies.rb:382:in `load_file'
/usr/lib/ruby/gems/1.8/gems/activesupport-2.2.2/lib/active_support/dependencies.rb:521:in `new_constants_in'
/usr/lib/ruby/gems/1.8/gems/activesupport-2.2.2/lib/active_support/dependencies.rb:381:in `load_file'
/usr/lib/ruby/gems/1.8/gems/activesupport-2.2.2/lib/active_support/dependencies.rb:256:in `require_or_load'
/usr/lib/ruby/gems/1.8/gems/activesupport-2.2.2/lib/active_support/dependencies.rb:221:in `depend_on'
/usr/lib/ruby/gems/1.8/gems/activesupport-2.2.2/lib/active_support/dependencies.rb:133:in `require_dependency'
/usr/lib/ruby/gems/1.8/gems/activerecord-2.2.2/lib/active_record/fixtures.rb:856:in `try_to_load_dependency'
/usr/lib/ruby/gems/1.8/gems/activerecord-2.2.2/lib/active_record/fixtures.rb:871:in `require_fixture_classes'
/usr/lib/ruby/gems/1.8/gems/activerecord-2.2.2/lib/active_record/fixtures.rb:868:in `each'
/usr/lib/ruby/gems/1.8/gems/activerecord-2.2.2/lib/active_record/fixtures.rb:868:in `require_fixture_classes'
/usr/lib/ruby/gems/1.8/gems/activerecord-2.2.2/lib/active_record/fixtures.rb:851:in `fixtures'
./test/unit/../test_helper.rb:35
./test/unit/nested_assignment_test.rb:1:in `require'
./test/unit/nested_assignment_test.rb:1
/usr/lib/ruby/gems/1.8/gems/rake-0.8.3/lib/rake/rake_test_loader.rb:5:in `load'
/usr/lib/ruby/gems/1.8/gems/rake-0.8.3/lib/rake/rake_test_loader.rb:5
/usr/lib/ruby/gems/1.8/gems/rake-0.8.3/lib/rake/rake_test_loader.rb:5:in `each'
/usr/lib/ruby/gems/1.8/gems/rake-0.8.3/lib/rake/rake_test_loader.rb:5
Unable to load subscription, underlying cause no such file to load -- subscription.rb 

 /usr/lib/ruby/gems/1.8/gems/activesupport-2.2.2/lib/active_support/dependencies.rb:382:in `load_without_new_constant_marking'
/usr/lib/ruby/gems/1.8/gems/activesupport-2.2.2/lib/active_support/dependencies.rb:382:in `load_file'
/usr/lib/ruby/gems/1.8/gems/activesupport-2.2.2/lib/active_support/dependencies.rb:521:in `new_constants_in'
/usr/lib/ruby/gems/1.8/gems/activesupport-2.2.2/lib/active_support/dependencies.rb:381:in `load_file'
/usr/lib/ruby/gems/1.8/gems/activesupport-2.2.2/lib/active_support/dependencies.rb:256:in `require_or_load'
/usr/lib/ruby/gems/1.8/gems/activesupport-2.2.2/lib/active_support/dependencies.rb:221:in `depend_on'
/usr/lib/ruby/gems/1.8/gems/activesupport-2.2.2/lib/active_support/dependencies.rb:133:in `require_dependency'
/usr/lib/ruby/gems/1.8/gems/activerecord-2.2.2/lib/active_record/fixtures.rb:856:in `try_to_load_dependency'
/usr/lib/ruby/gems/1.8/gems/activerecord-2.2.2/lib/active_record/fixtures.rb:871:in `require_fixture_classes'
/usr/lib/ruby/gems/1.8/gems/activerecord-2.2.2/lib/active_record/fixtures.rb:868:in `each'
/usr/lib/ruby/gems/1.8/gems/activerecord-2.2.2/lib/active_record/fixtures.rb:868:in `require_fixture_classes'
/usr/lib/ruby/gems/1.8/gems/activerecord-2.2.2/lib/active_record/fixtures.rb:851:in `fixtures'
./test/unit/../test_helper.rb:35
./test/unit/nested_assignment_test.rb:1:in `require'
./test/unit/nested_assignment_test.rb:1
/usr/lib/ruby/gems/1.8/gems/rake-0.8.3/lib/rake/rake_test_loader.rb:5:in `load'
/usr/lib/ruby/gems/1.8/gems/rake-0.8.3/lib/rake/rake_test_loader.rb:5
/usr/lib/ruby/gems/1.8/gems/rake-0.8.3/lib/rake/rake_test_loader.rb:5:in `each'
/usr/lib/ruby/gems/1.8/gems/rake-0.8.3/lib/rake/rake_test_loader.rb:5
Unable to load address, underlying cause no such file to load -- address.rb 

 /usr/lib/ruby/gems/1.8/gems/activesupport-2.2.2/lib/active_support/dependencies.rb:382:in `load_without_new_constant_marking'
/usr/lib/ruby/gems/1.8/gems/activesupport-2.2.2/lib/active_support/dependencies.rb:382:in `load_file'
/usr/lib/ruby/gems/1.8/gems/activesupport-2.2.2/lib/active_support/dependencies.rb:521:in `new_constants_in'
/usr/lib/ruby/gems/1.8/gems/activesupport-2.2.2/lib/active_support/dependencies.rb:381:in `load_file'
/usr/lib/ruby/gems/1.8/gems/activesupport-2.2.2/lib/active_support/dependencies.rb:256:in `require_or_load'
/usr/lib/ruby/gems/1.8/gems/activesupport-2.2.2/lib/active_support/dependencies.rb:221:in `depend_on'
/usr/lib/ruby/gems/1.8/gems/activesupport-2.2.2/lib/active_support/dependencies.rb:133:in `require_dependency'
/usr/lib/ruby/gems/1.8/gems/activerecord-2.2.2/lib/active_record/fixtures.rb:856:in `try_to_load_dependency'
/usr/lib/ruby/gems/1.8/gems/activerecord-2.2.2/lib/active_record/fixtures.rb:871:in `require_fixture_classes'
/usr/lib/ruby/gems/1.8/gems/activerecord-2.2.2/lib/active_record/fixtures.rb:868:in `each'
/usr/lib/ruby/gems/1.8/gems/activerecord-2.2.2/lib/active_record/fixtures.rb:868:in `require_fixture_classes'
/usr/lib/ruby/gems/1.8/gems/activerecord-2.2.2/lib/active_record/fixtures.rb:851:in `fixtures'
./test/unit/../test_helper.rb:35
./test/unit/nested_assignment_test.rb:1:in `require'
./test/unit/nested_assignment_test.rb:1
/usr/lib/ruby/gems/1.8/gems/rake-0.8.3/lib/rake/rake_test_loader.rb:5:in `load'
/usr/lib/ruby/gems/1.8/gems/rake-0.8.3/lib/rake/rake_test_loader.rb:5
/usr/lib/ruby/gems/1.8/gems/rake-0.8.3/lib/rake/rake_test_loader.rb:5:in `each'
/usr/lib/ruby/gems/1.8/gems/rake-0.8.3/lib/rake/rake_test_loader.rb:5
Unable to load user, underlying cause no such file to load -- user.rb 

 /usr/lib/ruby/gems/1.8/gems/activesupport-2.2.2/lib/active_support/dependencies.rb:382:in `load_without_new_constant_marking'
/usr/lib/ruby/gems/1.8/gems/activesupport-2.2.2/lib/active_support/dependencies.rb:382:in `load_file'
/usr/lib/ruby/gems/1.8/gems/activesupport-2.2.2/lib/active_support/dependencies.rb:521:in `new_constants_in'
/usr/lib/ruby/gems/1.8/gems/activesupport-2.2.2/lib/active_support/dependencies.rb:381:in `load_file'
/usr/lib/ruby/gems/1.8/gems/activesupport-2.2.2/lib/active_support/dependencies.rb:256:in `require_or_load'
/usr/lib/ruby/gems/1.8/gems/activesupport-2.2.2/lib/active_support/dependencies.rb:221:in `depend_on'
/usr/lib/ruby/gems/1.8/gems/activesupport-2.2.2/lib/active_support/dependencies.rb:133:in `require_dependency'
/usr/lib/ruby/gems/1.8/gems/activerecord-2.2.2/lib/active_record/fixtures.rb:856:in `try_to_load_dependency'
/usr/lib/ruby/gems/1.8/gems/activerecord-2.2.2/lib/active_record/fixtures.rb:871:in `require_fixture_classes'
/usr/lib/ruby/gems/1.8/gems/activerecord-2.2.2/lib/active_record/fixtures.rb:868:in `each'
/usr/lib/ruby/gems/1.8/gems/activerecord-2.2.2/lib/active_record/fixtures.rb:868:in `require_fixture_classes'
/usr/lib/ruby/gems/1.8/gems/activerecord-2.2.2/lib/active_record/fixtures.rb:851:in `fixtures'
./test/unit/../test_helper.rb:35
./test/unit/nested_assignment_test.rb:1:in `require'
./test/unit/nested_assignment_test.rb:1
/usr/lib/ruby/gems/1.8/gems/rake-0.8.3/lib/rake/rake_test_loader.rb:5:in `load'
/usr/lib/ruby/gems/1.8/gems/rake-0.8.3/lib/rake/rake_test_loader.rb:5
/usr/lib/ruby/gems/1.8/gems/rake-0.8.3/lib/rake/rake_test_loader.rb:5:in `each'
/usr/lib/ruby/gems/1.8/gems/rake-0.8.3/lib/rake/rake_test_loader.rb:5
Unable to load role, underlying cause no such file to load -- role.rb 

 /usr/lib/ruby/gems/1.8/gems/activesupport-2.2.2/lib/active_support/dependencies.rb:382:in `load_without_new_constant_marking'
/usr/lib/ruby/gems/1.8/gems/activesupport-2.2.2/lib/active_support/dependencies.rb:382:in `load_file'
/usr/lib/ruby/gems/1.8/gems/activesupport-2.2.2/lib/active_support/dependencies.rb:521:in `new_constants_in'
/usr/lib/ruby/gems/1.8/gems/activesupport-2.2.2/lib/active_support/dependencies.rb:381:in `load_file'
/usr/lib/ruby/gems/1.8/gems/activesupport-2.2.2/lib/active_support/dependencies.rb:256:in `require_or_load'
/usr/lib/ruby/gems/1.8/gems/activesupport-2.2.2/lib/active_support/dependencies.rb:221:in `depend_on'
/usr/lib/ruby/gems/1.8/gems/activesupport-2.2.2/lib/active_support/dependencies.rb:133:in `require_dependency'
/usr/lib/ruby/gems/1.8/gems/activerecord-2.2.2/lib/active_record/fixtures.rb:856:in `try_to_load_dependency'
/usr/lib/ruby/gems/1.8/gems/activerecord-2.2.2/lib/active_record/fixtures.rb:871:in `require_fixture_classes'
/usr/lib/ruby/gems/1.8/gems/activerecord-2.2.2/lib/active_record/fixtures.rb:868:in `each'
/usr/lib/ruby/gems/1.8/gems/activerecord-2.2.2/lib/active_record/fixtures.rb:868:in `require_fixture_classes'
/usr/lib/ruby/gems/1.8/gems/activerecord-2.2.2/lib/active_record/fixtures.rb:851:in `fixtures'
./test/unit/../test_helper.rb:35
./test/unit/nested_assignment_test.rb:1:in `require'
./test/unit/nested_assignment_test.rb:1
/usr/lib/ruby/gems/1.8/gems/rake-0.8.3/lib/rake/rake_test_loader.rb:5:in `load'
/usr/lib/ruby/gems/1.8/gems/rake-0.8.3/lib/rake/rake_test_loader.rb:5
/usr/lib/ruby/gems/1.8/gems/rake-0.8.3/lib/rake/rake_test_loader.rb:5:in `each'
/usr/lib/ruby/gems/1.8/gems/rake-0.8.3/lib/rake/rake_test_loader.rb:5
  [4;35;1mPluginTestModels::User Load (0.1ms)[0m   [0mSELECT * FROM "users" WHERE ("users"."id" = 1) [0m
  [4;36;1mPluginTestModels::Subscription Load (0.2ms)[0m   [0;1mSELECT * FROM "subscriptions" WHERE ("subscriptions"."id" = 1) [0m
  [4;35;1mPluginTestModels::User Load (0.1ms)[0m   [0mSELECT * FROM "users" WHERE ("users"."id" = 1) [0m
  [4;36;1mPluginTestModels::User Load (0.1ms)[0m   [0;1mSELECT * FROM "users" WHERE ("users"."id" = 1) [0m
  [4;35;1mPluginTestModels::User Load (0.1ms)[0m   [0mSELECT * FROM "users" WHERE ("users"."id" = 1) [0m
  [4;36;1mPluginTestModels::Subscription Load (0.2ms)[0m   [0;1mSELECT * FROM "subscriptions" WHERE ("subscriptions"."id" = 1) [0m
  [4;35;1mPluginTestModels::User Load (0.1ms)[0m   [0mSELECT * FROM "users" WHERE ("users"."id" = 1) [0m
  [4;36;1mPluginTestModels::Subscription Load (0.2ms)[0m   [0;1mSELECT * FROM "subscriptions" WHERE ("subscriptions"."id" = 1) [0m
  [4;35;1mPluginTestModels::User Load (0.1ms)[0m   [0mSELECT * FROM "users" WHERE ("users"."id" = 1) [0m
  [4;36;1mPluginTestModels::User Load (0.1ms)[0m   [0;1mSELECT * FROM "users" WHERE ("users"."id" = 1) [0m
  [4;35;1mPluginTestModels::Subscription Load (0.2ms)[0m   [0mSELECT * FROM "subscriptions" WHERE ("subscriptions"."id" = 1) [0m
  [4;36;1mPluginTestModels::User Load (0.1ms)[0m   [0;1mSELECT * FROM "users" WHERE ("users"."id" = 1) [0m
WARNING: Can't mass-assign these protected attributes: id
  [4;35;1mPluginTestModels::User Load (0.1ms)[0m   [0mSELECT * FROM "users" WHERE ("users"."id" = 1) [0m
  [4;36;1mPluginTestModels::User Load (0.1ms)[0m   [0;1mSELECT * FROM "users" WHERE ("users"."id" = 1) [0m
  [4;35;1mPluginTestModels::Role Load (0.1ms)[0m   [0mSELECT * FROM "roles" WHERE ("roles"."id" = 1) [0m
  [4;36;1mPluginTestModels::Role Load (0.2ms)[0m   [0;1mSELECT * FROM "roles" INNER JOIN "roles_users" ON "roles".id = "roles_users".role_id WHERE ("roles_users".user_id = 1 ) [0m
  [4;35;1mPluginTestModels::User Load (0.1ms)[0m   [0mSELECT * FROM "users" WHERE ("users"."id" = 1) [0m
  [4;36;1mPluginTestModels::Role Load (0.1ms)[0m   [0;1mSELECT * FROM "roles" WHERE ("roles"."id" = 1) [0m
  [4;35;1mPluginTestModels::Role Load (0.2ms)[0m   [0mSELECT * FROM "roles" INNER JOIN "roles_users" ON "roles".id = "roles_users".role_id WHERE ("roles_users".user_id = 1 ) [0m
  [4;36;1mPluginTestModels::User Load (0.1ms)[0m   [0;1mSELECT * FROM "users" WHERE ("users"."id" = 1) [0m
  [4;35;1mPluginTestModels::Role Load (0.1ms)[0m   [0mSELECT * FROM "roles" WHERE ("roles"."id" = 1) [0m
  [4;36;1mPluginTestModels::Role Load (0.2ms)[0m   [0;1mSELECT * FROM "roles" INNER JOIN "roles_users" ON "roles".id = "roles_users".role_id WHERE ("roles_users".user_id = 1 ) [0m
  [4;35;1mPluginTestModels::User Load (0.1ms)[0m   [0mSELECT * FROM "users" WHERE ("users"."id" = 1) [0m
  [4;36;1mPluginTestModels::Role Load (0.1ms)[0m   [0;1mSELECT * FROM "roles" WHERE ("roles"."id" = 1) [0m
  [4;35;1mPluginTestModels::Role Load (0.2ms)[0m   [0mSELECT * FROM "roles" INNER JOIN "roles_users" ON "roles".id = "roles_users".role_id WHERE ("roles_users".user_id = 1 ) [0m
WARNING: Can't mass-assign these protected attributes: id
  [4;36;1mPluginTestModels::Role Load (0.1ms)[0m   [0;1mSELECT * FROM "roles" WHERE ("roles"."id" = 1) [0m
  [4;35;1mPluginTestModels::Service Load (0.1ms)[0m   [0mSELECT * FROM "services" WHERE ("services"."id" = 1) [0m
  [4;36;1mPluginTestModels::Subscription Load (0.2ms)[0m   [0;1mSELECT * FROM "subscriptions" WHERE ("subscriptions"."id" = 1) [0m
  [4;35;1mPluginTestModels::Subscription Load (0.2ms)[0m   [0mSELECT * FROM "subscriptions" WHERE ("subscriptions".service_id = 1) [0m
  [4;36;1mPluginTestModels::Service Load (0.1ms)[0m   [0;1mSELECT * FROM "services" WHERE ("services"."id" = 1) [0m
  [4;35;1mPluginTestModels::Subscription Load (0.2ms)[0m   [0mSELECT * FROM "subscriptions" WHERE ("subscriptions"."id" = 1) [0m
  [4;36;1mPluginTestModels::Subscription Load (0.2ms)[0m   [0;1mSELECT * FROM "subscriptions" WHERE ("subscriptions".service_id = 1) [0m
  [4;35;1mPluginTestModels::Service Load (0.1ms)[0m   [0mSELECT * FROM "services" WHERE ("services"."id" = 1) [0m
  [4;36;1mPluginTestModels::Subscription Load (0.2ms)[0m   [0;1mSELECT * FROM "subscriptions" WHERE ("subscriptions"."id" = 1) [0m
  [4;35;1mPluginTestModels::Subscription Load (0.2ms)[0m   [0mSELECT * FROM "subscriptions" WHERE ("subscriptions".service_id = 1) [0m
  [4;36;1mPluginTestModels::Service Load (0.1ms)[0m   [0;1mSELECT * FROM "services" WHERE ("services"."id" = 1) [0m
  [4;35;1mPluginTestModels::Subscription Load (0.2ms)[0m   [0mSELECT * FROM "subscriptions" WHERE ("subscriptions"."id" = 1) [0m
  [4;36;1mPluginTestModels::Subscription Load (0.2ms)[0m   [0;1mSELECT * FROM "subscriptions" WHERE ("subscriptions".service_id = 1) [0m
WARNING: Can't mass-assign these protected attributes: id
  [4;35;1mPluginTestModels::Subscription Load (0.2ms)[0m   [0mSELECT * FROM "subscriptions" WHERE ("subscriptions"."id" = 1) [0m
  [4;36;1mPluginTestModels::User Load (0.1ms)[0m   [0;1mSELECT * FROM "users" WHERE ("users"."id" = 1) [0m
  [4;35;1mPluginTestModels::Service Load (0.1ms)[0m   [0mSELECT * FROM "services" WHERE ("services"."id" = 1) [0m
  [4;36;1mPluginTestModels::Service Load (0.2ms)[0m   [0;1mSELECT "services".* FROM "services" INNER JOIN subscriptions ON services.id = subscriptions.service_id WHERE (("subscriptions".user_id = 1)) [0m
  [4;35;1mPluginTestModels::User Load (0.1ms)[0m   [0mSELECT * FROM "users" WHERE ("users"."id" = 1) [0m
  [4;36;1mPluginTestModels::Service Load (0.1ms)[0m   [0;1mSELECT * FROM "services" WHERE ("services"."id" = 1) [0m
  [4;35;1mPluginTestModels::Service Load (0.1ms)[0m   [0mSELECT "services".* FROM "services" INNER JOIN subscriptions ON services.id = subscriptions.service_id WHERE (("subscriptions".user_id = 1)) [0m
  [4;36;1mPluginTestModels::User Load (0.1ms)[0m   [0;1mSELECT * FROM "users" WHERE ("users"."id" = 1) [0m
  [4;35;1mPluginTestModels::Service Load (0.1ms)[0m   [0mSELECT * FROM "services" WHERE ("services"."id" = 1) [0m
  [4;36;1mPluginTestModels::Service Load (0.1ms)[0m   [0;1mSELECT "services".* FROM "services" INNER JOIN subscriptions ON services.id = subscriptions.service_id WHERE (("subscriptions".user_id = 1)) [0m
  [4;35;1mPluginTestModels::User Load (0.1ms)[0m   [0mSELECT * FROM "users" WHERE ("users"."id" = 1) [0m
  [4;36;1mPluginTestModels::Service Load (0.1ms)[0m   [0;1mSELECT * FROM "services" WHERE ("services"."id" = 1) [0m
  [4;35;1mPluginTestModels::Service Load (0.1ms)[0m   [0mSELECT "services".* FROM "services" INNER JOIN subscriptions ON services.id = subscriptions.service_id WHERE (("subscriptions".user_id = 1)) [0m
WARNING: Can't mass-assign these protected attributes: id
  [4;36;1mPluginTestModels::Service Load (0.1ms)[0m   [0;1mSELECT * FROM "services" WHERE ("services"."id" = 1) [0m
  [4;35;1mPluginTestModels::User Load (0.1ms)[0m   [0mSELECT * FROM "users" WHERE ("users"."id" = 1) [0m
  [4;36;1mPluginTestModels::Subscription Load (0.2ms)[0m   [0;1mSELECT * FROM "subscriptions" WHERE ("subscriptions"."id" = 1) [0m
  [4;35;1mPluginTestModels::Subscription Load (0.2ms)[0m   [0mSELECT * FROM "subscriptions" WHERE ("subscriptions".user_id = 1) LIMIT 1[0m
  [4;36;1mPluginTestModels::Subscription Load (0.2ms)[0m   [0;1mSELECT * FROM "subscriptions" WHERE ("subscriptions"."id" = 1) [0m
  [4;35;1mPluginTestModels::User Load (0.1ms)[0m   [0mSELECT * FROM "users" WHERE ("users"."id" = 1) [0m
  [4;36;1mPluginTestModels::Subscription Load (0.2ms)[0m   [0;1mSELECT * FROM "subscriptions" WHERE ("subscriptions"."id" = 1) [0m
  [4;35;1mPluginTestModels::Subscription Load (0.2ms)[0m   [0mSELECT * FROM "subscriptions" WHERE ("subscriptions".user_id = 1) LIMIT 1[0m
  [4;36;1mPluginTestModels::Subscription Update (0.1ms)[0m   [0;1mUPDATE "subscriptions" SET "user_id" = NULL WHERE "id" = 1[0m
  [4;35;1mPluginTestModels::Subscription Load (0.2ms)[0m   [0mSELECT * FROM "subscriptions" WHERE ("subscriptions"."id" = 1) [0m
  [4;36;1mPluginTestModels::User Load (0.1ms)[0m   [0;1mSELECT * FROM "users" WHERE ("users"."id" = 1) [0m
  [4;35;1mPluginTestModels::Subscription Load (0.2ms)[0m   [0mSELECT * FROM "subscriptions" WHERE ("subscriptions"."id" = 1) [0m
  [4;36;1mPluginTestModels::Subscription Load (0.2ms)[0m   [0;1mSELECT * FROM "subscriptions" WHERE ("subscriptions".user_id = 1) LIMIT 1[0m
WARNING: Can't mass-assign these protected attributes: id
  [4;35;1mPluginTestModels::Subscription Load (0.2ms)[0m   [0mSELECT * FROM "subscriptions" WHERE ("subscriptions"."id" = 1) [0m
  [4;36;1mPluginTestModels::User Load (0.1ms)[0m   [0;1mSELECT * FROM "users" LIMIT 1[0m
  [4;35;1mPluginTestModels::User Load (0.1ms)[0m   [0mSELECT * FROM "users" LIMIT 1[0m
  [4;36;1mPluginTestModels::Role Load (0.2ms)[0m   [0;1mSELECT * FROM "roles" INNER JOIN "roles_users" ON "roles".id = "roles_users".role_id WHERE ("roles_users".user_id = 1 ) [0m
  [4;35;1mPluginTestModels::User Load (0.1ms)[0m   [0mSELECT * FROM "users" LIMIT 1[0m
  [4;36;1mPluginTestModels::Role Load (0.2ms)[0m   [0;1mSELECT * FROM "roles" INNER JOIN "roles_users" ON "roles".id = "roles_users".role_id WHERE ("roles_users".user_id = 1 ) [0m
  [4;35;1mPluginTestModels::User Load (0.1ms)[0m   [0mSELECT * FROM "users" LIMIT 1[0m
  [4;36;1mPluginTestModels::Address Load (0.2ms)[0m   [0;1mSELECT * FROM "addresses" WHERE ("addresses".addressable_id = 1 AND "addresses".addressable_type = 'PluginTestModels::User') LIMIT 1[0m
  [4;36;1mSQL (0.2ms)[0m   [0;1mselect sqlite_version(*)[0m
  [4;35;1mSQL (0.1ms)[0m   [0m SELECT name
 FROM sqlite_master
 WHERE type = 'table' AND NOT name = 'sqlite_sequence'
[0m
  [4;36;1mSQL (0.3ms)[0m   [0;1mCREATE TABLE "addresses" ("id" INTEGER PRIMARY KEY AUTOINCREMENT NOT NULL, "name" varchar(255), "addressable_id" integer, "addressable_type" varchar(255)) [0m
  [4;35;1mSQL (0.1ms)[0m   [0m SELECT name
 FROM sqlite_master
 WHERE type = 'table' AND NOT name = 'sqlite_sequence'
[0m
  [4;36;1mSQL (0.1ms)[0m   [0;1mCREATE TABLE "users" ("id" INTEGER PRIMARY KEY AUTOINCREMENT NOT NULL, "name" varchar(255)) [0m
  [4;35;1mSQL (0.2ms)[0m   [0m SELECT name
 FROM sqlite_master
 WHERE type = 'table' AND NOT name = 'sqlite_sequence'
[0m
  [4;36;1mSQL (0.1ms)[0m   [0;1mCREATE TABLE "roles_users" ("user_id" integer, "role_id" integer) [0m
  [4;35;1mSQL (0.2ms)[0m   [0m SELECT name
 FROM sqlite_master
 WHERE type = 'table' AND NOT name = 'sqlite_sequence'
[0m
  [4;36;1mSQL (0.1ms)[0m   [0;1mCREATE TABLE "services" ("id" INTEGER PRIMARY KEY AUTOINCREMENT NOT NULL, "name" varchar(255)) [0m
  [4;35;1mSQL (0.2ms)[0m   [0m SELECT name
 FROM sqlite_master
 WHERE type = 'table' AND NOT name = 'sqlite_sequence'
[0m
  [4;36;1mSQL (0.1ms)[0m   [0;1mCREATE TABLE "subscriptions" ("id" INTEGER PRIMARY KEY AUTOINCREMENT NOT NULL, "name" varchar(255), "service_id" integer, "user_id" integer) [0m
  [4;35;1mSQL (0.3ms)[0m   [0m SELECT name
 FROM sqlite_master
 WHERE type = 'table' AND NOT name = 'sqlite_sequence'
[0m
  [4;36;1mSQL (0.1ms)[0m   [0;1mCREATE TABLE "roles" ("id" INTEGER PRIMARY KEY AUTOINCREMENT NOT NULL, "name" varchar(255)) [0m
  [4;35;1mSQL (0.3ms)[0m   [0m SELECT name
 FROM sqlite_master
 WHERE type = 'table' AND NOT name = 'sqlite_sequence'
[0m
  [4;36;1mSQL (0.1ms)[0m   [0;1mCREATE TABLE "schema_migrations" ("version" varchar(255) NOT NULL) [0m
  [4;35;1mSQL (0.1ms)[0m   [0mCREATE UNIQUE INDEX "unique_schema_migrations" ON "schema_migrations" ("version")[0m
  [4;36;1mSQL (0.4ms)[0m   [0;1m SELECT name
 FROM sqlite_master
 WHERE type = 'table' AND NOT name = 'sqlite_sequence'
[0m
  [4;35;1mSQL (0.1ms)[0m   [0mSELECT version FROM "schema_migrations"[0m
  [4;36;1mSQL (0.1ms)[0m   [0;1mINSERT INTO "schema_migrations" (version) VALUES ('1')[0m
Unable to load roles_user, underlying cause no such file to load -- roles_user.rb 

 /usr/lib/ruby/gems/1.8/gems/activesupport-2.2.2/lib/active_support/dependencies.rb:382:in `load_without_new_constant_marking'
/usr/lib/ruby/gems/1.8/gems/activesupport-2.2.2/lib/active_support/dependencies.rb:382:in `load_file'
/usr/lib/ruby/gems/1.8/gems/activesupport-2.2.2/lib/active_support/dependencies.rb:521:in `new_constants_in'
/usr/lib/ruby/gems/1.8/gems/activesupport-2.2.2/lib/active_support/dependencies.rb:381:in `load_file'
/usr/lib/ruby/gems/1.8/gems/activesupport-2.2.2/lib/active_support/dependencies.rb:256:in `require_or_load'
/usr/lib/ruby/gems/1.8/gems/activesupport-2.2.2/lib/active_support/dependencies.rb:221:in `depend_on'
/usr/lib/ruby/gems/1.8/gems/activesupport-2.2.2/lib/active_support/dependencies.rb:133:in `require_dependency'
/usr/lib/ruby/gems/1.8/gems/activerecord-2.2.2/lib/active_record/fixtures.rb:856:in `try_to_load_dependency'
/usr/lib/ruby/gems/1.8/gems/activerecord-2.2.2/lib/active_record/fixtures.rb:871:in `require_fixture_classes'
/usr/lib/ruby/gems/1.8/gems/activerecord-2.2.2/lib/active_record/fixtures.rb:868:in `each'
/usr/lib/ruby/gems/1.8/gems/activerecord-2.2.2/lib/active_record/fixtures.rb:868:in `require_fixture_classes'
/usr/lib/ruby/gems/1.8/gems/activerecord-2.2.2/lib/active_record/fixtures.rb:851:in `fixtures'
./test/unit/../test_helper.rb:35
./test/unit/nested_assignment_test.rb:1:in `require'
./test/unit/nested_assignment_test.rb:1
/usr/lib/ruby/gems/1.8/gems/rake-0.8.3/lib/rake/rake_test_loader.rb:5:in `load'
/usr/lib/ruby/gems/1.8/gems/rake-0.8.3/lib/rake/rake_test_loader.rb:5
/usr/lib/ruby/gems/1.8/gems/rake-0.8.3/lib/rake/rake_test_loader.rb:5:in `each'
/usr/lib/ruby/gems/1.8/gems/rake-0.8.3/lib/rake/rake_test_loader.rb:5
Unable to load service, underlying cause no such file to load -- service.rb 

 /usr/lib/ruby/gems/1.8/gems/activesupport-2.2.2/lib/active_support/dependencies.rb:382:in `load_without_new_constant_marking'
/usr/lib/ruby/gems/1.8/gems/activesupport-2.2.2/lib/active_support/dependencies.rb:382:in `load_file'
/usr/lib/ruby/gems/1.8/gems/activesupport-2.2.2/lib/active_support/dependencies.rb:521:in `new_constants_in'
/usr/lib/ruby/gems/1.8/gems/activesupport-2.2.2/lib/active_support/dependencies.rb:381:in `load_file'
/usr/lib/ruby/gems/1.8/gems/activesupport-2.2.2/lib/active_support/dependencies.rb:256:in `require_or_load'
/usr/lib/ruby/gems/1.8/gems/activesupport-2.2.2/lib/active_support/dependencies.rb:221:in `depend_on'
/usr/lib/ruby/gems/1.8/gems/activesupport-2.2.2/lib/active_support/dependencies.rb:133:in `require_dependency'
/usr/lib/ruby/gems/1.8/gems/activerecord-2.2.2/lib/active_record/fixtures.rb:856:in `try_to_load_dependency'
/usr/lib/ruby/gems/1.8/gems/activerecord-2.2.2/lib/active_record/fixtures.rb:871:in `require_fixture_classes'
/usr/lib/ruby/gems/1.8/gems/activerecord-2.2.2/lib/active_record/fixtures.rb:868:in `each'
/usr/lib/ruby/gems/1.8/gems/activerecord-2.2.2/lib/active_record/fixtures.rb:868:in `require_fixture_classes'
/usr/lib/ruby/gems/1.8/gems/activerecord-2.2.2/lib/active_record/fixtures.rb:851:in `fixtures'
./test/unit/../test_helper.rb:35
./test/unit/nested_assignment_test.rb:1:in `require'
./test/unit/nested_assignment_test.rb:1
/usr/lib/ruby/gems/1.8/gems/rake-0.8.3/lib/rake/rake_test_loader.rb:5:in `load'
/usr/lib/ruby/gems/1.8/gems/rake-0.8.3/lib/rake/rake_test_loader.rb:5
/usr/lib/ruby/gems/1.8/gems/rake-0.8.3/lib/rake/rake_test_loader.rb:5:in `each'
/usr/lib/ruby/gems/1.8/gems/rake-0.8.3/lib/rake/rake_test_loader.rb:5
Unable to load subscription, underlying cause no such file to load -- subscription.rb 

 /usr/lib/ruby/gems/1.8/gems/activesupport-2.2.2/lib/active_support/dependencies.rb:382:in `load_without_new_constant_marking'
/usr/lib/ruby/gems/1.8/gems/activesupport-2.2.2/lib/active_support/dependencies.rb:382:in `load_file'
/usr/lib/ruby/gems/1.8/gems/activesupport-2.2.2/lib/active_support/dependencies.rb:521:in `new_constants_in'
/usr/lib/ruby/gems/1.8/gems/activesupport-2.2.2/lib/active_support/dependencies.rb:381:in `load_file'
/usr/lib/ruby/gems/1.8/gems/activesupport-2.2.2/lib/active_support/dependencies.rb:256:in `require_or_load'
/usr/lib/ruby/gems/1.8/gems/activesupport-2.2.2/lib/active_support/dependencies.rb:221:in `depend_on'
/usr/lib/ruby/gems/1.8/gems/activesupport-2.2.2/lib/active_support/dependencies.rb:133:in `require_dependency'
/usr/lib/ruby/gems/1.8/gems/activerecord-2.2.2/lib/active_record/fixtures.rb:856:in `try_to_load_dependency'
/usr/lib/ruby/gems/1.8/gems/activerecord-2.2.2/lib/active_record/fixtures.rb:871:in `require_fixture_classes'
/usr/lib/ruby/gems/1.8/gems/activerecord-2.2.2/lib/active_record/fixtures.rb:868:in `each'
/usr/lib/ruby/gems/1.8/gems/activerecord-2.2.2/lib/active_record/fixtures.rb:868:in `require_fixture_classes'
/usr/lib/ruby/gems/1.8/gems/activerecord-2.2.2/lib/active_record/fixtures.rb:851:in `fixtures'
./test/unit/../test_helper.rb:35
./test/unit/nested_assignment_test.rb:1:in `require'
./test/unit/nested_assignment_test.rb:1
/usr/lib/ruby/gems/1.8/gems/rake-0.8.3/lib/rake/rake_test_loader.rb:5:in `load'
/usr/lib/ruby/gems/1.8/gems/rake-0.8.3/lib/rake/rake_test_loader.rb:5
/usr/lib/ruby/gems/1.8/gems/rake-0.8.3/lib/rake/rake_test_loader.rb:5:in `each'
/usr/lib/ruby/gems/1.8/gems/rake-0.8.3/lib/rake/rake_test_loader.rb:5
Unable to load address, underlying cause no such file to load -- address.rb 

 /usr/lib/ruby/gems/1.8/gems/activesupport-2.2.2/lib/active_support/dependencies.rb:382:in `load_without_new_constant_marking'
/usr/lib/ruby/gems/1.8/gems/activesupport-2.2.2/lib/active_support/dependencies.rb:382:in `load_file'
/usr/lib/ruby/gems/1.8/gems/activesupport-2.2.2/lib/active_support/dependencies.rb:521:in `new_constants_in'
/usr/lib/ruby/gems/1.8/gems/activesupport-2.2.2/lib/active_support/dependencies.rb:381:in `load_file'
/usr/lib/ruby/gems/1.8/gems/activesupport-2.2.2/lib/active_support/dependencies.rb:256:in `require_or_load'
/usr/lib/ruby/gems/1.8/gems/activesupport-2.2.2/lib/active_support/dependencies.rb:221:in `depend_on'
/usr/lib/ruby/gems/1.8/gems/activesupport-2.2.2/lib/active_support/dependencies.rb:133:in `require_dependency'
/usr/lib/ruby/gems/1.8/gems/activerecord-2.2.2/lib/active_record/fixtures.rb:856:in `try_to_load_dependency'
/usr/lib/ruby/gems/1.8/gems/activerecord-2.2.2/lib/active_record/fixtures.rb:871:in `require_fixture_classes'
/usr/lib/ruby/gems/1.8/gems/activerecord-2.2.2/lib/active_record/fixtures.rb:868:in `each'
/usr/lib/ruby/gems/1.8/gems/activerecord-2.2.2/lib/active_record/fixtures.rb:868:in `require_fixture_classes'
/usr/lib/ruby/gems/1.8/gems/activerecord-2.2.2/lib/active_record/fixtures.rb:851:in `fixtures'
./test/unit/../test_helper.rb:35
./test/unit/nested_assignment_test.rb:1:in `require'
./test/unit/nested_assignment_test.rb:1
/usr/lib/ruby/gems/1.8/gems/rake-0.8.3/lib/rake/rake_test_loader.rb:5:in `load'
/usr/lib/ruby/gems/1.8/gems/rake-0.8.3/lib/rake/rake_test_loader.rb:5
/usr/lib/ruby/gems/1.8/gems/rake-0.8.3/lib/rake/rake_test_loader.rb:5:in `each'
/usr/lib/ruby/gems/1.8/gems/rake-0.8.3/lib/rake/rake_test_loader.rb:5
Unable to load user, underlying cause no such file to load -- user.rb 

 /usr/lib/ruby/gems/1.8/gems/activesupport-2.2.2/lib/active_support/dependencies.rb:382:in `load_without_new_constant_marking'
/usr/lib/ruby/gems/1.8/gems/activesupport-2.2.2/lib/active_support/dependencies.rb:382:in `load_file'
/usr/lib/ruby/gems/1.8/gems/activesupport-2.2.2/lib/active_support/dependencies.rb:521:in `new_constants_in'
/usr/lib/ruby/gems/1.8/gems/activesupport-2.2.2/lib/active_support/dependencies.rb:381:in `load_file'
/usr/lib/ruby/gems/1.8/gems/activesupport-2.2.2/lib/active_support/dependencies.rb:256:in `require_or_load'
/usr/lib/ruby/gems/1.8/gems/activesupport-2.2.2/lib/active_support/dependencies.rb:221:in `depend_on'
/usr/lib/ruby/gems/1.8/gems/activesupport-2.2.2/lib/active_support/dependencies.rb:133:in `require_dependency'
/usr/lib/ruby/gems/1.8/gems/activerecord-2.2.2/lib/active_record/fixtures.rb:856:in `try_to_load_dependency'
/usr/lib/ruby/gems/1.8/gems/activerecord-2.2.2/lib/active_record/fixtures.rb:871:in `require_fixture_classes'
/usr/lib/ruby/gems/1.8/gems/activerecord-2.2.2/lib/active_record/fixtures.rb:868:in `each'
/usr/lib/ruby/gems/1.8/gems/activerecord-2.2.2/lib/active_record/fixtures.rb:868:in `require_fixture_classes'
/usr/lib/ruby/gems/1.8/gems/activerecord-2.2.2/lib/active_record/fixtures.rb:851:in `fixtures'
./test/unit/../test_helper.rb:35
./test/unit/nested_assignment_test.rb:1:in `require'
./test/unit/nested_assignment_test.rb:1
/usr/lib/ruby/gems/1.8/gems/rake-0.8.3/lib/rake/rake_test_loader.rb:5:in `load'
/usr/lib/ruby/gems/1.8/gems/rake-0.8.3/lib/rake/rake_test_loader.rb:5
/usr/lib/ruby/gems/1.8/gems/rake-0.8.3/lib/rake/rake_test_loader.rb:5:in `each'
/usr/lib/ruby/gems/1.8/gems/rake-0.8.3/lib/rake/rake_test_loader.rb:5
Unable to load role, underlying cause no such file to load -- role.rb 

 /usr/lib/ruby/gems/1.8/gems/activesupport-2.2.2/lib/active_support/dependencies.rb:382:in `load_without_new_constant_marking'
/usr/lib/ruby/gems/1.8/gems/activesupport-2.2.2/lib/active_support/dependencies.rb:382:in `load_file'
/usr/lib/ruby/gems/1.8/gems/activesupport-2.2.2/lib/active_support/dependencies.rb:521:in `new_constants_in'
/usr/lib/ruby/gems/1.8/gems/activesupport-2.2.2/lib/active_support/dependencies.rb:381:in `load_file'
/usr/lib/ruby/gems/1.8/gems/activesupport-2.2.2/lib/active_support/dependencies.rb:256:in `require_or_load'
/usr/lib/ruby/gems/1.8/gems/activesupport-2.2.2/lib/active_support/dependencies.rb:221:in `depend_on'
/usr/lib/ruby/gems/1.8/gems/activesupport-2.2.2/lib/active_support/dependencies.rb:133:in `require_dependency'
/usr/lib/ruby/gems/1.8/gems/activerecord-2.2.2/lib/active_record/fixtures.rb:856:in `try_to_load_dependency'
/usr/lib/ruby/gems/1.8/gems/activerecord-2.2.2/lib/active_record/fixtures.rb:871:in `require_fixture_classes'
/usr/lib/ruby/gems/1.8/gems/activerecord-2.2.2/lib/active_record/fixtures.rb:868:in `each'
/usr/lib/ruby/gems/1.8/gems/activerecord-2.2.2/lib/active_record/fixtures.rb:868:in `require_fixture_classes'
/usr/lib/ruby/gems/1.8/gems/activerecord-2.2.2/lib/active_record/fixtures.rb:851:in `fixtures'
./test/unit/../test_helper.rb:35
./test/unit/nested_assignment_test.rb:1:in `require'
./test/unit/nested_assignment_test.rb:1
/usr/lib/ruby/gems/1.8/gems/rake-0.8.3/lib/rake/rake_test_loader.rb:5:in `load'
/usr/lib/ruby/gems/1.8/gems/rake-0.8.3/lib/rake/rake_test_loader.rb:5
/usr/lib/ruby/gems/1.8/gems/rake-0.8.3/lib/rake/rake_test_loader.rb:5:in `each'
/usr/lib/ruby/gems/1.8/gems/rake-0.8.3/lib/rake/rake_test_loader.rb:5
  [4;35;1mPluginTestModels::User Load (0.1ms)[0m   [0mSELECT * FROM "users" WHERE ("users"."id" = 1) [0m
  [4;36;1mPluginTestModels::Subscription Load (0.2ms)[0m   [0;1mSELECT * FROM "subscriptions" WHERE ("subscriptions"."id" = 1) [0m
  [4;35;1mPluginTestModels::User Load (0.1ms)[0m   [0mSELECT * FROM "users" WHERE ("users"."id" = 1) [0m
  [4;36;1mPluginTestModels::User Load (0.1ms)[0m   [0;1mSELECT * FROM "users" WHERE ("users"."id" = 1) [0m
  [4;35;1mPluginTestModels::User Load (0.1ms)[0m   [0mSELECT * FROM "users" WHERE ("users"."id" = 1) [0m
  [4;36;1mPluginTestModels::Subscription Load (0.2ms)[0m   [0;1mSELECT * FROM "subscriptions" WHERE ("subscriptions"."id" = 1) [0m
  [4;35;1mPluginTestModels::User Load (0.1ms)[0m   [0mSELECT * FROM "users" WHERE ("users"."id" = 1) [0m
  [4;36;1mPluginTestModels::Subscription Load (0.2ms)[0m   [0;1mSELECT * FROM "subscriptions" WHERE ("subscriptions"."id" = 1) [0m
  [4;35;1mPluginTestModels::User Load (0.1ms)[0m   [0mSELECT * FROM "users" WHERE ("users"."id" = 1) [0m
  [4;36;1mPluginTestModels::User Load (0.1ms)[0m   [0;1mSELECT * FROM "users" WHERE ("users"."id" = 1) [0m
  [4;35;1mPluginTestModels::Subscription Load (0.2ms)[0m   [0mSELECT * FROM "subscriptions" WHERE ("subscriptions"."id" = 1) [0m
  [4;36;1mPluginTestModels::User Load (0.1ms)[0m   [0;1mSELECT * FROM "users" WHERE ("users"."id" = 1) [0m
WARNING: Can't mass-assign these protected attributes: id
  [4;35;1mPluginTestModels::User Load (0.1ms)[0m   [0mSELECT * FROM "users" WHERE ("users"."id" = 1) [0m
  [4;36;1mPluginTestModels::User Load (0.1ms)[0m   [0;1mSELECT * FROM "users" WHERE ("users"."id" = 1) [0m
  [4;35;1mPluginTestModels::Role Load (0.1ms)[0m   [0mSELECT * FROM "roles" WHERE ("roles"."id" = 1) [0m
  [4;36;1mPluginTestModels::Role Load (0.2ms)[0m   [0;1mSELECT * FROM "roles" INNER JOIN "roles_users" ON "roles".id = "roles_users".role_id WHERE ("roles_users".user_id = 1 ) [0m
  [4;35;1mPluginTestModels::User Load (0.1ms)[0m   [0mSELECT * FROM "users" WHERE ("users"."id" = 1) [0m
  [4;36;1mPluginTestModels::Role Load (0.1ms)[0m   [0;1mSELECT * FROM "roles" WHERE ("roles"."id" = 1) [0m
  [4;35;1mPluginTestModels::Role Load (0.2ms)[0m   [0mSELECT * FROM "roles" INNER JOIN "roles_users" ON "roles".id = "roles_users".role_id WHERE ("roles_users".user_id = 1 ) [0m
  [4;36;1mPluginTestModels::User Load (0.1ms)[0m   [0;1mSELECT * FROM "users" WHERE ("users"."id" = 1) [0m
  [4;35;1mPluginTestModels::Role Load (0.1ms)[0m   [0mSELECT * FROM "roles" WHERE ("roles"."id" = 1) [0m
  [4;36;1mPluginTestModels::Role Load (0.2ms)[0m   [0;1mSELECT * FROM "roles" INNER JOIN "roles_users" ON "roles".id = "roles_users".role_id WHERE ("roles_users".user_id = 1 ) [0m
  [4;35;1mPluginTestModels::User Load (0.1ms)[0m   [0mSELECT * FROM "users" WHERE ("users"."id" = 1) [0m
  [4;36;1mPluginTestModels::Role Load (0.1ms)[0m   [0;1mSELECT * FROM "roles" WHERE ("roles"."id" = 1) [0m
  [4;35;1mPluginTestModels::Role Load (0.2ms)[0m   [0mSELECT * FROM "roles" INNER JOIN "roles_users" ON "roles".id = "roles_users".role_id WHERE ("roles_users".user_id = 1 ) [0m
WARNING: Can't mass-assign these protected attributes: id
  [4;36;1mPluginTestModels::Role Load (0.1ms)[0m   [0;1mSELECT * FROM "roles" WHERE ("roles"."id" = 1) [0m
  [4;35;1mPluginTestModels::Service Load (0.1ms)[0m   [0mSELECT * FROM "services" WHERE ("services"."id" = 1) [0m
  [4;36;1mPluginTestModels::Subscription Load (0.2ms)[0m   [0;1mSELECT * FROM "subscriptions" WHERE ("subscriptions"."id" = 1) [0m
  [4;35;1mPluginTestModels::Subscription Load (0.2ms)[0m   [0mSELECT * FROM "subscriptions" WHERE ("subscriptions".service_id = 1) [0m
  [4;36;1mPluginTestModels::Service Load (0.1ms)[0m   [0;1mSELECT * FROM "services" WHERE ("services"."id" = 1) [0m
  [4;35;1mPluginTestModels::Subscription Load (0.2ms)[0m   [0mSELECT * FROM "subscriptions" WHERE ("subscriptions"."id" = 1) [0m
  [4;36;1mPluginTestModels::Subscription Load (0.2ms)[0m   [0;1mSELECT * FROM "subscriptions" WHERE ("subscriptions".service_id = 1) [0m
  [4;35;1mPluginTestModels::Service Load (0.1ms)[0m   [0mSELECT * FROM "services" WHERE ("services"."id" = 1) [0m
  [4;36;1mPluginTestModels::Subscription Load (0.2ms)[0m   [0;1mSELECT * FROM "subscriptions" WHERE ("subscriptions"."id" = 1) [0m
  [4;35;1mPluginTestModels::Subscription Load (0.2ms)[0m   [0mSELECT * FROM "subscriptions" WHERE ("subscriptions".service_id = 1) [0m
  [4;36;1mPluginTestModels::Service Load (0.1ms)[0m   [0;1mSELECT * FROM "services" WHERE ("services"."id" = 1) [0m
  [4;35;1mPluginTestModels::Subscription Load (0.2ms)[0m   [0mSELECT * FROM "subscriptions" WHERE ("subscriptions"."id" = 1) [0m
  [4;36;1mPluginTestModels::Subscription Load (0.2ms)[0m   [0;1mSELECT * FROM "subscriptions" WHERE ("subscriptions".service_id = 1) [0m
WARNING: Can't mass-assign these protected attributes: id
  [4;35;1mPluginTestModels::Subscription Load (0.2ms)[0m   [0mSELECT * FROM "subscriptions" WHERE ("subscriptions"."id" = 1) [0m
  [4;36;1mPluginTestModels::User Load (0.1ms)[0m   [0;1mSELECT * FROM "users" WHERE ("users"."id" = 1) [0m
  [4;35;1mPluginTestModels::Service Load (0.1ms)[0m   [0mSELECT * FROM "services" WHERE ("services"."id" = 1) [0m
  [4;36;1mPluginTestModels::Service Load (0.2ms)[0m   [0;1mSELECT "services".* FROM "services" INNER JOIN subscriptions ON services.id = subscriptions.service_id WHERE (("subscriptions".user_id = 1)) [0m
  [4;35;1mPluginTestModels::User Load (0.1ms)[0m   [0mSELECT * FROM "users" WHERE ("users"."id" = 1) [0m
  [4;36;1mPluginTestModels::Service Load (0.1ms)[0m   [0;1mSELECT * FROM "services" WHERE ("services"."id" = 1) [0m
  [4;35;1mPluginTestModels::Service Load (0.1ms)[0m   [0mSELECT "services".* FROM "services" INNER JOIN subscriptions ON services.id = subscriptions.service_id WHERE (("subscriptions".user_id = 1)) [0m
  [4;36;1mPluginTestModels::User Load (0.1ms)[0m   [0;1mSELECT * FROM "users" WHERE ("users"."id" = 1) [0m
  [4;35;1mPluginTestModels::Service Load (0.1ms)[0m   [0mSELECT * FROM "services" WHERE ("services"."id" = 1) [0m
  [4;36;1mPluginTestModels::Service Load (0.1ms)[0m   [0;1mSELECT "services".* FROM "services" INNER JOIN subscriptions ON services.id = subscriptions.service_id WHERE (("subscriptions".user_id = 1)) [0m
  [4;35;1mPluginTestModels::User Load (0.1ms)[0m   [0mSELECT * FROM "users" WHERE ("users"."id" = 1) [0m
  [4;36;1mPluginTestModels::Service Load (0.1ms)[0m   [0;1mSELECT * FROM "services" WHERE ("services"."id" = 1) [0m
  [4;35;1mPluginTestModels::Service Load (0.1ms)[0m   [0mSELECT "services".* FROM "services" INNER JOIN subscriptions ON services.id = subscriptions.service_id WHERE (("subscriptions".user_id = 1)) [0m
WARNING: Can't mass-assign these protected attributes: id
  [4;36;1mPluginTestModels::Service Load (0.1ms)[0m   [0;1mSELECT * FROM "services" WHERE ("services"."id" = 1) [0m
  [4;35;1mPluginTestModels::User Load (0.1ms)[0m   [0mSELECT * FROM "users" WHERE ("users"."id" = 1) [0m
  [4;36;1mPluginTestModels::Subscription Load (0.2ms)[0m   [0;1mSELECT * FROM "subscriptions" WHERE ("subscriptions"."id" = 1) [0m
  [4;35;1mPluginTestModels::Subscription Load (0.2ms)[0m   [0mSELECT * FROM "subscriptions" WHERE ("subscriptions".user_id = 1) LIMIT 1[0m
  [4;36;1mPluginTestModels::Subscription Load (0.2ms)[0m   [0;1mSELECT * FROM "subscriptions" WHERE ("subscriptions"."id" = 1) [0m
  [4;35;1mPluginTestModels::User Load (0.1ms)[0m   [0mSELECT * FROM "users" WHERE ("users"."id" = 1) [0m
  [4;36;1mPluginTestModels::Subscription Load (0.2ms)[0m   [0;1mSELECT * FROM "subscriptions" WHERE ("subscriptions"."id" = 1) [0m
  [4;35;1mPluginTestModels::Subscription Load (0.2ms)[0m   [0mSELECT * FROM "subscriptions" WHERE ("subscriptions".user_id = 1) LIMIT 1[0m
  [4;36;1mPluginTestModels::Subscription Update (0.1ms)[0m   [0;1mUPDATE "subscriptions" SET "user_id" = NULL WHERE "id" = 1[0m
  [4;35;1mPluginTestModels::Subscription Load (0.2ms)[0m   [0mSELECT * FROM "subscriptions" WHERE ("subscriptions"."id" = 1) [0m
  [4;36;1mPluginTestModels::User Load (0.1ms)[0m   [0;1mSELECT * FROM "users" WHERE ("users"."id" = 1) [0m
  [4;35;1mPluginTestModels::Subscription Load (0.2ms)[0m   [0mSELECT * FROM "subscriptions" WHERE ("subscriptions"."id" = 1) [0m
  [4;36;1mPluginTestModels::Subscription Load (0.2ms)[0m   [0;1mSELECT * FROM "subscriptions" WHERE ("subscriptions".user_id = 1) LIMIT 1[0m
WARNING: Can't mass-assign these protected attributes: id
  [4;35;1mPluginTestModels::Subscription Load (0.2ms)[0m   [0mSELECT * FROM "subscriptions" WHERE ("subscriptions"."id" = 1) [0m
  [4;36;1mPluginTestModels::User Load (0.1ms)[0m   [0;1mSELECT * FROM "users" LIMIT 1[0m
  [4;35;1mPluginTestModels::User Load (0.1ms)[0m   [0mSELECT * FROM "users" LIMIT 1[0m
  [4;36;1mPluginTestModels::Role Load (0.2ms)[0m   [0;1mSELECT * FROM "roles" INNER JOIN "roles_users" ON "roles".id = "roles_users".role_id WHERE ("roles_users".user_id = 1 ) [0m
  [4;35;1mPluginTestModels::User Load (0.1ms)[0m   [0mSELECT * FROM "users" LIMIT 1[0m
  [4;36;1mPluginTestModels::Role Load (0.2ms)[0m   [0;1mSELECT * FROM "roles" INNER JOIN "roles_users" ON "roles".id = "roles_users".role_id WHERE ("roles_users".user_id = 1 ) [0m
  [4;35;1mPluginTestModels::User Load (0.1ms)[0m   [0mSELECT * FROM "users" LIMIT 1[0m
  [4;36;1mPluginTestModels::Address Load (0.2ms)[0m   [0;1mSELECT * FROM "addresses" WHERE ("addresses".addressable_id = 1 AND "addresses".addressable_type = 'PluginTestModels::User') LIMIT 1[0m
  [4;36;1mSQL (0.2ms)[0m   [0;1mselect sqlite_version(*)[0m
  [4;35;1mSQL (0.1ms)[0m   [0m SELECT name
 FROM sqlite_master
 WHERE type = 'table' AND NOT name = 'sqlite_sequence'
[0m
  [4;36;1mSQL (0.2ms)[0m   [0;1mCREATE TABLE "addresses" ("id" INTEGER PRIMARY KEY AUTOINCREMENT NOT NULL, "name" varchar(255), "addressable_id" integer, "addressable_type" varchar(255)) [0m
  [4;35;1mSQL (0.1ms)[0m   [0m SELECT name
 FROM sqlite_master
 WHERE type = 'table' AND NOT name = 'sqlite_sequence'
[0m
  [4;36;1mSQL (0.1ms)[0m   [0;1mCREATE TABLE "users" ("id" INTEGER PRIMARY KEY AUTOINCREMENT NOT NULL, "name" varchar(255)) [0m
  [4;35;1mSQL (0.2ms)[0m   [0m SELECT name
 FROM sqlite_master
 WHERE type = 'table' AND NOT name = 'sqlite_sequence'
[0m
  [4;36;1mSQL (0.1ms)[0m   [0;1mCREATE TABLE "roles_users" ("user_id" integer, "role_id" integer) [0m
  [4;35;1mSQL (0.2ms)[0m   [0m SELECT name
 FROM sqlite_master
 WHERE type = 'table' AND NOT name = 'sqlite_sequence'
[0m
  [4;36;1mSQL (0.1ms)[0m   [0;1mCREATE TABLE "services" ("id" INTEGER PRIMARY KEY AUTOINCREMENT NOT NULL, "name" varchar(255)) [0m
  [4;35;1mSQL (0.2ms)[0m   [0m SELECT name
 FROM sqlite_master
 WHERE type = 'table' AND NOT name = 'sqlite_sequence'
[0m
  [4;36;1mSQL (0.1ms)[0m   [0;1mCREATE TABLE "subscriptions" ("id" INTEGER PRIMARY KEY AUTOINCREMENT NOT NULL, "name" varchar(255), "service_id" integer, "user_id" integer) [0m
  [4;35;1mSQL (0.4ms)[0m   [0m SELECT name
 FROM sqlite_master
 WHERE type = 'table' AND NOT name = 'sqlite_sequence'
[0m
  [4;36;1mSQL (0.1ms)[0m   [0;1mCREATE TABLE "roles" ("id" INTEGER PRIMARY KEY AUTOINCREMENT NOT NULL, "name" varchar(255)) [0m
  [4;35;1mSQL (0.3ms)[0m   [0m SELECT name
 FROM sqlite_master
 WHERE type = 'table' AND NOT name = 'sqlite_sequence'
[0m
  [4;36;1mSQL (0.1ms)[0m   [0;1mCREATE TABLE "schema_migrations" ("version" varchar(255) NOT NULL) [0m
  [4;35;1mSQL (0.1ms)[0m   [0mCREATE UNIQUE INDEX "unique_schema_migrations" ON "schema_migrations" ("version")[0m
  [4;36;1mSQL (0.4ms)[0m   [0;1m SELECT name
 FROM sqlite_master
 WHERE type = 'table' AND NOT name = 'sqlite_sequence'
[0m
  [4;35;1mSQL (0.1ms)[0m   [0mSELECT version FROM "schema_migrations"[0m
  [4;36;1mSQL (0.1ms)[0m   [0;1mINSERT INTO "schema_migrations" (version) VALUES ('1')[0m
Unable to load roles_user, underlying cause no such file to load -- roles_user.rb 

 /usr/lib/ruby/gems/1.8/gems/activesupport-2.2.2/lib/active_support/dependencies.rb:382:in `load_without_new_constant_marking'
/usr/lib/ruby/gems/1.8/gems/activesupport-2.2.2/lib/active_support/dependencies.rb:382:in `load_file'
/usr/lib/ruby/gems/1.8/gems/activesupport-2.2.2/lib/active_support/dependencies.rb:521:in `new_constants_in'
/usr/lib/ruby/gems/1.8/gems/activesupport-2.2.2/lib/active_support/dependencies.rb:381:in `load_file'
/usr/lib/ruby/gems/1.8/gems/activesupport-2.2.2/lib/active_support/dependencies.rb:256:in `require_or_load'
/usr/lib/ruby/gems/1.8/gems/activesupport-2.2.2/lib/active_support/dependencies.rb:221:in `depend_on'
/usr/lib/ruby/gems/1.8/gems/activesupport-2.2.2/lib/active_support/dependencies.rb:133:in `require_dependency'
/usr/lib/ruby/gems/1.8/gems/activerecord-2.2.2/lib/active_record/fixtures.rb:856:in `try_to_load_dependency'
/usr/lib/ruby/gems/1.8/gems/activerecord-2.2.2/lib/active_record/fixtures.rb:871:in `require_fixture_classes'
/usr/lib/ruby/gems/1.8/gems/activerecord-2.2.2/lib/active_record/fixtures.rb:868:in `each'
/usr/lib/ruby/gems/1.8/gems/activerecord-2.2.2/lib/active_record/fixtures.rb:868:in `require_fixture_classes'
/usr/lib/ruby/gems/1.8/gems/activerecord-2.2.2/lib/active_record/fixtures.rb:851:in `fixtures'
./test/unit/../test_helper.rb:35
./test/unit/nested_assignment_test.rb:1:in `require'
./test/unit/nested_assignment_test.rb:1
/usr/lib/ruby/gems/1.8/gems/rake-0.8.3/lib/rake/rake_test_loader.rb:5:in `load'
/usr/lib/ruby/gems/1.8/gems/rake-0.8.3/lib/rake/rake_test_loader.rb:5
/usr/lib/ruby/gems/1.8/gems/rake-0.8.3/lib/rake/rake_test_loader.rb:5:in `each'
/usr/lib/ruby/gems/1.8/gems/rake-0.8.3/lib/rake/rake_test_loader.rb:5
Unable to load service, underlying cause no such file to load -- service.rb 

 /usr/lib/ruby/gems/1.8/gems/activesupport-2.2.2/lib/active_support/dependencies.rb:382:in `load_without_new_constant_marking'
/usr/lib/ruby/gems/1.8/gems/activesupport-2.2.2/lib/active_support/dependencies.rb:382:in `load_file'
/usr/lib/ruby/gems/1.8/gems/activesupport-2.2.2/lib/active_support/dependencies.rb:521:in `new_constants_in'
/usr/lib/ruby/gems/1.8/gems/activesupport-2.2.2/lib/active_support/dependencies.rb:381:in `load_file'
/usr/lib/ruby/gems/1.8/gems/activesupport-2.2.2/lib/active_support/dependencies.rb:256:in `require_or_load'
/usr/lib/ruby/gems/1.8/gems/activesupport-2.2.2/lib/active_support/dependencies.rb:221:in `depend_on'
/usr/lib/ruby/gems/1.8/gems/activesupport-2.2.2/lib/active_support/dependencies.rb:133:in `require_dependency'
/usr/lib/ruby/gems/1.8/gems/activerecord-2.2.2/lib/active_record/fixtures.rb:856:in `try_to_load_dependency'
/usr/lib/ruby/gems/1.8/gems/activerecord-2.2.2/lib/active_record/fixtures.rb:871:in `require_fixture_classes'
/usr/lib/ruby/gems/1.8/gems/activerecord-2.2.2/lib/active_record/fixtures.rb:868:in `each'
/usr/lib/ruby/gems/1.8/gems/activerecord-2.2.2/lib/active_record/fixtures.rb:868:in `require_fixture_classes'
/usr/lib/ruby/gems/1.8/gems/activerecord-2.2.2/lib/active_record/fixtures.rb:851:in `fixtures'
./test/unit/../test_helper.rb:35
./test/unit/nested_assignment_test.rb:1:in `require'
./test/unit/nested_assignment_test.rb:1
/usr/lib/ruby/gems/1.8/gems/rake-0.8.3/lib/rake/rake_test_loader.rb:5:in `load'
/usr/lib/ruby/gems/1.8/gems/rake-0.8.3/lib/rake/rake_test_loader.rb:5
/usr/lib/ruby/gems/1.8/gems/rake-0.8.3/lib/rake/rake_test_loader.rb:5:in `each'
/usr/lib/ruby/gems/1.8/gems/rake-0.8.3/lib/rake/rake_test_loader.rb:5
Unable to load subscription, underlying cause no such file to load -- subscription.rb 

 /usr/lib/ruby/gems/1.8/gems/activesupport-2.2.2/lib/active_support/dependencies.rb:382:in `load_without_new_constant_marking'
/usr/lib/ruby/gems/1.8/gems/activesupport-2.2.2/lib/active_support/dependencies.rb:382:in `load_file'
/usr/lib/ruby/gems/1.8/gems/activesupport-2.2.2/lib/active_support/dependencies.rb:521:in `new_constants_in'
/usr/lib/ruby/gems/1.8/gems/activesupport-2.2.2/lib/active_support/dependencies.rb:381:in `load_file'
/usr/lib/ruby/gems/1.8/gems/activesupport-2.2.2/lib/active_support/dependencies.rb:256:in `require_or_load'
/usr/lib/ruby/gems/1.8/gems/activesupport-2.2.2/lib/active_support/dependencies.rb:221:in `depend_on'
/usr/lib/ruby/gems/1.8/gems/activesupport-2.2.2/lib/active_support/dependencies.rb:133:in `require_dependency'
/usr/lib/ruby/gems/1.8/gems/activerecord-2.2.2/lib/active_record/fixtures.rb:856:in `try_to_load_dependency'
/usr/lib/ruby/gems/1.8/gems/activerecord-2.2.2/lib/active_record/fixtures.rb:871:in `require_fixture_classes'
/usr/lib/ruby/gems/1.8/gems/activerecord-2.2.2/lib/active_record/fixtures.rb:868:in `each'
/usr/lib/ruby/gems/1.8/gems/activerecord-2.2.2/lib/active_record/fixtures.rb:868:in `require_fixture_classes'
/usr/lib/ruby/gems/1.8/gems/activerecord-2.2.2/lib/active_record/fixtures.rb:851:in `fixtures'
./test/unit/../test_helper.rb:35
./test/unit/nested_assignment_test.rb:1:in `require'
./test/unit/nested_assignment_test.rb:1
/usr/lib/ruby/gems/1.8/gems/rake-0.8.3/lib/rake/rake_test_loader.rb:5:in `load'
/usr/lib/ruby/gems/1.8/gems/rake-0.8.3/lib/rake/rake_test_loader.rb:5
/usr/lib/ruby/gems/1.8/gems/rake-0.8.3/lib/rake/rake_test_loader.rb:5:in `each'
/usr/lib/ruby/gems/1.8/gems/rake-0.8.3/lib/rake/rake_test_loader.rb:5
Unable to load address, underlying cause no such file to load -- address.rb 

 /usr/lib/ruby/gems/1.8/gems/activesupport-2.2.2/lib/active_support/dependencies.rb:382:in `load_without_new_constant_marking'
/usr/lib/ruby/gems/1.8/gems/activesupport-2.2.2/lib/active_support/dependencies.rb:382:in `load_file'
/usr/lib/ruby/gems/1.8/gems/activesupport-2.2.2/lib/active_support/dependencies.rb:521:in `new_constants_in'
/usr/lib/ruby/gems/1.8/gems/activesupport-2.2.2/lib/active_support/dependencies.rb:381:in `load_file'
/usr/lib/ruby/gems/1.8/gems/activesupport-2.2.2/lib/active_support/dependencies.rb:256:in `require_or_load'
/usr/lib/ruby/gems/1.8/gems/activesupport-2.2.2/lib/active_support/dependencies.rb:221:in `depend_on'
/usr/lib/ruby/gems/1.8/gems/activesupport-2.2.2/lib/active_support/dependencies.rb:133:in `require_dependency'
/usr/lib/ruby/gems/1.8/gems/activerecord-2.2.2/lib/active_record/fixtures.rb:856:in `try_to_load_dependency'
/usr/lib/ruby/gems/1.8/gems/activerecord-2.2.2/lib/active_record/fixtures.rb:871:in `require_fixture_classes'
/usr/lib/ruby/gems/1.8/gems/activerecord-2.2.2/lib/active_record/fixtures.rb:868:in `each'
/usr/lib/ruby/gems/1.8/gems/activerecord-2.2.2/lib/active_record/fixtures.rb:868:in `require_fixture_classes'
/usr/lib/ruby/gems/1.8/gems/activerecord-2.2.2/lib/active_record/fixtures.rb:851:in `fixtures'
./test/unit/../test_helper.rb:35
./test/unit/nested_assignment_test.rb:1:in `require'
./test/unit/nested_assignment_test.rb:1
/usr/lib/ruby/gems/1.8/gems/rake-0.8.3/lib/rake/rake_test_loader.rb:5:in `load'
/usr/lib/ruby/gems/1.8/gems/rake-0.8.3/lib/rake/rake_test_loader.rb:5
/usr/lib/ruby/gems/1.8/gems/rake-0.8.3/lib/rake/rake_test_loader.rb:5:in `each'
/usr/lib/ruby/gems/1.8/gems/rake-0.8.3/lib/rake/rake_test_loader.rb:5
Unable to load user, underlying cause no such file to load -- user.rb 

 /usr/lib/ruby/gems/1.8/gems/activesupport-2.2.2/lib/active_support/dependencies.rb:382:in `load_without_new_constant_marking'
/usr/lib/ruby/gems/1.8/gems/activesupport-2.2.2/lib/active_support/dependencies.rb:382:in `load_file'
/usr/lib/ruby/gems/1.8/gems/activesupport-2.2.2/lib/active_support/dependencies.rb:521:in `new_constants_in'
/usr/lib/ruby/gems/1.8/gems/activesupport-2.2.2/lib/active_support/dependencies.rb:381:in `load_file'
/usr/lib/ruby/gems/1.8/gems/activesupport-2.2.2/lib/active_support/dependencies.rb:256:in `require_or_load'
/usr/lib/ruby/gems/1.8/gems/activesupport-2.2.2/lib/active_support/dependencies.rb:221:in `depend_on'
/usr/lib/ruby/gems/1.8/gems/activesupport-2.2.2/lib/active_support/dependencies.rb:133:in `require_dependency'
/usr/lib/ruby/gems/1.8/gems/activerecord-2.2.2/lib/active_record/fixtures.rb:856:in `try_to_load_dependency'
/usr/lib/ruby/gems/1.8/gems/activerecord-2.2.2/lib/active_record/fixtures.rb:871:in `require_fixture_classes'
/usr/lib/ruby/gems/1.8/gems/activerecord-2.2.2/lib/active_record/fixtures.rb:868:in `each'
/usr/lib/ruby/gems/1.8/gems/activerecord-2.2.2/lib/active_record/fixtures.rb:868:in `require_fixture_classes'
/usr/lib/ruby/gems/1.8/gems/activerecord-2.2.2/lib/active_record/fixtures.rb:851:in `fixtures'
./test/unit/../test_helper.rb:35
./test/unit/nested_assignment_test.rb:1:in `require'
./test/unit/nested_assignment_test.rb:1
/usr/lib/ruby/gems/1.8/gems/rake-0.8.3/lib/rake/rake_test_loader.rb:5:in `load'
/usr/lib/ruby/gems/1.8/gems/rake-0.8.3/lib/rake/rake_test_loader.rb:5
/usr/lib/ruby/gems/1.8/gems/rake-0.8.3/lib/rake/rake_test_loader.rb:5:in `each'
/usr/lib/ruby/gems/1.8/gems/rake-0.8.3/lib/rake/rake_test_loader.rb:5
Unable to load role, underlying cause no such file to load -- role.rb 

 /usr/lib/ruby/gems/1.8/gems/activesupport-2.2.2/lib/active_support/dependencies.rb:382:in `load_without_new_constant_marking'
/usr/lib/ruby/gems/1.8/gems/activesupport-2.2.2/lib/active_support/dependencies.rb:382:in `load_file'
/usr/lib/ruby/gems/1.8/gems/activesupport-2.2.2/lib/active_support/dependencies.rb:521:in `new_constants_in'
/usr/lib/ruby/gems/1.8/gems/activesupport-2.2.2/lib/active_support/dependencies.rb:381:in `load_file'
/usr/lib/ruby/gems/1.8/gems/activesupport-2.2.2/lib/active_support/dependencies.rb:256:in `require_or_load'
/usr/lib/ruby/gems/1.8/gems/activesupport-2.2.2/lib/active_support/dependencies.rb:221:in `depend_on'
/usr/lib/ruby/gems/1.8/gems/activesupport-2.2.2/lib/active_support/dependencies.rb:133:in `require_dependency'
/usr/lib/ruby/gems/1.8/gems/activerecord-2.2.2/lib/active_record/fixtures.rb:856:in `try_to_load_dependency'
/usr/lib/ruby/gems/1.8/gems/activerecord-2.2.2/lib/active_record/fixtures.rb:871:in `require_fixture_classes'
/usr/lib/ruby/gems/1.8/gems/activerecord-2.2.2/lib/active_record/fixtures.rb:868:in `each'
/usr/lib/ruby/gems/1.8/gems/activerecord-2.2.2/lib/active_record/fixtures.rb:868:in `require_fixture_classes'
/usr/lib/ruby/gems/1.8/gems/activerecord-2.2.2/lib/active_record/fixtures.rb:851:in `fixtures'
./test/unit/../test_helper.rb:35
./test/unit/nested_assignment_test.rb:1:in `require'
./test/unit/nested_assignment_test.rb:1
/usr/lib/ruby/gems/1.8/gems/rake-0.8.3/lib/rake/rake_test_loader.rb:5:in `load'
/usr/lib/ruby/gems/1.8/gems/rake-0.8.3/lib/rake/rake_test_loader.rb:5
/usr/lib/ruby/gems/1.8/gems/rake-0.8.3/lib/rake/rake_test_loader.rb:5:in `each'
/usr/lib/ruby/gems/1.8/gems/rake-0.8.3/lib/rake/rake_test_loader.rb:5
  [4;35;1mPluginTestModels::User Load (0.1ms)[0m   [0mSELECT * FROM "users" WHERE ("users"."id" = 1) [0m
  [4;36;1mPluginTestModels::Subscription Load (0.2ms)[0m   [0;1mSELECT * FROM "subscriptions" WHERE ("subscriptions"."id" = 1) [0m
  [4;35;1mPluginTestModels::User Load (0.1ms)[0m   [0mSELECT * FROM "users" WHERE ("users"."id" = 1) [0m
  [4;36;1mPluginTestModels::User Load (0.1ms)[0m   [0;1mSELECT * FROM "users" WHERE ("users"."id" = 1) [0m
  [4;35;1mPluginTestModels::User Load (0.1ms)[0m   [0mSELECT * FROM "users" WHERE ("users"."id" = 1) [0m
  [4;36;1mPluginTestModels::Subscription Load (0.2ms)[0m   [0;1mSELECT * FROM "subscriptions" WHERE ("subscriptions"."id" = 1) [0m
  [4;35;1mPluginTestModels::User Load (0.1ms)[0m   [0mSELECT * FROM "users" WHERE ("users"."id" = 1) [0m
  [4;36;1mPluginTestModels::Subscription Load (0.2ms)[0m   [0;1mSELECT * FROM "subscriptions" WHERE ("subscriptions"."id" = 1) [0m
  [4;35;1mPluginTestModels::User Load (0.1ms)[0m   [0mSELECT * FROM "users" WHERE ("users"."id" = 1) [0m
  [4;36;1mPluginTestModels::User Load (0.1ms)[0m   [0;1mSELECT * FROM "users" WHERE ("users"."id" = 1) [0m
  [4;35;1mPluginTestModels::Subscription Load (0.2ms)[0m   [0mSELECT * FROM "subscriptions" WHERE ("subscriptions"."id" = 1) [0m
  [4;36;1mPluginTestModels::User Load (0.1ms)[0m   [0;1mSELECT * FROM "users" WHERE ("users"."id" = 1) [0m
WARNING: Can't mass-assign these protected attributes: id
  [4;35;1mPluginTestModels::User Load (0.1ms)[0m   [0mSELECT * FROM "users" WHERE ("users"."id" = 1) [0m
  [4;36;1mPluginTestModels::User Load (0.1ms)[0m   [0;1mSELECT * FROM "users" WHERE ("users"."id" = 1) [0m
  [4;35;1mPluginTestModels::Role Load (0.1ms)[0m   [0mSELECT * FROM "roles" WHERE ("roles"."id" = 1) [0m
  [4;36;1mPluginTestModels::Role Load (0.2ms)[0m   [0;1mSELECT * FROM "roles" INNER JOIN "roles_users" ON "roles".id = "roles_users".role_id WHERE ("roles_users".user_id = 1 ) [0m
  [4;35;1mPluginTestModels::User Load (0.1ms)[0m   [0mSELECT * FROM "users" WHERE ("users"."id" = 1) [0m
  [4;36;1mPluginTestModels::Role Load (0.1ms)[0m   [0;1mSELECT * FROM "roles" WHERE ("roles"."id" = 1) [0m
  [4;35;1mPluginTestModels::Role Load (0.2ms)[0m   [0mSELECT * FROM "roles" INNER JOIN "roles_users" ON "roles".id = "roles_users".role_id WHERE ("roles_users".user_id = 1 ) [0m
  [4;36;1mPluginTestModels::User Load (0.1ms)[0m   [0;1mSELECT * FROM "users" WHERE ("users"."id" = 1) [0m
  [4;35;1mPluginTestModels::Role Load (0.1ms)[0m   [0mSELECT * FROM "roles" WHERE ("roles"."id" = 1) [0m
  [4;36;1mPluginTestModels::Role Load (0.2ms)[0m   [0;1mSELECT * FROM "roles" INNER JOIN "roles_users" ON "roles".id = "roles_users".role_id WHERE ("roles_users".user_id = 1 ) [0m
  [4;35;1mPluginTestModels::User Load (0.1ms)[0m   [0mSELECT * FROM "users" WHERE ("users"."id" = 1) [0m
  [4;36;1mPluginTestModels::Role Load (0.1ms)[0m   [0;1mSELECT * FROM "roles" WHERE ("roles"."id" = 1) [0m
  [4;35;1mPluginTestModels::Role Load (0.2ms)[0m   [0mSELECT * FROM "roles" INNER JOIN "roles_users" ON "roles".id = "roles_users".role_id WHERE ("roles_users".user_id = 1 ) [0m
WARNING: Can't mass-assign these protected attributes: id
  [4;36;1mPluginTestModels::Role Load (0.1ms)[0m   [0;1mSELECT * FROM "roles" WHERE ("roles"."id" = 1) [0m
  [4;35;1mPluginTestModels::Service Load (0.1ms)[0m   [0mSELECT * FROM "services" WHERE ("services"."id" = 1) [0m
  [4;36;1mPluginTestModels::Subscription Load (0.2ms)[0m   [0;1mSELECT * FROM "subscriptions" WHERE ("subscriptions"."id" = 1) [0m
  [4;35;1mPluginTestModels::Subscription Load (0.2ms)[0m   [0mSELECT * FROM "subscriptions" WHERE ("subscriptions".service_id = 1) [0m
  [4;36;1mPluginTestModels::Service Load (0.1ms)[0m   [0;1mSELECT * FROM "services" WHERE ("services"."id" = 1) [0m
  [4;35;1mPluginTestModels::Subscription Load (0.2ms)[0m   [0mSELECT * FROM "subscriptions" WHERE ("subscriptions"."id" = 1) [0m
  [4;36;1mPluginTestModels::Subscription Load (0.2ms)[0m   [0;1mSELECT * FROM "subscriptions" WHERE ("subscriptions".service_id = 1) [0m
  [4;35;1mPluginTestModels::Service Load (0.1ms)[0m   [0mSELECT * FROM "services" WHERE ("services"."id" = 1) [0m
  [4;36;1mPluginTestModels::Subscription Load (0.2ms)[0m   [0;1mSELECT * FROM "subscriptions" WHERE ("subscriptions"."id" = 1) [0m
  [4;35;1mPluginTestModels::Subscription Load (0.2ms)[0m   [0mSELECT * FROM "subscriptions" WHERE ("subscriptions".service_id = 1) [0m
  [4;36;1mPluginTestModels::Service Load (0.1ms)[0m   [0;1mSELECT * FROM "services" WHERE ("services"."id" = 1) [0m
  [4;35;1mPluginTestModels::Subscription Load (0.2ms)[0m   [0mSELECT * FROM "subscriptions" WHERE ("subscriptions"."id" = 1) [0m
  [4;36;1mPluginTestModels::Subscription Load (0.2ms)[0m   [0;1mSELECT * FROM "subscriptions" WHERE ("subscriptions".service_id = 1) [0m
WARNING: Can't mass-assign these protected attributes: id
  [4;35;1mPluginTestModels::Subscription Load (0.2ms)[0m   [0mSELECT * FROM "subscriptions" WHERE ("subscriptions"."id" = 1) [0m
  [4;36;1mPluginTestModels::User Load (0.1ms)[0m   [0;1mSELECT * FROM "users" WHERE ("users"."id" = 1) [0m
  [4;35;1mPluginTestModels::Service Load (0.1ms)[0m   [0mSELECT * FROM "services" WHERE ("services"."id" = 1) [0m
  [4;36;1mPluginTestModels::Service Load (0.1ms)[0m   [0;1mSELECT "services".* FROM "services" INNER JOIN subscriptions ON services.id = subscriptions.service_id WHERE (("subscriptions".user_id = 1)) [0m
  [4;35;1mPluginTestModels::User Load (0.1ms)[0m   [0mSELECT * FROM "users" WHERE ("users"."id" = 1) [0m
  [4;36;1mPluginTestModels::Service Load (0.1ms)[0m   [0;1mSELECT * FROM "services" WHERE ("services"."id" = 1) [0m
  [4;35;1mPluginTestModels::Service Load (0.1ms)[0m   [0mSELECT "services".* FROM "services" INNER JOIN subscriptions ON services.id = subscriptions.service_id WHERE (("subscriptions".user_id = 1)) [0m
  [4;36;1mPluginTestModels::User Load (0.1ms)[0m   [0;1mSELECT * FROM "users" WHERE ("users"."id" = 1) [0m
  [4;35;1mPluginTestModels::Service Load (0.1ms)[0m   [0mSELECT * FROM "services" WHERE ("services"."id" = 1) [0m
  [4;36;1mPluginTestModels::Service Load (0.1ms)[0m   [0;1mSELECT "services".* FROM "services" INNER JOIN subscriptions ON services.id = subscriptions.service_id WHERE (("subscriptions".user_id = 1)) [0m
  [4;35;1mPluginTestModels::User Load (0.1ms)[0m   [0mSELECT * FROM "users" WHERE ("users"."id" = 1) [0m
  [4;36;1mPluginTestModels::Service Load (0.1ms)[0m   [0;1mSELECT * FROM "services" WHERE ("services"."id" = 1) [0m
  [4;35;1mPluginTestModels::Service Load (0.1ms)[0m   [0mSELECT "services".* FROM "services" INNER JOIN subscriptions ON services.id = subscriptions.service_id WHERE (("subscriptions".user_id = 1)) [0m
WARNING: Can't mass-assign these protected attributes: id
  [4;36;1mPluginTestModels::Service Load (0.1ms)[0m   [0;1mSELECT * FROM "services" WHERE ("services"."id" = 1) [0m
  [4;35;1mPluginTestModels::User Load (0.1ms)[0m   [0mSELECT * FROM "users" WHERE ("users"."id" = 1) [0m
  [4;36;1mPluginTestModels::Subscription Load (0.2ms)[0m   [0;1mSELECT * FROM "subscriptions" WHERE ("subscriptions"."id" = 1) [0m
  [4;35;1mPluginTestModels::Subscription Load (0.2ms)[0m   [0mSELECT * FROM "subscriptions" WHERE ("subscriptions".user_id = 1) LIMIT 1[0m
  [4;36;1mPluginTestModels::Subscription Load (0.2ms)[0m   [0;1mSELECT * FROM "subscriptions" WHERE ("subscriptions"."id" = 1) [0m
  [4;35;1mPluginTestModels::User Load (0.1ms)[0m   [0mSELECT * FROM "users" WHERE ("users"."id" = 1) [0m
  [4;36;1mPluginTestModels::Subscription Load (0.2ms)[0m   [0;1mSELECT * FROM "subscriptions" WHERE ("subscriptions"."id" = 1) [0m
  [4;35;1mPluginTestModels::Subscription Load (0.2ms)[0m   [0mSELECT * FROM "subscriptions" WHERE ("subscriptions".user_id = 1) LIMIT 1[0m
  [4;36;1mPluginTestModels::Subscription Update (0.1ms)[0m   [0;1mUPDATE "subscriptions" SET "user_id" = NULL WHERE "id" = 1[0m
  [4;35;1mPluginTestModels::Subscription Load (0.2ms)[0m   [0mSELECT * FROM "subscriptions" WHERE ("subscriptions"."id" = 1) [0m
  [4;36;1mPluginTestModels::User Load (0.1ms)[0m   [0;1mSELECT * FROM "users" WHERE ("users"."id" = 1) [0m
  [4;35;1mPluginTestModels::Subscription Load (0.2ms)[0m   [0mSELECT * FROM "subscriptions" WHERE ("subscriptions"."id" = 1) [0m
  [4;36;1mPluginTestModels::Subscription Load (0.2ms)[0m   [0;1mSELECT * FROM "subscriptions" WHERE ("subscriptions".user_id = 1) LIMIT 1[0m
WARNING: Can't mass-assign these protected attributes: id
  [4;35;1mPluginTestModels::Subscription Load (0.2ms)[0m   [0mSELECT * FROM "subscriptions" WHERE ("subscriptions"."id" = 1) [0m
  [4;36;1mPluginTestModels::User Load (0.1ms)[0m   [0;1mSELECT * FROM "users" LIMIT 1[0m
  [4;35;1mPluginTestModels::User Load (0.1ms)[0m   [0mSELECT * FROM "users" LIMIT 1[0m
  [4;36;1mPluginTestModels::Role Load (0.2ms)[0m   [0;1mSELECT * FROM "roles" INNER JOIN "roles_users" ON "roles".id = "roles_users".role_id WHERE ("roles_users".user_id = 1 ) [0m
  [4;35;1mPluginTestModels::User Load (0.1ms)[0m   [0mSELECT * FROM "users" LIMIT 1[0m
  [4;36;1mPluginTestModels::Role Load (0.2ms)[0m   [0;1mSELECT * FROM "roles" INNER JOIN "roles_users" ON "roles".id = "roles_users".role_id WHERE ("roles_users".user_id = 1 ) [0m
  [4;35;1mPluginTestModels::User Load (0.1ms)[0m   [0mSELECT * FROM "users" LIMIT 1[0m
  [4;36;1mPluginTestModels::Address Load (0.2ms)[0m   [0;1mSELECT * FROM "addresses" WHERE ("addresses".addressable_id = 1 AND "addresses".addressable_type = 'PluginTestModels::User') LIMIT 1[0m
  [4;36;1mSQL (0.3ms)[0m   [0;1mselect sqlite_version(*)[0m
  [4;35;1mSQL (0.2ms)[0m   [0m SELECT name
 FROM sqlite_master
 WHERE type = 'table' AND NOT name = 'sqlite_sequence'
[0m
  [4;36;1mSQL (0.4ms)[0m   [0;1mCREATE TABLE "users" ("id" INTEGER PRIMARY KEY AUTOINCREMENT NOT NULL, "manager_id" integer, "name" varchar(255)) [0m
  [4;35;1mSQL (0.2ms)[0m   [0m SELECT name
 FROM sqlite_master
 WHERE type = 'table' AND NOT name = 'sqlite_sequence'
[0m
  [4;36;1mSQL (0.2ms)[0m   [0;1mCREATE TABLE "avatars" ("id" INTEGER PRIMARY KEY AUTOINCREMENT NOT NULL, "user_id" integer, "name" varchar(255)) [0m
  [4;35;1mSQL (0.2ms)[0m   [0m SELECT name
 FROM sqlite_master
 WHERE type = 'table' AND NOT name = 'sqlite_sequence'
[0m
  [4;36;1mSQL (0.2ms)[0m   [0;1mCREATE TABLE "managers" ("id" INTEGER PRIMARY KEY AUTOINCREMENT NOT NULL, "name" varchar(255)) [0m
  [4;35;1mSQL (0.3ms)[0m   [0m SELECT name
 FROM sqlite_master
 WHERE type = 'table' AND NOT name = 'sqlite_sequence'
[0m
  [4;36;1mSQL (0.2ms)[0m   [0;1mCREATE TABLE "tasks" ("id" INTEGER PRIMARY KEY AUTOINCREMENT NOT NULL, "user_id" integer, "name" varchar(255)) [0m
  [4;35;1mSQL (0.4ms)[0m   [0m SELECT name
 FROM sqlite_master
 WHERE type = 'table' AND NOT name = 'sqlite_sequence'
[0m
  [4;36;1mSQL (0.2ms)[0m   [0;1mCREATE TABLE "tags" ("id" INTEGER PRIMARY KEY AUTOINCREMENT NOT NULL, "user_id" integer, "name" varchar(255)) [0m
  [4;35;1mSQL (0.4ms)[0m   [0m SELECT name
 FROM sqlite_master
 WHERE type = 'table' AND NOT name = 'sqlite_sequence'
[0m
  [4;36;1mSQL (0.2ms)[0m   [0;1mCREATE TABLE "groups" ("id" INTEGER PRIMARY KEY AUTOINCREMENT NOT NULL, "user_id" integer, "name" varchar(255)) [0m
  [4;35;1mSQL (0.5ms)[0m   [0m SELECT name
 FROM sqlite_master
 WHERE type = 'table' AND NOT name = 'sqlite_sequence'
[0m
  [4;36;1mSQL (0.2ms)[0m   [0;1mCREATE TABLE "groups_users" ("group_id" integer, "user_id" integer) [0m
  [4;35;1mSQL (0.5ms)[0m   [0m SELECT name
 FROM sqlite_master
 WHERE type = 'table' AND NOT name = 'sqlite_sequence'
[0m
  [4;36;1mSQL (0.2ms)[0m   [0;1mCREATE TABLE "schema_migrations" ("version" varchar(255) NOT NULL) [0m
  [4;35;1mSQL (0.2ms)[0m   [0mCREATE UNIQUE INDEX "unique_schema_migrations" ON "schema_migrations" ("version")[0m
  [4;36;1mSQL (0.6ms)[0m   [0;1m SELECT name
 FROM sqlite_master
 WHERE type = 'table' AND NOT name = 'sqlite_sequence'
[0m
  [4;35;1mSQL (0.1ms)[0m   [0mSELECT version FROM "schema_migrations"[0m
  [4;36;1mSQL (0.1ms)[0m   [0;1mINSERT INTO "schema_migrations" (version) VALUES ('1')[0m
Unable to load group, underlying cause no such file to load -- group.rb 

 /usr/lib/ruby/gems/1.8/gems/activesupport-2.2.2/lib/active_support/dependencies.rb:382:in `load_without_new_constant_marking'
/usr/lib/ruby/gems/1.8/gems/activesupport-2.2.2/lib/active_support/dependencies.rb:382:in `load_file'
/usr/lib/ruby/gems/1.8/gems/activesupport-2.2.2/lib/active_support/dependencies.rb:521:in `new_constants_in'
/usr/lib/ruby/gems/1.8/gems/activesupport-2.2.2/lib/active_support/dependencies.rb:381:in `load_file'
/usr/lib/ruby/gems/1.8/gems/activesupport-2.2.2/lib/active_support/dependencies.rb:256:in `require_or_load'
/usr/lib/ruby/gems/1.8/gems/activesupport-2.2.2/lib/active_support/dependencies.rb:221:in `depend_on'
/usr/lib/ruby/gems/1.8/gems/activesupport-2.2.2/lib/active_support/dependencies.rb:133:in `require_dependency'
/usr/lib/ruby/gems/1.8/gems/activerecord-2.2.2/lib/active_record/fixtures.rb:856:in `try_to_load_dependency'
/usr/lib/ruby/gems/1.8/gems/activerecord-2.2.2/lib/active_record/fixtures.rb:871:in `require_fixture_classes'
/usr/lib/ruby/gems/1.8/gems/activerecord-2.2.2/lib/active_record/fixtures.rb:868:in `each'
/usr/lib/ruby/gems/1.8/gems/activerecord-2.2.2/lib/active_record/fixtures.rb:868:in `require_fixture_classes'
/usr/lib/ruby/gems/1.8/gems/activerecord-2.2.2/lib/active_record/fixtures.rb:851:in `fixtures'
./test/unit/../test_helper.rb:35
./test/unit/nested_assignment_test.rb:1:in `require'
./test/unit/nested_assignment_test.rb:1
/usr/lib/ruby/gems/1.8/gems/rake-0.8.3/lib/rake/rake_test_loader.rb:5:in `load'
/usr/lib/ruby/gems/1.8/gems/rake-0.8.3/lib/rake/rake_test_loader.rb:5
/usr/lib/ruby/gems/1.8/gems/rake-0.8.3/lib/rake/rake_test_loader.rb:5:in `each'
/usr/lib/ruby/gems/1.8/gems/rake-0.8.3/lib/rake/rake_test_loader.rb:5
Unable to load manager, underlying cause no such file to load -- manager.rb 

 /usr/lib/ruby/gems/1.8/gems/activesupport-2.2.2/lib/active_support/dependencies.rb:382:in `load_without_new_constant_marking'
/usr/lib/ruby/gems/1.8/gems/activesupport-2.2.2/lib/active_support/dependencies.rb:382:in `load_file'
/usr/lib/ruby/gems/1.8/gems/activesupport-2.2.2/lib/active_support/dependencies.rb:521:in `new_constants_in'
/usr/lib/ruby/gems/1.8/gems/activesupport-2.2.2/lib/active_support/dependencies.rb:381:in `load_file'
/usr/lib/ruby/gems/1.8/gems/activesupport-2.2.2/lib/active_support/dependencies.rb:256:in `require_or_load'
/usr/lib/ruby/gems/1.8/gems/activesupport-2.2.2/lib/active_support/dependencies.rb:221:in `depend_on'
/usr/lib/ruby/gems/1.8/gems/activesupport-2.2.2/lib/active_support/dependencies.rb:133:in `require_dependency'
/usr/lib/ruby/gems/1.8/gems/activerecord-2.2.2/lib/active_record/fixtures.rb:856:in `try_to_load_dependency'
/usr/lib/ruby/gems/1.8/gems/activerecord-2.2.2/lib/active_record/fixtures.rb:871:in `require_fixture_classes'
/usr/lib/ruby/gems/1.8/gems/activerecord-2.2.2/lib/active_record/fixtures.rb:868:in `each'
/usr/lib/ruby/gems/1.8/gems/activerecord-2.2.2/lib/active_record/fixtures.rb:868:in `require_fixture_classes'
/usr/lib/ruby/gems/1.8/gems/activerecord-2.2.2/lib/active_record/fixtures.rb:851:in `fixtures'
./test/unit/../test_helper.rb:35
./test/unit/nested_assignment_test.rb:1:in `require'
./test/unit/nested_assignment_test.rb:1
/usr/lib/ruby/gems/1.8/gems/rake-0.8.3/lib/rake/rake_test_loader.rb:5:in `load'
/usr/lib/ruby/gems/1.8/gems/rake-0.8.3/lib/rake/rake_test_loader.rb:5
/usr/lib/ruby/gems/1.8/gems/rake-0.8.3/lib/rake/rake_test_loader.rb:5:in `each'
/usr/lib/ruby/gems/1.8/gems/rake-0.8.3/lib/rake/rake_test_loader.rb:5
Unable to load avatar, underlying cause no such file to load -- avatar.rb 

 /usr/lib/ruby/gems/1.8/gems/activesupport-2.2.2/lib/active_support/dependencies.rb:382:in `load_without_new_constant_marking'
/usr/lib/ruby/gems/1.8/gems/activesupport-2.2.2/lib/active_support/dependencies.rb:382:in `load_file'
/usr/lib/ruby/gems/1.8/gems/activesupport-2.2.2/lib/active_support/dependencies.rb:521:in `new_constants_in'
/usr/lib/ruby/gems/1.8/gems/activesupport-2.2.2/lib/active_support/dependencies.rb:381:in `load_file'
/usr/lib/ruby/gems/1.8/gems/activesupport-2.2.2/lib/active_support/dependencies.rb:256:in `require_or_load'
/usr/lib/ruby/gems/1.8/gems/activesupport-2.2.2/lib/active_support/dependencies.rb:221:in `depend_on'
/usr/lib/ruby/gems/1.8/gems/activesupport-2.2.2/lib/active_support/dependencies.rb:133:in `require_dependency'
/usr/lib/ruby/gems/1.8/gems/activerecord-2.2.2/lib/active_record/fixtures.rb:856:in `try_to_load_dependency'
/usr/lib/ruby/gems/1.8/gems/activerecord-2.2.2/lib/active_record/fixtures.rb:871:in `require_fixture_classes'
/usr/lib/ruby/gems/1.8/gems/activerecord-2.2.2/lib/active_record/fixtures.rb:868:in `each'
/usr/lib/ruby/gems/1.8/gems/activerecord-2.2.2/lib/active_record/fixtures.rb:868:in `require_fixture_classes'
/usr/lib/ruby/gems/1.8/gems/activerecord-2.2.2/lib/active_record/fixtures.rb:851:in `fixtures'
./test/unit/../test_helper.rb:35
./test/unit/nested_assignment_test.rb:1:in `require'
./test/unit/nested_assignment_test.rb:1
/usr/lib/ruby/gems/1.8/gems/rake-0.8.3/lib/rake/rake_test_loader.rb:5:in `load'
/usr/lib/ruby/gems/1.8/gems/rake-0.8.3/lib/rake/rake_test_loader.rb:5
/usr/lib/ruby/gems/1.8/gems/rake-0.8.3/lib/rake/rake_test_loader.rb:5:in `each'
/usr/lib/ruby/gems/1.8/gems/rake-0.8.3/lib/rake/rake_test_loader.rb:5
Unable to load tag, underlying cause no such file to load -- tag.rb 

 /usr/lib/ruby/gems/1.8/gems/activesupport-2.2.2/lib/active_support/dependencies.rb:382:in `load_without_new_constant_marking'
/usr/lib/ruby/gems/1.8/gems/activesupport-2.2.2/lib/active_support/dependencies.rb:382:in `load_file'
/usr/lib/ruby/gems/1.8/gems/activesupport-2.2.2/lib/active_support/dependencies.rb:521:in `new_constants_in'
/usr/lib/ruby/gems/1.8/gems/activesupport-2.2.2/lib/active_support/dependencies.rb:381:in `load_file'
/usr/lib/ruby/gems/1.8/gems/activesupport-2.2.2/lib/active_support/dependencies.rb:256:in `require_or_load'
/usr/lib/ruby/gems/1.8/gems/activesupport-2.2.2/lib/active_support/dependencies.rb:221:in `depend_on'
/usr/lib/ruby/gems/1.8/gems/activesupport-2.2.2/lib/active_support/dependencies.rb:133:in `require_dependency'
/usr/lib/ruby/gems/1.8/gems/activerecord-2.2.2/lib/active_record/fixtures.rb:856:in `try_to_load_dependency'
/usr/lib/ruby/gems/1.8/gems/activerecord-2.2.2/lib/active_record/fixtures.rb:871:in `require_fixture_classes'
/usr/lib/ruby/gems/1.8/gems/activerecord-2.2.2/lib/active_record/fixtures.rb:868:in `each'
/usr/lib/ruby/gems/1.8/gems/activerecord-2.2.2/lib/active_record/fixtures.rb:868:in `require_fixture_classes'
/usr/lib/ruby/gems/1.8/gems/activerecord-2.2.2/lib/active_record/fixtures.rb:851:in `fixtures'
./test/unit/../test_helper.rb:35
./test/unit/nested_assignment_test.rb:1:in `require'
./test/unit/nested_assignment_test.rb:1
/usr/lib/ruby/gems/1.8/gems/rake-0.8.3/lib/rake/rake_test_loader.rb:5:in `load'
/usr/lib/ruby/gems/1.8/gems/rake-0.8.3/lib/rake/rake_test_loader.rb:5
/usr/lib/ruby/gems/1.8/gems/rake-0.8.3/lib/rake/rake_test_loader.rb:5:in `each'
/usr/lib/ruby/gems/1.8/gems/rake-0.8.3/lib/rake/rake_test_loader.rb:5
Unable to load user, underlying cause no such file to load -- user.rb 

 /usr/lib/ruby/gems/1.8/gems/activesupport-2.2.2/lib/active_support/dependencies.rb:382:in `load_without_new_constant_marking'
/usr/lib/ruby/gems/1.8/gems/activesupport-2.2.2/lib/active_support/dependencies.rb:382:in `load_file'
/usr/lib/ruby/gems/1.8/gems/activesupport-2.2.2/lib/active_support/dependencies.rb:521:in `new_constants_in'
/usr/lib/ruby/gems/1.8/gems/activesupport-2.2.2/lib/active_support/dependencies.rb:381:in `load_file'
/usr/lib/ruby/gems/1.8/gems/activesupport-2.2.2/lib/active_support/dependencies.rb:256:in `require_or_load'
/usr/lib/ruby/gems/1.8/gems/activesupport-2.2.2/lib/active_support/dependencies.rb:221:in `depend_on'
/usr/lib/ruby/gems/1.8/gems/activesupport-2.2.2/lib/active_support/dependencies.rb:133:in `require_dependency'
/usr/lib/ruby/gems/1.8/gems/activerecord-2.2.2/lib/active_record/fixtures.rb:856:in `try_to_load_dependency'
/usr/lib/ruby/gems/1.8/gems/activerecord-2.2.2/lib/active_record/fixtures.rb:871:in `require_fixture_classes'
/usr/lib/ruby/gems/1.8/gems/activerecord-2.2.2/lib/active_record/fixtures.rb:868:in `each'
/usr/lib/ruby/gems/1.8/gems/activerecord-2.2.2/lib/active_record/fixtures.rb:868:in `require_fixture_classes'
/usr/lib/ruby/gems/1.8/gems/activerecord-2.2.2/lib/active_record/fixtures.rb:851:in `fixtures'
./test/unit/../test_helper.rb:35
./test/unit/nested_assignment_test.rb:1:in `require'
./test/unit/nested_assignment_test.rb:1
/usr/lib/ruby/gems/1.8/gems/rake-0.8.3/lib/rake/rake_test_loader.rb:5:in `load'
/usr/lib/ruby/gems/1.8/gems/rake-0.8.3/lib/rake/rake_test_loader.rb:5
/usr/lib/ruby/gems/1.8/gems/rake-0.8.3/lib/rake/rake_test_loader.rb:5:in `each'
/usr/lib/ruby/gems/1.8/gems/rake-0.8.3/lib/rake/rake_test_loader.rb:5
Unable to load task, underlying cause no such file to load -- task.rb 

 /usr/lib/ruby/gems/1.8/gems/activesupport-2.2.2/lib/active_support/dependencies.rb:382:in `load_without_new_constant_marking'
/usr/lib/ruby/gems/1.8/gems/activesupport-2.2.2/lib/active_support/dependencies.rb:382:in `load_file'
/usr/lib/ruby/gems/1.8/gems/activesupport-2.2.2/lib/active_support/dependencies.rb:521:in `new_constants_in'
/usr/lib/ruby/gems/1.8/gems/activesupport-2.2.2/lib/active_support/dependencies.rb:381:in `load_file'
/usr/lib/ruby/gems/1.8/gems/activesupport-2.2.2/lib/active_support/dependencies.rb:256:in `require_or_load'
/usr/lib/ruby/gems/1.8/gems/activesupport-2.2.2/lib/active_support/dependencies.rb:221:in `depend_on'
/usr/lib/ruby/gems/1.8/gems/activesupport-2.2.2/lib/active_support/dependencies.rb:133:in `require_dependency'
/usr/lib/ruby/gems/1.8/gems/activerecord-2.2.2/lib/active_record/fixtures.rb:856:in `try_to_load_dependency'
/usr/lib/ruby/gems/1.8/gems/activerecord-2.2.2/lib/active_record/fixtures.rb:871:in `require_fixture_classes'
/usr/lib/ruby/gems/1.8/gems/activerecord-2.2.2/lib/active_record/fixtures.rb:868:in `each'
/usr/lib/ruby/gems/1.8/gems/activerecord-2.2.2/lib/active_record/fixtures.rb:868:in `require_fixture_classes'
/usr/lib/ruby/gems/1.8/gems/activerecord-2.2.2/lib/active_record/fixtures.rb:851:in `fixtures'
./test/unit/../test_helper.rb:35
./test/unit/nested_assignment_test.rb:1:in `require'
./test/unit/nested_assignment_test.rb:1
/usr/lib/ruby/gems/1.8/gems/rake-0.8.3/lib/rake/rake_test_loader.rb:5:in `load'
/usr/lib/ruby/gems/1.8/gems/rake-0.8.3/lib/rake/rake_test_loader.rb:5
/usr/lib/ruby/gems/1.8/gems/rake-0.8.3/lib/rake/rake_test_loader.rb:5:in `each'
/usr/lib/ruby/gems/1.8/gems/rake-0.8.3/lib/rake/rake_test_loader.rb:5
Unable to load groups_user, underlying cause no such file to load -- groups_user.rb 

 /usr/lib/ruby/gems/1.8/gems/activesupport-2.2.2/lib/active_support/dependencies.rb:382:in `load_without_new_constant_marking'
/usr/lib/ruby/gems/1.8/gems/activesupport-2.2.2/lib/active_support/dependencies.rb:382:in `load_file'
/usr/lib/ruby/gems/1.8/gems/activesupport-2.2.2/lib/active_support/dependencies.rb:521:in `new_constants_in'
/usr/lib/ruby/gems/1.8/gems/activesupport-2.2.2/lib/active_support/dependencies.rb:381:in `load_file'
/usr/lib/ruby/gems/1.8/gems/activesupport-2.2.2/lib/active_support/dependencies.rb:256:in `require_or_load'
/usr/lib/ruby/gems/1.8/gems/activesupport-2.2.2/lib/active_support/dependencies.rb:221:in `depend_on'
/usr/lib/ruby/gems/1.8/gems/activesupport-2.2.2/lib/active_support/dependencies.rb:133:in `require_dependency'
/usr/lib/ruby/gems/1.8/gems/activerecord-2.2.2/lib/active_record/fixtures.rb:856:in `try_to_load_dependency'
/usr/lib/ruby/gems/1.8/gems/activerecord-2.2.2/lib/active_record/fixtures.rb:871:in `require_fixture_classes'
/usr/lib/ruby/gems/1.8/gems/activerecord-2.2.2/lib/active_record/fixtures.rb:868:in `each'
/usr/lib/ruby/gems/1.8/gems/activerecord-2.2.2/lib/active_record/fixtures.rb:868:in `require_fixture_classes'
/usr/lib/ruby/gems/1.8/gems/activerecord-2.2.2/lib/active_record/fixtures.rb:851:in `fixtures'
./test/unit/../test_helper.rb:35
./test/unit/nested_assignment_test.rb:1:in `require'
./test/unit/nested_assignment_test.rb:1
/usr/lib/ruby/gems/1.8/gems/rake-0.8.3/lib/rake/rake_test_loader.rb:5:in `load'
/usr/lib/ruby/gems/1.8/gems/rake-0.8.3/lib/rake/rake_test_loader.rb:5
/usr/lib/ruby/gems/1.8/gems/rake-0.8.3/lib/rake/rake_test_loader.rb:5:in `each'
/usr/lib/ruby/gems/1.8/gems/rake-0.8.3/lib/rake/rake_test_loader.rb:5
  [4;36;1mSQL (0.3ms)[0m   [0;1mselect sqlite_version(*)[0m
  [4;35;1mSQL (0.2ms)[0m   [0m SELECT name
 FROM sqlite_master
 WHERE type = 'table' AND NOT name = 'sqlite_sequence'
[0m
  [4;36;1mSQL (0.4ms)[0m   [0;1mCREATE TABLE "users" ("id" INTEGER PRIMARY KEY AUTOINCREMENT NOT NULL, "manager_id" integer, "name" varchar(255)) [0m
  [4;35;1mSQL (0.2ms)[0m   [0m SELECT name
 FROM sqlite_master
 WHERE type = 'table' AND NOT name = 'sqlite_sequence'
[0m
  [4;36;1mSQL (0.2ms)[0m   [0;1mCREATE TABLE "avatars" ("id" INTEGER PRIMARY KEY AUTOINCREMENT NOT NULL, "user_id" integer, "name" varchar(255)) [0m
  [4;35;1mSQL (0.2ms)[0m   [0m SELECT name
 FROM sqlite_master
 WHERE type = 'table' AND NOT name = 'sqlite_sequence'
[0m
  [4;36;1mSQL (0.2ms)[0m   [0;1mCREATE TABLE "managers" ("id" INTEGER PRIMARY KEY AUTOINCREMENT NOT NULL, "name" varchar(255)) [0m
  [4;35;1mSQL (0.3ms)[0m   [0m SELECT name
 FROM sqlite_master
 WHERE type = 'table' AND NOT name = 'sqlite_sequence'
[0m
  [4;36;1mSQL (0.2ms)[0m   [0;1mCREATE TABLE "tasks" ("id" INTEGER PRIMARY KEY AUTOINCREMENT NOT NULL, "user_id" integer, "name" varchar(255)) [0m
  [4;35;1mSQL (0.3ms)[0m   [0m SELECT name
 FROM sqlite_master
 WHERE type = 'table' AND NOT name = 'sqlite_sequence'
[0m
  [4;36;1mSQL (0.2ms)[0m   [0;1mCREATE TABLE "tags" ("id" INTEGER PRIMARY KEY AUTOINCREMENT NOT NULL, "user_id" integer, "name" varchar(255)) [0m
  [4;35;1mSQL (0.4ms)[0m   [0m SELECT name
 FROM sqlite_master
 WHERE type = 'table' AND NOT name = 'sqlite_sequence'
[0m
  [4;36;1mSQL (0.2ms)[0m   [0;1mCREATE TABLE "groups" ("id" INTEGER PRIMARY KEY AUTOINCREMENT NOT NULL, "user_id" integer, "name" varchar(255)) [0m
  [4;35;1mSQL (0.5ms)[0m   [0m SELECT name
 FROM sqlite_master
 WHERE type = 'table' AND NOT name = 'sqlite_sequence'
[0m
  [4;36;1mSQL (0.2ms)[0m   [0;1mCREATE TABLE "groups_users" ("group_id" integer, "user_id" integer) [0m
  [4;35;1mSQL (0.5ms)[0m   [0m SELECT name
 FROM sqlite_master
 WHERE type = 'table' AND NOT name = 'sqlite_sequence'
[0m
  [4;36;1mSQL (0.2ms)[0m   [0;1mCREATE TABLE "schema_migrations" ("version" varchar(255) NOT NULL) [0m
  [4;35;1mSQL (0.2ms)[0m   [0mCREATE UNIQUE INDEX "unique_schema_migrations" ON "schema_migrations" ("version")[0m
  [4;36;1mSQL (0.6ms)[0m   [0;1m SELECT name
 FROM sqlite_master
 WHERE type = 'table' AND NOT name = 'sqlite_sequence'
[0m
  [4;35;1mSQL (0.1ms)[0m   [0mSELECT version FROM "schema_migrations"[0m
  [4;36;1mSQL (0.1ms)[0m   [0;1mINSERT INTO "schema_migrations" (version) VALUES ('1')[0m
Unable to load group, underlying cause no such file to load -- group.rb 

 /usr/lib/ruby/gems/1.8/gems/activesupport-2.2.2/lib/active_support/dependencies.rb:382:in `load_without_new_constant_marking'
/usr/lib/ruby/gems/1.8/gems/activesupport-2.2.2/lib/active_support/dependencies.rb:382:in `load_file'
/usr/lib/ruby/gems/1.8/gems/activesupport-2.2.2/lib/active_support/dependencies.rb:521:in `new_constants_in'
/usr/lib/ruby/gems/1.8/gems/activesupport-2.2.2/lib/active_support/dependencies.rb:381:in `load_file'
/usr/lib/ruby/gems/1.8/gems/activesupport-2.2.2/lib/active_support/dependencies.rb:256:in `require_or_load'
/usr/lib/ruby/gems/1.8/gems/activesupport-2.2.2/lib/active_support/dependencies.rb:221:in `depend_on'
/usr/lib/ruby/gems/1.8/gems/activesupport-2.2.2/lib/active_support/dependencies.rb:133:in `require_dependency'
/usr/lib/ruby/gems/1.8/gems/activerecord-2.2.2/lib/active_record/fixtures.rb:856:in `try_to_load_dependency'
/usr/lib/ruby/gems/1.8/gems/activerecord-2.2.2/lib/active_record/fixtures.rb:871:in `require_fixture_classes'
/usr/lib/ruby/gems/1.8/gems/activerecord-2.2.2/lib/active_record/fixtures.rb:868:in `each'
/usr/lib/ruby/gems/1.8/gems/activerecord-2.2.2/lib/active_record/fixtures.rb:868:in `require_fixture_classes'
/usr/lib/ruby/gems/1.8/gems/activerecord-2.2.2/lib/active_record/fixtures.rb:851:in `fixtures'
./test/unit/../test_helper.rb:35
./test/unit/nested_assignment_test.rb:1:in `require'
./test/unit/nested_assignment_test.rb:1
/usr/lib/ruby/gems/1.8/gems/rake-0.8.3/lib/rake/rake_test_loader.rb:5:in `load'
/usr/lib/ruby/gems/1.8/gems/rake-0.8.3/lib/rake/rake_test_loader.rb:5
/usr/lib/ruby/gems/1.8/gems/rake-0.8.3/lib/rake/rake_test_loader.rb:5:in `each'
/usr/lib/ruby/gems/1.8/gems/rake-0.8.3/lib/rake/rake_test_loader.rb:5
Unable to load manager, underlying cause no such file to load -- manager.rb 

 /usr/lib/ruby/gems/1.8/gems/activesupport-2.2.2/lib/active_support/dependencies.rb:382:in `load_without_new_constant_marking'
/usr/lib/ruby/gems/1.8/gems/activesupport-2.2.2/lib/active_support/dependencies.rb:382:in `load_file'
/usr/lib/ruby/gems/1.8/gems/activesupport-2.2.2/lib/active_support/dependencies.rb:521:in `new_constants_in'
/usr/lib/ruby/gems/1.8/gems/activesupport-2.2.2/lib/active_support/dependencies.rb:381:in `load_file'
/usr/lib/ruby/gems/1.8/gems/activesupport-2.2.2/lib/active_support/dependencies.rb:256:in `require_or_load'
/usr/lib/ruby/gems/1.8/gems/activesupport-2.2.2/lib/active_support/dependencies.rb:221:in `depend_on'
/usr/lib/ruby/gems/1.8/gems/activesupport-2.2.2/lib/active_support/dependencies.rb:133:in `require_dependency'
/usr/lib/ruby/gems/1.8/gems/activerecord-2.2.2/lib/active_record/fixtures.rb:856:in `try_to_load_dependency'
/usr/lib/ruby/gems/1.8/gems/activerecord-2.2.2/lib/active_record/fixtures.rb:871:in `require_fixture_classes'
/usr/lib/ruby/gems/1.8/gems/activerecord-2.2.2/lib/active_record/fixtures.rb:868:in `each'
/usr/lib/ruby/gems/1.8/gems/activerecord-2.2.2/lib/active_record/fixtures.rb:868:in `require_fixture_classes'
/usr/lib/ruby/gems/1.8/gems/activerecord-2.2.2/lib/active_record/fixtures.rb:851:in `fixtures'
./test/unit/../test_helper.rb:35
./test/unit/nested_assignment_test.rb:1:in `require'
./test/unit/nested_assignment_test.rb:1
/usr/lib/ruby/gems/1.8/gems/rake-0.8.3/lib/rake/rake_test_loader.rb:5:in `load'
/usr/lib/ruby/gems/1.8/gems/rake-0.8.3/lib/rake/rake_test_loader.rb:5
/usr/lib/ruby/gems/1.8/gems/rake-0.8.3/lib/rake/rake_test_loader.rb:5:in `each'
/usr/lib/ruby/gems/1.8/gems/rake-0.8.3/lib/rake/rake_test_loader.rb:5
Unable to load avatar, underlying cause no such file to load -- avatar.rb 

 /usr/lib/ruby/gems/1.8/gems/activesupport-2.2.2/lib/active_support/dependencies.rb:382:in `load_without_new_constant_marking'
/usr/lib/ruby/gems/1.8/gems/activesupport-2.2.2/lib/active_support/dependencies.rb:382:in `load_file'
/usr/lib/ruby/gems/1.8/gems/activesupport-2.2.2/lib/active_support/dependencies.rb:521:in `new_constants_in'
/usr/lib/ruby/gems/1.8/gems/activesupport-2.2.2/lib/active_support/dependencies.rb:381:in `load_file'
/usr/lib/ruby/gems/1.8/gems/activesupport-2.2.2/lib/active_support/dependencies.rb:256:in `require_or_load'
/usr/lib/ruby/gems/1.8/gems/activesupport-2.2.2/lib/active_support/dependencies.rb:221:in `depend_on'
/usr/lib/ruby/gems/1.8/gems/activesupport-2.2.2/lib/active_support/dependencies.rb:133:in `require_dependency'
/usr/lib/ruby/gems/1.8/gems/activerecord-2.2.2/lib/active_record/fixtures.rb:856:in `try_to_load_dependency'
/usr/lib/ruby/gems/1.8/gems/activerecord-2.2.2/lib/active_record/fixtures.rb:871:in `require_fixture_classes'
/usr/lib/ruby/gems/1.8/gems/activerecord-2.2.2/lib/active_record/fixtures.rb:868:in `each'
/usr/lib/ruby/gems/1.8/gems/activerecord-2.2.2/lib/active_record/fixtures.rb:868:in `require_fixture_classes'
/usr/lib/ruby/gems/1.8/gems/activerecord-2.2.2/lib/active_record/fixtures.rb:851:in `fixtures'
./test/unit/../test_helper.rb:35
./test/unit/nested_assignment_test.rb:1:in `require'
./test/unit/nested_assignment_test.rb:1
/usr/lib/ruby/gems/1.8/gems/rake-0.8.3/lib/rake/rake_test_loader.rb:5:in `load'
/usr/lib/ruby/gems/1.8/gems/rake-0.8.3/lib/rake/rake_test_loader.rb:5
/usr/lib/ruby/gems/1.8/gems/rake-0.8.3/lib/rake/rake_test_loader.rb:5:in `each'
/usr/lib/ruby/gems/1.8/gems/rake-0.8.3/lib/rake/rake_test_loader.rb:5
Unable to load tag, underlying cause no such file to load -- tag.rb 

 /usr/lib/ruby/gems/1.8/gems/activesupport-2.2.2/lib/active_support/dependencies.rb:382:in `load_without_new_constant_marking'
/usr/lib/ruby/gems/1.8/gems/activesupport-2.2.2/lib/active_support/dependencies.rb:382:in `load_file'
/usr/lib/ruby/gems/1.8/gems/activesupport-2.2.2/lib/active_support/dependencies.rb:521:in `new_constants_in'
/usr/lib/ruby/gems/1.8/gems/activesupport-2.2.2/lib/active_support/dependencies.rb:381:in `load_file'
/usr/lib/ruby/gems/1.8/gems/activesupport-2.2.2/lib/active_support/dependencies.rb:256:in `require_or_load'
/usr/lib/ruby/gems/1.8/gems/activesupport-2.2.2/lib/active_support/dependencies.rb:221:in `depend_on'
/usr/lib/ruby/gems/1.8/gems/activesupport-2.2.2/lib/active_support/dependencies.rb:133:in `require_dependency'
/usr/lib/ruby/gems/1.8/gems/activerecord-2.2.2/lib/active_record/fixtures.rb:856:in `try_to_load_dependency'
/usr/lib/ruby/gems/1.8/gems/activerecord-2.2.2/lib/active_record/fixtures.rb:871:in `require_fixture_classes'
/usr/lib/ruby/gems/1.8/gems/activerecord-2.2.2/lib/active_record/fixtures.rb:868:in `each'
/usr/lib/ruby/gems/1.8/gems/activerecord-2.2.2/lib/active_record/fixtures.rb:868:in `require_fixture_classes'
/usr/lib/ruby/gems/1.8/gems/activerecord-2.2.2/lib/active_record/fixtures.rb:851:in `fixtures'
./test/unit/../test_helper.rb:35
./test/unit/nested_assignment_test.rb:1:in `require'
./test/unit/nested_assignment_test.rb:1
/usr/lib/ruby/gems/1.8/gems/rake-0.8.3/lib/rake/rake_test_loader.rb:5:in `load'
/usr/lib/ruby/gems/1.8/gems/rake-0.8.3/lib/rake/rake_test_loader.rb:5
/usr/lib/ruby/gems/1.8/gems/rake-0.8.3/lib/rake/rake_test_loader.rb:5:in `each'
/usr/lib/ruby/gems/1.8/gems/rake-0.8.3/lib/rake/rake_test_loader.rb:5
Unable to load user, underlying cause no such file to load -- user.rb 

 /usr/lib/ruby/gems/1.8/gems/activesupport-2.2.2/lib/active_support/dependencies.rb:382:in `load_without_new_constant_marking'
/usr/lib/ruby/gems/1.8/gems/activesupport-2.2.2/lib/active_support/dependencies.rb:382:in `load_file'
/usr/lib/ruby/gems/1.8/gems/activesupport-2.2.2/lib/active_support/dependencies.rb:521:in `new_constants_in'
/usr/lib/ruby/gems/1.8/gems/activesupport-2.2.2/lib/active_support/dependencies.rb:381:in `load_file'
/usr/lib/ruby/gems/1.8/gems/activesupport-2.2.2/lib/active_support/dependencies.rb:256:in `require_or_load'
/usr/lib/ruby/gems/1.8/gems/activesupport-2.2.2/lib/active_support/dependencies.rb:221:in `depend_on'
/usr/lib/ruby/gems/1.8/gems/activesupport-2.2.2/lib/active_support/dependencies.rb:133:in `require_dependency'
/usr/lib/ruby/gems/1.8/gems/activerecord-2.2.2/lib/active_record/fixtures.rb:856:in `try_to_load_dependency'
/usr/lib/ruby/gems/1.8/gems/activerecord-2.2.2/lib/active_record/fixtures.rb:871:in `require_fixture_classes'
/usr/lib/ruby/gems/1.8/gems/activerecord-2.2.2/lib/active_record/fixtures.rb:868:in `each'
/usr/lib/ruby/gems/1.8/gems/activerecord-2.2.2/lib/active_record/fixtures.rb:868:in `require_fixture_classes'
/usr/lib/ruby/gems/1.8/gems/activerecord-2.2.2/lib/active_record/fixtures.rb:851:in `fixtures'
./test/unit/../test_helper.rb:35
./test/unit/nested_assignment_test.rb:1:in `require'
./test/unit/nested_assignment_test.rb:1
/usr/lib/ruby/gems/1.8/gems/rake-0.8.3/lib/rake/rake_test_loader.rb:5:in `load'
/usr/lib/ruby/gems/1.8/gems/rake-0.8.3/lib/rake/rake_test_loader.rb:5
/usr/lib/ruby/gems/1.8/gems/rake-0.8.3/lib/rake/rake_test_loader.rb:5:in `each'
/usr/lib/ruby/gems/1.8/gems/rake-0.8.3/lib/rake/rake_test_loader.rb:5
Unable to load task, underlying cause no such file to load -- task.rb 

 /usr/lib/ruby/gems/1.8/gems/activesupport-2.2.2/lib/active_support/dependencies.rb:382:in `load_without_new_constant_marking'
/usr/lib/ruby/gems/1.8/gems/activesupport-2.2.2/lib/active_support/dependencies.rb:382:in `load_file'
/usr/lib/ruby/gems/1.8/gems/activesupport-2.2.2/lib/active_support/dependencies.rb:521:in `new_constants_in'
/usr/lib/ruby/gems/1.8/gems/activesupport-2.2.2/lib/active_support/dependencies.rb:381:in `load_file'
/usr/lib/ruby/gems/1.8/gems/activesupport-2.2.2/lib/active_support/dependencies.rb:256:in `require_or_load'
/usr/lib/ruby/gems/1.8/gems/activesupport-2.2.2/lib/active_support/dependencies.rb:221:in `depend_on'
/usr/lib/ruby/gems/1.8/gems/activesupport-2.2.2/lib/active_support/dependencies.rb:133:in `require_dependency'
/usr/lib/ruby/gems/1.8/gems/activerecord-2.2.2/lib/active_record/fixtures.rb:856:in `try_to_load_dependency'
/usr/lib/ruby/gems/1.8/gems/activerecord-2.2.2/lib/active_record/fixtures.rb:871:in `require_fixture_classes'
/usr/lib/ruby/gems/1.8/gems/activerecord-2.2.2/lib/active_record/fixtures.rb:868:in `each'
/usr/lib/ruby/gems/1.8/gems/activerecord-2.2.2/lib/active_record/fixtures.rb:868:in `require_fixture_classes'
/usr/lib/ruby/gems/1.8/gems/activerecord-2.2.2/lib/active_record/fixtures.rb:851:in `fixtures'
./test/unit/../test_helper.rb:35
./test/unit/nested_assignment_test.rb:1:in `require'
./test/unit/nested_assignment_test.rb:1
/usr/lib/ruby/gems/1.8/gems/rake-0.8.3/lib/rake/rake_test_loader.rb:5:in `load'
/usr/lib/ruby/gems/1.8/gems/rake-0.8.3/lib/rake/rake_test_loader.rb:5
/usr/lib/ruby/gems/1.8/gems/rake-0.8.3/lib/rake/rake_test_loader.rb:5:in `each'
/usr/lib/ruby/gems/1.8/gems/rake-0.8.3/lib/rake/rake_test_loader.rb:5
Unable to load groups_user, underlying cause no such file to load -- groups_user.rb 

 /usr/lib/ruby/gems/1.8/gems/activesupport-2.2.2/lib/active_support/dependencies.rb:382:in `load_without_new_constant_marking'
/usr/lib/ruby/gems/1.8/gems/activesupport-2.2.2/lib/active_support/dependencies.rb:382:in `load_file'
/usr/lib/ruby/gems/1.8/gems/activesupport-2.2.2/lib/active_support/dependencies.rb:521:in `new_constants_in'
/usr/lib/ruby/gems/1.8/gems/activesupport-2.2.2/lib/active_support/dependencies.rb:381:in `load_file'
/usr/lib/ruby/gems/1.8/gems/activesupport-2.2.2/lib/active_support/dependencies.rb:256:in `require_or_load'
/usr/lib/ruby/gems/1.8/gems/activesupport-2.2.2/lib/active_support/dependencies.rb:221:in `depend_on'
/usr/lib/ruby/gems/1.8/gems/activesupport-2.2.2/lib/active_support/dependencies.rb:133:in `require_dependency'
/usr/lib/ruby/gems/1.8/gems/activerecord-2.2.2/lib/active_record/fixtures.rb:856:in `try_to_load_dependency'
/usr/lib/ruby/gems/1.8/gems/activerecord-2.2.2/lib/active_record/fixtures.rb:871:in `require_fixture_classes'
/usr/lib/ruby/gems/1.8/gems/activerecord-2.2.2/lib/active_record/fixtures.rb:868:in `each'
/usr/lib/ruby/gems/1.8/gems/activerecord-2.2.2/lib/active_record/fixtures.rb:868:in `require_fixture_classes'
/usr/lib/ruby/gems/1.8/gems/activerecord-2.2.2/lib/active_record/fixtures.rb:851:in `fixtures'
./test/unit/../test_helper.rb:35
./test/unit/nested_assignment_test.rb:1:in `require'
./test/unit/nested_assignment_test.rb:1
/usr/lib/ruby/gems/1.8/gems/rake-0.8.3/lib/rake/rake_test_loader.rb:5:in `load'
/usr/lib/ruby/gems/1.8/gems/rake-0.8.3/lib/rake/rake_test_loader.rb:5
/usr/lib/ruby/gems/1.8/gems/rake-0.8.3/lib/rake/rake_test_loader.rb:5:in `each'
/usr/lib/ruby/gems/1.8/gems/rake-0.8.3/lib/rake/rake_test_loader.rb:5
  [4;35;1mPluginTestModels::User Load (0.2ms)[0m   [0mSELECT * FROM "users" WHERE ("users"."id" = 1) [0m
  [4;36;1mPluginTestModels::User Load (0.2ms)[0m   [0;1mSELECT * FROM "users" WHERE ("users"."id" = 1) [0m
  [4;35;1mPluginTestModels::User Load (0.2ms)[0m   [0mSELECT * FROM "users" WHERE ("users"."id" = 1) [0m
  [4;36;1mPluginTestModels::User Load (0.2ms)[0m   [0;1mSELECT * FROM "users" WHERE ("users"."id" = 1) [0m
  [4;35;1mPluginTestModels::User Load (0.2ms)[0m   [0mSELECT * FROM "users" WHERE ("users"."id" = 1) [0m
  [4;36;1mPluginTestModels::User Load (0.2ms)[0m   [0;1mSELECT * FROM "users" WHERE ("users"."id" = 1) [0m
  [4;35;1mPluginTestModels::User Load (0.2ms)[0m   [0mSELECT * FROM "users" WHERE ("users"."id" = 1) [0m
  [4;36;1mPluginTestModels::User Load (0.2ms)[0m   [0;1mSELECT * FROM "users" WHERE ("users"."id" = 1) [0m
  [4;35;1mPluginTestModels::User Load (0.2ms)[0m   [0mSELECT * FROM "users" WHERE ("users"."id" = 1) [0m
  [4;36;1mPluginTestModels::User Load (0.2ms)[0m   [0;1mSELECT * FROM "users" WHERE ("users"."id" = 1) [0m
  [4;35;1mPluginTestModels::User Load (0.2ms)[0m   [0mSELECT * FROM "users" WHERE ("users"."id" = 1) [0m
  [4;36;1mPluginTestModels::User Load (0.2ms)[0m   [0;1mSELECT * FROM "users" WHERE ("users"."id" = 1) [0m
  [4;35;1mPluginTestModels::User Load (0.2ms)[0m   [0mSELECT * FROM "users" WHERE ("users"."id" = 1) [0m
  [4;36;1mPluginTestModels::User Load (0.2ms)[0m   [0;1mSELECT * FROM "users" WHERE ("users"."id" = 1) [0m
  [4;35;1mPluginTestModels::User Load (0.2ms)[0m   [0mSELECT * FROM "users" LIMIT 1[0m
  [4;36;1mPluginTestModels::User Load (0.2ms)[0m   [0;1mSELECT * FROM "users" LIMIT 1[0m
  [4;35;1mPluginTestModels::User Load (0.2ms)[0m   [0mSELECT * FROM "users" LIMIT 1[0m
  [4;36;1mPluginTestModels::User Load (0.2ms)[0m   [0;1mSELECT * FROM "users" LIMIT 1[0m
  [4;35;1mSQL (0.6ms)[0m   [0m SELECT name
 FROM sqlite_master
 WHERE type = 'table' AND NOT name = 'sqlite_sequence'
[0m
  [4;36;1mSQL (0.6ms)[0m   [0;1m SELECT name
 FROM sqlite_master
 WHERE type = 'table' AND NOT name = 'sqlite_sequence'
[0m
  [4;35;1mSQL (0.6ms)[0m   [0m SELECT name
 FROM sqlite_master
 WHERE type = 'table' AND NOT name = 'sqlite_sequence'
[0m
  [4;36;1mSQL (0.6ms)[0m   [0;1m SELECT name
 FROM sqlite_master
 WHERE type = 'table' AND NOT name = 'sqlite_sequence'
[0m
  [4;35;1mSQL (0.6ms)[0m   [0m SELECT name
 FROM sqlite_master
 WHERE type = 'table' AND NOT name = 'sqlite_sequence'
[0m
  [4;36;1mSQL (0.6ms)[0m   [0;1m SELECT name
 FROM sqlite_master
 WHERE type = 'table' AND NOT name = 'sqlite_sequence'
[0m
  [4;35;1mSQL (0.6ms)[0m   [0m SELECT name
 FROM sqlite_master
 WHERE type = 'table' AND NOT name = 'sqlite_sequence'
[0m
  [4;36;1mSQL (0.6ms)[0m   [0;1m SELECT name
 FROM sqlite_master
 WHERE type = 'table' AND NOT name = 'sqlite_sequence'
[0m
  [4;35;1mSQL (0.6ms)[0m   [0m SELECT name
 FROM sqlite_master
 WHERE type = 'table' AND NOT name = 'sqlite_sequence'
[0m
  [4;36;1mSQL (0.6ms)[0m   [0;1m SELECT name
 FROM sqlite_master
 WHERE type = 'table' AND NOT name = 'sqlite_sequence'
[0m
  [4;35;1mSQL (0.6ms)[0m   [0m SELECT name
 FROM sqlite_master
 WHERE type = 'table' AND NOT name = 'sqlite_sequence'
[0m
  [4;36;1mSQL (0.6ms)[0m   [0;1m SELECT name
 FROM sqlite_master
 WHERE type = 'table' AND NOT name = 'sqlite_sequence'
[0m
  [4;35;1mSQL (0.6ms)[0m   [0m SELECT name
 FROM sqlite_master
 WHERE type = 'table' AND NOT name = 'sqlite_sequence'
[0m
  [4;36;1mSQL (0.6ms)[0m   [0;1m SELECT name
 FROM sqlite_master
 WHERE type = 'table' AND NOT name = 'sqlite_sequence'
[0m
  [4;35;1mSQL (0.6ms)[0m   [0m SELECT name
 FROM sqlite_master
 WHERE type = 'table' AND NOT name = 'sqlite_sequence'
[0m
  [4;36;1mSQL (0.6ms)[0m   [0;1m SELECT name
 FROM sqlite_master
 WHERE type = 'table' AND NOT name = 'sqlite_sequence'
[0m
  [4;35;1mSQL (0.6ms)[0m   [0m SELECT name
 FROM sqlite_master
 WHERE type = 'table' AND NOT name = 'sqlite_sequence'
[0m
  [4;36;1mSQL (0.6ms)[0m   [0;1m SELECT name
 FROM sqlite_master
 WHERE type = 'table' AND NOT name = 'sqlite_sequence'
[0m
  [4;35;1mSQL (0.6ms)[0m   [0m SELECT name
 FROM sqlite_master
 WHERE type = 'table' AND NOT name = 'sqlite_sequence'
[0m
  [4;36;1mSQL (0.6ms)[0m   [0;1m SELECT name
 FROM sqlite_master
 WHERE type = 'table' AND NOT name = 'sqlite_sequence'
[0m
  [4;35;1mSQL (0.6ms)[0m   [0m SELECT name
 FROM sqlite_master
 WHERE type = 'table' AND NOT name = 'sqlite_sequence'
[0m
  [4;36;1mSQL (0.6ms)[0m   [0;1m SELECT name
 FROM sqlite_master
 WHERE type = 'table' AND NOT name = 'sqlite_sequence'
[0m
  [4;35;1mSQL (0.6ms)[0m   [0m SELECT name
 FROM sqlite_master
 WHERE type = 'table' AND NOT name = 'sqlite_sequence'
[0m
  [4;36;1mSQL (0.6ms)[0m   [0;1m SELECT name
 FROM sqlite_master
 WHERE type = 'table' AND NOT name = 'sqlite_sequence'
[0m
  [4;35;1mSQL (0.6ms)[0m   [0m SELECT name
 FROM sqlite_master
 WHERE type = 'table' AND NOT name = 'sqlite_sequence'
[0m
  [4;36;1mSQL (0.6ms)[0m   [0;1m SELECT name
 FROM sqlite_master
 WHERE type = 'table' AND NOT name = 'sqlite_sequence'
[0m
  [4;35;1mSQL (0.6ms)[0m   [0m SELECT name
 FROM sqlite_master
 WHERE type = 'table' AND NOT name = 'sqlite_sequence'
[0m
  [4;36;1mSQL (0.6ms)[0m   [0;1m SELECT name
 FROM sqlite_master
 WHERE type = 'table' AND NOT name = 'sqlite_sequence'
[0m
  [4;35;1mSQL (0.6ms)[0m   [0m SELECT name
 FROM sqlite_master
 WHERE type = 'table' AND NOT name = 'sqlite_sequence'
[0m
  [4;36;1mSQL (0.6ms)[0m   [0;1m SELECT name
 FROM sqlite_master
 WHERE type = 'table' AND NOT name = 'sqlite_sequence'
[0m
  [4;35;1mSQL (0.6ms)[0m   [0m SELECT name
 FROM sqlite_master
 WHERE type = 'table' AND NOT name = 'sqlite_sequence'
[0m
  [4;36;1mSQL (0.6ms)[0m   [0;1m SELECT name
 FROM sqlite_master
 WHERE type = 'table' AND NOT name = 'sqlite_sequence'
[0m
  [4;35;1mSQL (0.6ms)[0m   [0m SELECT name
 FROM sqlite_master
 WHERE type = 'table' AND NOT name = 'sqlite_sequence'
[0m
  [4;36;1mSQL (0.6ms)[0m   [0;1m SELECT name
 FROM sqlite_master
 WHERE type = 'table' AND NOT name = 'sqlite_sequence'
[0m
  [4;35;1mSQL (0.6ms)[0m   [0m SELECT name
 FROM sqlite_master
 WHERE type = 'table' AND NOT name = 'sqlite_sequence'
[0m
  [4;36;1mSQL (0.6ms)[0m   [0;1m SELECT name
 FROM sqlite_master
 WHERE type = 'table' AND NOT name = 'sqlite_sequence'
[0m
  [4;35;1mSQL (0.6ms)[0m   [0m SELECT name
 FROM sqlite_master
 WHERE type = 'table' AND NOT name = 'sqlite_sequence'
[0m
  [4;36;1mSQL (0.6ms)[0m   [0;1m SELECT name
 FROM sqlite_master
 WHERE type = 'table' AND NOT name = 'sqlite_sequence'
[0m
  [4;35;1mSQL (0.6ms)[0m   [0m SELECT name
 FROM sqlite_master
 WHERE type = 'table' AND NOT name = 'sqlite_sequence'
[0m
  [4;36;1mSQL (0.6ms)[0m   [0;1m SELECT name
 FROM sqlite_master
 WHERE type = 'table' AND NOT name = 'sqlite_sequence'
[0m
  [4;35;1mSQL (0.6ms)[0m   [0m SELECT name
 FROM sqlite_master
 WHERE type = 'table' AND NOT name = 'sqlite_sequence'
[0m
  [4;36;1mSQL (0.6ms)[0m   [0;1m SELECT name
 FROM sqlite_master
 WHERE type = 'table' AND NOT name = 'sqlite_sequence'
[0m
  [4;35;1mSQL (0.6ms)[0m   [0m SELECT name
 FROM sqlite_master
 WHERE type = 'table' AND NOT name = 'sqlite_sequence'
[0m
  [4;36;1mSQL (0.6ms)[0m   [0;1m SELECT name
 FROM sqlite_master
 WHERE type = 'table' AND NOT name = 'sqlite_sequence'
[0m
  [4;35;1mSQL (0.6ms)[0m   [0m SELECT name
 FROM sqlite_master
 WHERE type = 'table' AND NOT name = 'sqlite_sequence'
[0m
  [4;36;1mSQL (0.6ms)[0m   [0;1m SELECT name
 FROM sqlite_master
 WHERE type = 'table' AND NOT name = 'sqlite_sequence'
[0m
  [4;35;1mSQL (0.6ms)[0m   [0m SELECT name
 FROM sqlite_master
 WHERE type = 'table' AND NOT name = 'sqlite_sequence'
[0m
  [4;36;1mSQL (0.6ms)[0m   [0;1m SELECT name
 FROM sqlite_master
 WHERE type = 'table' AND NOT name = 'sqlite_sequence'
[0m
  [4;35;1mSQL (0.6ms)[0m   [0m SELECT name
 FROM sqlite_master
 WHERE type = 'table' AND NOT name = 'sqlite_sequence'
[0m
  [4;36;1mSQL (0.6ms)[0m   [0;1m SELECT name
 FROM sqlite_master
 WHERE type = 'table' AND NOT name = 'sqlite_sequence'
[0m
  [4;35;1mSQL (0.6ms)[0m   [0m SELECT name
 FROM sqlite_master
 WHERE type = 'table' AND NOT name = 'sqlite_sequence'
[0m
  [4;36;1mSQL (0.6ms)[0m   [0;1m SELECT name
 FROM sqlite_master
 WHERE type = 'table' AND NOT name = 'sqlite_sequence'
[0m
  [4;35;1mSQL (0.6ms)[0m   [0m SELECT name
 FROM sqlite_master
 WHERE type = 'table' AND NOT name = 'sqlite_sequence'
[0m
  [4;36;1mSQL (0.6ms)[0m   [0;1m SELECT name
 FROM sqlite_master
 WHERE type = 'table' AND NOT name = 'sqlite_sequence'
[0m
  [4;35;1mSQL (0.6ms)[0m   [0m SELECT name
 FROM sqlite_master
 WHERE type = 'table' AND NOT name = 'sqlite_sequence'
[0m
  [4;36;1mSQL (0.6ms)[0m   [0;1m SELECT name
 FROM sqlite_master
 WHERE type = 'table' AND NOT name = 'sqlite_sequence'
[0m
  [4;35;1mSQL (0.6ms)[0m   [0m SELECT name
 FROM sqlite_master
 WHERE type = 'table' AND NOT name = 'sqlite_sequence'
[0m
  [4;36;1mSQL (0.6ms)[0m   [0;1m SELECT name
 FROM sqlite_master
 WHERE type = 'table' AND NOT name = 'sqlite_sequence'
[0m
  [4;35;1mSQL (0.6ms)[0m   [0m SELECT name
 FROM sqlite_master
 WHERE type = 'table' AND NOT name = 'sqlite_sequence'
[0m
  [4;36;1mSQL (0.6ms)[0m   [0;1m SELECT name
 FROM sqlite_master
 WHERE type = 'table' AND NOT name = 'sqlite_sequence'
[0m
  [4;35;1mSQL (0.6ms)[0m   [0m SELECT name
 FROM sqlite_master
 WHERE type = 'table' AND NOT name = 'sqlite_sequence'
[0m
  [4;36;1mSQL (0.6ms)[0m   [0;1m SELECT name
 FROM sqlite_master
 WHERE type = 'table' AND NOT name = 'sqlite_sequence'
[0m
  [4;35;1mSQL (0.6ms)[0m   [0m SELECT name
 FROM sqlite_master
 WHERE type = 'table' AND NOT name = 'sqlite_sequence'
[0m
  [4;36;1mSQL (0.6ms)[0m   [0;1m SELECT name
 FROM sqlite_master
 WHERE type = 'table' AND NOT name = 'sqlite_sequence'
[0m
  [4;35;1mSQL (0.6ms)[0m   [0m SELECT name
 FROM sqlite_master
 WHERE type = 'table' AND NOT name = 'sqlite_sequence'
[0m
  [4;36;1mSQL (0.6ms)[0m   [0;1m SELECT name
 FROM sqlite_master
 WHERE type = 'table' AND NOT name = 'sqlite_sequence'
[0m
  [4;35;1mSQL (0.6ms)[0m   [0m SELECT name
 FROM sqlite_master
 WHERE type = 'table' AND NOT name = 'sqlite_sequence'
[0m
  [4;36;1mSQL (0.6ms)[0m   [0;1m SELECT name
 FROM sqlite_master
 WHERE type = 'table' AND NOT name = 'sqlite_sequence'
[0m
  [4;35;1mSQL (0.6ms)[0m   [0m SELECT name
 FROM sqlite_master
 WHERE type = 'table' AND NOT name = 'sqlite_sequence'
[0m
  [4;36;1mSQL (0.6ms)[0m   [0;1m SELECT name
 FROM sqlite_master
 WHERE type = 'table' AND NOT name = 'sqlite_sequence'
[0m
  [4;35;1mSQL (0.6ms)[0m   [0m SELECT name
 FROM sqlite_master
 WHERE type = 'table' AND NOT name = 'sqlite_sequence'
[0m
  [4;36;1mSQL (0.6ms)[0m   [0;1m SELECT name
 FROM sqlite_master
 WHERE type = 'table' AND NOT name = 'sqlite_sequence'
[0m
  [4;35;1mSQL (0.6ms)[0m   [0m SELECT name
 FROM sqlite_master
 WHERE type = 'table' AND NOT name = 'sqlite_sequence'
[0m
  [4;36;1mSQL (0.6ms)[0m   [0;1m SELECT name
 FROM sqlite_master
 WHERE type = 'table' AND NOT name = 'sqlite_sequence'
[0m
  [4;35;1mSQL (0.6ms)[0m   [0m SELECT name
 FROM sqlite_master
 WHERE type = 'table' AND NOT name = 'sqlite_sequence'
[0m
  [4;36;1mSQL (0.6ms)[0m   [0;1m SELECT name
 FROM sqlite_master
 WHERE type = 'table' AND NOT name = 'sqlite_sequence'
[0m
  [4;35;1mSQL (0.6ms)[0m   [0m SELECT name
 FROM sqlite_master
 WHERE type = 'table' AND NOT name = 'sqlite_sequence'
[0m
  [4;36;1mSQL (0.6ms)[0m   [0;1m SELECT name
 FROM sqlite_master
 WHERE type = 'table' AND NOT name = 'sqlite_sequence'
[0m
  [4;35;1mSQL (0.6ms)[0m   [0m SELECT name
 FROM sqlite_master
 WHERE type = 'table' AND NOT name = 'sqlite_sequence'
[0m
  [4;36;1mSQL (0.6ms)[0m   [0;1m SELECT name
 FROM sqlite_master
 WHERE type = 'table' AND NOT name = 'sqlite_sequence'
[0m
  [4;35;1mSQL (0.6ms)[0m   [0m SELECT name
 FROM sqlite_master
 WHERE type = 'table' AND NOT name = 'sqlite_sequence'
[0m
  [4;36;1mSQL (0.6ms)[0m   [0;1m SELECT name
 FROM sqlite_master
 WHERE type = 'table' AND NOT name = 'sqlite_sequence'
[0m
  [4;35;1mSQL (0.6ms)[0m   [0m SELECT name
 FROM sqlite_master
 WHERE type = 'table' AND NOT name = 'sqlite_sequence'
[0m
  [4;36;1mSQL (0.6ms)[0m   [0;1m SELECT name
 FROM sqlite_master
 WHERE type = 'table' AND NOT name = 'sqlite_sequence'
[0m
  [4;35;1mSQL (0.6ms)[0m   [0m SELECT name
 FROM sqlite_master
 WHERE type = 'table' AND NOT name = 'sqlite_sequence'
[0m
  [4;36;1mSQL (0.6ms)[0m   [0;1m SELECT name
 FROM sqlite_master
 WHERE type = 'table' AND NOT name = 'sqlite_sequence'
[0m
  [4;35;1mSQL (0.6ms)[0m   [0m SELECT name
 FROM sqlite_master
 WHERE type = 'table' AND NOT name = 'sqlite_sequence'
[0m
  [4;36;1mSQL (0.6ms)[0m   [0;1m SELECT name
 FROM sqlite_master
 WHERE type = 'table' AND NOT name = 'sqlite_sequence'
[0m
  [4;35;1mSQL (0.6ms)[0m   [0m SELECT name
 FROM sqlite_master
 WHERE type = 'table' AND NOT name = 'sqlite_sequence'
[0m
  [4;36;1mSQL (0.6ms)[0m   [0;1m SELECT name
 FROM sqlite_master
 WHERE type = 'table' AND NOT name = 'sqlite_sequence'
[0m
  [4;35;1mSQL (0.6ms)[0m   [0m SELECT name
 FROM sqlite_master
 WHERE type = 'table' AND NOT name = 'sqlite_sequence'
[0m
  [4;36;1mSQL (0.6ms)[0m   [0;1m SELECT name
 FROM sqlite_master
 WHERE type = 'table' AND NOT name = 'sqlite_sequence'
[0m
  [4;35;1mSQL (0.6ms)[0m   [0m SELECT name
 FROM sqlite_master
 WHERE type = 'table' AND NOT name = 'sqlite_sequence'
[0m
  [4;36;1mSQL (0.6ms)[0m   [0;1m SELECT name
 FROM sqlite_master
 WHERE type = 'table' AND NOT name = 'sqlite_sequence'
[0m
  [4;35;1mSQL (0.6ms)[0m   [0m SELECT name
 FROM sqlite_master
 WHERE type = 'table' AND NOT name = 'sqlite_sequence'
[0m
  [4;36;1mSQL (0.6ms)[0m   [0;1m SELECT name
 FROM sqlite_master
 WHERE type = 'table' AND NOT name = 'sqlite_sequence'
[0m
  [4;35;1mSQL (0.6ms)[0m   [0m SELECT name
 FROM sqlite_master
 WHERE type = 'table' AND NOT name = 'sqlite_sequence'
[0m
  [4;36;1mSQL (0.6ms)[0m   [0;1m SELECT name
 FROM sqlite_master
 WHERE type = 'table' AND NOT name = 'sqlite_sequence'
[0m
  [4;35;1mSQL (0.6ms)[0m   [0m SELECT name
 FROM sqlite_master
 WHERE type = 'table' AND NOT name = 'sqlite_sequence'
[0m
  [4;36;1mSQL (0.6ms)[0m   [0;1m SELECT name
 FROM sqlite_master
 WHERE type = 'table' AND NOT name = 'sqlite_sequence'
[0m
  [4;35;1mSQL (0.6ms)[0m   [0m SELECT name
 FROM sqlite_master
 WHERE type = 'table' AND NOT name = 'sqlite_sequence'
[0m
  [4;36;1mSQL (0.6ms)[0m   [0;1m SELECT name
 FROM sqlite_master
 WHERE type = 'table' AND NOT name = 'sqlite_sequence'
[0m
  [4;35;1mSQL (0.6ms)[0m   [0m SELECT name
 FROM sqlite_master
 WHERE type = 'table' AND NOT name = 'sqlite_sequence'
[0m
  [4;36;1mSQL (0.6ms)[0m   [0;1m SELECT name
 FROM sqlite_master
 WHERE type = 'table' AND NOT name = 'sqlite_sequence'
[0m
  [4;35;1mSQL (0.6ms)[0m   [0m SELECT name
 FROM sqlite_master
 WHERE type = 'table' AND NOT name = 'sqlite_sequence'
[0m
  [4;36;1mSQL (0.6ms)[0m   [0;1m SELECT name
 FROM sqlite_master
 WHERE type = 'table' AND NOT name = 'sqlite_sequence'
[0m
  [4;35;1mSQL (0.6ms)[0m   [0m SELECT name
 FROM sqlite_master
 WHERE type = 'table' AND NOT name = 'sqlite_sequence'
[0m
  [4;36;1mSQL (0.6ms)[0m   [0;1m SELECT name
 FROM sqlite_master
 WHERE type = 'table' AND NOT name = 'sqlite_sequence'
[0m
  [4;36;1mSQL (0.3ms)[0m   [0;1mselect sqlite_version(*)[0m
  [4;35;1mSQL (0.2ms)[0m   [0m SELECT name
 FROM sqlite_master
 WHERE type = 'table' AND NOT name = 'sqlite_sequence'
[0m
  [4;36;1mSQL (0.4ms)[0m   [0;1mCREATE TABLE "users" ("id" INTEGER PRIMARY KEY AUTOINCREMENT NOT NULL, "manager_id" integer, "name" varchar(255)) [0m
  [4;35;1mSQL (0.2ms)[0m   [0m SELECT name
 FROM sqlite_master
 WHERE type = 'table' AND NOT name = 'sqlite_sequence'
[0m
  [4;36;1mSQL (0.2ms)[0m   [0;1mCREATE TABLE "avatars" ("id" INTEGER PRIMARY KEY AUTOINCREMENT NOT NULL, "user_id" integer, "name" varchar(255)) [0m
  [4;35;1mSQL (0.2ms)[0m   [0m SELECT name
 FROM sqlite_master
 WHERE type = 'table' AND NOT name = 'sqlite_sequence'
[0m
  [4;36;1mSQL (0.2ms)[0m   [0;1mCREATE TABLE "managers" ("id" INTEGER PRIMARY KEY AUTOINCREMENT NOT NULL, "name" varchar(255)) [0m
  [4;35;1mSQL (0.3ms)[0m   [0m SELECT name
 FROM sqlite_master
 WHERE type = 'table' AND NOT name = 'sqlite_sequence'
[0m
  [4;36;1mSQL (0.2ms)[0m   [0;1mCREATE TABLE "tasks" ("id" INTEGER PRIMARY KEY AUTOINCREMENT NOT NULL, "user_id" integer, "name" varchar(255)) [0m
  [4;35;1mSQL (0.3ms)[0m   [0m SELECT name
 FROM sqlite_master
 WHERE type = 'table' AND NOT name = 'sqlite_sequence'
[0m
  [4;36;1mSQL (0.2ms)[0m   [0;1mCREATE TABLE "tags" ("id" INTEGER PRIMARY KEY AUTOINCREMENT NOT NULL, "user_id" integer, "name" varchar(255)) [0m
  [4;35;1mSQL (0.4ms)[0m   [0m SELECT name
 FROM sqlite_master
 WHERE type = 'table' AND NOT name = 'sqlite_sequence'
[0m
  [4;36;1mSQL (0.2ms)[0m   [0;1mCREATE TABLE "groups" ("id" INTEGER PRIMARY KEY AUTOINCREMENT NOT NULL, "user_id" integer, "name" varchar(255)) [0m
  [4;35;1mSQL (0.5ms)[0m   [0m SELECT name
 FROM sqlite_master
 WHERE type = 'table' AND NOT name = 'sqlite_sequence'
[0m
  [4;36;1mSQL (0.2ms)[0m   [0;1mCREATE TABLE "groups_users" ("group_id" integer, "user_id" integer) [0m
  [4;35;1mSQL (0.5ms)[0m   [0m SELECT name
 FROM sqlite_master
 WHERE type = 'table' AND NOT name = 'sqlite_sequence'
[0m
  [4;36;1mSQL (0.2ms)[0m   [0;1mCREATE TABLE "schema_migrations" ("version" varchar(255) NOT NULL) [0m
  [4;35;1mSQL (0.2ms)[0m   [0mCREATE UNIQUE INDEX "unique_schema_migrations" ON "schema_migrations" ("version")[0m
  [4;36;1mSQL (0.6ms)[0m   [0;1m SELECT name
 FROM sqlite_master
 WHERE type = 'table' AND NOT name = 'sqlite_sequence'
[0m
  [4;35;1mSQL (0.1ms)[0m   [0mSELECT version FROM "schema_migrations"[0m
  [4;36;1mSQL (0.1ms)[0m   [0;1mINSERT INTO "schema_migrations" (version) VALUES ('1')[0m
Unable to load group, underlying cause no such file to load -- group.rb 

 /usr/lib/ruby/gems/1.8/gems/activesupport-2.2.2/lib/active_support/dependencies.rb:382:in `load_without_new_constant_marking'
/usr/lib/ruby/gems/1.8/gems/activesupport-2.2.2/lib/active_support/dependencies.rb:382:in `load_file'
/usr/lib/ruby/gems/1.8/gems/activesupport-2.2.2/lib/active_support/dependencies.rb:521:in `new_constants_in'
/usr/lib/ruby/gems/1.8/gems/activesupport-2.2.2/lib/active_support/dependencies.rb:381:in `load_file'
/usr/lib/ruby/gems/1.8/gems/activesupport-2.2.2/lib/active_support/dependencies.rb:256:in `require_or_load'
/usr/lib/ruby/gems/1.8/gems/activesupport-2.2.2/lib/active_support/dependencies.rb:221:in `depend_on'
/usr/lib/ruby/gems/1.8/gems/activesupport-2.2.2/lib/active_support/dependencies.rb:133:in `require_dependency'
/usr/lib/ruby/gems/1.8/gems/activerecord-2.2.2/lib/active_record/fixtures.rb:856:in `try_to_load_dependency'
/usr/lib/ruby/gems/1.8/gems/activerecord-2.2.2/lib/active_record/fixtures.rb:871:in `require_fixture_classes'
/usr/lib/ruby/gems/1.8/gems/activerecord-2.2.2/lib/active_record/fixtures.rb:868:in `each'
/usr/lib/ruby/gems/1.8/gems/activerecord-2.2.2/lib/active_record/fixtures.rb:868:in `require_fixture_classes'
/usr/lib/ruby/gems/1.8/gems/activerecord-2.2.2/lib/active_record/fixtures.rb:851:in `fixtures'
./test/unit/../test_helper.rb:35
test/unit/nested_helpers_test.rb:1:in `require'
test/unit/nested_helpers_test.rb:1
Unable to load manager, underlying cause no such file to load -- manager.rb 

 /usr/lib/ruby/gems/1.8/gems/activesupport-2.2.2/lib/active_support/dependencies.rb:382:in `load_without_new_constant_marking'
/usr/lib/ruby/gems/1.8/gems/activesupport-2.2.2/lib/active_support/dependencies.rb:382:in `load_file'
/usr/lib/ruby/gems/1.8/gems/activesupport-2.2.2/lib/active_support/dependencies.rb:521:in `new_constants_in'
/usr/lib/ruby/gems/1.8/gems/activesupport-2.2.2/lib/active_support/dependencies.rb:381:in `load_file'
/usr/lib/ruby/gems/1.8/gems/activesupport-2.2.2/lib/active_support/dependencies.rb:256:in `require_or_load'
/usr/lib/ruby/gems/1.8/gems/activesupport-2.2.2/lib/active_support/dependencies.rb:221:in `depend_on'
/usr/lib/ruby/gems/1.8/gems/activesupport-2.2.2/lib/active_support/dependencies.rb:133:in `require_dependency'
/usr/lib/ruby/gems/1.8/gems/activerecord-2.2.2/lib/active_record/fixtures.rb:856:in `try_to_load_dependency'
/usr/lib/ruby/gems/1.8/gems/activerecord-2.2.2/lib/active_record/fixtures.rb:871:in `require_fixture_classes'
/usr/lib/ruby/gems/1.8/gems/activerecord-2.2.2/lib/active_record/fixtures.rb:868:in `each'
/usr/lib/ruby/gems/1.8/gems/activerecord-2.2.2/lib/active_record/fixtures.rb:868:in `require_fixture_classes'
/usr/lib/ruby/gems/1.8/gems/activerecord-2.2.2/lib/active_record/fixtures.rb:851:in `fixtures'
./test/unit/../test_helper.rb:35
test/unit/nested_helpers_test.rb:1:in `require'
test/unit/nested_helpers_test.rb:1
Unable to load avatar, underlying cause no such file to load -- avatar.rb 

 /usr/lib/ruby/gems/1.8/gems/activesupport-2.2.2/lib/active_support/dependencies.rb:382:in `load_without_new_constant_marking'
/usr/lib/ruby/gems/1.8/gems/activesupport-2.2.2/lib/active_support/dependencies.rb:382:in `load_file'
/usr/lib/ruby/gems/1.8/gems/activesupport-2.2.2/lib/active_support/dependencies.rb:521:in `new_constants_in'
/usr/lib/ruby/gems/1.8/gems/activesupport-2.2.2/lib/active_support/dependencies.rb:381:in `load_file'
/usr/lib/ruby/gems/1.8/gems/activesupport-2.2.2/lib/active_support/dependencies.rb:256:in `require_or_load'
/usr/lib/ruby/gems/1.8/gems/activesupport-2.2.2/lib/active_support/dependencies.rb:221:in `depend_on'
/usr/lib/ruby/gems/1.8/gems/activesupport-2.2.2/lib/active_support/dependencies.rb:133:in `require_dependency'
/usr/lib/ruby/gems/1.8/gems/activerecord-2.2.2/lib/active_record/fixtures.rb:856:in `try_to_load_dependency'
/usr/lib/ruby/gems/1.8/gems/activerecord-2.2.2/lib/active_record/fixtures.rb:871:in `require_fixture_classes'
/usr/lib/ruby/gems/1.8/gems/activerecord-2.2.2/lib/active_record/fixtures.rb:868:in `each'
/usr/lib/ruby/gems/1.8/gems/activerecord-2.2.2/lib/active_record/fixtures.rb:868:in `require_fixture_classes'
/usr/lib/ruby/gems/1.8/gems/activerecord-2.2.2/lib/active_record/fixtures.rb:851:in `fixtures'
./test/unit/../test_helper.rb:35
test/unit/nested_helpers_test.rb:1:in `require'
test/unit/nested_helpers_test.rb:1
Unable to load tag, underlying cause no such file to load -- tag.rb 

 /usr/lib/ruby/gems/1.8/gems/activesupport-2.2.2/lib/active_support/dependencies.rb:382:in `load_without_new_constant_marking'
/usr/lib/ruby/gems/1.8/gems/activesupport-2.2.2/lib/active_support/dependencies.rb:382:in `load_file'
/usr/lib/ruby/gems/1.8/gems/activesupport-2.2.2/lib/active_support/dependencies.rb:521:in `new_constants_in'
/usr/lib/ruby/gems/1.8/gems/activesupport-2.2.2/lib/active_support/dependencies.rb:381:in `load_file'
/usr/lib/ruby/gems/1.8/gems/activesupport-2.2.2/lib/active_support/dependencies.rb:256:in `require_or_load'
/usr/lib/ruby/gems/1.8/gems/activesupport-2.2.2/lib/active_support/dependencies.rb:221:in `depend_on'
/usr/lib/ruby/gems/1.8/gems/activesupport-2.2.2/lib/active_support/dependencies.rb:133:in `require_dependency'
/usr/lib/ruby/gems/1.8/gems/activerecord-2.2.2/lib/active_record/fixtures.rb:856:in `try_to_load_dependency'
/usr/lib/ruby/gems/1.8/gems/activerecord-2.2.2/lib/active_record/fixtures.rb:871:in `require_fixture_classes'
/usr/lib/ruby/gems/1.8/gems/activerecord-2.2.2/lib/active_record/fixtures.rb:868:in `each'
/usr/lib/ruby/gems/1.8/gems/activerecord-2.2.2/lib/active_record/fixtures.rb:868:in `require_fixture_classes'
/usr/lib/ruby/gems/1.8/gems/activerecord-2.2.2/lib/active_record/fixtures.rb:851:in `fixtures'
./test/unit/../test_helper.rb:35
test/unit/nested_helpers_test.rb:1:in `require'
test/unit/nested_helpers_test.rb:1
Unable to load user, underlying cause no such file to load -- user.rb 

 /usr/lib/ruby/gems/1.8/gems/activesupport-2.2.2/lib/active_support/dependencies.rb:382:in `load_without_new_constant_marking'
/usr/lib/ruby/gems/1.8/gems/activesupport-2.2.2/lib/active_support/dependencies.rb:382:in `load_file'
/usr/lib/ruby/gems/1.8/gems/activesupport-2.2.2/lib/active_support/dependencies.rb:521:in `new_constants_in'
/usr/lib/ruby/gems/1.8/gems/activesupport-2.2.2/lib/active_support/dependencies.rb:381:in `load_file'
/usr/lib/ruby/gems/1.8/gems/activesupport-2.2.2/lib/active_support/dependencies.rb:256:in `require_or_load'
/usr/lib/ruby/gems/1.8/gems/activesupport-2.2.2/lib/active_support/dependencies.rb:221:in `depend_on'
/usr/lib/ruby/gems/1.8/gems/activesupport-2.2.2/lib/active_support/dependencies.rb:133:in `require_dependency'
/usr/lib/ruby/gems/1.8/gems/activerecord-2.2.2/lib/active_record/fixtures.rb:856:in `try_to_load_dependency'
/usr/lib/ruby/gems/1.8/gems/activerecord-2.2.2/lib/active_record/fixtures.rb:871:in `require_fixture_classes'
/usr/lib/ruby/gems/1.8/gems/activerecord-2.2.2/lib/active_record/fixtures.rb:868:in `each'
/usr/lib/ruby/gems/1.8/gems/activerecord-2.2.2/lib/active_record/fixtures.rb:868:in `require_fixture_classes'
/usr/lib/ruby/gems/1.8/gems/activerecord-2.2.2/lib/active_record/fixtures.rb:851:in `fixtures'
./test/unit/../test_helper.rb:35
test/unit/nested_helpers_test.rb:1:in `require'
test/unit/nested_helpers_test.rb:1
Unable to load task, underlying cause no such file to load -- task.rb 

 /usr/lib/ruby/gems/1.8/gems/activesupport-2.2.2/lib/active_support/dependencies.rb:382:in `load_without_new_constant_marking'
/usr/lib/ruby/gems/1.8/gems/activesupport-2.2.2/lib/active_support/dependencies.rb:382:in `load_file'
/usr/lib/ruby/gems/1.8/gems/activesupport-2.2.2/lib/active_support/dependencies.rb:521:in `new_constants_in'
/usr/lib/ruby/gems/1.8/gems/activesupport-2.2.2/lib/active_support/dependencies.rb:381:in `load_file'
/usr/lib/ruby/gems/1.8/gems/activesupport-2.2.2/lib/active_support/dependencies.rb:256:in `require_or_load'
/usr/lib/ruby/gems/1.8/gems/activesupport-2.2.2/lib/active_support/dependencies.rb:221:in `depend_on'
/usr/lib/ruby/gems/1.8/gems/activesupport-2.2.2/lib/active_support/dependencies.rb:133:in `require_dependency'
/usr/lib/ruby/gems/1.8/gems/activerecord-2.2.2/lib/active_record/fixtures.rb:856:in `try_to_load_dependency'
/usr/lib/ruby/gems/1.8/gems/activerecord-2.2.2/lib/active_record/fixtures.rb:871:in `require_fixture_classes'
/usr/lib/ruby/gems/1.8/gems/activerecord-2.2.2/lib/active_record/fixtures.rb:868:in `each'
/usr/lib/ruby/gems/1.8/gems/activerecord-2.2.2/lib/active_record/fixtures.rb:868:in `require_fixture_classes'
/usr/lib/ruby/gems/1.8/gems/activerecord-2.2.2/lib/active_record/fixtures.rb:851:in `fixtures'
./test/unit/../test_helper.rb:35
test/unit/nested_helpers_test.rb:1:in `require'
test/unit/nested_helpers_test.rb:1
Unable to load groups_user, underlying cause no such file to load -- groups_user.rb 

 /usr/lib/ruby/gems/1.8/gems/activesupport-2.2.2/lib/active_support/dependencies.rb:382:in `load_without_new_constant_marking'
/usr/lib/ruby/gems/1.8/gems/activesupport-2.2.2/lib/active_support/dependencies.rb:382:in `load_file'
/usr/lib/ruby/gems/1.8/gems/activesupport-2.2.2/lib/active_support/dependencies.rb:521:in `new_constants_in'
/usr/lib/ruby/gems/1.8/gems/activesupport-2.2.2/lib/active_support/dependencies.rb:381:in `load_file'
/usr/lib/ruby/gems/1.8/gems/activesupport-2.2.2/lib/active_support/dependencies.rb:256:in `require_or_load'
/usr/lib/ruby/gems/1.8/gems/activesupport-2.2.2/lib/active_support/dependencies.rb:221:in `depend_on'
/usr/lib/ruby/gems/1.8/gems/activesupport-2.2.2/lib/active_support/dependencies.rb:133:in `require_dependency'
/usr/lib/ruby/gems/1.8/gems/activerecord-2.2.2/lib/active_record/fixtures.rb:856:in `try_to_load_dependency'
/usr/lib/ruby/gems/1.8/gems/activerecord-2.2.2/lib/active_record/fixtures.rb:871:in `require_fixture_classes'
/usr/lib/ruby/gems/1.8/gems/activerecord-2.2.2/lib/active_record/fixtures.rb:868:in `each'
/usr/lib/ruby/gems/1.8/gems/activerecord-2.2.2/lib/active_record/fixtures.rb:868:in `require_fixture_classes'
/usr/lib/ruby/gems/1.8/gems/activerecord-2.2.2/lib/active_record/fixtures.rb:851:in `fixtures'
./test/unit/../test_helper.rb:35
test/unit/nested_helpers_test.rb:1:in `require'
test/unit/nested_helpers_test.rb:1
  [4;35;1mPluginTestModels::User Load (0.2ms)[0m   [0mSELECT * FROM "users" LIMIT 1[0m
  [4;36;1mPluginTestModels::User Load (0.2ms)[0m   [0;1mSELECT * FROM "users" LIMIT 1[0m
  [4;35;1mPluginTestModels::User Load (0.2ms)[0m   [0mSELECT * FROM "users" LIMIT 1[0m
  [4;36;1mPluginTestModels::User Load (0.2ms)[0m   [0;1mSELECT * FROM "users" LIMIT 1[0m
  [4;36;1mSQL (0.2ms)[0m   [0;1mselect sqlite_version(*)[0m
  [4;35;1mSQL (0.1ms)[0m   [0m SELECT name
 FROM sqlite_master
 WHERE type = 'table' AND NOT name = 'sqlite_sequence'
[0m
  [4;36;1mSQL (0.2ms)[0m   [0;1mCREATE TABLE "users" ("id" INTEGER PRIMARY KEY AUTOINCREMENT NOT NULL, "manager_id" integer, "name" varchar(255)) [0m
  [4;35;1mSQL (0.1ms)[0m   [0m SELECT name
 FROM sqlite_master
 WHERE type = 'table' AND NOT name = 'sqlite_sequence'
[0m
  [4;36;1mSQL (0.1ms)[0m   [0;1mCREATE TABLE "avatars" ("id" INTEGER PRIMARY KEY AUTOINCREMENT NOT NULL, "user_id" integer, "name" varchar(255)) [0m
  [4;35;1mSQL (0.2ms)[0m   [0m SELECT name
 FROM sqlite_master
 WHERE type = 'table' AND NOT name = 'sqlite_sequence'
[0m
  [4;36;1mSQL (0.1ms)[0m   [0;1mCREATE TABLE "managers" ("id" INTEGER PRIMARY KEY AUTOINCREMENT NOT NULL, "name" varchar(255)) [0m
  [4;35;1mSQL (0.2ms)[0m   [0m SELECT name
 FROM sqlite_master
 WHERE type = 'table' AND NOT name = 'sqlite_sequence'
[0m
  [4;36;1mSQL (0.1ms)[0m   [0;1mCREATE TABLE "tasks" ("id" INTEGER PRIMARY KEY AUTOINCREMENT NOT NULL, "user_id" integer, "name" varchar(255)) [0m
  [4;35;1mSQL (0.2ms)[0m   [0m SELECT name
 FROM sqlite_master
 WHERE type = 'table' AND NOT name = 'sqlite_sequence'
[0m
  [4;36;1mSQL (0.1ms)[0m   [0;1mCREATE TABLE "tags" ("id" INTEGER PRIMARY KEY AUTOINCREMENT NOT NULL, "user_id" integer, "name" varchar(255)) [0m
  [4;35;1mSQL (0.3ms)[0m   [0m SELECT name
 FROM sqlite_master
 WHERE type = 'table' AND NOT name = 'sqlite_sequence'
[0m
  [4;36;1mSQL (0.1ms)[0m   [0;1mCREATE TABLE "groups" ("id" INTEGER PRIMARY KEY AUTOINCREMENT NOT NULL, "user_id" integer, "name" varchar(255)) [0m
  [4;35;1mSQL (0.3ms)[0m   [0m SELECT name
 FROM sqlite_master
 WHERE type = 'table' AND NOT name = 'sqlite_sequence'
[0m
  [4;36;1mSQL (0.1ms)[0m   [0;1mCREATE TABLE "groups_users" ("group_id" integer, "user_id" integer) [0m
  [4;35;1mSQL (0.4ms)[0m   [0m SELECT name
 FROM sqlite_master
 WHERE type = 'table' AND NOT name = 'sqlite_sequence'
[0m
  [4;36;1mSQL (0.1ms)[0m   [0;1mCREATE TABLE "schema_migrations" ("version" varchar(255) NOT NULL) [0m
  [4;35;1mSQL (0.1ms)[0m   [0mCREATE UNIQUE INDEX "unique_schema_migrations" ON "schema_migrations" ("version")[0m
  [4;36;1mSQL (0.4ms)[0m   [0;1m SELECT name
 FROM sqlite_master
 WHERE type = 'table' AND NOT name = 'sqlite_sequence'
[0m
  [4;35;1mSQL (0.1ms)[0m   [0mSELECT version FROM "schema_migrations"[0m
  [4;36;1mSQL (0.1ms)[0m   [0;1mINSERT INTO "schema_migrations" (version) VALUES ('1')[0m
Unable to load group, underlying cause no such file to load -- group.rb 

 /usr/lib/ruby/gems/1.8/gems/activesupport-2.2.2/lib/active_support/dependencies.rb:382:in `load_without_new_constant_marking'
/usr/lib/ruby/gems/1.8/gems/activesupport-2.2.2/lib/active_support/dependencies.rb:382:in `load_file'
/usr/lib/ruby/gems/1.8/gems/activesupport-2.2.2/lib/active_support/dependencies.rb:521:in `new_constants_in'
/usr/lib/ruby/gems/1.8/gems/activesupport-2.2.2/lib/active_support/dependencies.rb:381:in `load_file'
/usr/lib/ruby/gems/1.8/gems/activesupport-2.2.2/lib/active_support/dependencies.rb:256:in `require_or_load'
/usr/lib/ruby/gems/1.8/gems/activesupport-2.2.2/lib/active_support/dependencies.rb:221:in `depend_on'
/usr/lib/ruby/gems/1.8/gems/activesupport-2.2.2/lib/active_support/dependencies.rb:133:in `require_dependency'
/usr/lib/ruby/gems/1.8/gems/activerecord-2.2.2/lib/active_record/fixtures.rb:856:in `try_to_load_dependency'
/usr/lib/ruby/gems/1.8/gems/activerecord-2.2.2/lib/active_record/fixtures.rb:871:in `require_fixture_classes'
/usr/lib/ruby/gems/1.8/gems/activerecord-2.2.2/lib/active_record/fixtures.rb:868:in `each'
/usr/lib/ruby/gems/1.8/gems/activerecord-2.2.2/lib/active_record/fixtures.rb:868:in `require_fixture_classes'
/usr/lib/ruby/gems/1.8/gems/activerecord-2.2.2/lib/active_record/fixtures.rb:851:in `fixtures'
./test/unit/../test_helper.rb:35
test/unit/nested_assignment_helper_test.rb:1:in `require'
test/unit/nested_assignment_helper_test.rb:1
Unable to load manager, underlying cause no such file to load -- manager.rb 

 /usr/lib/ruby/gems/1.8/gems/activesupport-2.2.2/lib/active_support/dependencies.rb:382:in `load_without_new_constant_marking'
/usr/lib/ruby/gems/1.8/gems/activesupport-2.2.2/lib/active_support/dependencies.rb:382:in `load_file'
/usr/lib/ruby/gems/1.8/gems/activesupport-2.2.2/lib/active_support/dependencies.rb:521:in `new_constants_in'
/usr/lib/ruby/gems/1.8/gems/activesupport-2.2.2/lib/active_support/dependencies.rb:381:in `load_file'
/usr/lib/ruby/gems/1.8/gems/activesupport-2.2.2/lib/active_support/dependencies.rb:256:in `require_or_load'
/usr/lib/ruby/gems/1.8/gems/activesupport-2.2.2/lib/active_support/dependencies.rb:221:in `depend_on'
/usr/lib/ruby/gems/1.8/gems/activesupport-2.2.2/lib/active_support/dependencies.rb:133:in `require_dependency'
/usr/lib/ruby/gems/1.8/gems/activerecord-2.2.2/lib/active_record/fixtures.rb:856:in `try_to_load_dependency'
/usr/lib/ruby/gems/1.8/gems/activerecord-2.2.2/lib/active_record/fixtures.rb:871:in `require_fixture_classes'
/usr/lib/ruby/gems/1.8/gems/activerecord-2.2.2/lib/active_record/fixtures.rb:868:in `each'
/usr/lib/ruby/gems/1.8/gems/activerecord-2.2.2/lib/active_record/fixtures.rb:868:in `require_fixture_classes'
/usr/lib/ruby/gems/1.8/gems/activerecord-2.2.2/lib/active_record/fixtures.rb:851:in `fixtures'
./test/unit/../test_helper.rb:35
test/unit/nested_assignment_helper_test.rb:1:in `require'
test/unit/nested_assignment_helper_test.rb:1
Unable to load avatar, underlying cause no such file to load -- avatar.rb 

 /usr/lib/ruby/gems/1.8/gems/activesupport-2.2.2/lib/active_support/dependencies.rb:382:in `load_without_new_constant_marking'
/usr/lib/ruby/gems/1.8/gems/activesupport-2.2.2/lib/active_support/dependencies.rb:382:in `load_file'
/usr/lib/ruby/gems/1.8/gems/activesupport-2.2.2/lib/active_support/dependencies.rb:521:in `new_constants_in'
/usr/lib/ruby/gems/1.8/gems/activesupport-2.2.2/lib/active_support/dependencies.rb:381:in `load_file'
/usr/lib/ruby/gems/1.8/gems/activesupport-2.2.2/lib/active_support/dependencies.rb:256:in `require_or_load'
/usr/lib/ruby/gems/1.8/gems/activesupport-2.2.2/lib/active_support/dependencies.rb:221:in `depend_on'
/usr/lib/ruby/gems/1.8/gems/activesupport-2.2.2/lib/active_support/dependencies.rb:133:in `require_dependency'
/usr/lib/ruby/gems/1.8/gems/activerecord-2.2.2/lib/active_record/fixtures.rb:856:in `try_to_load_dependency'
/usr/lib/ruby/gems/1.8/gems/activerecord-2.2.2/lib/active_record/fixtures.rb:871:in `require_fixture_classes'
/usr/lib/ruby/gems/1.8/gems/activerecord-2.2.2/lib/active_record/fixtures.rb:868:in `each'
/usr/lib/ruby/gems/1.8/gems/activerecord-2.2.2/lib/active_record/fixtures.rb:868:in `require_fixture_classes'
/usr/lib/ruby/gems/1.8/gems/activerecord-2.2.2/lib/active_record/fixtures.rb:851:in `fixtures'
./test/unit/../test_helper.rb:35
test/unit/nested_assignment_helper_test.rb:1:in `require'
test/unit/nested_assignment_helper_test.rb:1
Unable to load tag, underlying cause no such file to load -- tag.rb 

 /usr/lib/ruby/gems/1.8/gems/activesupport-2.2.2/lib/active_support/dependencies.rb:382:in `load_without_new_constant_marking'
/usr/lib/ruby/gems/1.8/gems/activesupport-2.2.2/lib/active_support/dependencies.rb:382:in `load_file'
/usr/lib/ruby/gems/1.8/gems/activesupport-2.2.2/lib/active_support/dependencies.rb:521:in `new_constants_in'
/usr/lib/ruby/gems/1.8/gems/activesupport-2.2.2/lib/active_support/dependencies.rb:381:in `load_file'
/usr/lib/ruby/gems/1.8/gems/activesupport-2.2.2/lib/active_support/dependencies.rb:256:in `require_or_load'
/usr/lib/ruby/gems/1.8/gems/activesupport-2.2.2/lib/active_support/dependencies.rb:221:in `depend_on'
/usr/lib/ruby/gems/1.8/gems/activesupport-2.2.2/lib/active_support/dependencies.rb:133:in `require_dependency'
/usr/lib/ruby/gems/1.8/gems/activerecord-2.2.2/lib/active_record/fixtures.rb:856:in `try_to_load_dependency'
/usr/lib/ruby/gems/1.8/gems/activerecord-2.2.2/lib/active_record/fixtures.rb:871:in `require_fixture_classes'
/usr/lib/ruby/gems/1.8/gems/activerecord-2.2.2/lib/active_record/fixtures.rb:868:in `each'
/usr/lib/ruby/gems/1.8/gems/activerecord-2.2.2/lib/active_record/fixtures.rb:868:in `require_fixture_classes'
/usr/lib/ruby/gems/1.8/gems/activerecord-2.2.2/lib/active_record/fixtures.rb:851:in `fixtures'
./test/unit/../test_helper.rb:35
test/unit/nested_assignment_helper_test.rb:1:in `require'
test/unit/nested_assignment_helper_test.rb:1
Unable to load user, underlying cause no such file to load -- user.rb 

 /usr/lib/ruby/gems/1.8/gems/activesupport-2.2.2/lib/active_support/dependencies.rb:382:in `load_without_new_constant_marking'
/usr/lib/ruby/gems/1.8/gems/activesupport-2.2.2/lib/active_support/dependencies.rb:382:in `load_file'
/usr/lib/ruby/gems/1.8/gems/activesupport-2.2.2/lib/active_support/dependencies.rb:521:in `new_constants_in'
/usr/lib/ruby/gems/1.8/gems/activesupport-2.2.2/lib/active_support/dependencies.rb:381:in `load_file'
/usr/lib/ruby/gems/1.8/gems/activesupport-2.2.2/lib/active_support/dependencies.rb:256:in `require_or_load'
/usr/lib/ruby/gems/1.8/gems/activesupport-2.2.2/lib/active_support/dependencies.rb:221:in `depend_on'
/usr/lib/ruby/gems/1.8/gems/activesupport-2.2.2/lib/active_support/dependencies.rb:133:in `require_dependency'
/usr/lib/ruby/gems/1.8/gems/activerecord-2.2.2/lib/active_record/fixtures.rb:856:in `try_to_load_dependency'
/usr/lib/ruby/gems/1.8/gems/activerecord-2.2.2/lib/active_record/fixtures.rb:871:in `require_fixture_classes'
/usr/lib/ruby/gems/1.8/gems/activerecord-2.2.2/lib/active_record/fixtures.rb:868:in `each'
/usr/lib/ruby/gems/1.8/gems/activerecord-2.2.2/lib/active_record/fixtures.rb:868:in `require_fixture_classes'
/usr/lib/ruby/gems/1.8/gems/activerecord-2.2.2/lib/active_record/fixtures.rb:851:in `fixtures'
./test/unit/../test_helper.rb:35
test/unit/nested_assignment_helper_test.rb:1:in `require'
test/unit/nested_assignment_helper_test.rb:1
Unable to load task, underlying cause no such file to load -- task.rb 

 /usr/lib/ruby/gems/1.8/gems/activesupport-2.2.2/lib/active_support/dependencies.rb:382:in `load_without_new_constant_marking'
/usr/lib/ruby/gems/1.8/gems/activesupport-2.2.2/lib/active_support/dependencies.rb:382:in `load_file'
/usr/lib/ruby/gems/1.8/gems/activesupport-2.2.2/lib/active_support/dependencies.rb:521:in `new_constants_in'
/usr/lib/ruby/gems/1.8/gems/activesupport-2.2.2/lib/active_support/dependencies.rb:381:in `load_file'
/usr/lib/ruby/gems/1.8/gems/activesupport-2.2.2/lib/active_support/dependencies.rb:256:in `require_or_load'
/usr/lib/ruby/gems/1.8/gems/activesupport-2.2.2/lib/active_support/dependencies.rb:221:in `depend_on'
/usr/lib/ruby/gems/1.8/gems/activesupport-2.2.2/lib/active_support/dependencies.rb:133:in `require_dependency'
/usr/lib/ruby/gems/1.8/gems/activerecord-2.2.2/lib/active_record/fixtures.rb:856:in `try_to_load_dependency'
/usr/lib/ruby/gems/1.8/gems/activerecord-2.2.2/lib/active_record/fixtures.rb:871:in `require_fixture_classes'
/usr/lib/ruby/gems/1.8/gems/activerecord-2.2.2/lib/active_record/fixtures.rb:868:in `each'
/usr/lib/ruby/gems/1.8/gems/activerecord-2.2.2/lib/active_record/fixtures.rb:868:in `require_fixture_classes'
/usr/lib/ruby/gems/1.8/gems/activerecord-2.2.2/lib/active_record/fixtures.rb:851:in `fixtures'
./test/unit/../test_helper.rb:35
test/unit/nested_assignment_helper_test.rb:1:in `require'
test/unit/nested_assignment_helper_test.rb:1
Unable to load groups_user, underlying cause no such file to load -- groups_user.rb 

 /usr/lib/ruby/gems/1.8/gems/activesupport-2.2.2/lib/active_support/dependencies.rb:382:in `load_without_new_constant_marking'
/usr/lib/ruby/gems/1.8/gems/activesupport-2.2.2/lib/active_support/dependencies.rb:382:in `load_file'
/usr/lib/ruby/gems/1.8/gems/activesupport-2.2.2/lib/active_support/dependencies.rb:521:in `new_constants_in'
/usr/lib/ruby/gems/1.8/gems/activesupport-2.2.2/lib/active_support/dependencies.rb:381:in `load_file'
/usr/lib/ruby/gems/1.8/gems/activesupport-2.2.2/lib/active_support/dependencies.rb:256:in `require_or_load'
/usr/lib/ruby/gems/1.8/gems/activesupport-2.2.2/lib/active_support/dependencies.rb:221:in `depend_on'
/usr/lib/ruby/gems/1.8/gems/activesupport-2.2.2/lib/active_support/dependencies.rb:133:in `require_dependency'
/usr/lib/ruby/gems/1.8/gems/activerecord-2.2.2/lib/active_record/fixtures.rb:856:in `try_to_load_dependency'
/usr/lib/ruby/gems/1.8/gems/activerecord-2.2.2/lib/active_record/fixtures.rb:871:in `require_fixture_classes'
/usr/lib/ruby/gems/1.8/gems/activerecord-2.2.2/lib/active_record/fixtures.rb:868:in `each'
/usr/lib/ruby/gems/1.8/gems/activerecord-2.2.2/lib/active_record/fixtures.rb:868:in `require_fixture_classes'
/usr/lib/ruby/gems/1.8/gems/activerecord-2.2.2/lib/active_record/fixtures.rb:851:in `fixtures'
./test/unit/../test_helper.rb:35
test/unit/nested_assignment_helper_test.rb:1:in `require'
test/unit/nested_assignment_helper_test.rb:1
  [4;35;1mPluginTestModels::User Load (0.1ms)[0m   [0mSELECT * FROM "users" LIMIT 1[0m
  [4;36;1mPluginTestModels::User Load (0.1ms)[0m   [0;1mSELECT * FROM "users" LIMIT 1[0m
  [4;35;1mPluginTestModels::Group Load (0.2ms)[0m   [0mSELECT * FROM "groups" INNER JOIN "groups_users" ON "groups".id = "groups_users".group_id WHERE ("groups_users".user_id = 1 ) [0m
  [4;36;1mPluginTestModels::User Load (0.1ms)[0m   [0;1mSELECT * FROM "users" LIMIT 1[0m
  [4;35;1mPluginTestModels::User Load (0.1ms)[0m   [0mSELECT * FROM "users" LIMIT 1[0m
  [4;36;1mSQL (0.2ms)[0m   [0;1mselect sqlite_version(*)[0m
  [4;35;1mSQL (0.1ms)[0m   [0m SELECT name
 FROM sqlite_master
 WHERE type = 'table' AND NOT name = 'sqlite_sequence'
[0m
  [4;36;1mSQL (0.2ms)[0m   [0;1mCREATE TABLE "users" ("id" INTEGER PRIMARY KEY AUTOINCREMENT NOT NULL, "manager_id" integer, "name" varchar(255)) [0m
  [4;35;1mSQL (0.1ms)[0m   [0m SELECT name
 FROM sqlite_master
 WHERE type = 'table' AND NOT name = 'sqlite_sequence'
[0m
  [4;36;1mSQL (0.1ms)[0m   [0;1mCREATE TABLE "avatars" ("id" INTEGER PRIMARY KEY AUTOINCREMENT NOT NULL, "user_id" integer, "name" varchar(255)) [0m
  [4;35;1mSQL (0.2ms)[0m   [0m SELECT name
 FROM sqlite_master
 WHERE type = 'table' AND NOT name = 'sqlite_sequence'
[0m
  [4;36;1mSQL (0.1ms)[0m   [0;1mCREATE TABLE "managers" ("id" INTEGER PRIMARY KEY AUTOINCREMENT NOT NULL, "name" varchar(255)) [0m
  [4;35;1mSQL (0.2ms)[0m   [0m SELECT name
 FROM sqlite_master
 WHERE type = 'table' AND NOT name = 'sqlite_sequence'
[0m
  [4;36;1mSQL (0.1ms)[0m   [0;1mCREATE TABLE "tasks" ("id" INTEGER PRIMARY KEY AUTOINCREMENT NOT NULL, "user_id" integer, "name" varchar(255)) [0m
  [4;35;1mSQL (0.2ms)[0m   [0m SELECT name
 FROM sqlite_master
 WHERE type = 'table' AND NOT name = 'sqlite_sequence'
[0m
  [4;36;1mSQL (0.1ms)[0m   [0;1mCREATE TABLE "tags" ("id" INTEGER PRIMARY KEY AUTOINCREMENT NOT NULL, "user_id" integer, "name" varchar(255)) [0m
  [4;35;1mSQL (0.3ms)[0m   [0m SELECT name
 FROM sqlite_master
 WHERE type = 'table' AND NOT name = 'sqlite_sequence'
[0m
  [4;36;1mSQL (0.1ms)[0m   [0;1mCREATE TABLE "groups" ("id" INTEGER PRIMARY KEY AUTOINCREMENT NOT NULL, "user_id" integer, "name" varchar(255)) [0m
  [4;35;1mSQL (0.3ms)[0m   [0m SELECT name
 FROM sqlite_master
 WHERE type = 'table' AND NOT name = 'sqlite_sequence'
[0m
  [4;36;1mSQL (0.1ms)[0m   [0;1mCREATE TABLE "groups_users" ("group_id" integer, "user_id" integer) [0m
  [4;35;1mSQL (0.4ms)[0m   [0m SELECT name
 FROM sqlite_master
 WHERE type = 'table' AND NOT name = 'sqlite_sequence'
[0m
  [4;36;1mSQL (0.1ms)[0m   [0;1mCREATE TABLE "schema_migrations" ("version" varchar(255) NOT NULL) [0m
  [4;35;1mSQL (0.1ms)[0m   [0mCREATE UNIQUE INDEX "unique_schema_migrations" ON "schema_migrations" ("version")[0m
  [4;36;1mSQL (0.4ms)[0m   [0;1m SELECT name
 FROM sqlite_master
 WHERE type = 'table' AND NOT name = 'sqlite_sequence'
[0m
  [4;35;1mSQL (0.1ms)[0m   [0mSELECT version FROM "schema_migrations"[0m
  [4;36;1mSQL (0.1ms)[0m   [0;1mINSERT INTO "schema_migrations" (version) VALUES ('1')[0m
Unable to load group, underlying cause no such file to load -- group.rb 

 /usr/lib/ruby/gems/1.8/gems/activesupport-2.2.2/lib/active_support/dependencies.rb:382:in `load_without_new_constant_marking'
/usr/lib/ruby/gems/1.8/gems/activesupport-2.2.2/lib/active_support/dependencies.rb:382:in `load_file'
/usr/lib/ruby/gems/1.8/gems/activesupport-2.2.2/lib/active_support/dependencies.rb:521:in `new_constants_in'
/usr/lib/ruby/gems/1.8/gems/activesupport-2.2.2/lib/active_support/dependencies.rb:381:in `load_file'
/usr/lib/ruby/gems/1.8/gems/activesupport-2.2.2/lib/active_support/dependencies.rb:256:in `require_or_load'
/usr/lib/ruby/gems/1.8/gems/activesupport-2.2.2/lib/active_support/dependencies.rb:221:in `depend_on'
/usr/lib/ruby/gems/1.8/gems/activesupport-2.2.2/lib/active_support/dependencies.rb:133:in `require_dependency'
/usr/lib/ruby/gems/1.8/gems/activerecord-2.2.2/lib/active_record/fixtures.rb:856:in `try_to_load_dependency'
/usr/lib/ruby/gems/1.8/gems/activerecord-2.2.2/lib/active_record/fixtures.rb:871:in `require_fixture_classes'
/usr/lib/ruby/gems/1.8/gems/activerecord-2.2.2/lib/active_record/fixtures.rb:868:in `each'
/usr/lib/ruby/gems/1.8/gems/activerecord-2.2.2/lib/active_record/fixtures.rb:868:in `require_fixture_classes'
/usr/lib/ruby/gems/1.8/gems/activerecord-2.2.2/lib/active_record/fixtures.rb:851:in `fixtures'
./test/unit/../test_helper.rb:35
test/unit/nested_assignment_helper_test.rb:1:in `require'
test/unit/nested_assignment_helper_test.rb:1
Unable to load manager, underlying cause no such file to load -- manager.rb 

 /usr/lib/ruby/gems/1.8/gems/activesupport-2.2.2/lib/active_support/dependencies.rb:382:in `load_without_new_constant_marking'
/usr/lib/ruby/gems/1.8/gems/activesupport-2.2.2/lib/active_support/dependencies.rb:382:in `load_file'
/usr/lib/ruby/gems/1.8/gems/activesupport-2.2.2/lib/active_support/dependencies.rb:521:in `new_constants_in'
/usr/lib/ruby/gems/1.8/gems/activesupport-2.2.2/lib/active_support/dependencies.rb:381:in `load_file'
/usr/lib/ruby/gems/1.8/gems/activesupport-2.2.2/lib/active_support/dependencies.rb:256:in `require_or_load'
/usr/lib/ruby/gems/1.8/gems/activesupport-2.2.2/lib/active_support/dependencies.rb:221:in `depend_on'
/usr/lib/ruby/gems/1.8/gems/activesupport-2.2.2/lib/active_support/dependencies.rb:133:in `require_dependency'
/usr/lib/ruby/gems/1.8/gems/activerecord-2.2.2/lib/active_record/fixtures.rb:856:in `try_to_load_dependency'
/usr/lib/ruby/gems/1.8/gems/activerecord-2.2.2/lib/active_record/fixtures.rb:871:in `require_fixture_classes'
/usr/lib/ruby/gems/1.8/gems/activerecord-2.2.2/lib/active_record/fixtures.rb:868:in `each'
/usr/lib/ruby/gems/1.8/gems/activerecord-2.2.2/lib/active_record/fixtures.rb:868:in `require_fixture_classes'
/usr/lib/ruby/gems/1.8/gems/activerecord-2.2.2/lib/active_record/fixtures.rb:851:in `fixtures'
./test/unit/../test_helper.rb:35
test/unit/nested_assignment_helper_test.rb:1:in `require'
test/unit/nested_assignment_helper_test.rb:1
Unable to load avatar, underlying cause no such file to load -- avatar.rb 

 /usr/lib/ruby/gems/1.8/gems/activesupport-2.2.2/lib/active_support/dependencies.rb:382:in `load_without_new_constant_marking'
/usr/lib/ruby/gems/1.8/gems/activesupport-2.2.2/lib/active_support/dependencies.rb:382:in `load_file'
/usr/lib/ruby/gems/1.8/gems/activesupport-2.2.2/lib/active_support/dependencies.rb:521:in `new_constants_in'
/usr/lib/ruby/gems/1.8/gems/activesupport-2.2.2/lib/active_support/dependencies.rb:381:in `load_file'
/usr/lib/ruby/gems/1.8/gems/activesupport-2.2.2/lib/active_support/dependencies.rb:256:in `require_or_load'
/usr/lib/ruby/gems/1.8/gems/activesupport-2.2.2/lib/active_support/dependencies.rb:221:in `depend_on'
/usr/lib/ruby/gems/1.8/gems/activesupport-2.2.2/lib/active_support/dependencies.rb:133:in `require_dependency'
/usr/lib/ruby/gems/1.8/gems/activerecord-2.2.2/lib/active_record/fixtures.rb:856:in `try_to_load_dependency'
/usr/lib/ruby/gems/1.8/gems/activerecord-2.2.2/lib/active_record/fixtures.rb:871:in `require_fixture_classes'
/usr/lib/ruby/gems/1.8/gems/activerecord-2.2.2/lib/active_record/fixtures.rb:868:in `each'
/usr/lib/ruby/gems/1.8/gems/activerecord-2.2.2/lib/active_record/fixtures.rb:868:in `require_fixture_classes'
/usr/lib/ruby/gems/1.8/gems/activerecord-2.2.2/lib/active_record/fixtures.rb:851:in `fixtures'
./test/unit/../test_helper.rb:35
test/unit/nested_assignment_helper_test.rb:1:in `require'
test/unit/nested_assignment_helper_test.rb:1
Unable to load tag, underlying cause no such file to load -- tag.rb 

 /usr/lib/ruby/gems/1.8/gems/activesupport-2.2.2/lib/active_support/dependencies.rb:382:in `load_without_new_constant_marking'
/usr/lib/ruby/gems/1.8/gems/activesupport-2.2.2/lib/active_support/dependencies.rb:382:in `load_file'
/usr/lib/ruby/gems/1.8/gems/activesupport-2.2.2/lib/active_support/dependencies.rb:521:in `new_constants_in'
/usr/lib/ruby/gems/1.8/gems/activesupport-2.2.2/lib/active_support/dependencies.rb:381:in `load_file'
/usr/lib/ruby/gems/1.8/gems/activesupport-2.2.2/lib/active_support/dependencies.rb:256:in `require_or_load'
/usr/lib/ruby/gems/1.8/gems/activesupport-2.2.2/lib/active_support/dependencies.rb:221:in `depend_on'
/usr/lib/ruby/gems/1.8/gems/activesupport-2.2.2/lib/active_support/dependencies.rb:133:in `require_dependency'
/usr/lib/ruby/gems/1.8/gems/activerecord-2.2.2/lib/active_record/fixtures.rb:856:in `try_to_load_dependency'
/usr/lib/ruby/gems/1.8/gems/activerecord-2.2.2/lib/active_record/fixtures.rb:871:in `require_fixture_classes'
/usr/lib/ruby/gems/1.8/gems/activerecord-2.2.2/lib/active_record/fixtures.rb:868:in `each'
/usr/lib/ruby/gems/1.8/gems/activerecord-2.2.2/lib/active_record/fixtures.rb:868:in `require_fixture_classes'
/usr/lib/ruby/gems/1.8/gems/activerecord-2.2.2/lib/active_record/fixtures.rb:851:in `fixtures'
./test/unit/../test_helper.rb:35
test/unit/nested_assignment_helper_test.rb:1:in `require'
test/unit/nested_assignment_helper_test.rb:1
Unable to load user, underlying cause no such file to load -- user.rb 

 /usr/lib/ruby/gems/1.8/gems/activesupport-2.2.2/lib/active_support/dependencies.rb:382:in `load_without_new_constant_marking'
/usr/lib/ruby/gems/1.8/gems/activesupport-2.2.2/lib/active_support/dependencies.rb:382:in `load_file'
/usr/lib/ruby/gems/1.8/gems/activesupport-2.2.2/lib/active_support/dependencies.rb:521:in `new_constants_in'
/usr/lib/ruby/gems/1.8/gems/activesupport-2.2.2/lib/active_support/dependencies.rb:381:in `load_file'
/usr/lib/ruby/gems/1.8/gems/activesupport-2.2.2/lib/active_support/dependencies.rb:256:in `require_or_load'
/usr/lib/ruby/gems/1.8/gems/activesupport-2.2.2/lib/active_support/dependencies.rb:221:in `depend_on'
/usr/lib/ruby/gems/1.8/gems/activesupport-2.2.2/lib/active_support/dependencies.rb:133:in `require_dependency'
/usr/lib/ruby/gems/1.8/gems/activerecord-2.2.2/lib/active_record/fixtures.rb:856:in `try_to_load_dependency'
/usr/lib/ruby/gems/1.8/gems/activerecord-2.2.2/lib/active_record/fixtures.rb:871:in `require_fixture_classes'
/usr/lib/ruby/gems/1.8/gems/activerecord-2.2.2/lib/active_record/fixtures.rb:868:in `each'
/usr/lib/ruby/gems/1.8/gems/activerecord-2.2.2/lib/active_record/fixtures.rb:868:in `require_fixture_classes'
/usr/lib/ruby/gems/1.8/gems/activerecord-2.2.2/lib/active_record/fixtures.rb:851:in `fixtures'
./test/unit/../test_helper.rb:35
test/unit/nested_assignment_helper_test.rb:1:in `require'
test/unit/nested_assignment_helper_test.rb:1
Unable to load task, underlying cause no such file to load -- task.rb 

 /usr/lib/ruby/gems/1.8/gems/activesupport-2.2.2/lib/active_support/dependencies.rb:382:in `load_without_new_constant_marking'
/usr/lib/ruby/gems/1.8/gems/activesupport-2.2.2/lib/active_support/dependencies.rb:382:in `load_file'
/usr/lib/ruby/gems/1.8/gems/activesupport-2.2.2/lib/active_support/dependencies.rb:521:in `new_constants_in'
/usr/lib/ruby/gems/1.8/gems/activesupport-2.2.2/lib/active_support/dependencies.rb:381:in `load_file'
/usr/lib/ruby/gems/1.8/gems/activesupport-2.2.2/lib/active_support/dependencies.rb:256:in `require_or_load'
/usr/lib/ruby/gems/1.8/gems/activesupport-2.2.2/lib/active_support/dependencies.rb:221:in `depend_on'
/usr/lib/ruby/gems/1.8/gems/activesupport-2.2.2/lib/active_support/dependencies.rb:133:in `require_dependency'
/usr/lib/ruby/gems/1.8/gems/activerecord-2.2.2/lib/active_record/fixtures.rb:856:in `try_to_load_dependency'
/usr/lib/ruby/gems/1.8/gems/activerecord-2.2.2/lib/active_record/fixtures.rb:871:in `require_fixture_classes'
/usr/lib/ruby/gems/1.8/gems/activerecord-2.2.2/lib/active_record/fixtures.rb:868:in `each'
/usr/lib/ruby/gems/1.8/gems/activerecord-2.2.2/lib/active_record/fixtures.rb:868:in `require_fixture_classes'
/usr/lib/ruby/gems/1.8/gems/activerecord-2.2.2/lib/active_record/fixtures.rb:851:in `fixtures'
./test/unit/../test_helper.rb:35
test/unit/nested_assignment_helper_test.rb:1:in `require'
test/unit/nested_assignment_helper_test.rb:1
Unable to load groups_user, underlying cause no such file to load -- groups_user.rb 

 /usr/lib/ruby/gems/1.8/gems/activesupport-2.2.2/lib/active_support/dependencies.rb:382:in `load_without_new_constant_marking'
/usr/lib/ruby/gems/1.8/gems/activesupport-2.2.2/lib/active_support/dependencies.rb:382:in `load_file'
/usr/lib/ruby/gems/1.8/gems/activesupport-2.2.2/lib/active_support/dependencies.rb:521:in `new_constants_in'
/usr/lib/ruby/gems/1.8/gems/activesupport-2.2.2/lib/active_support/dependencies.rb:381:in `load_file'
/usr/lib/ruby/gems/1.8/gems/activesupport-2.2.2/lib/active_support/dependencies.rb:256:in `require_or_load'
/usr/lib/ruby/gems/1.8/gems/activesupport-2.2.2/lib/active_support/dependencies.rb:221:in `depend_on'
/usr/lib/ruby/gems/1.8/gems/activesupport-2.2.2/lib/active_support/dependencies.rb:133:in `require_dependency'
/usr/lib/ruby/gems/1.8/gems/activerecord-2.2.2/lib/active_record/fixtures.rb:856:in `try_to_load_dependency'
/usr/lib/ruby/gems/1.8/gems/activerecord-2.2.2/lib/active_record/fixtures.rb:871:in `require_fixture_classes'
/usr/lib/ruby/gems/1.8/gems/activerecord-2.2.2/lib/active_record/fixtures.rb:868:in `each'
/usr/lib/ruby/gems/1.8/gems/activerecord-2.2.2/lib/active_record/fixtures.rb:868:in `require_fixture_classes'
/usr/lib/ruby/gems/1.8/gems/activerecord-2.2.2/lib/active_record/fixtures.rb:851:in `fixtures'
./test/unit/../test_helper.rb:35
test/unit/nested_assignment_helper_test.rb:1:in `require'
test/unit/nested_assignment_helper_test.rb:1
  [4;35;1mPluginTestModels::User Load (0.1ms)[0m   [0mSELECT * FROM "users" LIMIT 1[0m
  [4;36;1mPluginTestModels::User Load (0.1ms)[0m   [0;1mSELECT * FROM "users" LIMIT 1[0m
  [4;35;1mPluginTestModels::Group Load (0.2ms)[0m   [0mSELECT * FROM "groups" INNER JOIN "groups_users" ON "groups".id = "groups_users".group_id WHERE ("groups_users".user_id = 1 ) [0m
  [4;36;1mPluginTestModels::User Load (0.1ms)[0m   [0;1mSELECT * FROM "users" LIMIT 1[0m
  [4;35;1mPluginTestModels::Group Load (0.2ms)[0m   [0mSELECT * FROM "groups" INNER JOIN "groups_users" ON "groups".id = "groups_users".group_id WHERE ("groups_users".user_id = 1 ) [0m
  [4;36;1mPluginTestModels::User Load (0.1ms)[0m   [0;1mSELECT * FROM "users" LIMIT 1[0m
  [4;36;1mSQL (0.3ms)[0m   [0;1mselect sqlite_version(*)[0m
  [4;35;1mSQL (0.2ms)[0m   [0m SELECT name
 FROM sqlite_master
 WHERE type = 'table' AND NOT name = 'sqlite_sequence'
[0m
  [4;36;1mSQL (0.4ms)[0m   [0;1mCREATE TABLE "users" ("id" INTEGER PRIMARY KEY AUTOINCREMENT NOT NULL, "manager_id" integer, "name" varchar(255)) [0m
  [4;35;1mSQL (0.2ms)[0m   [0m SELECT name
 FROM sqlite_master
 WHERE type = 'table' AND NOT name = 'sqlite_sequence'
[0m
  [4;36;1mSQL (0.2ms)[0m   [0;1mCREATE TABLE "avatars" ("id" INTEGER PRIMARY KEY AUTOINCREMENT NOT NULL, "user_id" integer, "name" varchar(255)) [0m
  [4;35;1mSQL (0.2ms)[0m   [0m SELECT name
 FROM sqlite_master
 WHERE type = 'table' AND NOT name = 'sqlite_sequence'
[0m
  [4;36;1mSQL (0.2ms)[0m   [0;1mCREATE TABLE "managers" ("id" INTEGER PRIMARY KEY AUTOINCREMENT NOT NULL, "name" varchar(255)) [0m
  [4;35;1mSQL (0.3ms)[0m   [0m SELECT name
 FROM sqlite_master
 WHERE type = 'table' AND NOT name = 'sqlite_sequence'
[0m
  [4;36;1mSQL (0.2ms)[0m   [0;1mCREATE TABLE "tasks" ("id" INTEGER PRIMARY KEY AUTOINCREMENT NOT NULL, "user_id" integer, "name" varchar(255)) [0m
  [4;35;1mSQL (0.4ms)[0m   [0m SELECT name
 FROM sqlite_master
 WHERE type = 'table' AND NOT name = 'sqlite_sequence'
[0m
  [4;36;1mSQL (0.2ms)[0m   [0;1mCREATE TABLE "tags" ("id" INTEGER PRIMARY KEY AUTOINCREMENT NOT NULL, "user_id" integer, "name" varchar(255)) [0m
  [4;35;1mSQL (0.4ms)[0m   [0m SELECT name
 FROM sqlite_master
 WHERE type = 'table' AND NOT name = 'sqlite_sequence'
[0m
  [4;36;1mSQL (0.2ms)[0m   [0;1mCREATE TABLE "groups" ("id" INTEGER PRIMARY KEY AUTOINCREMENT NOT NULL, "user_id" integer, "name" varchar(255)) [0m
  [4;35;1mSQL (0.5ms)[0m   [0m SELECT name
 FROM sqlite_master
 WHERE type = 'table' AND NOT name = 'sqlite_sequence'
[0m
  [4;36;1mSQL (0.2ms)[0m   [0;1mCREATE TABLE "groups_users" ("group_id" integer, "user_id" integer) [0m
  [4;35;1mSQL (0.5ms)[0m   [0m SELECT name
 FROM sqlite_master
 WHERE type = 'table' AND NOT name = 'sqlite_sequence'
[0m
  [4;36;1mSQL (0.2ms)[0m   [0;1mCREATE TABLE "schema_migrations" ("version" varchar(255) NOT NULL) [0m
  [4;35;1mSQL (0.2ms)[0m   [0mCREATE UNIQUE INDEX "unique_schema_migrations" ON "schema_migrations" ("version")[0m
  [4;36;1mSQL (0.6ms)[0m   [0;1m SELECT name
 FROM sqlite_master
 WHERE type = 'table' AND NOT name = 'sqlite_sequence'
[0m
  [4;35;1mSQL (0.1ms)[0m   [0mSELECT version FROM "schema_migrations"[0m
  [4;36;1mSQL (0.1ms)[0m   [0;1mINSERT INTO "schema_migrations" (version) VALUES ('1')[0m
Unable to load group, underlying cause no such file to load -- group.rb 

 /usr/lib/ruby/gems/1.8/gems/activesupport-2.2.2/lib/active_support/dependencies.rb:382:in `load_without_new_constant_marking'
/usr/lib/ruby/gems/1.8/gems/activesupport-2.2.2/lib/active_support/dependencies.rb:382:in `load_file'
/usr/lib/ruby/gems/1.8/gems/activesupport-2.2.2/lib/active_support/dependencies.rb:521:in `new_constants_in'
/usr/lib/ruby/gems/1.8/gems/activesupport-2.2.2/lib/active_support/dependencies.rb:381:in `load_file'
/usr/lib/ruby/gems/1.8/gems/activesupport-2.2.2/lib/active_support/dependencies.rb:256:in `require_or_load'
/usr/lib/ruby/gems/1.8/gems/activesupport-2.2.2/lib/active_support/dependencies.rb:221:in `depend_on'
/usr/lib/ruby/gems/1.8/gems/activesupport-2.2.2/lib/active_support/dependencies.rb:133:in `require_dependency'
/usr/lib/ruby/gems/1.8/gems/activerecord-2.2.2/lib/active_record/fixtures.rb:856:in `try_to_load_dependency'
/usr/lib/ruby/gems/1.8/gems/activerecord-2.2.2/lib/active_record/fixtures.rb:871:in `require_fixture_classes'
/usr/lib/ruby/gems/1.8/gems/activerecord-2.2.2/lib/active_record/fixtures.rb:868:in `each'
/usr/lib/ruby/gems/1.8/gems/activerecord-2.2.2/lib/active_record/fixtures.rb:868:in `require_fixture_classes'
/usr/lib/ruby/gems/1.8/gems/activerecord-2.2.2/lib/active_record/fixtures.rb:851:in `fixtures'
./test/unit/../test_helper.rb:35
test/unit/nested_assignment_helper_test.rb:1:in `require'
test/unit/nested_assignment_helper_test.rb:1
Unable to load manager, underlying cause no such file to load -- manager.rb 

 /usr/lib/ruby/gems/1.8/gems/activesupport-2.2.2/lib/active_support/dependencies.rb:382:in `load_without_new_constant_marking'
/usr/lib/ruby/gems/1.8/gems/activesupport-2.2.2/lib/active_support/dependencies.rb:382:in `load_file'
/usr/lib/ruby/gems/1.8/gems/activesupport-2.2.2/lib/active_support/dependencies.rb:521:in `new_constants_in'
/usr/lib/ruby/gems/1.8/gems/activesupport-2.2.2/lib/active_support/dependencies.rb:381:in `load_file'
/usr/lib/ruby/gems/1.8/gems/activesupport-2.2.2/lib/active_support/dependencies.rb:256:in `require_or_load'
/usr/lib/ruby/gems/1.8/gems/activesupport-2.2.2/lib/active_support/dependencies.rb:221:in `depend_on'
/usr/lib/ruby/gems/1.8/gems/activesupport-2.2.2/lib/active_support/dependencies.rb:133:in `require_dependency'
/usr/lib/ruby/gems/1.8/gems/activerecord-2.2.2/lib/active_record/fixtures.rb:856:in `try_to_load_dependency'
/usr/lib/ruby/gems/1.8/gems/activerecord-2.2.2/lib/active_record/fixtures.rb:871:in `require_fixture_classes'
/usr/lib/ruby/gems/1.8/gems/activerecord-2.2.2/lib/active_record/fixtures.rb:868:in `each'
/usr/lib/ruby/gems/1.8/gems/activerecord-2.2.2/lib/active_record/fixtures.rb:868:in `require_fixture_classes'
/usr/lib/ruby/gems/1.8/gems/activerecord-2.2.2/lib/active_record/fixtures.rb:851:in `fixtures'
./test/unit/../test_helper.rb:35
test/unit/nested_assignment_helper_test.rb:1:in `require'
test/unit/nested_assignment_helper_test.rb:1
Unable to load avatar, underlying cause no such file to load -- avatar.rb 

 /usr/lib/ruby/gems/1.8/gems/activesupport-2.2.2/lib/active_support/dependencies.rb:382:in `load_without_new_constant_marking'
/usr/lib/ruby/gems/1.8/gems/activesupport-2.2.2/lib/active_support/dependencies.rb:382:in `load_file'
/usr/lib/ruby/gems/1.8/gems/activesupport-2.2.2/lib/active_support/dependencies.rb:521:in `new_constants_in'
/usr/lib/ruby/gems/1.8/gems/activesupport-2.2.2/lib/active_support/dependencies.rb:381:in `load_file'
/usr/lib/ruby/gems/1.8/gems/activesupport-2.2.2/lib/active_support/dependencies.rb:256:in `require_or_load'
/usr/lib/ruby/gems/1.8/gems/activesupport-2.2.2/lib/active_support/dependencies.rb:221:in `depend_on'
/usr/lib/ruby/gems/1.8/gems/activesupport-2.2.2/lib/active_support/dependencies.rb:133:in `require_dependency'
/usr/lib/ruby/gems/1.8/gems/activerecord-2.2.2/lib/active_record/fixtures.rb:856:in `try_to_load_dependency'
/usr/lib/ruby/gems/1.8/gems/activerecord-2.2.2/lib/active_record/fixtures.rb:871:in `require_fixture_classes'
/usr/lib/ruby/gems/1.8/gems/activerecord-2.2.2/lib/active_record/fixtures.rb:868:in `each'
/usr/lib/ruby/gems/1.8/gems/activerecord-2.2.2/lib/active_record/fixtures.rb:868:in `require_fixture_classes'
/usr/lib/ruby/gems/1.8/gems/activerecord-2.2.2/lib/active_record/fixtures.rb:851:in `fixtures'
./test/unit/../test_helper.rb:35
test/unit/nested_assignment_helper_test.rb:1:in `require'
test/unit/nested_assignment_helper_test.rb:1
Unable to load tag, underlying cause no such file to load -- tag.rb 

 /usr/lib/ruby/gems/1.8/gems/activesupport-2.2.2/lib/active_support/dependencies.rb:382:in `load_without_new_constant_marking'
/usr/lib/ruby/gems/1.8/gems/activesupport-2.2.2/lib/active_support/dependencies.rb:382:in `load_file'
/usr/lib/ruby/gems/1.8/gems/activesupport-2.2.2/lib/active_support/dependencies.rb:521:in `new_constants_in'
/usr/lib/ruby/gems/1.8/gems/activesupport-2.2.2/lib/active_support/dependencies.rb:381:in `load_file'
/usr/lib/ruby/gems/1.8/gems/activesupport-2.2.2/lib/active_support/dependencies.rb:256:in `require_or_load'
/usr/lib/ruby/gems/1.8/gems/activesupport-2.2.2/lib/active_support/dependencies.rb:221:in `depend_on'
/usr/lib/ruby/gems/1.8/gems/activesupport-2.2.2/lib/active_support/dependencies.rb:133:in `require_dependency'
/usr/lib/ruby/gems/1.8/gems/activerecord-2.2.2/lib/active_record/fixtures.rb:856:in `try_to_load_dependency'
/usr/lib/ruby/gems/1.8/gems/activerecord-2.2.2/lib/active_record/fixtures.rb:871:in `require_fixture_classes'
/usr/lib/ruby/gems/1.8/gems/activerecord-2.2.2/lib/active_record/fixtures.rb:868:in `each'
/usr/lib/ruby/gems/1.8/gems/activerecord-2.2.2/lib/active_record/fixtures.rb:868:in `require_fixture_classes'
/usr/lib/ruby/gems/1.8/gems/activerecord-2.2.2/lib/active_record/fixtures.rb:851:in `fixtures'
./test/unit/../test_helper.rb:35
test/unit/nested_assignment_helper_test.rb:1:in `require'
test/unit/nested_assignment_helper_test.rb:1
Unable to load user, underlying cause no such file to load -- user.rb 

 /usr/lib/ruby/gems/1.8/gems/activesupport-2.2.2/lib/active_support/dependencies.rb:382:in `load_without_new_constant_marking'
/usr/lib/ruby/gems/1.8/gems/activesupport-2.2.2/lib/active_support/dependencies.rb:382:in `load_file'
/usr/lib/ruby/gems/1.8/gems/activesupport-2.2.2/lib/active_support/dependencies.rb:521:in `new_constants_in'
/usr/lib/ruby/gems/1.8/gems/activesupport-2.2.2/lib/active_support/dependencies.rb:381:in `load_file'
/usr/lib/ruby/gems/1.8/gems/activesupport-2.2.2/lib/active_support/dependencies.rb:256:in `require_or_load'
/usr/lib/ruby/gems/1.8/gems/activesupport-2.2.2/lib/active_support/dependencies.rb:221:in `depend_on'
/usr/lib/ruby/gems/1.8/gems/activesupport-2.2.2/lib/active_support/dependencies.rb:133:in `require_dependency'
/usr/lib/ruby/gems/1.8/gems/activerecord-2.2.2/lib/active_record/fixtures.rb:856:in `try_to_load_dependency'
/usr/lib/ruby/gems/1.8/gems/activerecord-2.2.2/lib/active_record/fixtures.rb:871:in `require_fixture_classes'
/usr/lib/ruby/gems/1.8/gems/activerecord-2.2.2/lib/active_record/fixtures.rb:868:in `each'
/usr/lib/ruby/gems/1.8/gems/activerecord-2.2.2/lib/active_record/fixtures.rb:868:in `require_fixture_classes'
/usr/lib/ruby/gems/1.8/gems/activerecord-2.2.2/lib/active_record/fixtures.rb:851:in `fixtures'
./test/unit/../test_helper.rb:35
test/unit/nested_assignment_helper_test.rb:1:in `require'
test/unit/nested_assignment_helper_test.rb:1
Unable to load task, underlying cause no such file to load -- task.rb 

 /usr/lib/ruby/gems/1.8/gems/activesupport-2.2.2/lib/active_support/dependencies.rb:382:in `load_without_new_constant_marking'
/usr/lib/ruby/gems/1.8/gems/activesupport-2.2.2/lib/active_support/dependencies.rb:382:in `load_file'
/usr/lib/ruby/gems/1.8/gems/activesupport-2.2.2/lib/active_support/dependencies.rb:521:in `new_constants_in'
/usr/lib/ruby/gems/1.8/gems/activesupport-2.2.2/lib/active_support/dependencies.rb:381:in `load_file'
/usr/lib/ruby/gems/1.8/gems/activesupport-2.2.2/lib/active_support/dependencies.rb:256:in `require_or_load'
/usr/lib/ruby/gems/1.8/gems/activesupport-2.2.2/lib/active_support/dependencies.rb:221:in `depend_on'
/usr/lib/ruby/gems/1.8/gems/activesupport-2.2.2/lib/active_support/dependencies.rb:133:in `require_dependency'
/usr/lib/ruby/gems/1.8/gems/activerecord-2.2.2/lib/active_record/fixtures.rb:856:in `try_to_load_dependency'
/usr/lib/ruby/gems/1.8/gems/activerecord-2.2.2/lib/active_record/fixtures.rb:871:in `require_fixture_classes'
/usr/lib/ruby/gems/1.8/gems/activerecord-2.2.2/lib/active_record/fixtures.rb:868:in `each'
/usr/lib/ruby/gems/1.8/gems/activerecord-2.2.2/lib/active_record/fixtures.rb:868:in `require_fixture_classes'
/usr/lib/ruby/gems/1.8/gems/activerecord-2.2.2/lib/active_record/fixtures.rb:851:in `fixtures'
./test/unit/../test_helper.rb:35
test/unit/nested_assignment_helper_test.rb:1:in `require'
test/unit/nested_assignment_helper_test.rb:1
Unable to load groups_user, underlying cause no such file to load -- groups_user.rb 

 /usr/lib/ruby/gems/1.8/gems/activesupport-2.2.2/lib/active_support/dependencies.rb:382:in `load_without_new_constant_marking'
/usr/lib/ruby/gems/1.8/gems/activesupport-2.2.2/lib/active_support/dependencies.rb:382:in `load_file'
/usr/lib/ruby/gems/1.8/gems/activesupport-2.2.2/lib/active_support/dependencies.rb:521:in `new_constants_in'
/usr/lib/ruby/gems/1.8/gems/activesupport-2.2.2/lib/active_support/dependencies.rb:381:in `load_file'
/usr/lib/ruby/gems/1.8/gems/activesupport-2.2.2/lib/active_support/dependencies.rb:256:in `require_or_load'
/usr/lib/ruby/gems/1.8/gems/activesupport-2.2.2/lib/active_support/dependencies.rb:221:in `depend_on'
/usr/lib/ruby/gems/1.8/gems/activesupport-2.2.2/lib/active_support/dependencies.rb:133:in `require_dependency'
/usr/lib/ruby/gems/1.8/gems/activerecord-2.2.2/lib/active_record/fixtures.rb:856:in `try_to_load_dependency'
/usr/lib/ruby/gems/1.8/gems/activerecord-2.2.2/lib/active_record/fixtures.rb:871:in `require_fixture_classes'
/usr/lib/ruby/gems/1.8/gems/activerecord-2.2.2/lib/active_record/fixtures.rb:868:in `each'
/usr/lib/ruby/gems/1.8/gems/activerecord-2.2.2/lib/active_record/fixtures.rb:868:in `require_fixture_classes'
/usr/lib/ruby/gems/1.8/gems/activerecord-2.2.2/lib/active_record/fixtures.rb:851:in `fixtures'
./test/unit/../test_helper.rb:35
test/unit/nested_assignment_helper_test.rb:1:in `require'
test/unit/nested_assignment_helper_test.rb:1
  [4;35;1mPluginTestModels::User Load (0.2ms)[0m   [0mSELECT * FROM "users" LIMIT 1[0m
  [4;36;1mPluginTestModels::User Load (0.2ms)[0m   [0;1mSELECT * FROM "users" LIMIT 1[0m
  [4;35;1mPluginTestModels::Group Load (0.3ms)[0m   [0mSELECT * FROM "groups" INNER JOIN "groups_users" ON "groups".id = "groups_users".group_id WHERE ("groups_users".user_id = 1 ) [0m
  [4;36;1mPluginTestModels::User Load (0.2ms)[0m   [0;1mSELECT * FROM "users" LIMIT 1[0m
  [4;35;1mPluginTestModels::Group Load (0.3ms)[0m   [0mSELECT * FROM "groups" INNER JOIN "groups_users" ON "groups".id = "groups_users".group_id WHERE ("groups_users".user_id = 1 ) [0m
  [4;36;1mPluginTestModels::User Load (0.2ms)[0m   [0;1mSELECT * FROM "users" LIMIT 1[0m
  [4;35;1mPluginTestModels::Avatar Load (0.2ms)[0m   [0mSELECT * FROM "avatars" WHERE ("avatars".user_id = 1) LIMIT 1[0m
  [4;36;1mSQL (0.2ms)[0m   [0;1mselect sqlite_version(*)[0m
  [4;35;1mSQL (0.1ms)[0m   [0m SELECT name
 FROM sqlite_master
 WHERE type = 'table' AND NOT name = 'sqlite_sequence'
[0m
  [4;36;1mSQL (0.2ms)[0m   [0;1mCREATE TABLE "users" ("id" INTEGER PRIMARY KEY AUTOINCREMENT NOT NULL, "manager_id" integer, "name" varchar(255)) [0m
  [4;35;1mSQL (0.1ms)[0m   [0m SELECT name
 FROM sqlite_master
 WHERE type = 'table' AND NOT name = 'sqlite_sequence'
[0m
  [4;36;1mSQL (0.1ms)[0m   [0;1mCREATE TABLE "avatars" ("id" INTEGER PRIMARY KEY AUTOINCREMENT NOT NULL, "user_id" integer, "name" varchar(255)) [0m
  [4;35;1mSQL (0.2ms)[0m   [0m SELECT name
 FROM sqlite_master
 WHERE type = 'table' AND NOT name = 'sqlite_sequence'
[0m
  [4;36;1mSQL (0.1ms)[0m   [0;1mCREATE TABLE "managers" ("id" INTEGER PRIMARY KEY AUTOINCREMENT NOT NULL, "name" varchar(255)) [0m
  [4;35;1mSQL (0.2ms)[0m   [0m SELECT name
 FROM sqlite_master
 WHERE type = 'table' AND NOT name = 'sqlite_sequence'
[0m
  [4;36;1mSQL (0.1ms)[0m   [0;1mCREATE TABLE "tasks" ("id" INTEGER PRIMARY KEY AUTOINCREMENT NOT NULL, "user_id" integer, "name" varchar(255)) [0m
  [4;35;1mSQL (0.2ms)[0m   [0m SELECT name
 FROM sqlite_master
 WHERE type = 'table' AND NOT name = 'sqlite_sequence'
[0m
  [4;36;1mSQL (0.1ms)[0m   [0;1mCREATE TABLE "tags" ("id" INTEGER PRIMARY KEY AUTOINCREMENT NOT NULL, "user_id" integer, "name" varchar(255)) [0m
  [4;35;1mSQL (0.3ms)[0m   [0m SELECT name
 FROM sqlite_master
 WHERE type = 'table' AND NOT name = 'sqlite_sequence'
[0m
  [4;36;1mSQL (0.1ms)[0m   [0;1mCREATE TABLE "groups" ("id" INTEGER PRIMARY KEY AUTOINCREMENT NOT NULL, "user_id" integer, "name" varchar(255)) [0m
  [4;35;1mSQL (0.3ms)[0m   [0m SELECT name
 FROM sqlite_master
 WHERE type = 'table' AND NOT name = 'sqlite_sequence'
[0m
  [4;36;1mSQL (0.1ms)[0m   [0;1mCREATE TABLE "groups_users" ("group_id" integer, "user_id" integer) [0m
  [4;35;1mSQL (0.4ms)[0m   [0m SELECT name
 FROM sqlite_master
 WHERE type = 'table' AND NOT name = 'sqlite_sequence'
[0m
  [4;36;1mSQL (0.1ms)[0m   [0;1mCREATE TABLE "schema_migrations" ("version" varchar(255) NOT NULL) [0m
  [4;35;1mSQL (0.1ms)[0m   [0mCREATE UNIQUE INDEX "unique_schema_migrations" ON "schema_migrations" ("version")[0m
  [4;36;1mSQL (0.4ms)[0m   [0;1m SELECT name
 FROM sqlite_master
 WHERE type = 'table' AND NOT name = 'sqlite_sequence'
[0m
  [4;35;1mSQL (0.1ms)[0m   [0mSELECT version FROM "schema_migrations"[0m
  [4;36;1mSQL (0.1ms)[0m   [0;1mINSERT INTO "schema_migrations" (version) VALUES ('1')[0m
Unable to load group, underlying cause no such file to load -- group.rb 

 /usr/lib/ruby/gems/1.8/gems/activesupport-2.2.2/lib/active_support/dependencies.rb:382:in `load_without_new_constant_marking'
/usr/lib/ruby/gems/1.8/gems/activesupport-2.2.2/lib/active_support/dependencies.rb:382:in `load_file'
/usr/lib/ruby/gems/1.8/gems/activesupport-2.2.2/lib/active_support/dependencies.rb:521:in `new_constants_in'
/usr/lib/ruby/gems/1.8/gems/activesupport-2.2.2/lib/active_support/dependencies.rb:381:in `load_file'
/usr/lib/ruby/gems/1.8/gems/activesupport-2.2.2/lib/active_support/dependencies.rb:256:in `require_or_load'
/usr/lib/ruby/gems/1.8/gems/activesupport-2.2.2/lib/active_support/dependencies.rb:221:in `depend_on'
/usr/lib/ruby/gems/1.8/gems/activesupport-2.2.2/lib/active_support/dependencies.rb:133:in `require_dependency'
/usr/lib/ruby/gems/1.8/gems/activerecord-2.2.2/lib/active_record/fixtures.rb:856:in `try_to_load_dependency'
/usr/lib/ruby/gems/1.8/gems/activerecord-2.2.2/lib/active_record/fixtures.rb:871:in `require_fixture_classes'
/usr/lib/ruby/gems/1.8/gems/activerecord-2.2.2/lib/active_record/fixtures.rb:868:in `each'
/usr/lib/ruby/gems/1.8/gems/activerecord-2.2.2/lib/active_record/fixtures.rb:868:in `require_fixture_classes'
/usr/lib/ruby/gems/1.8/gems/activerecord-2.2.2/lib/active_record/fixtures.rb:851:in `fixtures'
./test/unit/../test_helper.rb:35
test/unit/nested_assignment_test.rb:1:in `require'
test/unit/nested_assignment_test.rb:1
Unable to load manager, underlying cause no such file to load -- manager.rb 

 /usr/lib/ruby/gems/1.8/gems/activesupport-2.2.2/lib/active_support/dependencies.rb:382:in `load_without_new_constant_marking'
/usr/lib/ruby/gems/1.8/gems/activesupport-2.2.2/lib/active_support/dependencies.rb:382:in `load_file'
/usr/lib/ruby/gems/1.8/gems/activesupport-2.2.2/lib/active_support/dependencies.rb:521:in `new_constants_in'
/usr/lib/ruby/gems/1.8/gems/activesupport-2.2.2/lib/active_support/dependencies.rb:381:in `load_file'
/usr/lib/ruby/gems/1.8/gems/activesupport-2.2.2/lib/active_support/dependencies.rb:256:in `require_or_load'
/usr/lib/ruby/gems/1.8/gems/activesupport-2.2.2/lib/active_support/dependencies.rb:221:in `depend_on'
/usr/lib/ruby/gems/1.8/gems/activesupport-2.2.2/lib/active_support/dependencies.rb:133:in `require_dependency'
/usr/lib/ruby/gems/1.8/gems/activerecord-2.2.2/lib/active_record/fixtures.rb:856:in `try_to_load_dependency'
/usr/lib/ruby/gems/1.8/gems/activerecord-2.2.2/lib/active_record/fixtures.rb:871:in `require_fixture_classes'
/usr/lib/ruby/gems/1.8/gems/activerecord-2.2.2/lib/active_record/fixtures.rb:868:in `each'
/usr/lib/ruby/gems/1.8/gems/activerecord-2.2.2/lib/active_record/fixtures.rb:868:in `require_fixture_classes'
/usr/lib/ruby/gems/1.8/gems/activerecord-2.2.2/lib/active_record/fixtures.rb:851:in `fixtures'
./test/unit/../test_helper.rb:35
test/unit/nested_assignment_test.rb:1:in `require'
test/unit/nested_assignment_test.rb:1
Unable to load avatar, underlying cause no such file to load -- avatar.rb 

 /usr/lib/ruby/gems/1.8/gems/activesupport-2.2.2/lib/active_support/dependencies.rb:382:in `load_without_new_constant_marking'
/usr/lib/ruby/gems/1.8/gems/activesupport-2.2.2/lib/active_support/dependencies.rb:382:in `load_file'
/usr/lib/ruby/gems/1.8/gems/activesupport-2.2.2/lib/active_support/dependencies.rb:521:in `new_constants_in'
/usr/lib/ruby/gems/1.8/gems/activesupport-2.2.2/lib/active_support/dependencies.rb:381:in `load_file'
/usr/lib/ruby/gems/1.8/gems/activesupport-2.2.2/lib/active_support/dependencies.rb:256:in `require_or_load'
/usr/lib/ruby/gems/1.8/gems/activesupport-2.2.2/lib/active_support/dependencies.rb:221:in `depend_on'
/usr/lib/ruby/gems/1.8/gems/activesupport-2.2.2/lib/active_support/dependencies.rb:133:in `require_dependency'
/usr/lib/ruby/gems/1.8/gems/activerecord-2.2.2/lib/active_record/fixtures.rb:856:in `try_to_load_dependency'
/usr/lib/ruby/gems/1.8/gems/activerecord-2.2.2/lib/active_record/fixtures.rb:871:in `require_fixture_classes'
/usr/lib/ruby/gems/1.8/gems/activerecord-2.2.2/lib/active_record/fixtures.rb:868:in `each'
/usr/lib/ruby/gems/1.8/gems/activerecord-2.2.2/lib/active_record/fixtures.rb:868:in `require_fixture_classes'
/usr/lib/ruby/gems/1.8/gems/activerecord-2.2.2/lib/active_record/fixtures.rb:851:in `fixtures'
./test/unit/../test_helper.rb:35
test/unit/nested_assignment_test.rb:1:in `require'
test/unit/nested_assignment_test.rb:1
Unable to load tag, underlying cause no such file to load -- tag.rb 

 /usr/lib/ruby/gems/1.8/gems/activesupport-2.2.2/lib/active_support/dependencies.rb:382:in `load_without_new_constant_marking'
/usr/lib/ruby/gems/1.8/gems/activesupport-2.2.2/lib/active_support/dependencies.rb:382:in `load_file'
/usr/lib/ruby/gems/1.8/gems/activesupport-2.2.2/lib/active_support/dependencies.rb:521:in `new_constants_in'
/usr/lib/ruby/gems/1.8/gems/activesupport-2.2.2/lib/active_support/dependencies.rb:381:in `load_file'
/usr/lib/ruby/gems/1.8/gems/activesupport-2.2.2/lib/active_support/dependencies.rb:256:in `require_or_load'
/usr/lib/ruby/gems/1.8/gems/activesupport-2.2.2/lib/active_support/dependencies.rb:221:in `depend_on'
/usr/lib/ruby/gems/1.8/gems/activesupport-2.2.2/lib/active_support/dependencies.rb:133:in `require_dependency'
/usr/lib/ruby/gems/1.8/gems/activerecord-2.2.2/lib/active_record/fixtures.rb:856:in `try_to_load_dependency'
/usr/lib/ruby/gems/1.8/gems/activerecord-2.2.2/lib/active_record/fixtures.rb:871:in `require_fixture_classes'
/usr/lib/ruby/gems/1.8/gems/activerecord-2.2.2/lib/active_record/fixtures.rb:868:in `each'
/usr/lib/ruby/gems/1.8/gems/activerecord-2.2.2/lib/active_record/fixtures.rb:868:in `require_fixture_classes'
/usr/lib/ruby/gems/1.8/gems/activerecord-2.2.2/lib/active_record/fixtures.rb:851:in `fixtures'
./test/unit/../test_helper.rb:35
test/unit/nested_assignment_test.rb:1:in `require'
test/unit/nested_assignment_test.rb:1
Unable to load user, underlying cause no such file to load -- user.rb 

 /usr/lib/ruby/gems/1.8/gems/activesupport-2.2.2/lib/active_support/dependencies.rb:382:in `load_without_new_constant_marking'
/usr/lib/ruby/gems/1.8/gems/activesupport-2.2.2/lib/active_support/dependencies.rb:382:in `load_file'
/usr/lib/ruby/gems/1.8/gems/activesupport-2.2.2/lib/active_support/dependencies.rb:521:in `new_constants_in'
/usr/lib/ruby/gems/1.8/gems/activesupport-2.2.2/lib/active_support/dependencies.rb:381:in `load_file'
/usr/lib/ruby/gems/1.8/gems/activesupport-2.2.2/lib/active_support/dependencies.rb:256:in `require_or_load'
/usr/lib/ruby/gems/1.8/gems/activesupport-2.2.2/lib/active_support/dependencies.rb:221:in `depend_on'
/usr/lib/ruby/gems/1.8/gems/activesupport-2.2.2/lib/active_support/dependencies.rb:133:in `require_dependency'
/usr/lib/ruby/gems/1.8/gems/activerecord-2.2.2/lib/active_record/fixtures.rb:856:in `try_to_load_dependency'
/usr/lib/ruby/gems/1.8/gems/activerecord-2.2.2/lib/active_record/fixtures.rb:871:in `require_fixture_classes'
/usr/lib/ruby/gems/1.8/gems/activerecord-2.2.2/lib/active_record/fixtures.rb:868:in `each'
/usr/lib/ruby/gems/1.8/gems/activerecord-2.2.2/lib/active_record/fixtures.rb:868:in `require_fixture_classes'
/usr/lib/ruby/gems/1.8/gems/activerecord-2.2.2/lib/active_record/fixtures.rb:851:in `fixtures'
./test/unit/../test_helper.rb:35
test/unit/nested_assignment_test.rb:1:in `require'
test/unit/nested_assignment_test.rb:1
Unable to load task, underlying cause no such file to load -- task.rb 

 /usr/lib/ruby/gems/1.8/gems/activesupport-2.2.2/lib/active_support/dependencies.rb:382:in `load_without_new_constant_marking'
/usr/lib/ruby/gems/1.8/gems/activesupport-2.2.2/lib/active_support/dependencies.rb:382:in `load_file'
/usr/lib/ruby/gems/1.8/gems/activesupport-2.2.2/lib/active_support/dependencies.rb:521:in `new_constants_in'
/usr/lib/ruby/gems/1.8/gems/activesupport-2.2.2/lib/active_support/dependencies.rb:381:in `load_file'
/usr/lib/ruby/gems/1.8/gems/activesupport-2.2.2/lib/active_support/dependencies.rb:256:in `require_or_load'
/usr/lib/ruby/gems/1.8/gems/activesupport-2.2.2/lib/active_support/dependencies.rb:221:in `depend_on'
/usr/lib/ruby/gems/1.8/gems/activesupport-2.2.2/lib/active_support/dependencies.rb:133:in `require_dependency'
/usr/lib/ruby/gems/1.8/gems/activerecord-2.2.2/lib/active_record/fixtures.rb:856:in `try_to_load_dependency'
/usr/lib/ruby/gems/1.8/gems/activerecord-2.2.2/lib/active_record/fixtures.rb:871:in `require_fixture_classes'
/usr/lib/ruby/gems/1.8/gems/activerecord-2.2.2/lib/active_record/fixtures.rb:868:in `each'
/usr/lib/ruby/gems/1.8/gems/activerecord-2.2.2/lib/active_record/fixtures.rb:868:in `require_fixture_classes'
/usr/lib/ruby/gems/1.8/gems/activerecord-2.2.2/lib/active_record/fixtures.rb:851:in `fixtures'
./test/unit/../test_helper.rb:35
test/unit/nested_assignment_test.rb:1:in `require'
test/unit/nested_assignment_test.rb:1
Unable to load groups_user, underlying cause no such file to load -- groups_user.rb 

 /usr/lib/ruby/gems/1.8/gems/activesupport-2.2.2/lib/active_support/dependencies.rb:382:in `load_without_new_constant_marking'
/usr/lib/ruby/gems/1.8/gems/activesupport-2.2.2/lib/active_support/dependencies.rb:382:in `load_file'
/usr/lib/ruby/gems/1.8/gems/activesupport-2.2.2/lib/active_support/dependencies.rb:521:in `new_constants_in'
/usr/lib/ruby/gems/1.8/gems/activesupport-2.2.2/lib/active_support/dependencies.rb:381:in `load_file'
/usr/lib/ruby/gems/1.8/gems/activesupport-2.2.2/lib/active_support/dependencies.rb:256:in `require_or_load'
/usr/lib/ruby/gems/1.8/gems/activesupport-2.2.2/lib/active_support/dependencies.rb:221:in `depend_on'
/usr/lib/ruby/gems/1.8/gems/activesupport-2.2.2/lib/active_support/dependencies.rb:133:in `require_dependency'
/usr/lib/ruby/gems/1.8/gems/activerecord-2.2.2/lib/active_record/fixtures.rb:856:in `try_to_load_dependency'
/usr/lib/ruby/gems/1.8/gems/activerecord-2.2.2/lib/active_record/fixtures.rb:871:in `require_fixture_classes'
/usr/lib/ruby/gems/1.8/gems/activerecord-2.2.2/lib/active_record/fixtures.rb:868:in `each'
/usr/lib/ruby/gems/1.8/gems/activerecord-2.2.2/lib/active_record/fixtures.rb:868:in `require_fixture_classes'
/usr/lib/ruby/gems/1.8/gems/activerecord-2.2.2/lib/active_record/fixtures.rb:851:in `fixtures'
./test/unit/../test_helper.rb:35
test/unit/nested_assignment_test.rb:1:in `require'
test/unit/nested_assignment_test.rb:1
  [4;35;1mPluginTestModels::User Load (0.1ms)[0m   [0mSELECT * FROM "users" WHERE ("users"."id" = 1) [0m
  [4;36;1mPluginTestModels::User Load (0.1ms)[0m   [0;1mSELECT * FROM "users" WHERE ("users"."id" = 1) [0m
  [4;35;1mPluginTestModels::User Load (0.1ms)[0m   [0mSELECT * FROM "users" WHERE ("users"."id" = 1) [0m
  [4;36;1mPluginTestModels::User Load (0.1ms)[0m   [0;1mSELECT * FROM "users" WHERE ("users"."id" = 1) [0m
  [4;35;1mPluginTestModels::User Load (0.1ms)[0m   [0mSELECT * FROM "users" WHERE ("users"."id" = 1) [0m
  [4;36;1mPluginTestModels::User Load (0.1ms)[0m   [0;1mSELECT * FROM "users" WHERE ("users"."id" = 1) [0m
  [4;35;1mPluginTestModels::User Load (0.1ms)[0m   [0mSELECT * FROM "users" WHERE ("users"."id" = 1) [0m
  [4;36;1mPluginTestModels::User Load (0.1ms)[0m   [0;1mSELECT * FROM "users" WHERE ("users"."id" = 1) [0m
  [4;35;1mPluginTestModels::User Load (0.1ms)[0m   [0mSELECT * FROM "users" WHERE ("users"."id" = 1) [0m
  [4;36;1mPluginTestModels::User Load (0.1ms)[0m   [0;1mSELECT * FROM "users" WHERE ("users"."id" = 1) [0m
  [4;35;1mPluginTestModels::User Load (0.1ms)[0m   [0mSELECT * FROM "users" WHERE ("users"."id" = 1) [0m
  [4;36;1mPluginTestModels::User Load (0.1ms)[0m   [0;1mSELECT * FROM "users" WHERE ("users"."id" = 1) [0m
  [4;35;1mPluginTestModels::User Load (0.1ms)[0m   [0mSELECT * FROM "users" WHERE ("users"."id" = 1) [0m
  [4;36;1mPluginTestModels::User Load (0.1ms)[0m   [0;1mSELECT * FROM "users" WHERE ("users"."id" = 1) [0m
  [4;35;1mSQL (0.4ms)[0m   [0m SELECT name
 FROM sqlite_master
 WHERE type = 'table' AND NOT name = 'sqlite_sequence'
[0m
  [4;36;1mSQL (0.4ms)[0m   [0;1m SELECT name
 FROM sqlite_master
 WHERE type = 'table' AND NOT name = 'sqlite_sequence'
[0m
  [4;35;1mSQL (0.4ms)[0m   [0m SELECT name
 FROM sqlite_master
 WHERE type = 'table' AND NOT name = 'sqlite_sequence'
[0m
  [4;36;1mSQL (0.4ms)[0m   [0;1m SELECT name
 FROM sqlite_master
 WHERE type = 'table' AND NOT name = 'sqlite_sequence'
[0m
  [4;35;1mSQL (0.4ms)[0m   [0m SELECT name
 FROM sqlite_master
 WHERE type = 'table' AND NOT name = 'sqlite_sequence'
[0m
  [4;36;1mSQL (0.4ms)[0m   [0;1m SELECT name
 FROM sqlite_master
 WHERE type = 'table' AND NOT name = 'sqlite_sequence'
[0m
  [4;35;1mSQL (0.4ms)[0m   [0m SELECT name
 FROM sqlite_master
 WHERE type = 'table' AND NOT name = 'sqlite_sequence'
[0m
  [4;36;1mSQL (0.4ms)[0m   [0;1m SELECT name
 FROM sqlite_master
 WHERE type = 'table' AND NOT name = 'sqlite_sequence'
[0m
  [4;35;1mSQL (0.4ms)[0m   [0m SELECT name
 FROM sqlite_master
 WHERE type = 'table' AND NOT name = 'sqlite_sequence'
[0m
  [4;36;1mSQL (0.4ms)[0m   [0;1m SELECT name
 FROM sqlite_master
 WHERE type = 'table' AND NOT name = 'sqlite_sequence'
[0m
  [4;35;1mSQL (0.4ms)[0m   [0m SELECT name
 FROM sqlite_master
 WHERE type = 'table' AND NOT name = 'sqlite_sequence'
[0m
  [4;36;1mSQL (0.4ms)[0m   [0;1m SELECT name
 FROM sqlite_master
 WHERE type = 'table' AND NOT name = 'sqlite_sequence'
[0m
  [4;35;1mSQL (0.4ms)[0m   [0m SELECT name
 FROM sqlite_master
 WHERE type = 'table' AND NOT name = 'sqlite_sequence'
[0m
  [4;36;1mSQL (0.4ms)[0m   [0;1m SELECT name
 FROM sqlite_master
 WHERE type = 'table' AND NOT name = 'sqlite_sequence'
[0m
  [4;35;1mSQL (0.4ms)[0m   [0m SELECT name
 FROM sqlite_master
 WHERE type = 'table' AND NOT name = 'sqlite_sequence'
[0m
  [4;36;1mSQL (0.4ms)[0m   [0;1m SELECT name
 FROM sqlite_master
 WHERE type = 'table' AND NOT name = 'sqlite_sequence'
[0m
  [4;35;1mSQL (0.4ms)[0m   [0m SELECT name
 FROM sqlite_master
 WHERE type = 'table' AND NOT name = 'sqlite_sequence'
[0m
  [4;36;1mSQL (0.4ms)[0m   [0;1m SELECT name
 FROM sqlite_master
 WHERE type = 'table' AND NOT name = 'sqlite_sequence'
[0m
  [4;35;1mSQL (0.4ms)[0m   [0m SELECT name
 FROM sqlite_master
 WHERE type = 'table' AND NOT name = 'sqlite_sequence'
[0m
  [4;36;1mSQL (0.4ms)[0m   [0;1m SELECT name
 FROM sqlite_master
 WHERE type = 'table' AND NOT name = 'sqlite_sequence'
[0m
  [4;35;1mSQL (0.4ms)[0m   [0m SELECT name
 FROM sqlite_master
 WHERE type = 'table' AND NOT name = 'sqlite_sequence'
[0m
  [4;36;1mSQL (0.4ms)[0m   [0;1m SELECT name
 FROM sqlite_master
 WHERE type = 'table' AND NOT name = 'sqlite_sequence'
[0m
  [4;35;1mSQL (0.4ms)[0m   [0m SELECT name
 FROM sqlite_master
 WHERE type = 'table' AND NOT name = 'sqlite_sequence'
[0m
  [4;36;1mSQL (0.4ms)[0m   [0;1m SELECT name
 FROM sqlite_master
 WHERE type = 'table' AND NOT name = 'sqlite_sequence'
[0m
  [4;35;1mSQL (0.4ms)[0m   [0m SELECT name
 FROM sqlite_master
 WHERE type = 'table' AND NOT name = 'sqlite_sequence'
[0m
  [4;36;1mSQL (0.4ms)[0m   [0;1m SELECT name
 FROM sqlite_master
 WHERE type = 'table' AND NOT name = 'sqlite_sequence'
[0m
  [4;35;1mSQL (0.4ms)[0m   [0m SELECT name
 FROM sqlite_master
 WHERE type = 'table' AND NOT name = 'sqlite_sequence'
[0m
  [4;36;1mSQL (0.4ms)[0m   [0;1m SELECT name
 FROM sqlite_master
 WHERE type = 'table' AND NOT name = 'sqlite_sequence'
[0m
  [4;35;1mSQL (0.4ms)[0m   [0m SELECT name
 FROM sqlite_master
 WHERE type = 'table' AND NOT name = 'sqlite_sequence'
[0m
  [4;36;1mSQL (0.4ms)[0m   [0;1m SELECT name
 FROM sqlite_master
 WHERE type = 'table' AND NOT name = 'sqlite_sequence'
[0m
  [4;35;1mSQL (0.4ms)[0m   [0m SELECT name
 FROM sqlite_master
 WHERE type = 'table' AND NOT name = 'sqlite_sequence'
[0m
  [4;36;1mSQL (0.4ms)[0m   [0;1m SELECT name
 FROM sqlite_master
 WHERE type = 'table' AND NOT name = 'sqlite_sequence'
[0m
  [4;35;1mSQL (0.4ms)[0m   [0m SELECT name
 FROM sqlite_master
 WHERE type = 'table' AND NOT name = 'sqlite_sequence'
[0m
  [4;36;1mSQL (0.4ms)[0m   [0;1m SELECT name
 FROM sqlite_master
 WHERE type = 'table' AND NOT name = 'sqlite_sequence'
[0m
  [4;35;1mSQL (0.4ms)[0m   [0m SELECT name
 FROM sqlite_master
 WHERE type = 'table' AND NOT name = 'sqlite_sequence'
[0m
  [4;36;1mSQL (0.4ms)[0m   [0;1m SELECT name
 FROM sqlite_master
 WHERE type = 'table' AND NOT name = 'sqlite_sequence'
[0m
  [4;35;1mSQL (0.4ms)[0m   [0m SELECT name
 FROM sqlite_master
 WHERE type = 'table' AND NOT name = 'sqlite_sequence'
[0m
  [4;36;1mSQL (0.4ms)[0m   [0;1m SELECT name
 FROM sqlite_master
 WHERE type = 'table' AND NOT name = 'sqlite_sequence'
[0m
  [4;35;1mSQL (0.4ms)[0m   [0m SELECT name
 FROM sqlite_master
 WHERE type = 'table' AND NOT name = 'sqlite_sequence'
[0m
  [4;36;1mSQL (0.4ms)[0m   [0;1m SELECT name
 FROM sqlite_master
 WHERE type = 'table' AND NOT name = 'sqlite_sequence'
[0m
  [4;35;1mSQL (0.4ms)[0m   [0m SELECT name
 FROM sqlite_master
 WHERE type = 'table' AND NOT name = 'sqlite_sequence'
[0m
  [4;36;1mSQL (0.4ms)[0m   [0;1m SELECT name
 FROM sqlite_master
 WHERE type = 'table' AND NOT name = 'sqlite_sequence'
[0m
  [4;35;1mSQL (0.4ms)[0m   [0m SELECT name
 FROM sqlite_master
 WHERE type = 'table' AND NOT name = 'sqlite_sequence'
[0m
  [4;36;1mSQL (0.4ms)[0m   [0;1m SELECT name
 FROM sqlite_master
 WHERE type = 'table' AND NOT name = 'sqlite_sequence'
[0m
  [4;35;1mSQL (0.4ms)[0m   [0m SELECT name
 FROM sqlite_master
 WHERE type = 'table' AND NOT name = 'sqlite_sequence'
[0m
  [4;36;1mSQL (0.4ms)[0m   [0;1m SELECT name
 FROM sqlite_master
 WHERE type = 'table' AND NOT name = 'sqlite_sequence'
[0m
  [4;35;1mSQL (0.4ms)[0m   [0m SELECT name
 FROM sqlite_master
 WHERE type = 'table' AND NOT name = 'sqlite_sequence'
[0m
  [4;36;1mSQL (0.4ms)[0m   [0;1m SELECT name
 FROM sqlite_master
 WHERE type = 'table' AND NOT name = 'sqlite_sequence'
[0m
  [4;35;1mSQL (0.4ms)[0m   [0m SELECT name
 FROM sqlite_master
 WHERE type = 'table' AND NOT name = 'sqlite_sequence'
[0m
  [4;36;1mSQL (0.4ms)[0m   [0;1m SELECT name
 FROM sqlite_master
 WHERE type = 'table' AND NOT name = 'sqlite_sequence'
[0m
  [4;35;1mSQL (0.4ms)[0m   [0m SELECT name
 FROM sqlite_master
 WHERE type = 'table' AND NOT name = 'sqlite_sequence'
[0m
  [4;36;1mSQL (0.4ms)[0m   [0;1m SELECT name
 FROM sqlite_master
 WHERE type = 'table' AND NOT name = 'sqlite_sequence'
[0m
  [4;35;1mSQL (0.4ms)[0m   [0m SELECT name
 FROM sqlite_master
 WHERE type = 'table' AND NOT name = 'sqlite_sequence'
[0m
  [4;36;1mSQL (0.4ms)[0m   [0;1m SELECT name
 FROM sqlite_master
 WHERE type = 'table' AND NOT name = 'sqlite_sequence'
[0m
  [4;35;1mSQL (0.4ms)[0m   [0m SELECT name
 FROM sqlite_master
 WHERE type = 'table' AND NOT name = 'sqlite_sequence'
[0m
  [4;36;1mSQL (0.4ms)[0m   [0;1m SELECT name
 FROM sqlite_master
 WHERE type = 'table' AND NOT name = 'sqlite_sequence'
[0m
  [4;35;1mSQL (0.4ms)[0m   [0m SELECT name
 FROM sqlite_master
 WHERE type = 'table' AND NOT name = 'sqlite_sequence'
[0m
  [4;36;1mSQL (0.4ms)[0m   [0;1m SELECT name
 FROM sqlite_master
 WHERE type = 'table' AND NOT name = 'sqlite_sequence'
[0m
  [4;35;1mSQL (0.4ms)[0m   [0m SELECT name
 FROM sqlite_master
 WHERE type = 'table' AND NOT name = 'sqlite_sequence'
[0m
  [4;36;1mSQL (0.4ms)[0m   [0;1m SELECT name
 FROM sqlite_master
 WHERE type = 'table' AND NOT name = 'sqlite_sequence'
[0m
  [4;35;1mSQL (0.4ms)[0m   [0m SELECT name
 FROM sqlite_master
 WHERE type = 'table' AND NOT name = 'sqlite_sequence'
[0m
  [4;36;1mSQL (0.4ms)[0m   [0;1m SELECT name
 FROM sqlite_master
 WHERE type = 'table' AND NOT name = 'sqlite_sequence'
[0m
  [4;35;1mSQL (0.4ms)[0m   [0m SELECT name
 FROM sqlite_master
 WHERE type = 'table' AND NOT name = 'sqlite_sequence'
[0m
  [4;36;1mSQL (0.4ms)[0m   [0;1m SELECT name
 FROM sqlite_master
 WHERE type = 'table' AND NOT name = 'sqlite_sequence'
[0m
  [4;35;1mSQL (0.4ms)[0m   [0m SELECT name
 FROM sqlite_master
 WHERE type = 'table' AND NOT name = 'sqlite_sequence'
[0m
  [4;36;1mSQL (0.4ms)[0m   [0;1m SELECT name
 FROM sqlite_master
 WHERE type = 'table' AND NOT name = 'sqlite_sequence'
[0m
  [4;35;1mSQL (0.4ms)[0m   [0m SELECT name
 FROM sqlite_master
 WHERE type = 'table' AND NOT name = 'sqlite_sequence'
[0m
  [4;36;1mSQL (0.4ms)[0m   [0;1m SELECT name
 FROM sqlite_master
 WHERE type = 'table' AND NOT name = 'sqlite_sequence'
[0m
  [4;35;1mSQL (0.4ms)[0m   [0m SELECT name
 FROM sqlite_master
 WHERE type = 'table' AND NOT name = 'sqlite_sequence'
[0m
  [4;36;1mSQL (0.4ms)[0m   [0;1m SELECT name
 FROM sqlite_master
 WHERE type = 'table' AND NOT name = 'sqlite_sequence'
[0m
  [4;35;1mSQL (0.4ms)[0m   [0m SELECT name
 FROM sqlite_master
 WHERE type = 'table' AND NOT name = 'sqlite_sequence'
[0m
  [4;36;1mSQL (0.4ms)[0m   [0;1m SELECT name
 FROM sqlite_master
 WHERE type = 'table' AND NOT name = 'sqlite_sequence'
[0m
  [4;35;1mSQL (0.4ms)[0m   [0m SELECT name
 FROM sqlite_master
 WHERE type = 'table' AND NOT name = 'sqlite_sequence'
[0m
  [4;36;1mSQL (0.4ms)[0m   [0;1m SELECT name
 FROM sqlite_master
 WHERE type = 'table' AND NOT name = 'sqlite_sequence'
[0m
  [4;35;1mSQL (0.4ms)[0m   [0m SELECT name
 FROM sqlite_master
 WHERE type = 'table' AND NOT name = 'sqlite_sequence'
[0m
  [4;36;1mSQL (0.4ms)[0m   [0;1m SELECT name
 FROM sqlite_master
 WHERE type = 'table' AND NOT name = 'sqlite_sequence'
[0m
  [4;35;1mSQL (0.4ms)[0m   [0m SELECT name
 FROM sqlite_master
 WHERE type = 'table' AND NOT name = 'sqlite_sequence'
[0m
  [4;36;1mSQL (0.4ms)[0m   [0;1m SELECT name
 FROM sqlite_master
 WHERE type = 'table' AND NOT name = 'sqlite_sequence'
[0m
  [4;35;1mSQL (0.4ms)[0m   [0m SELECT name
 FROM sqlite_master
 WHERE type = 'table' AND NOT name = 'sqlite_sequence'
[0m
  [4;36;1mSQL (0.4ms)[0m   [0;1m SELECT name
 FROM sqlite_master
 WHERE type = 'table' AND NOT name = 'sqlite_sequence'
[0m
  [4;35;1mSQL (0.4ms)[0m   [0m SELECT name
 FROM sqlite_master
 WHERE type = 'table' AND NOT name = 'sqlite_sequence'
[0m
  [4;36;1mSQL (0.4ms)[0m   [0;1m SELECT name
 FROM sqlite_master
 WHERE type = 'table' AND NOT name = 'sqlite_sequence'
[0m
  [4;35;1mSQL (0.4ms)[0m   [0m SELECT name
 FROM sqlite_master
 WHERE type = 'table' AND NOT name = 'sqlite_sequence'
[0m
  [4;36;1mSQL (0.4ms)[0m   [0;1m SELECT name
 FROM sqlite_master
 WHERE type = 'table' AND NOT name = 'sqlite_sequence'
[0m
  [4;35;1mSQL (0.4ms)[0m   [0m SELECT name
 FROM sqlite_master
 WHERE type = 'table' AND NOT name = 'sqlite_sequence'
[0m
  [4;36;1mSQL (0.4ms)[0m   [0;1m SELECT name
 FROM sqlite_master
 WHERE type = 'table' AND NOT name = 'sqlite_sequence'
[0m
  [4;35;1mSQL (0.4ms)[0m   [0m SELECT name
 FROM sqlite_master
 WHERE type = 'table' AND NOT name = 'sqlite_sequence'
[0m
  [4;36;1mSQL (0.4ms)[0m   [0;1m SELECT name
 FROM sqlite_master
 WHERE type = 'table' AND NOT name = 'sqlite_sequence'
[0m
  [4;35;1mSQL (0.4ms)[0m   [0m SELECT name
 FROM sqlite_master
 WHERE type = 'table' AND NOT name = 'sqlite_sequence'
[0m
  [4;36;1mSQL (0.4ms)[0m   [0;1m SELECT name
 FROM sqlite_master
 WHERE type = 'table' AND NOT name = 'sqlite_sequence'
[0m
  [4;35;1mSQL (0.4ms)[0m   [0m SELECT name
 FROM sqlite_master
 WHERE type = 'table' AND NOT name = 'sqlite_sequence'
[0m
  [4;36;1mSQL (0.4ms)[0m   [0;1m SELECT name
 FROM sqlite_master
 WHERE type = 'table' AND NOT name = 'sqlite_sequence'
[0m
  [4;35;1mSQL (0.4ms)[0m   [0m SELECT name
 FROM sqlite_master
 WHERE type = 'table' AND NOT name = 'sqlite_sequence'
[0m
  [4;36;1mSQL (0.4ms)[0m   [0;1m SELECT name
 FROM sqlite_master
 WHERE type = 'table' AND NOT name = 'sqlite_sequence'
[0m
  [4;35;1mSQL (0.4ms)[0m   [0m SELECT name
 FROM sqlite_master
 WHERE type = 'table' AND NOT name = 'sqlite_sequence'
[0m
  [4;36;1mSQL (0.4ms)[0m   [0;1m SELECT name
 FROM sqlite_master
 WHERE type = 'table' AND NOT name = 'sqlite_sequence'
[0m
  [4;35;1mSQL (0.4ms)[0m   [0m SELECT name
 FROM sqlite_master
 WHERE type = 'table' AND NOT name = 'sqlite_sequence'
[0m
  [4;36;1mSQL (0.4ms)[0m   [0;1m SELECT name
 FROM sqlite_master
 WHERE type = 'table' AND NOT name = 'sqlite_sequence'
[0m
  [4;35;1mSQL (0.4ms)[0m   [0m SELECT name
 FROM sqlite_master
 WHERE type = 'table' AND NOT name = 'sqlite_sequence'
[0m
  [4;36;1mSQL (0.4ms)[0m   [0;1m SELECT name
 FROM sqlite_master
 WHERE type = 'table' AND NOT name = 'sqlite_sequence'
[0m
  [4;35;1mSQL (0.4ms)[0m   [0m SELECT name
 FROM sqlite_master
 WHERE type = 'table' AND NOT name = 'sqlite_sequence'
[0m
  [4;36;1mSQL (0.4ms)[0m   [0;1m SELECT name
 FROM sqlite_master
 WHERE type = 'table' AND NOT name = 'sqlite_sequence'
[0m
  [4;35;1mSQL (0.4ms)[0m   [0m SELECT name
 FROM sqlite_master
 WHERE type = 'table' AND NOT name = 'sqlite_sequence'
[0m
  [4;36;1mSQL (0.4ms)[0m   [0;1m SELECT name
 FROM sqlite_master
 WHERE type = 'table' AND NOT name = 'sqlite_sequence'
[0m
  [4;35;1mSQL (0.4ms)[0m   [0m SELECT name
 FROM sqlite_master
 WHERE type = 'table' AND NOT name = 'sqlite_sequence'
[0m
  [4;36;1mSQL (0.4ms)[0m   [0;1m SELECT name
 FROM sqlite_master
 WHERE type = 'table' AND NOT name = 'sqlite_sequence'
[0m
  [4;35;1mSQL (0.4ms)[0m   [0m SELECT name
 FROM sqlite_master
 WHERE type = 'table' AND NOT name = 'sqlite_sequence'
[0m
  [4;36;1mSQL (0.4ms)[0m   [0;1m SELECT name
 FROM sqlite_master
 WHERE type = 'table' AND NOT name = 'sqlite_sequence'
[0m
  [4;36;1mSQL (0.2ms)[0m   [0;1mselect sqlite_version(*)[0m
  [4;35;1mSQL (0.1ms)[0m   [0m SELECT name
 FROM sqlite_master
 WHERE type = 'table' AND NOT name = 'sqlite_sequence'
[0m
  [4;36;1mSQL (0.2ms)[0m   [0;1mCREATE TABLE "users" ("id" INTEGER PRIMARY KEY AUTOINCREMENT NOT NULL, "manager_id" integer, "name" varchar(255)) [0m
  [4;35;1mSQL (0.1ms)[0m   [0m SELECT name
 FROM sqlite_master
 WHERE type = 'table' AND NOT name = 'sqlite_sequence'
[0m
  [4;36;1mSQL (0.1ms)[0m   [0;1mCREATE TABLE "avatars" ("id" INTEGER PRIMARY KEY AUTOINCREMENT NOT NULL, "user_id" integer, "name" varchar(255)) [0m
  [4;35;1mSQL (0.2ms)[0m   [0m SELECT name
 FROM sqlite_master
 WHERE type = 'table' AND NOT name = 'sqlite_sequence'
[0m
  [4;36;1mSQL (0.1ms)[0m   [0;1mCREATE TABLE "managers" ("id" INTEGER PRIMARY KEY AUTOINCREMENT NOT NULL, "name" varchar(255)) [0m
  [4;35;1mSQL (0.2ms)[0m   [0m SELECT name
 FROM sqlite_master
 WHERE type = 'table' AND NOT name = 'sqlite_sequence'
[0m
  [4;36;1mSQL (0.1ms)[0m   [0;1mCREATE TABLE "tasks" ("id" INTEGER PRIMARY KEY AUTOINCREMENT NOT NULL, "user_id" integer, "name" varchar(255)) [0m
  [4;35;1mSQL (0.2ms)[0m   [0m SELECT name
 FROM sqlite_master
 WHERE type = 'table' AND NOT name = 'sqlite_sequence'
[0m
  [4;36;1mSQL (0.1ms)[0m   [0;1mCREATE TABLE "tags" ("id" INTEGER PRIMARY KEY AUTOINCREMENT NOT NULL, "user_id" integer, "name" varchar(255)) [0m
  [4;35;1mSQL (0.3ms)[0m   [0m SELECT name
 FROM sqlite_master
 WHERE type = 'table' AND NOT name = 'sqlite_sequence'
[0m
  [4;36;1mSQL (0.1ms)[0m   [0;1mCREATE TABLE "groups" ("id" INTEGER PRIMARY KEY AUTOINCREMENT NOT NULL, "user_id" integer, "name" varchar(255)) [0m
  [4;35;1mSQL (0.3ms)[0m   [0m SELECT name
 FROM sqlite_master
 WHERE type = 'table' AND NOT name = 'sqlite_sequence'
[0m
  [4;36;1mSQL (0.1ms)[0m   [0;1mCREATE TABLE "groups_users" ("group_id" integer, "user_id" integer) [0m
  [4;35;1mSQL (0.4ms)[0m   [0m SELECT name
 FROM sqlite_master
 WHERE type = 'table' AND NOT name = 'sqlite_sequence'
[0m
  [4;36;1mSQL (0.1ms)[0m   [0;1mCREATE TABLE "schema_migrations" ("version" varchar(255) NOT NULL) [0m
  [4;35;1mSQL (0.1ms)[0m   [0mCREATE UNIQUE INDEX "unique_schema_migrations" ON "schema_migrations" ("version")[0m
  [4;36;1mSQL (0.4ms)[0m   [0;1m SELECT name
 FROM sqlite_master
 WHERE type = 'table' AND NOT name = 'sqlite_sequence'
[0m
  [4;35;1mSQL (0.1ms)[0m   [0mSELECT version FROM "schema_migrations"[0m
  [4;36;1mSQL (0.1ms)[0m   [0;1mINSERT INTO "schema_migrations" (version) VALUES ('1')[0m
Unable to load group, underlying cause no such file to load -- group.rb 

 /usr/lib/ruby/gems/1.8/gems/activesupport-2.2.2/lib/active_support/dependencies.rb:382:in `load_without_new_constant_marking'
/usr/lib/ruby/gems/1.8/gems/activesupport-2.2.2/lib/active_support/dependencies.rb:382:in `load_file'
/usr/lib/ruby/gems/1.8/gems/activesupport-2.2.2/lib/active_support/dependencies.rb:521:in `new_constants_in'
/usr/lib/ruby/gems/1.8/gems/activesupport-2.2.2/lib/active_support/dependencies.rb:381:in `load_file'
/usr/lib/ruby/gems/1.8/gems/activesupport-2.2.2/lib/active_support/dependencies.rb:256:in `require_or_load'
/usr/lib/ruby/gems/1.8/gems/activesupport-2.2.2/lib/active_support/dependencies.rb:221:in `depend_on'
/usr/lib/ruby/gems/1.8/gems/activesupport-2.2.2/lib/active_support/dependencies.rb:133:in `require_dependency'
/usr/lib/ruby/gems/1.8/gems/activerecord-2.2.2/lib/active_record/fixtures.rb:856:in `try_to_load_dependency'
/usr/lib/ruby/gems/1.8/gems/activerecord-2.2.2/lib/active_record/fixtures.rb:871:in `require_fixture_classes'
/usr/lib/ruby/gems/1.8/gems/activerecord-2.2.2/lib/active_record/fixtures.rb:868:in `each'
/usr/lib/ruby/gems/1.8/gems/activerecord-2.2.2/lib/active_record/fixtures.rb:868:in `require_fixture_classes'
/usr/lib/ruby/gems/1.8/gems/activerecord-2.2.2/lib/active_record/fixtures.rb:851:in `fixtures'
./test/unit/../test_helper.rb:35
test/unit/nested_assignment_test.rb:1:in `require'
test/unit/nested_assignment_test.rb:1
Unable to load manager, underlying cause no such file to load -- manager.rb 

 /usr/lib/ruby/gems/1.8/gems/activesupport-2.2.2/lib/active_support/dependencies.rb:382:in `load_without_new_constant_marking'
/usr/lib/ruby/gems/1.8/gems/activesupport-2.2.2/lib/active_support/dependencies.rb:382:in `load_file'
/usr/lib/ruby/gems/1.8/gems/activesupport-2.2.2/lib/active_support/dependencies.rb:521:in `new_constants_in'
/usr/lib/ruby/gems/1.8/gems/activesupport-2.2.2/lib/active_support/dependencies.rb:381:in `load_file'
/usr/lib/ruby/gems/1.8/gems/activesupport-2.2.2/lib/active_support/dependencies.rb:256:in `require_or_load'
/usr/lib/ruby/gems/1.8/gems/activesupport-2.2.2/lib/active_support/dependencies.rb:221:in `depend_on'
/usr/lib/ruby/gems/1.8/gems/activesupport-2.2.2/lib/active_support/dependencies.rb:133:in `require_dependency'
/usr/lib/ruby/gems/1.8/gems/activerecord-2.2.2/lib/active_record/fixtures.rb:856:in `try_to_load_dependency'
/usr/lib/ruby/gems/1.8/gems/activerecord-2.2.2/lib/active_record/fixtures.rb:871:in `require_fixture_classes'
/usr/lib/ruby/gems/1.8/gems/activerecord-2.2.2/lib/active_record/fixtures.rb:868:in `each'
/usr/lib/ruby/gems/1.8/gems/activerecord-2.2.2/lib/active_record/fixtures.rb:868:in `require_fixture_classes'
/usr/lib/ruby/gems/1.8/gems/activerecord-2.2.2/lib/active_record/fixtures.rb:851:in `fixtures'
./test/unit/../test_helper.rb:35
test/unit/nested_assignment_test.rb:1:in `require'
test/unit/nested_assignment_test.rb:1
Unable to load avatar, underlying cause no such file to load -- avatar.rb 

 /usr/lib/ruby/gems/1.8/gems/activesupport-2.2.2/lib/active_support/dependencies.rb:382:in `load_without_new_constant_marking'
/usr/lib/ruby/gems/1.8/gems/activesupport-2.2.2/lib/active_support/dependencies.rb:382:in `load_file'
/usr/lib/ruby/gems/1.8/gems/activesupport-2.2.2/lib/active_support/dependencies.rb:521:in `new_constants_in'
/usr/lib/ruby/gems/1.8/gems/activesupport-2.2.2/lib/active_support/dependencies.rb:381:in `load_file'
/usr/lib/ruby/gems/1.8/gems/activesupport-2.2.2/lib/active_support/dependencies.rb:256:in `require_or_load'
/usr/lib/ruby/gems/1.8/gems/activesupport-2.2.2/lib/active_support/dependencies.rb:221:in `depend_on'
/usr/lib/ruby/gems/1.8/gems/activesupport-2.2.2/lib/active_support/dependencies.rb:133:in `require_dependency'
/usr/lib/ruby/gems/1.8/gems/activerecord-2.2.2/lib/active_record/fixtures.rb:856:in `try_to_load_dependency'
/usr/lib/ruby/gems/1.8/gems/activerecord-2.2.2/lib/active_record/fixtures.rb:871:in `require_fixture_classes'
/usr/lib/ruby/gems/1.8/gems/activerecord-2.2.2/lib/active_record/fixtures.rb:868:in `each'
/usr/lib/ruby/gems/1.8/gems/activerecord-2.2.2/lib/active_record/fixtures.rb:868:in `require_fixture_classes'
/usr/lib/ruby/gems/1.8/gems/activerecord-2.2.2/lib/active_record/fixtures.rb:851:in `fixtures'
./test/unit/../test_helper.rb:35
test/unit/nested_assignment_test.rb:1:in `require'
test/unit/nested_assignment_test.rb:1
Unable to load tag, underlying cause no such file to load -- tag.rb 

 /usr/lib/ruby/gems/1.8/gems/activesupport-2.2.2/lib/active_support/dependencies.rb:382:in `load_without_new_constant_marking'
/usr/lib/ruby/gems/1.8/gems/activesupport-2.2.2/lib/active_support/dependencies.rb:382:in `load_file'
/usr/lib/ruby/gems/1.8/gems/activesupport-2.2.2/lib/active_support/dependencies.rb:521:in `new_constants_in'
/usr/lib/ruby/gems/1.8/gems/activesupport-2.2.2/lib/active_support/dependencies.rb:381:in `load_file'
/usr/lib/ruby/gems/1.8/gems/activesupport-2.2.2/lib/active_support/dependencies.rb:256:in `require_or_load'
/usr/lib/ruby/gems/1.8/gems/activesupport-2.2.2/lib/active_support/dependencies.rb:221:in `depend_on'
/usr/lib/ruby/gems/1.8/gems/activesupport-2.2.2/lib/active_support/dependencies.rb:133:in `require_dependency'
/usr/lib/ruby/gems/1.8/gems/activerecord-2.2.2/lib/active_record/fixtures.rb:856:in `try_to_load_dependency'
/usr/lib/ruby/gems/1.8/gems/activerecord-2.2.2/lib/active_record/fixtures.rb:871:in `require_fixture_classes'
/usr/lib/ruby/gems/1.8/gems/activerecord-2.2.2/lib/active_record/fixtures.rb:868:in `each'
/usr/lib/ruby/gems/1.8/gems/activerecord-2.2.2/lib/active_record/fixtures.rb:868:in `require_fixture_classes'
/usr/lib/ruby/gems/1.8/gems/activerecord-2.2.2/lib/active_record/fixtures.rb:851:in `fixtures'
./test/unit/../test_helper.rb:35
test/unit/nested_assignment_test.rb:1:in `require'
test/unit/nested_assignment_test.rb:1
Unable to load user, underlying cause no such file to load -- user.rb 

 /usr/lib/ruby/gems/1.8/gems/activesupport-2.2.2/lib/active_support/dependencies.rb:382:in `load_without_new_constant_marking'
/usr/lib/ruby/gems/1.8/gems/activesupport-2.2.2/lib/active_support/dependencies.rb:382:in `load_file'
/usr/lib/ruby/gems/1.8/gems/activesupport-2.2.2/lib/active_support/dependencies.rb:521:in `new_constants_in'
/usr/lib/ruby/gems/1.8/gems/activesupport-2.2.2/lib/active_support/dependencies.rb:381:in `load_file'
/usr/lib/ruby/gems/1.8/gems/activesupport-2.2.2/lib/active_support/dependencies.rb:256:in `require_or_load'
/usr/lib/ruby/gems/1.8/gems/activesupport-2.2.2/lib/active_support/dependencies.rb:221:in `depend_on'
/usr/lib/ruby/gems/1.8/gems/activesupport-2.2.2/lib/active_support/dependencies.rb:133:in `require_dependency'
/usr/lib/ruby/gems/1.8/gems/activerecord-2.2.2/lib/active_record/fixtures.rb:856:in `try_to_load_dependency'
/usr/lib/ruby/gems/1.8/gems/activerecord-2.2.2/lib/active_record/fixtures.rb:871:in `require_fixture_classes'
/usr/lib/ruby/gems/1.8/gems/activerecord-2.2.2/lib/active_record/fixtures.rb:868:in `each'
/usr/lib/ruby/gems/1.8/gems/activerecord-2.2.2/lib/active_record/fixtures.rb:868:in `require_fixture_classes'
/usr/lib/ruby/gems/1.8/gems/activerecord-2.2.2/lib/active_record/fixtures.rb:851:in `fixtures'
./test/unit/../test_helper.rb:35
test/unit/nested_assignment_test.rb:1:in `require'
test/unit/nested_assignment_test.rb:1
Unable to load task, underlying cause no such file to load -- task.rb 

 /usr/lib/ruby/gems/1.8/gems/activesupport-2.2.2/lib/active_support/dependencies.rb:382:in `load_without_new_constant_marking'
/usr/lib/ruby/gems/1.8/gems/activesupport-2.2.2/lib/active_support/dependencies.rb:382:in `load_file'
/usr/lib/ruby/gems/1.8/gems/activesupport-2.2.2/lib/active_support/dependencies.rb:521:in `new_constants_in'
/usr/lib/ruby/gems/1.8/gems/activesupport-2.2.2/lib/active_support/dependencies.rb:381:in `load_file'
/usr/lib/ruby/gems/1.8/gems/activesupport-2.2.2/lib/active_support/dependencies.rb:256:in `require_or_load'
/usr/lib/ruby/gems/1.8/gems/activesupport-2.2.2/lib/active_support/dependencies.rb:221:in `depend_on'
/usr/lib/ruby/gems/1.8/gems/activesupport-2.2.2/lib/active_support/dependencies.rb:133:in `require_dependency'
/usr/lib/ruby/gems/1.8/gems/activerecord-2.2.2/lib/active_record/fixtures.rb:856:in `try_to_load_dependency'
/usr/lib/ruby/gems/1.8/gems/activerecord-2.2.2/lib/active_record/fixtures.rb:871:in `require_fixture_classes'
/usr/lib/ruby/gems/1.8/gems/activerecord-2.2.2/lib/active_record/fixtures.rb:868:in `each'
/usr/lib/ruby/gems/1.8/gems/activerecord-2.2.2/lib/active_record/fixtures.rb:868:in `require_fixture_classes'
/usr/lib/ruby/gems/1.8/gems/activerecord-2.2.2/lib/active_record/fixtures.rb:851:in `fixtures'
./test/unit/../test_helper.rb:35
test/unit/nested_assignment_test.rb:1:in `require'
test/unit/nested_assignment_test.rb:1
Unable to load groups_user, underlying cause no such file to load -- groups_user.rb 

 /usr/lib/ruby/gems/1.8/gems/activesupport-2.2.2/lib/active_support/dependencies.rb:382:in `load_without_new_constant_marking'
/usr/lib/ruby/gems/1.8/gems/activesupport-2.2.2/lib/active_support/dependencies.rb:382:in `load_file'
/usr/lib/ruby/gems/1.8/gems/activesupport-2.2.2/lib/active_support/dependencies.rb:521:in `new_constants_in'
/usr/lib/ruby/gems/1.8/gems/activesupport-2.2.2/lib/active_support/dependencies.rb:381:in `load_file'
/usr/lib/ruby/gems/1.8/gems/activesupport-2.2.2/lib/active_support/dependencies.rb:256:in `require_or_load'
/usr/lib/ruby/gems/1.8/gems/activesupport-2.2.2/lib/active_support/dependencies.rb:221:in `depend_on'
/usr/lib/ruby/gems/1.8/gems/activesupport-2.2.2/lib/active_support/dependencies.rb:133:in `require_dependency'
/usr/lib/ruby/gems/1.8/gems/activerecord-2.2.2/lib/active_record/fixtures.rb:856:in `try_to_load_dependency'
/usr/lib/ruby/gems/1.8/gems/activerecord-2.2.2/lib/active_record/fixtures.rb:871:in `require_fixture_classes'
/usr/lib/ruby/gems/1.8/gems/activerecord-2.2.2/lib/active_record/fixtures.rb:868:in `each'
/usr/lib/ruby/gems/1.8/gems/activerecord-2.2.2/lib/active_record/fixtures.rb:868:in `require_fixture_classes'
/usr/lib/ruby/gems/1.8/gems/activerecord-2.2.2/lib/active_record/fixtures.rb:851:in `fixtures'
./test/unit/../test_helper.rb:35
test/unit/nested_assignment_test.rb:1:in `require'
test/unit/nested_assignment_test.rb:1
  [4;35;1mPluginTestModels::User Load (0.1ms)[0m   [0mSELECT * FROM "users" WHERE ("users"."id" = 1) [0m
  [4;36;1mPluginTestModels::User Load (0.1ms)[0m   [0;1mSELECT * FROM "users" WHERE ("users"."id" = 1) [0m
  [4;35;1mPluginTestModels::User Load (0.1ms)[0m   [0mSELECT * FROM "users" WHERE ("users"."id" = 1) [0m
  [4;36;1mPluginTestModels::User Load (0.1ms)[0m   [0;1mSELECT * FROM "users" WHERE ("users"."id" = 1) [0m
  [4;35;1mPluginTestModels::User Load (0.1ms)[0m   [0mSELECT * FROM "users" WHERE ("users"."id" = 1) [0m
  [4;36;1mPluginTestModels::User Load (0.1ms)[0m   [0;1mSELECT * FROM "users" WHERE ("users"."id" = 1) [0m
  [4;35;1mPluginTestModels::User Load (0.1ms)[0m   [0mSELECT * FROM "users" WHERE ("users"."id" = 1) [0m
  [4;36;1mPluginTestModels::User Load (0.1ms)[0m   [0;1mSELECT * FROM "users" WHERE ("users"."id" = 1) [0m
  [4;35;1mPluginTestModels::User Load (0.1ms)[0m   [0mSELECT * FROM "users" WHERE ("users"."id" = 1) [0m
  [4;36;1mPluginTestModels::User Load (0.1ms)[0m   [0;1mSELECT * FROM "users" WHERE ("users"."id" = 1) [0m
  [4;35;1mPluginTestModels::User Load (0.1ms)[0m   [0mSELECT * FROM "users" WHERE ("users"."id" = 1) [0m
  [4;36;1mPluginTestModels::User Load (0.1ms)[0m   [0;1mSELECT * FROM "users" WHERE ("users"."id" = 1) [0m
  [4;35;1mPluginTestModels::Avatar Load (0.1ms)[0m   [0mSELECT * FROM "avatars" WHERE ("avatars"."id" = 1) [0m
  [4;36;1mPluginTestModels::Avatar Load (0.1ms)[0m   [0;1mSELECT * FROM "avatars" WHERE ("avatars".user_id = 1) LIMIT 1[0m
  [4;35;1mPluginTestModels::Avatar Load (0.1ms)[0m   [0mSELECT * FROM "avatars" WHERE ("avatars"."id" = 1) [0m
  [4;36;1mPluginTestModels::User Load (0.1ms)[0m   [0;1mSELECT * FROM "users" WHERE ("users"."id" = 1) [0m
  [4;35;1mPluginTestModels::Avatar Load (0.1ms)[0m   [0mSELECT * FROM "avatars" WHERE ("avatars"."id" = 1) [0m
  [4;36;1mPluginTestModels::Avatar Load (0.2ms)[0m   [0;1mSELECT * FROM "avatars" WHERE ("avatars".user_id = 1) LIMIT 1[0m
  [4;35;1mPluginTestModels::Avatar Update (0.1ms)[0m   [0mUPDATE "avatars" SET "user_id" = NULL WHERE "id" = 1[0m
  [4;36;1mPluginTestModels::Avatar Load (0.1ms)[0m   [0;1mSELECT * FROM "avatars" WHERE ("avatars"."id" = 1) [0m
  [4;35;1mPluginTestModels::User Load (0.2ms)[0m   [0mSELECT * FROM "users" WHERE ("users"."id" = 1) [0m
  [4;36;1mPluginTestModels::Avatar Load (0.1ms)[0m   [0;1mSELECT * FROM "avatars" WHERE ("avatars"."id" = 1) [0m
  [4;35;1mPluginTestModels::Avatar Load (0.1ms)[0m   [0mSELECT * FROM "avatars" WHERE ("avatars".user_id = 1) LIMIT 1[0m
WARNING: Can't mass-assign these protected attributes: id
  [4;36;1mPluginTestModels::Avatar Load (0.2ms)[0m   [0;1mSELECT * FROM "avatars" WHERE ("avatars"."id" = 1) [0m
  [4;35;1mSQL (0.4ms)[0m   [0m SELECT name
 FROM sqlite_master
 WHERE type = 'table' AND NOT name = 'sqlite_sequence'
[0m
  [4;36;1mSQL (0.4ms)[0m   [0;1m SELECT name
 FROM sqlite_master
 WHERE type = 'table' AND NOT name = 'sqlite_sequence'
[0m
  [4;35;1mSQL (0.4ms)[0m   [0m SELECT name
 FROM sqlite_master
 WHERE type = 'table' AND NOT name = 'sqlite_sequence'
[0m
  [4;36;1mSQL (0.4ms)[0m   [0;1m SELECT name
 FROM sqlite_master
 WHERE type = 'table' AND NOT name = 'sqlite_sequence'
[0m
  [4;35;1mSQL (0.4ms)[0m   [0m SELECT name
 FROM sqlite_master
 WHERE type = 'table' AND NOT name = 'sqlite_sequence'
[0m
  [4;36;1mSQL (0.4ms)[0m   [0;1m SELECT name
 FROM sqlite_master
 WHERE type = 'table' AND NOT name = 'sqlite_sequence'
[0m
  [4;35;1mSQL (0.4ms)[0m   [0m SELECT name
 FROM sqlite_master
 WHERE type = 'table' AND NOT name = 'sqlite_sequence'
[0m
  [4;36;1mSQL (0.4ms)[0m   [0;1m SELECT name
 FROM sqlite_master
 WHERE type = 'table' AND NOT name = 'sqlite_sequence'
[0m
  [4;35;1mSQL (0.4ms)[0m   [0m SELECT name
 FROM sqlite_master
 WHERE type = 'table' AND NOT name = 'sqlite_sequence'
[0m
  [4;36;1mSQL (0.4ms)[0m   [0;1m SELECT name
 FROM sqlite_master
 WHERE type = 'table' AND NOT name = 'sqlite_sequence'
[0m
  [4;35;1mSQL (0.4ms)[0m   [0m SELECT name
 FROM sqlite_master
 WHERE type = 'table' AND NOT name = 'sqlite_sequence'
[0m
  [4;36;1mSQL (0.4ms)[0m   [0;1m SELECT name
 FROM sqlite_master
 WHERE type = 'table' AND NOT name = 'sqlite_sequence'
[0m
  [4;35;1mSQL (0.4ms)[0m   [0m SELECT name
 FROM sqlite_master
 WHERE type = 'table' AND NOT name = 'sqlite_sequence'
[0m
  [4;36;1mSQL (0.4ms)[0m   [0;1m SELECT name
 FROM sqlite_master
 WHERE type = 'table' AND NOT name = 'sqlite_sequence'
[0m
  [4;35;1mSQL (0.4ms)[0m   [0m SELECT name
 FROM sqlite_master
 WHERE type = 'table' AND NOT name = 'sqlite_sequence'
[0m
  [4;36;1mSQL (0.4ms)[0m   [0;1m SELECT name
 FROM sqlite_master
 WHERE type = 'table' AND NOT name = 'sqlite_sequence'
[0m
  [4;35;1mSQL (0.4ms)[0m   [0m SELECT name
 FROM sqlite_master
 WHERE type = 'table' AND NOT name = 'sqlite_sequence'
[0m
  [4;36;1mSQL (0.4ms)[0m   [0;1m SELECT name
 FROM sqlite_master
 WHERE type = 'table' AND NOT name = 'sqlite_sequence'
[0m
  [4;35;1mSQL (0.4ms)[0m   [0m SELECT name
 FROM sqlite_master
 WHERE type = 'table' AND NOT name = 'sqlite_sequence'
[0m
  [4;36;1mSQL (0.4ms)[0m   [0;1m SELECT name
 FROM sqlite_master
 WHERE type = 'table' AND NOT name = 'sqlite_sequence'
[0m
  [4;35;1mSQL (0.4ms)[0m   [0m SELECT name
 FROM sqlite_master
 WHERE type = 'table' AND NOT name = 'sqlite_sequence'
[0m
  [4;36;1mSQL (0.4ms)[0m   [0;1m SELECT name
 FROM sqlite_master
 WHERE type = 'table' AND NOT name = 'sqlite_sequence'
[0m
  [4;35;1mSQL (0.4ms)[0m   [0m SELECT name
 FROM sqlite_master
 WHERE type = 'table' AND NOT name = 'sqlite_sequence'
[0m
  [4;36;1mSQL (0.4ms)[0m   [0;1m SELECT name
 FROM sqlite_master
 WHERE type = 'table' AND NOT name = 'sqlite_sequence'
[0m
  [4;35;1mSQL (0.4ms)[0m   [0m SELECT name
 FROM sqlite_master
 WHERE type = 'table' AND NOT name = 'sqlite_sequence'
[0m
  [4;36;1mSQL (0.4ms)[0m   [0;1m SELECT name
 FROM sqlite_master
 WHERE type = 'table' AND NOT name = 'sqlite_sequence'
[0m
  [4;35;1mSQL (0.4ms)[0m   [0m SELECT name
 FROM sqlite_master
 WHERE type = 'table' AND NOT name = 'sqlite_sequence'
[0m
  [4;36;1mSQL (0.4ms)[0m   [0;1m SELECT name
 FROM sqlite_master
 WHERE type = 'table' AND NOT name = 'sqlite_sequence'
[0m
  [4;35;1mSQL (0.4ms)[0m   [0m SELECT name
 FROM sqlite_master
 WHERE type = 'table' AND NOT name = 'sqlite_sequence'
[0m
  [4;36;1mSQL (0.4ms)[0m   [0;1m SELECT name
 FROM sqlite_master
 WHERE type = 'table' AND NOT name = 'sqlite_sequence'
[0m
  [4;35;1mSQL (0.4ms)[0m   [0m SELECT name
 FROM sqlite_master
 WHERE type = 'table' AND NOT name = 'sqlite_sequence'
[0m
  [4;36;1mSQL (0.4ms)[0m   [0;1m SELECT name
 FROM sqlite_master
 WHERE type = 'table' AND NOT name = 'sqlite_sequence'
[0m
  [4;35;1mSQL (0.4ms)[0m   [0m SELECT name
 FROM sqlite_master
 WHERE type = 'table' AND NOT name = 'sqlite_sequence'
[0m
  [4;36;1mSQL (0.4ms)[0m   [0;1m SELECT name
 FROM sqlite_master
 WHERE type = 'table' AND NOT name = 'sqlite_sequence'
[0m
  [4;35;1mSQL (0.4ms)[0m   [0m SELECT name
 FROM sqlite_master
 WHERE type = 'table' AND NOT name = 'sqlite_sequence'
[0m
  [4;36;1mSQL (0.4ms)[0m   [0;1m SELECT name
 FROM sqlite_master
 WHERE type = 'table' AND NOT name = 'sqlite_sequence'
[0m
  [4;35;1mSQL (0.4ms)[0m   [0m SELECT name
 FROM sqlite_master
 WHERE type = 'table' AND NOT name = 'sqlite_sequence'
[0m
  [4;36;1mSQL (0.4ms)[0m   [0;1m SELECT name
 FROM sqlite_master
 WHERE type = 'table' AND NOT name = 'sqlite_sequence'
[0m
  [4;35;1mSQL (0.4ms)[0m   [0m SELECT name
 FROM sqlite_master
 WHERE type = 'table' AND NOT name = 'sqlite_sequence'
[0m
  [4;36;1mSQL (0.4ms)[0m   [0;1m SELECT name
 FROM sqlite_master
 WHERE type = 'table' AND NOT name = 'sqlite_sequence'
[0m
  [4;35;1mSQL (0.4ms)[0m   [0m SELECT name
 FROM sqlite_master
 WHERE type = 'table' AND NOT name = 'sqlite_sequence'
[0m
  [4;36;1mSQL (0.4ms)[0m   [0;1m SELECT name
 FROM sqlite_master
 WHERE type = 'table' AND NOT name = 'sqlite_sequence'
[0m
  [4;35;1mSQL (0.4ms)[0m   [0m SELECT name
 FROM sqlite_master
 WHERE type = 'table' AND NOT name = 'sqlite_sequence'
[0m
  [4;36;1mSQL (0.4ms)[0m   [0;1m SELECT name
 FROM sqlite_master
 WHERE type = 'table' AND NOT name = 'sqlite_sequence'
[0m
  [4;35;1mSQL (0.4ms)[0m   [0m SELECT name
 FROM sqlite_master
 WHERE type = 'table' AND NOT name = 'sqlite_sequence'
[0m
  [4;36;1mSQL (0.4ms)[0m   [0;1m SELECT name
 FROM sqlite_master
 WHERE type = 'table' AND NOT name = 'sqlite_sequence'
[0m
  [4;35;1mSQL (0.4ms)[0m   [0m SELECT name
 FROM sqlite_master
 WHERE type = 'table' AND NOT name = 'sqlite_sequence'
[0m
  [4;36;1mSQL (0.4ms)[0m   [0;1m SELECT name
 FROM sqlite_master
 WHERE type = 'table' AND NOT name = 'sqlite_sequence'
[0m
  [4;35;1mSQL (0.4ms)[0m   [0m SELECT name
 FROM sqlite_master
 WHERE type = 'table' AND NOT name = 'sqlite_sequence'
[0m
  [4;36;1mSQL (0.4ms)[0m   [0;1m SELECT name
 FROM sqlite_master
 WHERE type = 'table' AND NOT name = 'sqlite_sequence'
[0m
  [4;35;1mSQL (0.4ms)[0m   [0m SELECT name
 FROM sqlite_master
 WHERE type = 'table' AND NOT name = 'sqlite_sequence'
[0m
  [4;36;1mSQL (0.4ms)[0m   [0;1m SELECT name
 FROM sqlite_master
 WHERE type = 'table' AND NOT name = 'sqlite_sequence'
[0m
  [4;35;1mSQL (0.4ms)[0m   [0m SELECT name
 FROM sqlite_master
 WHERE type = 'table' AND NOT name = 'sqlite_sequence'
[0m
  [4;36;1mSQL (0.4ms)[0m   [0;1m SELECT name
 FROM sqlite_master
 WHERE type = 'table' AND NOT name = 'sqlite_sequence'
[0m
  [4;35;1mSQL (0.4ms)[0m   [0m SELECT name
 FROM sqlite_master
 WHERE type = 'table' AND NOT name = 'sqlite_sequence'
[0m
  [4;36;1mSQL (0.4ms)[0m   [0;1m SELECT name
 FROM sqlite_master
 WHERE type = 'table' AND NOT name = 'sqlite_sequence'
[0m
  [4;35;1mSQL (0.4ms)[0m   [0m SELECT name
 FROM sqlite_master
 WHERE type = 'table' AND NOT name = 'sqlite_sequence'
[0m
  [4;36;1mSQL (0.4ms)[0m   [0;1m SELECT name
 FROM sqlite_master
 WHERE type = 'table' AND NOT name = 'sqlite_sequence'
[0m
  [4;35;1mSQL (0.4ms)[0m   [0m SELECT name
 FROM sqlite_master
 WHERE type = 'table' AND NOT name = 'sqlite_sequence'
[0m
  [4;36;1mSQL (0.4ms)[0m   [0;1m SELECT name
 FROM sqlite_master
 WHERE type = 'table' AND NOT name = 'sqlite_sequence'
[0m
  [4;35;1mSQL (0.4ms)[0m   [0m SELECT name
 FROM sqlite_master
 WHERE type = 'table' AND NOT name = 'sqlite_sequence'
[0m
  [4;36;1mSQL (0.4ms)[0m   [0;1m SELECT name
 FROM sqlite_master
 WHERE type = 'table' AND NOT name = 'sqlite_sequence'
[0m
  [4;35;1mSQL (0.4ms)[0m   [0m SELECT name
 FROM sqlite_master
 WHERE type = 'table' AND NOT name = 'sqlite_sequence'
[0m
  [4;36;1mSQL (0.4ms)[0m   [0;1m SELECT name
 FROM sqlite_master
 WHERE type = 'table' AND NOT name = 'sqlite_sequence'
[0m
  [4;35;1mSQL (0.4ms)[0m   [0m SELECT name
 FROM sqlite_master
 WHERE type = 'table' AND NOT name = 'sqlite_sequence'
[0m
  [4;36;1mSQL (0.4ms)[0m   [0;1m SELECT name
 FROM sqlite_master
 WHERE type = 'table' AND NOT name = 'sqlite_sequence'
[0m
  [4;35;1mSQL (0.4ms)[0m   [0m SELECT name
 FROM sqlite_master
 WHERE type = 'table' AND NOT name = 'sqlite_sequence'
[0m
  [4;36;1mSQL (0.4ms)[0m   [0;1m SELECT name
 FROM sqlite_master
 WHERE type = 'table' AND NOT name = 'sqlite_sequence'
[0m
  [4;35;1mSQL (0.4ms)[0m   [0m SELECT name
 FROM sqlite_master
 WHERE type = 'table' AND NOT name = 'sqlite_sequence'
[0m
  [4;36;1mSQL (0.4ms)[0m   [0;1m SELECT name
 FROM sqlite_master
 WHERE type = 'table' AND NOT name = 'sqlite_sequence'
[0m
  [4;35;1mSQL (0.4ms)[0m   [0m SELECT name
 FROM sqlite_master
 WHERE type = 'table' AND NOT name = 'sqlite_sequence'
[0m
  [4;36;1mSQL (0.4ms)[0m   [0;1m SELECT name
 FROM sqlite_master
 WHERE type = 'table' AND NOT name = 'sqlite_sequence'
[0m
  [4;35;1mSQL (0.4ms)[0m   [0m SELECT name
 FROM sqlite_master
 WHERE type = 'table' AND NOT name = 'sqlite_sequence'
[0m
  [4;36;1mSQL (0.4ms)[0m   [0;1m SELECT name
 FROM sqlite_master
 WHERE type = 'table' AND NOT name = 'sqlite_sequence'
[0m
  [4;35;1mSQL (0.4ms)[0m   [0m SELECT name
 FROM sqlite_master
 WHERE type = 'table' AND NOT name = 'sqlite_sequence'
[0m
  [4;36;1mSQL (0.4ms)[0m   [0;1m SELECT name
 FROM sqlite_master
 WHERE type = 'table' AND NOT name = 'sqlite_sequence'
[0m
  [4;35;1mSQL (0.4ms)[0m   [0m SELECT name
 FROM sqlite_master
 WHERE type = 'table' AND NOT name = 'sqlite_sequence'
[0m
  [4;36;1mSQL (0.4ms)[0m   [0;1m SELECT name
 FROM sqlite_master
 WHERE type = 'table' AND NOT name = 'sqlite_sequence'
[0m
  [4;35;1mSQL (0.4ms)[0m   [0m SELECT name
 FROM sqlite_master
 WHERE type = 'table' AND NOT name = 'sqlite_sequence'
[0m
  [4;36;1mSQL (0.4ms)[0m   [0;1m SELECT name
 FROM sqlite_master
 WHERE type = 'table' AND NOT name = 'sqlite_sequence'
[0m
  [4;35;1mSQL (0.4ms)[0m   [0m SELECT name
 FROM sqlite_master
 WHERE type = 'table' AND NOT name = 'sqlite_sequence'
[0m
  [4;36;1mSQL (0.4ms)[0m   [0;1m SELECT name
 FROM sqlite_master
 WHERE type = 'table' AND NOT name = 'sqlite_sequence'
[0m
  [4;35;1mSQL (0.4ms)[0m   [0m SELECT name
 FROM sqlite_master
 WHERE type = 'table' AND NOT name = 'sqlite_sequence'
[0m
  [4;36;1mSQL (0.4ms)[0m   [0;1m SELECT name
 FROM sqlite_master
 WHERE type = 'table' AND NOT name = 'sqlite_sequence'
[0m
  [4;35;1mSQL (0.4ms)[0m   [0m SELECT name
 FROM sqlite_master
 WHERE type = 'table' AND NOT name = 'sqlite_sequence'
[0m
  [4;36;1mSQL (0.4ms)[0m   [0;1m SELECT name
 FROM sqlite_master
 WHERE type = 'table' AND NOT name = 'sqlite_sequence'
[0m
  [4;35;1mSQL (0.4ms)[0m   [0m SELECT name
 FROM sqlite_master
 WHERE type = 'table' AND NOT name = 'sqlite_sequence'
[0m
  [4;36;1mSQL (0.4ms)[0m   [0;1m SELECT name
 FROM sqlite_master
 WHERE type = 'table' AND NOT name = 'sqlite_sequence'
[0m
  [4;35;1mSQL (0.4ms)[0m   [0m SELECT name
 FROM sqlite_master
 WHERE type = 'table' AND NOT name = 'sqlite_sequence'
[0m
  [4;36;1mSQL (0.4ms)[0m   [0;1m SELECT name
 FROM sqlite_master
 WHERE type = 'table' AND NOT name = 'sqlite_sequence'
[0m
  [4;36;1mSQL (0.2ms)[0m   [0;1mselect sqlite_version(*)[0m
  [4;35;1mSQL (0.1ms)[0m   [0m SELECT name
 FROM sqlite_master
 WHERE type = 'table' AND NOT name = 'sqlite_sequence'
[0m
  [4;36;1mSQL (0.2ms)[0m   [0;1mCREATE TABLE "users" ("id" INTEGER PRIMARY KEY AUTOINCREMENT NOT NULL, "manager_id" integer, "name" varchar(255)) [0m
  [4;35;1mSQL (0.1ms)[0m   [0m SELECT name
 FROM sqlite_master
 WHERE type = 'table' AND NOT name = 'sqlite_sequence'
[0m
  [4;36;1mSQL (0.1ms)[0m   [0;1mCREATE TABLE "avatars" ("id" INTEGER PRIMARY KEY AUTOINCREMENT NOT NULL, "user_id" integer, "name" varchar(255)) [0m
  [4;35;1mSQL (0.2ms)[0m   [0m SELECT name
 FROM sqlite_master
 WHERE type = 'table' AND NOT name = 'sqlite_sequence'
[0m
  [4;36;1mSQL (0.1ms)[0m   [0;1mCREATE TABLE "managers" ("id" INTEGER PRIMARY KEY AUTOINCREMENT NOT NULL, "name" varchar(255)) [0m
  [4;35;1mSQL (0.2ms)[0m   [0m SELECT name
 FROM sqlite_master
 WHERE type = 'table' AND NOT name = 'sqlite_sequence'
[0m
  [4;36;1mSQL (0.1ms)[0m   [0;1mCREATE TABLE "tasks" ("id" INTEGER PRIMARY KEY AUTOINCREMENT NOT NULL, "user_id" integer, "name" varchar(255)) [0m
  [4;35;1mSQL (0.2ms)[0m   [0m SELECT name
 FROM sqlite_master
 WHERE type = 'table' AND NOT name = 'sqlite_sequence'
[0m
  [4;36;1mSQL (0.1ms)[0m   [0;1mCREATE TABLE "tags" ("id" INTEGER PRIMARY KEY AUTOINCREMENT NOT NULL, "user_id" integer, "name" varchar(255)) [0m
  [4;35;1mSQL (0.3ms)[0m   [0m SELECT name
 FROM sqlite_master
 WHERE type = 'table' AND NOT name = 'sqlite_sequence'
[0m
  [4;36;1mSQL (0.1ms)[0m   [0;1mCREATE TABLE "groups" ("id" INTEGER PRIMARY KEY AUTOINCREMENT NOT NULL, "user_id" integer, "name" varchar(255)) [0m
  [4;35;1mSQL (0.3ms)[0m   [0m SELECT name
 FROM sqlite_master
 WHERE type = 'table' AND NOT name = 'sqlite_sequence'
[0m
  [4;36;1mSQL (0.1ms)[0m   [0;1mCREATE TABLE "groups_users" ("group_id" integer, "user_id" integer) [0m
  [4;35;1mSQL (0.3ms)[0m   [0m SELECT name
 FROM sqlite_master
 WHERE type = 'table' AND NOT name = 'sqlite_sequence'
[0m
  [4;36;1mSQL (0.1ms)[0m   [0;1mCREATE TABLE "schema_migrations" ("version" varchar(255) NOT NULL) [0m
  [4;35;1mSQL (0.1ms)[0m   [0mCREATE UNIQUE INDEX "unique_schema_migrations" ON "schema_migrations" ("version")[0m
  [4;36;1mSQL (0.4ms)[0m   [0;1m SELECT name
 FROM sqlite_master
 WHERE type = 'table' AND NOT name = 'sqlite_sequence'
[0m
  [4;35;1mSQL (0.1ms)[0m   [0mSELECT version FROM "schema_migrations"[0m
  [4;36;1mSQL (0.1ms)[0m   [0;1mINSERT INTO "schema_migrations" (version) VALUES ('1')[0m
Unable to load group, underlying cause no such file to load -- group.rb 

 /usr/lib/ruby/gems/1.8/gems/activesupport-2.2.2/lib/active_support/dependencies.rb:382:in `load_without_new_constant_marking'
/usr/lib/ruby/gems/1.8/gems/activesupport-2.2.2/lib/active_support/dependencies.rb:382:in `load_file'
/usr/lib/ruby/gems/1.8/gems/activesupport-2.2.2/lib/active_support/dependencies.rb:521:in `new_constants_in'
/usr/lib/ruby/gems/1.8/gems/activesupport-2.2.2/lib/active_support/dependencies.rb:381:in `load_file'
/usr/lib/ruby/gems/1.8/gems/activesupport-2.2.2/lib/active_support/dependencies.rb:256:in `require_or_load'
/usr/lib/ruby/gems/1.8/gems/activesupport-2.2.2/lib/active_support/dependencies.rb:221:in `depend_on'
/usr/lib/ruby/gems/1.8/gems/activesupport-2.2.2/lib/active_support/dependencies.rb:133:in `require_dependency'
/usr/lib/ruby/gems/1.8/gems/activerecord-2.2.2/lib/active_record/fixtures.rb:856:in `try_to_load_dependency'
/usr/lib/ruby/gems/1.8/gems/activerecord-2.2.2/lib/active_record/fixtures.rb:871:in `require_fixture_classes'
/usr/lib/ruby/gems/1.8/gems/activerecord-2.2.2/lib/active_record/fixtures.rb:868:in `each'
/usr/lib/ruby/gems/1.8/gems/activerecord-2.2.2/lib/active_record/fixtures.rb:868:in `require_fixture_classes'
/usr/lib/ruby/gems/1.8/gems/activerecord-2.2.2/lib/active_record/fixtures.rb:851:in `fixtures'
./test/unit/../test_helper.rb:35
test/unit/nested_assignment_test.rb:1:in `require'
test/unit/nested_assignment_test.rb:1
Unable to load manager, underlying cause no such file to load -- manager.rb 

 /usr/lib/ruby/gems/1.8/gems/activesupport-2.2.2/lib/active_support/dependencies.rb:382:in `load_without_new_constant_marking'
/usr/lib/ruby/gems/1.8/gems/activesupport-2.2.2/lib/active_support/dependencies.rb:382:in `load_file'
/usr/lib/ruby/gems/1.8/gems/activesupport-2.2.2/lib/active_support/dependencies.rb:521:in `new_constants_in'
/usr/lib/ruby/gems/1.8/gems/activesupport-2.2.2/lib/active_support/dependencies.rb:381:in `load_file'
/usr/lib/ruby/gems/1.8/gems/activesupport-2.2.2/lib/active_support/dependencies.rb:256:in `require_or_load'
/usr/lib/ruby/gems/1.8/gems/activesupport-2.2.2/lib/active_support/dependencies.rb:221:in `depend_on'
/usr/lib/ruby/gems/1.8/gems/activesupport-2.2.2/lib/active_support/dependencies.rb:133:in `require_dependency'
/usr/lib/ruby/gems/1.8/gems/activerecord-2.2.2/lib/active_record/fixtures.rb:856:in `try_to_load_dependency'
/usr/lib/ruby/gems/1.8/gems/activerecord-2.2.2/lib/active_record/fixtures.rb:871:in `require_fixture_classes'
/usr/lib/ruby/gems/1.8/gems/activerecord-2.2.2/lib/active_record/fixtures.rb:868:in `each'
/usr/lib/ruby/gems/1.8/gems/activerecord-2.2.2/lib/active_record/fixtures.rb:868:in `require_fixture_classes'
/usr/lib/ruby/gems/1.8/gems/activerecord-2.2.2/lib/active_record/fixtures.rb:851:in `fixtures'
./test/unit/../test_helper.rb:35
test/unit/nested_assignment_test.rb:1:in `require'
test/unit/nested_assignment_test.rb:1
Unable to load avatar, underlying cause no such file to load -- avatar.rb 

 /usr/lib/ruby/gems/1.8/gems/activesupport-2.2.2/lib/active_support/dependencies.rb:382:in `load_without_new_constant_marking'
/usr/lib/ruby/gems/1.8/gems/activesupport-2.2.2/lib/active_support/dependencies.rb:382:in `load_file'
/usr/lib/ruby/gems/1.8/gems/activesupport-2.2.2/lib/active_support/dependencies.rb:521:in `new_constants_in'
/usr/lib/ruby/gems/1.8/gems/activesupport-2.2.2/lib/active_support/dependencies.rb:381:in `load_file'
/usr/lib/ruby/gems/1.8/gems/activesupport-2.2.2/lib/active_support/dependencies.rb:256:in `require_or_load'
/usr/lib/ruby/gems/1.8/gems/activesupport-2.2.2/lib/active_support/dependencies.rb:221:in `depend_on'
/usr/lib/ruby/gems/1.8/gems/activesupport-2.2.2/lib/active_support/dependencies.rb:133:in `require_dependency'
/usr/lib/ruby/gems/1.8/gems/activerecord-2.2.2/lib/active_record/fixtures.rb:856:in `try_to_load_dependency'
/usr/lib/ruby/gems/1.8/gems/activerecord-2.2.2/lib/active_record/fixtures.rb:871:in `require_fixture_classes'
/usr/lib/ruby/gems/1.8/gems/activerecord-2.2.2/lib/active_record/fixtures.rb:868:in `each'
/usr/lib/ruby/gems/1.8/gems/activerecord-2.2.2/lib/active_record/fixtures.rb:868:in `require_fixture_classes'
/usr/lib/ruby/gems/1.8/gems/activerecord-2.2.2/lib/active_record/fixtures.rb:851:in `fixtures'
./test/unit/../test_helper.rb:35
test/unit/nested_assignment_test.rb:1:in `require'
test/unit/nested_assignment_test.rb:1
Unable to load tag, underlying cause no such file to load -- tag.rb 

 /usr/lib/ruby/gems/1.8/gems/activesupport-2.2.2/lib/active_support/dependencies.rb:382:in `load_without_new_constant_marking'
/usr/lib/ruby/gems/1.8/gems/activesupport-2.2.2/lib/active_support/dependencies.rb:382:in `load_file'
/usr/lib/ruby/gems/1.8/gems/activesupport-2.2.2/lib/active_support/dependencies.rb:521:in `new_constants_in'
/usr/lib/ruby/gems/1.8/gems/activesupport-2.2.2/lib/active_support/dependencies.rb:381:in `load_file'
/usr/lib/ruby/gems/1.8/gems/activesupport-2.2.2/lib/active_support/dependencies.rb:256:in `require_or_load'
/usr/lib/ruby/gems/1.8/gems/activesupport-2.2.2/lib/active_support/dependencies.rb:221:in `depend_on'
/usr/lib/ruby/gems/1.8/gems/activesupport-2.2.2/lib/active_support/dependencies.rb:133:in `require_dependency'
/usr/lib/ruby/gems/1.8/gems/activerecord-2.2.2/lib/active_record/fixtures.rb:856:in `try_to_load_dependency'
/usr/lib/ruby/gems/1.8/gems/activerecord-2.2.2/lib/active_record/fixtures.rb:871:in `require_fixture_classes'
/usr/lib/ruby/gems/1.8/gems/activerecord-2.2.2/lib/active_record/fixtures.rb:868:in `each'
/usr/lib/ruby/gems/1.8/gems/activerecord-2.2.2/lib/active_record/fixtures.rb:868:in `require_fixture_classes'
/usr/lib/ruby/gems/1.8/gems/activerecord-2.2.2/lib/active_record/fixtures.rb:851:in `fixtures'
./test/unit/../test_helper.rb:35
test/unit/nested_assignment_test.rb:1:in `require'
test/unit/nested_assignment_test.rb:1
Unable to load user, underlying cause no such file to load -- user.rb 

 /usr/lib/ruby/gems/1.8/gems/activesupport-2.2.2/lib/active_support/dependencies.rb:382:in `load_without_new_constant_marking'
/usr/lib/ruby/gems/1.8/gems/activesupport-2.2.2/lib/active_support/dependencies.rb:382:in `load_file'
/usr/lib/ruby/gems/1.8/gems/activesupport-2.2.2/lib/active_support/dependencies.rb:521:in `new_constants_in'
/usr/lib/ruby/gems/1.8/gems/activesupport-2.2.2/lib/active_support/dependencies.rb:381:in `load_file'
/usr/lib/ruby/gems/1.8/gems/activesupport-2.2.2/lib/active_support/dependencies.rb:256:in `require_or_load'
/usr/lib/ruby/gems/1.8/gems/activesupport-2.2.2/lib/active_support/dependencies.rb:221:in `depend_on'
/usr/lib/ruby/gems/1.8/gems/activesupport-2.2.2/lib/active_support/dependencies.rb:133:in `require_dependency'
/usr/lib/ruby/gems/1.8/gems/activerecord-2.2.2/lib/active_record/fixtures.rb:856:in `try_to_load_dependency'
/usr/lib/ruby/gems/1.8/gems/activerecord-2.2.2/lib/active_record/fixtures.rb:871:in `require_fixture_classes'
/usr/lib/ruby/gems/1.8/gems/activerecord-2.2.2/lib/active_record/fixtures.rb:868:in `each'
/usr/lib/ruby/gems/1.8/gems/activerecord-2.2.2/lib/active_record/fixtures.rb:868:in `require_fixture_classes'
/usr/lib/ruby/gems/1.8/gems/activerecord-2.2.2/lib/active_record/fixtures.rb:851:in `fixtures'
./test/unit/../test_helper.rb:35
test/unit/nested_assignment_test.rb:1:in `require'
test/unit/nested_assignment_test.rb:1
Unable to load task, underlying cause no such file to load -- task.rb 

 /usr/lib/ruby/gems/1.8/gems/activesupport-2.2.2/lib/active_support/dependencies.rb:382:in `load_without_new_constant_marking'
/usr/lib/ruby/gems/1.8/gems/activesupport-2.2.2/lib/active_support/dependencies.rb:382:in `load_file'
/usr/lib/ruby/gems/1.8/gems/activesupport-2.2.2/lib/active_support/dependencies.rb:521:in `new_constants_in'
/usr/lib/ruby/gems/1.8/gems/activesupport-2.2.2/lib/active_support/dependencies.rb:381:in `load_file'
/usr/lib/ruby/gems/1.8/gems/activesupport-2.2.2/lib/active_support/dependencies.rb:256:in `require_or_load'
/usr/lib/ruby/gems/1.8/gems/activesupport-2.2.2/lib/active_support/dependencies.rb:221:in `depend_on'
/usr/lib/ruby/gems/1.8/gems/activesupport-2.2.2/lib/active_support/dependencies.rb:133:in `require_dependency'
/usr/lib/ruby/gems/1.8/gems/activerecord-2.2.2/lib/active_record/fixtures.rb:856:in `try_to_load_dependency'
/usr/lib/ruby/gems/1.8/gems/activerecord-2.2.2/lib/active_record/fixtures.rb:871:in `require_fixture_classes'
/usr/lib/ruby/gems/1.8/gems/activerecord-2.2.2/lib/active_record/fixtures.rb:868:in `each'
/usr/lib/ruby/gems/1.8/gems/activerecord-2.2.2/lib/active_record/fixtures.rb:868:in `require_fixture_classes'
/usr/lib/ruby/gems/1.8/gems/activerecord-2.2.2/lib/active_record/fixtures.rb:851:in `fixtures'
./test/unit/../test_helper.rb:35
test/unit/nested_assignment_test.rb:1:in `require'
test/unit/nested_assignment_test.rb:1
Unable to load groups_user, underlying cause no such file to load -- groups_user.rb 

 /usr/lib/ruby/gems/1.8/gems/activesupport-2.2.2/lib/active_support/dependencies.rb:382:in `load_without_new_constant_marking'
/usr/lib/ruby/gems/1.8/gems/activesupport-2.2.2/lib/active_support/dependencies.rb:382:in `load_file'
/usr/lib/ruby/gems/1.8/gems/activesupport-2.2.2/lib/active_support/dependencies.rb:521:in `new_constants_in'
/usr/lib/ruby/gems/1.8/gems/activesupport-2.2.2/lib/active_support/dependencies.rb:381:in `load_file'
/usr/lib/ruby/gems/1.8/gems/activesupport-2.2.2/lib/active_support/dependencies.rb:256:in `require_or_load'
/usr/lib/ruby/gems/1.8/gems/activesupport-2.2.2/lib/active_support/dependencies.rb:221:in `depend_on'
/usr/lib/ruby/gems/1.8/gems/activesupport-2.2.2/lib/active_support/dependencies.rb:133:in `require_dependency'
/usr/lib/ruby/gems/1.8/gems/activerecord-2.2.2/lib/active_record/fixtures.rb:856:in `try_to_load_dependency'
/usr/lib/ruby/gems/1.8/gems/activerecord-2.2.2/lib/active_record/fixtures.rb:871:in `require_fixture_classes'
/usr/lib/ruby/gems/1.8/gems/activerecord-2.2.2/lib/active_record/fixtures.rb:868:in `each'
/usr/lib/ruby/gems/1.8/gems/activerecord-2.2.2/lib/active_record/fixtures.rb:868:in `require_fixture_classes'
/usr/lib/ruby/gems/1.8/gems/activerecord-2.2.2/lib/active_record/fixtures.rb:851:in `fixtures'
./test/unit/../test_helper.rb:35
test/unit/nested_assignment_test.rb:1:in `require'
test/unit/nested_assignment_test.rb:1
  [4;35;1mPluginTestModels::User Load (0.1ms)[0m   [0mSELECT * FROM "users" WHERE ("users"."id" = 1) [0m
  [4;36;1mPluginTestModels::Manager Load (0.1ms)[0m   [0;1mSELECT * FROM "managers" WHERE ("managers"."id" = 1) [0m
  [4;35;1mPluginTestModels::User Load (0.1ms)[0m   [0mSELECT * FROM "users" WHERE ("users"."id" = 1) [0m
  [4;36;1mPluginTestModels::Manager Load (0.1ms)[0m   [0;1mSELECT * FROM "managers" WHERE ("managers"."id" = 1) [0m
  [4;35;1mPluginTestModels::User Load (0.1ms)[0m   [0mSELECT * FROM "users" WHERE ("users"."id" = 1) [0m
  [4;36;1mPluginTestModels::Manager Load (0.1ms)[0m   [0;1mSELECT * FROM "managers" WHERE ("managers"."id" = 1) [0m
  [4;35;1mPluginTestModels::User Load (0.1ms)[0m   [0mSELECT * FROM "users" WHERE ("users"."id" = 1) [0m
  [4;36;1mPluginTestModels::User Load (0.1ms)[0m   [0;1mSELECT * FROM "users" WHERE ("users"."id" = 1) [0m
  [4;35;1mPluginTestModels::User Load (0.1ms)[0m   [0mSELECT * FROM "users" WHERE ("users"."id" = 1) [0m
  [4;36;1mPluginTestModels::User Load (0.1ms)[0m   [0;1mSELECT * FROM "users" WHERE ("users"."id" = 1) [0m
  [4;35;1mPluginTestModels::User Load (0.1ms)[0m   [0mSELECT * FROM "users" WHERE ("users"."id" = 1) [0m
  [4;36;1mPluginTestModels::User Load (0.1ms)[0m   [0;1mSELECT * FROM "users" WHERE ("users"."id" = 1) [0m
  [4;35;1mPluginTestModels::User Load (0.1ms)[0m   [0mSELECT * FROM "users" WHERE ("users"."id" = 1) [0m
  [4;36;1mPluginTestModels::User Load (0.1ms)[0m   [0;1mSELECT * FROM "users" WHERE ("users"."id" = 1) [0m
  [4;35;1mPluginTestModels::User Load (0.1ms)[0m   [0mSELECT * FROM "users" WHERE ("users"."id" = 1) [0m
  [4;36;1mPluginTestModels::Avatar Load (0.1ms)[0m   [0;1mSELECT * FROM "avatars" WHERE ("avatars"."id" = 1) [0m
  [4;35;1mPluginTestModels::Avatar Load (0.1ms)[0m   [0mSELECT * FROM "avatars" WHERE ("avatars".user_id = 1) LIMIT 1[0m
  [4;36;1mPluginTestModels::Avatar Load (0.1ms)[0m   [0;1mSELECT * FROM "avatars" WHERE ("avatars"."id" = 1) [0m
  [4;35;1mPluginTestModels::User Load (0.1ms)[0m   [0mSELECT * FROM "users" WHERE ("users"."id" = 1) [0m
  [4;36;1mPluginTestModels::Avatar Load (0.1ms)[0m   [0;1mSELECT * FROM "avatars" WHERE ("avatars"."id" = 1) [0m
  [4;35;1mPluginTestModels::Avatar Load (0.1ms)[0m   [0mSELECT * FROM "avatars" WHERE ("avatars".user_id = 1) LIMIT 1[0m
  [4;36;1mPluginTestModels::Avatar Update (0.1ms)[0m   [0;1mUPDATE "avatars" SET "user_id" = NULL WHERE "id" = 1[0m
  [4;35;1mPluginTestModels::Avatar Load (0.1ms)[0m   [0mSELECT * FROM "avatars" WHERE ("avatars"."id" = 1) [0m
  [4;36;1mPluginTestModels::User Load (0.2ms)[0m   [0;1mSELECT * FROM "users" WHERE ("users"."id" = 1) [0m
  [4;35;1mPluginTestModels::Avatar Load (0.1ms)[0m   [0mSELECT * FROM "avatars" WHERE ("avatars"."id" = 1) [0m
  [4;36;1mPluginTestModels::Avatar Load (0.1ms)[0m   [0;1mSELECT * FROM "avatars" WHERE ("avatars".user_id = 1) LIMIT 1[0m
WARNING: Can't mass-assign these protected attributes: id
  [4;35;1mPluginTestModels::Avatar Load (0.1ms)[0m   [0mSELECT * FROM "avatars" WHERE ("avatars"."id" = 1) [0m
  [4;36;1mSQL (0.4ms)[0m   [0;1m SELECT name
 FROM sqlite_master
 WHERE type = 'table' AND NOT name = 'sqlite_sequence'
[0m
  [4;35;1mSQL (0.4ms)[0m   [0m SELECT name
 FROM sqlite_master
 WHERE type = 'table' AND NOT name = 'sqlite_sequence'
[0m
  [4;36;1mSQL (0.4ms)[0m   [0;1m SELECT name
 FROM sqlite_master
 WHERE type = 'table' AND NOT name = 'sqlite_sequence'
[0m
  [4;35;1mSQL (0.4ms)[0m   [0m SELECT name
 FROM sqlite_master
 WHERE type = 'table' AND NOT name = 'sqlite_sequence'
[0m
  [4;36;1mSQL (0.4ms)[0m   [0;1m SELECT name
 FROM sqlite_master
 WHERE type = 'table' AND NOT name = 'sqlite_sequence'
[0m
  [4;35;1mSQL (0.4ms)[0m   [0m SELECT name
 FROM sqlite_master
 WHERE type = 'table' AND NOT name = 'sqlite_sequence'
[0m
  [4;36;1mSQL (0.4ms)[0m   [0;1m SELECT name
 FROM sqlite_master
 WHERE type = 'table' AND NOT name = 'sqlite_sequence'
[0m
  [4;35;1mSQL (0.4ms)[0m   [0m SELECT name
 FROM sqlite_master
 WHERE type = 'table' AND NOT name = 'sqlite_sequence'
[0m
  [4;36;1mSQL (0.4ms)[0m   [0;1m SELECT name
 FROM sqlite_master
 WHERE type = 'table' AND NOT name = 'sqlite_sequence'
[0m
  [4;35;1mSQL (0.4ms)[0m   [0m SELECT name
 FROM sqlite_master
 WHERE type = 'table' AND NOT name = 'sqlite_sequence'
[0m
  [4;36;1mSQL (0.4ms)[0m   [0;1m SELECT name
 FROM sqlite_master
 WHERE type = 'table' AND NOT name = 'sqlite_sequence'
[0m
  [4;35;1mSQL (0.4ms)[0m   [0m SELECT name
 FROM sqlite_master
 WHERE type = 'table' AND NOT name = 'sqlite_sequence'
[0m
  [4;36;1mSQL (0.4ms)[0m   [0;1m SELECT name
 FROM sqlite_master
 WHERE type = 'table' AND NOT name = 'sqlite_sequence'
[0m
  [4;35;1mSQL (0.4ms)[0m   [0m SELECT name
 FROM sqlite_master
 WHERE type = 'table' AND NOT name = 'sqlite_sequence'
[0m
  [4;36;1mSQL (0.4ms)[0m   [0;1m SELECT name
 FROM sqlite_master
 WHERE type = 'table' AND NOT name = 'sqlite_sequence'
[0m
  [4;35;1mSQL (0.4ms)[0m   [0m SELECT name
 FROM sqlite_master
 WHERE type = 'table' AND NOT name = 'sqlite_sequence'
[0m
  [4;36;1mSQL (0.4ms)[0m   [0;1m SELECT name
 FROM sqlite_master
 WHERE type = 'table' AND NOT name = 'sqlite_sequence'
[0m
  [4;35;1mSQL (0.4ms)[0m   [0m SELECT name
 FROM sqlite_master
 WHERE type = 'table' AND NOT name = 'sqlite_sequence'
[0m
  [4;36;1mSQL (0.4ms)[0m   [0;1m SELECT name
 FROM sqlite_master
 WHERE type = 'table' AND NOT name = 'sqlite_sequence'
[0m
  [4;35;1mSQL (0.4ms)[0m   [0m SELECT name
 FROM sqlite_master
 WHERE type = 'table' AND NOT name = 'sqlite_sequence'
[0m
  [4;36;1mSQL (0.4ms)[0m   [0;1m SELECT name
 FROM sqlite_master
 WHERE type = 'table' AND NOT name = 'sqlite_sequence'
[0m
  [4;35;1mSQL (0.4ms)[0m   [0m SELECT name
 FROM sqlite_master
 WHERE type = 'table' AND NOT name = 'sqlite_sequence'
[0m
  [4;36;1mSQL (0.4ms)[0m   [0;1m SELECT name
 FROM sqlite_master
 WHERE type = 'table' AND NOT name = 'sqlite_sequence'
[0m
  [4;35;1mSQL (0.4ms)[0m   [0m SELECT name
 FROM sqlite_master
 WHERE type = 'table' AND NOT name = 'sqlite_sequence'
[0m
  [4;36;1mSQL (0.4ms)[0m   [0;1m SELECT name
 FROM sqlite_master
 WHERE type = 'table' AND NOT name = 'sqlite_sequence'
[0m
  [4;35;1mSQL (0.4ms)[0m   [0m SELECT name
 FROM sqlite_master
 WHERE type = 'table' AND NOT name = 'sqlite_sequence'
[0m
  [4;36;1mSQL (0.4ms)[0m   [0;1m SELECT name
 FROM sqlite_master
 WHERE type = 'table' AND NOT name = 'sqlite_sequence'
[0m
  [4;35;1mSQL (0.4ms)[0m   [0m SELECT name
 FROM sqlite_master
 WHERE type = 'table' AND NOT name = 'sqlite_sequence'
[0m
  [4;36;1mSQL (0.4ms)[0m   [0;1m SELECT name
 FROM sqlite_master
 WHERE type = 'table' AND NOT name = 'sqlite_sequence'
[0m
  [4;35;1mSQL (0.4ms)[0m   [0m SELECT name
 FROM sqlite_master
 WHERE type = 'table' AND NOT name = 'sqlite_sequence'
[0m
  [4;36;1mSQL (0.4ms)[0m   [0;1m SELECT name
 FROM sqlite_master
 WHERE type = 'table' AND NOT name = 'sqlite_sequence'
[0m
  [4;35;1mSQL (0.4ms)[0m   [0m SELECT name
 FROM sqlite_master
 WHERE type = 'table' AND NOT name = 'sqlite_sequence'
[0m
  [4;36;1mSQL (0.4ms)[0m   [0;1m SELECT name
 FROM sqlite_master
 WHERE type = 'table' AND NOT name = 'sqlite_sequence'
[0m
  [4;35;1mSQL (0.4ms)[0m   [0m SELECT name
 FROM sqlite_master
 WHERE type = 'table' AND NOT name = 'sqlite_sequence'
[0m
  [4;36;1mSQL (0.4ms)[0m   [0;1m SELECT name
 FROM sqlite_master
 WHERE type = 'table' AND NOT name = 'sqlite_sequence'
[0m
  [4;35;1mSQL (0.4ms)[0m   [0m SELECT name
 FROM sqlite_master
 WHERE type = 'table' AND NOT name = 'sqlite_sequence'
[0m
  [4;36;1mSQL (0.4ms)[0m   [0;1m SELECT name
 FROM sqlite_master
 WHERE type = 'table' AND NOT name = 'sqlite_sequence'
[0m
  [4;35;1mSQL (0.4ms)[0m   [0m SELECT name
 FROM sqlite_master
 WHERE type = 'table' AND NOT name = 'sqlite_sequence'
[0m
  [4;36;1mSQL (0.4ms)[0m   [0;1m SELECT name
 FROM sqlite_master
 WHERE type = 'table' AND NOT name = 'sqlite_sequence'
[0m
  [4;35;1mSQL (0.4ms)[0m   [0m SELECT name
 FROM sqlite_master
 WHERE type = 'table' AND NOT name = 'sqlite_sequence'
[0m
  [4;36;1mSQL (0.4ms)[0m   [0;1m SELECT name
 FROM sqlite_master
 WHERE type = 'table' AND NOT name = 'sqlite_sequence'
[0m
  [4;35;1mSQL (0.4ms)[0m   [0m SELECT name
 FROM sqlite_master
 WHERE type = 'table' AND NOT name = 'sqlite_sequence'
[0m
  [4;36;1mSQL (0.4ms)[0m   [0;1m SELECT name
 FROM sqlite_master
 WHERE type = 'table' AND NOT name = 'sqlite_sequence'
[0m
  [4;35;1mSQL (0.4ms)[0m   [0m SELECT name
 FROM sqlite_master
 WHERE type = 'table' AND NOT name = 'sqlite_sequence'
[0m
  [4;36;1mSQL (0.4ms)[0m   [0;1m SELECT name
 FROM sqlite_master
 WHERE type = 'table' AND NOT name = 'sqlite_sequence'
[0m
  [4;35;1mSQL (0.4ms)[0m   [0m SELECT name
 FROM sqlite_master
 WHERE type = 'table' AND NOT name = 'sqlite_sequence'
[0m
  [4;36;1mSQL (0.4ms)[0m   [0;1m SELECT name
 FROM sqlite_master
 WHERE type = 'table' AND NOT name = 'sqlite_sequence'
[0m
  [4;35;1mSQL (0.4ms)[0m   [0m SELECT name
 FROM sqlite_master
 WHERE type = 'table' AND NOT name = 'sqlite_sequence'
[0m
  [4;36;1mSQL (0.4ms)[0m   [0;1m SELECT name
 FROM sqlite_master
 WHERE type = 'table' AND NOT name = 'sqlite_sequence'
[0m
  [4;35;1mSQL (0.4ms)[0m   [0m SELECT name
 FROM sqlite_master
 WHERE type = 'table' AND NOT name = 'sqlite_sequence'
[0m
  [4;36;1mSQL (0.4ms)[0m   [0;1m SELECT name
 FROM sqlite_master
 WHERE type = 'table' AND NOT name = 'sqlite_sequence'
[0m
  [4;35;1mSQL (0.4ms)[0m   [0m SELECT name
 FROM sqlite_master
 WHERE type = 'table' AND NOT name = 'sqlite_sequence'
[0m
  [4;36;1mSQL (0.4ms)[0m   [0;1m SELECT name
 FROM sqlite_master
 WHERE type = 'table' AND NOT name = 'sqlite_sequence'
[0m
  [4;35;1mSQL (0.4ms)[0m   [0m SELECT name
 FROM sqlite_master
 WHERE type = 'table' AND NOT name = 'sqlite_sequence'
[0m
  [4;36;1mSQL (0.4ms)[0m   [0;1m SELECT name
 FROM sqlite_master
 WHERE type = 'table' AND NOT name = 'sqlite_sequence'
[0m
  [4;35;1mSQL (0.4ms)[0m   [0m SELECT name
 FROM sqlite_master
 WHERE type = 'table' AND NOT name = 'sqlite_sequence'
[0m
  [4;36;1mSQL (0.4ms)[0m   [0;1m SELECT name
 FROM sqlite_master
 WHERE type = 'table' AND NOT name = 'sqlite_sequence'
[0m
  [4;35;1mSQL (0.4ms)[0m   [0m SELECT name
 FROM sqlite_master
 WHERE type = 'table' AND NOT name = 'sqlite_sequence'
[0m
  [4;36;1mSQL (0.4ms)[0m   [0;1m SELECT name
 FROM sqlite_master
 WHERE type = 'table' AND NOT name = 'sqlite_sequence'
[0m
  [4;35;1mSQL (0.4ms)[0m   [0m SELECT name
 FROM sqlite_master
 WHERE type = 'table' AND NOT name = 'sqlite_sequence'
[0m
  [4;36;1mSQL (0.4ms)[0m   [0;1m SELECT name
 FROM sqlite_master
 WHERE type = 'table' AND NOT name = 'sqlite_sequence'
[0m
  [4;35;1mSQL (0.4ms)[0m   [0m SELECT name
 FROM sqlite_master
 WHERE type = 'table' AND NOT name = 'sqlite_sequence'
[0m
  [4;36;1mSQL (0.4ms)[0m   [0;1m SELECT name
 FROM sqlite_master
 WHERE type = 'table' AND NOT name = 'sqlite_sequence'
[0m
  [4;35;1mSQL (0.4ms)[0m   [0m SELECT name
 FROM sqlite_master
 WHERE type = 'table' AND NOT name = 'sqlite_sequence'
[0m
  [4;36;1mSQL (0.4ms)[0m   [0;1m SELECT name
 FROM sqlite_master
 WHERE type = 'table' AND NOT name = 'sqlite_sequence'
[0m
  [4;35;1mSQL (0.4ms)[0m   [0m SELECT name
 FROM sqlite_master
 WHERE type = 'table' AND NOT name = 'sqlite_sequence'
[0m
  [4;36;1mSQL (0.4ms)[0m   [0;1m SELECT name
 FROM sqlite_master
 WHERE type = 'table' AND NOT name = 'sqlite_sequence'
[0m
  [4;35;1mSQL (0.4ms)[0m   [0m SELECT name
 FROM sqlite_master
 WHERE type = 'table' AND NOT name = 'sqlite_sequence'
[0m
  [4;36;1mSQL (0.4ms)[0m   [0;1m SELECT name
 FROM sqlite_master
 WHERE type = 'table' AND NOT name = 'sqlite_sequence'
[0m
  [4;35;1mSQL (0.4ms)[0m   [0m SELECT name
 FROM sqlite_master
 WHERE type = 'table' AND NOT name = 'sqlite_sequence'
[0m
  [4;36;1mSQL (0.4ms)[0m   [0;1m SELECT name
 FROM sqlite_master
 WHERE type = 'table' AND NOT name = 'sqlite_sequence'
[0m
  [4;35;1mSQL (0.4ms)[0m   [0m SELECT name
 FROM sqlite_master
 WHERE type = 'table' AND NOT name = 'sqlite_sequence'
[0m
  [4;36;1mSQL (0.2ms)[0m   [0;1mselect sqlite_version(*)[0m
  [4;35;1mSQL (0.1ms)[0m   [0m SELECT name
 FROM sqlite_master
 WHERE type = 'table' AND NOT name = 'sqlite_sequence'
[0m
  [4;36;1mSQL (0.3ms)[0m   [0;1mCREATE TABLE "users" ("id" INTEGER PRIMARY KEY AUTOINCREMENT NOT NULL, "manager_id" integer, "name" varchar(255)) [0m
  [4;35;1mSQL (0.1ms)[0m   [0m SELECT name
 FROM sqlite_master
 WHERE type = 'table' AND NOT name = 'sqlite_sequence'
[0m
  [4;36;1mSQL (0.1ms)[0m   [0;1mCREATE TABLE "avatars" ("id" INTEGER PRIMARY KEY AUTOINCREMENT NOT NULL, "user_id" integer, "name" varchar(255)) [0m
  [4;35;1mSQL (0.2ms)[0m   [0m SELECT name
 FROM sqlite_master
 WHERE type = 'table' AND NOT name = 'sqlite_sequence'
[0m
  [4;36;1mSQL (0.1ms)[0m   [0;1mCREATE TABLE "managers" ("id" INTEGER PRIMARY KEY AUTOINCREMENT NOT NULL, "name" varchar(255)) [0m
  [4;35;1mSQL (0.2ms)[0m   [0m SELECT name
 FROM sqlite_master
 WHERE type = 'table' AND NOT name = 'sqlite_sequence'
[0m
  [4;36;1mSQL (0.1ms)[0m   [0;1mCREATE TABLE "tasks" ("id" INTEGER PRIMARY KEY AUTOINCREMENT NOT NULL, "user_id" integer, "name" varchar(255)) [0m
  [4;35;1mSQL (0.2ms)[0m   [0m SELECT name
 FROM sqlite_master
 WHERE type = 'table' AND NOT name = 'sqlite_sequence'
[0m
  [4;36;1mSQL (0.1ms)[0m   [0;1mCREATE TABLE "tags" ("id" INTEGER PRIMARY KEY AUTOINCREMENT NOT NULL, "user_id" integer, "name" varchar(255)) [0m
  [4;35;1mSQL (0.3ms)[0m   [0m SELECT name
 FROM sqlite_master
 WHERE type = 'table' AND NOT name = 'sqlite_sequence'
[0m
  [4;36;1mSQL (0.1ms)[0m   [0;1mCREATE TABLE "groups" ("id" INTEGER PRIMARY KEY AUTOINCREMENT NOT NULL, "user_id" integer, "name" varchar(255)) [0m
  [4;35;1mSQL (0.3ms)[0m   [0m SELECT name
 FROM sqlite_master
 WHERE type = 'table' AND NOT name = 'sqlite_sequence'
[0m
  [4;36;1mSQL (0.1ms)[0m   [0;1mCREATE TABLE "groups_users" ("group_id" integer, "user_id" integer) [0m
  [4;35;1mSQL (0.4ms)[0m   [0m SELECT name
 FROM sqlite_master
 WHERE type = 'table' AND NOT name = 'sqlite_sequence'
[0m
  [4;36;1mSQL (0.1ms)[0m   [0;1mCREATE TABLE "schema_migrations" ("version" varchar(255) NOT NULL) [0m
  [4;35;1mSQL (0.1ms)[0m   [0mCREATE UNIQUE INDEX "unique_schema_migrations" ON "schema_migrations" ("version")[0m
  [4;36;1mSQL (0.4ms)[0m   [0;1m SELECT name
 FROM sqlite_master
 WHERE type = 'table' AND NOT name = 'sqlite_sequence'
[0m
  [4;35;1mSQL (0.1ms)[0m   [0mSELECT version FROM "schema_migrations"[0m
  [4;36;1mSQL (0.1ms)[0m   [0;1mINSERT INTO "schema_migrations" (version) VALUES ('1')[0m
Unable to load group, underlying cause no such file to load -- group.rb 

 /usr/lib/ruby/gems/1.8/gems/activesupport-2.2.2/lib/active_support/dependencies.rb:382:in `load_without_new_constant_marking'
/usr/lib/ruby/gems/1.8/gems/activesupport-2.2.2/lib/active_support/dependencies.rb:382:in `load_file'
/usr/lib/ruby/gems/1.8/gems/activesupport-2.2.2/lib/active_support/dependencies.rb:521:in `new_constants_in'
/usr/lib/ruby/gems/1.8/gems/activesupport-2.2.2/lib/active_support/dependencies.rb:381:in `load_file'
/usr/lib/ruby/gems/1.8/gems/activesupport-2.2.2/lib/active_support/dependencies.rb:256:in `require_or_load'
/usr/lib/ruby/gems/1.8/gems/activesupport-2.2.2/lib/active_support/dependencies.rb:221:in `depend_on'
/usr/lib/ruby/gems/1.8/gems/activesupport-2.2.2/lib/active_support/dependencies.rb:133:in `require_dependency'
/usr/lib/ruby/gems/1.8/gems/activerecord-2.2.2/lib/active_record/fixtures.rb:856:in `try_to_load_dependency'
/usr/lib/ruby/gems/1.8/gems/activerecord-2.2.2/lib/active_record/fixtures.rb:871:in `require_fixture_classes'
/usr/lib/ruby/gems/1.8/gems/activerecord-2.2.2/lib/active_record/fixtures.rb:868:in `each'
/usr/lib/ruby/gems/1.8/gems/activerecord-2.2.2/lib/active_record/fixtures.rb:868:in `require_fixture_classes'
/usr/lib/ruby/gems/1.8/gems/activerecord-2.2.2/lib/active_record/fixtures.rb:851:in `fixtures'
./test/unit/../test_helper.rb:35
test/unit/nested_assignment_test.rb:1:in `require'
test/unit/nested_assignment_test.rb:1
Unable to load manager, underlying cause no such file to load -- manager.rb 

 /usr/lib/ruby/gems/1.8/gems/activesupport-2.2.2/lib/active_support/dependencies.rb:382:in `load_without_new_constant_marking'
/usr/lib/ruby/gems/1.8/gems/activesupport-2.2.2/lib/active_support/dependencies.rb:382:in `load_file'
/usr/lib/ruby/gems/1.8/gems/activesupport-2.2.2/lib/active_support/dependencies.rb:521:in `new_constants_in'
/usr/lib/ruby/gems/1.8/gems/activesupport-2.2.2/lib/active_support/dependencies.rb:381:in `load_file'
/usr/lib/ruby/gems/1.8/gems/activesupport-2.2.2/lib/active_support/dependencies.rb:256:in `require_or_load'
/usr/lib/ruby/gems/1.8/gems/activesupport-2.2.2/lib/active_support/dependencies.rb:221:in `depend_on'
/usr/lib/ruby/gems/1.8/gems/activesupport-2.2.2/lib/active_support/dependencies.rb:133:in `require_dependency'
/usr/lib/ruby/gems/1.8/gems/activerecord-2.2.2/lib/active_record/fixtures.rb:856:in `try_to_load_dependency'
/usr/lib/ruby/gems/1.8/gems/activerecord-2.2.2/lib/active_record/fixtures.rb:871:in `require_fixture_classes'
/usr/lib/ruby/gems/1.8/gems/activerecord-2.2.2/lib/active_record/fixtures.rb:868:in `each'
/usr/lib/ruby/gems/1.8/gems/activerecord-2.2.2/lib/active_record/fixtures.rb:868:in `require_fixture_classes'
/usr/lib/ruby/gems/1.8/gems/activerecord-2.2.2/lib/active_record/fixtures.rb:851:in `fixtures'
./test/unit/../test_helper.rb:35
test/unit/nested_assignment_test.rb:1:in `require'
test/unit/nested_assignment_test.rb:1
Unable to load avatar, underlying cause no such file to load -- avatar.rb 

 /usr/lib/ruby/gems/1.8/gems/activesupport-2.2.2/lib/active_support/dependencies.rb:382:in `load_without_new_constant_marking'
/usr/lib/ruby/gems/1.8/gems/activesupport-2.2.2/lib/active_support/dependencies.rb:382:in `load_file'
/usr/lib/ruby/gems/1.8/gems/activesupport-2.2.2/lib/active_support/dependencies.rb:521:in `new_constants_in'
/usr/lib/ruby/gems/1.8/gems/activesupport-2.2.2/lib/active_support/dependencies.rb:381:in `load_file'
/usr/lib/ruby/gems/1.8/gems/activesupport-2.2.2/lib/active_support/dependencies.rb:256:in `require_or_load'
/usr/lib/ruby/gems/1.8/gems/activesupport-2.2.2/lib/active_support/dependencies.rb:221:in `depend_on'
/usr/lib/ruby/gems/1.8/gems/activesupport-2.2.2/lib/active_support/dependencies.rb:133:in `require_dependency'
/usr/lib/ruby/gems/1.8/gems/activerecord-2.2.2/lib/active_record/fixtures.rb:856:in `try_to_load_dependency'
/usr/lib/ruby/gems/1.8/gems/activerecord-2.2.2/lib/active_record/fixtures.rb:871:in `require_fixture_classes'
/usr/lib/ruby/gems/1.8/gems/activerecord-2.2.2/lib/active_record/fixtures.rb:868:in `each'
/usr/lib/ruby/gems/1.8/gems/activerecord-2.2.2/lib/active_record/fixtures.rb:868:in `require_fixture_classes'
/usr/lib/ruby/gems/1.8/gems/activerecord-2.2.2/lib/active_record/fixtures.rb:851:in `fixtures'
./test/unit/../test_helper.rb:35
test/unit/nested_assignment_test.rb:1:in `require'
test/unit/nested_assignment_test.rb:1
Unable to load tag, underlying cause no such file to load -- tag.rb 

 /usr/lib/ruby/gems/1.8/gems/activesupport-2.2.2/lib/active_support/dependencies.rb:382:in `load_without_new_constant_marking'
/usr/lib/ruby/gems/1.8/gems/activesupport-2.2.2/lib/active_support/dependencies.rb:382:in `load_file'
/usr/lib/ruby/gems/1.8/gems/activesupport-2.2.2/lib/active_support/dependencies.rb:521:in `new_constants_in'
/usr/lib/ruby/gems/1.8/gems/activesupport-2.2.2/lib/active_support/dependencies.rb:381:in `load_file'
/usr/lib/ruby/gems/1.8/gems/activesupport-2.2.2/lib/active_support/dependencies.rb:256:in `require_or_load'
/usr/lib/ruby/gems/1.8/gems/activesupport-2.2.2/lib/active_support/dependencies.rb:221:in `depend_on'
/usr/lib/ruby/gems/1.8/gems/activesupport-2.2.2/lib/active_support/dependencies.rb:133:in `require_dependency'
/usr/lib/ruby/gems/1.8/gems/activerecord-2.2.2/lib/active_record/fixtures.rb:856:in `try_to_load_dependency'
/usr/lib/ruby/gems/1.8/gems/activerecord-2.2.2/lib/active_record/fixtures.rb:871:in `require_fixture_classes'
/usr/lib/ruby/gems/1.8/gems/activerecord-2.2.2/lib/active_record/fixtures.rb:868:in `each'
/usr/lib/ruby/gems/1.8/gems/activerecord-2.2.2/lib/active_record/fixtures.rb:868:in `require_fixture_classes'
/usr/lib/ruby/gems/1.8/gems/activerecord-2.2.2/lib/active_record/fixtures.rb:851:in `fixtures'
./test/unit/../test_helper.rb:35
test/unit/nested_assignment_test.rb:1:in `require'
test/unit/nested_assignment_test.rb:1
Unable to load user, underlying cause no such file to load -- user.rb 

 /usr/lib/ruby/gems/1.8/gems/activesupport-2.2.2/lib/active_support/dependencies.rb:382:in `load_without_new_constant_marking'
/usr/lib/ruby/gems/1.8/gems/activesupport-2.2.2/lib/active_support/dependencies.rb:382:in `load_file'
/usr/lib/ruby/gems/1.8/gems/activesupport-2.2.2/lib/active_support/dependencies.rb:521:in `new_constants_in'
/usr/lib/ruby/gems/1.8/gems/activesupport-2.2.2/lib/active_support/dependencies.rb:381:in `load_file'
/usr/lib/ruby/gems/1.8/gems/activesupport-2.2.2/lib/active_support/dependencies.rb:256:in `require_or_load'
/usr/lib/ruby/gems/1.8/gems/activesupport-2.2.2/lib/active_support/dependencies.rb:221:in `depend_on'
/usr/lib/ruby/gems/1.8/gems/activesupport-2.2.2/lib/active_support/dependencies.rb:133:in `require_dependency'
/usr/lib/ruby/gems/1.8/gems/activerecord-2.2.2/lib/active_record/fixtures.rb:856:in `try_to_load_dependency'
/usr/lib/ruby/gems/1.8/gems/activerecord-2.2.2/lib/active_record/fixtures.rb:871:in `require_fixture_classes'
/usr/lib/ruby/gems/1.8/gems/activerecord-2.2.2/lib/active_record/fixtures.rb:868:in `each'
/usr/lib/ruby/gems/1.8/gems/activerecord-2.2.2/lib/active_record/fixtures.rb:868:in `require_fixture_classes'
/usr/lib/ruby/gems/1.8/gems/activerecord-2.2.2/lib/active_record/fixtures.rb:851:in `fixtures'
./test/unit/../test_helper.rb:35
test/unit/nested_assignment_test.rb:1:in `require'
test/unit/nested_assignment_test.rb:1
Unable to load task, underlying cause no such file to load -- task.rb 

 /usr/lib/ruby/gems/1.8/gems/activesupport-2.2.2/lib/active_support/dependencies.rb:382:in `load_without_new_constant_marking'
/usr/lib/ruby/gems/1.8/gems/activesupport-2.2.2/lib/active_support/dependencies.rb:382:in `load_file'
/usr/lib/ruby/gems/1.8/gems/activesupport-2.2.2/lib/active_support/dependencies.rb:521:in `new_constants_in'
/usr/lib/ruby/gems/1.8/gems/activesupport-2.2.2/lib/active_support/dependencies.rb:381:in `load_file'
/usr/lib/ruby/gems/1.8/gems/activesupport-2.2.2/lib/active_support/dependencies.rb:256:in `require_or_load'
/usr/lib/ruby/gems/1.8/gems/activesupport-2.2.2/lib/active_support/dependencies.rb:221:in `depend_on'
/usr/lib/ruby/gems/1.8/gems/activesupport-2.2.2/lib/active_support/dependencies.rb:133:in `require_dependency'
/usr/lib/ruby/gems/1.8/gems/activerecord-2.2.2/lib/active_record/fixtures.rb:856:in `try_to_load_dependency'
/usr/lib/ruby/gems/1.8/gems/activerecord-2.2.2/lib/active_record/fixtures.rb:871:in `require_fixture_classes'
/usr/lib/ruby/gems/1.8/gems/activerecord-2.2.2/lib/active_record/fixtures.rb:868:in `each'
/usr/lib/ruby/gems/1.8/gems/activerecord-2.2.2/lib/active_record/fixtures.rb:868:in `require_fixture_classes'
/usr/lib/ruby/gems/1.8/gems/activerecord-2.2.2/lib/active_record/fixtures.rb:851:in `fixtures'
./test/unit/../test_helper.rb:35
test/unit/nested_assignment_test.rb:1:in `require'
test/unit/nested_assignment_test.rb:1
Unable to load groups_user, underlying cause no such file to load -- groups_user.rb 

 /usr/lib/ruby/gems/1.8/gems/activesupport-2.2.2/lib/active_support/dependencies.rb:382:in `load_without_new_constant_marking'
/usr/lib/ruby/gems/1.8/gems/activesupport-2.2.2/lib/active_support/dependencies.rb:382:in `load_file'
/usr/lib/ruby/gems/1.8/gems/activesupport-2.2.2/lib/active_support/dependencies.rb:521:in `new_constants_in'
/usr/lib/ruby/gems/1.8/gems/activesupport-2.2.2/lib/active_support/dependencies.rb:381:in `load_file'
/usr/lib/ruby/gems/1.8/gems/activesupport-2.2.2/lib/active_support/dependencies.rb:256:in `require_or_load'
/usr/lib/ruby/gems/1.8/gems/activesupport-2.2.2/lib/active_support/dependencies.rb:221:in `depend_on'
/usr/lib/ruby/gems/1.8/gems/activesupport-2.2.2/lib/active_support/dependencies.rb:133:in `require_dependency'
/usr/lib/ruby/gems/1.8/gems/activerecord-2.2.2/lib/active_record/fixtures.rb:856:in `try_to_load_dependency'
/usr/lib/ruby/gems/1.8/gems/activerecord-2.2.2/lib/active_record/fixtures.rb:871:in `require_fixture_classes'
/usr/lib/ruby/gems/1.8/gems/activerecord-2.2.2/lib/active_record/fixtures.rb:868:in `each'
/usr/lib/ruby/gems/1.8/gems/activerecord-2.2.2/lib/active_record/fixtures.rb:868:in `require_fixture_classes'
/usr/lib/ruby/gems/1.8/gems/activerecord-2.2.2/lib/active_record/fixtures.rb:851:in `fixtures'
./test/unit/../test_helper.rb:35
test/unit/nested_assignment_test.rb:1:in `require'
test/unit/nested_assignment_test.rb:1
  [4;35;1mPluginTestModels::User Load (0.1ms)[0m   [0mSELECT * FROM "users" WHERE ("users"."id" = 1) [0m
  [4;36;1mPluginTestModels::Manager Load (0.1ms)[0m   [0;1mSELECT * FROM "managers" WHERE ("managers"."id" = 1) [0m
  [4;35;1mPluginTestModels::Manager Load (0.1ms)[0m   [0mSELECT * FROM "managers" WHERE ("managers"."id" = 1) [0m
  [4;36;1mPluginTestModels::Manager Load (0.1ms)[0m   [0;1mSELECT * FROM "managers" WHERE ("managers"."id" = 1) [0m
  [4;35;1mPluginTestModels::User Load (0.1ms)[0m   [0mSELECT * FROM "users" WHERE ("users"."id" = 1) [0m
  [4;36;1mPluginTestModels::Manager Load (0.1ms)[0m   [0;1mSELECT * FROM "managers" WHERE ("managers"."id" = 1) [0m
  [4;35;1mPluginTestModels::Manager Load (0.1ms)[0m   [0mSELECT * FROM "managers" WHERE ("managers"."id" = 1) [0m
  [4;36;1mPluginTestModels::User Load (0.1ms)[0m   [0;1mSELECT * FROM "users" WHERE ("users"."id" = 1) [0m
  [4;35;1mPluginTestModels::Manager Load (0.1ms)[0m   [0mSELECT * FROM "managers" WHERE ("managers"."id" = 1) [0m
  [4;36;1mPluginTestModels::User Load (0.1ms)[0m   [0;1mSELECT * FROM "users" WHERE ("users"."id" = 1) [0m
  [4;35;1mPluginTestModels::Manager Load (0.1ms)[0m   [0mSELECT * FROM "managers" WHERE ("managers"."id" = 1) [0m
  [4;36;1mPluginTestModels::Manager Load (0.1ms)[0m   [0;1mSELECT * FROM "managers" WHERE ("managers"."id" = 1) [0m
WARNING: Can't mass-assign these protected attributes: id
  [4;35;1mPluginTestModels::Manager Load (0.1ms)[0m   [0mSELECT * FROM "managers" WHERE ("managers"."id" = 1) [0m
  [4;36;1mPluginTestModels::User Load (0.1ms)[0m   [0;1mSELECT * FROM "users" WHERE ("users"."id" = 1) [0m
  [4;35;1mPluginTestModels::User Load (0.1ms)[0m   [0mSELECT * FROM "users" WHERE ("users"."id" = 1) [0m
  [4;36;1mPluginTestModels::User Load (0.1ms)[0m   [0;1mSELECT * FROM "users" WHERE ("users"."id" = 1) [0m
  [4;35;1mPluginTestModels::User Load (0.1ms)[0m   [0mSELECT * FROM "users" WHERE ("users"."id" = 1) [0m
  [4;36;1mPluginTestModels::User Load (0.1ms)[0m   [0;1mSELECT * FROM "users" WHERE ("users"."id" = 1) [0m
  [4;35;1mPluginTestModels::User Load (0.1ms)[0m   [0mSELECT * FROM "users" WHERE ("users"."id" = 1) [0m
  [4;36;1mPluginTestModels::User Load (0.1ms)[0m   [0;1mSELECT * FROM "users" WHERE ("users"."id" = 1) [0m
  [4;35;1mPluginTestModels::User Load (0.1ms)[0m   [0mSELECT * FROM "users" WHERE ("users"."id" = 1) [0m
  [4;36;1mPluginTestModels::User Load (0.1ms)[0m   [0;1mSELECT * FROM "users" WHERE ("users"."id" = 1) [0m
  [4;35;1mPluginTestModels::Avatar Load (0.1ms)[0m   [0mSELECT * FROM "avatars" WHERE ("avatars"."id" = 1) [0m
  [4;36;1mPluginTestModels::Avatar Load (0.1ms)[0m   [0;1mSELECT * FROM "avatars" WHERE ("avatars".user_id = 1) LIMIT 1[0m
  [4;35;1mPluginTestModels::Avatar Load (0.2ms)[0m   [0mSELECT * FROM "avatars" WHERE ("avatars"."id" = 1) [0m
  [4;36;1mPluginTestModels::User Load (0.1ms)[0m   [0;1mSELECT * FROM "users" WHERE ("users"."id" = 1) [0m
  [4;35;1mPluginTestModels::Avatar Load (0.1ms)[0m   [0mSELECT * FROM "avatars" WHERE ("avatars"."id" = 1) [0m
  [4;36;1mPluginTestModels::Avatar Load (0.1ms)[0m   [0;1mSELECT * FROM "avatars" WHERE ("avatars".user_id = 1) LIMIT 1[0m
  [4;35;1mPluginTestModels::Avatar Update (0.1ms)[0m   [0mUPDATE "avatars" SET "user_id" = NULL WHERE "id" = 1[0m
  [4;36;1mPluginTestModels::Avatar Load (0.1ms)[0m   [0;1mSELECT * FROM "avatars" WHERE ("avatars"."id" = 1) [0m
  [4;35;1mPluginTestModels::User Load (0.2ms)[0m   [0mSELECT * FROM "users" WHERE ("users"."id" = 1) [0m
  [4;36;1mPluginTestModels::Avatar Load (0.1ms)[0m   [0;1mSELECT * FROM "avatars" WHERE ("avatars"."id" = 1) [0m
  [4;35;1mPluginTestModels::Avatar Load (0.1ms)[0m   [0mSELECT * FROM "avatars" WHERE ("avatars".user_id = 1) LIMIT 1[0m
WARNING: Can't mass-assign these protected attributes: id
  [4;36;1mPluginTestModels::Avatar Load (0.1ms)[0m   [0;1mSELECT * FROM "avatars" WHERE ("avatars"."id" = 1) [0m
  [4;35;1mSQL (0.4ms)[0m   [0m SELECT name
 FROM sqlite_master
 WHERE type = 'table' AND NOT name = 'sqlite_sequence'
[0m
  [4;36;1mSQL (0.4ms)[0m   [0;1m SELECT name
 FROM sqlite_master
 WHERE type = 'table' AND NOT name = 'sqlite_sequence'
[0m
  [4;35;1mSQL (0.4ms)[0m   [0m SELECT name
 FROM sqlite_master
 WHERE type = 'table' AND NOT name = 'sqlite_sequence'
[0m
  [4;36;1mSQL (0.4ms)[0m   [0;1m SELECT name
 FROM sqlite_master
 WHERE type = 'table' AND NOT name = 'sqlite_sequence'
[0m
  [4;35;1mSQL (0.4ms)[0m   [0m SELECT name
 FROM sqlite_master
 WHERE type = 'table' AND NOT name = 'sqlite_sequence'
[0m
  [4;36;1mSQL (0.4ms)[0m   [0;1m SELECT name
 FROM sqlite_master
 WHERE type = 'table' AND NOT name = 'sqlite_sequence'
[0m
  [4;35;1mSQL (0.4ms)[0m   [0m SELECT name
 FROM sqlite_master
 WHERE type = 'table' AND NOT name = 'sqlite_sequence'
[0m
  [4;36;1mSQL (0.4ms)[0m   [0;1m SELECT name
 FROM sqlite_master
 WHERE type = 'table' AND NOT name = 'sqlite_sequence'
[0m
  [4;35;1mSQL (0.4ms)[0m   [0m SELECT name
 FROM sqlite_master
 WHERE type = 'table' AND NOT name = 'sqlite_sequence'
[0m
  [4;36;1mSQL (0.4ms)[0m   [0;1m SELECT name
 FROM sqlite_master
 WHERE type = 'table' AND NOT name = 'sqlite_sequence'
[0m
  [4;35;1mSQL (0.4ms)[0m   [0m SELECT name
 FROM sqlite_master
 WHERE type = 'table' AND NOT name = 'sqlite_sequence'
[0m
  [4;36;1mSQL (0.4ms)[0m   [0;1m SELECT name
 FROM sqlite_master
 WHERE type = 'table' AND NOT name = 'sqlite_sequence'
[0m
  [4;35;1mSQL (0.4ms)[0m   [0m SELECT name
 FROM sqlite_master
 WHERE type = 'table' AND NOT name = 'sqlite_sequence'
[0m
  [4;36;1mSQL (0.4ms)[0m   [0;1m SELECT name
 FROM sqlite_master
 WHERE type = 'table' AND NOT name = 'sqlite_sequence'
[0m
  [4;35;1mSQL (0.4ms)[0m   [0m SELECT name
 FROM sqlite_master
 WHERE type = 'table' AND NOT name = 'sqlite_sequence'
[0m
  [4;36;1mSQL (0.4ms)[0m   [0;1m SELECT name
 FROM sqlite_master
 WHERE type = 'table' AND NOT name = 'sqlite_sequence'
[0m
  [4;35;1mSQL (0.4ms)[0m   [0m SELECT name
 FROM sqlite_master
 WHERE type = 'table' AND NOT name = 'sqlite_sequence'
[0m
  [4;36;1mSQL (0.4ms)[0m   [0;1m SELECT name
 FROM sqlite_master
 WHERE type = 'table' AND NOT name = 'sqlite_sequence'
[0m
  [4;35;1mSQL (0.4ms)[0m   [0m SELECT name
 FROM sqlite_master
 WHERE type = 'table' AND NOT name = 'sqlite_sequence'
[0m
  [4;36;1mSQL (0.4ms)[0m   [0;1m SELECT name
 FROM sqlite_master
 WHERE type = 'table' AND NOT name = 'sqlite_sequence'
[0m
  [4;35;1mSQL (0.4ms)[0m   [0m SELECT name
 FROM sqlite_master
 WHERE type = 'table' AND NOT name = 'sqlite_sequence'
[0m
  [4;36;1mSQL (0.4ms)[0m   [0;1m SELECT name
 FROM sqlite_master
 WHERE type = 'table' AND NOT name = 'sqlite_sequence'
[0m
  [4;35;1mSQL (0.4ms)[0m   [0m SELECT name
 FROM sqlite_master
 WHERE type = 'table' AND NOT name = 'sqlite_sequence'
[0m
  [4;36;1mSQL (0.4ms)[0m   [0;1m SELECT name
 FROM sqlite_master
 WHERE type = 'table' AND NOT name = 'sqlite_sequence'
[0m
  [4;35;1mSQL (0.4ms)[0m   [0m SELECT name
 FROM sqlite_master
 WHERE type = 'table' AND NOT name = 'sqlite_sequence'
[0m
  [4;36;1mSQL (0.4ms)[0m   [0;1m SELECT name
 FROM sqlite_master
 WHERE type = 'table' AND NOT name = 'sqlite_sequence'
[0m
  [4;35;1mSQL (0.4ms)[0m   [0m SELECT name
 FROM sqlite_master
 WHERE type = 'table' AND NOT name = 'sqlite_sequence'
[0m
  [4;36;1mSQL (0.4ms)[0m   [0;1m SELECT name
 FROM sqlite_master
 WHERE type = 'table' AND NOT name = 'sqlite_sequence'
[0m
  [4;35;1mSQL (0.4ms)[0m   [0m SELECT name
 FROM sqlite_master
 WHERE type = 'table' AND NOT name = 'sqlite_sequence'
[0m
  [4;36;1mSQL (0.4ms)[0m   [0;1m SELECT name
 FROM sqlite_master
 WHERE type = 'table' AND NOT name = 'sqlite_sequence'
[0m
  [4;35;1mSQL (0.4ms)[0m   [0m SELECT name
 FROM sqlite_master
 WHERE type = 'table' AND NOT name = 'sqlite_sequence'
[0m
  [4;36;1mSQL (0.4ms)[0m   [0;1m SELECT name
 FROM sqlite_master
 WHERE type = 'table' AND NOT name = 'sqlite_sequence'
[0m
  [4;35;1mSQL (0.4ms)[0m   [0m SELECT name
 FROM sqlite_master
 WHERE type = 'table' AND NOT name = 'sqlite_sequence'
[0m
  [4;36;1mSQL (0.4ms)[0m   [0;1m SELECT name
 FROM sqlite_master
 WHERE type = 'table' AND NOT name = 'sqlite_sequence'
[0m
  [4;35;1mSQL (0.4ms)[0m   [0m SELECT name
 FROM sqlite_master
 WHERE type = 'table' AND NOT name = 'sqlite_sequence'
[0m
  [4;36;1mSQL (0.4ms)[0m   [0;1m SELECT name
 FROM sqlite_master
 WHERE type = 'table' AND NOT name = 'sqlite_sequence'
[0m
  [4;35;1mSQL (0.4ms)[0m   [0m SELECT name
 FROM sqlite_master
 WHERE type = 'table' AND NOT name = 'sqlite_sequence'
[0m
  [4;36;1mSQL (0.4ms)[0m   [0;1m SELECT name
 FROM sqlite_master
 WHERE type = 'table' AND NOT name = 'sqlite_sequence'
[0m
  [4;35;1mSQL (0.4ms)[0m   [0m SELECT name
 FROM sqlite_master
 WHERE type = 'table' AND NOT name = 'sqlite_sequence'
[0m
  [4;36;1mSQL (0.4ms)[0m   [0;1m SELECT name
 FROM sqlite_master
 WHERE type = 'table' AND NOT name = 'sqlite_sequence'
[0m
  [4;35;1mSQL (0.4ms)[0m   [0m SELECT name
 FROM sqlite_master
 WHERE type = 'table' AND NOT name = 'sqlite_sequence'
[0m
  [4;36;1mSQL (0.4ms)[0m   [0;1m SELECT name
 FROM sqlite_master
 WHERE type = 'table' AND NOT name = 'sqlite_sequence'
[0m
  [4;35;1mSQL (0.4ms)[0m   [0m SELECT name
 FROM sqlite_master
 WHERE type = 'table' AND NOT name = 'sqlite_sequence'
[0m
  [4;36;1mSQL (0.4ms)[0m   [0;1m SELECT name
 FROM sqlite_master
 WHERE type = 'table' AND NOT name = 'sqlite_sequence'
[0m
  [4;35;1mSQL (0.4ms)[0m   [0m SELECT name
 FROM sqlite_master
 WHERE type = 'table' AND NOT name = 'sqlite_sequence'
[0m
  [4;36;1mSQL (0.4ms)[0m   [0;1m SELECT name
 FROM sqlite_master
 WHERE type = 'table' AND NOT name = 'sqlite_sequence'
[0m
  [4;35;1mSQL (0.4ms)[0m   [0m SELECT name
 FROM sqlite_master
 WHERE type = 'table' AND NOT name = 'sqlite_sequence'
[0m
  [4;36;1mSQL (0.4ms)[0m   [0;1m SELECT name
 FROM sqlite_master
 WHERE type = 'table' AND NOT name = 'sqlite_sequence'
[0m
  [4;35;1mSQL (0.4ms)[0m   [0m SELECT name
 FROM sqlite_master
 WHERE type = 'table' AND NOT name = 'sqlite_sequence'
[0m
  [4;36;1mSQL (0.4ms)[0m   [0;1m SELECT name
 FROM sqlite_master
 WHERE type = 'table' AND NOT name = 'sqlite_sequence'
[0m
  [4;35;1mSQL (0.4ms)[0m   [0m SELECT name
 FROM sqlite_master
 WHERE type = 'table' AND NOT name = 'sqlite_sequence'
[0m
  [4;36;1mSQL (0.4ms)[0m   [0;1m SELECT name
 FROM sqlite_master
 WHERE type = 'table' AND NOT name = 'sqlite_sequence'
[0m
  [4;35;1mSQL (0.4ms)[0m   [0m SELECT name
 FROM sqlite_master
 WHERE type = 'table' AND NOT name = 'sqlite_sequence'
[0m
  [4;36;1mSQL (0.4ms)[0m   [0;1m SELECT name
 FROM sqlite_master
 WHERE type = 'table' AND NOT name = 'sqlite_sequence'
[0m
  [4;35;1mSQL (0.4ms)[0m   [0m SELECT name
 FROM sqlite_master
 WHERE type = 'table' AND NOT name = 'sqlite_sequence'
[0m
  [4;36;1mSQL (0.4ms)[0m   [0;1m SELECT name
 FROM sqlite_master
 WHERE type = 'table' AND NOT name = 'sqlite_sequence'
[0m
  [4;35;1mSQL (0.4ms)[0m   [0m SELECT name
 FROM sqlite_master
 WHERE type = 'table' AND NOT name = 'sqlite_sequence'
[0m
  [4;36;1mSQL (0.4ms)[0m   [0;1m SELECT name
 FROM sqlite_master
 WHERE type = 'table' AND NOT name = 'sqlite_sequence'
[0m
  [4;35;1mSQL (0.4ms)[0m   [0m SELECT name
 FROM sqlite_master
 WHERE type = 'table' AND NOT name = 'sqlite_sequence'
[0m
  [4;36;1mSQL (0.4ms)[0m   [0;1m SELECT name
 FROM sqlite_master
 WHERE type = 'table' AND NOT name = 'sqlite_sequence'
[0m
  [4;35;1mSQL (0.4ms)[0m   [0m SELECT name
 FROM sqlite_master
 WHERE type = 'table' AND NOT name = 'sqlite_sequence'
[0m
  [4;36;1mSQL (0.4ms)[0m   [0;1m SELECT name
 FROM sqlite_master
 WHERE type = 'table' AND NOT name = 'sqlite_sequence'
[0m
  [4;35;1mSQL (0.4ms)[0m   [0m SELECT name
 FROM sqlite_master
 WHERE type = 'table' AND NOT name = 'sqlite_sequence'
[0m
  [4;36;1mSQL (0.4ms)[0m   [0;1m SELECT name
 FROM sqlite_master
 WHERE type = 'table' AND NOT name = 'sqlite_sequence'
[0m
  [4;35;1mSQL (0.4ms)[0m   [0m SELECT name
 FROM sqlite_master
 WHERE type = 'table' AND NOT name = 'sqlite_sequence'
[0m
  [4;36;1mSQL (0.4ms)[0m   [0;1m SELECT name
 FROM sqlite_master
 WHERE type = 'table' AND NOT name = 'sqlite_sequence'
[0m
  [4;35;1mSQL (0.4ms)[0m   [0m SELECT name
 FROM sqlite_master
 WHERE type = 'table' AND NOT name = 'sqlite_sequence'
[0m
  [4;36;1mSQL (0.4ms)[0m   [0;1m SELECT name
 FROM sqlite_master
 WHERE type = 'table' AND NOT name = 'sqlite_sequence'
[0m
  [4;35;1mSQL (0.4ms)[0m   [0m SELECT name
 FROM sqlite_master
 WHERE type = 'table' AND NOT name = 'sqlite_sequence'
[0m
  [4;36;1mSQL (0.4ms)[0m   [0;1m SELECT name
 FROM sqlite_master
 WHERE type = 'table' AND NOT name = 'sqlite_sequence'
[0m
  [4;35;1mSQL (0.4ms)[0m   [0m SELECT name
 FROM sqlite_master
 WHERE type = 'table' AND NOT name = 'sqlite_sequence'
[0m
  [4;36;1mSQL (0.4ms)[0m   [0;1m SELECT name
 FROM sqlite_master
 WHERE type = 'table' AND NOT name = 'sqlite_sequence'
[0m
  [4;36;1mSQL (0.2ms)[0m   [0;1mselect sqlite_version(*)[0m
  [4;35;1mSQL (0.1ms)[0m   [0m SELECT name
 FROM sqlite_master
 WHERE type = 'table' AND NOT name = 'sqlite_sequence'
[0m
  [4;36;1mSQL (0.2ms)[0m   [0;1mCREATE TABLE "users" ("id" INTEGER PRIMARY KEY AUTOINCREMENT NOT NULL, "manager_id" integer, "name" varchar(255)) [0m
  [4;35;1mSQL (0.1ms)[0m   [0m SELECT name
 FROM sqlite_master
 WHERE type = 'table' AND NOT name = 'sqlite_sequence'
[0m
  [4;36;1mSQL (0.1ms)[0m   [0;1mCREATE TABLE "avatars" ("id" INTEGER PRIMARY KEY AUTOINCREMENT NOT NULL, "user_id" integer, "name" varchar(255)) [0m
  [4;35;1mSQL (0.2ms)[0m   [0m SELECT name
 FROM sqlite_master
 WHERE type = 'table' AND NOT name = 'sqlite_sequence'
[0m
  [4;36;1mSQL (0.1ms)[0m   [0;1mCREATE TABLE "managers" ("id" INTEGER PRIMARY KEY AUTOINCREMENT NOT NULL, "name" varchar(255)) [0m
  [4;35;1mSQL (0.2ms)[0m   [0m SELECT name
 FROM sqlite_master
 WHERE type = 'table' AND NOT name = 'sqlite_sequence'
[0m
  [4;36;1mSQL (0.1ms)[0m   [0;1mCREATE TABLE "tasks" ("id" INTEGER PRIMARY KEY AUTOINCREMENT NOT NULL, "user_id" integer, "name" varchar(255)) [0m
  [4;35;1mSQL (0.2ms)[0m   [0m SELECT name
 FROM sqlite_master
 WHERE type = 'table' AND NOT name = 'sqlite_sequence'
[0m
  [4;36;1mSQL (0.1ms)[0m   [0;1mCREATE TABLE "tags" ("id" INTEGER PRIMARY KEY AUTOINCREMENT NOT NULL, "user_id" integer, "name" varchar(255)) [0m
  [4;35;1mSQL (0.3ms)[0m   [0m SELECT name
 FROM sqlite_master
 WHERE type = 'table' AND NOT name = 'sqlite_sequence'
[0m
  [4;36;1mSQL (0.1ms)[0m   [0;1mCREATE TABLE "groups" ("id" INTEGER PRIMARY KEY AUTOINCREMENT NOT NULL, "user_id" integer, "name" varchar(255)) [0m
  [4;35;1mSQL (0.3ms)[0m   [0m SELECT name
 FROM sqlite_master
 WHERE type = 'table' AND NOT name = 'sqlite_sequence'
[0m
  [4;36;1mSQL (0.1ms)[0m   [0;1mCREATE TABLE "groups_users" ("group_id" integer, "user_id" integer) [0m
  [4;35;1mSQL (0.3ms)[0m   [0m SELECT name
 FROM sqlite_master
 WHERE type = 'table' AND NOT name = 'sqlite_sequence'
[0m
  [4;36;1mSQL (0.1ms)[0m   [0;1mCREATE TABLE "schema_migrations" ("version" varchar(255) NOT NULL) [0m
  [4;35;1mSQL (0.1ms)[0m   [0mCREATE UNIQUE INDEX "unique_schema_migrations" ON "schema_migrations" ("version")[0m
  [4;36;1mSQL (0.4ms)[0m   [0;1m SELECT name
 FROM sqlite_master
 WHERE type = 'table' AND NOT name = 'sqlite_sequence'
[0m
  [4;35;1mSQL (0.1ms)[0m   [0mSELECT version FROM "schema_migrations"[0m
  [4;36;1mSQL (0.1ms)[0m   [0;1mINSERT INTO "schema_migrations" (version) VALUES ('1')[0m
Unable to load group, underlying cause no such file to load -- group.rb 

 /usr/lib/ruby/gems/1.8/gems/activesupport-2.2.2/lib/active_support/dependencies.rb:382:in `load_without_new_constant_marking'
/usr/lib/ruby/gems/1.8/gems/activesupport-2.2.2/lib/active_support/dependencies.rb:382:in `load_file'
/usr/lib/ruby/gems/1.8/gems/activesupport-2.2.2/lib/active_support/dependencies.rb:521:in `new_constants_in'
/usr/lib/ruby/gems/1.8/gems/activesupport-2.2.2/lib/active_support/dependencies.rb:381:in `load_file'
/usr/lib/ruby/gems/1.8/gems/activesupport-2.2.2/lib/active_support/dependencies.rb:256:in `require_or_load'
/usr/lib/ruby/gems/1.8/gems/activesupport-2.2.2/lib/active_support/dependencies.rb:221:in `depend_on'
/usr/lib/ruby/gems/1.8/gems/activesupport-2.2.2/lib/active_support/dependencies.rb:133:in `require_dependency'
/usr/lib/ruby/gems/1.8/gems/activerecord-2.2.2/lib/active_record/fixtures.rb:856:in `try_to_load_dependency'
/usr/lib/ruby/gems/1.8/gems/activerecord-2.2.2/lib/active_record/fixtures.rb:871:in `require_fixture_classes'
/usr/lib/ruby/gems/1.8/gems/activerecord-2.2.2/lib/active_record/fixtures.rb:868:in `each'
/usr/lib/ruby/gems/1.8/gems/activerecord-2.2.2/lib/active_record/fixtures.rb:868:in `require_fixture_classes'
/usr/lib/ruby/gems/1.8/gems/activerecord-2.2.2/lib/active_record/fixtures.rb:851:in `fixtures'
./test/unit/../test_helper.rb:35
test/unit/nested_assignment_test.rb:1:in `require'
test/unit/nested_assignment_test.rb:1
Unable to load manager, underlying cause no such file to load -- manager.rb 

 /usr/lib/ruby/gems/1.8/gems/activesupport-2.2.2/lib/active_support/dependencies.rb:382:in `load_without_new_constant_marking'
/usr/lib/ruby/gems/1.8/gems/activesupport-2.2.2/lib/active_support/dependencies.rb:382:in `load_file'
/usr/lib/ruby/gems/1.8/gems/activesupport-2.2.2/lib/active_support/dependencies.rb:521:in `new_constants_in'
/usr/lib/ruby/gems/1.8/gems/activesupport-2.2.2/lib/active_support/dependencies.rb:381:in `load_file'
/usr/lib/ruby/gems/1.8/gems/activesupport-2.2.2/lib/active_support/dependencies.rb:256:in `require_or_load'
/usr/lib/ruby/gems/1.8/gems/activesupport-2.2.2/lib/active_support/dependencies.rb:221:in `depend_on'
/usr/lib/ruby/gems/1.8/gems/activesupport-2.2.2/lib/active_support/dependencies.rb:133:in `require_dependency'
/usr/lib/ruby/gems/1.8/gems/activerecord-2.2.2/lib/active_record/fixtures.rb:856:in `try_to_load_dependency'
/usr/lib/ruby/gems/1.8/gems/activerecord-2.2.2/lib/active_record/fixtures.rb:871:in `require_fixture_classes'
/usr/lib/ruby/gems/1.8/gems/activerecord-2.2.2/lib/active_record/fixtures.rb:868:in `each'
/usr/lib/ruby/gems/1.8/gems/activerecord-2.2.2/lib/active_record/fixtures.rb:868:in `require_fixture_classes'
/usr/lib/ruby/gems/1.8/gems/activerecord-2.2.2/lib/active_record/fixtures.rb:851:in `fixtures'
./test/unit/../test_helper.rb:35
test/unit/nested_assignment_test.rb:1:in `require'
test/unit/nested_assignment_test.rb:1
Unable to load avatar, underlying cause no such file to load -- avatar.rb 

 /usr/lib/ruby/gems/1.8/gems/activesupport-2.2.2/lib/active_support/dependencies.rb:382:in `load_without_new_constant_marking'
/usr/lib/ruby/gems/1.8/gems/activesupport-2.2.2/lib/active_support/dependencies.rb:382:in `load_file'
/usr/lib/ruby/gems/1.8/gems/activesupport-2.2.2/lib/active_support/dependencies.rb:521:in `new_constants_in'
/usr/lib/ruby/gems/1.8/gems/activesupport-2.2.2/lib/active_support/dependencies.rb:381:in `load_file'
/usr/lib/ruby/gems/1.8/gems/activesupport-2.2.2/lib/active_support/dependencies.rb:256:in `require_or_load'
/usr/lib/ruby/gems/1.8/gems/activesupport-2.2.2/lib/active_support/dependencies.rb:221:in `depend_on'
/usr/lib/ruby/gems/1.8/gems/activesupport-2.2.2/lib/active_support/dependencies.rb:133:in `require_dependency'
/usr/lib/ruby/gems/1.8/gems/activerecord-2.2.2/lib/active_record/fixtures.rb:856:in `try_to_load_dependency'
/usr/lib/ruby/gems/1.8/gems/activerecord-2.2.2/lib/active_record/fixtures.rb:871:in `require_fixture_classes'
/usr/lib/ruby/gems/1.8/gems/activerecord-2.2.2/lib/active_record/fixtures.rb:868:in `each'
/usr/lib/ruby/gems/1.8/gems/activerecord-2.2.2/lib/active_record/fixtures.rb:868:in `require_fixture_classes'
/usr/lib/ruby/gems/1.8/gems/activerecord-2.2.2/lib/active_record/fixtures.rb:851:in `fixtures'
./test/unit/../test_helper.rb:35
test/unit/nested_assignment_test.rb:1:in `require'
test/unit/nested_assignment_test.rb:1
Unable to load tag, underlying cause no such file to load -- tag.rb 

 /usr/lib/ruby/gems/1.8/gems/activesupport-2.2.2/lib/active_support/dependencies.rb:382:in `load_without_new_constant_marking'
/usr/lib/ruby/gems/1.8/gems/activesupport-2.2.2/lib/active_support/dependencies.rb:382:in `load_file'
/usr/lib/ruby/gems/1.8/gems/activesupport-2.2.2/lib/active_support/dependencies.rb:521:in `new_constants_in'
/usr/lib/ruby/gems/1.8/gems/activesupport-2.2.2/lib/active_support/dependencies.rb:381:in `load_file'
/usr/lib/ruby/gems/1.8/gems/activesupport-2.2.2/lib/active_support/dependencies.rb:256:in `require_or_load'
/usr/lib/ruby/gems/1.8/gems/activesupport-2.2.2/lib/active_support/dependencies.rb:221:in `depend_on'
/usr/lib/ruby/gems/1.8/gems/activesupport-2.2.2/lib/active_support/dependencies.rb:133:in `require_dependency'
/usr/lib/ruby/gems/1.8/gems/activerecord-2.2.2/lib/active_record/fixtures.rb:856:in `try_to_load_dependency'
/usr/lib/ruby/gems/1.8/gems/activerecord-2.2.2/lib/active_record/fixtures.rb:871:in `require_fixture_classes'
/usr/lib/ruby/gems/1.8/gems/activerecord-2.2.2/lib/active_record/fixtures.rb:868:in `each'
/usr/lib/ruby/gems/1.8/gems/activerecord-2.2.2/lib/active_record/fixtures.rb:868:in `require_fixture_classes'
/usr/lib/ruby/gems/1.8/gems/activerecord-2.2.2/lib/active_record/fixtures.rb:851:in `fixtures'
./test/unit/../test_helper.rb:35
test/unit/nested_assignment_test.rb:1:in `require'
test/unit/nested_assignment_test.rb:1
Unable to load user, underlying cause no such file to load -- user.rb 

 /usr/lib/ruby/gems/1.8/gems/activesupport-2.2.2/lib/active_support/dependencies.rb:382:in `load_without_new_constant_marking'
/usr/lib/ruby/gems/1.8/gems/activesupport-2.2.2/lib/active_support/dependencies.rb:382:in `load_file'
/usr/lib/ruby/gems/1.8/gems/activesupport-2.2.2/lib/active_support/dependencies.rb:521:in `new_constants_in'
/usr/lib/ruby/gems/1.8/gems/activesupport-2.2.2/lib/active_support/dependencies.rb:381:in `load_file'
/usr/lib/ruby/gems/1.8/gems/activesupport-2.2.2/lib/active_support/dependencies.rb:256:in `require_or_load'
/usr/lib/ruby/gems/1.8/gems/activesupport-2.2.2/lib/active_support/dependencies.rb:221:in `depend_on'
/usr/lib/ruby/gems/1.8/gems/activesupport-2.2.2/lib/active_support/dependencies.rb:133:in `require_dependency'
/usr/lib/ruby/gems/1.8/gems/activerecord-2.2.2/lib/active_record/fixtures.rb:856:in `try_to_load_dependency'
/usr/lib/ruby/gems/1.8/gems/activerecord-2.2.2/lib/active_record/fixtures.rb:871:in `require_fixture_classes'
/usr/lib/ruby/gems/1.8/gems/activerecord-2.2.2/lib/active_record/fixtures.rb:868:in `each'
/usr/lib/ruby/gems/1.8/gems/activerecord-2.2.2/lib/active_record/fixtures.rb:868:in `require_fixture_classes'
/usr/lib/ruby/gems/1.8/gems/activerecord-2.2.2/lib/active_record/fixtures.rb:851:in `fixtures'
./test/unit/../test_helper.rb:35
test/unit/nested_assignment_test.rb:1:in `require'
test/unit/nested_assignment_test.rb:1
Unable to load task, underlying cause no such file to load -- task.rb 

 /usr/lib/ruby/gems/1.8/gems/activesupport-2.2.2/lib/active_support/dependencies.rb:382:in `load_without_new_constant_marking'
/usr/lib/ruby/gems/1.8/gems/activesupport-2.2.2/lib/active_support/dependencies.rb:382:in `load_file'
/usr/lib/ruby/gems/1.8/gems/activesupport-2.2.2/lib/active_support/dependencies.rb:521:in `new_constants_in'
/usr/lib/ruby/gems/1.8/gems/activesupport-2.2.2/lib/active_support/dependencies.rb:381:in `load_file'
/usr/lib/ruby/gems/1.8/gems/activesupport-2.2.2/lib/active_support/dependencies.rb:256:in `require_or_load'
/usr/lib/ruby/gems/1.8/gems/activesupport-2.2.2/lib/active_support/dependencies.rb:221:in `depend_on'
/usr/lib/ruby/gems/1.8/gems/activesupport-2.2.2/lib/active_support/dependencies.rb:133:in `require_dependency'
/usr/lib/ruby/gems/1.8/gems/activerecord-2.2.2/lib/active_record/fixtures.rb:856:in `try_to_load_dependency'
/usr/lib/ruby/gems/1.8/gems/activerecord-2.2.2/lib/active_record/fixtures.rb:871:in `require_fixture_classes'
/usr/lib/ruby/gems/1.8/gems/activerecord-2.2.2/lib/active_record/fixtures.rb:868:in `each'
/usr/lib/ruby/gems/1.8/gems/activerecord-2.2.2/lib/active_record/fixtures.rb:868:in `require_fixture_classes'
/usr/lib/ruby/gems/1.8/gems/activerecord-2.2.2/lib/active_record/fixtures.rb:851:in `fixtures'
./test/unit/../test_helper.rb:35
test/unit/nested_assignment_test.rb:1:in `require'
test/unit/nested_assignment_test.rb:1
Unable to load groups_user, underlying cause no such file to load -- groups_user.rb 

 /usr/lib/ruby/gems/1.8/gems/activesupport-2.2.2/lib/active_support/dependencies.rb:382:in `load_without_new_constant_marking'
/usr/lib/ruby/gems/1.8/gems/activesupport-2.2.2/lib/active_support/dependencies.rb:382:in `load_file'
/usr/lib/ruby/gems/1.8/gems/activesupport-2.2.2/lib/active_support/dependencies.rb:521:in `new_constants_in'
/usr/lib/ruby/gems/1.8/gems/activesupport-2.2.2/lib/active_support/dependencies.rb:381:in `load_file'
/usr/lib/ruby/gems/1.8/gems/activesupport-2.2.2/lib/active_support/dependencies.rb:256:in `require_or_load'
/usr/lib/ruby/gems/1.8/gems/activesupport-2.2.2/lib/active_support/dependencies.rb:221:in `depend_on'
/usr/lib/ruby/gems/1.8/gems/activesupport-2.2.2/lib/active_support/dependencies.rb:133:in `require_dependency'
/usr/lib/ruby/gems/1.8/gems/activerecord-2.2.2/lib/active_record/fixtures.rb:856:in `try_to_load_dependency'
/usr/lib/ruby/gems/1.8/gems/activerecord-2.2.2/lib/active_record/fixtures.rb:871:in `require_fixture_classes'
/usr/lib/ruby/gems/1.8/gems/activerecord-2.2.2/lib/active_record/fixtures.rb:868:in `each'
/usr/lib/ruby/gems/1.8/gems/activerecord-2.2.2/lib/active_record/fixtures.rb:868:in `require_fixture_classes'
/usr/lib/ruby/gems/1.8/gems/activerecord-2.2.2/lib/active_record/fixtures.rb:851:in `fixtures'
./test/unit/../test_helper.rb:35
test/unit/nested_assignment_test.rb:1:in `require'
test/unit/nested_assignment_test.rb:1
  [4;35;1mPluginTestModels::User Load (0.1ms)[0m   [0mSELECT * FROM "users" WHERE ("users"."id" = 1) [0m
  [4;36;1mPluginTestModels::Manager Load (0.1ms)[0m   [0;1mSELECT * FROM "managers" WHERE ("managers"."id" = 1) [0m
  [4;35;1mPluginTestModels::Manager Load (0.1ms)[0m   [0mSELECT * FROM "managers" WHERE ("managers"."id" = 1) [0m
  [4;36;1mPluginTestModels::Manager Load (0.1ms)[0m   [0;1mSELECT * FROM "managers" WHERE ("managers"."id" = 1) [0m
  [4;35;1mPluginTestModels::User Load (0.2ms)[0m   [0mSELECT * FROM "users" WHERE ("users"."id" = 1) [0m
  [4;36;1mPluginTestModels::Manager Load (0.1ms)[0m   [0;1mSELECT * FROM "managers" WHERE ("managers"."id" = 1) [0m
  [4;35;1mPluginTestModels::Manager Load (0.1ms)[0m   [0mSELECT * FROM "managers" WHERE ("managers"."id" = 1) [0m
  [4;36;1mPluginTestModels::User Load (0.1ms)[0m   [0;1mSELECT * FROM "users" WHERE ("users"."id" = 1) [0m
  [4;35;1mPluginTestModels::Manager Load (0.1ms)[0m   [0mSELECT * FROM "managers" WHERE ("managers"."id" = 1) [0m
  [4;36;1mPluginTestModels::User Load (0.1ms)[0m   [0;1mSELECT * FROM "users" WHERE ("users"."id" = 1) [0m
  [4;35;1mPluginTestModels::Manager Load (0.1ms)[0m   [0mSELECT * FROM "managers" WHERE ("managers"."id" = 1) [0m
  [4;36;1mPluginTestModels::Manager Load (0.1ms)[0m   [0;1mSELECT * FROM "managers" WHERE ("managers"."id" = 1) [0m
WARNING: Can't mass-assign these protected attributes: id
  [4;35;1mPluginTestModels::Manager Load (0.1ms)[0m   [0mSELECT * FROM "managers" WHERE ("managers"."id" = 1) [0m
  [4;36;1mPluginTestModels::User Load (0.1ms)[0m   [0;1mSELECT * FROM "users" WHERE ("users"."id" = 1) [0m
  [4;35;1mPluginTestModels::User Load (0.1ms)[0m   [0mSELECT * FROM "users" WHERE ("users"."id" = 1) [0m
  [4;36;1mPluginTestModels::User Load (0.1ms)[0m   [0;1mSELECT * FROM "users" WHERE ("users"."id" = 1) [0m
  [4;35;1mPluginTestModels::User Load (0.1ms)[0m   [0mSELECT * FROM "users" WHERE ("users"."id" = 1) [0m
  [4;36;1mPluginTestModels::User Load (0.1ms)[0m   [0;1mSELECT * FROM "users" WHERE ("users"."id" = 1) [0m
  [4;35;1mPluginTestModels::User Load (0.1ms)[0m   [0mSELECT * FROM "users" WHERE ("users"."id" = 1) [0m
  [4;36;1mPluginTestModels::User Load (0.1ms)[0m   [0;1mSELECT * FROM "users" WHERE ("users"."id" = 1) [0m
  [4;35;1mPluginTestModels::User Load (0.1ms)[0m   [0mSELECT * FROM "users" WHERE ("users"."id" = 1) [0m
  [4;36;1mPluginTestModels::User Load (0.1ms)[0m   [0;1mSELECT * FROM "users" WHERE ("users"."id" = 1) [0m
  [4;35;1mPluginTestModels::Avatar Load (0.1ms)[0m   [0mSELECT * FROM "avatars" WHERE ("avatars"."id" = 1) [0m
  [4;36;1mPluginTestModels::Avatar Load (0.1ms)[0m   [0;1mSELECT * FROM "avatars" WHERE ("avatars".user_id = 1) LIMIT 1[0m
  [4;35;1mPluginTestModels::Avatar Load (0.1ms)[0m   [0mSELECT * FROM "avatars" WHERE ("avatars"."id" = 1) [0m
  [4;36;1mPluginTestModels::User Load (0.1ms)[0m   [0;1mSELECT * FROM "users" WHERE ("users"."id" = 1) [0m
  [4;35;1mPluginTestModels::Avatar Load (0.1ms)[0m   [0mSELECT * FROM "avatars" WHERE ("avatars"."id" = 1) [0m
  [4;36;1mPluginTestModels::Avatar Load (0.1ms)[0m   [0;1mSELECT * FROM "avatars" WHERE ("avatars".user_id = 1) LIMIT 1[0m
  [4;35;1mPluginTestModels::Avatar Update (0.1ms)[0m   [0mUPDATE "avatars" SET "user_id" = NULL WHERE "id" = 1[0m
  [4;36;1mPluginTestModels::Avatar Load (0.1ms)[0m   [0;1mSELECT * FROM "avatars" WHERE ("avatars"."id" = 1) [0m
  [4;35;1mPluginTestModels::User Load (0.1ms)[0m   [0mSELECT * FROM "users" WHERE ("users"."id" = 1) [0m
  [4;36;1mPluginTestModels::Avatar Load (0.1ms)[0m   [0;1mSELECT * FROM "avatars" WHERE ("avatars"."id" = 1) [0m
  [4;35;1mPluginTestModels::Avatar Load (0.1ms)[0m   [0mSELECT * FROM "avatars" WHERE ("avatars".user_id = 1) LIMIT 1[0m
WARNING: Can't mass-assign these protected attributes: id
  [4;36;1mPluginTestModels::Avatar Load (0.1ms)[0m   [0;1mSELECT * FROM "avatars" WHERE ("avatars"."id" = 1) [0m
  [4;35;1mSQL (0.4ms)[0m   [0m SELECT name
 FROM sqlite_master
 WHERE type = 'table' AND NOT name = 'sqlite_sequence'
[0m
  [4;36;1mSQL (0.4ms)[0m   [0;1m SELECT name
 FROM sqlite_master
 WHERE type = 'table' AND NOT name = 'sqlite_sequence'
[0m
  [4;35;1mSQL (0.4ms)[0m   [0m SELECT name
 FROM sqlite_master
 WHERE type = 'table' AND NOT name = 'sqlite_sequence'
[0m
  [4;36;1mSQL (0.4ms)[0m   [0;1m SELECT name
 FROM sqlite_master
 WHERE type = 'table' AND NOT name = 'sqlite_sequence'
[0m
  [4;35;1mSQL (0.4ms)[0m   [0m SELECT name
 FROM sqlite_master
 WHERE type = 'table' AND NOT name = 'sqlite_sequence'
[0m
  [4;36;1mSQL (0.4ms)[0m   [0;1m SELECT name
 FROM sqlite_master
 WHERE type = 'table' AND NOT name = 'sqlite_sequence'
[0m
  [4;35;1mSQL (0.4ms)[0m   [0m SELECT name
 FROM sqlite_master
 WHERE type = 'table' AND NOT name = 'sqlite_sequence'
[0m
  [4;36;1mSQL (0.4ms)[0m   [0;1m SELECT name
 FROM sqlite_master
 WHERE type = 'table' AND NOT name = 'sqlite_sequence'
[0m
  [4;35;1mSQL (0.4ms)[0m   [0m SELECT name
 FROM sqlite_master
 WHERE type = 'table' AND NOT name = 'sqlite_sequence'
[0m
  [4;36;1mSQL (0.4ms)[0m   [0;1m SELECT name
 FROM sqlite_master
 WHERE type = 'table' AND NOT name = 'sqlite_sequence'
[0m
  [4;35;1mSQL (0.4ms)[0m   [0m SELECT name
 FROM sqlite_master
 WHERE type = 'table' AND NOT name = 'sqlite_sequence'
[0m
  [4;36;1mSQL (0.4ms)[0m   [0;1m SELECT name
 FROM sqlite_master
 WHERE type = 'table' AND NOT name = 'sqlite_sequence'
[0m
  [4;35;1mSQL (0.4ms)[0m   [0m SELECT name
 FROM sqlite_master
 WHERE type = 'table' AND NOT name = 'sqlite_sequence'
[0m
  [4;36;1mSQL (0.4ms)[0m   [0;1m SELECT name
 FROM sqlite_master
 WHERE type = 'table' AND NOT name = 'sqlite_sequence'
[0m
  [4;35;1mSQL (0.4ms)[0m   [0m SELECT name
 FROM sqlite_master
 WHERE type = 'table' AND NOT name = 'sqlite_sequence'
[0m
  [4;36;1mSQL (0.4ms)[0m   [0;1m SELECT name
 FROM sqlite_master
 WHERE type = 'table' AND NOT name = 'sqlite_sequence'
[0m
  [4;35;1mSQL (0.4ms)[0m   [0m SELECT name
 FROM sqlite_master
 WHERE type = 'table' AND NOT name = 'sqlite_sequence'
[0m
  [4;36;1mSQL (0.4ms)[0m   [0;1m SELECT name
 FROM sqlite_master
 WHERE type = 'table' AND NOT name = 'sqlite_sequence'
[0m
  [4;35;1mSQL (0.4ms)[0m   [0m SELECT name
 FROM sqlite_master
 WHERE type = 'table' AND NOT name = 'sqlite_sequence'
[0m
  [4;36;1mSQL (0.4ms)[0m   [0;1m SELECT name
 FROM sqlite_master
 WHERE type = 'table' AND NOT name = 'sqlite_sequence'
[0m
  [4;35;1mSQL (0.4ms)[0m   [0m SELECT name
 FROM sqlite_master
 WHERE type = 'table' AND NOT name = 'sqlite_sequence'
[0m
  [4;36;1mSQL (0.4ms)[0m   [0;1m SELECT name
 FROM sqlite_master
 WHERE type = 'table' AND NOT name = 'sqlite_sequence'
[0m
  [4;35;1mSQL (0.4ms)[0m   [0m SELECT name
 FROM sqlite_master
 WHERE type = 'table' AND NOT name = 'sqlite_sequence'
[0m
  [4;36;1mSQL (0.4ms)[0m   [0;1m SELECT name
 FROM sqlite_master
 WHERE type = 'table' AND NOT name = 'sqlite_sequence'
[0m
  [4;35;1mSQL (0.4ms)[0m   [0m SELECT name
 FROM sqlite_master
 WHERE type = 'table' AND NOT name = 'sqlite_sequence'
[0m
  [4;36;1mSQL (0.4ms)[0m   [0;1m SELECT name
 FROM sqlite_master
 WHERE type = 'table' AND NOT name = 'sqlite_sequence'
[0m
  [4;35;1mSQL (0.4ms)[0m   [0m SELECT name
 FROM sqlite_master
 WHERE type = 'table' AND NOT name = 'sqlite_sequence'
[0m
  [4;36;1mSQL (0.4ms)[0m   [0;1m SELECT name
 FROM sqlite_master
 WHERE type = 'table' AND NOT name = 'sqlite_sequence'
[0m
  [4;35;1mSQL (0.4ms)[0m   [0m SELECT name
 FROM sqlite_master
 WHERE type = 'table' AND NOT name = 'sqlite_sequence'
[0m
  [4;36;1mSQL (0.4ms)[0m   [0;1m SELECT name
 FROM sqlite_master
 WHERE type = 'table' AND NOT name = 'sqlite_sequence'
[0m
  [4;35;1mSQL (0.4ms)[0m   [0m SELECT name
 FROM sqlite_master
 WHERE type = 'table' AND NOT name = 'sqlite_sequence'
[0m
  [4;36;1mSQL (0.4ms)[0m   [0;1m SELECT name
 FROM sqlite_master
 WHERE type = 'table' AND NOT name = 'sqlite_sequence'
[0m
  [4;35;1mSQL (0.4ms)[0m   [0m SELECT name
 FROM sqlite_master
 WHERE type = 'table' AND NOT name = 'sqlite_sequence'
[0m
  [4;36;1mSQL (0.4ms)[0m   [0;1m SELECT name
 FROM sqlite_master
 WHERE type = 'table' AND NOT name = 'sqlite_sequence'
[0m
  [4;35;1mSQL (0.4ms)[0m   [0m SELECT name
 FROM sqlite_master
 WHERE type = 'table' AND NOT name = 'sqlite_sequence'
[0m
  [4;36;1mSQL (0.4ms)[0m   [0;1m SELECT name
 FROM sqlite_master
 WHERE type = 'table' AND NOT name = 'sqlite_sequence'
[0m
  [4;35;1mSQL (0.4ms)[0m   [0m SELECT name
 FROM sqlite_master
 WHERE type = 'table' AND NOT name = 'sqlite_sequence'
[0m
  [4;36;1mSQL (0.4ms)[0m   [0;1m SELECT name
 FROM sqlite_master
 WHERE type = 'table' AND NOT name = 'sqlite_sequence'
[0m
  [4;35;1mSQL (0.4ms)[0m   [0m SELECT name
 FROM sqlite_master
 WHERE type = 'table' AND NOT name = 'sqlite_sequence'
[0m
  [4;36;1mSQL (0.4ms)[0m   [0;1m SELECT name
 FROM sqlite_master
 WHERE type = 'table' AND NOT name = 'sqlite_sequence'
[0m
  [4;35;1mSQL (0.4ms)[0m   [0m SELECT name
 FROM sqlite_master
 WHERE type = 'table' AND NOT name = 'sqlite_sequence'
[0m
  [4;36;1mSQL (0.4ms)[0m   [0;1m SELECT name
 FROM sqlite_master
 WHERE type = 'table' AND NOT name = 'sqlite_sequence'
[0m
  [4;35;1mSQL (0.4ms)[0m   [0m SELECT name
 FROM sqlite_master
 WHERE type = 'table' AND NOT name = 'sqlite_sequence'
[0m
  [4;36;1mSQL (0.4ms)[0m   [0;1m SELECT name
 FROM sqlite_master
 WHERE type = 'table' AND NOT name = 'sqlite_sequence'
[0m
  [4;35;1mSQL (0.4ms)[0m   [0m SELECT name
 FROM sqlite_master
 WHERE type = 'table' AND NOT name = 'sqlite_sequence'
[0m
  [4;36;1mSQL (0.4ms)[0m   [0;1m SELECT name
 FROM sqlite_master
 WHERE type = 'table' AND NOT name = 'sqlite_sequence'
[0m
  [4;35;1mSQL (0.4ms)[0m   [0m SELECT name
 FROM sqlite_master
 WHERE type = 'table' AND NOT name = 'sqlite_sequence'
[0m
  [4;36;1mSQL (0.4ms)[0m   [0;1m SELECT name
 FROM sqlite_master
 WHERE type = 'table' AND NOT name = 'sqlite_sequence'
[0m
  [4;35;1mSQL (0.4ms)[0m   [0m SELECT name
 FROM sqlite_master
 WHERE type = 'table' AND NOT name = 'sqlite_sequence'
[0m
  [4;36;1mSQL (0.4ms)[0m   [0;1m SELECT name
 FROM sqlite_master
 WHERE type = 'table' AND NOT name = 'sqlite_sequence'
[0m
  [4;35;1mSQL (0.4ms)[0m   [0m SELECT name
 FROM sqlite_master
 WHERE type = 'table' AND NOT name = 'sqlite_sequence'
[0m
  [4;36;1mSQL (0.4ms)[0m   [0;1m SELECT name
 FROM sqlite_master
 WHERE type = 'table' AND NOT name = 'sqlite_sequence'
[0m
  [4;35;1mSQL (0.4ms)[0m   [0m SELECT name
 FROM sqlite_master
 WHERE type = 'table' AND NOT name = 'sqlite_sequence'
[0m
  [4;36;1mSQL (0.4ms)[0m   [0;1m SELECT name
 FROM sqlite_master
 WHERE type = 'table' AND NOT name = 'sqlite_sequence'
[0m
  [4;35;1mSQL (0.4ms)[0m   [0m SELECT name
 FROM sqlite_master
 WHERE type = 'table' AND NOT name = 'sqlite_sequence'
[0m
  [4;36;1mSQL (0.4ms)[0m   [0;1m SELECT name
 FROM sqlite_master
 WHERE type = 'table' AND NOT name = 'sqlite_sequence'
[0m
  [4;35;1mSQL (0.4ms)[0m   [0m SELECT name
 FROM sqlite_master
 WHERE type = 'table' AND NOT name = 'sqlite_sequence'
[0m
  [4;36;1mSQL (0.4ms)[0m   [0;1m SELECT name
 FROM sqlite_master
 WHERE type = 'table' AND NOT name = 'sqlite_sequence'
[0m
  [4;35;1mSQL (0.4ms)[0m   [0m SELECT name
 FROM sqlite_master
 WHERE type = 'table' AND NOT name = 'sqlite_sequence'
[0m
  [4;36;1mSQL (0.4ms)[0m   [0;1m SELECT name
 FROM sqlite_master
 WHERE type = 'table' AND NOT name = 'sqlite_sequence'
[0m
  [4;35;1mSQL (0.4ms)[0m   [0m SELECT name
 FROM sqlite_master
 WHERE type = 'table' AND NOT name = 'sqlite_sequence'
[0m
  [4;36;1mSQL (0.4ms)[0m   [0;1m SELECT name
 FROM sqlite_master
 WHERE type = 'table' AND NOT name = 'sqlite_sequence'
[0m
  [4;35;1mSQL (0.4ms)[0m   [0m SELECT name
 FROM sqlite_master
 WHERE type = 'table' AND NOT name = 'sqlite_sequence'
[0m
  [4;36;1mSQL (0.4ms)[0m   [0;1m SELECT name
 FROM sqlite_master
 WHERE type = 'table' AND NOT name = 'sqlite_sequence'
[0m
  [4;35;1mSQL (0.4ms)[0m   [0m SELECT name
 FROM sqlite_master
 WHERE type = 'table' AND NOT name = 'sqlite_sequence'
[0m
  [4;36;1mSQL (0.4ms)[0m   [0;1m SELECT name
 FROM sqlite_master
 WHERE type = 'table' AND NOT name = 'sqlite_sequence'
[0m
  [4;35;1mSQL (0.4ms)[0m   [0m SELECT name
 FROM sqlite_master
 WHERE type = 'table' AND NOT name = 'sqlite_sequence'
[0m
  [4;36;1mSQL (0.4ms)[0m   [0;1m SELECT name
 FROM sqlite_master
 WHERE type = 'table' AND NOT name = 'sqlite_sequence'
[0m
  [4;35;1mSQL (0.4ms)[0m   [0m SELECT name
 FROM sqlite_master
 WHERE type = 'table' AND NOT name = 'sqlite_sequence'
[0m
  [4;36;1mSQL (0.4ms)[0m   [0;1m SELECT name
 FROM sqlite_master
 WHERE type = 'table' AND NOT name = 'sqlite_sequence'
[0m
  [4;35;1mSQL (0.4ms)[0m   [0m SELECT name
 FROM sqlite_master
 WHERE type = 'table' AND NOT name = 'sqlite_sequence'
[0m
  [4;36;1mSQL (0.4ms)[0m   [0;1m SELECT name
 FROM sqlite_master
 WHERE type = 'table' AND NOT name = 'sqlite_sequence'
[0m
  [4;36;1mSQL (0.2ms)[0m   [0;1mselect sqlite_version(*)[0m
  [4;35;1mSQL (0.1ms)[0m   [0m SELECT name
 FROM sqlite_master
 WHERE type = 'table' AND NOT name = 'sqlite_sequence'
[0m
  [4;36;1mSQL (0.2ms)[0m   [0;1mCREATE TABLE "users" ("id" INTEGER PRIMARY KEY AUTOINCREMENT NOT NULL, "manager_id" integer, "name" varchar(255)) [0m
  [4;35;1mSQL (0.1ms)[0m   [0m SELECT name
 FROM sqlite_master
 WHERE type = 'table' AND NOT name = 'sqlite_sequence'
[0m
  [4;36;1mSQL (0.1ms)[0m   [0;1mCREATE TABLE "avatars" ("id" INTEGER PRIMARY KEY AUTOINCREMENT NOT NULL, "user_id" integer, "name" varchar(255)) [0m
  [4;35;1mSQL (0.2ms)[0m   [0m SELECT name
 FROM sqlite_master
 WHERE type = 'table' AND NOT name = 'sqlite_sequence'
[0m
  [4;36;1mSQL (0.1ms)[0m   [0;1mCREATE TABLE "managers" ("id" INTEGER PRIMARY KEY AUTOINCREMENT NOT NULL, "name" varchar(255)) [0m
  [4;35;1mSQL (0.2ms)[0m   [0m SELECT name
 FROM sqlite_master
 WHERE type = 'table' AND NOT name = 'sqlite_sequence'
[0m
  [4;36;1mSQL (0.1ms)[0m   [0;1mCREATE TABLE "tasks" ("id" INTEGER PRIMARY KEY AUTOINCREMENT NOT NULL, "user_id" integer, "name" varchar(255)) [0m
  [4;35;1mSQL (0.2ms)[0m   [0m SELECT name
 FROM sqlite_master
 WHERE type = 'table' AND NOT name = 'sqlite_sequence'
[0m
  [4;36;1mSQL (0.1ms)[0m   [0;1mCREATE TABLE "tags" ("id" INTEGER PRIMARY KEY AUTOINCREMENT NOT NULL, "user_id" integer, "name" varchar(255)) [0m
  [4;35;1mSQL (0.3ms)[0m   [0m SELECT name
 FROM sqlite_master
 WHERE type = 'table' AND NOT name = 'sqlite_sequence'
[0m
  [4;36;1mSQL (0.1ms)[0m   [0;1mCREATE TABLE "groups" ("id" INTEGER PRIMARY KEY AUTOINCREMENT NOT NULL, "user_id" integer, "name" varchar(255)) [0m
  [4;35;1mSQL (0.3ms)[0m   [0m SELECT name
 FROM sqlite_master
 WHERE type = 'table' AND NOT name = 'sqlite_sequence'
[0m
  [4;36;1mSQL (0.1ms)[0m   [0;1mCREATE TABLE "groups_users" ("group_id" integer, "user_id" integer) [0m
  [4;35;1mSQL (0.3ms)[0m   [0m SELECT name
 FROM sqlite_master
 WHERE type = 'table' AND NOT name = 'sqlite_sequence'
[0m
  [4;36;1mSQL (0.1ms)[0m   [0;1mCREATE TABLE "schema_migrations" ("version" varchar(255) NOT NULL) [0m
  [4;35;1mSQL (0.1ms)[0m   [0mCREATE UNIQUE INDEX "unique_schema_migrations" ON "schema_migrations" ("version")[0m
  [4;36;1mSQL (0.4ms)[0m   [0;1m SELECT name
 FROM sqlite_master
 WHERE type = 'table' AND NOT name = 'sqlite_sequence'
[0m
  [4;35;1mSQL (0.1ms)[0m   [0mSELECT version FROM "schema_migrations"[0m
  [4;36;1mSQL (0.1ms)[0m   [0;1mINSERT INTO "schema_migrations" (version) VALUES ('1')[0m
Unable to load group, underlying cause no such file to load -- group.rb 

 /usr/lib/ruby/gems/1.8/gems/activesupport-2.2.2/lib/active_support/dependencies.rb:382:in `load_without_new_constant_marking'
/usr/lib/ruby/gems/1.8/gems/activesupport-2.2.2/lib/active_support/dependencies.rb:382:in `load_file'
/usr/lib/ruby/gems/1.8/gems/activesupport-2.2.2/lib/active_support/dependencies.rb:521:in `new_constants_in'
/usr/lib/ruby/gems/1.8/gems/activesupport-2.2.2/lib/active_support/dependencies.rb:381:in `load_file'
/usr/lib/ruby/gems/1.8/gems/activesupport-2.2.2/lib/active_support/dependencies.rb:256:in `require_or_load'
/usr/lib/ruby/gems/1.8/gems/activesupport-2.2.2/lib/active_support/dependencies.rb:221:in `depend_on'
/usr/lib/ruby/gems/1.8/gems/activesupport-2.2.2/lib/active_support/dependencies.rb:133:in `require_dependency'
/usr/lib/ruby/gems/1.8/gems/activerecord-2.2.2/lib/active_record/fixtures.rb:856:in `try_to_load_dependency'
/usr/lib/ruby/gems/1.8/gems/activerecord-2.2.2/lib/active_record/fixtures.rb:871:in `require_fixture_classes'
/usr/lib/ruby/gems/1.8/gems/activerecord-2.2.2/lib/active_record/fixtures.rb:868:in `each'
/usr/lib/ruby/gems/1.8/gems/activerecord-2.2.2/lib/active_record/fixtures.rb:868:in `require_fixture_classes'
/usr/lib/ruby/gems/1.8/gems/activerecord-2.2.2/lib/active_record/fixtures.rb:851:in `fixtures'
./test/unit/../test_helper.rb:35
test/unit/nested_assignment_test.rb:1:in `require'
test/unit/nested_assignment_test.rb:1
Unable to load manager, underlying cause no such file to load -- manager.rb 

 /usr/lib/ruby/gems/1.8/gems/activesupport-2.2.2/lib/active_support/dependencies.rb:382:in `load_without_new_constant_marking'
/usr/lib/ruby/gems/1.8/gems/activesupport-2.2.2/lib/active_support/dependencies.rb:382:in `load_file'
/usr/lib/ruby/gems/1.8/gems/activesupport-2.2.2/lib/active_support/dependencies.rb:521:in `new_constants_in'
/usr/lib/ruby/gems/1.8/gems/activesupport-2.2.2/lib/active_support/dependencies.rb:381:in `load_file'
/usr/lib/ruby/gems/1.8/gems/activesupport-2.2.2/lib/active_support/dependencies.rb:256:in `require_or_load'
/usr/lib/ruby/gems/1.8/gems/activesupport-2.2.2/lib/active_support/dependencies.rb:221:in `depend_on'
/usr/lib/ruby/gems/1.8/gems/activesupport-2.2.2/lib/active_support/dependencies.rb:133:in `require_dependency'
/usr/lib/ruby/gems/1.8/gems/activerecord-2.2.2/lib/active_record/fixtures.rb:856:in `try_to_load_dependency'
/usr/lib/ruby/gems/1.8/gems/activerecord-2.2.2/lib/active_record/fixtures.rb:871:in `require_fixture_classes'
/usr/lib/ruby/gems/1.8/gems/activerecord-2.2.2/lib/active_record/fixtures.rb:868:in `each'
/usr/lib/ruby/gems/1.8/gems/activerecord-2.2.2/lib/active_record/fixtures.rb:868:in `require_fixture_classes'
/usr/lib/ruby/gems/1.8/gems/activerecord-2.2.2/lib/active_record/fixtures.rb:851:in `fixtures'
./test/unit/../test_helper.rb:35
test/unit/nested_assignment_test.rb:1:in `require'
test/unit/nested_assignment_test.rb:1
Unable to load avatar, underlying cause no such file to load -- avatar.rb 

 /usr/lib/ruby/gems/1.8/gems/activesupport-2.2.2/lib/active_support/dependencies.rb:382:in `load_without_new_constant_marking'
/usr/lib/ruby/gems/1.8/gems/activesupport-2.2.2/lib/active_support/dependencies.rb:382:in `load_file'
/usr/lib/ruby/gems/1.8/gems/activesupport-2.2.2/lib/active_support/dependencies.rb:521:in `new_constants_in'
/usr/lib/ruby/gems/1.8/gems/activesupport-2.2.2/lib/active_support/dependencies.rb:381:in `load_file'
/usr/lib/ruby/gems/1.8/gems/activesupport-2.2.2/lib/active_support/dependencies.rb:256:in `require_or_load'
/usr/lib/ruby/gems/1.8/gems/activesupport-2.2.2/lib/active_support/dependencies.rb:221:in `depend_on'
/usr/lib/ruby/gems/1.8/gems/activesupport-2.2.2/lib/active_support/dependencies.rb:133:in `require_dependency'
/usr/lib/ruby/gems/1.8/gems/activerecord-2.2.2/lib/active_record/fixtures.rb:856:in `try_to_load_dependency'
/usr/lib/ruby/gems/1.8/gems/activerecord-2.2.2/lib/active_record/fixtures.rb:871:in `require_fixture_classes'
/usr/lib/ruby/gems/1.8/gems/activerecord-2.2.2/lib/active_record/fixtures.rb:868:in `each'
/usr/lib/ruby/gems/1.8/gems/activerecord-2.2.2/lib/active_record/fixtures.rb:868:in `require_fixture_classes'
/usr/lib/ruby/gems/1.8/gems/activerecord-2.2.2/lib/active_record/fixtures.rb:851:in `fixtures'
./test/unit/../test_helper.rb:35
test/unit/nested_assignment_test.rb:1:in `require'
test/unit/nested_assignment_test.rb:1
Unable to load tag, underlying cause no such file to load -- tag.rb 

 /usr/lib/ruby/gems/1.8/gems/activesupport-2.2.2/lib/active_support/dependencies.rb:382:in `load_without_new_constant_marking'
/usr/lib/ruby/gems/1.8/gems/activesupport-2.2.2/lib/active_support/dependencies.rb:382:in `load_file'
/usr/lib/ruby/gems/1.8/gems/activesupport-2.2.2/lib/active_support/dependencies.rb:521:in `new_constants_in'
/usr/lib/ruby/gems/1.8/gems/activesupport-2.2.2/lib/active_support/dependencies.rb:381:in `load_file'
/usr/lib/ruby/gems/1.8/gems/activesupport-2.2.2/lib/active_support/dependencies.rb:256:in `require_or_load'
/usr/lib/ruby/gems/1.8/gems/activesupport-2.2.2/lib/active_support/dependencies.rb:221:in `depend_on'
/usr/lib/ruby/gems/1.8/gems/activesupport-2.2.2/lib/active_support/dependencies.rb:133:in `require_dependency'
/usr/lib/ruby/gems/1.8/gems/activerecord-2.2.2/lib/active_record/fixtures.rb:856:in `try_to_load_dependency'
/usr/lib/ruby/gems/1.8/gems/activerecord-2.2.2/lib/active_record/fixtures.rb:871:in `require_fixture_classes'
/usr/lib/ruby/gems/1.8/gems/activerecord-2.2.2/lib/active_record/fixtures.rb:868:in `each'
/usr/lib/ruby/gems/1.8/gems/activerecord-2.2.2/lib/active_record/fixtures.rb:868:in `require_fixture_classes'
/usr/lib/ruby/gems/1.8/gems/activerecord-2.2.2/lib/active_record/fixtures.rb:851:in `fixtures'
./test/unit/../test_helper.rb:35
test/unit/nested_assignment_test.rb:1:in `require'
test/unit/nested_assignment_test.rb:1
Unable to load user, underlying cause no such file to load -- user.rb 

 /usr/lib/ruby/gems/1.8/gems/activesupport-2.2.2/lib/active_support/dependencies.rb:382:in `load_without_new_constant_marking'
/usr/lib/ruby/gems/1.8/gems/activesupport-2.2.2/lib/active_support/dependencies.rb:382:in `load_file'
/usr/lib/ruby/gems/1.8/gems/activesupport-2.2.2/lib/active_support/dependencies.rb:521:in `new_constants_in'
/usr/lib/ruby/gems/1.8/gems/activesupport-2.2.2/lib/active_support/dependencies.rb:381:in `load_file'
/usr/lib/ruby/gems/1.8/gems/activesupport-2.2.2/lib/active_support/dependencies.rb:256:in `require_or_load'
/usr/lib/ruby/gems/1.8/gems/activesupport-2.2.2/lib/active_support/dependencies.rb:221:in `depend_on'
/usr/lib/ruby/gems/1.8/gems/activesupport-2.2.2/lib/active_support/dependencies.rb:133:in `require_dependency'
/usr/lib/ruby/gems/1.8/gems/activerecord-2.2.2/lib/active_record/fixtures.rb:856:in `try_to_load_dependency'
/usr/lib/ruby/gems/1.8/gems/activerecord-2.2.2/lib/active_record/fixtures.rb:871:in `require_fixture_classes'
/usr/lib/ruby/gems/1.8/gems/activerecord-2.2.2/lib/active_record/fixtures.rb:868:in `each'
/usr/lib/ruby/gems/1.8/gems/activerecord-2.2.2/lib/active_record/fixtures.rb:868:in `require_fixture_classes'
/usr/lib/ruby/gems/1.8/gems/activerecord-2.2.2/lib/active_record/fixtures.rb:851:in `fixtures'
./test/unit/../test_helper.rb:35
test/unit/nested_assignment_test.rb:1:in `require'
test/unit/nested_assignment_test.rb:1
Unable to load task, underlying cause no such file to load -- task.rb 

 /usr/lib/ruby/gems/1.8/gems/activesupport-2.2.2/lib/active_support/dependencies.rb:382:in `load_without_new_constant_marking'
/usr/lib/ruby/gems/1.8/gems/activesupport-2.2.2/lib/active_support/dependencies.rb:382:in `load_file'
/usr/lib/ruby/gems/1.8/gems/activesupport-2.2.2/lib/active_support/dependencies.rb:521:in `new_constants_in'
/usr/lib/ruby/gems/1.8/gems/activesupport-2.2.2/lib/active_support/dependencies.rb:381:in `load_file'
/usr/lib/ruby/gems/1.8/gems/activesupport-2.2.2/lib/active_support/dependencies.rb:256:in `require_or_load'
/usr/lib/ruby/gems/1.8/gems/activesupport-2.2.2/lib/active_support/dependencies.rb:221:in `depend_on'
/usr/lib/ruby/gems/1.8/gems/activesupport-2.2.2/lib/active_support/dependencies.rb:133:in `require_dependency'
/usr/lib/ruby/gems/1.8/gems/activerecord-2.2.2/lib/active_record/fixtures.rb:856:in `try_to_load_dependency'
/usr/lib/ruby/gems/1.8/gems/activerecord-2.2.2/lib/active_record/fixtures.rb:871:in `require_fixture_classes'
/usr/lib/ruby/gems/1.8/gems/activerecord-2.2.2/lib/active_record/fixtures.rb:868:in `each'
/usr/lib/ruby/gems/1.8/gems/activerecord-2.2.2/lib/active_record/fixtures.rb:868:in `require_fixture_classes'
/usr/lib/ruby/gems/1.8/gems/activerecord-2.2.2/lib/active_record/fixtures.rb:851:in `fixtures'
./test/unit/../test_helper.rb:35
test/unit/nested_assignment_test.rb:1:in `require'
test/unit/nested_assignment_test.rb:1
Unable to load groups_user, underlying cause no such file to load -- groups_user.rb 

 /usr/lib/ruby/gems/1.8/gems/activesupport-2.2.2/lib/active_support/dependencies.rb:382:in `load_without_new_constant_marking'
/usr/lib/ruby/gems/1.8/gems/activesupport-2.2.2/lib/active_support/dependencies.rb:382:in `load_file'
/usr/lib/ruby/gems/1.8/gems/activesupport-2.2.2/lib/active_support/dependencies.rb:521:in `new_constants_in'
/usr/lib/ruby/gems/1.8/gems/activesupport-2.2.2/lib/active_support/dependencies.rb:381:in `load_file'
/usr/lib/ruby/gems/1.8/gems/activesupport-2.2.2/lib/active_support/dependencies.rb:256:in `require_or_load'
/usr/lib/ruby/gems/1.8/gems/activesupport-2.2.2/lib/active_support/dependencies.rb:221:in `depend_on'
/usr/lib/ruby/gems/1.8/gems/activesupport-2.2.2/lib/active_support/dependencies.rb:133:in `require_dependency'
/usr/lib/ruby/gems/1.8/gems/activerecord-2.2.2/lib/active_record/fixtures.rb:856:in `try_to_load_dependency'
/usr/lib/ruby/gems/1.8/gems/activerecord-2.2.2/lib/active_record/fixtures.rb:871:in `require_fixture_classes'
/usr/lib/ruby/gems/1.8/gems/activerecord-2.2.2/lib/active_record/fixtures.rb:868:in `each'
/usr/lib/ruby/gems/1.8/gems/activerecord-2.2.2/lib/active_record/fixtures.rb:868:in `require_fixture_classes'
/usr/lib/ruby/gems/1.8/gems/activerecord-2.2.2/lib/active_record/fixtures.rb:851:in `fixtures'
./test/unit/../test_helper.rb:35
test/unit/nested_assignment_test.rb:1:in `require'
test/unit/nested_assignment_test.rb:1
  [4;35;1mPluginTestModels::User Load (0.1ms)[0m   [0mSELECT * FROM "users" WHERE ("users"."id" = 1) [0m
  [4;36;1mPluginTestModels::Manager Load (0.1ms)[0m   [0;1mSELECT * FROM "managers" WHERE ("managers"."id" = 1) [0m
  [4;35;1mPluginTestModels::Manager Load (0.1ms)[0m   [0mSELECT * FROM "managers" WHERE ("managers"."id" = 1) [0m
  [4;36;1mPluginTestModels::Manager Load (0.1ms)[0m   [0;1mSELECT * FROM "managers" WHERE ("managers"."id" = 1) [0m
  [4;35;1mPluginTestModels::User Load (0.1ms)[0m   [0mSELECT * FROM "users" WHERE ("users"."id" = 1) [0m
  [4;36;1mPluginTestModels::Manager Load (0.1ms)[0m   [0;1mSELECT * FROM "managers" WHERE ("managers"."id" = 1) [0m
  [4;35;1mPluginTestModels::Manager Load (0.1ms)[0m   [0mSELECT * FROM "managers" WHERE ("managers"."id" = 1) [0m
  [4;36;1mPluginTestModels::User Load (0.1ms)[0m   [0;1mSELECT * FROM "users" WHERE ("users"."id" = 1) [0m
  [4;35;1mPluginTestModels::Manager Load (0.1ms)[0m   [0mSELECT * FROM "managers" WHERE ("managers"."id" = 1) [0m
  [4;36;1mPluginTestModels::User Load (0.1ms)[0m   [0;1mSELECT * FROM "users" WHERE ("users"."id" = 1) [0m
  [4;35;1mPluginTestModels::Manager Load (0.1ms)[0m   [0mSELECT * FROM "managers" WHERE ("managers"."id" = 1) [0m
  [4;36;1mPluginTestModels::Manager Load (0.1ms)[0m   [0;1mSELECT * FROM "managers" WHERE ("managers"."id" = 1) [0m
WARNING: Can't mass-assign these protected attributes: id
  [4;35;1mPluginTestModels::Manager Load (0.1ms)[0m   [0mSELECT * FROM "managers" WHERE ("managers"."id" = 1) [0m
  [4;36;1mPluginTestModels::User Load (0.1ms)[0m   [0;1mSELECT * FROM "users" WHERE ("users"."id" = 1) [0m
  [4;35;1mPluginTestModels::User Load (0.1ms)[0m   [0mSELECT * FROM "users" WHERE ("users"."id" = 1) [0m
  [4;36;1mPluginTestModels::User Load (0.1ms)[0m   [0;1mSELECT * FROM "users" WHERE ("users"."id" = 1) [0m
  [4;35;1mPluginTestModels::User Load (0.1ms)[0m   [0mSELECT * FROM "users" WHERE ("users"."id" = 1) [0m
  [4;36;1mPluginTestModels::User Load (0.1ms)[0m   [0;1mSELECT * FROM "users" WHERE ("users"."id" = 1) [0m
  [4;35;1mPluginTestModels::User Load (0.1ms)[0m   [0mSELECT * FROM "users" WHERE ("users"."id" = 1) [0m
  [4;36;1mPluginTestModels::User Load (0.1ms)[0m   [0;1mSELECT * FROM "users" WHERE ("users"."id" = 1) [0m
  [4;35;1mPluginTestModels::User Load (0.1ms)[0m   [0mSELECT * FROM "users" WHERE ("users"."id" = 1) [0m
  [4;36;1mPluginTestModels::User Load (0.1ms)[0m   [0;1mSELECT * FROM "users" WHERE ("users"."id" = 1) [0m
  [4;35;1mPluginTestModels::User Load (0.1ms)[0m   [0mSELECT * FROM "users" WHERE ("users"."id" = 1) [0m
  [4;36;1mPluginTestModels::User Load (0.1ms)[0m   [0;1mSELECT * FROM "users" WHERE ("users"."id" = 1) [0m
  [4;35;1mPluginTestModels::User Load (0.1ms)[0m   [0mSELECT * FROM "users" WHERE ("users"."id" = 1) [0m
  [4;36;1mPluginTestModels::User Load (0.1ms)[0m   [0;1mSELECT * FROM "users" WHERE ("users"."id" = 1) [0m
  [4;35;1mPluginTestModels::Avatar Load (0.1ms)[0m   [0mSELECT * FROM "avatars" WHERE ("avatars"."id" = 1) [0m
  [4;36;1mPluginTestModels::Avatar Load (0.1ms)[0m   [0;1mSELECT * FROM "avatars" WHERE ("avatars".user_id = 1) LIMIT 1[0m
  [4;35;1mPluginTestModels::Avatar Load (0.1ms)[0m   [0mSELECT * FROM "avatars" WHERE ("avatars"."id" = 1) [0m
  [4;36;1mPluginTestModels::User Load (0.1ms)[0m   [0;1mSELECT * FROM "users" WHERE ("users"."id" = 1) [0m
  [4;35;1mPluginTestModels::Avatar Load (0.1ms)[0m   [0mSELECT * FROM "avatars" WHERE ("avatars"."id" = 1) [0m
  [4;36;1mPluginTestModels::Avatar Load (0.1ms)[0m   [0;1mSELECT * FROM "avatars" WHERE ("avatars".user_id = 1) LIMIT 1[0m
  [4;35;1mPluginTestModels::Avatar Update (0.1ms)[0m   [0mUPDATE "avatars" SET "user_id" = NULL WHERE "id" = 1[0m
  [4;36;1mPluginTestModels::Avatar Load (0.1ms)[0m   [0;1mSELECT * FROM "avatars" WHERE ("avatars"."id" = 1) [0m
  [4;35;1mPluginTestModels::User Load (0.1ms)[0m   [0mSELECT * FROM "users" WHERE ("users"."id" = 1) [0m
  [4;36;1mPluginTestModels::Avatar Load (0.1ms)[0m   [0;1mSELECT * FROM "avatars" WHERE ("avatars"."id" = 1) [0m
  [4;35;1mPluginTestModels::Avatar Load (0.1ms)[0m   [0mSELECT * FROM "avatars" WHERE ("avatars".user_id = 1) LIMIT 1[0m
WARNING: Can't mass-assign these protected attributes: id
  [4;36;1mPluginTestModels::Avatar Load (0.1ms)[0m   [0;1mSELECT * FROM "avatars" WHERE ("avatars"."id" = 1) [0m
  [4;35;1mSQL (0.4ms)[0m   [0m SELECT name
 FROM sqlite_master
 WHERE type = 'table' AND NOT name = 'sqlite_sequence'
[0m
  [4;36;1mSQL (0.4ms)[0m   [0;1m SELECT name
 FROM sqlite_master
 WHERE type = 'table' AND NOT name = 'sqlite_sequence'
[0m
  [4;35;1mSQL (0.4ms)[0m   [0m SELECT name
 FROM sqlite_master
 WHERE type = 'table' AND NOT name = 'sqlite_sequence'
[0m
  [4;36;1mSQL (0.4ms)[0m   [0;1m SELECT name
 FROM sqlite_master
 WHERE type = 'table' AND NOT name = 'sqlite_sequence'
[0m
  [4;35;1mSQL (0.4ms)[0m   [0m SELECT name
 FROM sqlite_master
 WHERE type = 'table' AND NOT name = 'sqlite_sequence'
[0m
  [4;36;1mSQL (0.4ms)[0m   [0;1m SELECT name
 FROM sqlite_master
 WHERE type = 'table' AND NOT name = 'sqlite_sequence'
[0m
  [4;35;1mSQL (0.4ms)[0m   [0m SELECT name
 FROM sqlite_master
 WHERE type = 'table' AND NOT name = 'sqlite_sequence'
[0m
  [4;36;1mSQL (0.4ms)[0m   [0;1m SELECT name
 FROM sqlite_master
 WHERE type = 'table' AND NOT name = 'sqlite_sequence'
[0m
  [4;35;1mSQL (0.4ms)[0m   [0m SELECT name
 FROM sqlite_master
 WHERE type = 'table' AND NOT name = 'sqlite_sequence'
[0m
  [4;36;1mSQL (0.4ms)[0m   [0;1m SELECT name
 FROM sqlite_master
 WHERE type = 'table' AND NOT name = 'sqlite_sequence'
[0m
  [4;35;1mSQL (0.4ms)[0m   [0m SELECT name
 FROM sqlite_master
 WHERE type = 'table' AND NOT name = 'sqlite_sequence'
[0m
  [4;36;1mSQL (0.4ms)[0m   [0;1m SELECT name
 FROM sqlite_master
 WHERE type = 'table' AND NOT name = 'sqlite_sequence'
[0m
  [4;35;1mSQL (0.4ms)[0m   [0m SELECT name
 FROM sqlite_master
 WHERE type = 'table' AND NOT name = 'sqlite_sequence'
[0m
  [4;36;1mSQL (0.4ms)[0m   [0;1m SELECT name
 FROM sqlite_master
 WHERE type = 'table' AND NOT name = 'sqlite_sequence'
[0m
  [4;35;1mSQL (0.4ms)[0m   [0m SELECT name
 FROM sqlite_master
 WHERE type = 'table' AND NOT name = 'sqlite_sequence'
[0m
  [4;36;1mSQL (0.4ms)[0m   [0;1m SELECT name
 FROM sqlite_master
 WHERE type = 'table' AND NOT name = 'sqlite_sequence'
[0m
  [4;35;1mSQL (0.4ms)[0m   [0m SELECT name
 FROM sqlite_master
 WHERE type = 'table' AND NOT name = 'sqlite_sequence'
[0m
  [4;36;1mSQL (0.4ms)[0m   [0;1m SELECT name
 FROM sqlite_master
 WHERE type = 'table' AND NOT name = 'sqlite_sequence'
[0m
  [4;35;1mSQL (0.4ms)[0m   [0m SELECT name
 FROM sqlite_master
 WHERE type = 'table' AND NOT name = 'sqlite_sequence'
[0m
  [4;36;1mSQL (0.4ms)[0m   [0;1m SELECT name
 FROM sqlite_master
 WHERE type = 'table' AND NOT name = 'sqlite_sequence'
[0m
  [4;35;1mSQL (0.4ms)[0m   [0m SELECT name
 FROM sqlite_master
 WHERE type = 'table' AND NOT name = 'sqlite_sequence'
[0m
  [4;36;1mSQL (0.4ms)[0m   [0;1m SELECT name
 FROM sqlite_master
 WHERE type = 'table' AND NOT name = 'sqlite_sequence'
[0m
  [4;35;1mSQL (0.4ms)[0m   [0m SELECT name
 FROM sqlite_master
 WHERE type = 'table' AND NOT name = 'sqlite_sequence'
[0m
  [4;36;1mSQL (0.4ms)[0m   [0;1m SELECT name
 FROM sqlite_master
 WHERE type = 'table' AND NOT name = 'sqlite_sequence'
[0m
  [4;35;1mSQL (0.4ms)[0m   [0m SELECT name
 FROM sqlite_master
 WHERE type = 'table' AND NOT name = 'sqlite_sequence'
[0m
  [4;36;1mSQL (0.4ms)[0m   [0;1m SELECT name
 FROM sqlite_master
 WHERE type = 'table' AND NOT name = 'sqlite_sequence'
[0m
  [4;35;1mSQL (0.4ms)[0m   [0m SELECT name
 FROM sqlite_master
 WHERE type = 'table' AND NOT name = 'sqlite_sequence'
[0m
  [4;36;1mSQL (0.4ms)[0m   [0;1m SELECT name
 FROM sqlite_master
 WHERE type = 'table' AND NOT name = 'sqlite_sequence'
[0m
  [4;35;1mSQL (0.4ms)[0m   [0m SELECT name
 FROM sqlite_master
 WHERE type = 'table' AND NOT name = 'sqlite_sequence'
[0m
  [4;36;1mSQL (0.4ms)[0m   [0;1m SELECT name
 FROM sqlite_master
 WHERE type = 'table' AND NOT name = 'sqlite_sequence'
[0m
  [4;35;1mSQL (0.4ms)[0m   [0m SELECT name
 FROM sqlite_master
 WHERE type = 'table' AND NOT name = 'sqlite_sequence'
[0m
  [4;36;1mSQL (0.4ms)[0m   [0;1m SELECT name
 FROM sqlite_master
 WHERE type = 'table' AND NOT name = 'sqlite_sequence'
[0m
  [4;35;1mSQL (0.4ms)[0m   [0m SELECT name
 FROM sqlite_master
 WHERE type = 'table' AND NOT name = 'sqlite_sequence'
[0m
  [4;36;1mSQL (0.4ms)[0m   [0;1m SELECT name
 FROM sqlite_master
 WHERE type = 'table' AND NOT name = 'sqlite_sequence'
[0m
  [4;35;1mSQL (0.4ms)[0m   [0m SELECT name
 FROM sqlite_master
 WHERE type = 'table' AND NOT name = 'sqlite_sequence'
[0m
  [4;36;1mSQL (0.4ms)[0m   [0;1m SELECT name
 FROM sqlite_master
 WHERE type = 'table' AND NOT name = 'sqlite_sequence'
[0m
  [4;35;1mSQL (0.4ms)[0m   [0m SELECT name
 FROM sqlite_master
 WHERE type = 'table' AND NOT name = 'sqlite_sequence'
[0m
  [4;36;1mSQL (0.4ms)[0m   [0;1m SELECT name
 FROM sqlite_master
 WHERE type = 'table' AND NOT name = 'sqlite_sequence'
[0m
  [4;35;1mSQL (0.4ms)[0m   [0m SELECT name
 FROM sqlite_master
 WHERE type = 'table' AND NOT name = 'sqlite_sequence'
[0m
  [4;36;1mSQL (0.4ms)[0m   [0;1m SELECT name
 FROM sqlite_master
 WHERE type = 'table' AND NOT name = 'sqlite_sequence'
[0m
  [4;35;1mSQL (0.4ms)[0m   [0m SELECT name
 FROM sqlite_master
 WHERE type = 'table' AND NOT name = 'sqlite_sequence'
[0m
  [4;36;1mSQL (0.4ms)[0m   [0;1m SELECT name
 FROM sqlite_master
 WHERE type = 'table' AND NOT name = 'sqlite_sequence'
[0m
  [4;35;1mSQL (0.4ms)[0m   [0m SELECT name
 FROM sqlite_master
 WHERE type = 'table' AND NOT name = 'sqlite_sequence'
[0m
  [4;36;1mSQL (0.4ms)[0m   [0;1m SELECT name
 FROM sqlite_master
 WHERE type = 'table' AND NOT name = 'sqlite_sequence'
[0m
  [4;35;1mSQL (0.4ms)[0m   [0m SELECT name
 FROM sqlite_master
 WHERE type = 'table' AND NOT name = 'sqlite_sequence'
[0m
  [4;36;1mSQL (0.4ms)[0m   [0;1m SELECT name
 FROM sqlite_master
 WHERE type = 'table' AND NOT name = 'sqlite_sequence'
[0m
  [4;35;1mSQL (0.4ms)[0m   [0m SELECT name
 FROM sqlite_master
 WHERE type = 'table' AND NOT name = 'sqlite_sequence'
[0m
  [4;36;1mSQL (0.4ms)[0m   [0;1m SELECT name
 FROM sqlite_master
 WHERE type = 'table' AND NOT name = 'sqlite_sequence'
[0m
  [4;36;1mSQL (0.2ms)[0m   [0;1mselect sqlite_version(*)[0m
  [4;35;1mSQL (0.1ms)[0m   [0m SELECT name
 FROM sqlite_master
 WHERE type = 'table' AND NOT name = 'sqlite_sequence'
[0m
  [4;36;1mSQL (0.3ms)[0m   [0;1mCREATE TABLE "users" ("id" INTEGER PRIMARY KEY AUTOINCREMENT NOT NULL, "manager_id" integer, "name" varchar(255)) [0m
  [4;35;1mSQL (0.1ms)[0m   [0m SELECT name
 FROM sqlite_master
 WHERE type = 'table' AND NOT name = 'sqlite_sequence'
[0m
  [4;36;1mSQL (0.1ms)[0m   [0;1mCREATE TABLE "avatars" ("id" INTEGER PRIMARY KEY AUTOINCREMENT NOT NULL, "user_id" integer, "name" varchar(255)) [0m
  [4;35;1mSQL (0.2ms)[0m   [0m SELECT name
 FROM sqlite_master
 WHERE type = 'table' AND NOT name = 'sqlite_sequence'
[0m
  [4;36;1mSQL (0.1ms)[0m   [0;1mCREATE TABLE "managers" ("id" INTEGER PRIMARY KEY AUTOINCREMENT NOT NULL, "name" varchar(255)) [0m
  [4;35;1mSQL (0.2ms)[0m   [0m SELECT name
 FROM sqlite_master
 WHERE type = 'table' AND NOT name = 'sqlite_sequence'
[0m
  [4;36;1mSQL (0.1ms)[0m   [0;1mCREATE TABLE "tasks" ("id" INTEGER PRIMARY KEY AUTOINCREMENT NOT NULL, "user_id" integer, "name" varchar(255)) [0m
  [4;35;1mSQL (0.2ms)[0m   [0m SELECT name
 FROM sqlite_master
 WHERE type = 'table' AND NOT name = 'sqlite_sequence'
[0m
  [4;36;1mSQL (0.1ms)[0m   [0;1mCREATE TABLE "tags" ("id" INTEGER PRIMARY KEY AUTOINCREMENT NOT NULL, "user_id" integer, "name" varchar(255)) [0m
  [4;35;1mSQL (0.3ms)[0m   [0m SELECT name
 FROM sqlite_master
 WHERE type = 'table' AND NOT name = 'sqlite_sequence'
[0m
  [4;36;1mSQL (0.1ms)[0m   [0;1mCREATE TABLE "groups" ("id" INTEGER PRIMARY KEY AUTOINCREMENT NOT NULL, "user_id" integer, "name" varchar(255)) [0m
  [4;35;1mSQL (0.3ms)[0m   [0m SELECT name
 FROM sqlite_master
 WHERE type = 'table' AND NOT name = 'sqlite_sequence'
[0m
  [4;36;1mSQL (0.1ms)[0m   [0;1mCREATE TABLE "groups_users" ("group_id" integer, "user_id" integer) [0m
  [4;35;1mSQL (0.3ms)[0m   [0m SELECT name
 FROM sqlite_master
 WHERE type = 'table' AND NOT name = 'sqlite_sequence'
[0m
  [4;36;1mSQL (0.1ms)[0m   [0;1mCREATE TABLE "schema_migrations" ("version" varchar(255) NOT NULL) [0m
  [4;35;1mSQL (0.1ms)[0m   [0mCREATE UNIQUE INDEX "unique_schema_migrations" ON "schema_migrations" ("version")[0m
  [4;36;1mSQL (0.4ms)[0m   [0;1m SELECT name
 FROM sqlite_master
 WHERE type = 'table' AND NOT name = 'sqlite_sequence'
[0m
  [4;35;1mSQL (0.1ms)[0m   [0mSELECT version FROM "schema_migrations"[0m
  [4;36;1mSQL (0.1ms)[0m   [0;1mINSERT INTO "schema_migrations" (version) VALUES ('1')[0m
Unable to load group, underlying cause no such file to load -- group.rb 

 /usr/lib/ruby/gems/1.8/gems/activesupport-2.2.2/lib/active_support/dependencies.rb:382:in `load_without_new_constant_marking'
/usr/lib/ruby/gems/1.8/gems/activesupport-2.2.2/lib/active_support/dependencies.rb:382:in `load_file'
/usr/lib/ruby/gems/1.8/gems/activesupport-2.2.2/lib/active_support/dependencies.rb:521:in `new_constants_in'
/usr/lib/ruby/gems/1.8/gems/activesupport-2.2.2/lib/active_support/dependencies.rb:381:in `load_file'
/usr/lib/ruby/gems/1.8/gems/activesupport-2.2.2/lib/active_support/dependencies.rb:256:in `require_or_load'
/usr/lib/ruby/gems/1.8/gems/activesupport-2.2.2/lib/active_support/dependencies.rb:221:in `depend_on'
/usr/lib/ruby/gems/1.8/gems/activesupport-2.2.2/lib/active_support/dependencies.rb:133:in `require_dependency'
/usr/lib/ruby/gems/1.8/gems/activerecord-2.2.2/lib/active_record/fixtures.rb:856:in `try_to_load_dependency'
/usr/lib/ruby/gems/1.8/gems/activerecord-2.2.2/lib/active_record/fixtures.rb:871:in `require_fixture_classes'
/usr/lib/ruby/gems/1.8/gems/activerecord-2.2.2/lib/active_record/fixtures.rb:868:in `each'
/usr/lib/ruby/gems/1.8/gems/activerecord-2.2.2/lib/active_record/fixtures.rb:868:in `require_fixture_classes'
/usr/lib/ruby/gems/1.8/gems/activerecord-2.2.2/lib/active_record/fixtures.rb:851:in `fixtures'
./test/unit/../test_helper.rb:35
test/unit/nested_assignment_test.rb:1:in `require'
test/unit/nested_assignment_test.rb:1
Unable to load manager, underlying cause no such file to load -- manager.rb 

 /usr/lib/ruby/gems/1.8/gems/activesupport-2.2.2/lib/active_support/dependencies.rb:382:in `load_without_new_constant_marking'
/usr/lib/ruby/gems/1.8/gems/activesupport-2.2.2/lib/active_support/dependencies.rb:382:in `load_file'
/usr/lib/ruby/gems/1.8/gems/activesupport-2.2.2/lib/active_support/dependencies.rb:521:in `new_constants_in'
/usr/lib/ruby/gems/1.8/gems/activesupport-2.2.2/lib/active_support/dependencies.rb:381:in `load_file'
/usr/lib/ruby/gems/1.8/gems/activesupport-2.2.2/lib/active_support/dependencies.rb:256:in `require_or_load'
/usr/lib/ruby/gems/1.8/gems/activesupport-2.2.2/lib/active_support/dependencies.rb:221:in `depend_on'
/usr/lib/ruby/gems/1.8/gems/activesupport-2.2.2/lib/active_support/dependencies.rb:133:in `require_dependency'
/usr/lib/ruby/gems/1.8/gems/activerecord-2.2.2/lib/active_record/fixtures.rb:856:in `try_to_load_dependency'
/usr/lib/ruby/gems/1.8/gems/activerecord-2.2.2/lib/active_record/fixtures.rb:871:in `require_fixture_classes'
/usr/lib/ruby/gems/1.8/gems/activerecord-2.2.2/lib/active_record/fixtures.rb:868:in `each'
/usr/lib/ruby/gems/1.8/gems/activerecord-2.2.2/lib/active_record/fixtures.rb:868:in `require_fixture_classes'
/usr/lib/ruby/gems/1.8/gems/activerecord-2.2.2/lib/active_record/fixtures.rb:851:in `fixtures'
./test/unit/../test_helper.rb:35
test/unit/nested_assignment_test.rb:1:in `require'
test/unit/nested_assignment_test.rb:1
Unable to load avatar, underlying cause no such file to load -- avatar.rb 

 /usr/lib/ruby/gems/1.8/gems/activesupport-2.2.2/lib/active_support/dependencies.rb:382:in `load_without_new_constant_marking'
/usr/lib/ruby/gems/1.8/gems/activesupport-2.2.2/lib/active_support/dependencies.rb:382:in `load_file'
/usr/lib/ruby/gems/1.8/gems/activesupport-2.2.2/lib/active_support/dependencies.rb:521:in `new_constants_in'
/usr/lib/ruby/gems/1.8/gems/activesupport-2.2.2/lib/active_support/dependencies.rb:381:in `load_file'
/usr/lib/ruby/gems/1.8/gems/activesupport-2.2.2/lib/active_support/dependencies.rb:256:in `require_or_load'
/usr/lib/ruby/gems/1.8/gems/activesupport-2.2.2/lib/active_support/dependencies.rb:221:in `depend_on'
/usr/lib/ruby/gems/1.8/gems/activesupport-2.2.2/lib/active_support/dependencies.rb:133:in `require_dependency'
/usr/lib/ruby/gems/1.8/gems/activerecord-2.2.2/lib/active_record/fixtures.rb:856:in `try_to_load_dependency'
/usr/lib/ruby/gems/1.8/gems/activerecord-2.2.2/lib/active_record/fixtures.rb:871:in `require_fixture_classes'
/usr/lib/ruby/gems/1.8/gems/activerecord-2.2.2/lib/active_record/fixtures.rb:868:in `each'
/usr/lib/ruby/gems/1.8/gems/activerecord-2.2.2/lib/active_record/fixtures.rb:868:in `require_fixture_classes'
/usr/lib/ruby/gems/1.8/gems/activerecord-2.2.2/lib/active_record/fixtures.rb:851:in `fixtures'
./test/unit/../test_helper.rb:35
test/unit/nested_assignment_test.rb:1:in `require'
test/unit/nested_assignment_test.rb:1
Unable to load tag, underlying cause no such file to load -- tag.rb 

 /usr/lib/ruby/gems/1.8/gems/activesupport-2.2.2/lib/active_support/dependencies.rb:382:in `load_without_new_constant_marking'
/usr/lib/ruby/gems/1.8/gems/activesupport-2.2.2/lib/active_support/dependencies.rb:382:in `load_file'
/usr/lib/ruby/gems/1.8/gems/activesupport-2.2.2/lib/active_support/dependencies.rb:521:in `new_constants_in'
/usr/lib/ruby/gems/1.8/gems/activesupport-2.2.2/lib/active_support/dependencies.rb:381:in `load_file'
/usr/lib/ruby/gems/1.8/gems/activesupport-2.2.2/lib/active_support/dependencies.rb:256:in `require_or_load'
/usr/lib/ruby/gems/1.8/gems/activesupport-2.2.2/lib/active_support/dependencies.rb:221:in `depend_on'
/usr/lib/ruby/gems/1.8/gems/activesupport-2.2.2/lib/active_support/dependencies.rb:133:in `require_dependency'
/usr/lib/ruby/gems/1.8/gems/activerecord-2.2.2/lib/active_record/fixtures.rb:856:in `try_to_load_dependency'
/usr/lib/ruby/gems/1.8/gems/activerecord-2.2.2/lib/active_record/fixtures.rb:871:in `require_fixture_classes'
/usr/lib/ruby/gems/1.8/gems/activerecord-2.2.2/lib/active_record/fixtures.rb:868:in `each'
/usr/lib/ruby/gems/1.8/gems/activerecord-2.2.2/lib/active_record/fixtures.rb:868:in `require_fixture_classes'
/usr/lib/ruby/gems/1.8/gems/activerecord-2.2.2/lib/active_record/fixtures.rb:851:in `fixtures'
./test/unit/../test_helper.rb:35
test/unit/nested_assignment_test.rb:1:in `require'
test/unit/nested_assignment_test.rb:1
Unable to load user, underlying cause no such file to load -- user.rb 

 /usr/lib/ruby/gems/1.8/gems/activesupport-2.2.2/lib/active_support/dependencies.rb:382:in `load_without_new_constant_marking'
/usr/lib/ruby/gems/1.8/gems/activesupport-2.2.2/lib/active_support/dependencies.rb:382:in `load_file'
/usr/lib/ruby/gems/1.8/gems/activesupport-2.2.2/lib/active_support/dependencies.rb:521:in `new_constants_in'
/usr/lib/ruby/gems/1.8/gems/activesupport-2.2.2/lib/active_support/dependencies.rb:381:in `load_file'
/usr/lib/ruby/gems/1.8/gems/activesupport-2.2.2/lib/active_support/dependencies.rb:256:in `require_or_load'
/usr/lib/ruby/gems/1.8/gems/activesupport-2.2.2/lib/active_support/dependencies.rb:221:in `depend_on'
/usr/lib/ruby/gems/1.8/gems/activesupport-2.2.2/lib/active_support/dependencies.rb:133:in `require_dependency'
/usr/lib/ruby/gems/1.8/gems/activerecord-2.2.2/lib/active_record/fixtures.rb:856:in `try_to_load_dependency'
/usr/lib/ruby/gems/1.8/gems/activerecord-2.2.2/lib/active_record/fixtures.rb:871:in `require_fixture_classes'
/usr/lib/ruby/gems/1.8/gems/activerecord-2.2.2/lib/active_record/fixtures.rb:868:in `each'
/usr/lib/ruby/gems/1.8/gems/activerecord-2.2.2/lib/active_record/fixtures.rb:868:in `require_fixture_classes'
/usr/lib/ruby/gems/1.8/gems/activerecord-2.2.2/lib/active_record/fixtures.rb:851:in `fixtures'
./test/unit/../test_helper.rb:35
test/unit/nested_assignment_test.rb:1:in `require'
test/unit/nested_assignment_test.rb:1
Unable to load task, underlying cause no such file to load -- task.rb 

 /usr/lib/ruby/gems/1.8/gems/activesupport-2.2.2/lib/active_support/dependencies.rb:382:in `load_without_new_constant_marking'
/usr/lib/ruby/gems/1.8/gems/activesupport-2.2.2/lib/active_support/dependencies.rb:382:in `load_file'
/usr/lib/ruby/gems/1.8/gems/activesupport-2.2.2/lib/active_support/dependencies.rb:521:in `new_constants_in'
/usr/lib/ruby/gems/1.8/gems/activesupport-2.2.2/lib/active_support/dependencies.rb:381:in `load_file'
/usr/lib/ruby/gems/1.8/gems/activesupport-2.2.2/lib/active_support/dependencies.rb:256:in `require_or_load'
/usr/lib/ruby/gems/1.8/gems/activesupport-2.2.2/lib/active_support/dependencies.rb:221:in `depend_on'
/usr/lib/ruby/gems/1.8/gems/activesupport-2.2.2/lib/active_support/dependencies.rb:133:in `require_dependency'
/usr/lib/ruby/gems/1.8/gems/activerecord-2.2.2/lib/active_record/fixtures.rb:856:in `try_to_load_dependency'
/usr/lib/ruby/gems/1.8/gems/activerecord-2.2.2/lib/active_record/fixtures.rb:871:in `require_fixture_classes'
/usr/lib/ruby/gems/1.8/gems/activerecord-2.2.2/lib/active_record/fixtures.rb:868:in `each'
/usr/lib/ruby/gems/1.8/gems/activerecord-2.2.2/lib/active_record/fixtures.rb:868:in `require_fixture_classes'
/usr/lib/ruby/gems/1.8/gems/activerecord-2.2.2/lib/active_record/fixtures.rb:851:in `fixtures'
./test/unit/../test_helper.rb:35
test/unit/nested_assignment_test.rb:1:in `require'
test/unit/nested_assignment_test.rb:1
Unable to load groups_user, underlying cause no such file to load -- groups_user.rb 

 /usr/lib/ruby/gems/1.8/gems/activesupport-2.2.2/lib/active_support/dependencies.rb:382:in `load_without_new_constant_marking'
/usr/lib/ruby/gems/1.8/gems/activesupport-2.2.2/lib/active_support/dependencies.rb:382:in `load_file'
/usr/lib/ruby/gems/1.8/gems/activesupport-2.2.2/lib/active_support/dependencies.rb:521:in `new_constants_in'
/usr/lib/ruby/gems/1.8/gems/activesupport-2.2.2/lib/active_support/dependencies.rb:381:in `load_file'
/usr/lib/ruby/gems/1.8/gems/activesupport-2.2.2/lib/active_support/dependencies.rb:256:in `require_or_load'
/usr/lib/ruby/gems/1.8/gems/activesupport-2.2.2/lib/active_support/dependencies.rb:221:in `depend_on'
/usr/lib/ruby/gems/1.8/gems/activesupport-2.2.2/lib/active_support/dependencies.rb:133:in `require_dependency'
/usr/lib/ruby/gems/1.8/gems/activerecord-2.2.2/lib/active_record/fixtures.rb:856:in `try_to_load_dependency'
/usr/lib/ruby/gems/1.8/gems/activerecord-2.2.2/lib/active_record/fixtures.rb:871:in `require_fixture_classes'
/usr/lib/ruby/gems/1.8/gems/activerecord-2.2.2/lib/active_record/fixtures.rb:868:in `each'
/usr/lib/ruby/gems/1.8/gems/activerecord-2.2.2/lib/active_record/fixtures.rb:868:in `require_fixture_classes'
/usr/lib/ruby/gems/1.8/gems/activerecord-2.2.2/lib/active_record/fixtures.rb:851:in `fixtures'
./test/unit/../test_helper.rb:35
test/unit/nested_assignment_test.rb:1:in `require'
test/unit/nested_assignment_test.rb:1
  [4;35;1mPluginTestModels::User Load (0.2ms)[0m   [0mSELECT * FROM "users" WHERE ("users"."id" = 1) [0m
  [4;36;1mPluginTestModels::Manager Load (0.1ms)[0m   [0;1mSELECT * FROM "managers" WHERE ("managers"."id" = 1) [0m
  [4;35;1mPluginTestModels::Manager Load (0.1ms)[0m   [0mSELECT * FROM "managers" WHERE ("managers"."id" = 1) [0m
  [4;36;1mPluginTestModels::Manager Load (0.1ms)[0m   [0;1mSELECT * FROM "managers" WHERE ("managers"."id" = 1) [0m
  [4;35;1mPluginTestModels::User Load (0.1ms)[0m   [0mSELECT * FROM "users" WHERE ("users"."id" = 1) [0m
  [4;36;1mPluginTestModels::Manager Load (0.1ms)[0m   [0;1mSELECT * FROM "managers" WHERE ("managers"."id" = 1) [0m
  [4;35;1mPluginTestModels::Manager Load (0.1ms)[0m   [0mSELECT * FROM "managers" WHERE ("managers"."id" = 1) [0m
  [4;36;1mPluginTestModels::User Load (0.1ms)[0m   [0;1mSELECT * FROM "users" WHERE ("users"."id" = 1) [0m
  [4;35;1mPluginTestModels::Manager Load (0.1ms)[0m   [0mSELECT * FROM "managers" WHERE ("managers"."id" = 1) [0m
  [4;36;1mPluginTestModels::User Load (0.1ms)[0m   [0;1mSELECT * FROM "users" WHERE ("users"."id" = 1) [0m
  [4;35;1mPluginTestModels::Manager Load (0.1ms)[0m   [0mSELECT * FROM "managers" WHERE ("managers"."id" = 1) [0m
  [4;36;1mPluginTestModels::Manager Load (0.1ms)[0m   [0;1mSELECT * FROM "managers" WHERE ("managers"."id" = 1) [0m
WARNING: Can't mass-assign these protected attributes: id
  [4;35;1mPluginTestModels::Manager Load (0.1ms)[0m   [0mSELECT * FROM "managers" WHERE ("managers"."id" = 1) [0m
  [4;36;1mPluginTestModels::User Load (0.1ms)[0m   [0;1mSELECT * FROM "users" WHERE ("users"."id" = 1) [0m
  [4;35;1mPluginTestModels::User Load (0.1ms)[0m   [0mSELECT * FROM "users" WHERE ("users"."id" = 1) [0m
  [4;36;1mPluginTestModels::User Load (0.1ms)[0m   [0;1mSELECT * FROM "users" WHERE ("users"."id" = 1) [0m
  [4;35;1mPluginTestModels::User Load (0.1ms)[0m   [0mSELECT * FROM "users" WHERE ("users"."id" = 1) [0m
  [4;36;1mPluginTestModels::User Load (0.1ms)[0m   [0;1mSELECT * FROM "users" WHERE ("users"."id" = 1) [0m
  [4;35;1mPluginTestModels::Task Load (0.1ms)[0m   [0mSELECT * FROM "tasks" WHERE ("tasks"."id" = 1) [0m
  [4;36;1mPluginTestModels::Task Load (0.1ms)[0m   [0;1mSELECT * FROM "tasks" WHERE ("tasks".user_id = 1) [0m
  [4;35;1mPluginTestModels::User Load (0.1ms)[0m   [0mSELECT * FROM "users" WHERE ("users"."id" = 1) [0m
  [4;36;1mPluginTestModels::Task Load (0.1ms)[0m   [0;1mSELECT * FROM "tasks" WHERE ("tasks"."id" = 1) [0m
  [4;35;1mPluginTestModels::Task Load (0.1ms)[0m   [0mSELECT * FROM "tasks" WHERE ("tasks".user_id = 1) [0m
  [4;36;1mPluginTestModels::User Load (0.1ms)[0m   [0;1mSELECT * FROM "users" WHERE ("users"."id" = 1) [0m
  [4;35;1mPluginTestModels::Task Load (0.1ms)[0m   [0mSELECT * FROM "tasks" WHERE ("tasks"."id" = 1) [0m
  [4;36;1mPluginTestModels::Task Load (0.1ms)[0m   [0;1mSELECT * FROM "tasks" WHERE ("tasks".user_id = 1) [0m
  [4;35;1mPluginTestModels::User Load (0.1ms)[0m   [0mSELECT * FROM "users" WHERE ("users"."id" = 1) [0m
  [4;36;1mPluginTestModels::Task Load (0.1ms)[0m   [0;1mSELECT * FROM "tasks" WHERE ("tasks"."id" = 1) [0m
  [4;35;1mPluginTestModels::Task Load (0.1ms)[0m   [0mSELECT * FROM "tasks" WHERE ("tasks".user_id = 1) [0m
WARNING: Can't mass-assign these protected attributes: id
  [4;36;1mPluginTestModels::Task Load (0.1ms)[0m   [0;1mSELECT * FROM "tasks" WHERE ("tasks"."id" = 1) [0m
  [4;35;1mPluginTestModels::User Load (0.1ms)[0m   [0mSELECT * FROM "users" WHERE ("users"."id" = 1) [0m
  [4;36;1mPluginTestModels::User Load (0.1ms)[0m   [0;1mSELECT * FROM "users" WHERE ("users"."id" = 1) [0m
  [4;35;1mPluginTestModels::User Load (0.1ms)[0m   [0mSELECT * FROM "users" WHERE ("users"."id" = 1) [0m
  [4;36;1mPluginTestModels::User Load (0.1ms)[0m   [0;1mSELECT * FROM "users" WHERE ("users"."id" = 1) [0m
  [4;35;1mPluginTestModels::User Load (0.1ms)[0m   [0mSELECT * FROM "users" WHERE ("users"."id" = 1) [0m
  [4;36;1mPluginTestModels::Avatar Load (0.1ms)[0m   [0;1mSELECT * FROM "avatars" WHERE ("avatars"."id" = 1) [0m
  [4;35;1mPluginTestModels::Avatar Load (0.1ms)[0m   [0mSELECT * FROM "avatars" WHERE ("avatars".user_id = 1) LIMIT 1[0m
  [4;36;1mPluginTestModels::Avatar Load (0.1ms)[0m   [0;1mSELECT * FROM "avatars" WHERE ("avatars"."id" = 1) [0m
  [4;35;1mPluginTestModels::User Load (0.1ms)[0m   [0mSELECT * FROM "users" WHERE ("users"."id" = 1) [0m
  [4;36;1mPluginTestModels::Avatar Load (0.1ms)[0m   [0;1mSELECT * FROM "avatars" WHERE ("avatars"."id" = 1) [0m
  [4;35;1mPluginTestModels::Avatar Load (0.1ms)[0m   [0mSELECT * FROM "avatars" WHERE ("avatars".user_id = 1) LIMIT 1[0m
  [4;36;1mPluginTestModels::Avatar Update (0.1ms)[0m   [0;1mUPDATE "avatars" SET "user_id" = NULL WHERE "id" = 1[0m
  [4;35;1mPluginTestModels::Avatar Load (0.1ms)[0m   [0mSELECT * FROM "avatars" WHERE ("avatars"."id" = 1) [0m
  [4;36;1mPluginTestModels::User Load (0.1ms)[0m   [0;1mSELECT * FROM "users" WHERE ("users"."id" = 1) [0m
  [4;35;1mPluginTestModels::Avatar Load (0.1ms)[0m   [0mSELECT * FROM "avatars" WHERE ("avatars"."id" = 1) [0m
  [4;36;1mPluginTestModels::Avatar Load (0.1ms)[0m   [0;1mSELECT * FROM "avatars" WHERE ("avatars".user_id = 1) LIMIT 1[0m
WARNING: Can't mass-assign these protected attributes: id
  [4;35;1mPluginTestModels::Avatar Load (0.1ms)[0m   [0mSELECT * FROM "avatars" WHERE ("avatars"."id" = 1) [0m
  [4;36;1mSQL (0.4ms)[0m   [0;1m SELECT name
 FROM sqlite_master
 WHERE type = 'table' AND NOT name = 'sqlite_sequence'
[0m
  [4;35;1mSQL (0.4ms)[0m   [0m SELECT name
 FROM sqlite_master
 WHERE type = 'table' AND NOT name = 'sqlite_sequence'
[0m
  [4;36;1mSQL (0.4ms)[0m   [0;1m SELECT name
 FROM sqlite_master
 WHERE type = 'table' AND NOT name = 'sqlite_sequence'
[0m
  [4;35;1mSQL (0.4ms)[0m   [0m SELECT name
 FROM sqlite_master
 WHERE type = 'table' AND NOT name = 'sqlite_sequence'
[0m
  [4;36;1mSQL (0.4ms)[0m   [0;1m SELECT name
 FROM sqlite_master
 WHERE type = 'table' AND NOT name = 'sqlite_sequence'
[0m
  [4;35;1mSQL (0.4ms)[0m   [0m SELECT name
 FROM sqlite_master
 WHERE type = 'table' AND NOT name = 'sqlite_sequence'
[0m
  [4;36;1mSQL (0.4ms)[0m   [0;1m SELECT name
 FROM sqlite_master
 WHERE type = 'table' AND NOT name = 'sqlite_sequence'
[0m
  [4;35;1mSQL (0.4ms)[0m   [0m SELECT name
 FROM sqlite_master
 WHERE type = 'table' AND NOT name = 'sqlite_sequence'
[0m
  [4;36;1mSQL (0.4ms)[0m   [0;1m SELECT name
 FROM sqlite_master
 WHERE type = 'table' AND NOT name = 'sqlite_sequence'
[0m
  [4;35;1mSQL (0.4ms)[0m   [0m SELECT name
 FROM sqlite_master
 WHERE type = 'table' AND NOT name = 'sqlite_sequence'
[0m
  [4;36;1mSQL (0.4ms)[0m   [0;1m SELECT name
 FROM sqlite_master
 WHERE type = 'table' AND NOT name = 'sqlite_sequence'
[0m
  [4;35;1mSQL (0.4ms)[0m   [0m SELECT name
 FROM sqlite_master
 WHERE type = 'table' AND NOT name = 'sqlite_sequence'
[0m
  [4;36;1mSQL (0.4ms)[0m   [0;1m SELECT name
 FROM sqlite_master
 WHERE type = 'table' AND NOT name = 'sqlite_sequence'
[0m
  [4;35;1mSQL (0.4ms)[0m   [0m SELECT name
 FROM sqlite_master
 WHERE type = 'table' AND NOT name = 'sqlite_sequence'
[0m
  [4;36;1mSQL (0.4ms)[0m   [0;1m SELECT name
 FROM sqlite_master
 WHERE type = 'table' AND NOT name = 'sqlite_sequence'
[0m
  [4;35;1mSQL (0.4ms)[0m   [0m SELECT name
 FROM sqlite_master
 WHERE type = 'table' AND NOT name = 'sqlite_sequence'
[0m
  [4;36;1mSQL (0.4ms)[0m   [0;1m SELECT name
 FROM sqlite_master
 WHERE type = 'table' AND NOT name = 'sqlite_sequence'
[0m
  [4;35;1mSQL (0.4ms)[0m   [0m SELECT name
 FROM sqlite_master
 WHERE type = 'table' AND NOT name = 'sqlite_sequence'
[0m
  [4;36;1mSQL (0.4ms)[0m   [0;1m SELECT name
 FROM sqlite_master
 WHERE type = 'table' AND NOT name = 'sqlite_sequence'
[0m
  [4;35;1mSQL (0.4ms)[0m   [0m SELECT name
 FROM sqlite_master
 WHERE type = 'table' AND NOT name = 'sqlite_sequence'
[0m
  [4;36;1mSQL (0.4ms)[0m   [0;1m SELECT name
 FROM sqlite_master
 WHERE type = 'table' AND NOT name = 'sqlite_sequence'
[0m
  [4;35;1mSQL (0.4ms)[0m   [0m SELECT name
 FROM sqlite_master
 WHERE type = 'table' AND NOT name = 'sqlite_sequence'
[0m
  [4;36;1mSQL (0.4ms)[0m   [0;1m SELECT name
 FROM sqlite_master
 WHERE type = 'table' AND NOT name = 'sqlite_sequence'
[0m
  [4;35;1mSQL (0.4ms)[0m   [0m SELECT name
 FROM sqlite_master
 WHERE type = 'table' AND NOT name = 'sqlite_sequence'
[0m
  [4;36;1mSQL (0.4ms)[0m   [0;1m SELECT name
 FROM sqlite_master
 WHERE type = 'table' AND NOT name = 'sqlite_sequence'
[0m
  [4;35;1mSQL (0.4ms)[0m   [0m SELECT name
 FROM sqlite_master
 WHERE type = 'table' AND NOT name = 'sqlite_sequence'
[0m
  [4;36;1mSQL (0.4ms)[0m   [0;1m SELECT name
 FROM sqlite_master
 WHERE type = 'table' AND NOT name = 'sqlite_sequence'
[0m
  [4;35;1mSQL (0.4ms)[0m   [0m SELECT name
 FROM sqlite_master
 WHERE type = 'table' AND NOT name = 'sqlite_sequence'
[0m
  [4;36;1mSQL (0.4ms)[0m   [0;1m SELECT name
 FROM sqlite_master
 WHERE type = 'table' AND NOT name = 'sqlite_sequence'
[0m
  [4;35;1mSQL (0.4ms)[0m   [0m SELECT name
 FROM sqlite_master
 WHERE type = 'table' AND NOT name = 'sqlite_sequence'
[0m
  [4;36;1mSQL (0.4ms)[0m   [0;1m SELECT name
 FROM sqlite_master
 WHERE type = 'table' AND NOT name = 'sqlite_sequence'
[0m
  [4;35;1mSQL (0.4ms)[0m   [0m SELECT name
 FROM sqlite_master
 WHERE type = 'table' AND NOT name = 'sqlite_sequence'
[0m
  [4;36;1mSQL (0.4ms)[0m   [0;1m SELECT name
 FROM sqlite_master
 WHERE type = 'table' AND NOT name = 'sqlite_sequence'
[0m
  [4;35;1mSQL (0.4ms)[0m   [0m SELECT name
 FROM sqlite_master
 WHERE type = 'table' AND NOT name = 'sqlite_sequence'
[0m
  [4;36;1mSQL (0.4ms)[0m   [0;1m SELECT name
 FROM sqlite_master
 WHERE type = 'table' AND NOT name = 'sqlite_sequence'
[0m
  [4;35;1mSQL (0.4ms)[0m   [0m SELECT name
 FROM sqlite_master
 WHERE type = 'table' AND NOT name = 'sqlite_sequence'
[0m
  [4;36;1mSQL (0.4ms)[0m   [0;1m SELECT name
 FROM sqlite_master
 WHERE type = 'table' AND NOT name = 'sqlite_sequence'
[0m
  [4;35;1mSQL (0.4ms)[0m   [0m SELECT name
 FROM sqlite_master
 WHERE type = 'table' AND NOT name = 'sqlite_sequence'
[0m
  [4;36;1mSQL (0.4ms)[0m   [0;1m SELECT name
 FROM sqlite_master
 WHERE type = 'table' AND NOT name = 'sqlite_sequence'
[0m
  [4;35;1mSQL (0.4ms)[0m   [0m SELECT name
 FROM sqlite_master
 WHERE type = 'table' AND NOT name = 'sqlite_sequence'
[0m
  [4;36;1mSQL (0.4ms)[0m   [0;1m SELECT name
 FROM sqlite_master
 WHERE type = 'table' AND NOT name = 'sqlite_sequence'
[0m
  [4;35;1mSQL (0.4ms)[0m   [0m SELECT name
 FROM sqlite_master
 WHERE type = 'table' AND NOT name = 'sqlite_sequence'
[0m
  [4;36;1mSQL (0.4ms)[0m   [0;1m SELECT name
 FROM sqlite_master
 WHERE type = 'table' AND NOT name = 'sqlite_sequence'
[0m
  [4;35;1mSQL (0.4ms)[0m   [0m SELECT name
 FROM sqlite_master
 WHERE type = 'table' AND NOT name = 'sqlite_sequence'
[0m
  [4;36;1mSQL (0.4ms)[0m   [0;1m SELECT name
 FROM sqlite_master
 WHERE type = 'table' AND NOT name = 'sqlite_sequence'
[0m
  [4;35;1mSQL (0.4ms)[0m   [0m SELECT name
 FROM sqlite_master
 WHERE type = 'table' AND NOT name = 'sqlite_sequence'
[0m
  [4;36;1mSQL (0.4ms)[0m   [0;1m SELECT name
 FROM sqlite_master
 WHERE type = 'table' AND NOT name = 'sqlite_sequence'
[0m
  [4;35;1mSQL (0.4ms)[0m   [0m SELECT name
 FROM sqlite_master
 WHERE type = 'table' AND NOT name = 'sqlite_sequence'
[0m
  [4;36;1mSQL (0.3ms)[0m   [0;1mselect sqlite_version(*)[0m
  [4;35;1mSQL (0.2ms)[0m   [0m SELECT name
 FROM sqlite_master
 WHERE type = 'table' AND NOT name = 'sqlite_sequence'
[0m
  [4;36;1mSQL (0.4ms)[0m   [0;1mCREATE TABLE "users" ("id" INTEGER PRIMARY KEY AUTOINCREMENT NOT NULL, "manager_id" integer, "name" varchar(255)) [0m
  [4;35;1mSQL (0.2ms)[0m   [0m SELECT name
 FROM sqlite_master
 WHERE type = 'table' AND NOT name = 'sqlite_sequence'
[0m
  [4;36;1mSQL (0.2ms)[0m   [0;1mCREATE TABLE "avatars" ("id" INTEGER PRIMARY KEY AUTOINCREMENT NOT NULL, "user_id" integer, "name" varchar(255)) [0m
  [4;35;1mSQL (0.3ms)[0m   [0m SELECT name
 FROM sqlite_master
 WHERE type = 'table' AND NOT name = 'sqlite_sequence'
[0m
  [4;36;1mSQL (0.2ms)[0m   [0;1mCREATE TABLE "managers" ("id" INTEGER PRIMARY KEY AUTOINCREMENT NOT NULL, "name" varchar(255)) [0m
  [4;35;1mSQL (0.3ms)[0m   [0m SELECT name
 FROM sqlite_master
 WHERE type = 'table' AND NOT name = 'sqlite_sequence'
[0m
  [4;36;1mSQL (0.2ms)[0m   [0;1mCREATE TABLE "tasks" ("id" INTEGER PRIMARY KEY AUTOINCREMENT NOT NULL, "user_id" integer, "name" varchar(255)) [0m
  [4;35;1mSQL (0.3ms)[0m   [0m SELECT name
 FROM sqlite_master
 WHERE type = 'table' AND NOT name = 'sqlite_sequence'
[0m
  [4;36;1mSQL (0.2ms)[0m   [0;1mCREATE TABLE "tags" ("id" INTEGER PRIMARY KEY AUTOINCREMENT NOT NULL, "user_id" integer, "name" varchar(255)) [0m
  [4;35;1mSQL (0.4ms)[0m   [0m SELECT name
 FROM sqlite_master
 WHERE type = 'table' AND NOT name = 'sqlite_sequence'
[0m
  [4;36;1mSQL (0.2ms)[0m   [0;1mCREATE TABLE "groups" ("id" INTEGER PRIMARY KEY AUTOINCREMENT NOT NULL, "user_id" integer, "name" varchar(255)) [0m
  [4;35;1mSQL (0.5ms)[0m   [0m SELECT name
 FROM sqlite_master
 WHERE type = 'table' AND NOT name = 'sqlite_sequence'
[0m
  [4;36;1mSQL (0.2ms)[0m   [0;1mCREATE TABLE "groups_users" ("group_id" integer, "user_id" integer) [0m
  [4;35;1mSQL (0.5ms)[0m   [0m SELECT name
 FROM sqlite_master
 WHERE type = 'table' AND NOT name = 'sqlite_sequence'
[0m
  [4;36;1mSQL (0.2ms)[0m   [0;1mCREATE TABLE "schema_migrations" ("version" varchar(255) NOT NULL) [0m
  [4;35;1mSQL (0.2ms)[0m   [0mCREATE UNIQUE INDEX "unique_schema_migrations" ON "schema_migrations" ("version")[0m
  [4;36;1mSQL (0.6ms)[0m   [0;1m SELECT name
 FROM sqlite_master
 WHERE type = 'table' AND NOT name = 'sqlite_sequence'
[0m
  [4;35;1mSQL (0.1ms)[0m   [0mSELECT version FROM "schema_migrations"[0m
  [4;36;1mSQL (0.1ms)[0m   [0;1mINSERT INTO "schema_migrations" (version) VALUES ('1')[0m
Unable to load group, underlying cause no such file to load -- group.rb 

 /usr/lib/ruby/gems/1.8/gems/activesupport-2.2.2/lib/active_support/dependencies.rb:382:in `load_without_new_constant_marking'
/usr/lib/ruby/gems/1.8/gems/activesupport-2.2.2/lib/active_support/dependencies.rb:382:in `load_file'
/usr/lib/ruby/gems/1.8/gems/activesupport-2.2.2/lib/active_support/dependencies.rb:521:in `new_constants_in'
/usr/lib/ruby/gems/1.8/gems/activesupport-2.2.2/lib/active_support/dependencies.rb:381:in `load_file'
/usr/lib/ruby/gems/1.8/gems/activesupport-2.2.2/lib/active_support/dependencies.rb:256:in `require_or_load'
/usr/lib/ruby/gems/1.8/gems/activesupport-2.2.2/lib/active_support/dependencies.rb:221:in `depend_on'
/usr/lib/ruby/gems/1.8/gems/activesupport-2.2.2/lib/active_support/dependencies.rb:133:in `require_dependency'
/usr/lib/ruby/gems/1.8/gems/activerecord-2.2.2/lib/active_record/fixtures.rb:856:in `try_to_load_dependency'
/usr/lib/ruby/gems/1.8/gems/activerecord-2.2.2/lib/active_record/fixtures.rb:871:in `require_fixture_classes'
/usr/lib/ruby/gems/1.8/gems/activerecord-2.2.2/lib/active_record/fixtures.rb:868:in `each'
/usr/lib/ruby/gems/1.8/gems/activerecord-2.2.2/lib/active_record/fixtures.rb:868:in `require_fixture_classes'
/usr/lib/ruby/gems/1.8/gems/activerecord-2.2.2/lib/active_record/fixtures.rb:851:in `fixtures'
./test/unit/../test_helper.rb:35
test/unit/nested_assignment_test.rb:1:in `require'
test/unit/nested_assignment_test.rb:1
Unable to load manager, underlying cause no such file to load -- manager.rb 

 /usr/lib/ruby/gems/1.8/gems/activesupport-2.2.2/lib/active_support/dependencies.rb:382:in `load_without_new_constant_marking'
/usr/lib/ruby/gems/1.8/gems/activesupport-2.2.2/lib/active_support/dependencies.rb:382:in `load_file'
/usr/lib/ruby/gems/1.8/gems/activesupport-2.2.2/lib/active_support/dependencies.rb:521:in `new_constants_in'
/usr/lib/ruby/gems/1.8/gems/activesupport-2.2.2/lib/active_support/dependencies.rb:381:in `load_file'
/usr/lib/ruby/gems/1.8/gems/activesupport-2.2.2/lib/active_support/dependencies.rb:256:in `require_or_load'
/usr/lib/ruby/gems/1.8/gems/activesupport-2.2.2/lib/active_support/dependencies.rb:221:in `depend_on'
/usr/lib/ruby/gems/1.8/gems/activesupport-2.2.2/lib/active_support/dependencies.rb:133:in `require_dependency'
/usr/lib/ruby/gems/1.8/gems/activerecord-2.2.2/lib/active_record/fixtures.rb:856:in `try_to_load_dependency'
/usr/lib/ruby/gems/1.8/gems/activerecord-2.2.2/lib/active_record/fixtures.rb:871:in `require_fixture_classes'
/usr/lib/ruby/gems/1.8/gems/activerecord-2.2.2/lib/active_record/fixtures.rb:868:in `each'
/usr/lib/ruby/gems/1.8/gems/activerecord-2.2.2/lib/active_record/fixtures.rb:868:in `require_fixture_classes'
/usr/lib/ruby/gems/1.8/gems/activerecord-2.2.2/lib/active_record/fixtures.rb:851:in `fixtures'
./test/unit/../test_helper.rb:35
test/unit/nested_assignment_test.rb:1:in `require'
test/unit/nested_assignment_test.rb:1
Unable to load avatar, underlying cause no such file to load -- avatar.rb 

 /usr/lib/ruby/gems/1.8/gems/activesupport-2.2.2/lib/active_support/dependencies.rb:382:in `load_without_new_constant_marking'
/usr/lib/ruby/gems/1.8/gems/activesupport-2.2.2/lib/active_support/dependencies.rb:382:in `load_file'
/usr/lib/ruby/gems/1.8/gems/activesupport-2.2.2/lib/active_support/dependencies.rb:521:in `new_constants_in'
/usr/lib/ruby/gems/1.8/gems/activesupport-2.2.2/lib/active_support/dependencies.rb:381:in `load_file'
/usr/lib/ruby/gems/1.8/gems/activesupport-2.2.2/lib/active_support/dependencies.rb:256:in `require_or_load'
/usr/lib/ruby/gems/1.8/gems/activesupport-2.2.2/lib/active_support/dependencies.rb:221:in `depend_on'
/usr/lib/ruby/gems/1.8/gems/activesupport-2.2.2/lib/active_support/dependencies.rb:133:in `require_dependency'
/usr/lib/ruby/gems/1.8/gems/activerecord-2.2.2/lib/active_record/fixtures.rb:856:in `try_to_load_dependency'
/usr/lib/ruby/gems/1.8/gems/activerecord-2.2.2/lib/active_record/fixtures.rb:871:in `require_fixture_classes'
/usr/lib/ruby/gems/1.8/gems/activerecord-2.2.2/lib/active_record/fixtures.rb:868:in `each'
/usr/lib/ruby/gems/1.8/gems/activerecord-2.2.2/lib/active_record/fixtures.rb:868:in `require_fixture_classes'
/usr/lib/ruby/gems/1.8/gems/activerecord-2.2.2/lib/active_record/fixtures.rb:851:in `fixtures'
./test/unit/../test_helper.rb:35
test/unit/nested_assignment_test.rb:1:in `require'
test/unit/nested_assignment_test.rb:1
Unable to load tag, underlying cause no such file to load -- tag.rb 

 /usr/lib/ruby/gems/1.8/gems/activesupport-2.2.2/lib/active_support/dependencies.rb:382:in `load_without_new_constant_marking'
/usr/lib/ruby/gems/1.8/gems/activesupport-2.2.2/lib/active_support/dependencies.rb:382:in `load_file'
/usr/lib/ruby/gems/1.8/gems/activesupport-2.2.2/lib/active_support/dependencies.rb:521:in `new_constants_in'
/usr/lib/ruby/gems/1.8/gems/activesupport-2.2.2/lib/active_support/dependencies.rb:381:in `load_file'
/usr/lib/ruby/gems/1.8/gems/activesupport-2.2.2/lib/active_support/dependencies.rb:256:in `require_or_load'
/usr/lib/ruby/gems/1.8/gems/activesupport-2.2.2/lib/active_support/dependencies.rb:221:in `depend_on'
/usr/lib/ruby/gems/1.8/gems/activesupport-2.2.2/lib/active_support/dependencies.rb:133:in `require_dependency'
/usr/lib/ruby/gems/1.8/gems/activerecord-2.2.2/lib/active_record/fixtures.rb:856:in `try_to_load_dependency'
/usr/lib/ruby/gems/1.8/gems/activerecord-2.2.2/lib/active_record/fixtures.rb:871:in `require_fixture_classes'
/usr/lib/ruby/gems/1.8/gems/activerecord-2.2.2/lib/active_record/fixtures.rb:868:in `each'
/usr/lib/ruby/gems/1.8/gems/activerecord-2.2.2/lib/active_record/fixtures.rb:868:in `require_fixture_classes'
/usr/lib/ruby/gems/1.8/gems/activerecord-2.2.2/lib/active_record/fixtures.rb:851:in `fixtures'
./test/unit/../test_helper.rb:35
test/unit/nested_assignment_test.rb:1:in `require'
test/unit/nested_assignment_test.rb:1
Unable to load user, underlying cause no such file to load -- user.rb 

 /usr/lib/ruby/gems/1.8/gems/activesupport-2.2.2/lib/active_support/dependencies.rb:382:in `load_without_new_constant_marking'
/usr/lib/ruby/gems/1.8/gems/activesupport-2.2.2/lib/active_support/dependencies.rb:382:in `load_file'
/usr/lib/ruby/gems/1.8/gems/activesupport-2.2.2/lib/active_support/dependencies.rb:521:in `new_constants_in'
/usr/lib/ruby/gems/1.8/gems/activesupport-2.2.2/lib/active_support/dependencies.rb:381:in `load_file'
/usr/lib/ruby/gems/1.8/gems/activesupport-2.2.2/lib/active_support/dependencies.rb:256:in `require_or_load'
/usr/lib/ruby/gems/1.8/gems/activesupport-2.2.2/lib/active_support/dependencies.rb:221:in `depend_on'
/usr/lib/ruby/gems/1.8/gems/activesupport-2.2.2/lib/active_support/dependencies.rb:133:in `require_dependency'
/usr/lib/ruby/gems/1.8/gems/activerecord-2.2.2/lib/active_record/fixtures.rb:856:in `try_to_load_dependency'
/usr/lib/ruby/gems/1.8/gems/activerecord-2.2.2/lib/active_record/fixtures.rb:871:in `require_fixture_classes'
/usr/lib/ruby/gems/1.8/gems/activerecord-2.2.2/lib/active_record/fixtures.rb:868:in `each'
/usr/lib/ruby/gems/1.8/gems/activerecord-2.2.2/lib/active_record/fixtures.rb:868:in `require_fixture_classes'
/usr/lib/ruby/gems/1.8/gems/activerecord-2.2.2/lib/active_record/fixtures.rb:851:in `fixtures'
./test/unit/../test_helper.rb:35
test/unit/nested_assignment_test.rb:1:in `require'
test/unit/nested_assignment_test.rb:1
Unable to load task, underlying cause no such file to load -- task.rb 

 /usr/lib/ruby/gems/1.8/gems/activesupport-2.2.2/lib/active_support/dependencies.rb:382:in `load_without_new_constant_marking'
/usr/lib/ruby/gems/1.8/gems/activesupport-2.2.2/lib/active_support/dependencies.rb:382:in `load_file'
/usr/lib/ruby/gems/1.8/gems/activesupport-2.2.2/lib/active_support/dependencies.rb:521:in `new_constants_in'
/usr/lib/ruby/gems/1.8/gems/activesupport-2.2.2/lib/active_support/dependencies.rb:381:in `load_file'
/usr/lib/ruby/gems/1.8/gems/activesupport-2.2.2/lib/active_support/dependencies.rb:256:in `require_or_load'
/usr/lib/ruby/gems/1.8/gems/activesupport-2.2.2/lib/active_support/dependencies.rb:221:in `depend_on'
/usr/lib/ruby/gems/1.8/gems/activesupport-2.2.2/lib/active_support/dependencies.rb:133:in `require_dependency'
/usr/lib/ruby/gems/1.8/gems/activerecord-2.2.2/lib/active_record/fixtures.rb:856:in `try_to_load_dependency'
/usr/lib/ruby/gems/1.8/gems/activerecord-2.2.2/lib/active_record/fixtures.rb:871:in `require_fixture_classes'
/usr/lib/ruby/gems/1.8/gems/activerecord-2.2.2/lib/active_record/fixtures.rb:868:in `each'
/usr/lib/ruby/gems/1.8/gems/activerecord-2.2.2/lib/active_record/fixtures.rb:868:in `require_fixture_classes'
/usr/lib/ruby/gems/1.8/gems/activerecord-2.2.2/lib/active_record/fixtures.rb:851:in `fixtures'
./test/unit/../test_helper.rb:35
test/unit/nested_assignment_test.rb:1:in `require'
test/unit/nested_assignment_test.rb:1
Unable to load groups_user, underlying cause no such file to load -- groups_user.rb 

 /usr/lib/ruby/gems/1.8/gems/activesupport-2.2.2/lib/active_support/dependencies.rb:382:in `load_without_new_constant_marking'
/usr/lib/ruby/gems/1.8/gems/activesupport-2.2.2/lib/active_support/dependencies.rb:382:in `load_file'
/usr/lib/ruby/gems/1.8/gems/activesupport-2.2.2/lib/active_support/dependencies.rb:521:in `new_constants_in'
/usr/lib/ruby/gems/1.8/gems/activesupport-2.2.2/lib/active_support/dependencies.rb:381:in `load_file'
/usr/lib/ruby/gems/1.8/gems/activesupport-2.2.2/lib/active_support/dependencies.rb:256:in `require_or_load'
/usr/lib/ruby/gems/1.8/gems/activesupport-2.2.2/lib/active_support/dependencies.rb:221:in `depend_on'
/usr/lib/ruby/gems/1.8/gems/activesupport-2.2.2/lib/active_support/dependencies.rb:133:in `require_dependency'
/usr/lib/ruby/gems/1.8/gems/activerecord-2.2.2/lib/active_record/fixtures.rb:856:in `try_to_load_dependency'
/usr/lib/ruby/gems/1.8/gems/activerecord-2.2.2/lib/active_record/fixtures.rb:871:in `require_fixture_classes'
/usr/lib/ruby/gems/1.8/gems/activerecord-2.2.2/lib/active_record/fixtures.rb:868:in `each'
/usr/lib/ruby/gems/1.8/gems/activerecord-2.2.2/lib/active_record/fixtures.rb:868:in `require_fixture_classes'
/usr/lib/ruby/gems/1.8/gems/activerecord-2.2.2/lib/active_record/fixtures.rb:851:in `fixtures'
./test/unit/../test_helper.rb:35
test/unit/nested_assignment_test.rb:1:in `require'
test/unit/nested_assignment_test.rb:1
  [4;35;1mPluginTestModels::User Load (0.2ms)[0m   [0mSELECT * FROM "users" WHERE ("users"."id" = 1) [0m
  [4;36;1mPluginTestModels::Manager Load (0.2ms)[0m   [0;1mSELECT * FROM "managers" WHERE ("managers"."id" = 1) [0m
  [4;35;1mPluginTestModels::Manager Load (0.2ms)[0m   [0mSELECT * FROM "managers" WHERE ("managers"."id" = 1) [0m
  [4;36;1mPluginTestModels::Manager Load (0.2ms)[0m   [0;1mSELECT * FROM "managers" WHERE ("managers"."id" = 1) [0m
  [4;35;1mPluginTestModels::User Load (0.2ms)[0m   [0mSELECT * FROM "users" WHERE ("users"."id" = 1) [0m
  [4;36;1mPluginTestModels::Manager Load (0.2ms)[0m   [0;1mSELECT * FROM "managers" WHERE ("managers"."id" = 1) [0m
  [4;35;1mPluginTestModels::Manager Load (0.2ms)[0m   [0mSELECT * FROM "managers" WHERE ("managers"."id" = 1) [0m
  [4;36;1mPluginTestModels::User Load (0.2ms)[0m   [0;1mSELECT * FROM "users" WHERE ("users"."id" = 1) [0m
  [4;35;1mPluginTestModels::Manager Load (0.2ms)[0m   [0mSELECT * FROM "managers" WHERE ("managers"."id" = 1) [0m
  [4;36;1mPluginTestModels::User Load (0.2ms)[0m   [0;1mSELECT * FROM "users" WHERE ("users"."id" = 1) [0m
  [4;35;1mPluginTestModels::Manager Load (0.2ms)[0m   [0mSELECT * FROM "managers" WHERE ("managers"."id" = 1) [0m
  [4;36;1mPluginTestModels::Manager Load (0.2ms)[0m   [0;1mSELECT * FROM "managers" WHERE ("managers"."id" = 1) [0m
WARNING: Can't mass-assign these protected attributes: id
  [4;35;1mPluginTestModels::Manager Load (0.2ms)[0m   [0mSELECT * FROM "managers" WHERE ("managers"."id" = 1) [0m
  [4;36;1mPluginTestModels::User Load (0.2ms)[0m   [0;1mSELECT * FROM "users" WHERE ("users"."id" = 1) [0m
  [4;35;1mPluginTestModels::User Load (0.2ms)[0m   [0mSELECT * FROM "users" WHERE ("users"."id" = 1) [0m
  [4;36;1mPluginTestModels::User Load (0.2ms)[0m   [0;1mSELECT * FROM "users" WHERE ("users"."id" = 1) [0m
  [4;35;1mPluginTestModels::User Load (0.2ms)[0m   [0mSELECT * FROM "users" WHERE ("users"."id" = 1) [0m
  [4;36;1mPluginTestModels::User Load (0.2ms)[0m   [0;1mSELECT * FROM "users" WHERE ("users"."id" = 1) [0m
  [4;35;1mPluginTestModels::Task Load (0.2ms)[0m   [0mSELECT * FROM "tasks" WHERE ("tasks"."id" = 1) [0m
  [4;36;1mPluginTestModels::Task Load (0.2ms)[0m   [0;1mSELECT * FROM "tasks" WHERE ("tasks".user_id = 1) [0m
  [4;35;1mPluginTestModels::User Load (0.2ms)[0m   [0mSELECT * FROM "users" WHERE ("users"."id" = 1) [0m
  [4;36;1mPluginTestModels::Task Load (0.2ms)[0m   [0;1mSELECT * FROM "tasks" WHERE ("tasks"."id" = 1) [0m
  [4;35;1mPluginTestModels::Task Load (0.2ms)[0m   [0mSELECT * FROM "tasks" WHERE ("tasks".user_id = 1) [0m
  [4;36;1mPluginTestModels::User Load (0.2ms)[0m   [0;1mSELECT * FROM "users" WHERE ("users"."id" = 1) [0m
  [4;35;1mPluginTestModels::Task Load (0.2ms)[0m   [0mSELECT * FROM "tasks" WHERE ("tasks"."id" = 1) [0m
  [4;36;1mPluginTestModels::Task Load (0.2ms)[0m   [0;1mSELECT * FROM "tasks" WHERE ("tasks".user_id = 1) [0m
  [4;35;1mPluginTestModels::User Load (0.2ms)[0m   [0mSELECT * FROM "users" WHERE ("users"."id" = 1) [0m
  [4;36;1mPluginTestModels::Task Load (0.2ms)[0m   [0;1mSELECT * FROM "tasks" WHERE ("tasks"."id" = 1) [0m
  [4;35;1mPluginTestModels::Task Load (0.2ms)[0m   [0mSELECT * FROM "tasks" WHERE ("tasks".user_id = 1) [0m
WARNING: Can't mass-assign these protected attributes: id
  [4;36;1mPluginTestModels::Task Load (0.2ms)[0m   [0;1mSELECT * FROM "tasks" WHERE ("tasks"."id" = 1) [0m
  [4;35;1mPluginTestModels::User Load (0.2ms)[0m   [0mSELECT * FROM "users" WHERE ("users"."id" = 1) [0m
  [4;36;1mPluginTestModels::User Load (0.2ms)[0m   [0;1mSELECT * FROM "users" WHERE ("users"."id" = 1) [0m
  [4;35;1mPluginTestModels::User Load (0.2ms)[0m   [0mSELECT * FROM "users" WHERE ("users"."id" = 1) [0m
  [4;36;1mPluginTestModels::User Load (0.2ms)[0m   [0;1mSELECT * FROM "users" WHERE ("users"."id" = 1) [0m
  [4;35;1mPluginTestModels::User Load (0.2ms)[0m   [0mSELECT * FROM "users" WHERE ("users"."id" = 1) [0m
  [4;36;1mPluginTestModels::Avatar Load (0.2ms)[0m   [0;1mSELECT * FROM "avatars" WHERE ("avatars"."id" = 1) [0m
  [4;35;1mPluginTestModels::Avatar Load (0.2ms)[0m   [0mSELECT * FROM "avatars" WHERE ("avatars".user_id = 1) LIMIT 1[0m
  [4;36;1mPluginTestModels::Avatar Load (0.2ms)[0m   [0;1mSELECT * FROM "avatars" WHERE ("avatars"."id" = 1) [0m
  [4;35;1mPluginTestModels::User Load (0.2ms)[0m   [0mSELECT * FROM "users" WHERE ("users"."id" = 1) [0m
  [4;36;1mPluginTestModels::Avatar Load (0.2ms)[0m   [0;1mSELECT * FROM "avatars" WHERE ("avatars"."id" = 1) [0m
  [4;35;1mPluginTestModels::Avatar Load (0.2ms)[0m   [0mSELECT * FROM "avatars" WHERE ("avatars".user_id = 1) LIMIT 1[0m
  [4;36;1mPluginTestModels::Avatar Update (0.1ms)[0m   [0;1mUPDATE "avatars" SET "user_id" = NULL WHERE "id" = 1[0m
  [4;35;1mPluginTestModels::Avatar Load (0.2ms)[0m   [0mSELECT * FROM "avatars" WHERE ("avatars"."id" = 1) [0m
  [4;36;1mPluginTestModels::User Load (0.2ms)[0m   [0;1mSELECT * FROM "users" WHERE ("users"."id" = 1) [0m
  [4;35;1mPluginTestModels::Avatar Load (0.2ms)[0m   [0mSELECT * FROM "avatars" WHERE ("avatars"."id" = 1) [0m
  [4;36;1mPluginTestModels::Avatar Load (0.2ms)[0m   [0;1mSELECT * FROM "avatars" WHERE ("avatars".user_id = 1) LIMIT 1[0m
WARNING: Can't mass-assign these protected attributes: id
  [4;35;1mPluginTestModels::Avatar Load (0.2ms)[0m   [0mSELECT * FROM "avatars" WHERE ("avatars"."id" = 1) [0m
  [4;36;1mSQL (0.7ms)[0m   [0;1m SELECT name
 FROM sqlite_master
 WHERE type = 'table' AND NOT name = 'sqlite_sequence'
[0m
  [4;35;1mSQL (0.6ms)[0m   [0m SELECT name
 FROM sqlite_master
 WHERE type = 'table' AND NOT name = 'sqlite_sequence'
[0m
  [4;36;1mSQL (0.6ms)[0m   [0;1m SELECT name
 FROM sqlite_master
 WHERE type = 'table' AND NOT name = 'sqlite_sequence'
[0m
  [4;35;1mSQL (0.6ms)[0m   [0m SELECT name
 FROM sqlite_master
 WHERE type = 'table' AND NOT name = 'sqlite_sequence'
[0m
  [4;36;1mSQL (0.6ms)[0m   [0;1m SELECT name
 FROM sqlite_master
 WHERE type = 'table' AND NOT name = 'sqlite_sequence'
[0m
  [4;35;1mSQL (0.6ms)[0m   [0m SELECT name
 FROM sqlite_master
 WHERE type = 'table' AND NOT name = 'sqlite_sequence'
[0m
  [4;36;1mSQL (0.6ms)[0m   [0;1m SELECT name
 FROM sqlite_master
 WHERE type = 'table' AND NOT name = 'sqlite_sequence'
[0m
  [4;35;1mSQL (0.6ms)[0m   [0m SELECT name
 FROM sqlite_master
 WHERE type = 'table' AND NOT name = 'sqlite_sequence'
[0m
  [4;36;1mSQL (0.6ms)[0m   [0;1m SELECT name
 FROM sqlite_master
 WHERE type = 'table' AND NOT name = 'sqlite_sequence'
[0m
  [4;35;1mSQL (0.6ms)[0m   [0m SELECT name
 FROM sqlite_master
 WHERE type = 'table' AND NOT name = 'sqlite_sequence'
[0m
  [4;36;1mSQL (0.6ms)[0m   [0;1m SELECT name
 FROM sqlite_master
 WHERE type = 'table' AND NOT name = 'sqlite_sequence'
[0m
  [4;35;1mSQL (0.6ms)[0m   [0m SELECT name
 FROM sqlite_master
 WHERE type = 'table' AND NOT name = 'sqlite_sequence'
[0m
  [4;36;1mSQL (0.6ms)[0m   [0;1m SELECT name
 FROM sqlite_master
 WHERE type = 'table' AND NOT name = 'sqlite_sequence'
[0m
  [4;35;1mSQL (0.6ms)[0m   [0m SELECT name
 FROM sqlite_master
 WHERE type = 'table' AND NOT name = 'sqlite_sequence'
[0m
  [4;36;1mSQL (0.6ms)[0m   [0;1m SELECT name
 FROM sqlite_master
 WHERE type = 'table' AND NOT name = 'sqlite_sequence'
[0m
  [4;35;1mSQL (0.6ms)[0m   [0m SELECT name
 FROM sqlite_master
 WHERE type = 'table' AND NOT name = 'sqlite_sequence'
[0m
  [4;36;1mSQL (0.6ms)[0m   [0;1m SELECT name
 FROM sqlite_master
 WHERE type = 'table' AND NOT name = 'sqlite_sequence'
[0m
  [4;35;1mSQL (0.6ms)[0m   [0m SELECT name
 FROM sqlite_master
 WHERE type = 'table' AND NOT name = 'sqlite_sequence'
[0m
  [4;36;1mSQL (0.6ms)[0m   [0;1m SELECT name
 FROM sqlite_master
 WHERE type = 'table' AND NOT name = 'sqlite_sequence'
[0m
  [4;35;1mSQL (0.6ms)[0m   [0m SELECT name
 FROM sqlite_master
 WHERE type = 'table' AND NOT name = 'sqlite_sequence'
[0m
  [4;36;1mSQL (0.6ms)[0m   [0;1m SELECT name
 FROM sqlite_master
 WHERE type = 'table' AND NOT name = 'sqlite_sequence'
[0m
  [4;35;1mSQL (0.6ms)[0m   [0m SELECT name
 FROM sqlite_master
 WHERE type = 'table' AND NOT name = 'sqlite_sequence'
[0m
  [4;36;1mSQL (0.6ms)[0m   [0;1m SELECT name
 FROM sqlite_master
 WHERE type = 'table' AND NOT name = 'sqlite_sequence'
[0m
  [4;35;1mSQL (0.6ms)[0m   [0m SELECT name
 FROM sqlite_master
 WHERE type = 'table' AND NOT name = 'sqlite_sequence'
[0m
  [4;36;1mSQL (0.2ms)[0m   [0;1mselect sqlite_version(*)[0m
  [4;35;1mSQL (0.1ms)[0m   [0m SELECT name
 FROM sqlite_master
 WHERE type = 'table' AND NOT name = 'sqlite_sequence'
[0m
  [4;36;1mSQL (0.2ms)[0m   [0;1mCREATE TABLE "users" ("id" INTEGER PRIMARY KEY AUTOINCREMENT NOT NULL, "manager_id" integer, "name" varchar(255)) [0m
  [4;35;1mSQL (0.1ms)[0m   [0m SELECT name
 FROM sqlite_master
 WHERE type = 'table' AND NOT name = 'sqlite_sequence'
[0m
  [4;36;1mSQL (0.1ms)[0m   [0;1mCREATE TABLE "avatars" ("id" INTEGER PRIMARY KEY AUTOINCREMENT NOT NULL, "user_id" integer, "name" varchar(255)) [0m
  [4;35;1mSQL (0.2ms)[0m   [0m SELECT name
 FROM sqlite_master
 WHERE type = 'table' AND NOT name = 'sqlite_sequence'
[0m
  [4;36;1mSQL (0.1ms)[0m   [0;1mCREATE TABLE "managers" ("id" INTEGER PRIMARY KEY AUTOINCREMENT NOT NULL, "name" varchar(255)) [0m
  [4;35;1mSQL (0.2ms)[0m   [0m SELECT name
 FROM sqlite_master
 WHERE type = 'table' AND NOT name = 'sqlite_sequence'
[0m
  [4;36;1mSQL (0.1ms)[0m   [0;1mCREATE TABLE "tasks" ("id" INTEGER PRIMARY KEY AUTOINCREMENT NOT NULL, "user_id" integer, "name" varchar(255)) [0m
  [4;35;1mSQL (0.2ms)[0m   [0m SELECT name
 FROM sqlite_master
 WHERE type = 'table' AND NOT name = 'sqlite_sequence'
[0m
  [4;36;1mSQL (0.1ms)[0m   [0;1mCREATE TABLE "tags" ("id" INTEGER PRIMARY KEY AUTOINCREMENT NOT NULL, "user_id" integer, "name" varchar(255)) [0m
  [4;35;1mSQL (0.3ms)[0m   [0m SELECT name
 FROM sqlite_master
 WHERE type = 'table' AND NOT name = 'sqlite_sequence'
[0m
  [4;36;1mSQL (0.1ms)[0m   [0;1mCREATE TABLE "groups" ("id" INTEGER PRIMARY KEY AUTOINCREMENT NOT NULL, "user_id" integer, "name" varchar(255)) [0m
  [4;35;1mSQL (0.3ms)[0m   [0m SELECT name
 FROM sqlite_master
 WHERE type = 'table' AND NOT name = 'sqlite_sequence'
[0m
  [4;36;1mSQL (0.1ms)[0m   [0;1mCREATE TABLE "groups_users" ("group_id" integer, "user_id" integer) [0m
  [4;35;1mSQL (0.4ms)[0m   [0m SELECT name
 FROM sqlite_master
 WHERE type = 'table' AND NOT name = 'sqlite_sequence'
[0m
  [4;36;1mSQL (0.1ms)[0m   [0;1mCREATE TABLE "schema_migrations" ("version" varchar(255) NOT NULL) [0m
  [4;35;1mSQL (0.1ms)[0m   [0mCREATE UNIQUE INDEX "unique_schema_migrations" ON "schema_migrations" ("version")[0m
  [4;36;1mSQL (0.4ms)[0m   [0;1m SELECT name
 FROM sqlite_master
 WHERE type = 'table' AND NOT name = 'sqlite_sequence'
[0m
  [4;35;1mSQL (0.1ms)[0m   [0mSELECT version FROM "schema_migrations"[0m
  [4;36;1mSQL (0.1ms)[0m   [0;1mINSERT INTO "schema_migrations" (version) VALUES ('1')[0m
Unable to load group, underlying cause no such file to load -- group.rb 

 /usr/lib/ruby/gems/1.8/gems/activesupport-2.2.2/lib/active_support/dependencies.rb:382:in `load_without_new_constant_marking'
/usr/lib/ruby/gems/1.8/gems/activesupport-2.2.2/lib/active_support/dependencies.rb:382:in `load_file'
/usr/lib/ruby/gems/1.8/gems/activesupport-2.2.2/lib/active_support/dependencies.rb:521:in `new_constants_in'
/usr/lib/ruby/gems/1.8/gems/activesupport-2.2.2/lib/active_support/dependencies.rb:381:in `load_file'
/usr/lib/ruby/gems/1.8/gems/activesupport-2.2.2/lib/active_support/dependencies.rb:256:in `require_or_load'
/usr/lib/ruby/gems/1.8/gems/activesupport-2.2.2/lib/active_support/dependencies.rb:221:in `depend_on'
/usr/lib/ruby/gems/1.8/gems/activesupport-2.2.2/lib/active_support/dependencies.rb:133:in `require_dependency'
/usr/lib/ruby/gems/1.8/gems/activerecord-2.2.2/lib/active_record/fixtures.rb:856:in `try_to_load_dependency'
/usr/lib/ruby/gems/1.8/gems/activerecord-2.2.2/lib/active_record/fixtures.rb:871:in `require_fixture_classes'
/usr/lib/ruby/gems/1.8/gems/activerecord-2.2.2/lib/active_record/fixtures.rb:868:in `each'
/usr/lib/ruby/gems/1.8/gems/activerecord-2.2.2/lib/active_record/fixtures.rb:868:in `require_fixture_classes'
/usr/lib/ruby/gems/1.8/gems/activerecord-2.2.2/lib/active_record/fixtures.rb:851:in `fixtures'
./test/unit/../test_helper.rb:35
test/unit/nested_assignment_test.rb:1:in `require'
test/unit/nested_assignment_test.rb:1
Unable to load manager, underlying cause no such file to load -- manager.rb 

 /usr/lib/ruby/gems/1.8/gems/activesupport-2.2.2/lib/active_support/dependencies.rb:382:in `load_without_new_constant_marking'
/usr/lib/ruby/gems/1.8/gems/activesupport-2.2.2/lib/active_support/dependencies.rb:382:in `load_file'
/usr/lib/ruby/gems/1.8/gems/activesupport-2.2.2/lib/active_support/dependencies.rb:521:in `new_constants_in'
/usr/lib/ruby/gems/1.8/gems/activesupport-2.2.2/lib/active_support/dependencies.rb:381:in `load_file'
/usr/lib/ruby/gems/1.8/gems/activesupport-2.2.2/lib/active_support/dependencies.rb:256:in `require_or_load'
/usr/lib/ruby/gems/1.8/gems/activesupport-2.2.2/lib/active_support/dependencies.rb:221:in `depend_on'
/usr/lib/ruby/gems/1.8/gems/activesupport-2.2.2/lib/active_support/dependencies.rb:133:in `require_dependency'
/usr/lib/ruby/gems/1.8/gems/activerecord-2.2.2/lib/active_record/fixtures.rb:856:in `try_to_load_dependency'
/usr/lib/ruby/gems/1.8/gems/activerecord-2.2.2/lib/active_record/fixtures.rb:871:in `require_fixture_classes'
/usr/lib/ruby/gems/1.8/gems/activerecord-2.2.2/lib/active_record/fixtures.rb:868:in `each'
/usr/lib/ruby/gems/1.8/gems/activerecord-2.2.2/lib/active_record/fixtures.rb:868:in `require_fixture_classes'
/usr/lib/ruby/gems/1.8/gems/activerecord-2.2.2/lib/active_record/fixtures.rb:851:in `fixtures'
./test/unit/../test_helper.rb:35
test/unit/nested_assignment_test.rb:1:in `require'
test/unit/nested_assignment_test.rb:1
Unable to load avatar, underlying cause no such file to load -- avatar.rb 

 /usr/lib/ruby/gems/1.8/gems/activesupport-2.2.2/lib/active_support/dependencies.rb:382:in `load_without_new_constant_marking'
/usr/lib/ruby/gems/1.8/gems/activesupport-2.2.2/lib/active_support/dependencies.rb:382:in `load_file'
/usr/lib/ruby/gems/1.8/gems/activesupport-2.2.2/lib/active_support/dependencies.rb:521:in `new_constants_in'
/usr/lib/ruby/gems/1.8/gems/activesupport-2.2.2/lib/active_support/dependencies.rb:381:in `load_file'
/usr/lib/ruby/gems/1.8/gems/activesupport-2.2.2/lib/active_support/dependencies.rb:256:in `require_or_load'
/usr/lib/ruby/gems/1.8/gems/activesupport-2.2.2/lib/active_support/dependencies.rb:221:in `depend_on'
/usr/lib/ruby/gems/1.8/gems/activesupport-2.2.2/lib/active_support/dependencies.rb:133:in `require_dependency'
/usr/lib/ruby/gems/1.8/gems/activerecord-2.2.2/lib/active_record/fixtures.rb:856:in `try_to_load_dependency'
/usr/lib/ruby/gems/1.8/gems/activerecord-2.2.2/lib/active_record/fixtures.rb:871:in `require_fixture_classes'
/usr/lib/ruby/gems/1.8/gems/activerecord-2.2.2/lib/active_record/fixtures.rb:868:in `each'
/usr/lib/ruby/gems/1.8/gems/activerecord-2.2.2/lib/active_record/fixtures.rb:868:in `require_fixture_classes'
/usr/lib/ruby/gems/1.8/gems/activerecord-2.2.2/lib/active_record/fixtures.rb:851:in `fixtures'
./test/unit/../test_helper.rb:35
test/unit/nested_assignment_test.rb:1:in `require'
test/unit/nested_assignment_test.rb:1
Unable to load tag, underlying cause no such file to load -- tag.rb 

 /usr/lib/ruby/gems/1.8/gems/activesupport-2.2.2/lib/active_support/dependencies.rb:382:in `load_without_new_constant_marking'
/usr/lib/ruby/gems/1.8/gems/activesupport-2.2.2/lib/active_support/dependencies.rb:382:in `load_file'
/usr/lib/ruby/gems/1.8/gems/activesupport-2.2.2/lib/active_support/dependencies.rb:521:in `new_constants_in'
/usr/lib/ruby/gems/1.8/gems/activesupport-2.2.2/lib/active_support/dependencies.rb:381:in `load_file'
/usr/lib/ruby/gems/1.8/gems/activesupport-2.2.2/lib/active_support/dependencies.rb:256:in `require_or_load'
/usr/lib/ruby/gems/1.8/gems/activesupport-2.2.2/lib/active_support/dependencies.rb:221:in `depend_on'
/usr/lib/ruby/gems/1.8/gems/activesupport-2.2.2/lib/active_support/dependencies.rb:133:in `require_dependency'
/usr/lib/ruby/gems/1.8/gems/activerecord-2.2.2/lib/active_record/fixtures.rb:856:in `try_to_load_dependency'
/usr/lib/ruby/gems/1.8/gems/activerecord-2.2.2/lib/active_record/fixtures.rb:871:in `require_fixture_classes'
/usr/lib/ruby/gems/1.8/gems/activerecord-2.2.2/lib/active_record/fixtures.rb:868:in `each'
/usr/lib/ruby/gems/1.8/gems/activerecord-2.2.2/lib/active_record/fixtures.rb:868:in `require_fixture_classes'
/usr/lib/ruby/gems/1.8/gems/activerecord-2.2.2/lib/active_record/fixtures.rb:851:in `fixtures'
./test/unit/../test_helper.rb:35
test/unit/nested_assignment_test.rb:1:in `require'
test/unit/nested_assignment_test.rb:1
Unable to load user, underlying cause no such file to load -- user.rb 

 /usr/lib/ruby/gems/1.8/gems/activesupport-2.2.2/lib/active_support/dependencies.rb:382:in `load_without_new_constant_marking'
/usr/lib/ruby/gems/1.8/gems/activesupport-2.2.2/lib/active_support/dependencies.rb:382:in `load_file'
/usr/lib/ruby/gems/1.8/gems/activesupport-2.2.2/lib/active_support/dependencies.rb:521:in `new_constants_in'
/usr/lib/ruby/gems/1.8/gems/activesupport-2.2.2/lib/active_support/dependencies.rb:381:in `load_file'
/usr/lib/ruby/gems/1.8/gems/activesupport-2.2.2/lib/active_support/dependencies.rb:256:in `require_or_load'
/usr/lib/ruby/gems/1.8/gems/activesupport-2.2.2/lib/active_support/dependencies.rb:221:in `depend_on'
/usr/lib/ruby/gems/1.8/gems/activesupport-2.2.2/lib/active_support/dependencies.rb:133:in `require_dependency'
/usr/lib/ruby/gems/1.8/gems/activerecord-2.2.2/lib/active_record/fixtures.rb:856:in `try_to_load_dependency'
/usr/lib/ruby/gems/1.8/gems/activerecord-2.2.2/lib/active_record/fixtures.rb:871:in `require_fixture_classes'
/usr/lib/ruby/gems/1.8/gems/activerecord-2.2.2/lib/active_record/fixtures.rb:868:in `each'
/usr/lib/ruby/gems/1.8/gems/activerecord-2.2.2/lib/active_record/fixtures.rb:868:in `require_fixture_classes'
/usr/lib/ruby/gems/1.8/gems/activerecord-2.2.2/lib/active_record/fixtures.rb:851:in `fixtures'
./test/unit/../test_helper.rb:35
test/unit/nested_assignment_test.rb:1:in `require'
test/unit/nested_assignment_test.rb:1
Unable to load task, underlying cause no such file to load -- task.rb 

 /usr/lib/ruby/gems/1.8/gems/activesupport-2.2.2/lib/active_support/dependencies.rb:382:in `load_without_new_constant_marking'
/usr/lib/ruby/gems/1.8/gems/activesupport-2.2.2/lib/active_support/dependencies.rb:382:in `load_file'
/usr/lib/ruby/gems/1.8/gems/activesupport-2.2.2/lib/active_support/dependencies.rb:521:in `new_constants_in'
/usr/lib/ruby/gems/1.8/gems/activesupport-2.2.2/lib/active_support/dependencies.rb:381:in `load_file'
/usr/lib/ruby/gems/1.8/gems/activesupport-2.2.2/lib/active_support/dependencies.rb:256:in `require_or_load'
/usr/lib/ruby/gems/1.8/gems/activesupport-2.2.2/lib/active_support/dependencies.rb:221:in `depend_on'
/usr/lib/ruby/gems/1.8/gems/activesupport-2.2.2/lib/active_support/dependencies.rb:133:in `require_dependency'
/usr/lib/ruby/gems/1.8/gems/activerecord-2.2.2/lib/active_record/fixtures.rb:856:in `try_to_load_dependency'
/usr/lib/ruby/gems/1.8/gems/activerecord-2.2.2/lib/active_record/fixtures.rb:871:in `require_fixture_classes'
/usr/lib/ruby/gems/1.8/gems/activerecord-2.2.2/lib/active_record/fixtures.rb:868:in `each'
/usr/lib/ruby/gems/1.8/gems/activerecord-2.2.2/lib/active_record/fixtures.rb:868:in `require_fixture_classes'
/usr/lib/ruby/gems/1.8/gems/activerecord-2.2.2/lib/active_record/fixtures.rb:851:in `fixtures'
./test/unit/../test_helper.rb:35
test/unit/nested_assignment_test.rb:1:in `require'
test/unit/nested_assignment_test.rb:1
Unable to load groups_user, underlying cause no such file to load -- groups_user.rb 

 /usr/lib/ruby/gems/1.8/gems/activesupport-2.2.2/lib/active_support/dependencies.rb:382:in `load_without_new_constant_marking'
/usr/lib/ruby/gems/1.8/gems/activesupport-2.2.2/lib/active_support/dependencies.rb:382:in `load_file'
/usr/lib/ruby/gems/1.8/gems/activesupport-2.2.2/lib/active_support/dependencies.rb:521:in `new_constants_in'
/usr/lib/ruby/gems/1.8/gems/activesupport-2.2.2/lib/active_support/dependencies.rb:381:in `load_file'
/usr/lib/ruby/gems/1.8/gems/activesupport-2.2.2/lib/active_support/dependencies.rb:256:in `require_or_load'
/usr/lib/ruby/gems/1.8/gems/activesupport-2.2.2/lib/active_support/dependencies.rb:221:in `depend_on'
/usr/lib/ruby/gems/1.8/gems/activesupport-2.2.2/lib/active_support/dependencies.rb:133:in `require_dependency'
/usr/lib/ruby/gems/1.8/gems/activerecord-2.2.2/lib/active_record/fixtures.rb:856:in `try_to_load_dependency'
/usr/lib/ruby/gems/1.8/gems/activerecord-2.2.2/lib/active_record/fixtures.rb:871:in `require_fixture_classes'
/usr/lib/ruby/gems/1.8/gems/activerecord-2.2.2/lib/active_record/fixtures.rb:868:in `each'
/usr/lib/ruby/gems/1.8/gems/activerecord-2.2.2/lib/active_record/fixtures.rb:868:in `require_fixture_classes'
/usr/lib/ruby/gems/1.8/gems/activerecord-2.2.2/lib/active_record/fixtures.rb:851:in `fixtures'
./test/unit/../test_helper.rb:35
test/unit/nested_assignment_test.rb:1:in `require'
test/unit/nested_assignment_test.rb:1
  [4;35;1mPluginTestModels::User Load (0.1ms)[0m   [0mSELECT * FROM "users" WHERE ("users"."id" = 1) [0m
  [4;36;1mPluginTestModels::Manager Load (0.1ms)[0m   [0;1mSELECT * FROM "managers" WHERE ("managers"."id" = 1) [0m
  [4;35;1mPluginTestModels::Manager Load (0.1ms)[0m   [0mSELECT * FROM "managers" WHERE ("managers"."id" = 1) [0m
  [4;36;1mPluginTestModels::Manager Load (0.1ms)[0m   [0;1mSELECT * FROM "managers" WHERE ("managers"."id" = 1) [0m
  [4;35;1mPluginTestModels::User Load (0.1ms)[0m   [0mSELECT * FROM "users" WHERE ("users"."id" = 1) [0m
  [4;36;1mPluginTestModels::Manager Load (0.1ms)[0m   [0;1mSELECT * FROM "managers" WHERE ("managers"."id" = 1) [0m
  [4;35;1mPluginTestModels::Manager Load (0.1ms)[0m   [0mSELECT * FROM "managers" WHERE ("managers"."id" = 1) [0m
  [4;36;1mPluginTestModels::User Load (0.1ms)[0m   [0;1mSELECT * FROM "users" WHERE ("users"."id" = 1) [0m
  [4;35;1mPluginTestModels::Manager Load (0.1ms)[0m   [0mSELECT * FROM "managers" WHERE ("managers"."id" = 1) [0m
  [4;36;1mPluginTestModels::User Load (0.2ms)[0m   [0;1mSELECT * FROM "users" WHERE ("users"."id" = 1) [0m
  [4;35;1mPluginTestModels::Manager Load (0.1ms)[0m   [0mSELECT * FROM "managers" WHERE ("managers"."id" = 1) [0m
  [4;36;1mPluginTestModels::Manager Load (0.1ms)[0m   [0;1mSELECT * FROM "managers" WHERE ("managers"."id" = 1) [0m
WARNING: Can't mass-assign these protected attributes: id
  [4;35;1mPluginTestModels::Manager Load (0.1ms)[0m   [0mSELECT * FROM "managers" WHERE ("managers"."id" = 1) [0m
  [4;36;1mPluginTestModels::User Load (0.1ms)[0m   [0;1mSELECT * FROM "users" WHERE ("users"."id" = 1) [0m
  [4;35;1mPluginTestModels::Group Load (0.1ms)[0m   [0mSELECT * FROM "groups" WHERE ("groups"."id" = 1) [0m
  [4;36;1mPluginTestModels::Group Load (0.2ms)[0m   [0;1mSELECT * FROM "groups" INNER JOIN "groups_users" ON "groups".id = "groups_users".group_id WHERE ("groups_users".user_id = 1 ) [0m
  [4;35;1mPluginTestModels::User Load (0.2ms)[0m   [0mSELECT * FROM "users" WHERE ("users"."id" = 1) [0m
  [4;36;1mPluginTestModels::Group Load (0.1ms)[0m   [0;1mSELECT * FROM "groups" WHERE ("groups"."id" = 1) [0m
  [4;35;1mPluginTestModels::Group Load (0.2ms)[0m   [0mSELECT * FROM "groups" INNER JOIN "groups_users" ON "groups".id = "groups_users".group_id WHERE ("groups_users".user_id = 1 ) [0m
  [4;36;1mPluginTestModels::User Load (0.1ms)[0m   [0;1mSELECT * FROM "users" WHERE ("users"."id" = 1) [0m
  [4;35;1mPluginTestModels::Group Load (0.1ms)[0m   [0mSELECT * FROM "groups" WHERE ("groups"."id" = 1) [0m
  [4;36;1mPluginTestModels::Group Load (0.2ms)[0m   [0;1mSELECT * FROM "groups" INNER JOIN "groups_users" ON "groups".id = "groups_users".group_id WHERE ("groups_users".user_id = 1 ) [0m
  [4;35;1mPluginTestModels::User Load (0.1ms)[0m   [0mSELECT * FROM "users" WHERE ("users"."id" = 1) [0m
  [4;36;1mPluginTestModels::Group Load (0.1ms)[0m   [0;1mSELECT * FROM "groups" WHERE ("groups"."id" = 1) [0m
  [4;35;1mPluginTestModels::Group Load (0.2ms)[0m   [0mSELECT * FROM "groups" INNER JOIN "groups_users" ON "groups".id = "groups_users".group_id WHERE ("groups_users".user_id = 1 ) [0m
WARNING: Can't mass-assign these protected attributes: id
  [4;36;1mPluginTestModels::User Load (0.1ms)[0m   [0;1mSELECT * FROM "users" WHERE ("users"."id" = 1) [0m
  [4;35;1mPluginTestModels::Task Load (0.2ms)[0m   [0mSELECT * FROM "tasks" WHERE ("tasks"."id" = 1) [0m
  [4;36;1mPluginTestModels::Task Load (0.1ms)[0m   [0;1mSELECT * FROM "tasks" WHERE ("tasks".user_id = 1) [0m
  [4;35;1mPluginTestModels::User Load (0.2ms)[0m   [0mSELECT * FROM "users" WHERE ("users"."id" = 1) [0m
  [4;36;1mPluginTestModels::Task Load (0.1ms)[0m   [0;1mSELECT * FROM "tasks" WHERE ("tasks"."id" = 1) [0m
  [4;35;1mPluginTestModels::Task Load (0.1ms)[0m   [0mSELECT * FROM "tasks" WHERE ("tasks".user_id = 1) [0m
  [4;36;1mPluginTestModels::User Load (0.1ms)[0m   [0;1mSELECT * FROM "users" WHERE ("users"."id" = 1) [0m
  [4;35;1mPluginTestModels::Task Load (0.1ms)[0m   [0mSELECT * FROM "tasks" WHERE ("tasks"."id" = 1) [0m
  [4;36;1mPluginTestModels::Task Load (0.1ms)[0m   [0;1mSELECT * FROM "tasks" WHERE ("tasks".user_id = 1) [0m
  [4;35;1mPluginTestModels::User Load (0.1ms)[0m   [0mSELECT * FROM "users" WHERE ("users"."id" = 1) [0m
  [4;36;1mPluginTestModels::Task Load (0.1ms)[0m   [0;1mSELECT * FROM "tasks" WHERE ("tasks"."id" = 1) [0m
  [4;35;1mPluginTestModels::Task Load (0.1ms)[0m   [0mSELECT * FROM "tasks" WHERE ("tasks".user_id = 1) [0m
WARNING: Can't mass-assign these protected attributes: id
  [4;36;1mPluginTestModels::Task Load (0.1ms)[0m   [0;1mSELECT * FROM "tasks" WHERE ("tasks"."id" = 1) [0m
  [4;35;1mPluginTestModels::User Load (0.1ms)[0m   [0mSELECT * FROM "users" WHERE ("users"."id" = 1) [0m
  [4;36;1mPluginTestModels::User Load (0.1ms)[0m   [0;1mSELECT * FROM "users" WHERE ("users"."id" = 1) [0m
  [4;35;1mPluginTestModels::User Load (0.1ms)[0m   [0mSELECT * FROM "users" WHERE ("users"."id" = 1) [0m
  [4;36;1mPluginTestModels::User Load (0.1ms)[0m   [0;1mSELECT * FROM "users" WHERE ("users"."id" = 1) [0m
  [4;35;1mPluginTestModels::User Load (0.1ms)[0m   [0mSELECT * FROM "users" WHERE ("users"."id" = 1) [0m
  [4;36;1mPluginTestModels::Avatar Load (0.1ms)[0m   [0;1mSELECT * FROM "avatars" WHERE ("avatars"."id" = 1) [0m
  [4;35;1mPluginTestModels::Avatar Load (0.1ms)[0m   [0mSELECT * FROM "avatars" WHERE ("avatars".user_id = 1) LIMIT 1[0m
  [4;36;1mPluginTestModels::Avatar Load (0.1ms)[0m   [0;1mSELECT * FROM "avatars" WHERE ("avatars"."id" = 1) [0m
  [4;35;1mPluginTestModels::User Load (0.1ms)[0m   [0mSELECT * FROM "users" WHERE ("users"."id" = 1) [0m
  [4;36;1mPluginTestModels::Avatar Load (0.1ms)[0m   [0;1mSELECT * FROM "avatars" WHERE ("avatars"."id" = 1) [0m
  [4;35;1mPluginTestModels::Avatar Load (0.1ms)[0m   [0mSELECT * FROM "avatars" WHERE ("avatars".user_id = 1) LIMIT 1[0m
  [4;36;1mPluginTestModels::Avatar Update (0.1ms)[0m   [0;1mUPDATE "avatars" SET "user_id" = NULL WHERE "id" = 1[0m
  [4;35;1mPluginTestModels::Avatar Load (0.1ms)[0m   [0mSELECT * FROM "avatars" WHERE ("avatars"."id" = 1) [0m
  [4;36;1mPluginTestModels::User Load (0.1ms)[0m   [0;1mSELECT * FROM "users" WHERE ("users"."id" = 1) [0m
  [4;35;1mPluginTestModels::Avatar Load (0.1ms)[0m   [0mSELECT * FROM "avatars" WHERE ("avatars"."id" = 1) [0m
  [4;36;1mPluginTestModels::Avatar Load (0.1ms)[0m   [0;1mSELECT * FROM "avatars" WHERE ("avatars".user_id = 1) LIMIT 1[0m
WARNING: Can't mass-assign these protected attributes: id
  [4;35;1mPluginTestModels::Avatar Load (0.1ms)[0m   [0mSELECT * FROM "avatars" WHERE ("avatars"."id" = 1) [0m
  [4;36;1mSQL (0.4ms)[0m   [0;1m SELECT name
 FROM sqlite_master
 WHERE type = 'table' AND NOT name = 'sqlite_sequence'
[0m
  [4;35;1mSQL (0.4ms)[0m   [0m SELECT name
 FROM sqlite_master
 WHERE type = 'table' AND NOT name = 'sqlite_sequence'
[0m
  [4;36;1mSQL (0.4ms)[0m   [0;1m SELECT name
 FROM sqlite_master
 WHERE type = 'table' AND NOT name = 'sqlite_sequence'
[0m
  [4;35;1mSQL (0.4ms)[0m   [0m SELECT name
 FROM sqlite_master
 WHERE type = 'table' AND NOT name = 'sqlite_sequence'
[0m
  [4;36;1mSQL (0.4ms)[0m   [0;1m SELECT name
 FROM sqlite_master
 WHERE type = 'table' AND NOT name = 'sqlite_sequence'
[0m
  [4;35;1mSQL (0.4ms)[0m   [0m SELECT name
 FROM sqlite_master
 WHERE type = 'table' AND NOT name = 'sqlite_sequence'
[0m
  [4;36;1mSQL (0.4ms)[0m   [0;1m SELECT name
 FROM sqlite_master
 WHERE type = 'table' AND NOT name = 'sqlite_sequence'
[0m
  [4;35;1mSQL (0.4ms)[0m   [0m SELECT name
 FROM sqlite_master
 WHERE type = 'table' AND NOT name = 'sqlite_sequence'
[0m
  [4;36;1mSQL (0.4ms)[0m   [0;1m SELECT name
 FROM sqlite_master
 WHERE type = 'table' AND NOT name = 'sqlite_sequence'
[0m
  [4;35;1mSQL (0.4ms)[0m   [0m SELECT name
 FROM sqlite_master
 WHERE type = 'table' AND NOT name = 'sqlite_sequence'
[0m
  [4;36;1mSQL (0.4ms)[0m   [0;1m SELECT name
 FROM sqlite_master
 WHERE type = 'table' AND NOT name = 'sqlite_sequence'
[0m
  [4;35;1mSQL (0.4ms)[0m   [0m SELECT name
 FROM sqlite_master
 WHERE type = 'table' AND NOT name = 'sqlite_sequence'
[0m
  [4;36;1mSQL (0.4ms)[0m   [0;1m SELECT name
 FROM sqlite_master
 WHERE type = 'table' AND NOT name = 'sqlite_sequence'
[0m
  [4;35;1mSQL (0.4ms)[0m   [0m SELECT name
 FROM sqlite_master
 WHERE type = 'table' AND NOT name = 'sqlite_sequence'
[0m
  [4;36;1mSQL (0.4ms)[0m   [0;1m SELECT name
 FROM sqlite_master
 WHERE type = 'table' AND NOT name = 'sqlite_sequence'
[0m
  [4;35;1mSQL (0.4ms)[0m   [0m SELECT name
 FROM sqlite_master
 WHERE type = 'table' AND NOT name = 'sqlite_sequence'
[0m
  [4;36;1mSQL (0.4ms)[0m   [0;1m SELECT name
 FROM sqlite_master
 WHERE type = 'table' AND NOT name = 'sqlite_sequence'
[0m
  [4;35;1mSQL (0.4ms)[0m   [0m SELECT name
 FROM sqlite_master
 WHERE type = 'table' AND NOT name = 'sqlite_sequence'
[0m
  [4;36;1mSQL (0.4ms)[0m   [0;1m SELECT name
 FROM sqlite_master
 WHERE type = 'table' AND NOT name = 'sqlite_sequence'
[0m
  [4;35;1mSQL (0.4ms)[0m   [0m SELECT name
 FROM sqlite_master
 WHERE type = 'table' AND NOT name = 'sqlite_sequence'
[0m
  [4;36;1mSQL (0.4ms)[0m   [0;1m SELECT name
 FROM sqlite_master
 WHERE type = 'table' AND NOT name = 'sqlite_sequence'
[0m
  [4;35;1mSQL (0.4ms)[0m   [0m SELECT name
 FROM sqlite_master
 WHERE type = 'table' AND NOT name = 'sqlite_sequence'
[0m
  [4;36;1mSQL (0.4ms)[0m   [0;1m SELECT name
 FROM sqlite_master
 WHERE type = 'table' AND NOT name = 'sqlite_sequence'
[0m
  [4;35;1mSQL (0.4ms)[0m   [0m SELECT name
 FROM sqlite_master
 WHERE type = 'table' AND NOT name = 'sqlite_sequence'
[0m
  [4;36;1mSQL (0.3ms)[0m   [0;1mselect sqlite_version(*)[0m
  [4;35;1mSQL (0.2ms)[0m   [0m SELECT name
 FROM sqlite_master
 WHERE type = 'table' AND NOT name = 'sqlite_sequence'
[0m
  [4;36;1mSQL (0.4ms)[0m   [0;1mCREATE TABLE "users" ("id" INTEGER PRIMARY KEY AUTOINCREMENT NOT NULL, "manager_id" integer, "name" varchar(255)) [0m
  [4;35;1mSQL (0.2ms)[0m   [0m SELECT name
 FROM sqlite_master
 WHERE type = 'table' AND NOT name = 'sqlite_sequence'
[0m
  [4;36;1mSQL (0.2ms)[0m   [0;1mCREATE TABLE "avatars" ("id" INTEGER PRIMARY KEY AUTOINCREMENT NOT NULL, "user_id" integer, "name" varchar(255)) [0m
  [4;35;1mSQL (0.2ms)[0m   [0m SELECT name
 FROM sqlite_master
 WHERE type = 'table' AND NOT name = 'sqlite_sequence'
[0m
  [4;36;1mSQL (0.2ms)[0m   [0;1mCREATE TABLE "managers" ("id" INTEGER PRIMARY KEY AUTOINCREMENT NOT NULL, "name" varchar(255)) [0m
  [4;35;1mSQL (0.3ms)[0m   [0m SELECT name
 FROM sqlite_master
 WHERE type = 'table' AND NOT name = 'sqlite_sequence'
[0m
  [4;36;1mSQL (0.2ms)[0m   [0;1mCREATE TABLE "tasks" ("id" INTEGER PRIMARY KEY AUTOINCREMENT NOT NULL, "user_id" integer, "name" varchar(255)) [0m
  [4;35;1mSQL (0.4ms)[0m   [0m SELECT name
 FROM sqlite_master
 WHERE type = 'table' AND NOT name = 'sqlite_sequence'
[0m
  [4;36;1mSQL (0.2ms)[0m   [0;1mCREATE TABLE "tags" ("id" INTEGER PRIMARY KEY AUTOINCREMENT NOT NULL, "user_id" integer, "name" varchar(255)) [0m
  [4;35;1mSQL (0.4ms)[0m   [0m SELECT name
 FROM sqlite_master
 WHERE type = 'table' AND NOT name = 'sqlite_sequence'
[0m
  [4;36;1mSQL (0.2ms)[0m   [0;1mCREATE TABLE "groups" ("id" INTEGER PRIMARY KEY AUTOINCREMENT NOT NULL, "user_id" integer, "name" varchar(255)) [0m
  [4;35;1mSQL (0.5ms)[0m   [0m SELECT name
 FROM sqlite_master
 WHERE type = 'table' AND NOT name = 'sqlite_sequence'
[0m
  [4;36;1mSQL (0.2ms)[0m   [0;1mCREATE TABLE "groups_users" ("group_id" integer, "user_id" integer) [0m
  [4;35;1mSQL (0.5ms)[0m   [0m SELECT name
 FROM sqlite_master
 WHERE type = 'table' AND NOT name = 'sqlite_sequence'
[0m
  [4;36;1mSQL (0.2ms)[0m   [0;1mCREATE TABLE "schema_migrations" ("version" varchar(255) NOT NULL) [0m
  [4;35;1mSQL (0.2ms)[0m   [0mCREATE UNIQUE INDEX "unique_schema_migrations" ON "schema_migrations" ("version")[0m
  [4;36;1mSQL (0.6ms)[0m   [0;1m SELECT name
 FROM sqlite_master
 WHERE type = 'table' AND NOT name = 'sqlite_sequence'
[0m
  [4;35;1mSQL (0.1ms)[0m   [0mSELECT version FROM "schema_migrations"[0m
  [4;36;1mSQL (0.1ms)[0m   [0;1mINSERT INTO "schema_migrations" (version) VALUES ('1')[0m
Unable to load group, underlying cause no such file to load -- group.rb 

 /usr/lib/ruby/gems/1.8/gems/activesupport-2.2.2/lib/active_support/dependencies.rb:382:in `load_without_new_constant_marking'
/usr/lib/ruby/gems/1.8/gems/activesupport-2.2.2/lib/active_support/dependencies.rb:382:in `load_file'
/usr/lib/ruby/gems/1.8/gems/activesupport-2.2.2/lib/active_support/dependencies.rb:521:in `new_constants_in'
/usr/lib/ruby/gems/1.8/gems/activesupport-2.2.2/lib/active_support/dependencies.rb:381:in `load_file'
/usr/lib/ruby/gems/1.8/gems/activesupport-2.2.2/lib/active_support/dependencies.rb:256:in `require_or_load'
/usr/lib/ruby/gems/1.8/gems/activesupport-2.2.2/lib/active_support/dependencies.rb:221:in `depend_on'
/usr/lib/ruby/gems/1.8/gems/activesupport-2.2.2/lib/active_support/dependencies.rb:133:in `require_dependency'
/usr/lib/ruby/gems/1.8/gems/activerecord-2.2.2/lib/active_record/fixtures.rb:856:in `try_to_load_dependency'
/usr/lib/ruby/gems/1.8/gems/activerecord-2.2.2/lib/active_record/fixtures.rb:871:in `require_fixture_classes'
/usr/lib/ruby/gems/1.8/gems/activerecord-2.2.2/lib/active_record/fixtures.rb:868:in `each'
/usr/lib/ruby/gems/1.8/gems/activerecord-2.2.2/lib/active_record/fixtures.rb:868:in `require_fixture_classes'
/usr/lib/ruby/gems/1.8/gems/activerecord-2.2.2/lib/active_record/fixtures.rb:851:in `fixtures'
./test/unit/../test_helper.rb:35
test/unit/nested_assignment_test.rb:1:in `require'
test/unit/nested_assignment_test.rb:1
Unable to load manager, underlying cause no such file to load -- manager.rb 

 /usr/lib/ruby/gems/1.8/gems/activesupport-2.2.2/lib/active_support/dependencies.rb:382:in `load_without_new_constant_marking'
/usr/lib/ruby/gems/1.8/gems/activesupport-2.2.2/lib/active_support/dependencies.rb:382:in `load_file'
/usr/lib/ruby/gems/1.8/gems/activesupport-2.2.2/lib/active_support/dependencies.rb:521:in `new_constants_in'
/usr/lib/ruby/gems/1.8/gems/activesupport-2.2.2/lib/active_support/dependencies.rb:381:in `load_file'
/usr/lib/ruby/gems/1.8/gems/activesupport-2.2.2/lib/active_support/dependencies.rb:256:in `require_or_load'
/usr/lib/ruby/gems/1.8/gems/activesupport-2.2.2/lib/active_support/dependencies.rb:221:in `depend_on'
/usr/lib/ruby/gems/1.8/gems/activesupport-2.2.2/lib/active_support/dependencies.rb:133:in `require_dependency'
/usr/lib/ruby/gems/1.8/gems/activerecord-2.2.2/lib/active_record/fixtures.rb:856:in `try_to_load_dependency'
/usr/lib/ruby/gems/1.8/gems/activerecord-2.2.2/lib/active_record/fixtures.rb:871:in `require_fixture_classes'
/usr/lib/ruby/gems/1.8/gems/activerecord-2.2.2/lib/active_record/fixtures.rb:868:in `each'
/usr/lib/ruby/gems/1.8/gems/activerecord-2.2.2/lib/active_record/fixtures.rb:868:in `require_fixture_classes'
/usr/lib/ruby/gems/1.8/gems/activerecord-2.2.2/lib/active_record/fixtures.rb:851:in `fixtures'
./test/unit/../test_helper.rb:35
test/unit/nested_assignment_test.rb:1:in `require'
test/unit/nested_assignment_test.rb:1
Unable to load avatar, underlying cause no such file to load -- avatar.rb 

 /usr/lib/ruby/gems/1.8/gems/activesupport-2.2.2/lib/active_support/dependencies.rb:382:in `load_without_new_constant_marking'
/usr/lib/ruby/gems/1.8/gems/activesupport-2.2.2/lib/active_support/dependencies.rb:382:in `load_file'
/usr/lib/ruby/gems/1.8/gems/activesupport-2.2.2/lib/active_support/dependencies.rb:521:in `new_constants_in'
/usr/lib/ruby/gems/1.8/gems/activesupport-2.2.2/lib/active_support/dependencies.rb:381:in `load_file'
/usr/lib/ruby/gems/1.8/gems/activesupport-2.2.2/lib/active_support/dependencies.rb:256:in `require_or_load'
/usr/lib/ruby/gems/1.8/gems/activesupport-2.2.2/lib/active_support/dependencies.rb:221:in `depend_on'
/usr/lib/ruby/gems/1.8/gems/activesupport-2.2.2/lib/active_support/dependencies.rb:133:in `require_dependency'
/usr/lib/ruby/gems/1.8/gems/activerecord-2.2.2/lib/active_record/fixtures.rb:856:in `try_to_load_dependency'
/usr/lib/ruby/gems/1.8/gems/activerecord-2.2.2/lib/active_record/fixtures.rb:871:in `require_fixture_classes'
/usr/lib/ruby/gems/1.8/gems/activerecord-2.2.2/lib/active_record/fixtures.rb:868:in `each'
/usr/lib/ruby/gems/1.8/gems/activerecord-2.2.2/lib/active_record/fixtures.rb:868:in `require_fixture_classes'
/usr/lib/ruby/gems/1.8/gems/activerecord-2.2.2/lib/active_record/fixtures.rb:851:in `fixtures'
./test/unit/../test_helper.rb:35
test/unit/nested_assignment_test.rb:1:in `require'
test/unit/nested_assignment_test.rb:1
Unable to load tag, underlying cause no such file to load -- tag.rb 

 /usr/lib/ruby/gems/1.8/gems/activesupport-2.2.2/lib/active_support/dependencies.rb:382:in `load_without_new_constant_marking'
/usr/lib/ruby/gems/1.8/gems/activesupport-2.2.2/lib/active_support/dependencies.rb:382:in `load_file'
/usr/lib/ruby/gems/1.8/gems/activesupport-2.2.2/lib/active_support/dependencies.rb:521:in `new_constants_in'
/usr/lib/ruby/gems/1.8/gems/activesupport-2.2.2/lib/active_support/dependencies.rb:381:in `load_file'
/usr/lib/ruby/gems/1.8/gems/activesupport-2.2.2/lib/active_support/dependencies.rb:256:in `require_or_load'
/usr/lib/ruby/gems/1.8/gems/activesupport-2.2.2/lib/active_support/dependencies.rb:221:in `depend_on'
/usr/lib/ruby/gems/1.8/gems/activesupport-2.2.2/lib/active_support/dependencies.rb:133:in `require_dependency'
/usr/lib/ruby/gems/1.8/gems/activerecord-2.2.2/lib/active_record/fixtures.rb:856:in `try_to_load_dependency'
/usr/lib/ruby/gems/1.8/gems/activerecord-2.2.2/lib/active_record/fixtures.rb:871:in `require_fixture_classes'
/usr/lib/ruby/gems/1.8/gems/activerecord-2.2.2/lib/active_record/fixtures.rb:868:in `each'
/usr/lib/ruby/gems/1.8/gems/activerecord-2.2.2/lib/active_record/fixtures.rb:868:in `require_fixture_classes'
/usr/lib/ruby/gems/1.8/gems/activerecord-2.2.2/lib/active_record/fixtures.rb:851:in `fixtures'
./test/unit/../test_helper.rb:35
test/unit/nested_assignment_test.rb:1:in `require'
test/unit/nested_assignment_test.rb:1
Unable to load user, underlying cause no such file to load -- user.rb 

 /usr/lib/ruby/gems/1.8/gems/activesupport-2.2.2/lib/active_support/dependencies.rb:382:in `load_without_new_constant_marking'
/usr/lib/ruby/gems/1.8/gems/activesupport-2.2.2/lib/active_support/dependencies.rb:382:in `load_file'
/usr/lib/ruby/gems/1.8/gems/activesupport-2.2.2/lib/active_support/dependencies.rb:521:in `new_constants_in'
/usr/lib/ruby/gems/1.8/gems/activesupport-2.2.2/lib/active_support/dependencies.rb:381:in `load_file'
/usr/lib/ruby/gems/1.8/gems/activesupport-2.2.2/lib/active_support/dependencies.rb:256:in `require_or_load'
/usr/lib/ruby/gems/1.8/gems/activesupport-2.2.2/lib/active_support/dependencies.rb:221:in `depend_on'
/usr/lib/ruby/gems/1.8/gems/activesupport-2.2.2/lib/active_support/dependencies.rb:133:in `require_dependency'
/usr/lib/ruby/gems/1.8/gems/activerecord-2.2.2/lib/active_record/fixtures.rb:856:in `try_to_load_dependency'
/usr/lib/ruby/gems/1.8/gems/activerecord-2.2.2/lib/active_record/fixtures.rb:871:in `require_fixture_classes'
/usr/lib/ruby/gems/1.8/gems/activerecord-2.2.2/lib/active_record/fixtures.rb:868:in `each'
/usr/lib/ruby/gems/1.8/gems/activerecord-2.2.2/lib/active_record/fixtures.rb:868:in `require_fixture_classes'
/usr/lib/ruby/gems/1.8/gems/activerecord-2.2.2/lib/active_record/fixtures.rb:851:in `fixtures'
./test/unit/../test_helper.rb:35
test/unit/nested_assignment_test.rb:1:in `require'
test/unit/nested_assignment_test.rb:1
Unable to load task, underlying cause no such file to load -- task.rb 

 /usr/lib/ruby/gems/1.8/gems/activesupport-2.2.2/lib/active_support/dependencies.rb:382:in `load_without_new_constant_marking'
/usr/lib/ruby/gems/1.8/gems/activesupport-2.2.2/lib/active_support/dependencies.rb:382:in `load_file'
/usr/lib/ruby/gems/1.8/gems/activesupport-2.2.2/lib/active_support/dependencies.rb:521:in `new_constants_in'
/usr/lib/ruby/gems/1.8/gems/activesupport-2.2.2/lib/active_support/dependencies.rb:381:in `load_file'
/usr/lib/ruby/gems/1.8/gems/activesupport-2.2.2/lib/active_support/dependencies.rb:256:in `require_or_load'
/usr/lib/ruby/gems/1.8/gems/activesupport-2.2.2/lib/active_support/dependencies.rb:221:in `depend_on'
/usr/lib/ruby/gems/1.8/gems/activesupport-2.2.2/lib/active_support/dependencies.rb:133:in `require_dependency'
/usr/lib/ruby/gems/1.8/gems/activerecord-2.2.2/lib/active_record/fixtures.rb:856:in `try_to_load_dependency'
/usr/lib/ruby/gems/1.8/gems/activerecord-2.2.2/lib/active_record/fixtures.rb:871:in `require_fixture_classes'
/usr/lib/ruby/gems/1.8/gems/activerecord-2.2.2/lib/active_record/fixtures.rb:868:in `each'
/usr/lib/ruby/gems/1.8/gems/activerecord-2.2.2/lib/active_record/fixtures.rb:868:in `require_fixture_classes'
/usr/lib/ruby/gems/1.8/gems/activerecord-2.2.2/lib/active_record/fixtures.rb:851:in `fixtures'
./test/unit/../test_helper.rb:35
test/unit/nested_assignment_test.rb:1:in `require'
test/unit/nested_assignment_test.rb:1
Unable to load groups_user, underlying cause no such file to load -- groups_user.rb 

 /usr/lib/ruby/gems/1.8/gems/activesupport-2.2.2/lib/active_support/dependencies.rb:382:in `load_without_new_constant_marking'
/usr/lib/ruby/gems/1.8/gems/activesupport-2.2.2/lib/active_support/dependencies.rb:382:in `load_file'
/usr/lib/ruby/gems/1.8/gems/activesupport-2.2.2/lib/active_support/dependencies.rb:521:in `new_constants_in'
/usr/lib/ruby/gems/1.8/gems/activesupport-2.2.2/lib/active_support/dependencies.rb:381:in `load_file'
/usr/lib/ruby/gems/1.8/gems/activesupport-2.2.2/lib/active_support/dependencies.rb:256:in `require_or_load'
/usr/lib/ruby/gems/1.8/gems/activesupport-2.2.2/lib/active_support/dependencies.rb:221:in `depend_on'
/usr/lib/ruby/gems/1.8/gems/activesupport-2.2.2/lib/active_support/dependencies.rb:133:in `require_dependency'
/usr/lib/ruby/gems/1.8/gems/activerecord-2.2.2/lib/active_record/fixtures.rb:856:in `try_to_load_dependency'
/usr/lib/ruby/gems/1.8/gems/activerecord-2.2.2/lib/active_record/fixtures.rb:871:in `require_fixture_classes'
/usr/lib/ruby/gems/1.8/gems/activerecord-2.2.2/lib/active_record/fixtures.rb:868:in `each'
/usr/lib/ruby/gems/1.8/gems/activerecord-2.2.2/lib/active_record/fixtures.rb:868:in `require_fixture_classes'
/usr/lib/ruby/gems/1.8/gems/activerecord-2.2.2/lib/active_record/fixtures.rb:851:in `fixtures'
./test/unit/../test_helper.rb:35
test/unit/nested_assignment_test.rb:1:in `require'
test/unit/nested_assignment_test.rb:1
  [4;35;1mPluginTestModels::User Load (0.2ms)[0m   [0mSELECT * FROM "users" WHERE ("users"."id" = 1) [0m
  [4;36;1mPluginTestModels::Manager Load (0.2ms)[0m   [0;1mSELECT * FROM "managers" WHERE ("managers"."id" = 1) [0m
  [4;35;1mPluginTestModels::Manager Load (0.2ms)[0m   [0mSELECT * FROM "managers" WHERE ("managers"."id" = 1) [0m
  [4;36;1mPluginTestModels::Manager Load (0.2ms)[0m   [0;1mSELECT * FROM "managers" WHERE ("managers"."id" = 1) [0m
  [4;35;1mPluginTestModels::User Load (0.2ms)[0m   [0mSELECT * FROM "users" WHERE ("users"."id" = 1) [0m
  [4;36;1mPluginTestModels::Manager Load (0.2ms)[0m   [0;1mSELECT * FROM "managers" WHERE ("managers"."id" = 1) [0m
  [4;35;1mPluginTestModels::Manager Load (0.2ms)[0m   [0mSELECT * FROM "managers" WHERE ("managers"."id" = 1) [0m
  [4;36;1mPluginTestModels::User Load (0.2ms)[0m   [0;1mSELECT * FROM "users" WHERE ("users"."id" = 1) [0m
  [4;35;1mPluginTestModels::Manager Load (0.2ms)[0m   [0mSELECT * FROM "managers" WHERE ("managers"."id" = 1) [0m
  [4;36;1mPluginTestModels::User Load (0.2ms)[0m   [0;1mSELECT * FROM "users" WHERE ("users"."id" = 1) [0m
  [4;35;1mPluginTestModels::Manager Load (0.2ms)[0m   [0mSELECT * FROM "managers" WHERE ("managers"."id" = 1) [0m
  [4;36;1mPluginTestModels::Manager Load (0.2ms)[0m   [0;1mSELECT * FROM "managers" WHERE ("managers"."id" = 1) [0m
WARNING: Can't mass-assign these protected attributes: id
  [4;35;1mPluginTestModels::Manager Load (0.2ms)[0m   [0mSELECT * FROM "managers" WHERE ("managers"."id" = 1) [0m
  [4;36;1mPluginTestModels::User Load (0.2ms)[0m   [0;1mSELECT * FROM "users" WHERE ("users"."id" = 1) [0m
  [4;35;1mPluginTestModels::Group Load (0.2ms)[0m   [0mSELECT * FROM "groups" WHERE ("groups"."id" = 1) [0m
  [4;36;1mPluginTestModels::Group Load (0.3ms)[0m   [0;1mSELECT * FROM "groups" INNER JOIN "groups_users" ON "groups".id = "groups_users".group_id WHERE ("groups_users".user_id = 1 ) [0m
  [4;35;1mPluginTestModels::User Load (0.2ms)[0m   [0mSELECT * FROM "users" WHERE ("users"."id" = 1) [0m
  [4;36;1mPluginTestModels::Group Load (0.3ms)[0m   [0;1mSELECT * FROM "groups" WHERE ("groups"."id" = 1) [0m
  [4;35;1mPluginTestModels::Group Load (0.3ms)[0m   [0mSELECT * FROM "groups" INNER JOIN "groups_users" ON "groups".id = "groups_users".group_id WHERE ("groups_users".user_id = 1 ) [0m
  [4;36;1mPluginTestModels::User Load (0.2ms)[0m   [0;1mSELECT * FROM "users" WHERE ("users"."id" = 1) [0m
  [4;35;1mPluginTestModels::Group Load (0.2ms)[0m   [0mSELECT * FROM "groups" WHERE ("groups"."id" = 1) [0m
  [4;36;1mPluginTestModels::Group Load (0.3ms)[0m   [0;1mSELECT * FROM "groups" INNER JOIN "groups_users" ON "groups".id = "groups_users".group_id WHERE ("groups_users".user_id = 1 ) [0m
  [4;35;1mPluginTestModels::User Load (0.2ms)[0m   [0mSELECT * FROM "users" WHERE ("users"."id" = 1) [0m
  [4;36;1mPluginTestModels::Group Load (0.2ms)[0m   [0;1mSELECT * FROM "groups" WHERE ("groups"."id" = 1) [0m
  [4;35;1mPluginTestModels::Group Load (0.3ms)[0m   [0mSELECT * FROM "groups" INNER JOIN "groups_users" ON "groups".id = "groups_users".group_id WHERE ("groups_users".user_id = 1 ) [0m
WARNING: Can't mass-assign these protected attributes: id
  [4;36;1mPluginTestModels::Group Load (0.2ms)[0m   [0;1mSELECT * FROM "groups" WHERE ("groups"."id" = 1) [0m
  [4;35;1mPluginTestModels::User Load (0.2ms)[0m   [0mSELECT * FROM "users" WHERE ("users"."id" = 1) [0m
  [4;36;1mPluginTestModels::Task Load (0.2ms)[0m   [0;1mSELECT * FROM "tasks" WHERE ("tasks"."id" = 1) [0m
  [4;35;1mPluginTestModels::Task Load (0.2ms)[0m   [0mSELECT * FROM "tasks" WHERE ("tasks".user_id = 1) [0m
  [4;36;1mPluginTestModels::User Load (0.2ms)[0m   [0;1mSELECT * FROM "users" WHERE ("users"."id" = 1) [0m
  [4;35;1mPluginTestModels::Task Load (0.2ms)[0m   [0mSELECT * FROM "tasks" WHERE ("tasks"."id" = 1) [0m
  [4;36;1mPluginTestModels::Task Load (0.2ms)[0m   [0;1mSELECT * FROM "tasks" WHERE ("tasks".user_id = 1) [0m
  [4;35;1mPluginTestModels::User Load (0.2ms)[0m   [0mSELECT * FROM "users" WHERE ("users"."id" = 1) [0m
  [4;36;1mPluginTestModels::Task Load (0.2ms)[0m   [0;1mSELECT * FROM "tasks" WHERE ("tasks"."id" = 1) [0m
  [4;35;1mPluginTestModels::Task Load (0.3ms)[0m   [0mSELECT * FROM "tasks" WHERE ("tasks".user_id = 1) [0m
  [4;36;1mPluginTestModels::User Load (0.2ms)[0m   [0;1mSELECT * FROM "users" WHERE ("users"."id" = 1) [0m
  [4;35;1mPluginTestModels::Task Load (0.2ms)[0m   [0mSELECT * FROM "tasks" WHERE ("tasks"."id" = 1) [0m
  [4;36;1mPluginTestModels::Task Load (0.2ms)[0m   [0;1mSELECT * FROM "tasks" WHERE ("tasks".user_id = 1) [0m
WARNING: Can't mass-assign these protected attributes: id
  [4;35;1mPluginTestModels::Task Load (0.2ms)[0m   [0mSELECT * FROM "tasks" WHERE ("tasks"."id" = 1) [0m
  [4;36;1mPluginTestModels::User Load (0.2ms)[0m   [0;1mSELECT * FROM "users" WHERE ("users"."id" = 1) [0m
  [4;35;1mPluginTestModels::User Load (0.2ms)[0m   [0mSELECT * FROM "users" WHERE ("users"."id" = 1) [0m
  [4;36;1mPluginTestModels::User Load (0.2ms)[0m   [0;1mSELECT * FROM "users" WHERE ("users"."id" = 1) [0m
  [4;35;1mPluginTestModels::User Load (0.2ms)[0m   [0mSELECT * FROM "users" WHERE ("users"."id" = 1) [0m
  [4;36;1mPluginTestModels::User Load (0.3ms)[0m   [0;1mSELECT * FROM "users" WHERE ("users"."id" = 1) [0m
  [4;35;1mPluginTestModels::Avatar Load (0.2ms)[0m   [0mSELECT * FROM "avatars" WHERE ("avatars"."id" = 1) [0m
  [4;36;1mPluginTestModels::Avatar Load (0.2ms)[0m   [0;1mSELECT * FROM "avatars" WHERE ("avatars".user_id = 1) LIMIT 1[0m
  [4;35;1mPluginTestModels::Avatar Load (0.2ms)[0m   [0mSELECT * FROM "avatars" WHERE ("avatars"."id" = 1) [0m
  [4;36;1mPluginTestModels::User Load (0.2ms)[0m   [0;1mSELECT * FROM "users" WHERE ("users"."id" = 1) [0m
  [4;35;1mPluginTestModels::Avatar Load (0.2ms)[0m   [0mSELECT * FROM "avatars" WHERE ("avatars"."id" = 1) [0m
  [4;36;1mPluginTestModels::Avatar Load (0.2ms)[0m   [0;1mSELECT * FROM "avatars" WHERE ("avatars".user_id = 1) LIMIT 1[0m
  [4;35;1mPluginTestModels::Avatar Update (0.1ms)[0m   [0mUPDATE "avatars" SET "user_id" = NULL WHERE "id" = 1[0m
  [4;36;1mPluginTestModels::Avatar Load (0.2ms)[0m   [0;1mSELECT * FROM "avatars" WHERE ("avatars"."id" = 1) [0m
  [4;35;1mPluginTestModels::User Load (0.2ms)[0m   [0mSELECT * FROM "users" WHERE ("users"."id" = 1) [0m
  [4;36;1mPluginTestModels::Avatar Load (0.2ms)[0m   [0;1mSELECT * FROM "avatars" WHERE ("avatars"."id" = 1) [0m
  [4;35;1mPluginTestModels::Avatar Load (0.2ms)[0m   [0mSELECT * FROM "avatars" WHERE ("avatars".user_id = 1) LIMIT 1[0m
WARNING: Can't mass-assign these protected attributes: id
  [4;36;1mPluginTestModels::Avatar Load (0.2ms)[0m   [0;1mSELECT * FROM "avatars" WHERE ("avatars"."id" = 1) [0m
  [4;35;1mSQL (0.6ms)[0m   [0m SELECT name
 FROM sqlite_master
 WHERE type = 'table' AND NOT name = 'sqlite_sequence'
[0m
  [4;36;1mSQL (0.6ms)[0m   [0;1m SELECT name
 FROM sqlite_master
 WHERE type = 'table' AND NOT name = 'sqlite_sequence'
[0m
  [4;35;1mSQL (0.6ms)[0m   [0m SELECT name
 FROM sqlite_master
 WHERE type = 'table' AND NOT name = 'sqlite_sequence'
[0m
  [4;36;1mSQL (0.6ms)[0m   [0;1m SELECT name
 FROM sqlite_master
 WHERE type = 'table' AND NOT name = 'sqlite_sequence'
[0m
  [4;35;1mSQL (0.6ms)[0m   [0m SELECT name
 FROM sqlite_master
 WHERE type = 'table' AND NOT name = 'sqlite_sequence'
[0m
  [4;36;1mSQL (0.6ms)[0m   [0;1m SELECT name
 FROM sqlite_master
 WHERE type = 'table' AND NOT name = 'sqlite_sequence'
[0m
  [4;35;1mSQL (0.6ms)[0m   [0m SELECT name
 FROM sqlite_master
 WHERE type = 'table' AND NOT name = 'sqlite_sequence'
[0m
  [4;36;1mSQL (0.6ms)[0m   [0;1m SELECT name
 FROM sqlite_master
 WHERE type = 'table' AND NOT name = 'sqlite_sequence'
[0m
  [4;35;1mSQL (0.6ms)[0m   [0m SELECT name
 FROM sqlite_master
 WHERE type = 'table' AND NOT name = 'sqlite_sequence'
[0m
  [4;36;1mSQL (0.6ms)[0m   [0;1m SELECT name
 FROM sqlite_master
 WHERE type = 'table' AND NOT name = 'sqlite_sequence'
[0m
  [4;35;1mSQL (0.6ms)[0m   [0m SELECT name
 FROM sqlite_master
 WHERE type = 'table' AND NOT name = 'sqlite_sequence'
[0m
  [4;36;1mSQL (0.6ms)[0m   [0;1m SELECT name
 FROM sqlite_master
 WHERE type = 'table' AND NOT name = 'sqlite_sequence'
[0m
  [4;35;1mSQL (0.6ms)[0m   [0m SELECT name
 FROM sqlite_master
 WHERE type = 'table' AND NOT name = 'sqlite_sequence'
[0m
  [4;36;1mSQL (0.6ms)[0m   [0;1m SELECT name
 FROM sqlite_master
 WHERE type = 'table' AND NOT name = 'sqlite_sequence'
[0m
  [4;35;1mSQL (0.6ms)[0m   [0m SELECT name
 FROM sqlite_master
 WHERE type = 'table' AND NOT name = 'sqlite_sequence'
[0m
  [4;36;1mSQL (0.6ms)[0m   [0;1m SELECT name
 FROM sqlite_master
 WHERE type = 'table' AND NOT name = 'sqlite_sequence'
[0m
  [4;35;1mSQL (0.6ms)[0m   [0m SELECT name
 FROM sqlite_master
 WHERE type = 'table' AND NOT name = 'sqlite_sequence'
[0m
  [4;36;1mSQL (0.6ms)[0m   [0;1m SELECT name
 FROM sqlite_master
 WHERE type = 'table' AND NOT name = 'sqlite_sequence'
[0m
  [4;35;1mSQL (0.6ms)[0m   [0m SELECT name
 FROM sqlite_master
 WHERE type = 'table' AND NOT name = 'sqlite_sequence'
[0m
  [4;36;1mSQL (0.6ms)[0m   [0;1m SELECT name
 FROM sqlite_master
 WHERE type = 'table' AND NOT name = 'sqlite_sequence'
[0m
  [4;35;1mSQL (0.6ms)[0m   [0m SELECT name
 FROM sqlite_master
 WHERE type = 'table' AND NOT name = 'sqlite_sequence'
[0m
  [4;36;1mSQL (0.6ms)[0m   [0;1m SELECT name
 FROM sqlite_master
 WHERE type = 'table' AND NOT name = 'sqlite_sequence'
[0m
  [4;35;1mSQL (0.6ms)[0m   [0m SELECT name
 FROM sqlite_master
 WHERE type = 'table' AND NOT name = 'sqlite_sequence'
[0m
  [4;36;1mSQL (0.6ms)[0m   [0;1m SELECT name
 FROM sqlite_master
 WHERE type = 'table' AND NOT name = 'sqlite_sequence'
[0m
  [4;36;1mSQL (0.2ms)[0m   [0;1mselect sqlite_version(*)[0m
  [4;35;1mSQL (0.1ms)[0m   [0m SELECT name
 FROM sqlite_master
 WHERE type = 'table' AND NOT name = 'sqlite_sequence'
[0m
  [4;36;1mSQL (0.3ms)[0m   [0;1mCREATE TABLE "users" ("id" INTEGER PRIMARY KEY AUTOINCREMENT NOT NULL, "manager_id" integer, "name" varchar(255)) [0m
  [4;35;1mSQL (0.1ms)[0m   [0m SELECT name
 FROM sqlite_master
 WHERE type = 'table' AND NOT name = 'sqlite_sequence'
[0m
  [4;36;1mSQL (0.1ms)[0m   [0;1mCREATE TABLE "avatars" ("id" INTEGER PRIMARY KEY AUTOINCREMENT NOT NULL, "user_id" integer, "name" varchar(255)) [0m
  [4;35;1mSQL (0.2ms)[0m   [0m SELECT name
 FROM sqlite_master
 WHERE type = 'table' AND NOT name = 'sqlite_sequence'
[0m
  [4;36;1mSQL (0.1ms)[0m   [0;1mCREATE TABLE "managers" ("id" INTEGER PRIMARY KEY AUTOINCREMENT NOT NULL, "name" varchar(255)) [0m
  [4;35;1mSQL (0.2ms)[0m   [0m SELECT name
 FROM sqlite_master
 WHERE type = 'table' AND NOT name = 'sqlite_sequence'
[0m
  [4;36;1mSQL (0.1ms)[0m   [0;1mCREATE TABLE "tasks" ("id" INTEGER PRIMARY KEY AUTOINCREMENT NOT NULL, "user_id" integer, "name" varchar(255)) [0m
  [4;35;1mSQL (0.2ms)[0m   [0m SELECT name
 FROM sqlite_master
 WHERE type = 'table' AND NOT name = 'sqlite_sequence'
[0m
  [4;36;1mSQL (0.1ms)[0m   [0;1mCREATE TABLE "tags" ("id" INTEGER PRIMARY KEY AUTOINCREMENT NOT NULL, "user_id" integer, "name" varchar(255)) [0m
  [4;35;1mSQL (0.3ms)[0m   [0m SELECT name
 FROM sqlite_master
 WHERE type = 'table' AND NOT name = 'sqlite_sequence'
[0m
  [4;36;1mSQL (0.1ms)[0m   [0;1mCREATE TABLE "groups" ("id" INTEGER PRIMARY KEY AUTOINCREMENT NOT NULL, "user_id" integer, "name" varchar(255)) [0m
  [4;35;1mSQL (0.3ms)[0m   [0m SELECT name
 FROM sqlite_master
 WHERE type = 'table' AND NOT name = 'sqlite_sequence'
[0m
  [4;36;1mSQL (0.1ms)[0m   [0;1mCREATE TABLE "groups_users" ("group_id" integer, "user_id" integer) [0m
  [4;35;1mSQL (0.3ms)[0m   [0m SELECT name
 FROM sqlite_master
 WHERE type = 'table' AND NOT name = 'sqlite_sequence'
[0m
  [4;36;1mSQL (0.1ms)[0m   [0;1mCREATE TABLE "schema_migrations" ("version" varchar(255) NOT NULL) [0m
  [4;35;1mSQL (0.1ms)[0m   [0mCREATE UNIQUE INDEX "unique_schema_migrations" ON "schema_migrations" ("version")[0m
  [4;36;1mSQL (0.4ms)[0m   [0;1m SELECT name
 FROM sqlite_master
 WHERE type = 'table' AND NOT name = 'sqlite_sequence'
[0m
  [4;35;1mSQL (0.1ms)[0m   [0mSELECT version FROM "schema_migrations"[0m
  [4;36;1mSQL (0.1ms)[0m   [0;1mINSERT INTO "schema_migrations" (version) VALUES ('1')[0m
Unable to load group, underlying cause no such file to load -- group.rb 

 /usr/lib/ruby/gems/1.8/gems/activesupport-2.2.2/lib/active_support/dependencies.rb:382:in `load_without_new_constant_marking'
/usr/lib/ruby/gems/1.8/gems/activesupport-2.2.2/lib/active_support/dependencies.rb:382:in `load_file'
/usr/lib/ruby/gems/1.8/gems/activesupport-2.2.2/lib/active_support/dependencies.rb:521:in `new_constants_in'
/usr/lib/ruby/gems/1.8/gems/activesupport-2.2.2/lib/active_support/dependencies.rb:381:in `load_file'
/usr/lib/ruby/gems/1.8/gems/activesupport-2.2.2/lib/active_support/dependencies.rb:256:in `require_or_load'
/usr/lib/ruby/gems/1.8/gems/activesupport-2.2.2/lib/active_support/dependencies.rb:221:in `depend_on'
/usr/lib/ruby/gems/1.8/gems/activesupport-2.2.2/lib/active_support/dependencies.rb:133:in `require_dependency'
/usr/lib/ruby/gems/1.8/gems/activerecord-2.2.2/lib/active_record/fixtures.rb:856:in `try_to_load_dependency'
/usr/lib/ruby/gems/1.8/gems/activerecord-2.2.2/lib/active_record/fixtures.rb:871:in `require_fixture_classes'
/usr/lib/ruby/gems/1.8/gems/activerecord-2.2.2/lib/active_record/fixtures.rb:868:in `each'
/usr/lib/ruby/gems/1.8/gems/activerecord-2.2.2/lib/active_record/fixtures.rb:868:in `require_fixture_classes'
/usr/lib/ruby/gems/1.8/gems/activerecord-2.2.2/lib/active_record/fixtures.rb:851:in `fixtures'
./test/unit/../test_helper.rb:35
test/unit/nested_assignment_test.rb:1:in `require'
test/unit/nested_assignment_test.rb:1
Unable to load manager, underlying cause no such file to load -- manager.rb 

 /usr/lib/ruby/gems/1.8/gems/activesupport-2.2.2/lib/active_support/dependencies.rb:382:in `load_without_new_constant_marking'
/usr/lib/ruby/gems/1.8/gems/activesupport-2.2.2/lib/active_support/dependencies.rb:382:in `load_file'
/usr/lib/ruby/gems/1.8/gems/activesupport-2.2.2/lib/active_support/dependencies.rb:521:in `new_constants_in'
/usr/lib/ruby/gems/1.8/gems/activesupport-2.2.2/lib/active_support/dependencies.rb:381:in `load_file'
/usr/lib/ruby/gems/1.8/gems/activesupport-2.2.2/lib/active_support/dependencies.rb:256:in `require_or_load'
/usr/lib/ruby/gems/1.8/gems/activesupport-2.2.2/lib/active_support/dependencies.rb:221:in `depend_on'
/usr/lib/ruby/gems/1.8/gems/activesupport-2.2.2/lib/active_support/dependencies.rb:133:in `require_dependency'
/usr/lib/ruby/gems/1.8/gems/activerecord-2.2.2/lib/active_record/fixtures.rb:856:in `try_to_load_dependency'
/usr/lib/ruby/gems/1.8/gems/activerecord-2.2.2/lib/active_record/fixtures.rb:871:in `require_fixture_classes'
/usr/lib/ruby/gems/1.8/gems/activerecord-2.2.2/lib/active_record/fixtures.rb:868:in `each'
/usr/lib/ruby/gems/1.8/gems/activerecord-2.2.2/lib/active_record/fixtures.rb:868:in `require_fixture_classes'
/usr/lib/ruby/gems/1.8/gems/activerecord-2.2.2/lib/active_record/fixtures.rb:851:in `fixtures'
./test/unit/../test_helper.rb:35
test/unit/nested_assignment_test.rb:1:in `require'
test/unit/nested_assignment_test.rb:1
Unable to load avatar, underlying cause no such file to load -- avatar.rb 

 /usr/lib/ruby/gems/1.8/gems/activesupport-2.2.2/lib/active_support/dependencies.rb:382:in `load_without_new_constant_marking'
/usr/lib/ruby/gems/1.8/gems/activesupport-2.2.2/lib/active_support/dependencies.rb:382:in `load_file'
/usr/lib/ruby/gems/1.8/gems/activesupport-2.2.2/lib/active_support/dependencies.rb:521:in `new_constants_in'
/usr/lib/ruby/gems/1.8/gems/activesupport-2.2.2/lib/active_support/dependencies.rb:381:in `load_file'
/usr/lib/ruby/gems/1.8/gems/activesupport-2.2.2/lib/active_support/dependencies.rb:256:in `require_or_load'
/usr/lib/ruby/gems/1.8/gems/activesupport-2.2.2/lib/active_support/dependencies.rb:221:in `depend_on'
/usr/lib/ruby/gems/1.8/gems/activesupport-2.2.2/lib/active_support/dependencies.rb:133:in `require_dependency'
/usr/lib/ruby/gems/1.8/gems/activerecord-2.2.2/lib/active_record/fixtures.rb:856:in `try_to_load_dependency'
/usr/lib/ruby/gems/1.8/gems/activerecord-2.2.2/lib/active_record/fixtures.rb:871:in `require_fixture_classes'
/usr/lib/ruby/gems/1.8/gems/activerecord-2.2.2/lib/active_record/fixtures.rb:868:in `each'
/usr/lib/ruby/gems/1.8/gems/activerecord-2.2.2/lib/active_record/fixtures.rb:868:in `require_fixture_classes'
/usr/lib/ruby/gems/1.8/gems/activerecord-2.2.2/lib/active_record/fixtures.rb:851:in `fixtures'
./test/unit/../test_helper.rb:35
test/unit/nested_assignment_test.rb:1:in `require'
test/unit/nested_assignment_test.rb:1
Unable to load tag, underlying cause no such file to load -- tag.rb 

 /usr/lib/ruby/gems/1.8/gems/activesupport-2.2.2/lib/active_support/dependencies.rb:382:in `load_without_new_constant_marking'
/usr/lib/ruby/gems/1.8/gems/activesupport-2.2.2/lib/active_support/dependencies.rb:382:in `load_file'
/usr/lib/ruby/gems/1.8/gems/activesupport-2.2.2/lib/active_support/dependencies.rb:521:in `new_constants_in'
/usr/lib/ruby/gems/1.8/gems/activesupport-2.2.2/lib/active_support/dependencies.rb:381:in `load_file'
/usr/lib/ruby/gems/1.8/gems/activesupport-2.2.2/lib/active_support/dependencies.rb:256:in `require_or_load'
/usr/lib/ruby/gems/1.8/gems/activesupport-2.2.2/lib/active_support/dependencies.rb:221:in `depend_on'
/usr/lib/ruby/gems/1.8/gems/activesupport-2.2.2/lib/active_support/dependencies.rb:133:in `require_dependency'
/usr/lib/ruby/gems/1.8/gems/activerecord-2.2.2/lib/active_record/fixtures.rb:856:in `try_to_load_dependency'
/usr/lib/ruby/gems/1.8/gems/activerecord-2.2.2/lib/active_record/fixtures.rb:871:in `require_fixture_classes'
/usr/lib/ruby/gems/1.8/gems/activerecord-2.2.2/lib/active_record/fixtures.rb:868:in `each'
/usr/lib/ruby/gems/1.8/gems/activerecord-2.2.2/lib/active_record/fixtures.rb:868:in `require_fixture_classes'
/usr/lib/ruby/gems/1.8/gems/activerecord-2.2.2/lib/active_record/fixtures.rb:851:in `fixtures'
./test/unit/../test_helper.rb:35
test/unit/nested_assignment_test.rb:1:in `require'
test/unit/nested_assignment_test.rb:1
Unable to load user, underlying cause no such file to load -- user.rb 

 /usr/lib/ruby/gems/1.8/gems/activesupport-2.2.2/lib/active_support/dependencies.rb:382:in `load_without_new_constant_marking'
/usr/lib/ruby/gems/1.8/gems/activesupport-2.2.2/lib/active_support/dependencies.rb:382:in `load_file'
/usr/lib/ruby/gems/1.8/gems/activesupport-2.2.2/lib/active_support/dependencies.rb:521:in `new_constants_in'
/usr/lib/ruby/gems/1.8/gems/activesupport-2.2.2/lib/active_support/dependencies.rb:381:in `load_file'
/usr/lib/ruby/gems/1.8/gems/activesupport-2.2.2/lib/active_support/dependencies.rb:256:in `require_or_load'
/usr/lib/ruby/gems/1.8/gems/activesupport-2.2.2/lib/active_support/dependencies.rb:221:in `depend_on'
/usr/lib/ruby/gems/1.8/gems/activesupport-2.2.2/lib/active_support/dependencies.rb:133:in `require_dependency'
/usr/lib/ruby/gems/1.8/gems/activerecord-2.2.2/lib/active_record/fixtures.rb:856:in `try_to_load_dependency'
/usr/lib/ruby/gems/1.8/gems/activerecord-2.2.2/lib/active_record/fixtures.rb:871:in `require_fixture_classes'
/usr/lib/ruby/gems/1.8/gems/activerecord-2.2.2/lib/active_record/fixtures.rb:868:in `each'
/usr/lib/ruby/gems/1.8/gems/activerecord-2.2.2/lib/active_record/fixtures.rb:868:in `require_fixture_classes'
/usr/lib/ruby/gems/1.8/gems/activerecord-2.2.2/lib/active_record/fixtures.rb:851:in `fixtures'
./test/unit/../test_helper.rb:35
test/unit/nested_assignment_test.rb:1:in `require'
test/unit/nested_assignment_test.rb:1
Unable to load task, underlying cause no such file to load -- task.rb 

 /usr/lib/ruby/gems/1.8/gems/activesupport-2.2.2/lib/active_support/dependencies.rb:382:in `load_without_new_constant_marking'
/usr/lib/ruby/gems/1.8/gems/activesupport-2.2.2/lib/active_support/dependencies.rb:382:in `load_file'
/usr/lib/ruby/gems/1.8/gems/activesupport-2.2.2/lib/active_support/dependencies.rb:521:in `new_constants_in'
/usr/lib/ruby/gems/1.8/gems/activesupport-2.2.2/lib/active_support/dependencies.rb:381:in `load_file'
/usr/lib/ruby/gems/1.8/gems/activesupport-2.2.2/lib/active_support/dependencies.rb:256:in `require_or_load'
/usr/lib/ruby/gems/1.8/gems/activesupport-2.2.2/lib/active_support/dependencies.rb:221:in `depend_on'
/usr/lib/ruby/gems/1.8/gems/activesupport-2.2.2/lib/active_support/dependencies.rb:133:in `require_dependency'
/usr/lib/ruby/gems/1.8/gems/activerecord-2.2.2/lib/active_record/fixtures.rb:856:in `try_to_load_dependency'
/usr/lib/ruby/gems/1.8/gems/activerecord-2.2.2/lib/active_record/fixtures.rb:871:in `require_fixture_classes'
/usr/lib/ruby/gems/1.8/gems/activerecord-2.2.2/lib/active_record/fixtures.rb:868:in `each'
/usr/lib/ruby/gems/1.8/gems/activerecord-2.2.2/lib/active_record/fixtures.rb:868:in `require_fixture_classes'
/usr/lib/ruby/gems/1.8/gems/activerecord-2.2.2/lib/active_record/fixtures.rb:851:in `fixtures'
./test/unit/../test_helper.rb:35
test/unit/nested_assignment_test.rb:1:in `require'
test/unit/nested_assignment_test.rb:1
Unable to load groups_user, underlying cause no such file to load -- groups_user.rb 

 /usr/lib/ruby/gems/1.8/gems/activesupport-2.2.2/lib/active_support/dependencies.rb:382:in `load_without_new_constant_marking'
/usr/lib/ruby/gems/1.8/gems/activesupport-2.2.2/lib/active_support/dependencies.rb:382:in `load_file'
/usr/lib/ruby/gems/1.8/gems/activesupport-2.2.2/lib/active_support/dependencies.rb:521:in `new_constants_in'
/usr/lib/ruby/gems/1.8/gems/activesupport-2.2.2/lib/active_support/dependencies.rb:381:in `load_file'
/usr/lib/ruby/gems/1.8/gems/activesupport-2.2.2/lib/active_support/dependencies.rb:256:in `require_or_load'
/usr/lib/ruby/gems/1.8/gems/activesupport-2.2.2/lib/active_support/dependencies.rb:221:in `depend_on'
/usr/lib/ruby/gems/1.8/gems/activesupport-2.2.2/lib/active_support/dependencies.rb:133:in `require_dependency'
/usr/lib/ruby/gems/1.8/gems/activerecord-2.2.2/lib/active_record/fixtures.rb:856:in `try_to_load_dependency'
/usr/lib/ruby/gems/1.8/gems/activerecord-2.2.2/lib/active_record/fixtures.rb:871:in `require_fixture_classes'
/usr/lib/ruby/gems/1.8/gems/activerecord-2.2.2/lib/active_record/fixtures.rb:868:in `each'
/usr/lib/ruby/gems/1.8/gems/activerecord-2.2.2/lib/active_record/fixtures.rb:868:in `require_fixture_classes'
/usr/lib/ruby/gems/1.8/gems/activerecord-2.2.2/lib/active_record/fixtures.rb:851:in `fixtures'
./test/unit/../test_helper.rb:35
test/unit/nested_assignment_test.rb:1:in `require'
test/unit/nested_assignment_test.rb:1
  [4;35;1mPluginTestModels::User Load (0.1ms)[0m   [0mSELECT * FROM "users" WHERE ("users"."id" = 1) [0m
  [4;36;1mPluginTestModels::Manager Load (0.1ms)[0m   [0;1mSELECT * FROM "managers" WHERE ("managers"."id" = 1) [0m
  [4;35;1mPluginTestModels::Manager Load (0.1ms)[0m   [0mSELECT * FROM "managers" WHERE ("managers"."id" = 1) [0m
  [4;36;1mPluginTestModels::Manager Load (0.1ms)[0m   [0;1mSELECT * FROM "managers" WHERE ("managers"."id" = 1) [0m
  [4;35;1mPluginTestModels::User Load (0.1ms)[0m   [0mSELECT * FROM "users" WHERE ("users"."id" = 1) [0m
  [4;36;1mPluginTestModels::Manager Load (0.1ms)[0m   [0;1mSELECT * FROM "managers" WHERE ("managers"."id" = 1) [0m
  [4;35;1mPluginTestModels::Manager Load (0.1ms)[0m   [0mSELECT * FROM "managers" WHERE ("managers"."id" = 1) [0m
  [4;36;1mPluginTestModels::User Load (0.1ms)[0m   [0;1mSELECT * FROM "users" WHERE ("users"."id" = 1) [0m
  [4;35;1mPluginTestModels::Manager Load (0.1ms)[0m   [0mSELECT * FROM "managers" WHERE ("managers"."id" = 1) [0m
  [4;36;1mPluginTestModels::User Load (0.1ms)[0m   [0;1mSELECT * FROM "users" WHERE ("users"."id" = 1) [0m
  [4;35;1mPluginTestModels::Manager Load (0.1ms)[0m   [0mSELECT * FROM "managers" WHERE ("managers"."id" = 1) [0m
  [4;36;1mPluginTestModels::Manager Load (0.1ms)[0m   [0;1mSELECT * FROM "managers" WHERE ("managers"."id" = 1) [0m
WARNING: Can't mass-assign these protected attributes: id
  [4;35;1mPluginTestModels::Manager Load (0.1ms)[0m   [0mSELECT * FROM "managers" WHERE ("managers"."id" = 1) [0m
  [4;36;1mPluginTestModels::User Load (0.1ms)[0m   [0;1mSELECT * FROM "users" WHERE ("users"."id" = 1) [0m
  [4;35;1mPluginTestModels::Group Load (0.1ms)[0m   [0mSELECT * FROM "groups" WHERE ("groups"."id" = 1) [0m
  [4;36;1mPluginTestModels::Group Load (0.2ms)[0m   [0;1mSELECT * FROM "groups" INNER JOIN "groups_users" ON "groups".id = "groups_users".group_id WHERE ("groups_users".user_id = 1 ) [0m
  [4;35;1mPluginTestModels::User Load (0.1ms)[0m   [0mSELECT * FROM "users" WHERE ("users"."id" = 1) [0m
  [4;36;1mPluginTestModels::Group Load (0.1ms)[0m   [0;1mSELECT * FROM "groups" WHERE ("groups"."id" = 1) [0m
  [4;35;1mPluginTestModels::Group Load (0.2ms)[0m   [0mSELECT * FROM "groups" INNER JOIN "groups_users" ON "groups".id = "groups_users".group_id WHERE ("groups_users".user_id = 1 ) [0m
  [4;36;1mPluginTestModels::User Load (0.1ms)[0m   [0;1mSELECT * FROM "users" WHERE ("users"."id" = 1) [0m
  [4;35;1mPluginTestModels::Group Load (0.1ms)[0m   [0mSELECT * FROM "groups" WHERE ("groups"."id" = 1) [0m
  [4;36;1mPluginTestModels::Group Load (0.2ms)[0m   [0;1mSELECT * FROM "groups" INNER JOIN "groups_users" ON "groups".id = "groups_users".group_id WHERE ("groups_users".user_id = 1 ) [0m
  [4;35;1mPluginTestModels::User Load (0.1ms)[0m   [0mSELECT * FROM "users" WHERE ("users"."id" = 1) [0m
  [4;36;1mPluginTestModels::Group Load (0.1ms)[0m   [0;1mSELECT * FROM "groups" WHERE ("groups"."id" = 1) [0m
  [4;35;1mPluginTestModels::Group Load (0.2ms)[0m   [0mSELECT * FROM "groups" INNER JOIN "groups_users" ON "groups".id = "groups_users".group_id WHERE ("groups_users".user_id = 1 ) [0m
WARNING: Can't mass-assign these protected attributes: id
  [4;36;1mPluginTestModels::Group Load (0.1ms)[0m   [0;1mSELECT * FROM "groups" WHERE ("groups"."id" = 1) [0m
  [4;35;1mPluginTestModels::User Load (0.1ms)[0m   [0mSELECT * FROM "users" WHERE ("users"."id" = 1) [0m
  [4;36;1mPluginTestModels::Task Load (0.1ms)[0m   [0;1mSELECT * FROM "tasks" WHERE ("tasks"."id" = 1) [0m
  [4;35;1mPluginTestModels::Task Load (0.1ms)[0m   [0mSELECT * FROM "tasks" WHERE ("tasks".user_id = 1) [0m
  [4;36;1mPluginTestModels::User Load (0.1ms)[0m   [0;1mSELECT * FROM "users" WHERE ("users"."id" = 1) [0m
  [4;35;1mPluginTestModels::Task Load (0.1ms)[0m   [0mSELECT * FROM "tasks" WHERE ("tasks"."id" = 1) [0m
  [4;36;1mPluginTestModels::Task Load (0.1ms)[0m   [0;1mSELECT * FROM "tasks" WHERE ("tasks".user_id = 1) [0m
  [4;35;1mPluginTestModels::User Load (0.1ms)[0m   [0mSELECT * FROM "users" WHERE ("users"."id" = 1) [0m
  [4;36;1mPluginTestModels::Task Load (0.1ms)[0m   [0;1mSELECT * FROM "tasks" WHERE ("tasks"."id" = 1) [0m
  [4;35;1mPluginTestModels::Task Load (0.1ms)[0m   [0mSELECT * FROM "tasks" WHERE ("tasks".user_id = 1) [0m
  [4;36;1mPluginTestModels::User Load (0.1ms)[0m   [0;1mSELECT * FROM "users" WHERE ("users"."id" = 1) [0m
  [4;35;1mPluginTestModels::Task Load (0.1ms)[0m   [0mSELECT * FROM "tasks" WHERE ("tasks"."id" = 1) [0m
  [4;36;1mPluginTestModels::Task Load (0.1ms)[0m   [0;1mSELECT * FROM "tasks" WHERE ("tasks".user_id = 1) [0m
WARNING: Can't mass-assign these protected attributes: id
  [4;35;1mPluginTestModels::Task Load (0.1ms)[0m   [0mSELECT * FROM "tasks" WHERE ("tasks"."id" = 1) [0m
  [4;36;1mPluginTestModels::User Load (0.1ms)[0m   [0;1mSELECT * FROM "users" WHERE ("users"."id" = 1) [0m
  [4;35;1mPluginTestModels::User Load (0.1ms)[0m   [0mSELECT * FROM "users" WHERE ("users"."id" = 1) [0m
  [4;36;1mPluginTestModels::User Load (0.1ms)[0m   [0;1mSELECT * FROM "users" WHERE ("users"."id" = 1) [0m
  [4;35;1mPluginTestModels::User Load (0.1ms)[0m   [0mSELECT * FROM "users" WHERE ("users"."id" = 1) [0m
  [4;36;1mPluginTestModels::User Load (0.1ms)[0m   [0;1mSELECT * FROM "users" WHERE ("users"."id" = 1) [0m
  [4;35;1mPluginTestModels::Avatar Load (0.1ms)[0m   [0mSELECT * FROM "avatars" WHERE ("avatars"."id" = 1) [0m
  [4;36;1mPluginTestModels::Avatar Load (0.1ms)[0m   [0;1mSELECT * FROM "avatars" WHERE ("avatars".user_id = 1) LIMIT 1[0m
  [4;35;1mPluginTestModels::Avatar Load (0.1ms)[0m   [0mSELECT * FROM "avatars" WHERE ("avatars"."id" = 1) [0m
  [4;36;1mPluginTestModels::User Load (0.1ms)[0m   [0;1mSELECT * FROM "users" WHERE ("users"."id" = 1) [0m
  [4;35;1mPluginTestModels::Avatar Load (0.1ms)[0m   [0mSELECT * FROM "avatars" WHERE ("avatars"."id" = 1) [0m
  [4;36;1mPluginTestModels::Avatar Load (0.1ms)[0m   [0;1mSELECT * FROM "avatars" WHERE ("avatars".user_id = 1) LIMIT 1[0m
  [4;35;1mPluginTestModels::Avatar Update (0.1ms)[0m   [0mUPDATE "avatars" SET "user_id" = NULL WHERE "id" = 1[0m
  [4;36;1mPluginTestModels::Avatar Load (0.1ms)[0m   [0;1mSELECT * FROM "avatars" WHERE ("avatars"."id" = 1) [0m
  [4;35;1mPluginTestModels::User Load (0.2ms)[0m   [0mSELECT * FROM "users" WHERE ("users"."id" = 1) [0m
  [4;36;1mPluginTestModels::Avatar Load (0.1ms)[0m   [0;1mSELECT * FROM "avatars" WHERE ("avatars"."id" = 1) [0m
  [4;35;1mPluginTestModels::Avatar Load (0.1ms)[0m   [0mSELECT * FROM "avatars" WHERE ("avatars".user_id = 1) LIMIT 1[0m
WARNING: Can't mass-assign these protected attributes: id
  [4;36;1mPluginTestModels::Avatar Load (0.1ms)[0m   [0;1mSELECT * FROM "avatars" WHERE ("avatars"."id" = 1) [0m
  [4;35;1mSQL (0.4ms)[0m   [0m SELECT name
 FROM sqlite_master
 WHERE type = 'table' AND NOT name = 'sqlite_sequence'
[0m
  [4;36;1mSQL (0.4ms)[0m   [0;1m SELECT name
 FROM sqlite_master
 WHERE type = 'table' AND NOT name = 'sqlite_sequence'
[0m
  [4;35;1mSQL (0.4ms)[0m   [0m SELECT name
 FROM sqlite_master
 WHERE type = 'table' AND NOT name = 'sqlite_sequence'
[0m
  [4;36;1mSQL (0.4ms)[0m   [0;1m SELECT name
 FROM sqlite_master
 WHERE type = 'table' AND NOT name = 'sqlite_sequence'
[0m
  [4;35;1mSQL (0.4ms)[0m   [0m SELECT name
 FROM sqlite_master
 WHERE type = 'table' AND NOT name = 'sqlite_sequence'
[0m
  [4;36;1mSQL (0.4ms)[0m   [0;1m SELECT name
 FROM sqlite_master
 WHERE type = 'table' AND NOT name = 'sqlite_sequence'
[0m
  [4;35;1mSQL (0.4ms)[0m   [0m SELECT name
 FROM sqlite_master
 WHERE type = 'table' AND NOT name = 'sqlite_sequence'
[0m
  [4;36;1mSQL (0.4ms)[0m   [0;1m SELECT name
 FROM sqlite_master
 WHERE type = 'table' AND NOT name = 'sqlite_sequence'
[0m
  [4;35;1mSQL (0.4ms)[0m   [0m SELECT name
 FROM sqlite_master
 WHERE type = 'table' AND NOT name = 'sqlite_sequence'
[0m
  [4;36;1mSQL (0.4ms)[0m   [0;1m SELECT name
 FROM sqlite_master
 WHERE type = 'table' AND NOT name = 'sqlite_sequence'
[0m
  [4;35;1mSQL (0.4ms)[0m   [0m SELECT name
 FROM sqlite_master
 WHERE type = 'table' AND NOT name = 'sqlite_sequence'
[0m
  [4;36;1mSQL (0.4ms)[0m   [0;1m SELECT name
 FROM sqlite_master
 WHERE type = 'table' AND NOT name = 'sqlite_sequence'
[0m
  [4;35;1mSQL (0.4ms)[0m   [0m SELECT name
 FROM sqlite_master
 WHERE type = 'table' AND NOT name = 'sqlite_sequence'
[0m
  [4;36;1mSQL (0.4ms)[0m   [0;1m SELECT name
 FROM sqlite_master
 WHERE type = 'table' AND NOT name = 'sqlite_sequence'
[0m
  [4;35;1mSQL (0.4ms)[0m   [0m SELECT name
 FROM sqlite_master
 WHERE type = 'table' AND NOT name = 'sqlite_sequence'
[0m
  [4;36;1mSQL (0.4ms)[0m   [0;1m SELECT name
 FROM sqlite_master
 WHERE type = 'table' AND NOT name = 'sqlite_sequence'
[0m
  [4;35;1mSQL (0.4ms)[0m   [0m SELECT name
 FROM sqlite_master
 WHERE type = 'table' AND NOT name = 'sqlite_sequence'
[0m
  [4;36;1mSQL (0.4ms)[0m   [0;1m SELECT name
 FROM sqlite_master
 WHERE type = 'table' AND NOT name = 'sqlite_sequence'
[0m
  [4;35;1mSQL (0.4ms)[0m   [0m SELECT name
 FROM sqlite_master
 WHERE type = 'table' AND NOT name = 'sqlite_sequence'
[0m
  [4;36;1mSQL (0.4ms)[0m   [0;1m SELECT name
 FROM sqlite_master
 WHERE type = 'table' AND NOT name = 'sqlite_sequence'
[0m
  [4;35;1mSQL (0.4ms)[0m   [0m SELECT name
 FROM sqlite_master
 WHERE type = 'table' AND NOT name = 'sqlite_sequence'
[0m
  [4;36;1mSQL (0.4ms)[0m   [0;1m SELECT name
 FROM sqlite_master
 WHERE type = 'table' AND NOT name = 'sqlite_sequence'
[0m
  [4;35;1mSQL (0.4ms)[0m   [0m SELECT name
 FROM sqlite_master
 WHERE type = 'table' AND NOT name = 'sqlite_sequence'
[0m
  [4;36;1mSQL (0.4ms)[0m   [0;1m SELECT name
 FROM sqlite_master
 WHERE type = 'table' AND NOT name = 'sqlite_sequence'
[0m
  [4;36;1mSQL (0.2ms)[0m   [0;1mselect sqlite_version(*)[0m
  [4;35;1mSQL (0.1ms)[0m   [0m SELECT name
 FROM sqlite_master
 WHERE type = 'table' AND NOT name = 'sqlite_sequence'
[0m
  [4;36;1mSQL (0.2ms)[0m   [0;1mCREATE TABLE "users" ("id" INTEGER PRIMARY KEY AUTOINCREMENT NOT NULL, "manager_id" integer, "name" varchar(255)) [0m
  [4;35;1mSQL (0.1ms)[0m   [0m SELECT name
 FROM sqlite_master
 WHERE type = 'table' AND NOT name = 'sqlite_sequence'
[0m
  [4;36;1mSQL (0.1ms)[0m   [0;1mCREATE TABLE "avatars" ("id" INTEGER PRIMARY KEY AUTOINCREMENT NOT NULL, "user_id" integer, "name" varchar(255)) [0m
  [4;35;1mSQL (0.2ms)[0m   [0m SELECT name
 FROM sqlite_master
 WHERE type = 'table' AND NOT name = 'sqlite_sequence'
[0m
  [4;36;1mSQL (0.1ms)[0m   [0;1mCREATE TABLE "managers" ("id" INTEGER PRIMARY KEY AUTOINCREMENT NOT NULL, "name" varchar(255)) [0m
  [4;35;1mSQL (0.2ms)[0m   [0m SELECT name
 FROM sqlite_master
 WHERE type = 'table' AND NOT name = 'sqlite_sequence'
[0m
  [4;36;1mSQL (0.1ms)[0m   [0;1mCREATE TABLE "tasks" ("id" INTEGER PRIMARY KEY AUTOINCREMENT NOT NULL, "user_id" integer, "name" varchar(255)) [0m
  [4;35;1mSQL (0.2ms)[0m   [0m SELECT name
 FROM sqlite_master
 WHERE type = 'table' AND NOT name = 'sqlite_sequence'
[0m
  [4;36;1mSQL (0.1ms)[0m   [0;1mCREATE TABLE "tags" ("id" INTEGER PRIMARY KEY AUTOINCREMENT NOT NULL, "user_id" integer, "name" varchar(255)) [0m
  [4;35;1mSQL (0.3ms)[0m   [0m SELECT name
 FROM sqlite_master
 WHERE type = 'table' AND NOT name = 'sqlite_sequence'
[0m
  [4;36;1mSQL (0.1ms)[0m   [0;1mCREATE TABLE "groups" ("id" INTEGER PRIMARY KEY AUTOINCREMENT NOT NULL, "user_id" integer, "name" varchar(255)) [0m
  [4;35;1mSQL (0.3ms)[0m   [0m SELECT name
 FROM sqlite_master
 WHERE type = 'table' AND NOT name = 'sqlite_sequence'
[0m
  [4;36;1mSQL (0.1ms)[0m   [0;1mCREATE TABLE "groups_users" ("group_id" integer, "user_id" integer) [0m
  [4;35;1mSQL (0.4ms)[0m   [0m SELECT name
 FROM sqlite_master
 WHERE type = 'table' AND NOT name = 'sqlite_sequence'
[0m
  [4;36;1mSQL (0.1ms)[0m   [0;1mCREATE TABLE "schema_migrations" ("version" varchar(255) NOT NULL) [0m
  [4;35;1mSQL (0.1ms)[0m   [0mCREATE UNIQUE INDEX "unique_schema_migrations" ON "schema_migrations" ("version")[0m
  [4;36;1mSQL (0.4ms)[0m   [0;1m SELECT name
 FROM sqlite_master
 WHERE type = 'table' AND NOT name = 'sqlite_sequence'
[0m
  [4;35;1mSQL (0.1ms)[0m   [0mSELECT version FROM "schema_migrations"[0m
  [4;36;1mSQL (0.1ms)[0m   [0;1mINSERT INTO "schema_migrations" (version) VALUES ('1')[0m
Unable to load group, underlying cause no such file to load -- group.rb 

 /usr/lib/ruby/gems/1.8/gems/activesupport-2.2.2/lib/active_support/dependencies.rb:382:in `load_without_new_constant_marking'
/usr/lib/ruby/gems/1.8/gems/activesupport-2.2.2/lib/active_support/dependencies.rb:382:in `load_file'
/usr/lib/ruby/gems/1.8/gems/activesupport-2.2.2/lib/active_support/dependencies.rb:521:in `new_constants_in'
/usr/lib/ruby/gems/1.8/gems/activesupport-2.2.2/lib/active_support/dependencies.rb:381:in `load_file'
/usr/lib/ruby/gems/1.8/gems/activesupport-2.2.2/lib/active_support/dependencies.rb:256:in `require_or_load'
/usr/lib/ruby/gems/1.8/gems/activesupport-2.2.2/lib/active_support/dependencies.rb:221:in `depend_on'
/usr/lib/ruby/gems/1.8/gems/activesupport-2.2.2/lib/active_support/dependencies.rb:133:in `require_dependency'
/usr/lib/ruby/gems/1.8/gems/activerecord-2.2.2/lib/active_record/fixtures.rb:856:in `try_to_load_dependency'
/usr/lib/ruby/gems/1.8/gems/activerecord-2.2.2/lib/active_record/fixtures.rb:871:in `require_fixture_classes'
/usr/lib/ruby/gems/1.8/gems/activerecord-2.2.2/lib/active_record/fixtures.rb:868:in `each'
/usr/lib/ruby/gems/1.8/gems/activerecord-2.2.2/lib/active_record/fixtures.rb:868:in `require_fixture_classes'
/usr/lib/ruby/gems/1.8/gems/activerecord-2.2.2/lib/active_record/fixtures.rb:851:in `fixtures'
./test/unit/../test_helper.rb:35
test/unit/nested_assignment_test.rb:1:in `require'
test/unit/nested_assignment_test.rb:1
Unable to load manager, underlying cause no such file to load -- manager.rb 

 /usr/lib/ruby/gems/1.8/gems/activesupport-2.2.2/lib/active_support/dependencies.rb:382:in `load_without_new_constant_marking'
/usr/lib/ruby/gems/1.8/gems/activesupport-2.2.2/lib/active_support/dependencies.rb:382:in `load_file'
/usr/lib/ruby/gems/1.8/gems/activesupport-2.2.2/lib/active_support/dependencies.rb:521:in `new_constants_in'
/usr/lib/ruby/gems/1.8/gems/activesupport-2.2.2/lib/active_support/dependencies.rb:381:in `load_file'
/usr/lib/ruby/gems/1.8/gems/activesupport-2.2.2/lib/active_support/dependencies.rb:256:in `require_or_load'
/usr/lib/ruby/gems/1.8/gems/activesupport-2.2.2/lib/active_support/dependencies.rb:221:in `depend_on'
/usr/lib/ruby/gems/1.8/gems/activesupport-2.2.2/lib/active_support/dependencies.rb:133:in `require_dependency'
/usr/lib/ruby/gems/1.8/gems/activerecord-2.2.2/lib/active_record/fixtures.rb:856:in `try_to_load_dependency'
/usr/lib/ruby/gems/1.8/gems/activerecord-2.2.2/lib/active_record/fixtures.rb:871:in `require_fixture_classes'
/usr/lib/ruby/gems/1.8/gems/activerecord-2.2.2/lib/active_record/fixtures.rb:868:in `each'
/usr/lib/ruby/gems/1.8/gems/activerecord-2.2.2/lib/active_record/fixtures.rb:868:in `require_fixture_classes'
/usr/lib/ruby/gems/1.8/gems/activerecord-2.2.2/lib/active_record/fixtures.rb:851:in `fixtures'
./test/unit/../test_helper.rb:35
test/unit/nested_assignment_test.rb:1:in `require'
test/unit/nested_assignment_test.rb:1
Unable to load avatar, underlying cause no such file to load -- avatar.rb 

 /usr/lib/ruby/gems/1.8/gems/activesupport-2.2.2/lib/active_support/dependencies.rb:382:in `load_without_new_constant_marking'
/usr/lib/ruby/gems/1.8/gems/activesupport-2.2.2/lib/active_support/dependencies.rb:382:in `load_file'
/usr/lib/ruby/gems/1.8/gems/activesupport-2.2.2/lib/active_support/dependencies.rb:521:in `new_constants_in'
/usr/lib/ruby/gems/1.8/gems/activesupport-2.2.2/lib/active_support/dependencies.rb:381:in `load_file'
/usr/lib/ruby/gems/1.8/gems/activesupport-2.2.2/lib/active_support/dependencies.rb:256:in `require_or_load'
/usr/lib/ruby/gems/1.8/gems/activesupport-2.2.2/lib/active_support/dependencies.rb:221:in `depend_on'
/usr/lib/ruby/gems/1.8/gems/activesupport-2.2.2/lib/active_support/dependencies.rb:133:in `require_dependency'
/usr/lib/ruby/gems/1.8/gems/activerecord-2.2.2/lib/active_record/fixtures.rb:856:in `try_to_load_dependency'
/usr/lib/ruby/gems/1.8/gems/activerecord-2.2.2/lib/active_record/fixtures.rb:871:in `require_fixture_classes'
/usr/lib/ruby/gems/1.8/gems/activerecord-2.2.2/lib/active_record/fixtures.rb:868:in `each'
/usr/lib/ruby/gems/1.8/gems/activerecord-2.2.2/lib/active_record/fixtures.rb:868:in `require_fixture_classes'
/usr/lib/ruby/gems/1.8/gems/activerecord-2.2.2/lib/active_record/fixtures.rb:851:in `fixtures'
./test/unit/../test_helper.rb:35
test/unit/nested_assignment_test.rb:1:in `require'
test/unit/nested_assignment_test.rb:1
Unable to load tag, underlying cause no such file to load -- tag.rb 

 /usr/lib/ruby/gems/1.8/gems/activesupport-2.2.2/lib/active_support/dependencies.rb:382:in `load_without_new_constant_marking'
/usr/lib/ruby/gems/1.8/gems/activesupport-2.2.2/lib/active_support/dependencies.rb:382:in `load_file'
/usr/lib/ruby/gems/1.8/gems/activesupport-2.2.2/lib/active_support/dependencies.rb:521:in `new_constants_in'
/usr/lib/ruby/gems/1.8/gems/activesupport-2.2.2/lib/active_support/dependencies.rb:381:in `load_file'
/usr/lib/ruby/gems/1.8/gems/activesupport-2.2.2/lib/active_support/dependencies.rb:256:in `require_or_load'
/usr/lib/ruby/gems/1.8/gems/activesupport-2.2.2/lib/active_support/dependencies.rb:221:in `depend_on'
/usr/lib/ruby/gems/1.8/gems/activesupport-2.2.2/lib/active_support/dependencies.rb:133:in `require_dependency'
/usr/lib/ruby/gems/1.8/gems/activerecord-2.2.2/lib/active_record/fixtures.rb:856:in `try_to_load_dependency'
/usr/lib/ruby/gems/1.8/gems/activerecord-2.2.2/lib/active_record/fixtures.rb:871:in `require_fixture_classes'
/usr/lib/ruby/gems/1.8/gems/activerecord-2.2.2/lib/active_record/fixtures.rb:868:in `each'
/usr/lib/ruby/gems/1.8/gems/activerecord-2.2.2/lib/active_record/fixtures.rb:868:in `require_fixture_classes'
/usr/lib/ruby/gems/1.8/gems/activerecord-2.2.2/lib/active_record/fixtures.rb:851:in `fixtures'
./test/unit/../test_helper.rb:35
test/unit/nested_assignment_test.rb:1:in `require'
test/unit/nested_assignment_test.rb:1
Unable to load user, underlying cause no such file to load -- user.rb 

 /usr/lib/ruby/gems/1.8/gems/activesupport-2.2.2/lib/active_support/dependencies.rb:382:in `load_without_new_constant_marking'
/usr/lib/ruby/gems/1.8/gems/activesupport-2.2.2/lib/active_support/dependencies.rb:382:in `load_file'
/usr/lib/ruby/gems/1.8/gems/activesupport-2.2.2/lib/active_support/dependencies.rb:521:in `new_constants_in'
/usr/lib/ruby/gems/1.8/gems/activesupport-2.2.2/lib/active_support/dependencies.rb:381:in `load_file'
/usr/lib/ruby/gems/1.8/gems/activesupport-2.2.2/lib/active_support/dependencies.rb:256:in `require_or_load'
/usr/lib/ruby/gems/1.8/gems/activesupport-2.2.2/lib/active_support/dependencies.rb:221:in `depend_on'
/usr/lib/ruby/gems/1.8/gems/activesupport-2.2.2/lib/active_support/dependencies.rb:133:in `require_dependency'
/usr/lib/ruby/gems/1.8/gems/activerecord-2.2.2/lib/active_record/fixtures.rb:856:in `try_to_load_dependency'
/usr/lib/ruby/gems/1.8/gems/activerecord-2.2.2/lib/active_record/fixtures.rb:871:in `require_fixture_classes'
/usr/lib/ruby/gems/1.8/gems/activerecord-2.2.2/lib/active_record/fixtures.rb:868:in `each'
/usr/lib/ruby/gems/1.8/gems/activerecord-2.2.2/lib/active_record/fixtures.rb:868:in `require_fixture_classes'
/usr/lib/ruby/gems/1.8/gems/activerecord-2.2.2/lib/active_record/fixtures.rb:851:in `fixtures'
./test/unit/../test_helper.rb:35
test/unit/nested_assignment_test.rb:1:in `require'
test/unit/nested_assignment_test.rb:1
Unable to load task, underlying cause no such file to load -- task.rb 

 /usr/lib/ruby/gems/1.8/gems/activesupport-2.2.2/lib/active_support/dependencies.rb:382:in `load_without_new_constant_marking'
/usr/lib/ruby/gems/1.8/gems/activesupport-2.2.2/lib/active_support/dependencies.rb:382:in `load_file'
/usr/lib/ruby/gems/1.8/gems/activesupport-2.2.2/lib/active_support/dependencies.rb:521:in `new_constants_in'
/usr/lib/ruby/gems/1.8/gems/activesupport-2.2.2/lib/active_support/dependencies.rb:381:in `load_file'
/usr/lib/ruby/gems/1.8/gems/activesupport-2.2.2/lib/active_support/dependencies.rb:256:in `require_or_load'
/usr/lib/ruby/gems/1.8/gems/activesupport-2.2.2/lib/active_support/dependencies.rb:221:in `depend_on'
/usr/lib/ruby/gems/1.8/gems/activesupport-2.2.2/lib/active_support/dependencies.rb:133:in `require_dependency'
/usr/lib/ruby/gems/1.8/gems/activerecord-2.2.2/lib/active_record/fixtures.rb:856:in `try_to_load_dependency'
/usr/lib/ruby/gems/1.8/gems/activerecord-2.2.2/lib/active_record/fixtures.rb:871:in `require_fixture_classes'
/usr/lib/ruby/gems/1.8/gems/activerecord-2.2.2/lib/active_record/fixtures.rb:868:in `each'
/usr/lib/ruby/gems/1.8/gems/activerecord-2.2.2/lib/active_record/fixtures.rb:868:in `require_fixture_classes'
/usr/lib/ruby/gems/1.8/gems/activerecord-2.2.2/lib/active_record/fixtures.rb:851:in `fixtures'
./test/unit/../test_helper.rb:35
test/unit/nested_assignment_test.rb:1:in `require'
test/unit/nested_assignment_test.rb:1
Unable to load groups_user, underlying cause no such file to load -- groups_user.rb 

 /usr/lib/ruby/gems/1.8/gems/activesupport-2.2.2/lib/active_support/dependencies.rb:382:in `load_without_new_constant_marking'
/usr/lib/ruby/gems/1.8/gems/activesupport-2.2.2/lib/active_support/dependencies.rb:382:in `load_file'
/usr/lib/ruby/gems/1.8/gems/activesupport-2.2.2/lib/active_support/dependencies.rb:521:in `new_constants_in'
/usr/lib/ruby/gems/1.8/gems/activesupport-2.2.2/lib/active_support/dependencies.rb:381:in `load_file'
/usr/lib/ruby/gems/1.8/gems/activesupport-2.2.2/lib/active_support/dependencies.rb:256:in `require_or_load'
/usr/lib/ruby/gems/1.8/gems/activesupport-2.2.2/lib/active_support/dependencies.rb:221:in `depend_on'
/usr/lib/ruby/gems/1.8/gems/activesupport-2.2.2/lib/active_support/dependencies.rb:133:in `require_dependency'
/usr/lib/ruby/gems/1.8/gems/activerecord-2.2.2/lib/active_record/fixtures.rb:856:in `try_to_load_dependency'
/usr/lib/ruby/gems/1.8/gems/activerecord-2.2.2/lib/active_record/fixtures.rb:871:in `require_fixture_classes'
/usr/lib/ruby/gems/1.8/gems/activerecord-2.2.2/lib/active_record/fixtures.rb:868:in `each'
/usr/lib/ruby/gems/1.8/gems/activerecord-2.2.2/lib/active_record/fixtures.rb:868:in `require_fixture_classes'
/usr/lib/ruby/gems/1.8/gems/activerecord-2.2.2/lib/active_record/fixtures.rb:851:in `fixtures'
./test/unit/../test_helper.rb:35
test/unit/nested_assignment_test.rb:1:in `require'
test/unit/nested_assignment_test.rb:1
  [4;35;1mPluginTestModels::User Load (0.1ms)[0m   [0mSELECT * FROM "users" WHERE ("users"."id" = 1) [0m
  [4;36;1mPluginTestModels::Manager Load (0.1ms)[0m   [0;1mSELECT * FROM "managers" WHERE ("managers"."id" = 1) [0m
  [4;35;1mPluginTestModels::Manager Load (0.1ms)[0m   [0mSELECT * FROM "managers" WHERE ("managers"."id" = 1) [0m
  [4;36;1mPluginTestModels::Manager Load (0.1ms)[0m   [0;1mSELECT * FROM "managers" WHERE ("managers"."id" = 1) [0m
  [4;35;1mPluginTestModels::User Load (0.1ms)[0m   [0mSELECT * FROM "users" WHERE ("users"."id" = 1) [0m
  [4;36;1mPluginTestModels::Manager Load (0.1ms)[0m   [0;1mSELECT * FROM "managers" WHERE ("managers"."id" = 1) [0m
  [4;35;1mPluginTestModels::Manager Load (0.1ms)[0m   [0mSELECT * FROM "managers" WHERE ("managers"."id" = 1) [0m
  [4;36;1mPluginTestModels::User Load (0.1ms)[0m   [0;1mSELECT * FROM "users" WHERE ("users"."id" = 1) [0m
  [4;35;1mPluginTestModels::Manager Load (0.1ms)[0m   [0mSELECT * FROM "managers" WHERE ("managers"."id" = 1) [0m
  [4;36;1mPluginTestModels::User Load (0.1ms)[0m   [0;1mSELECT * FROM "users" WHERE ("users"."id" = 1) [0m
  [4;35;1mPluginTestModels::Manager Load (0.1ms)[0m   [0mSELECT * FROM "managers" WHERE ("managers"."id" = 1) [0m
  [4;36;1mPluginTestModels::Manager Load (0.1ms)[0m   [0;1mSELECT * FROM "managers" WHERE ("managers"."id" = 1) [0m
WARNING: Can't mass-assign these protected attributes: id
  [4;35;1mPluginTestModels::Manager Load (0.1ms)[0m   [0mSELECT * FROM "managers" WHERE ("managers"."id" = 1) [0m
  [4;36;1mPluginTestModels::User Load (0.1ms)[0m   [0;1mSELECT * FROM "users" WHERE ("users"."id" = 1) [0m
  [4;35;1mPluginTestModels::Group Load (0.1ms)[0m   [0mSELECT * FROM "groups" WHERE ("groups"."id" = 1) [0m
  [4;36;1mPluginTestModels::Group Load (0.2ms)[0m   [0;1mSELECT * FROM "groups" INNER JOIN "groups_users" ON "groups".id = "groups_users".group_id WHERE ("groups_users".user_id = 1 ) [0m
  [4;35;1mPluginTestModels::User Load (0.1ms)[0m   [0mSELECT * FROM "users" WHERE ("users"."id" = 1) [0m
  [4;36;1mPluginTestModels::Group Load (0.1ms)[0m   [0;1mSELECT * FROM "groups" WHERE ("groups"."id" = 1) [0m
  [4;35;1mPluginTestModels::Group Load (0.2ms)[0m   [0mSELECT * FROM "groups" INNER JOIN "groups_users" ON "groups".id = "groups_users".group_id WHERE ("groups_users".user_id = 1 ) [0m
  [4;36;1mPluginTestModels::User Load (0.1ms)[0m   [0;1mSELECT * FROM "users" WHERE ("users"."id" = 1) [0m
  [4;35;1mPluginTestModels::Group Load (0.1ms)[0m   [0mSELECT * FROM "groups" WHERE ("groups"."id" = 1) [0m
  [4;36;1mPluginTestModels::Group Load (0.2ms)[0m   [0;1mSELECT * FROM "groups" INNER JOIN "groups_users" ON "groups".id = "groups_users".group_id WHERE ("groups_users".user_id = 1 ) [0m
  [4;35;1mPluginTestModels::User Load (0.1ms)[0m   [0mSELECT * FROM "users" WHERE ("users"."id" = 1) [0m
  [4;36;1mPluginTestModels::Group Load (0.1ms)[0m   [0;1mSELECT * FROM "groups" WHERE ("groups"."id" = 1) [0m
  [4;35;1mPluginTestModels::Group Load (0.2ms)[0m   [0mSELECT * FROM "groups" INNER JOIN "groups_users" ON "groups".id = "groups_users".group_id WHERE ("groups_users".user_id = 1 ) [0m
WARNING: Can't mass-assign these protected attributes: id
  [4;36;1mPluginTestModels::Group Load (0.1ms)[0m   [0;1mSELECT * FROM "groups" WHERE ("groups"."id" = 1) [0m
  [4;35;1mPluginTestModels::User Load (0.2ms)[0m   [0mSELECT * FROM "users" WHERE ("users"."id" = 1) [0m
  [4;36;1mPluginTestModels::Task Load (0.1ms)[0m   [0;1mSELECT * FROM "tasks" WHERE ("tasks"."id" = 1) [0m
  [4;35;1mPluginTestModels::Task Load (0.1ms)[0m   [0mSELECT * FROM "tasks" WHERE ("tasks".user_id = 1) [0m
  [4;36;1mPluginTestModels::User Load (0.1ms)[0m   [0;1mSELECT * FROM "users" WHERE ("users"."id" = 1) [0m
  [4;35;1mPluginTestModels::Task Load (0.1ms)[0m   [0mSELECT * FROM "tasks" WHERE ("tasks"."id" = 1) [0m
  [4;36;1mPluginTestModels::Task Load (0.1ms)[0m   [0;1mSELECT * FROM "tasks" WHERE ("tasks".user_id = 1) [0m
  [4;35;1mPluginTestModels::User Load (0.1ms)[0m   [0mSELECT * FROM "users" WHERE ("users"."id" = 1) [0m
  [4;36;1mPluginTestModels::Task Load (0.1ms)[0m   [0;1mSELECT * FROM "tasks" WHERE ("tasks"."id" = 1) [0m
  [4;35;1mPluginTestModels::Task Load (0.1ms)[0m   [0mSELECT * FROM "tasks" WHERE ("tasks".user_id = 1) [0m
  [4;36;1mPluginTestModels::User Load (0.1ms)[0m   [0;1mSELECT * FROM "users" WHERE ("users"."id" = 1) [0m
  [4;35;1mPluginTestModels::Task Load (0.1ms)[0m   [0mSELECT * FROM "tasks" WHERE ("tasks"."id" = 1) [0m
  [4;36;1mPluginTestModels::Task Load (0.1ms)[0m   [0;1mSELECT * FROM "tasks" WHERE ("tasks".user_id = 1) [0m
WARNING: Can't mass-assign these protected attributes: id
  [4;35;1mPluginTestModels::Task Load (0.1ms)[0m   [0mSELECT * FROM "tasks" WHERE ("tasks"."id" = 1) [0m
  [4;36;1mPluginTestModels::User Load (0.1ms)[0m   [0;1mSELECT * FROM "users" WHERE ("users"."id" = 1) [0m
  [4;35;1mPluginTestModels::Tag Load (0.1ms)[0m   [0mSELECT * FROM "tags" WHERE ("tags"."id" = 1) [0m
  [4;36;1mPluginTestModels::User Load (0.1ms)[0m   [0;1mSELECT * FROM "users" WHERE ("users"."id" = 1) [0m
  [4;35;1mPluginTestModels::Tag Load (0.1ms)[0m   [0mSELECT * FROM "tags" WHERE ("tags"."id" = 1) [0m
  [4;36;1mPluginTestModels::User Load (0.1ms)[0m   [0;1mSELECT * FROM "users" WHERE ("users"."id" = 1) [0m
  [4;35;1mPluginTestModels::Tag Load (0.1ms)[0m   [0mSELECT * FROM "tags" WHERE ("tags"."id" = 1) [0m
  [4;36;1mPluginTestModels::User Load (0.1ms)[0m   [0;1mSELECT * FROM "users" WHERE ("users"."id" = 1) [0m
  [4;35;1mPluginTestModels::Tag Load (0.1ms)[0m   [0mSELECT * FROM "tags" WHERE ("tags"."id" = 1) [0m
  [4;36;1mPluginTestModels::User Load (0.1ms)[0m   [0;1mSELECT * FROM "users" WHERE ("users"."id" = 1) [0m
  [4;35;1mPluginTestModels::Avatar Load (0.1ms)[0m   [0mSELECT * FROM "avatars" WHERE ("avatars"."id" = 1) [0m
  [4;36;1mPluginTestModels::Avatar Load (0.1ms)[0m   [0;1mSELECT * FROM "avatars" WHERE ("avatars".user_id = 1) LIMIT 1[0m
  [4;35;1mPluginTestModels::Avatar Load (0.1ms)[0m   [0mSELECT * FROM "avatars" WHERE ("avatars"."id" = 1) [0m
  [4;36;1mPluginTestModels::User Load (0.1ms)[0m   [0;1mSELECT * FROM "users" WHERE ("users"."id" = 1) [0m
  [4;35;1mPluginTestModels::Avatar Load (0.1ms)[0m   [0mSELECT * FROM "avatars" WHERE ("avatars"."id" = 1) [0m
  [4;36;1mPluginTestModels::Avatar Load (0.1ms)[0m   [0;1mSELECT * FROM "avatars" WHERE ("avatars".user_id = 1) LIMIT 1[0m
  [4;35;1mPluginTestModels::Avatar Update (0.1ms)[0m   [0mUPDATE "avatars" SET "user_id" = NULL WHERE "id" = 1[0m
  [4;36;1mPluginTestModels::Avatar Load (0.1ms)[0m   [0;1mSELECT * FROM "avatars" WHERE ("avatars"."id" = 1) [0m
  [4;35;1mPluginTestModels::User Load (0.1ms)[0m   [0mSELECT * FROM "users" WHERE ("users"."id" = 1) [0m
  [4;36;1mPluginTestModels::Avatar Load (0.1ms)[0m   [0;1mSELECT * FROM "avatars" WHERE ("avatars"."id" = 1) [0m
  [4;35;1mPluginTestModels::Avatar Load (0.1ms)[0m   [0mSELECT * FROM "avatars" WHERE ("avatars".user_id = 1) LIMIT 1[0m
WARNING: Can't mass-assign these protected attributes: id
  [4;36;1mPluginTestModels::Avatar Load (0.1ms)[0m   [0;1mSELECT * FROM "avatars" WHERE ("avatars"."id" = 1) [0m
  [4;36;1mSQL (0.2ms)[0m   [0;1mselect sqlite_version(*)[0m
  [4;35;1mSQL (0.1ms)[0m   [0m SELECT name
 FROM sqlite_master
 WHERE type = 'table' AND NOT name = 'sqlite_sequence'
[0m
  [4;36;1mSQL (0.3ms)[0m   [0;1mCREATE TABLE "users" ("id" INTEGER PRIMARY KEY AUTOINCREMENT NOT NULL, "manager_id" integer, "name" varchar(255)) [0m
  [4;35;1mSQL (0.1ms)[0m   [0m SELECT name
 FROM sqlite_master
 WHERE type = 'table' AND NOT name = 'sqlite_sequence'
[0m
  [4;36;1mSQL (0.1ms)[0m   [0;1mCREATE TABLE "avatars" ("id" INTEGER PRIMARY KEY AUTOINCREMENT NOT NULL, "user_id" integer, "name" varchar(255)) [0m
  [4;35;1mSQL (0.2ms)[0m   [0m SELECT name
 FROM sqlite_master
 WHERE type = 'table' AND NOT name = 'sqlite_sequence'
[0m
  [4;36;1mSQL (0.1ms)[0m   [0;1mCREATE TABLE "managers" ("id" INTEGER PRIMARY KEY AUTOINCREMENT NOT NULL, "name" varchar(255)) [0m
  [4;35;1mSQL (0.2ms)[0m   [0m SELECT name
 FROM sqlite_master
 WHERE type = 'table' AND NOT name = 'sqlite_sequence'
[0m
  [4;36;1mSQL (0.1ms)[0m   [0;1mCREATE TABLE "tasks" ("id" INTEGER PRIMARY KEY AUTOINCREMENT NOT NULL, "user_id" integer, "name" varchar(255)) [0m
  [4;35;1mSQL (0.2ms)[0m   [0m SELECT name
 FROM sqlite_master
 WHERE type = 'table' AND NOT name = 'sqlite_sequence'
[0m
  [4;36;1mSQL (0.1ms)[0m   [0;1mCREATE TABLE "tags" ("id" INTEGER PRIMARY KEY AUTOINCREMENT NOT NULL, "user_id" integer, "name" varchar(255)) [0m
  [4;35;1mSQL (0.3ms)[0m   [0m SELECT name
 FROM sqlite_master
 WHERE type = 'table' AND NOT name = 'sqlite_sequence'
[0m
  [4;36;1mSQL (0.1ms)[0m   [0;1mCREATE TABLE "groups" ("id" INTEGER PRIMARY KEY AUTOINCREMENT NOT NULL, "user_id" integer, "name" varchar(255)) [0m
  [4;35;1mSQL (0.3ms)[0m   [0m SELECT name
 FROM sqlite_master
 WHERE type = 'table' AND NOT name = 'sqlite_sequence'
[0m
  [4;36;1mSQL (0.1ms)[0m   [0;1mCREATE TABLE "groups_users" ("group_id" integer, "user_id" integer) [0m
  [4;35;1mSQL (0.4ms)[0m   [0m SELECT name
 FROM sqlite_master
 WHERE type = 'table' AND NOT name = 'sqlite_sequence'
[0m
  [4;36;1mSQL (0.1ms)[0m   [0;1mCREATE TABLE "schema_migrations" ("version" varchar(255) NOT NULL) [0m
  [4;35;1mSQL (0.1ms)[0m   [0mCREATE UNIQUE INDEX "unique_schema_migrations" ON "schema_migrations" ("version")[0m
  [4;36;1mSQL (0.4ms)[0m   [0;1m SELECT name
 FROM sqlite_master
 WHERE type = 'table' AND NOT name = 'sqlite_sequence'
[0m
  [4;35;1mSQL (0.1ms)[0m   [0mSELECT version FROM "schema_migrations"[0m
  [4;36;1mSQL (0.1ms)[0m   [0;1mINSERT INTO "schema_migrations" (version) VALUES ('1')[0m
Unable to load group, underlying cause no such file to load -- group.rb 

 /usr/lib/ruby/gems/1.8/gems/activesupport-2.2.2/lib/active_support/dependencies.rb:382:in `load_without_new_constant_marking'
/usr/lib/ruby/gems/1.8/gems/activesupport-2.2.2/lib/active_support/dependencies.rb:382:in `load_file'
/usr/lib/ruby/gems/1.8/gems/activesupport-2.2.2/lib/active_support/dependencies.rb:521:in `new_constants_in'
/usr/lib/ruby/gems/1.8/gems/activesupport-2.2.2/lib/active_support/dependencies.rb:381:in `load_file'
/usr/lib/ruby/gems/1.8/gems/activesupport-2.2.2/lib/active_support/dependencies.rb:256:in `require_or_load'
/usr/lib/ruby/gems/1.8/gems/activesupport-2.2.2/lib/active_support/dependencies.rb:221:in `depend_on'
/usr/lib/ruby/gems/1.8/gems/activesupport-2.2.2/lib/active_support/dependencies.rb:133:in `require_dependency'
/usr/lib/ruby/gems/1.8/gems/activerecord-2.2.2/lib/active_record/fixtures.rb:856:in `try_to_load_dependency'
/usr/lib/ruby/gems/1.8/gems/activerecord-2.2.2/lib/active_record/fixtures.rb:871:in `require_fixture_classes'
/usr/lib/ruby/gems/1.8/gems/activerecord-2.2.2/lib/active_record/fixtures.rb:868:in `each'
/usr/lib/ruby/gems/1.8/gems/activerecord-2.2.2/lib/active_record/fixtures.rb:868:in `require_fixture_classes'
/usr/lib/ruby/gems/1.8/gems/activerecord-2.2.2/lib/active_record/fixtures.rb:851:in `fixtures'
./test/unit/../test_helper.rb:35
test/unit/nested_assignment_test.rb:1:in `require'
test/unit/nested_assignment_test.rb:1
Unable to load manager, underlying cause no such file to load -- manager.rb 

 /usr/lib/ruby/gems/1.8/gems/activesupport-2.2.2/lib/active_support/dependencies.rb:382:in `load_without_new_constant_marking'
/usr/lib/ruby/gems/1.8/gems/activesupport-2.2.2/lib/active_support/dependencies.rb:382:in `load_file'
/usr/lib/ruby/gems/1.8/gems/activesupport-2.2.2/lib/active_support/dependencies.rb:521:in `new_constants_in'
/usr/lib/ruby/gems/1.8/gems/activesupport-2.2.2/lib/active_support/dependencies.rb:381:in `load_file'
/usr/lib/ruby/gems/1.8/gems/activesupport-2.2.2/lib/active_support/dependencies.rb:256:in `require_or_load'
/usr/lib/ruby/gems/1.8/gems/activesupport-2.2.2/lib/active_support/dependencies.rb:221:in `depend_on'
/usr/lib/ruby/gems/1.8/gems/activesupport-2.2.2/lib/active_support/dependencies.rb:133:in `require_dependency'
/usr/lib/ruby/gems/1.8/gems/activerecord-2.2.2/lib/active_record/fixtures.rb:856:in `try_to_load_dependency'
/usr/lib/ruby/gems/1.8/gems/activerecord-2.2.2/lib/active_record/fixtures.rb:871:in `require_fixture_classes'
/usr/lib/ruby/gems/1.8/gems/activerecord-2.2.2/lib/active_record/fixtures.rb:868:in `each'
/usr/lib/ruby/gems/1.8/gems/activerecord-2.2.2/lib/active_record/fixtures.rb:868:in `require_fixture_classes'
/usr/lib/ruby/gems/1.8/gems/activerecord-2.2.2/lib/active_record/fixtures.rb:851:in `fixtures'
./test/unit/../test_helper.rb:35
test/unit/nested_assignment_test.rb:1:in `require'
test/unit/nested_assignment_test.rb:1
Unable to load avatar, underlying cause no such file to load -- avatar.rb 

 /usr/lib/ruby/gems/1.8/gems/activesupport-2.2.2/lib/active_support/dependencies.rb:382:in `load_without_new_constant_marking'
/usr/lib/ruby/gems/1.8/gems/activesupport-2.2.2/lib/active_support/dependencies.rb:382:in `load_file'
/usr/lib/ruby/gems/1.8/gems/activesupport-2.2.2/lib/active_support/dependencies.rb:521:in `new_constants_in'
/usr/lib/ruby/gems/1.8/gems/activesupport-2.2.2/lib/active_support/dependencies.rb:381:in `load_file'
/usr/lib/ruby/gems/1.8/gems/activesupport-2.2.2/lib/active_support/dependencies.rb:256:in `require_or_load'
/usr/lib/ruby/gems/1.8/gems/activesupport-2.2.2/lib/active_support/dependencies.rb:221:in `depend_on'
/usr/lib/ruby/gems/1.8/gems/activesupport-2.2.2/lib/active_support/dependencies.rb:133:in `require_dependency'
/usr/lib/ruby/gems/1.8/gems/activerecord-2.2.2/lib/active_record/fixtures.rb:856:in `try_to_load_dependency'
/usr/lib/ruby/gems/1.8/gems/activerecord-2.2.2/lib/active_record/fixtures.rb:871:in `require_fixture_classes'
/usr/lib/ruby/gems/1.8/gems/activerecord-2.2.2/lib/active_record/fixtures.rb:868:in `each'
/usr/lib/ruby/gems/1.8/gems/activerecord-2.2.2/lib/active_record/fixtures.rb:868:in `require_fixture_classes'
/usr/lib/ruby/gems/1.8/gems/activerecord-2.2.2/lib/active_record/fixtures.rb:851:in `fixtures'
./test/unit/../test_helper.rb:35
test/unit/nested_assignment_test.rb:1:in `require'
test/unit/nested_assignment_test.rb:1
Unable to load tag, underlying cause no such file to load -- tag.rb 

 /usr/lib/ruby/gems/1.8/gems/activesupport-2.2.2/lib/active_support/dependencies.rb:382:in `load_without_new_constant_marking'
/usr/lib/ruby/gems/1.8/gems/activesupport-2.2.2/lib/active_support/dependencies.rb:382:in `load_file'
/usr/lib/ruby/gems/1.8/gems/activesupport-2.2.2/lib/active_support/dependencies.rb:521:in `new_constants_in'
/usr/lib/ruby/gems/1.8/gems/activesupport-2.2.2/lib/active_support/dependencies.rb:381:in `load_file'
/usr/lib/ruby/gems/1.8/gems/activesupport-2.2.2/lib/active_support/dependencies.rb:256:in `require_or_load'
/usr/lib/ruby/gems/1.8/gems/activesupport-2.2.2/lib/active_support/dependencies.rb:221:in `depend_on'
/usr/lib/ruby/gems/1.8/gems/activesupport-2.2.2/lib/active_support/dependencies.rb:133:in `require_dependency'
/usr/lib/ruby/gems/1.8/gems/activerecord-2.2.2/lib/active_record/fixtures.rb:856:in `try_to_load_dependency'
/usr/lib/ruby/gems/1.8/gems/activerecord-2.2.2/lib/active_record/fixtures.rb:871:in `require_fixture_classes'
/usr/lib/ruby/gems/1.8/gems/activerecord-2.2.2/lib/active_record/fixtures.rb:868:in `each'
/usr/lib/ruby/gems/1.8/gems/activerecord-2.2.2/lib/active_record/fixtures.rb:868:in `require_fixture_classes'
/usr/lib/ruby/gems/1.8/gems/activerecord-2.2.2/lib/active_record/fixtures.rb:851:in `fixtures'
./test/unit/../test_helper.rb:35
test/unit/nested_assignment_test.rb:1:in `require'
test/unit/nested_assignment_test.rb:1
Unable to load user, underlying cause no such file to load -- user.rb 

 /usr/lib/ruby/gems/1.8/gems/activesupport-2.2.2/lib/active_support/dependencies.rb:382:in `load_without_new_constant_marking'
/usr/lib/ruby/gems/1.8/gems/activesupport-2.2.2/lib/active_support/dependencies.rb:382:in `load_file'
/usr/lib/ruby/gems/1.8/gems/activesupport-2.2.2/lib/active_support/dependencies.rb:521:in `new_constants_in'
/usr/lib/ruby/gems/1.8/gems/activesupport-2.2.2/lib/active_support/dependencies.rb:381:in `load_file'
/usr/lib/ruby/gems/1.8/gems/activesupport-2.2.2/lib/active_support/dependencies.rb:256:in `require_or_load'
/usr/lib/ruby/gems/1.8/gems/activesupport-2.2.2/lib/active_support/dependencies.rb:221:in `depend_on'
/usr/lib/ruby/gems/1.8/gems/activesupport-2.2.2/lib/active_support/dependencies.rb:133:in `require_dependency'
/usr/lib/ruby/gems/1.8/gems/activerecord-2.2.2/lib/active_record/fixtures.rb:856:in `try_to_load_dependency'
/usr/lib/ruby/gems/1.8/gems/activerecord-2.2.2/lib/active_record/fixtures.rb:871:in `require_fixture_classes'
/usr/lib/ruby/gems/1.8/gems/activerecord-2.2.2/lib/active_record/fixtures.rb:868:in `each'
/usr/lib/ruby/gems/1.8/gems/activerecord-2.2.2/lib/active_record/fixtures.rb:868:in `require_fixture_classes'
/usr/lib/ruby/gems/1.8/gems/activerecord-2.2.2/lib/active_record/fixtures.rb:851:in `fixtures'
./test/unit/../test_helper.rb:35
test/unit/nested_assignment_test.rb:1:in `require'
test/unit/nested_assignment_test.rb:1
Unable to load task, underlying cause no such file to load -- task.rb 

 /usr/lib/ruby/gems/1.8/gems/activesupport-2.2.2/lib/active_support/dependencies.rb:382:in `load_without_new_constant_marking'
/usr/lib/ruby/gems/1.8/gems/activesupport-2.2.2/lib/active_support/dependencies.rb:382:in `load_file'
/usr/lib/ruby/gems/1.8/gems/activesupport-2.2.2/lib/active_support/dependencies.rb:521:in `new_constants_in'
/usr/lib/ruby/gems/1.8/gems/activesupport-2.2.2/lib/active_support/dependencies.rb:381:in `load_file'
/usr/lib/ruby/gems/1.8/gems/activesupport-2.2.2/lib/active_support/dependencies.rb:256:in `require_or_load'
/usr/lib/ruby/gems/1.8/gems/activesupport-2.2.2/lib/active_support/dependencies.rb:221:in `depend_on'
/usr/lib/ruby/gems/1.8/gems/activesupport-2.2.2/lib/active_support/dependencies.rb:133:in `require_dependency'
/usr/lib/ruby/gems/1.8/gems/activerecord-2.2.2/lib/active_record/fixtures.rb:856:in `try_to_load_dependency'
/usr/lib/ruby/gems/1.8/gems/activerecord-2.2.2/lib/active_record/fixtures.rb:871:in `require_fixture_classes'
/usr/lib/ruby/gems/1.8/gems/activerecord-2.2.2/lib/active_record/fixtures.rb:868:in `each'
/usr/lib/ruby/gems/1.8/gems/activerecord-2.2.2/lib/active_record/fixtures.rb:868:in `require_fixture_classes'
/usr/lib/ruby/gems/1.8/gems/activerecord-2.2.2/lib/active_record/fixtures.rb:851:in `fixtures'
./test/unit/../test_helper.rb:35
test/unit/nested_assignment_test.rb:1:in `require'
test/unit/nested_assignment_test.rb:1
Unable to load groups_user, underlying cause no such file to load -- groups_user.rb 

 /usr/lib/ruby/gems/1.8/gems/activesupport-2.2.2/lib/active_support/dependencies.rb:382:in `load_without_new_constant_marking'
/usr/lib/ruby/gems/1.8/gems/activesupport-2.2.2/lib/active_support/dependencies.rb:382:in `load_file'
/usr/lib/ruby/gems/1.8/gems/activesupport-2.2.2/lib/active_support/dependencies.rb:521:in `new_constants_in'
/usr/lib/ruby/gems/1.8/gems/activesupport-2.2.2/lib/active_support/dependencies.rb:381:in `load_file'
/usr/lib/ruby/gems/1.8/gems/activesupport-2.2.2/lib/active_support/dependencies.rb:256:in `require_or_load'
/usr/lib/ruby/gems/1.8/gems/activesupport-2.2.2/lib/active_support/dependencies.rb:221:in `depend_on'
/usr/lib/ruby/gems/1.8/gems/activesupport-2.2.2/lib/active_support/dependencies.rb:133:in `require_dependency'
/usr/lib/ruby/gems/1.8/gems/activerecord-2.2.2/lib/active_record/fixtures.rb:856:in `try_to_load_dependency'
/usr/lib/ruby/gems/1.8/gems/activerecord-2.2.2/lib/active_record/fixtures.rb:871:in `require_fixture_classes'
/usr/lib/ruby/gems/1.8/gems/activerecord-2.2.2/lib/active_record/fixtures.rb:868:in `each'
/usr/lib/ruby/gems/1.8/gems/activerecord-2.2.2/lib/active_record/fixtures.rb:868:in `require_fixture_classes'
/usr/lib/ruby/gems/1.8/gems/activerecord-2.2.2/lib/active_record/fixtures.rb:851:in `fixtures'
./test/unit/../test_helper.rb:35
test/unit/nested_assignment_test.rb:1:in `require'
test/unit/nested_assignment_test.rb:1
  [4;35;1mPluginTestModels::User Load (0.1ms)[0m   [0mSELECT * FROM "users" WHERE ("users"."id" = 1) [0m
  [4;36;1mPluginTestModels::Manager Load (0.1ms)[0m   [0;1mSELECT * FROM "managers" WHERE ("managers"."id" = 1) [0m
  [4;35;1mPluginTestModels::Manager Load (0.1ms)[0m   [0mSELECT * FROM "managers" WHERE ("managers"."id" = 1) [0m
  [4;36;1mPluginTestModels::Manager Load (0.1ms)[0m   [0;1mSELECT * FROM "managers" WHERE ("managers"."id" = 1) [0m
  [4;35;1mPluginTestModels::User Load (0.1ms)[0m   [0mSELECT * FROM "users" WHERE ("users"."id" = 1) [0m
  [4;36;1mPluginTestModels::Manager Load (0.1ms)[0m   [0;1mSELECT * FROM "managers" WHERE ("managers"."id" = 1) [0m
  [4;35;1mPluginTestModels::Manager Load (0.1ms)[0m   [0mSELECT * FROM "managers" WHERE ("managers"."id" = 1) [0m
  [4;36;1mPluginTestModels::User Load (0.1ms)[0m   [0;1mSELECT * FROM "users" WHERE ("users"."id" = 1) [0m
  [4;35;1mPluginTestModels::Manager Load (0.1ms)[0m   [0mSELECT * FROM "managers" WHERE ("managers"."id" = 1) [0m
  [4;36;1mPluginTestModels::User Load (0.1ms)[0m   [0;1mSELECT * FROM "users" WHERE ("users"."id" = 1) [0m
  [4;35;1mPluginTestModels::Manager Load (0.1ms)[0m   [0mSELECT * FROM "managers" WHERE ("managers"."id" = 1) [0m
  [4;36;1mPluginTestModels::Manager Load (0.1ms)[0m   [0;1mSELECT * FROM "managers" WHERE ("managers"."id" = 1) [0m
WARNING: Can't mass-assign these protected attributes: id
  [4;35;1mPluginTestModels::Manager Load (0.1ms)[0m   [0mSELECT * FROM "managers" WHERE ("managers"."id" = 1) [0m
  [4;36;1mPluginTestModels::User Load (0.1ms)[0m   [0;1mSELECT * FROM "users" WHERE ("users"."id" = 1) [0m
  [4;35;1mPluginTestModels::Group Load (0.1ms)[0m   [0mSELECT * FROM "groups" WHERE ("groups"."id" = 1) [0m
  [4;36;1mPluginTestModels::Group Load (0.2ms)[0m   [0;1mSELECT * FROM "groups" INNER JOIN "groups_users" ON "groups".id = "groups_users".group_id WHERE ("groups_users".user_id = 1 ) [0m
  [4;35;1mPluginTestModels::User Load (0.1ms)[0m   [0mSELECT * FROM "users" WHERE ("users"."id" = 1) [0m
  [4;36;1mPluginTestModels::Group Load (0.1ms)[0m   [0;1mSELECT * FROM "groups" WHERE ("groups"."id" = 1) [0m
  [4;35;1mPluginTestModels::Group Load (0.2ms)[0m   [0mSELECT * FROM "groups" INNER JOIN "groups_users" ON "groups".id = "groups_users".group_id WHERE ("groups_users".user_id = 1 ) [0m
  [4;36;1mPluginTestModels::User Load (0.1ms)[0m   [0;1mSELECT * FROM "users" WHERE ("users"."id" = 1) [0m
  [4;35;1mPluginTestModels::Group Load (0.1ms)[0m   [0mSELECT * FROM "groups" WHERE ("groups"."id" = 1) [0m
  [4;36;1mPluginTestModels::Group Load (0.2ms)[0m   [0;1mSELECT * FROM "groups" INNER JOIN "groups_users" ON "groups".id = "groups_users".group_id WHERE ("groups_users".user_id = 1 ) [0m
  [4;35;1mPluginTestModels::User Load (0.1ms)[0m   [0mSELECT * FROM "users" WHERE ("users"."id" = 1) [0m
  [4;36;1mPluginTestModels::Group Load (0.1ms)[0m   [0;1mSELECT * FROM "groups" WHERE ("groups"."id" = 1) [0m
  [4;35;1mPluginTestModels::Group Load (0.2ms)[0m   [0mSELECT * FROM "groups" INNER JOIN "groups_users" ON "groups".id = "groups_users".group_id WHERE ("groups_users".user_id = 1 ) [0m
WARNING: Can't mass-assign these protected attributes: id
  [4;36;1mPluginTestModels::Group Load (0.1ms)[0m   [0;1mSELECT * FROM "groups" WHERE ("groups"."id" = 1) [0m
  [4;35;1mPluginTestModels::User Load (0.1ms)[0m   [0mSELECT * FROM "users" WHERE ("users"."id" = 1) [0m
  [4;36;1mPluginTestModels::Task Load (0.1ms)[0m   [0;1mSELECT * FROM "tasks" WHERE ("tasks"."id" = 1) [0m
  [4;35;1mPluginTestModels::Task Load (0.1ms)[0m   [0mSELECT * FROM "tasks" WHERE ("tasks".user_id = 1) [0m
  [4;36;1mPluginTestModels::User Load (0.1ms)[0m   [0;1mSELECT * FROM "users" WHERE ("users"."id" = 1) [0m
  [4;35;1mPluginTestModels::Task Load (0.1ms)[0m   [0mSELECT * FROM "tasks" WHERE ("tasks"."id" = 1) [0m
  [4;36;1mPluginTestModels::Task Load (0.1ms)[0m   [0;1mSELECT * FROM "tasks" WHERE ("tasks".user_id = 1) [0m
  [4;35;1mPluginTestModels::User Load (0.1ms)[0m   [0mSELECT * FROM "users" WHERE ("users"."id" = 1) [0m
  [4;36;1mPluginTestModels::Task Load (0.1ms)[0m   [0;1mSELECT * FROM "tasks" WHERE ("tasks"."id" = 1) [0m
  [4;35;1mPluginTestModels::Task Load (0.1ms)[0m   [0mSELECT * FROM "tasks" WHERE ("tasks".user_id = 1) [0m
  [4;36;1mPluginTestModels::User Load (0.1ms)[0m   [0;1mSELECT * FROM "users" WHERE ("users"."id" = 1) [0m
  [4;35;1mPluginTestModels::Task Load (0.1ms)[0m   [0mSELECT * FROM "tasks" WHERE ("tasks"."id" = 1) [0m
  [4;36;1mPluginTestModels::Task Load (0.1ms)[0m   [0;1mSELECT * FROM "tasks" WHERE ("tasks".user_id = 1) [0m
WARNING: Can't mass-assign these protected attributes: id
  [4;35;1mPluginTestModels::Task Load (0.1ms)[0m   [0mSELECT * FROM "tasks" WHERE ("tasks"."id" = 1) [0m
  [4;36;1mPluginTestModels::User Load (0.1ms)[0m   [0;1mSELECT * FROM "users" WHERE ("users"."id" = 1) [0m
  [4;35;1mPluginTestModels::Tag Load (0.1ms)[0m   [0mSELECT * FROM "tags" WHERE ("tags"."id" = 1) [0m
  [4;36;1mPluginTestModels::User Load (0.1ms)[0m   [0;1mSELECT * FROM "users" WHERE ("users"."id" = 1) [0m
  [4;35;1mPluginTestModels::Tag Load (0.1ms)[0m   [0mSELECT * FROM "tags" WHERE ("tags"."id" = 1) [0m
  [4;36;1mPluginTestModels::User Load (0.1ms)[0m   [0;1mSELECT * FROM "users" WHERE ("users"."id" = 1) [0m
  [4;35;1mPluginTestModels::Tag Load (0.1ms)[0m   [0mSELECT * FROM "tags" WHERE ("tags"."id" = 1) [0m
  [4;36;1mPluginTestModels::User Load (0.1ms)[0m   [0;1mSELECT * FROM "users" WHERE ("users"."id" = 1) [0m
  [4;35;1mPluginTestModels::Tag Load (0.1ms)[0m   [0mSELECT * FROM "tags" WHERE ("tags"."id" = 1) [0m
  [4;36;1mPluginTestModels::User Load (0.1ms)[0m   [0;1mSELECT * FROM "users" WHERE ("users"."id" = 1) [0m
  [4;35;1mPluginTestModels::Avatar Load (0.1ms)[0m   [0mSELECT * FROM "avatars" WHERE ("avatars"."id" = 1) [0m
  [4;36;1mPluginTestModels::Avatar Load (0.2ms)[0m   [0;1mSELECT * FROM "avatars" WHERE ("avatars".user_id = 1) LIMIT 1[0m
  [4;35;1mPluginTestModels::Avatar Load (0.1ms)[0m   [0mSELECT * FROM "avatars" WHERE ("avatars"."id" = 1) [0m
  [4;36;1mPluginTestModels::User Load (0.1ms)[0m   [0;1mSELECT * FROM "users" WHERE ("users"."id" = 1) [0m
  [4;35;1mPluginTestModels::Avatar Load (0.1ms)[0m   [0mSELECT * FROM "avatars" WHERE ("avatars"."id" = 1) [0m
  [4;36;1mPluginTestModels::Avatar Load (0.1ms)[0m   [0;1mSELECT * FROM "avatars" WHERE ("avatars".user_id = 1) LIMIT 1[0m
  [4;35;1mPluginTestModels::Avatar Update (0.1ms)[0m   [0mUPDATE "avatars" SET "user_id" = NULL WHERE "id" = 1[0m
  [4;36;1mPluginTestModels::Avatar Load (0.1ms)[0m   [0;1mSELECT * FROM "avatars" WHERE ("avatars"."id" = 1) [0m
  [4;35;1mPluginTestModels::User Load (0.2ms)[0m   [0mSELECT * FROM "users" WHERE ("users"."id" = 1) [0m
  [4;36;1mPluginTestModels::Avatar Load (0.1ms)[0m   [0;1mSELECT * FROM "avatars" WHERE ("avatars"."id" = 1) [0m
  [4;35;1mPluginTestModels::Avatar Load (0.1ms)[0m   [0mSELECT * FROM "avatars" WHERE ("avatars".user_id = 1) LIMIT 1[0m
WARNING: Can't mass-assign these protected attributes: id
  [4;36;1mPluginTestModels::Avatar Load (0.1ms)[0m   [0;1mSELECT * FROM "avatars" WHERE ("avatars"."id" = 1) [0m
  [4;36;1mSQL (0.3ms)[0m   [0;1mselect sqlite_version(*)[0m
  [4;35;1mSQL (0.2ms)[0m   [0m SELECT name
 FROM sqlite_master
 WHERE type = 'table' AND NOT name = 'sqlite_sequence'
[0m
  [4;36;1mSQL (0.4ms)[0m   [0;1mCREATE TABLE "users" ("id" INTEGER PRIMARY KEY AUTOINCREMENT NOT NULL, "manager_id" integer, "name" varchar(255)) [0m
  [4;35;1mSQL (0.2ms)[0m   [0m SELECT name
 FROM sqlite_master
 WHERE type = 'table' AND NOT name = 'sqlite_sequence'
[0m
  [4;36;1mSQL (0.2ms)[0m   [0;1mCREATE TABLE "avatars" ("id" INTEGER PRIMARY KEY AUTOINCREMENT NOT NULL, "user_id" integer, "name" varchar(255)) [0m
  [4;35;1mSQL (0.2ms)[0m   [0m SELECT name
 FROM sqlite_master
 WHERE type = 'table' AND NOT name = 'sqlite_sequence'
[0m
  [4;36;1mSQL (0.2ms)[0m   [0;1mCREATE TABLE "managers" ("id" INTEGER PRIMARY KEY AUTOINCREMENT NOT NULL, "name" varchar(255)) [0m
  [4;35;1mSQL (0.3ms)[0m   [0m SELECT name
 FROM sqlite_master
 WHERE type = 'table' AND NOT name = 'sqlite_sequence'
[0m
  [4;36;1mSQL (0.2ms)[0m   [0;1mCREATE TABLE "tasks" ("id" INTEGER PRIMARY KEY AUTOINCREMENT NOT NULL, "user_id" integer, "name" varchar(255)) [0m
  [4;35;1mSQL (0.4ms)[0m   [0m SELECT name
 FROM sqlite_master
 WHERE type = 'table' AND NOT name = 'sqlite_sequence'
[0m
  [4;36;1mSQL (0.2ms)[0m   [0;1mCREATE TABLE "tags" ("id" INTEGER PRIMARY KEY AUTOINCREMENT NOT NULL, "user_id" integer, "name" varchar(255)) [0m
  [4;35;1mSQL (0.4ms)[0m   [0m SELECT name
 FROM sqlite_master
 WHERE type = 'table' AND NOT name = 'sqlite_sequence'
[0m
  [4;36;1mSQL (0.2ms)[0m   [0;1mCREATE TABLE "groups" ("id" INTEGER PRIMARY KEY AUTOINCREMENT NOT NULL, "user_id" integer, "name" varchar(255)) [0m
  [4;35;1mSQL (0.5ms)[0m   [0m SELECT name
 FROM sqlite_master
 WHERE type = 'table' AND NOT name = 'sqlite_sequence'
[0m
  [4;36;1mSQL (0.2ms)[0m   [0;1mCREATE TABLE "groups_users" ("group_id" integer, "user_id" integer) [0m
  [4;35;1mSQL (0.5ms)[0m   [0m SELECT name
 FROM sqlite_master
 WHERE type = 'table' AND NOT name = 'sqlite_sequence'
[0m
  [4;36;1mSQL (0.2ms)[0m   [0;1mCREATE TABLE "schema_migrations" ("version" varchar(255) NOT NULL) [0m
  [4;35;1mSQL (0.2ms)[0m   [0mCREATE UNIQUE INDEX "unique_schema_migrations" ON "schema_migrations" ("version")[0m
  [4;36;1mSQL (0.6ms)[0m   [0;1m SELECT name
 FROM sqlite_master
 WHERE type = 'table' AND NOT name = 'sqlite_sequence'
[0m
  [4;35;1mSQL (0.1ms)[0m   [0mSELECT version FROM "schema_migrations"[0m
  [4;36;1mSQL (0.1ms)[0m   [0;1mINSERT INTO "schema_migrations" (version) VALUES ('1')[0m
Unable to load group, underlying cause no such file to load -- group.rb 

 /usr/lib/ruby/gems/1.8/gems/activesupport-2.2.2/lib/active_support/dependencies.rb:382:in `load_without_new_constant_marking'
/usr/lib/ruby/gems/1.8/gems/activesupport-2.2.2/lib/active_support/dependencies.rb:382:in `load_file'
/usr/lib/ruby/gems/1.8/gems/activesupport-2.2.2/lib/active_support/dependencies.rb:521:in `new_constants_in'
/usr/lib/ruby/gems/1.8/gems/activesupport-2.2.2/lib/active_support/dependencies.rb:381:in `load_file'
/usr/lib/ruby/gems/1.8/gems/activesupport-2.2.2/lib/active_support/dependencies.rb:256:in `require_or_load'
/usr/lib/ruby/gems/1.8/gems/activesupport-2.2.2/lib/active_support/dependencies.rb:221:in `depend_on'
/usr/lib/ruby/gems/1.8/gems/activesupport-2.2.2/lib/active_support/dependencies.rb:133:in `require_dependency'
/usr/lib/ruby/gems/1.8/gems/activerecord-2.2.2/lib/active_record/fixtures.rb:856:in `try_to_load_dependency'
/usr/lib/ruby/gems/1.8/gems/activerecord-2.2.2/lib/active_record/fixtures.rb:871:in `require_fixture_classes'
/usr/lib/ruby/gems/1.8/gems/activerecord-2.2.2/lib/active_record/fixtures.rb:868:in `each'
/usr/lib/ruby/gems/1.8/gems/activerecord-2.2.2/lib/active_record/fixtures.rb:868:in `require_fixture_classes'
/usr/lib/ruby/gems/1.8/gems/activerecord-2.2.2/lib/active_record/fixtures.rb:851:in `fixtures'
./test/unit/../test_helper.rb:35
test/unit/nested_assignment_test.rb:1:in `require'
test/unit/nested_assignment_test.rb:1
Unable to load manager, underlying cause no such file to load -- manager.rb 

 /usr/lib/ruby/gems/1.8/gems/activesupport-2.2.2/lib/active_support/dependencies.rb:382:in `load_without_new_constant_marking'
/usr/lib/ruby/gems/1.8/gems/activesupport-2.2.2/lib/active_support/dependencies.rb:382:in `load_file'
/usr/lib/ruby/gems/1.8/gems/activesupport-2.2.2/lib/active_support/dependencies.rb:521:in `new_constants_in'
/usr/lib/ruby/gems/1.8/gems/activesupport-2.2.2/lib/active_support/dependencies.rb:381:in `load_file'
/usr/lib/ruby/gems/1.8/gems/activesupport-2.2.2/lib/active_support/dependencies.rb:256:in `require_or_load'
/usr/lib/ruby/gems/1.8/gems/activesupport-2.2.2/lib/active_support/dependencies.rb:221:in `depend_on'
/usr/lib/ruby/gems/1.8/gems/activesupport-2.2.2/lib/active_support/dependencies.rb:133:in `require_dependency'
/usr/lib/ruby/gems/1.8/gems/activerecord-2.2.2/lib/active_record/fixtures.rb:856:in `try_to_load_dependency'
/usr/lib/ruby/gems/1.8/gems/activerecord-2.2.2/lib/active_record/fixtures.rb:871:in `require_fixture_classes'
/usr/lib/ruby/gems/1.8/gems/activerecord-2.2.2/lib/active_record/fixtures.rb:868:in `each'
/usr/lib/ruby/gems/1.8/gems/activerecord-2.2.2/lib/active_record/fixtures.rb:868:in `require_fixture_classes'
/usr/lib/ruby/gems/1.8/gems/activerecord-2.2.2/lib/active_record/fixtures.rb:851:in `fixtures'
./test/unit/../test_helper.rb:35
test/unit/nested_assignment_test.rb:1:in `require'
test/unit/nested_assignment_test.rb:1
Unable to load avatar, underlying cause no such file to load -- avatar.rb 

 /usr/lib/ruby/gems/1.8/gems/activesupport-2.2.2/lib/active_support/dependencies.rb:382:in `load_without_new_constant_marking'
/usr/lib/ruby/gems/1.8/gems/activesupport-2.2.2/lib/active_support/dependencies.rb:382:in `load_file'
/usr/lib/ruby/gems/1.8/gems/activesupport-2.2.2/lib/active_support/dependencies.rb:521:in `new_constants_in'
/usr/lib/ruby/gems/1.8/gems/activesupport-2.2.2/lib/active_support/dependencies.rb:381:in `load_file'
/usr/lib/ruby/gems/1.8/gems/activesupport-2.2.2/lib/active_support/dependencies.rb:256:in `require_or_load'
/usr/lib/ruby/gems/1.8/gems/activesupport-2.2.2/lib/active_support/dependencies.rb:221:in `depend_on'
/usr/lib/ruby/gems/1.8/gems/activesupport-2.2.2/lib/active_support/dependencies.rb:133:in `require_dependency'
/usr/lib/ruby/gems/1.8/gems/activerecord-2.2.2/lib/active_record/fixtures.rb:856:in `try_to_load_dependency'
/usr/lib/ruby/gems/1.8/gems/activerecord-2.2.2/lib/active_record/fixtures.rb:871:in `require_fixture_classes'
/usr/lib/ruby/gems/1.8/gems/activerecord-2.2.2/lib/active_record/fixtures.rb:868:in `each'
/usr/lib/ruby/gems/1.8/gems/activerecord-2.2.2/lib/active_record/fixtures.rb:868:in `require_fixture_classes'
/usr/lib/ruby/gems/1.8/gems/activerecord-2.2.2/lib/active_record/fixtures.rb:851:in `fixtures'
./test/unit/../test_helper.rb:35
test/unit/nested_assignment_test.rb:1:in `require'
test/unit/nested_assignment_test.rb:1
Unable to load tag, underlying cause no such file to load -- tag.rb 

 /usr/lib/ruby/gems/1.8/gems/activesupport-2.2.2/lib/active_support/dependencies.rb:382:in `load_without_new_constant_marking'
/usr/lib/ruby/gems/1.8/gems/activesupport-2.2.2/lib/active_support/dependencies.rb:382:in `load_file'
/usr/lib/ruby/gems/1.8/gems/activesupport-2.2.2/lib/active_support/dependencies.rb:521:in `new_constants_in'
/usr/lib/ruby/gems/1.8/gems/activesupport-2.2.2/lib/active_support/dependencies.rb:381:in `load_file'
/usr/lib/ruby/gems/1.8/gems/activesupport-2.2.2/lib/active_support/dependencies.rb:256:in `require_or_load'
/usr/lib/ruby/gems/1.8/gems/activesupport-2.2.2/lib/active_support/dependencies.rb:221:in `depend_on'
/usr/lib/ruby/gems/1.8/gems/activesupport-2.2.2/lib/active_support/dependencies.rb:133:in `require_dependency'
/usr/lib/ruby/gems/1.8/gems/activerecord-2.2.2/lib/active_record/fixtures.rb:856:in `try_to_load_dependency'
/usr/lib/ruby/gems/1.8/gems/activerecord-2.2.2/lib/active_record/fixtures.rb:871:in `require_fixture_classes'
/usr/lib/ruby/gems/1.8/gems/activerecord-2.2.2/lib/active_record/fixtures.rb:868:in `each'
/usr/lib/ruby/gems/1.8/gems/activerecord-2.2.2/lib/active_record/fixtures.rb:868:in `require_fixture_classes'
/usr/lib/ruby/gems/1.8/gems/activerecord-2.2.2/lib/active_record/fixtures.rb:851:in `fixtures'
./test/unit/../test_helper.rb:35
test/unit/nested_assignment_test.rb:1:in `require'
test/unit/nested_assignment_test.rb:1
Unable to load user, underlying cause no such file to load -- user.rb 

 /usr/lib/ruby/gems/1.8/gems/activesupport-2.2.2/lib/active_support/dependencies.rb:382:in `load_without_new_constant_marking'
/usr/lib/ruby/gems/1.8/gems/activesupport-2.2.2/lib/active_support/dependencies.rb:382:in `load_file'
/usr/lib/ruby/gems/1.8/gems/activesupport-2.2.2/lib/active_support/dependencies.rb:521:in `new_constants_in'
/usr/lib/ruby/gems/1.8/gems/activesupport-2.2.2/lib/active_support/dependencies.rb:381:in `load_file'
/usr/lib/ruby/gems/1.8/gems/activesupport-2.2.2/lib/active_support/dependencies.rb:256:in `require_or_load'
/usr/lib/ruby/gems/1.8/gems/activesupport-2.2.2/lib/active_support/dependencies.rb:221:in `depend_on'
/usr/lib/ruby/gems/1.8/gems/activesupport-2.2.2/lib/active_support/dependencies.rb:133:in `require_dependency'
/usr/lib/ruby/gems/1.8/gems/activerecord-2.2.2/lib/active_record/fixtures.rb:856:in `try_to_load_dependency'
/usr/lib/ruby/gems/1.8/gems/activerecord-2.2.2/lib/active_record/fixtures.rb:871:in `require_fixture_classes'
/usr/lib/ruby/gems/1.8/gems/activerecord-2.2.2/lib/active_record/fixtures.rb:868:in `each'
/usr/lib/ruby/gems/1.8/gems/activerecord-2.2.2/lib/active_record/fixtures.rb:868:in `require_fixture_classes'
/usr/lib/ruby/gems/1.8/gems/activerecord-2.2.2/lib/active_record/fixtures.rb:851:in `fixtures'
./test/unit/../test_helper.rb:35
test/unit/nested_assignment_test.rb:1:in `require'
test/unit/nested_assignment_test.rb:1
Unable to load task, underlying cause no such file to load -- task.rb 

 /usr/lib/ruby/gems/1.8/gems/activesupport-2.2.2/lib/active_support/dependencies.rb:382:in `load_without_new_constant_marking'
/usr/lib/ruby/gems/1.8/gems/activesupport-2.2.2/lib/active_support/dependencies.rb:382:in `load_file'
/usr/lib/ruby/gems/1.8/gems/activesupport-2.2.2/lib/active_support/dependencies.rb:521:in `new_constants_in'
/usr/lib/ruby/gems/1.8/gems/activesupport-2.2.2/lib/active_support/dependencies.rb:381:in `load_file'
/usr/lib/ruby/gems/1.8/gems/activesupport-2.2.2/lib/active_support/dependencies.rb:256:in `require_or_load'
/usr/lib/ruby/gems/1.8/gems/activesupport-2.2.2/lib/active_support/dependencies.rb:221:in `depend_on'
/usr/lib/ruby/gems/1.8/gems/activesupport-2.2.2/lib/active_support/dependencies.rb:133:in `require_dependency'
/usr/lib/ruby/gems/1.8/gems/activerecord-2.2.2/lib/active_record/fixtures.rb:856:in `try_to_load_dependency'
/usr/lib/ruby/gems/1.8/gems/activerecord-2.2.2/lib/active_record/fixtures.rb:871:in `require_fixture_classes'
/usr/lib/ruby/gems/1.8/gems/activerecord-2.2.2/lib/active_record/fixtures.rb:868:in `each'
/usr/lib/ruby/gems/1.8/gems/activerecord-2.2.2/lib/active_record/fixtures.rb:868:in `require_fixture_classes'
/usr/lib/ruby/gems/1.8/gems/activerecord-2.2.2/lib/active_record/fixtures.rb:851:in `fixtures'
./test/unit/../test_helper.rb:35
test/unit/nested_assignment_test.rb:1:in `require'
test/unit/nested_assignment_test.rb:1
Unable to load groups_user, underlying cause no such file to load -- groups_user.rb 

 /usr/lib/ruby/gems/1.8/gems/activesupport-2.2.2/lib/active_support/dependencies.rb:382:in `load_without_new_constant_marking'
/usr/lib/ruby/gems/1.8/gems/activesupport-2.2.2/lib/active_support/dependencies.rb:382:in `load_file'
/usr/lib/ruby/gems/1.8/gems/activesupport-2.2.2/lib/active_support/dependencies.rb:521:in `new_constants_in'
/usr/lib/ruby/gems/1.8/gems/activesupport-2.2.2/lib/active_support/dependencies.rb:381:in `load_file'
/usr/lib/ruby/gems/1.8/gems/activesupport-2.2.2/lib/active_support/dependencies.rb:256:in `require_or_load'
/usr/lib/ruby/gems/1.8/gems/activesupport-2.2.2/lib/active_support/dependencies.rb:221:in `depend_on'
/usr/lib/ruby/gems/1.8/gems/activesupport-2.2.2/lib/active_support/dependencies.rb:133:in `require_dependency'
/usr/lib/ruby/gems/1.8/gems/activerecord-2.2.2/lib/active_record/fixtures.rb:856:in `try_to_load_dependency'
/usr/lib/ruby/gems/1.8/gems/activerecord-2.2.2/lib/active_record/fixtures.rb:871:in `require_fixture_classes'
/usr/lib/ruby/gems/1.8/gems/activerecord-2.2.2/lib/active_record/fixtures.rb:868:in `each'
/usr/lib/ruby/gems/1.8/gems/activerecord-2.2.2/lib/active_record/fixtures.rb:868:in `require_fixture_classes'
/usr/lib/ruby/gems/1.8/gems/activerecord-2.2.2/lib/active_record/fixtures.rb:851:in `fixtures'
./test/unit/../test_helper.rb:35
test/unit/nested_assignment_test.rb:1:in `require'
test/unit/nested_assignment_test.rb:1
  [4;35;1mPluginTestModels::User Load (0.2ms)[0m   [0mSELECT * FROM "users" WHERE ("users"."id" = 1) [0m
  [4;36;1mPluginTestModels::Manager Load (0.2ms)[0m   [0;1mSELECT * FROM "managers" WHERE ("managers"."id" = 1) [0m
  [4;35;1mPluginTestModels::Manager Load (0.2ms)[0m   [0mSELECT * FROM "managers" WHERE ("managers"."id" = 1) [0m
  [4;36;1mPluginTestModels::Manager Load (0.2ms)[0m   [0;1mSELECT * FROM "managers" WHERE ("managers"."id" = 1) [0m
  [4;35;1mPluginTestModels::User Load (0.2ms)[0m   [0mSELECT * FROM "users" WHERE ("users"."id" = 1) [0m
  [4;36;1mPluginTestModels::Manager Load (0.2ms)[0m   [0;1mSELECT * FROM "managers" WHERE ("managers"."id" = 1) [0m
  [4;35;1mPluginTestModels::Manager Load (0.2ms)[0m   [0mSELECT * FROM "managers" WHERE ("managers"."id" = 1) [0m
  [4;36;1mPluginTestModels::User Load (0.2ms)[0m   [0;1mSELECT * FROM "users" WHERE ("users"."id" = 1) [0m
  [4;35;1mPluginTestModels::Manager Load (0.2ms)[0m   [0mSELECT * FROM "managers" WHERE ("managers"."id" = 1) [0m
  [4;36;1mPluginTestModels::User Load (0.2ms)[0m   [0;1mSELECT * FROM "users" WHERE ("users"."id" = 1) [0m
  [4;35;1mPluginTestModels::Manager Load (0.2ms)[0m   [0mSELECT * FROM "managers" WHERE ("managers"."id" = 1) [0m
  [4;36;1mPluginTestModels::Manager Load (0.2ms)[0m   [0;1mSELECT * FROM "managers" WHERE ("managers"."id" = 1) [0m
WARNING: Can't mass-assign these protected attributes: id
  [4;35;1mPluginTestModels::Manager Load (0.2ms)[0m   [0mSELECT * FROM "managers" WHERE ("managers"."id" = 1) [0m
  [4;36;1mPluginTestModels::User Load (0.2ms)[0m   [0;1mSELECT * FROM "users" WHERE ("users"."id" = 1) [0m
  [4;35;1mPluginTestModels::Group Load (0.2ms)[0m   [0mSELECT * FROM "groups" WHERE ("groups"."id" = 1) [0m
  [4;36;1mPluginTestModels::Group Load (0.3ms)[0m   [0;1mSELECT * FROM "groups" INNER JOIN "groups_users" ON "groups".id = "groups_users".group_id WHERE ("groups_users".user_id = 1 ) [0m
  [4;35;1mPluginTestModels::User Load (0.2ms)[0m   [0mSELECT * FROM "users" WHERE ("users"."id" = 1) [0m
  [4;36;1mPluginTestModels::Group Load (0.2ms)[0m   [0;1mSELECT * FROM "groups" WHERE ("groups"."id" = 1) [0m
  [4;35;1mPluginTestModels::Group Load (0.3ms)[0m   [0mSELECT * FROM "groups" INNER JOIN "groups_users" ON "groups".id = "groups_users".group_id WHERE ("groups_users".user_id = 1 ) [0m
  [4;36;1mPluginTestModels::User Load (0.2ms)[0m   [0;1mSELECT * FROM "users" WHERE ("users"."id" = 1) [0m
  [4;35;1mPluginTestModels::Group Load (0.2ms)[0m   [0mSELECT * FROM "groups" WHERE ("groups"."id" = 1) [0m
  [4;36;1mPluginTestModels::Group Load (0.3ms)[0m   [0;1mSELECT * FROM "groups" INNER JOIN "groups_users" ON "groups".id = "groups_users".group_id WHERE ("groups_users".user_id = 1 ) [0m
  [4;35;1mPluginTestModels::User Load (0.2ms)[0m   [0mSELECT * FROM "users" WHERE ("users"."id" = 1) [0m
  [4;36;1mPluginTestModels::Group Load (0.2ms)[0m   [0;1mSELECT * FROM "groups" WHERE ("groups"."id" = 1) [0m
  [4;35;1mPluginTestModels::Group Load (0.3ms)[0m   [0mSELECT * FROM "groups" INNER JOIN "groups_users" ON "groups".id = "groups_users".group_id WHERE ("groups_users".user_id = 1 ) [0m
WARNING: Can't mass-assign these protected attributes: id
  [4;36;1mPluginTestModels::Group Load (0.2ms)[0m   [0;1mSELECT * FROM "groups" WHERE ("groups"."id" = 1) [0m
  [4;35;1mPluginTestModels::User Load (0.2ms)[0m   [0mSELECT * FROM "users" WHERE ("users"."id" = 1) [0m
  [4;36;1mPluginTestModels::Task Load (0.3ms)[0m   [0;1mSELECT * FROM "tasks" WHERE ("tasks"."id" = 1) [0m
  [4;35;1mPluginTestModels::Task Load (0.2ms)[0m   [0mSELECT * FROM "tasks" WHERE ("tasks".user_id = 1) [0m
  [4;36;1mPluginTestModels::User Load (0.2ms)[0m   [0;1mSELECT * FROM "users" WHERE ("users"."id" = 1) [0m
  [4;35;1mPluginTestModels::Task Load (0.2ms)[0m   [0mSELECT * FROM "tasks" WHERE ("tasks"."id" = 1) [0m
  [4;36;1mPluginTestModels::Task Load (0.2ms)[0m   [0;1mSELECT * FROM "tasks" WHERE ("tasks".user_id = 1) [0m
  [4;35;1mPluginTestModels::User Load (0.2ms)[0m   [0mSELECT * FROM "users" WHERE ("users"."id" = 1) [0m
  [4;36;1mPluginTestModels::Task Load (0.2ms)[0m   [0;1mSELECT * FROM "tasks" WHERE ("tasks"."id" = 1) [0m
  [4;35;1mPluginTestModels::Task Load (0.2ms)[0m   [0mSELECT * FROM "tasks" WHERE ("tasks".user_id = 1) [0m
  [4;36;1mPluginTestModels::User Load (0.2ms)[0m   [0;1mSELECT * FROM "users" WHERE ("users"."id" = 1) [0m
  [4;35;1mPluginTestModels::Task Load (0.2ms)[0m   [0mSELECT * FROM "tasks" WHERE ("tasks"."id" = 1) [0m
  [4;36;1mPluginTestModels::Task Load (0.2ms)[0m   [0;1mSELECT * FROM "tasks" WHERE ("tasks".user_id = 1) [0m
WARNING: Can't mass-assign these protected attributes: id
  [4;35;1mPluginTestModels::Task Load (0.2ms)[0m   [0mSELECT * FROM "tasks" WHERE ("tasks"."id" = 1) [0m
  [4;36;1mPluginTestModels::User Load (0.2ms)[0m   [0;1mSELECT * FROM "users" WHERE ("users"."id" = 1) [0m
  [4;35;1mPluginTestModels::Tag Load (0.2ms)[0m   [0mSELECT * FROM "tags" WHERE ("tags"."id" = 1) [0m
  [4;36;1mPluginTestModels::Tag Load (0.0ms)[0m   [0;1mSQLite3::SQLException: no such column: tags.task_id: SELECT "tags".* FROM "tags" INNER JOIN tasks ON tags.task_id = tasks.id WHERE (("tasks".user_id = 1)) [0m
  [4;35;1mPluginTestModels::User Load (0.2ms)[0m   [0mSELECT * FROM "users" WHERE ("users"."id" = 1) [0m
  [4;36;1mPluginTestModels::Tag Load (0.2ms)[0m   [0;1mSELECT * FROM "tags" WHERE ("tags"."id" = 1) [0m
  [4;35;1mPluginTestModels::Tag Load (0.0ms)[0m   [0mSQLite3::SQLException: no such column: tags.task_id: SELECT "tags".* FROM "tags" INNER JOIN tasks ON tags.task_id = tasks.id WHERE (("tasks".user_id = 1)) [0m
  [4;36;1mPluginTestModels::User Load (0.2ms)[0m   [0;1mSELECT * FROM "users" WHERE ("users"."id" = 1) [0m
  [4;35;1mPluginTestModels::Tag Load (0.2ms)[0m   [0mSELECT * FROM "tags" WHERE ("tags"."id" = 1) [0m
  [4;36;1mPluginTestModels::Tag Load (0.0ms)[0m   [0;1mSQLite3::SQLException: no such column: tags.task_id: SELECT "tags".* FROM "tags" INNER JOIN tasks ON tags.task_id = tasks.id WHERE (("tasks".user_id = 1)) [0m
  [4;35;1mPluginTestModels::User Load (0.2ms)[0m   [0mSELECT * FROM "users" WHERE ("users"."id" = 1) [0m
  [4;36;1mPluginTestModels::Tag Load (0.2ms)[0m   [0;1mSELECT * FROM "tags" WHERE ("tags"."id" = 1) [0m
  [4;35;1mPluginTestModels::Tag Load (0.0ms)[0m   [0mSQLite3::SQLException: no such column: tags.task_id: SELECT "tags".* FROM "tags" INNER JOIN tasks ON tags.task_id = tasks.id WHERE (("tasks".user_id = 1)) [0m
  [4;36;1mPluginTestModels::User Load (0.2ms)[0m   [0;1mSELECT * FROM "users" WHERE ("users"."id" = 1) [0m
  [4;35;1mPluginTestModels::Avatar Load (0.2ms)[0m   [0mSELECT * FROM "avatars" WHERE ("avatars"."id" = 1) [0m
  [4;36;1mPluginTestModels::Avatar Load (0.2ms)[0m   [0;1mSELECT * FROM "avatars" WHERE ("avatars".user_id = 1) LIMIT 1[0m
  [4;35;1mPluginTestModels::Avatar Load (0.2ms)[0m   [0mSELECT * FROM "avatars" WHERE ("avatars"."id" = 1) [0m
  [4;36;1mPluginTestModels::User Load (0.2ms)[0m   [0;1mSELECT * FROM "users" WHERE ("users"."id" = 1) [0m
  [4;35;1mPluginTestModels::Avatar Load (0.2ms)[0m   [0mSELECT * FROM "avatars" WHERE ("avatars"."id" = 1) [0m
  [4;36;1mPluginTestModels::Avatar Load (0.2ms)[0m   [0;1mSELECT * FROM "avatars" WHERE ("avatars".user_id = 1) LIMIT 1[0m
  [4;35;1mPluginTestModels::Avatar Update (0.1ms)[0m   [0mUPDATE "avatars" SET "user_id" = NULL WHERE "id" = 1[0m
  [4;36;1mPluginTestModels::Avatar Load (0.2ms)[0m   [0;1mSELECT * FROM "avatars" WHERE ("avatars"."id" = 1) [0m
  [4;35;1mPluginTestModels::User Load (0.2ms)[0m   [0mSELECT * FROM "users" WHERE ("users"."id" = 1) [0m
  [4;36;1mPluginTestModels::Avatar Load (0.2ms)[0m   [0;1mSELECT * FROM "avatars" WHERE ("avatars"."id" = 1) [0m
  [4;35;1mPluginTestModels::Avatar Load (0.2ms)[0m   [0mSELECT * FROM "avatars" WHERE ("avatars".user_id = 1) LIMIT 1[0m
WARNING: Can't mass-assign these protected attributes: id
  [4;36;1mPluginTestModels::Avatar Load (0.2ms)[0m   [0;1mSELECT * FROM "avatars" WHERE ("avatars"."id" = 1) [0m
  [4;36;1mSQL (0.2ms)[0m   [0;1mselect sqlite_version(*)[0m
  [4;35;1mSQL (0.1ms)[0m   [0m SELECT name
 FROM sqlite_master
 WHERE type = 'table' AND NOT name = 'sqlite_sequence'
[0m
  [4;36;1mSQL (0.3ms)[0m   [0;1mCREATE TABLE "users" ("id" INTEGER PRIMARY KEY AUTOINCREMENT NOT NULL, "manager_id" integer, "name" varchar(255)) [0m
  [4;35;1mSQL (0.1ms)[0m   [0m SELECT name
 FROM sqlite_master
 WHERE type = 'table' AND NOT name = 'sqlite_sequence'
[0m
  [4;36;1mSQL (0.1ms)[0m   [0;1mCREATE TABLE "avatars" ("id" INTEGER PRIMARY KEY AUTOINCREMENT NOT NULL, "user_id" integer, "name" varchar(255)) [0m
  [4;35;1mSQL (0.2ms)[0m   [0m SELECT name
 FROM sqlite_master
 WHERE type = 'table' AND NOT name = 'sqlite_sequence'
[0m
  [4;36;1mSQL (0.1ms)[0m   [0;1mCREATE TABLE "managers" ("id" INTEGER PRIMARY KEY AUTOINCREMENT NOT NULL, "name" varchar(255)) [0m
  [4;35;1mSQL (0.2ms)[0m   [0m SELECT name
 FROM sqlite_master
 WHERE type = 'table' AND NOT name = 'sqlite_sequence'
[0m
  [4;36;1mSQL (0.1ms)[0m   [0;1mCREATE TABLE "tasks" ("id" INTEGER PRIMARY KEY AUTOINCREMENT NOT NULL, "user_id" integer, "name" varchar(255)) [0m
  [4;35;1mSQL (0.2ms)[0m   [0m SELECT name
 FROM sqlite_master
 WHERE type = 'table' AND NOT name = 'sqlite_sequence'
[0m
  [4;36;1mSQL (0.1ms)[0m   [0;1mCREATE TABLE "tags" ("id" INTEGER PRIMARY KEY AUTOINCREMENT NOT NULL, "user_id" integer, "name" varchar(255)) [0m
  [4;35;1mSQL (0.3ms)[0m   [0m SELECT name
 FROM sqlite_master
 WHERE type = 'table' AND NOT name = 'sqlite_sequence'
[0m
  [4;36;1mSQL (0.1ms)[0m   [0;1mCREATE TABLE "groups" ("id" INTEGER PRIMARY KEY AUTOINCREMENT NOT NULL, "user_id" integer, "name" varchar(255)) [0m
  [4;35;1mSQL (0.4ms)[0m   [0m SELECT name
 FROM sqlite_master
 WHERE type = 'table' AND NOT name = 'sqlite_sequence'
[0m
  [4;36;1mSQL (0.1ms)[0m   [0;1mCREATE TABLE "groups_users" ("group_id" integer, "user_id" integer) [0m
  [4;35;1mSQL (0.4ms)[0m   [0m SELECT name
 FROM sqlite_master
 WHERE type = 'table' AND NOT name = 'sqlite_sequence'
[0m
  [4;36;1mSQL (0.1ms)[0m   [0;1mCREATE TABLE "schema_migrations" ("version" varchar(255) NOT NULL) [0m
  [4;35;1mSQL (0.1ms)[0m   [0mCREATE UNIQUE INDEX "unique_schema_migrations" ON "schema_migrations" ("version")[0m
  [4;36;1mSQL (0.4ms)[0m   [0;1m SELECT name
 FROM sqlite_master
 WHERE type = 'table' AND NOT name = 'sqlite_sequence'
[0m
  [4;35;1mSQL (0.1ms)[0m   [0mSELECT version FROM "schema_migrations"[0m
  [4;36;1mSQL (0.1ms)[0m   [0;1mINSERT INTO "schema_migrations" (version) VALUES ('1')[0m
Unable to load group, underlying cause no such file to load -- group.rb 

 /usr/lib/ruby/gems/1.8/gems/activesupport-2.2.2/lib/active_support/dependencies.rb:382:in `load_without_new_constant_marking'
/usr/lib/ruby/gems/1.8/gems/activesupport-2.2.2/lib/active_support/dependencies.rb:382:in `load_file'
/usr/lib/ruby/gems/1.8/gems/activesupport-2.2.2/lib/active_support/dependencies.rb:521:in `new_constants_in'
/usr/lib/ruby/gems/1.8/gems/activesupport-2.2.2/lib/active_support/dependencies.rb:381:in `load_file'
/usr/lib/ruby/gems/1.8/gems/activesupport-2.2.2/lib/active_support/dependencies.rb:256:in `require_or_load'
/usr/lib/ruby/gems/1.8/gems/activesupport-2.2.2/lib/active_support/dependencies.rb:221:in `depend_on'
/usr/lib/ruby/gems/1.8/gems/activesupport-2.2.2/lib/active_support/dependencies.rb:133:in `require_dependency'
/usr/lib/ruby/gems/1.8/gems/activerecord-2.2.2/lib/active_record/fixtures.rb:856:in `try_to_load_dependency'
/usr/lib/ruby/gems/1.8/gems/activerecord-2.2.2/lib/active_record/fixtures.rb:871:in `require_fixture_classes'
/usr/lib/ruby/gems/1.8/gems/activerecord-2.2.2/lib/active_record/fixtures.rb:868:in `each'
/usr/lib/ruby/gems/1.8/gems/activerecord-2.2.2/lib/active_record/fixtures.rb:868:in `require_fixture_classes'
/usr/lib/ruby/gems/1.8/gems/activerecord-2.2.2/lib/active_record/fixtures.rb:851:in `fixtures'
./test/unit/../test_helper.rb:35
test/unit/nested_assignment_test.rb:1:in `require'
test/unit/nested_assignment_test.rb:1
Unable to load manager, underlying cause no such file to load -- manager.rb 

 /usr/lib/ruby/gems/1.8/gems/activesupport-2.2.2/lib/active_support/dependencies.rb:382:in `load_without_new_constant_marking'
/usr/lib/ruby/gems/1.8/gems/activesupport-2.2.2/lib/active_support/dependencies.rb:382:in `load_file'
/usr/lib/ruby/gems/1.8/gems/activesupport-2.2.2/lib/active_support/dependencies.rb:521:in `new_constants_in'
/usr/lib/ruby/gems/1.8/gems/activesupport-2.2.2/lib/active_support/dependencies.rb:381:in `load_file'
/usr/lib/ruby/gems/1.8/gems/activesupport-2.2.2/lib/active_support/dependencies.rb:256:in `require_or_load'
/usr/lib/ruby/gems/1.8/gems/activesupport-2.2.2/lib/active_support/dependencies.rb:221:in `depend_on'
/usr/lib/ruby/gems/1.8/gems/activesupport-2.2.2/lib/active_support/dependencies.rb:133:in `require_dependency'
/usr/lib/ruby/gems/1.8/gems/activerecord-2.2.2/lib/active_record/fixtures.rb:856:in `try_to_load_dependency'
/usr/lib/ruby/gems/1.8/gems/activerecord-2.2.2/lib/active_record/fixtures.rb:871:in `require_fixture_classes'
/usr/lib/ruby/gems/1.8/gems/activerecord-2.2.2/lib/active_record/fixtures.rb:868:in `each'
/usr/lib/ruby/gems/1.8/gems/activerecord-2.2.2/lib/active_record/fixtures.rb:868:in `require_fixture_classes'
/usr/lib/ruby/gems/1.8/gems/activerecord-2.2.2/lib/active_record/fixtures.rb:851:in `fixtures'
./test/unit/../test_helper.rb:35
test/unit/nested_assignment_test.rb:1:in `require'
test/unit/nested_assignment_test.rb:1
Unable to load avatar, underlying cause no such file to load -- avatar.rb 

 /usr/lib/ruby/gems/1.8/gems/activesupport-2.2.2/lib/active_support/dependencies.rb:382:in `load_without_new_constant_marking'
/usr/lib/ruby/gems/1.8/gems/activesupport-2.2.2/lib/active_support/dependencies.rb:382:in `load_file'
/usr/lib/ruby/gems/1.8/gems/activesupport-2.2.2/lib/active_support/dependencies.rb:521:in `new_constants_in'
/usr/lib/ruby/gems/1.8/gems/activesupport-2.2.2/lib/active_support/dependencies.rb:381:in `load_file'
/usr/lib/ruby/gems/1.8/gems/activesupport-2.2.2/lib/active_support/dependencies.rb:256:in `require_or_load'
/usr/lib/ruby/gems/1.8/gems/activesupport-2.2.2/lib/active_support/dependencies.rb:221:in `depend_on'
/usr/lib/ruby/gems/1.8/gems/activesupport-2.2.2/lib/active_support/dependencies.rb:133:in `require_dependency'
/usr/lib/ruby/gems/1.8/gems/activerecord-2.2.2/lib/active_record/fixtures.rb:856:in `try_to_load_dependency'
/usr/lib/ruby/gems/1.8/gems/activerecord-2.2.2/lib/active_record/fixtures.rb:871:in `require_fixture_classes'
/usr/lib/ruby/gems/1.8/gems/activerecord-2.2.2/lib/active_record/fixtures.rb:868:in `each'
/usr/lib/ruby/gems/1.8/gems/activerecord-2.2.2/lib/active_record/fixtures.rb:868:in `require_fixture_classes'
/usr/lib/ruby/gems/1.8/gems/activerecord-2.2.2/lib/active_record/fixtures.rb:851:in `fixtures'
./test/unit/../test_helper.rb:35
test/unit/nested_assignment_test.rb:1:in `require'
test/unit/nested_assignment_test.rb:1
Unable to load tag, underlying cause no such file to load -- tag.rb 

 /usr/lib/ruby/gems/1.8/gems/activesupport-2.2.2/lib/active_support/dependencies.rb:382:in `load_without_new_constant_marking'
/usr/lib/ruby/gems/1.8/gems/activesupport-2.2.2/lib/active_support/dependencies.rb:382:in `load_file'
/usr/lib/ruby/gems/1.8/gems/activesupport-2.2.2/lib/active_support/dependencies.rb:521:in `new_constants_in'
/usr/lib/ruby/gems/1.8/gems/activesupport-2.2.2/lib/active_support/dependencies.rb:381:in `load_file'
/usr/lib/ruby/gems/1.8/gems/activesupport-2.2.2/lib/active_support/dependencies.rb:256:in `require_or_load'
/usr/lib/ruby/gems/1.8/gems/activesupport-2.2.2/lib/active_support/dependencies.rb:221:in `depend_on'
/usr/lib/ruby/gems/1.8/gems/activesupport-2.2.2/lib/active_support/dependencies.rb:133:in `require_dependency'
/usr/lib/ruby/gems/1.8/gems/activerecord-2.2.2/lib/active_record/fixtures.rb:856:in `try_to_load_dependency'
/usr/lib/ruby/gems/1.8/gems/activerecord-2.2.2/lib/active_record/fixtures.rb:871:in `require_fixture_classes'
/usr/lib/ruby/gems/1.8/gems/activerecord-2.2.2/lib/active_record/fixtures.rb:868:in `each'
/usr/lib/ruby/gems/1.8/gems/activerecord-2.2.2/lib/active_record/fixtures.rb:868:in `require_fixture_classes'
/usr/lib/ruby/gems/1.8/gems/activerecord-2.2.2/lib/active_record/fixtures.rb:851:in `fixtures'
./test/unit/../test_helper.rb:35
test/unit/nested_assignment_test.rb:1:in `require'
test/unit/nested_assignment_test.rb:1
Unable to load user, underlying cause no such file to load -- user.rb 

 /usr/lib/ruby/gems/1.8/gems/activesupport-2.2.2/lib/active_support/dependencies.rb:382:in `load_without_new_constant_marking'
/usr/lib/ruby/gems/1.8/gems/activesupport-2.2.2/lib/active_support/dependencies.rb:382:in `load_file'
/usr/lib/ruby/gems/1.8/gems/activesupport-2.2.2/lib/active_support/dependencies.rb:521:in `new_constants_in'
/usr/lib/ruby/gems/1.8/gems/activesupport-2.2.2/lib/active_support/dependencies.rb:381:in `load_file'
/usr/lib/ruby/gems/1.8/gems/activesupport-2.2.2/lib/active_support/dependencies.rb:256:in `require_or_load'
/usr/lib/ruby/gems/1.8/gems/activesupport-2.2.2/lib/active_support/dependencies.rb:221:in `depend_on'
/usr/lib/ruby/gems/1.8/gems/activesupport-2.2.2/lib/active_support/dependencies.rb:133:in `require_dependency'
/usr/lib/ruby/gems/1.8/gems/activerecord-2.2.2/lib/active_record/fixtures.rb:856:in `try_to_load_dependency'
/usr/lib/ruby/gems/1.8/gems/activerecord-2.2.2/lib/active_record/fixtures.rb:871:in `require_fixture_classes'
/usr/lib/ruby/gems/1.8/gems/activerecord-2.2.2/lib/active_record/fixtures.rb:868:in `each'
/usr/lib/ruby/gems/1.8/gems/activerecord-2.2.2/lib/active_record/fixtures.rb:868:in `require_fixture_classes'
/usr/lib/ruby/gems/1.8/gems/activerecord-2.2.2/lib/active_record/fixtures.rb:851:in `fixtures'
./test/unit/../test_helper.rb:35
test/unit/nested_assignment_test.rb:1:in `require'
test/unit/nested_assignment_test.rb:1
Unable to load task, underlying cause no such file to load -- task.rb 

 /usr/lib/ruby/gems/1.8/gems/activesupport-2.2.2/lib/active_support/dependencies.rb:382:in `load_without_new_constant_marking'
/usr/lib/ruby/gems/1.8/gems/activesupport-2.2.2/lib/active_support/dependencies.rb:382:in `load_file'
/usr/lib/ruby/gems/1.8/gems/activesupport-2.2.2/lib/active_support/dependencies.rb:521:in `new_constants_in'
/usr/lib/ruby/gems/1.8/gems/activesupport-2.2.2/lib/active_support/dependencies.rb:381:in `load_file'
/usr/lib/ruby/gems/1.8/gems/activesupport-2.2.2/lib/active_support/dependencies.rb:256:in `require_or_load'
/usr/lib/ruby/gems/1.8/gems/activesupport-2.2.2/lib/active_support/dependencies.rb:221:in `depend_on'
/usr/lib/ruby/gems/1.8/gems/activesupport-2.2.2/lib/active_support/dependencies.rb:133:in `require_dependency'
/usr/lib/ruby/gems/1.8/gems/activerecord-2.2.2/lib/active_record/fixtures.rb:856:in `try_to_load_dependency'
/usr/lib/ruby/gems/1.8/gems/activerecord-2.2.2/lib/active_record/fixtures.rb:871:in `require_fixture_classes'
/usr/lib/ruby/gems/1.8/gems/activerecord-2.2.2/lib/active_record/fixtures.rb:868:in `each'
/usr/lib/ruby/gems/1.8/gems/activerecord-2.2.2/lib/active_record/fixtures.rb:868:in `require_fixture_classes'
/usr/lib/ruby/gems/1.8/gems/activerecord-2.2.2/lib/active_record/fixtures.rb:851:in `fixtures'
./test/unit/../test_helper.rb:35
test/unit/nested_assignment_test.rb:1:in `require'
test/unit/nested_assignment_test.rb:1
Unable to load groups_user, underlying cause no such file to load -- groups_user.rb 

 /usr/lib/ruby/gems/1.8/gems/activesupport-2.2.2/lib/active_support/dependencies.rb:382:in `load_without_new_constant_marking'
/usr/lib/ruby/gems/1.8/gems/activesupport-2.2.2/lib/active_support/dependencies.rb:382:in `load_file'
/usr/lib/ruby/gems/1.8/gems/activesupport-2.2.2/lib/active_support/dependencies.rb:521:in `new_constants_in'
/usr/lib/ruby/gems/1.8/gems/activesupport-2.2.2/lib/active_support/dependencies.rb:381:in `load_file'
/usr/lib/ruby/gems/1.8/gems/activesupport-2.2.2/lib/active_support/dependencies.rb:256:in `require_or_load'
/usr/lib/ruby/gems/1.8/gems/activesupport-2.2.2/lib/active_support/dependencies.rb:221:in `depend_on'
/usr/lib/ruby/gems/1.8/gems/activesupport-2.2.2/lib/active_support/dependencies.rb:133:in `require_dependency'
/usr/lib/ruby/gems/1.8/gems/activerecord-2.2.2/lib/active_record/fixtures.rb:856:in `try_to_load_dependency'
/usr/lib/ruby/gems/1.8/gems/activerecord-2.2.2/lib/active_record/fixtures.rb:871:in `require_fixture_classes'
/usr/lib/ruby/gems/1.8/gems/activerecord-2.2.2/lib/active_record/fixtures.rb:868:in `each'
/usr/lib/ruby/gems/1.8/gems/activerecord-2.2.2/lib/active_record/fixtures.rb:868:in `require_fixture_classes'
/usr/lib/ruby/gems/1.8/gems/activerecord-2.2.2/lib/active_record/fixtures.rb:851:in `fixtures'
./test/unit/../test_helper.rb:35
test/unit/nested_assignment_test.rb:1:in `require'
test/unit/nested_assignment_test.rb:1
  [4;36;1mSQL (0.3ms)[0m   [0;1mselect sqlite_version(*)[0m
  [4;35;1mSQL (0.2ms)[0m   [0m SELECT name
 FROM sqlite_master
 WHERE type = 'table' AND NOT name = 'sqlite_sequence'
[0m
  [4;36;1mSQL (0.4ms)[0m   [0;1mCREATE TABLE "users" ("id" INTEGER PRIMARY KEY AUTOINCREMENT NOT NULL, "manager_id" integer, "name" varchar(255)) [0m
  [4;35;1mSQL (0.2ms)[0m   [0m SELECT name
 FROM sqlite_master
 WHERE type = 'table' AND NOT name = 'sqlite_sequence'
[0m
  [4;36;1mSQL (0.2ms)[0m   [0;1mCREATE TABLE "avatars" ("id" INTEGER PRIMARY KEY AUTOINCREMENT NOT NULL, "user_id" integer, "name" varchar(255)) [0m
  [4;35;1mSQL (0.2ms)[0m   [0m SELECT name
 FROM sqlite_master
 WHERE type = 'table' AND NOT name = 'sqlite_sequence'
[0m
  [4;36;1mSQL (0.2ms)[0m   [0;1mCREATE TABLE "managers" ("id" INTEGER PRIMARY KEY AUTOINCREMENT NOT NULL, "name" varchar(255)) [0m
  [4;35;1mSQL (0.3ms)[0m   [0m SELECT name
 FROM sqlite_master
 WHERE type = 'table' AND NOT name = 'sqlite_sequence'
[0m
  [4;36;1mSQL (0.2ms)[0m   [0;1mCREATE TABLE "tasks" ("id" INTEGER PRIMARY KEY AUTOINCREMENT NOT NULL, "user_id" integer, "name" varchar(255)) [0m
  [4;35;1mSQL (0.4ms)[0m   [0m SELECT name
 FROM sqlite_master
 WHERE type = 'table' AND NOT name = 'sqlite_sequence'
[0m
  [4;36;1mSQL (0.2ms)[0m   [0;1mCREATE TABLE "tags" ("id" INTEGER PRIMARY KEY AUTOINCREMENT NOT NULL, "task_id" integer, "name" varchar(255)) [0m
  [4;35;1mSQL (0.4ms)[0m   [0m SELECT name
 FROM sqlite_master
 WHERE type = 'table' AND NOT name = 'sqlite_sequence'
[0m
  [4;36;1mSQL (0.2ms)[0m   [0;1mCREATE TABLE "groups" ("id" INTEGER PRIMARY KEY AUTOINCREMENT NOT NULL, "user_id" integer, "name" varchar(255)) [0m
  [4;35;1mSQL (0.5ms)[0m   [0m SELECT name
 FROM sqlite_master
 WHERE type = 'table' AND NOT name = 'sqlite_sequence'
[0m
  [4;36;1mSQL (0.2ms)[0m   [0;1mCREATE TABLE "groups_users" ("group_id" integer, "user_id" integer) [0m
  [4;35;1mSQL (0.5ms)[0m   [0m SELECT name
 FROM sqlite_master
 WHERE type = 'table' AND NOT name = 'sqlite_sequence'
[0m
  [4;36;1mSQL (0.2ms)[0m   [0;1mCREATE TABLE "schema_migrations" ("version" varchar(255) NOT NULL) [0m
  [4;35;1mSQL (0.2ms)[0m   [0mCREATE UNIQUE INDEX "unique_schema_migrations" ON "schema_migrations" ("version")[0m
  [4;36;1mSQL (0.6ms)[0m   [0;1m SELECT name
 FROM sqlite_master
 WHERE type = 'table' AND NOT name = 'sqlite_sequence'
[0m
  [4;35;1mSQL (0.1ms)[0m   [0mSELECT version FROM "schema_migrations"[0m
  [4;36;1mSQL (0.1ms)[0m   [0;1mINSERT INTO "schema_migrations" (version) VALUES ('1')[0m
Unable to load group, underlying cause no such file to load -- group.rb 

 /usr/lib/ruby/gems/1.8/gems/activesupport-2.2.2/lib/active_support/dependencies.rb:382:in `load_without_new_constant_marking'
/usr/lib/ruby/gems/1.8/gems/activesupport-2.2.2/lib/active_support/dependencies.rb:382:in `load_file'
/usr/lib/ruby/gems/1.8/gems/activesupport-2.2.2/lib/active_support/dependencies.rb:521:in `new_constants_in'
/usr/lib/ruby/gems/1.8/gems/activesupport-2.2.2/lib/active_support/dependencies.rb:381:in `load_file'
/usr/lib/ruby/gems/1.8/gems/activesupport-2.2.2/lib/active_support/dependencies.rb:256:in `require_or_load'
/usr/lib/ruby/gems/1.8/gems/activesupport-2.2.2/lib/active_support/dependencies.rb:221:in `depend_on'
/usr/lib/ruby/gems/1.8/gems/activesupport-2.2.2/lib/active_support/dependencies.rb:133:in `require_dependency'
/usr/lib/ruby/gems/1.8/gems/activerecord-2.2.2/lib/active_record/fixtures.rb:856:in `try_to_load_dependency'
/usr/lib/ruby/gems/1.8/gems/activerecord-2.2.2/lib/active_record/fixtures.rb:871:in `require_fixture_classes'
/usr/lib/ruby/gems/1.8/gems/activerecord-2.2.2/lib/active_record/fixtures.rb:868:in `each'
/usr/lib/ruby/gems/1.8/gems/activerecord-2.2.2/lib/active_record/fixtures.rb:868:in `require_fixture_classes'
/usr/lib/ruby/gems/1.8/gems/activerecord-2.2.2/lib/active_record/fixtures.rb:851:in `fixtures'
./test/unit/../test_helper.rb:35
test/unit/nested_assignment_test.rb:1:in `require'
test/unit/nested_assignment_test.rb:1
Unable to load manager, underlying cause no such file to load -- manager.rb 

 /usr/lib/ruby/gems/1.8/gems/activesupport-2.2.2/lib/active_support/dependencies.rb:382:in `load_without_new_constant_marking'
/usr/lib/ruby/gems/1.8/gems/activesupport-2.2.2/lib/active_support/dependencies.rb:382:in `load_file'
/usr/lib/ruby/gems/1.8/gems/activesupport-2.2.2/lib/active_support/dependencies.rb:521:in `new_constants_in'
/usr/lib/ruby/gems/1.8/gems/activesupport-2.2.2/lib/active_support/dependencies.rb:381:in `load_file'
/usr/lib/ruby/gems/1.8/gems/activesupport-2.2.2/lib/active_support/dependencies.rb:256:in `require_or_load'
/usr/lib/ruby/gems/1.8/gems/activesupport-2.2.2/lib/active_support/dependencies.rb:221:in `depend_on'
/usr/lib/ruby/gems/1.8/gems/activesupport-2.2.2/lib/active_support/dependencies.rb:133:in `require_dependency'
/usr/lib/ruby/gems/1.8/gems/activerecord-2.2.2/lib/active_record/fixtures.rb:856:in `try_to_load_dependency'
/usr/lib/ruby/gems/1.8/gems/activerecord-2.2.2/lib/active_record/fixtures.rb:871:in `require_fixture_classes'
/usr/lib/ruby/gems/1.8/gems/activerecord-2.2.2/lib/active_record/fixtures.rb:868:in `each'
/usr/lib/ruby/gems/1.8/gems/activerecord-2.2.2/lib/active_record/fixtures.rb:868:in `require_fixture_classes'
/usr/lib/ruby/gems/1.8/gems/activerecord-2.2.2/lib/active_record/fixtures.rb:851:in `fixtures'
./test/unit/../test_helper.rb:35
test/unit/nested_assignment_test.rb:1:in `require'
test/unit/nested_assignment_test.rb:1
Unable to load avatar, underlying cause no such file to load -- avatar.rb 

 /usr/lib/ruby/gems/1.8/gems/activesupport-2.2.2/lib/active_support/dependencies.rb:382:in `load_without_new_constant_marking'
/usr/lib/ruby/gems/1.8/gems/activesupport-2.2.2/lib/active_support/dependencies.rb:382:in `load_file'
/usr/lib/ruby/gems/1.8/gems/activesupport-2.2.2/lib/active_support/dependencies.rb:521:in `new_constants_in'
/usr/lib/ruby/gems/1.8/gems/activesupport-2.2.2/lib/active_support/dependencies.rb:381:in `load_file'
/usr/lib/ruby/gems/1.8/gems/activesupport-2.2.2/lib/active_support/dependencies.rb:256:in `require_or_load'
/usr/lib/ruby/gems/1.8/gems/activesupport-2.2.2/lib/active_support/dependencies.rb:221:in `depend_on'
/usr/lib/ruby/gems/1.8/gems/activesupport-2.2.2/lib/active_support/dependencies.rb:133:in `require_dependency'
/usr/lib/ruby/gems/1.8/gems/activerecord-2.2.2/lib/active_record/fixtures.rb:856:in `try_to_load_dependency'
/usr/lib/ruby/gems/1.8/gems/activerecord-2.2.2/lib/active_record/fixtures.rb:871:in `require_fixture_classes'
/usr/lib/ruby/gems/1.8/gems/activerecord-2.2.2/lib/active_record/fixtures.rb:868:in `each'
/usr/lib/ruby/gems/1.8/gems/activerecord-2.2.2/lib/active_record/fixtures.rb:868:in `require_fixture_classes'
/usr/lib/ruby/gems/1.8/gems/activerecord-2.2.2/lib/active_record/fixtures.rb:851:in `fixtures'
./test/unit/../test_helper.rb:35
test/unit/nested_assignment_test.rb:1:in `require'
test/unit/nested_assignment_test.rb:1
Unable to load tag, underlying cause no such file to load -- tag.rb 

 /usr/lib/ruby/gems/1.8/gems/activesupport-2.2.2/lib/active_support/dependencies.rb:382:in `load_without_new_constant_marking'
/usr/lib/ruby/gems/1.8/gems/activesupport-2.2.2/lib/active_support/dependencies.rb:382:in `load_file'
/usr/lib/ruby/gems/1.8/gems/activesupport-2.2.2/lib/active_support/dependencies.rb:521:in `new_constants_in'
/usr/lib/ruby/gems/1.8/gems/activesupport-2.2.2/lib/active_support/dependencies.rb:381:in `load_file'
/usr/lib/ruby/gems/1.8/gems/activesupport-2.2.2/lib/active_support/dependencies.rb:256:in `require_or_load'
/usr/lib/ruby/gems/1.8/gems/activesupport-2.2.2/lib/active_support/dependencies.rb:221:in `depend_on'
/usr/lib/ruby/gems/1.8/gems/activesupport-2.2.2/lib/active_support/dependencies.rb:133:in `require_dependency'
/usr/lib/ruby/gems/1.8/gems/activerecord-2.2.2/lib/active_record/fixtures.rb:856:in `try_to_load_dependency'
/usr/lib/ruby/gems/1.8/gems/activerecord-2.2.2/lib/active_record/fixtures.rb:871:in `require_fixture_classes'
/usr/lib/ruby/gems/1.8/gems/activerecord-2.2.2/lib/active_record/fixtures.rb:868:in `each'
/usr/lib/ruby/gems/1.8/gems/activerecord-2.2.2/lib/active_record/fixtures.rb:868:in `require_fixture_classes'
/usr/lib/ruby/gems/1.8/gems/activerecord-2.2.2/lib/active_record/fixtures.rb:851:in `fixtures'
./test/unit/../test_helper.rb:35
test/unit/nested_assignment_test.rb:1:in `require'
test/unit/nested_assignment_test.rb:1
Unable to load user, underlying cause no such file to load -- user.rb 

 /usr/lib/ruby/gems/1.8/gems/activesupport-2.2.2/lib/active_support/dependencies.rb:382:in `load_without_new_constant_marking'
/usr/lib/ruby/gems/1.8/gems/activesupport-2.2.2/lib/active_support/dependencies.rb:382:in `load_file'
/usr/lib/ruby/gems/1.8/gems/activesupport-2.2.2/lib/active_support/dependencies.rb:521:in `new_constants_in'
/usr/lib/ruby/gems/1.8/gems/activesupport-2.2.2/lib/active_support/dependencies.rb:381:in `load_file'
/usr/lib/ruby/gems/1.8/gems/activesupport-2.2.2/lib/active_support/dependencies.rb:256:in `require_or_load'
/usr/lib/ruby/gems/1.8/gems/activesupport-2.2.2/lib/active_support/dependencies.rb:221:in `depend_on'
/usr/lib/ruby/gems/1.8/gems/activesupport-2.2.2/lib/active_support/dependencies.rb:133:in `require_dependency'
/usr/lib/ruby/gems/1.8/gems/activerecord-2.2.2/lib/active_record/fixtures.rb:856:in `try_to_load_dependency'
/usr/lib/ruby/gems/1.8/gems/activerecord-2.2.2/lib/active_record/fixtures.rb:871:in `require_fixture_classes'
/usr/lib/ruby/gems/1.8/gems/activerecord-2.2.2/lib/active_record/fixtures.rb:868:in `each'
/usr/lib/ruby/gems/1.8/gems/activerecord-2.2.2/lib/active_record/fixtures.rb:868:in `require_fixture_classes'
/usr/lib/ruby/gems/1.8/gems/activerecord-2.2.2/lib/active_record/fixtures.rb:851:in `fixtures'
./test/unit/../test_helper.rb:35
test/unit/nested_assignment_test.rb:1:in `require'
test/unit/nested_assignment_test.rb:1
Unable to load task, underlying cause no such file to load -- task.rb 

 /usr/lib/ruby/gems/1.8/gems/activesupport-2.2.2/lib/active_support/dependencies.rb:382:in `load_without_new_constant_marking'
/usr/lib/ruby/gems/1.8/gems/activesupport-2.2.2/lib/active_support/dependencies.rb:382:in `load_file'
/usr/lib/ruby/gems/1.8/gems/activesupport-2.2.2/lib/active_support/dependencies.rb:521:in `new_constants_in'
/usr/lib/ruby/gems/1.8/gems/activesupport-2.2.2/lib/active_support/dependencies.rb:381:in `load_file'
/usr/lib/ruby/gems/1.8/gems/activesupport-2.2.2/lib/active_support/dependencies.rb:256:in `require_or_load'
/usr/lib/ruby/gems/1.8/gems/activesupport-2.2.2/lib/active_support/dependencies.rb:221:in `depend_on'
/usr/lib/ruby/gems/1.8/gems/activesupport-2.2.2/lib/active_support/dependencies.rb:133:in `require_dependency'
/usr/lib/ruby/gems/1.8/gems/activerecord-2.2.2/lib/active_record/fixtures.rb:856:in `try_to_load_dependency'
/usr/lib/ruby/gems/1.8/gems/activerecord-2.2.2/lib/active_record/fixtures.rb:871:in `require_fixture_classes'
/usr/lib/ruby/gems/1.8/gems/activerecord-2.2.2/lib/active_record/fixtures.rb:868:in `each'
/usr/lib/ruby/gems/1.8/gems/activerecord-2.2.2/lib/active_record/fixtures.rb:868:in `require_fixture_classes'
/usr/lib/ruby/gems/1.8/gems/activerecord-2.2.2/lib/active_record/fixtures.rb:851:in `fixtures'
./test/unit/../test_helper.rb:35
test/unit/nested_assignment_test.rb:1:in `require'
test/unit/nested_assignment_test.rb:1
Unable to load groups_user, underlying cause no such file to load -- groups_user.rb 

 /usr/lib/ruby/gems/1.8/gems/activesupport-2.2.2/lib/active_support/dependencies.rb:382:in `load_without_new_constant_marking'
/usr/lib/ruby/gems/1.8/gems/activesupport-2.2.2/lib/active_support/dependencies.rb:382:in `load_file'
/usr/lib/ruby/gems/1.8/gems/activesupport-2.2.2/lib/active_support/dependencies.rb:521:in `new_constants_in'
/usr/lib/ruby/gems/1.8/gems/activesupport-2.2.2/lib/active_support/dependencies.rb:381:in `load_file'
/usr/lib/ruby/gems/1.8/gems/activesupport-2.2.2/lib/active_support/dependencies.rb:256:in `require_or_load'
/usr/lib/ruby/gems/1.8/gems/activesupport-2.2.2/lib/active_support/dependencies.rb:221:in `depend_on'
/usr/lib/ruby/gems/1.8/gems/activesupport-2.2.2/lib/active_support/dependencies.rb:133:in `require_dependency'
/usr/lib/ruby/gems/1.8/gems/activerecord-2.2.2/lib/active_record/fixtures.rb:856:in `try_to_load_dependency'
/usr/lib/ruby/gems/1.8/gems/activerecord-2.2.2/lib/active_record/fixtures.rb:871:in `require_fixture_classes'
/usr/lib/ruby/gems/1.8/gems/activerecord-2.2.2/lib/active_record/fixtures.rb:868:in `each'
/usr/lib/ruby/gems/1.8/gems/activerecord-2.2.2/lib/active_record/fixtures.rb:868:in `require_fixture_classes'
/usr/lib/ruby/gems/1.8/gems/activerecord-2.2.2/lib/active_record/fixtures.rb:851:in `fixtures'
./test/unit/../test_helper.rb:35
test/unit/nested_assignment_test.rb:1:in `require'
test/unit/nested_assignment_test.rb:1
  [4;35;1mPluginTestModels::User Load (0.2ms)[0m   [0mSELECT * FROM "users" WHERE ("users"."id" = 1) [0m
  [4;36;1mPluginTestModels::Manager Load (0.2ms)[0m   [0;1mSELECT * FROM "managers" WHERE ("managers"."id" = 1) [0m
  [4;35;1mPluginTestModels::Manager Load (0.2ms)[0m   [0mSELECT * FROM "managers" WHERE ("managers"."id" = 1) [0m
  [4;36;1mPluginTestModels::Manager Load (0.2ms)[0m   [0;1mSELECT * FROM "managers" WHERE ("managers"."id" = 1) [0m
  [4;35;1mPluginTestModels::User Load (0.2ms)[0m   [0mSELECT * FROM "users" WHERE ("users"."id" = 1) [0m
  [4;36;1mPluginTestModels::Manager Load (0.2ms)[0m   [0;1mSELECT * FROM "managers" WHERE ("managers"."id" = 1) [0m
  [4;35;1mPluginTestModels::Manager Load (0.2ms)[0m   [0mSELECT * FROM "managers" WHERE ("managers"."id" = 1) [0m
  [4;36;1mPluginTestModels::User Load (0.2ms)[0m   [0;1mSELECT * FROM "users" WHERE ("users"."id" = 1) [0m
  [4;35;1mPluginTestModels::Manager Load (0.2ms)[0m   [0mSELECT * FROM "managers" WHERE ("managers"."id" = 1) [0m
  [4;36;1mPluginTestModels::User Load (0.2ms)[0m   [0;1mSELECT * FROM "users" WHERE ("users"."id" = 1) [0m
  [4;35;1mPluginTestModels::Manager Load (0.2ms)[0m   [0mSELECT * FROM "managers" WHERE ("managers"."id" = 1) [0m
  [4;36;1mPluginTestModels::Manager Load (0.2ms)[0m   [0;1mSELECT * FROM "managers" WHERE ("managers"."id" = 1) [0m
WARNING: Can't mass-assign these protected attributes: id
  [4;35;1mPluginTestModels::Manager Load (0.2ms)[0m   [0mSELECT * FROM "managers" WHERE ("managers"."id" = 1) [0m
  [4;36;1mPluginTestModels::User Load (0.2ms)[0m   [0;1mSELECT * FROM "users" WHERE ("users"."id" = 1) [0m
  [4;35;1mPluginTestModels::Group Load (0.2ms)[0m   [0mSELECT * FROM "groups" WHERE ("groups"."id" = 1) [0m
  [4;36;1mPluginTestModels::Group Load (0.3ms)[0m   [0;1mSELECT * FROM "groups" INNER JOIN "groups_users" ON "groups".id = "groups_users".group_id WHERE ("groups_users".user_id = 1 ) [0m
  [4;35;1mPluginTestModels::User Load (0.2ms)[0m   [0mSELECT * FROM "users" WHERE ("users"."id" = 1) [0m
  [4;36;1mPluginTestModels::Group Load (0.2ms)[0m   [0;1mSELECT * FROM "groups" WHERE ("groups"."id" = 1) [0m
  [4;35;1mPluginTestModels::Group Load (0.3ms)[0m   [0mSELECT * FROM "groups" INNER JOIN "groups_users" ON "groups".id = "groups_users".group_id WHERE ("groups_users".user_id = 1 ) [0m
  [4;36;1mPluginTestModels::User Load (0.2ms)[0m   [0;1mSELECT * FROM "users" WHERE ("users"."id" = 1) [0m
  [4;35;1mPluginTestModels::Group Load (0.2ms)[0m   [0mSELECT * FROM "groups" WHERE ("groups"."id" = 1) [0m
  [4;36;1mPluginTestModels::Group Load (0.3ms)[0m   [0;1mSELECT * FROM "groups" INNER JOIN "groups_users" ON "groups".id = "groups_users".group_id WHERE ("groups_users".user_id = 1 ) [0m
  [4;35;1mPluginTestModels::User Load (0.2ms)[0m   [0mSELECT * FROM "users" WHERE ("users"."id" = 1) [0m
  [4;36;1mPluginTestModels::Group Load (0.2ms)[0m   [0;1mSELECT * FROM "groups" WHERE ("groups"."id" = 1) [0m
  [4;35;1mPluginTestModels::Group Load (0.3ms)[0m   [0mSELECT * FROM "groups" INNER JOIN "groups_users" ON "groups".id = "groups_users".group_id WHERE ("groups_users".user_id = 1 ) [0m
WARNING: Can't mass-assign these protected attributes: id
  [4;36;1mPluginTestModels::Group Load (0.2ms)[0m   [0;1mSELECT * FROM "groups" WHERE ("groups"."id" = 1) [0m
  [4;35;1mPluginTestModels::User Load (0.2ms)[0m   [0mSELECT * FROM "users" WHERE ("users"."id" = 1) [0m
  [4;36;1mPluginTestModels::Task Load (0.2ms)[0m   [0;1mSELECT * FROM "tasks" WHERE ("tasks"."id" = 1) [0m
  [4;35;1mPluginTestModels::Task Load (0.2ms)[0m   [0mSELECT * FROM "tasks" WHERE ("tasks".user_id = 1) [0m
  [4;36;1mPluginTestModels::User Load (0.2ms)[0m   [0;1mSELECT * FROM "users" WHERE ("users"."id" = 1) [0m
  [4;35;1mPluginTestModels::Task Load (0.2ms)[0m   [0mSELECT * FROM "tasks" WHERE ("tasks"."id" = 1) [0m
  [4;36;1mPluginTestModels::Task Load (0.2ms)[0m   [0;1mSELECT * FROM "tasks" WHERE ("tasks".user_id = 1) [0m
  [4;35;1mPluginTestModels::User Load (0.2ms)[0m   [0mSELECT * FROM "users" WHERE ("users"."id" = 1) [0m
  [4;36;1mPluginTestModels::Task Load (0.2ms)[0m   [0;1mSELECT * FROM "tasks" WHERE ("tasks"."id" = 1) [0m
  [4;35;1mPluginTestModels::Task Load (0.2ms)[0m   [0mSELECT * FROM "tasks" WHERE ("tasks".user_id = 1) [0m
  [4;36;1mPluginTestModels::User Load (0.2ms)[0m   [0;1mSELECT * FROM "users" WHERE ("users"."id" = 1) [0m
  [4;35;1mPluginTestModels::Task Load (0.2ms)[0m   [0mSELECT * FROM "tasks" WHERE ("tasks"."id" = 1) [0m
  [4;36;1mPluginTestModels::Task Load (0.2ms)[0m   [0;1mSELECT * FROM "tasks" WHERE ("tasks".user_id = 1) [0m
WARNING: Can't mass-assign these protected attributes: id
  [4;35;1mPluginTestModels::Task Load (0.2ms)[0m   [0mSELECT * FROM "tasks" WHERE ("tasks"."id" = 1) [0m
  [4;36;1mPluginTestModels::User Load (0.2ms)[0m   [0;1mSELECT * FROM "users" WHERE ("users"."id" = 1) [0m
  [4;35;1mPluginTestModels::Tag Load (0.2ms)[0m   [0mSELECT * FROM "tags" WHERE ("tags"."id" = 1) [0m
  [4;36;1mPluginTestModels::Tag Load (0.2ms)[0m   [0;1mSELECT "tags".* FROM "tags" INNER JOIN tasks ON tags.task_id = tasks.id WHERE (("tasks".user_id = 1)) [0m
  [4;35;1mPluginTestModels::User Load (0.2ms)[0m   [0mSELECT * FROM "users" WHERE ("users"."id" = 1) [0m
  [4;36;1mPluginTestModels::Tag Load (0.2ms)[0m   [0;1mSELECT * FROM "tags" WHERE ("tags"."id" = 1) [0m
  [4;35;1mPluginTestModels::Tag Load (0.3ms)[0m   [0mSELECT "tags".* FROM "tags" INNER JOIN tasks ON tags.task_id = tasks.id WHERE (("tasks".user_id = 1)) [0m
  [4;36;1mPluginTestModels::User Load (0.2ms)[0m   [0;1mSELECT * FROM "users" WHERE ("users"."id" = 1) [0m
  [4;35;1mPluginTestModels::Tag Load (0.2ms)[0m   [0mSELECT * FROM "tags" WHERE ("tags"."id" = 1) [0m
  [4;36;1mPluginTestModels::Tag Load (0.2ms)[0m   [0;1mSELECT "tags".* FROM "tags" INNER JOIN tasks ON tags.task_id = tasks.id WHERE (("tasks".user_id = 1)) [0m
  [4;35;1mPluginTestModels::User Load (0.2ms)[0m   [0mSELECT * FROM "users" WHERE ("users"."id" = 1) [0m
  [4;36;1mPluginTestModels::Tag Load (0.2ms)[0m   [0;1mSELECT * FROM "tags" WHERE ("tags"."id" = 1) [0m
  [4;35;1mPluginTestModels::Tag Load (0.2ms)[0m   [0mSELECT "tags".* FROM "tags" INNER JOIN tasks ON tags.task_id = tasks.id WHERE (("tasks".user_id = 1)) [0m
WARNING: Can't mass-assign these protected attributes: id
  [4;36;1mPluginTestModels::Tag Load (0.2ms)[0m   [0;1mSELECT * FROM "tags" WHERE ("tags"."id" = 1) [0m
  [4;35;1mPluginTestModels::User Load (0.2ms)[0m   [0mSELECT * FROM "users" WHERE ("users"."id" = 1) [0m
  [4;36;1mPluginTestModels::Avatar Load (0.2ms)[0m   [0;1mSELECT * FROM "avatars" WHERE ("avatars"."id" = 1) [0m
  [4;35;1mPluginTestModels::Avatar Load (0.2ms)[0m   [0mSELECT * FROM "avatars" WHERE ("avatars".user_id = 1) LIMIT 1[0m
  [4;36;1mPluginTestModels::Avatar Load (0.2ms)[0m   [0;1mSELECT * FROM "avatars" WHERE ("avatars"."id" = 1) [0m
  [4;35;1mPluginTestModels::User Load (0.2ms)[0m   [0mSELECT * FROM "users" WHERE ("users"."id" = 1) [0m
  [4;36;1mPluginTestModels::Avatar Load (0.2ms)[0m   [0;1mSELECT * FROM "avatars" WHERE ("avatars"."id" = 1) [0m
  [4;35;1mPluginTestModels::Avatar Load (0.2ms)[0m   [0mSELECT * FROM "avatars" WHERE ("avatars".user_id = 1) LIMIT 1[0m
  [4;36;1mPluginTestModels::Avatar Update (0.1ms)[0m   [0;1mUPDATE "avatars" SET "user_id" = NULL WHERE "id" = 1[0m
  [4;35;1mPluginTestModels::Avatar Load (0.2ms)[0m   [0mSELECT * FROM "avatars" WHERE ("avatars"."id" = 1) [0m
  [4;36;1mPluginTestModels::User Load (0.2ms)[0m   [0;1mSELECT * FROM "users" WHERE ("users"."id" = 1) [0m
  [4;35;1mPluginTestModels::Avatar Load (0.2ms)[0m   [0mSELECT * FROM "avatars" WHERE ("avatars"."id" = 1) [0m
  [4;36;1mPluginTestModels::Avatar Load (0.2ms)[0m   [0;1mSELECT * FROM "avatars" WHERE ("avatars".user_id = 1) LIMIT 1[0m
WARNING: Can't mass-assign these protected attributes: id
  [4;35;1mPluginTestModels::Avatar Load (0.2ms)[0m   [0mSELECT * FROM "avatars" WHERE ("avatars"."id" = 1) [0m
